[2025-06-05T06:24:42.078+0000][0.002s][info][gc] Using G1
[2025-06-05T06:24:42.079+0000][0.004s][info][gc,init] Version: 17.0.14+7-Debian-1deb12u1 (release)
[2025-06-05T06:24:42.079+0000][0.004s][info][gc,init] CPUs: 10 total, 2 available
[2025-06-05T06:24:42.079+0000][0.004s][info][gc,init] Memory: 4096M
[2025-06-05T06:24:42.079+0000][0.004s][info][gc,init] Large Page Support: Disabled
[2025-06-05T06:24:42.079+0000][0.004s][info][gc,init] NUMA Support: Disabled
[2025-06-05T06:24:42.079+0000][0.004s][info][gc,init] Compressed Oops: Enabled (32-bit)
[2025-06-05T06:24:42.079+0000][0.004s][info][gc,init] Heap Region Size: 1M
[2025-06-05T06:24:42.079+0000][0.004s][info][gc,init] Heap Min Capacity: 8M
[2025-06-05T06:24:42.079+0000][0.004s][info][gc,init] Heap Initial Capacity: 64M
[2025-06-05T06:24:42.079+0000][0.004s][info][gc,init] Heap Max Capacity: 1G
[2025-06-05T06:24:42.079+0000][0.004s][info][gc,init] Pre-touch: Disabled
[2025-06-05T06:24:42.080+0000][0.004s][info][gc,init] Parallel Workers: 2
[2025-06-05T06:24:42.080+0000][0.004s][info][gc,init] Concurrent Workers: 1
[2025-06-05T06:24:42.080+0000][0.004s][info][gc,init] Concurrent Refinement Workers: 2
[2025-06-05T06:24:42.080+0000][0.004s][info][gc,init] Periodic GC: Disabled
[2025-06-05T06:24:42.084+0000][0.009s][info][gc,metaspace] CDS archive(s) mapped at: [0x000000f800000000-0x000000f800be0000-0x000000f800be0000), size 12451840, SharedBaseAddress: 0x000000f800000000, ArchiveRelocationMode: 1.
[2025-06-05T06:24:42.085+0000][0.009s][info][gc,metaspace] Compressed class space mapped at: 0x000000f801000000-0x000000f841000000, reserved size: 1073741824
[2025-06-05T06:24:42.085+0000][0.009s][info][gc,metaspace] Narrow klass base: 0x000000f800000000, Narrow klass shift: 0, Narrow klass range: 0x100000000
[2025-06-05T06:24:42.087+0000][0.012s][info][cds,heap    ] initialize_from_archived_subgraph java.lang.Module$ArchivedData 0x000000f8001823a8 (early)
[2025-06-05T06:24:42.088+0000][0.012s][info][cds,heap    ] initialize_from_archived_subgraph java.util.ImmutableCollections 0x000000f800070d08 (early)
[2025-06-05T06:24:42.089+0000][0.014s][info][cds,heap    ] initialize_from_archived_subgraph java.lang.Integer$IntegerCache 0x000000f800036060 (early)
[2025-06-05T06:24:42.091+0000][0.016s][info][cds,heap    ] initialize_from_archived_subgraph java.lang.module.Configuration 0x000000f800170328 (early)
[2025-06-05T06:24:42.092+0000][0.016s][info][cds,heap    ] initialize_from_archived_subgraph java.lang.ModuleLayer 0x000000f800144760 (early)
[2025-06-05T06:24:42.092+0000][0.017s][info][cds,heap    ] initialize_from_archived_subgraph jdk.internal.loader.ArchivedClassLoaders 0x000000f8001a6a10 (early)
[2025-06-05T06:24:42.092+0000][0.017s][info][cds,heap    ] initialize_from_archived_subgraph jdk.internal.module.ArchivedBootLayer 0x000000f800176f68 (early)
[2025-06-05T06:24:42.093+0000][0.017s][info][cds,heap    ] initialize_from_archived_subgraph sun.util.locale.BaseLocale 0x000000f80026d798
[2025-06-05T06:24:42.096+0000][0.021s][info][cds,heap    ] initialize_from_archived_subgraph java.util.jar.Attributes$Name 0x000000f800198488
[2025-06-05T06:24:42.109+0000][0.034s][info][cds,heap    ] initialize_from_archived_subgraph java.lang.Long$LongCache 0x000000f80001f998
[2025-06-05T06:24:42.147+0000][0.072s][info][cds,heap    ] initialize_from_archived_subgraph java.lang.Character$CharacterCache 0x000000f8000393e8
[2025-06-05T06:24:42.189+0000][0.113s][debug][safepoint   ] Safepoint synchronization initiated using futex wait barrier. (12 threads)
[2025-06-05T06:24:42.189+0000][0.114s][info ][safepoint   ] Safepoint "ICBufferFull", Time since last: 101827042 ns, Reaching safepoint: 167042 ns, Cleanup: 67583 ns, At safepoint: 2583 ns, Total: 237208 ns
[2025-06-05T06:24:42.219+0000][0.144s][debug][safepoint   ] Safepoint synchronization initiated using futex wait barrier. (12 threads)
[2025-06-05T06:24:42.219+0000][0.144s][info ][gc,start    ] GC(0) Pause Young (Normal) (G1 Evacuation Pause)
[2025-06-05T06:24:42.220+0000][0.144s][info ][gc,task     ] GC(0) Using 2 workers of 2 for evacuation
[2025-06-05T06:24:42.222+0000][0.147s][info ][gc,phases   ] GC(0)   Pre Evacuate Collection Set: 0.1ms
[2025-06-05T06:24:42.222+0000][0.147s][info ][gc,phases   ] GC(0)   Merge Heap Roots: 0.1ms
[2025-06-05T06:24:42.222+0000][0.147s][info ][gc,phases   ] GC(0)   Evacuate Collection Set: 2.2ms
[2025-06-05T06:24:42.222+0000][0.147s][info ][gc,phases   ] GC(0)   Post Evacuate Collection Set: 0.2ms
[2025-06-05T06:24:42.223+0000][0.147s][info ][gc,phases   ] GC(0)   Other: 0.4ms
[2025-06-05T06:24:42.223+0000][0.147s][info ][gc,heap     ] GC(0) Eden regions: 18->0(22)
[2025-06-05T06:24:42.223+0000][0.147s][info ][gc,heap     ] GC(0) Survivor regions: 0->3(3)
[2025-06-05T06:24:42.223+0000][0.147s][info ][gc,heap     ] GC(0) Old regions: 0->1
[2025-06-05T06:24:42.223+0000][0.147s][info ][gc,heap     ] GC(0) Archive regions: 2->2
[2025-06-05T06:24:42.223+0000][0.147s][info ][gc,heap     ] GC(0) Humongous regions: 0->0
[2025-06-05T06:24:42.223+0000][0.148s][info ][gc,metaspace] GC(0) Metaspace: 1945K(2176K)->1945K(2176K) NonClass: 1740K(1856K)->1740K(1856K) Class: 205K(320K)->205K(320K)
[2025-06-05T06:24:42.223+0000][0.148s][info ][gc          ] GC(0) Pause Young (Normal) (G1 Evacuation Pause) 18M->4M(66M) 3.539ms
[2025-06-05T06:24:42.223+0000][0.148s][info ][gc,cpu      ] GC(0) User=0.00s Sys=0.00s Real=0.01s
[2025-06-05T06:24:42.223+0000][0.148s][info ][safepoint   ] Safepoint "G1CollectForAllocation", Time since last: 30126792 ns, Reaching safepoint: 166000 ns, Cleanup: 20125 ns, At safepoint: 3667250 ns, Total: 3853375 ns
[2025-06-05T06:24:42.299+0000][0.223s][debug][safepoint   ] Safepoint synchronization initiated using futex wait barrier. (12 threads)
[2025-06-05T06:24:42.300+0000][0.224s][info ][gc,start    ] GC(1) Pause Young (Normal) (G1 Evacuation Pause)
[2025-06-05T06:24:42.300+0000][0.224s][info ][gc,task     ] GC(1) Using 2 workers of 2 for evacuation
[2025-06-05T06:24:42.303+0000][0.227s][info ][gc,phases   ] GC(1)   Pre Evacuate Collection Set: 0.1ms
[2025-06-05T06:24:42.303+0000][0.228s][info ][gc,phases   ] GC(1)   Merge Heap Roots: 0.0ms
[2025-06-05T06:24:42.303+0000][0.228s][info ][gc,phases   ] GC(1)   Evacuate Collection Set: 2.5ms
[2025-06-05T06:24:42.303+0000][0.228s][info ][gc,phases   ] GC(1)   Post Evacuate Collection Set: 0.3ms
[2025-06-05T06:24:42.303+0000][0.228s][info ][gc,phases   ] GC(1)   Other: 0.2ms
[2025-06-05T06:24:42.303+0000][0.228s][info ][gc,heap     ] GC(1) Eden regions: 22->0(33)
[2025-06-05T06:24:42.303+0000][0.228s][info ][gc,heap     ] GC(1) Survivor regions: 3->3(4)
[2025-06-05T06:24:42.303+0000][0.228s][info ][gc,heap     ] GC(1) Old regions: 1->4
[2025-06-05T06:24:42.303+0000][0.228s][info ][gc,heap     ] GC(1) Archive regions: 2->2
[2025-06-05T06:24:42.303+0000][0.228s][info ][gc,heap     ] GC(1) Humongous regions: 0->0
[2025-06-05T06:24:42.303+0000][0.228s][info ][gc,metaspace] GC(1) Metaspace: 2070K(2304K)->2070K(2304K) NonClass: 1864K(1984K)->1864K(1984K) Class: 205K(320K)->205K(320K)
[2025-06-05T06:24:42.303+0000][0.228s][info ][gc          ] GC(1) Pause Young (Normal) (G1 Evacuation Pause) 26M->7M(66M) 3.670ms
[2025-06-05T06:24:42.303+0000][0.228s][info ][gc,cpu      ] GC(1) User=0.01s Sys=0.00s Real=0.00s
[2025-06-05T06:24:42.303+0000][0.228s][info ][safepoint   ] Safepoint "G1CollectForAllocation", Time since last: 75666792 ns, Reaching safepoint: 942125 ns, Cleanup: 26083 ns, At safepoint: 3765625 ns, Total: 4733833 ns
[2025-06-05T06:24:42.426+0000][0.351s][debug][safepoint   ] Safepoint synchronization initiated using futex wait barrier. (12 threads)
[2025-06-05T06:24:42.427+0000][0.351s][info ][safepoint   ] Safepoint "ICBufferFull", Time since last: 123029125 ns, Reaching safepoint: 216167 ns, Cleanup: 75208 ns, At safepoint: 2583 ns, Total: 293958 ns
[2025-06-05T06:24:42.439+0000][0.364s][debug][safepoint   ] Safepoint synchronization initiated using futex wait barrier. (12 threads)
[2025-06-05T06:24:42.439+0000][0.364s][info ][gc,start    ] GC(2) Pause Young (Normal) (G1 Evacuation Pause)
[2025-06-05T06:24:42.439+0000][0.364s][info ][gc,task     ] GC(2) Using 2 workers of 2 for evacuation
[2025-06-05T06:24:42.442+0000][0.367s][info ][gc,phases   ] GC(2)   Pre Evacuate Collection Set: 0.1ms
[2025-06-05T06:24:42.442+0000][0.367s][info ][gc,phases   ] GC(2)   Merge Heap Roots: 0.1ms
[2025-06-05T06:24:42.442+0000][0.367s][info ][gc,phases   ] GC(2)   Evacuate Collection Set: 2.2ms
[2025-06-05T06:24:42.442+0000][0.367s][info ][gc,phases   ] GC(2)   Post Evacuate Collection Set: 0.5ms
[2025-06-05T06:24:42.442+0000][0.367s][info ][gc,phases   ] GC(2)   Other: 0.2ms
[2025-06-05T06:24:42.443+0000][0.367s][info ][gc,heap     ] GC(2) Eden regions: 33->0(31)
[2025-06-05T06:24:42.443+0000][0.367s][info ][gc,heap     ] GC(2) Survivor regions: 3->3(5)
[2025-06-05T06:24:42.443+0000][0.367s][info ][gc,heap     ] GC(2) Old regions: 4->7
[2025-06-05T06:24:42.443+0000][0.367s][info ][gc,heap     ] GC(2) Archive regions: 2->2
[2025-06-05T06:24:42.443+0000][0.367s][info ][gc,heap     ] GC(2) Humongous regions: 0->0
[2025-06-05T06:24:42.443+0000][0.367s][info ][gc,metaspace] GC(2) Metaspace: 3056K(3328K)->3056K(3328K) NonClass: 2759K(2880K)->2759K(2880K) Class: 297K(448K)->297K(448K)
[2025-06-05T06:24:42.443+0000][0.367s][info ][gc          ] GC(2) Pause Young (Normal) (G1 Evacuation Pause) 40M->10M(66M) 3.581ms
[2025-06-05T06:24:42.443+0000][0.368s][info ][gc,cpu      ] GC(2) User=0.01s Sys=0.00s Real=0.01s
[2025-06-05T06:24:42.443+0000][0.368s][info ][safepoint   ] Safepoint "G1CollectForAllocation", Time since last: 12265625 ns, Reaching safepoint: 158334 ns, Cleanup: 19000 ns, At safepoint: 3692666 ns, Total: 3870000 ns
[2025-06-05T06:24:42.554+0000][0.478s][debug][safepoint   ] Safepoint synchronization initiated using futex wait barrier. (12 threads)
[2025-06-05T06:24:42.555+0000][0.479s][info ][gc,start    ] GC(3) Pause Young (Normal) (G1 Evacuation Pause)
[2025-06-05T06:24:42.555+0000][0.479s][info ][gc,task     ] GC(3) Using 2 workers of 2 for evacuation
[2025-06-05T06:24:42.567+0000][0.492s][info ][gc,phases   ] GC(3)   Pre Evacuate Collection Set: 0.1ms
[2025-06-05T06:24:42.567+0000][0.492s][info ][gc,phases   ] GC(3)   Merge Heap Roots: 0.0ms
[2025-06-05T06:24:42.567+0000][0.492s][info ][gc,phases   ] GC(3)   Evacuate Collection Set: 1.3ms
[2025-06-05T06:24:42.567+0000][0.492s][info ][gc,phases   ] GC(3)   Post Evacuate Collection Set: 11.0ms
[2025-06-05T06:24:42.568+0000][0.492s][info ][gc,phases   ] GC(3)   Other: 0.2ms
[2025-06-05T06:24:42.568+0000][0.492s][info ][gc,heap     ] GC(3) Eden regions: 31->0(34)
[2025-06-05T06:24:42.568+0000][0.492s][info ][gc,heap     ] GC(3) Survivor regions: 3->3(5)
[2025-06-05T06:24:42.568+0000][0.492s][info ][gc,heap     ] GC(3) Old regions: 7->7
[2025-06-05T06:24:42.568+0000][0.492s][info ][gc,heap     ] GC(3) Archive regions: 2->2
[2025-06-05T06:24:42.568+0000][0.492s][info ][gc,heap     ] GC(3) Humongous regions: 0->0
[2025-06-05T06:24:42.568+0000][0.492s][info ][gc,metaspace] GC(3) Metaspace: 4653K(4864K)->4653K(4864K) NonClass: 4120K(4224K)->4120K(4224K) Class: 532K(640K)->532K(640K)
[2025-06-05T06:24:42.568+0000][0.493s][info ][gc          ] GC(3) Pause Young (Normal) (G1 Evacuation Pause) 41M->10M(66M) 13.108ms
[2025-06-05T06:24:42.568+0000][0.493s][info ][gc,cpu      ] GC(3) User=0.00s Sys=0.00s Real=0.01s
[2025-06-05T06:24:42.568+0000][0.493s][info ][safepoint   ] Safepoint "G1CollectForAllocation", Time since last: 110710792 ns, Reaching safepoint: 1061042 ns, Cleanup: 65083 ns, At safepoint: 13208584 ns, Total: 14334709 ns
[2025-06-05T06:24:42.650+0000][0.575s][debug][safepoint   ] Safepoint synchronization initiated using futex wait barrier. (13 threads)
[2025-06-05T06:24:42.650+0000][0.575s][info ][gc,start    ] GC(4) Pause Young (Normal) (G1 Evacuation Pause)
[2025-06-05T06:24:42.650+0000][0.575s][info ][gc,task     ] GC(4) Using 2 workers of 2 for evacuation
[2025-06-05T06:24:42.653+0000][0.578s][info ][gc,phases   ] GC(4)   Pre Evacuate Collection Set: 0.1ms
[2025-06-05T06:24:42.653+0000][0.578s][info ][gc,phases   ] GC(4)   Merge Heap Roots: 0.1ms
[2025-06-05T06:24:42.653+0000][0.578s][info ][gc,phases   ] GC(4)   Evacuate Collection Set: 2.1ms
[2025-06-05T06:24:42.654+0000][0.578s][info ][gc,phases   ] GC(4)   Post Evacuate Collection Set: 0.5ms
[2025-06-05T06:24:42.654+0000][0.578s][info ][gc,phases   ] GC(4)   Other: 0.1ms
[2025-06-05T06:24:42.654+0000][0.578s][info ][gc,heap     ] GC(4) Eden regions: 34->0(56)
[2025-06-05T06:24:42.654+0000][0.578s][info ][gc,heap     ] GC(4) Survivor regions: 3->1(5)
[2025-06-05T06:24:42.654+0000][0.578s][info ][gc,heap     ] GC(4) Old regions: 7->10
[2025-06-05T06:24:42.654+0000][0.579s][info ][gc,heap     ] GC(4) Archive regions: 2->2
[2025-06-05T06:24:42.654+0000][0.579s][info ][gc,heap     ] GC(4) Humongous regions: 0->0
[2025-06-05T06:24:42.654+0000][0.579s][info ][gc,metaspace] GC(4) Metaspace: 5868K(6144K)->5868K(6144K) NonClass: 5138K(5312K)->5138K(5312K) Class: 729K(832K)->729K(832K)
[2025-06-05T06:24:42.654+0000][0.579s][info ][gc          ] GC(4) Pause Young (Normal) (G1 Evacuation Pause) 44M->11M(95M) 3.465ms
[2025-06-05T06:24:42.654+0000][0.579s][info ][gc,cpu      ] GC(4) User=0.00s Sys=0.00s Real=0.00s
[2025-06-05T06:24:42.654+0000][0.579s][info ][safepoint   ] Safepoint "G1CollectForAllocation", Time since last: 82212208 ns, Reaching safepoint: 178792 ns, Cleanup: 147041 ns, At safepoint: 3569250 ns, Total: 3895083 ns
[2025-06-05T06:24:42.818+0000][0.743s][debug][safepoint   ] Safepoint synchronization initiated using futex wait barrier. (13 threads)
[2025-06-05T06:24:42.818+0000][0.743s][info ][safepoint   ] Safepoint "ICBufferFull", Time since last: 164184667 ns, Reaching safepoint: 187375 ns, Cleanup: 105250 ns, At safepoint: 1583 ns, Total: 294208 ns
[2025-06-05T06:24:42.923+0000][0.847s][debug][safepoint   ] Safepoint synchronization initiated using futex wait barrier. (13 threads)
[2025-06-05T06:24:42.923+0000][0.848s][info ][gc,start    ] GC(5) Pause Young (Normal) (G1 Evacuation Pause)
[2025-06-05T06:24:42.923+0000][0.848s][info ][gc,task     ] GC(5) Using 2 workers of 2 for evacuation
[2025-06-05T06:24:42.926+0000][0.850s][info ][gc,phases   ] GC(5)   Pre Evacuate Collection Set: 0.1ms
[2025-06-05T06:24:42.926+0000][0.850s][info ][gc,phases   ] GC(5)   Merge Heap Roots: 0.1ms
[2025-06-05T06:24:42.926+0000][0.850s][info ][gc,phases   ] GC(5)   Evacuate Collection Set: 2.0ms
[2025-06-05T06:24:42.926+0000][0.850s][info ][gc,phases   ] GC(5)   Post Evacuate Collection Set: 0.4ms
[2025-06-05T06:24:42.926+0000][0.850s][info ][gc,phases   ] GC(5)   Other: 0.2ms
[2025-06-05T06:24:42.926+0000][0.851s][info ][gc,heap     ] GC(5) Eden regions: 56->0(54)
[2025-06-05T06:24:42.926+0000][0.851s][info ][gc,heap     ] GC(5) Survivor regions: 1->3(8)
[2025-06-05T06:24:42.926+0000][0.851s][info ][gc,heap     ] GC(5) Old regions: 10->10
[2025-06-05T06:24:42.926+0000][0.851s][info ][gc,heap     ] GC(5) Archive regions: 2->2
[2025-06-05T06:24:42.926+0000][0.851s][info ][gc,heap     ] GC(5) Humongous regions: 0->0
[2025-06-05T06:24:42.926+0000][0.851s][info ][gc,metaspace] GC(5) Metaspace: 9115K(9408K)->9115K(9408K) NonClass: 7950K(8064K)->7950K(8064K) Class: 1165K(1344K)->1165K(1344K)
[2025-06-05T06:24:42.926+0000][0.851s][info ][gc          ] GC(5) Pause Young (Normal) (G1 Evacuation Pause) 67M->12M(95M) 3.214ms
[2025-06-05T06:24:42.926+0000][0.851s][info ][gc,cpu      ] GC(5) User=0.01s Sys=0.00s Real=0.00s
[2025-06-05T06:24:42.926+0000][0.851s][info ][safepoint   ] Safepoint "G1CollectForAllocation", Time since last: 104166417 ns, Reaching safepoint: 173125 ns, Cleanup: 49625 ns, At safepoint: 3314458 ns, Total: 3537208 ns
[2025-06-05T06:24:43.079+0000][1.004s][debug][safepoint   ] Safepoint synchronization initiated using futex wait barrier. (13 threads)
[2025-06-05T06:24:43.080+0000][1.004s][info ][gc,start    ] GC(6) Pause Young (Normal) (G1 Evacuation Pause)
[2025-06-05T06:24:43.080+0000][1.004s][info ][gc,task     ] GC(6) Using 2 workers of 2 for evacuation
[2025-06-05T06:24:43.083+0000][1.007s][info ][gc,phases   ] GC(6)   Pre Evacuate Collection Set: 0.1ms
[2025-06-05T06:24:43.083+0000][1.008s][info ][gc,phases   ] GC(6)   Merge Heap Roots: 0.1ms
[2025-06-05T06:24:43.083+0000][1.008s][info ][gc,phases   ] GC(6)   Evacuate Collection Set: 2.4ms
[2025-06-05T06:24:43.083+0000][1.008s][info ][gc,phases   ] GC(6)   Post Evacuate Collection Set: 0.4ms
[2025-06-05T06:24:43.083+0000][1.008s][info ][gc,phases   ] GC(6)   Other: 0.2ms
[2025-06-05T06:24:43.083+0000][1.008s][info ][gc,heap     ] GC(6) Eden regions: 54->0(53)
[2025-06-05T06:24:43.083+0000][1.008s][info ][gc,heap     ] GC(6) Survivor regions: 3->4(8)
[2025-06-05T06:24:43.083+0000][1.008s][info ][gc,heap     ] GC(6) Old regions: 10->10
[2025-06-05T06:24:43.083+0000][1.008s][info ][gc,heap     ] GC(6) Archive regions: 2->2
[2025-06-05T06:24:43.083+0000][1.008s][info ][gc,heap     ] GC(6) Humongous regions: 0->0
[2025-06-05T06:24:43.083+0000][1.008s][info ][gc,metaspace] GC(6) Metaspace: 10938K(11264K)->10938K(11264K) NonClass: 9505K(9664K)->9505K(9664K) Class: 1433K(1600K)->1433K(1600K)
[2025-06-05T06:24:43.083+0000][1.008s][info ][gc          ] GC(6) Pause Young (Normal) (G1 Evacuation Pause) 66M->13M(95M) 3.646ms
[2025-06-05T06:24:43.083+0000][1.008s][info ][gc,cpu      ] GC(6) User=0.01s Sys=0.00s Real=0.00s
[2025-06-05T06:24:43.083+0000][1.008s][info ][safepoint   ] Safepoint "G1CollectForAllocation", Time since last: 153248792 ns, Reaching safepoint: 182333 ns, Cleanup: 51625 ns, At safepoint: 3755875 ns, Total: 3989833 ns
[2025-06-05T06:24:43.146+0000][1.071s][debug][safepoint   ] Safepoint synchronization initiated using futex wait barrier. (13 threads)
[2025-06-05T06:24:43.146+0000][1.071s][info ][safepoint   ] Safepoint "ICBufferFull", Time since last: 62652500 ns, Reaching safepoint: 178834 ns, Cleanup: 61875 ns, At safepoint: 5958 ns, Total: 246667 ns
[2025-06-05T06:24:43.202+0000][1.126s][debug][safepoint   ] Safepoint synchronization initiated using futex wait barrier. (13 threads)
[2025-06-05T06:24:43.202+0000][1.127s][info ][safepoint   ] Safepoint "ICBufferFull", Time since last: 55401042 ns, Reaching safepoint: 165958 ns, Cleanup: 93292 ns, At safepoint: 5375 ns, Total: 264625 ns
[2025-06-05T06:24:43.231+0000][1.156s][debug][safepoint   ] Safepoint synchronization initiated using futex wait barrier. (12 threads)
[2025-06-05T06:24:43.231+0000][1.156s][info ][safepoint   ] Safepoint "ICBufferFull", Time since last: 28913708 ns, Reaching safepoint: 302709 ns, Cleanup: 85333 ns, At safepoint: 9250 ns, Total: 397292 ns
[2025-06-05T06:24:43.231+0000][1.156s][debug][safepoint   ] Safepoint synchronization initiated using futex wait barrier. (12 threads)
[2025-06-05T06:24:43.233+0000][1.157s][info ][safepoint   ] Safepoint "ICBufferFull", Time since last: 116708 ns, Reaching safepoint: 1215792 ns, Cleanup: 14958 ns, At safepoint: 8042 ns, Total: 1238792 ns
[2025-06-05T06:24:43.280+0000][1.205s][debug][safepoint   ] Safepoint synchronization initiated using futex wait barrier. (13 threads)
[2025-06-05T06:24:43.280+0000][1.205s][info ][gc,start    ] GC(7) Pause Young (Normal) (G1 Evacuation Pause)
[2025-06-05T06:24:43.280+0000][1.205s][info ][gc,task     ] GC(7) Using 2 workers of 2 for evacuation
[2025-06-05T06:24:43.285+0000][1.209s][info ][gc,phases   ] GC(7)   Pre Evacuate Collection Set: 0.1ms
[2025-06-05T06:24:43.285+0000][1.210s][info ][gc,phases   ] GC(7)   Merge Heap Roots: 0.1ms
[2025-06-05T06:24:43.285+0000][1.210s][info ][gc,phases   ] GC(7)   Evacuate Collection Set: 3.6ms
[2025-06-05T06:24:43.285+0000][1.210s][info ][gc,phases   ] GC(7)   Post Evacuate Collection Set: 0.4ms
[2025-06-05T06:24:43.285+0000][1.210s][info ][gc,phases   ] GC(7)   Other: 0.2ms
[2025-06-05T06:24:43.285+0000][1.210s][info ][gc,heap     ] GC(7) Eden regions: 53->0(51)
[2025-06-05T06:24:43.285+0000][1.210s][info ][gc,heap     ] GC(7) Survivor regions: 4->6(8)
[2025-06-05T06:24:43.285+0000][1.210s][info ][gc,heap     ] GC(7) Old regions: 10->10
[2025-06-05T06:24:43.285+0000][1.210s][info ][gc,heap     ] GC(7) Archive regions: 2->2
[2025-06-05T06:24:43.285+0000][1.210s][info ][gc,heap     ] GC(7) Humongous regions: 0->0
[2025-06-05T06:24:43.285+0000][1.210s][info ][gc,metaspace] GC(7) Metaspace: 12592K(12928K)->12592K(12928K) NonClass: 10959K(11136K)->10959K(11136K) Class: 1632K(1792K)->1632K(1792K)
[2025-06-05T06:24:43.285+0000][1.210s][info ][gc          ] GC(7) Pause Young (Normal) (G1 Evacuation Pause) 66M->15M(95M) 4.920ms
[2025-06-05T06:24:43.285+0000][1.210s][info ][gc,cpu      ] GC(7) User=0.01s Sys=0.00s Real=0.00s
[2025-06-05T06:24:43.285+0000][1.210s][info ][safepoint   ] Safepoint "G1CollectForAllocation", Time since last: 47462417 ns, Reaching safepoint: 187375 ns, Cleanup: 94500 ns, At safepoint: 5048250 ns, Total: 5330125 ns
[2025-06-05T06:24:43.496+0000][1.421s][debug][safepoint   ] Safepoint synchronization initiated using futex wait barrier. (13 threads)
[2025-06-05T06:24:43.497+0000][1.422s][info ][gc,start    ] GC(8) Pause Young (Normal) (G1 Evacuation Pause)
[2025-06-05T06:24:43.497+0000][1.422s][info ][gc,task     ] GC(8) Using 2 workers of 2 for evacuation
[2025-06-05T06:24:43.502+0000][1.426s][info ][gc,phases   ] GC(8)   Pre Evacuate Collection Set: 0.1ms
[2025-06-05T06:24:43.502+0000][1.427s][info ][gc,phases   ] GC(8)   Merge Heap Roots: 0.0ms
[2025-06-05T06:24:43.502+0000][1.427s][info ][gc,phases   ] GC(8)   Evacuate Collection Set: 3.8ms
[2025-06-05T06:24:43.502+0000][1.427s][info ][gc,phases   ] GC(8)   Post Evacuate Collection Set: 0.4ms
[2025-06-05T06:24:43.502+0000][1.427s][info ][gc,phases   ] GC(8)   Other: 0.2ms
[2025-06-05T06:24:43.502+0000][1.427s][info ][gc,heap     ] GC(8) Eden regions: 51->0(53)
[2025-06-05T06:24:43.502+0000][1.427s][info ][gc,heap     ] GC(8) Survivor regions: 6->4(8)
[2025-06-05T06:24:43.502+0000][1.427s][info ][gc,heap     ] GC(8) Old regions: 10->12
[2025-06-05T06:24:43.502+0000][1.427s][info ][gc,heap     ] GC(8) Archive regions: 2->2
[2025-06-05T06:24:43.502+0000][1.427s][info ][gc,heap     ] GC(8) Humongous regions: 0->0
[2025-06-05T06:24:43.502+0000][1.427s][info ][gc,metaspace] GC(8) Metaspace: 14512K(14848K)->14512K(14848K) NonClass: 12627K(12800K)->12627K(12800K) Class: 1885K(2048K)->1885K(2048K)
[2025-06-05T06:24:43.502+0000][1.427s][info ][gc          ] GC(8) Pause Young (Normal) (G1 Evacuation Pause) 66M->16M(95M) 5.158ms
[2025-06-05T06:24:43.502+0000][1.427s][info ][gc,cpu      ] GC(8) User=0.01s Sys=0.00s Real=0.01s
[2025-06-05T06:24:43.502+0000][1.427s][info ][safepoint   ] Safepoint "G1CollectForAllocation", Time since last: 210477375 ns, Reaching safepoint: 1169125 ns, Cleanup: 50875 ns, At safepoint: 5302375 ns, Total: 6522375 ns
[2025-06-05T06:24:43.601+0000][1.526s][info ][cds,heap    ] initialize_from_archived_subgraph java.lang.Byte$ByteCache 0x000000f8000395f8
[2025-06-05T06:24:43.603+0000][1.528s][info ][cds,heap    ] initialize_from_archived_subgraph java.lang.Short$ShortCache 0x000000f80003fce8
[2025-06-05T06:24:43.608+0000][1.533s][debug][safepoint   ] Safepoint synchronization initiated using futex wait barrier. (13 threads)
[2025-06-05T06:24:43.608+0000][1.533s][info ][gc,start    ] GC(9) Pause Young (Normal) (G1 Evacuation Pause)
[2025-06-05T06:24:43.608+0000][1.533s][info ][gc,task     ] GC(9) Using 2 workers of 2 for evacuation
[2025-06-05T06:24:43.612+0000][1.537s][info ][gc,phases   ] GC(9)   Pre Evacuate Collection Set: 0.1ms
[2025-06-05T06:24:43.612+0000][1.537s][info ][gc,phases   ] GC(9)   Merge Heap Roots: 0.1ms
[2025-06-05T06:24:43.612+0000][1.537s][info ][gc,phases   ] GC(9)   Evacuate Collection Set: 2.8ms
[2025-06-05T06:24:43.612+0000][1.537s][info ][gc,phases   ] GC(9)   Post Evacuate Collection Set: 0.5ms
[2025-06-05T06:24:43.612+0000][1.537s][info ][gc,phases   ] GC(9)   Other: 0.2ms
[2025-06-05T06:24:43.612+0000][1.537s][info ][gc,heap     ] GC(9) Eden regions: 53->0(64)
[2025-06-05T06:24:43.612+0000][1.537s][info ][gc,heap     ] GC(9) Survivor regions: 4->4(8)
[2025-06-05T06:24:43.612+0000][1.537s][info ][gc,heap     ] GC(9) Old regions: 12->12
[2025-06-05T06:24:43.612+0000][1.537s][info ][gc,heap     ] GC(9) Archive regions: 2->2
[2025-06-05T06:24:43.612+0000][1.537s][info ][gc,heap     ] GC(9) Humongous regions: 0->0
[2025-06-05T06:24:43.612+0000][1.537s][info ][gc,metaspace] GC(9) Metaspace: 15895K(16192K)->15895K(16192K) NonClass: 13741K(13888K)->13741K(13888K) Class: 2154K(2304K)->2154K(2304K)
[2025-06-05T06:24:43.612+0000][1.537s][info ][gc          ] GC(9) Pause Young (Normal) (G1 Evacuation Pause) 69M->16M(114M) 4.134ms
[2025-06-05T06:24:43.612+0000][1.537s][info ][gc,cpu      ] GC(9) User=0.01s Sys=0.01s Real=0.01s
[2025-06-05T06:24:43.612+0000][1.537s][info ][safepoint   ] Safepoint "G1CollectForAllocation", Time since last: 105448250 ns, Reaching safepoint: 366083 ns, Cleanup: 39333 ns, At safepoint: 4229417 ns, Total: 4634833 ns
[2025-06-05T06:24:43.793+0000][1.718s][debug][safepoint   ] Safepoint synchronization initiated using futex wait barrier. (13 threads)
[2025-06-05T06:24:43.795+0000][1.720s][info ][gc,start    ] GC(10) Pause Young (Normal) (G1 Evacuation Pause)
[2025-06-05T06:24:43.795+0000][1.720s][info ][gc,task     ] GC(10) Using 2 workers of 2 for evacuation
[2025-06-05T06:24:43.799+0000][1.724s][info ][gc,phases   ] GC(10)   Pre Evacuate Collection Set: 0.1ms
[2025-06-05T06:24:43.799+0000][1.724s][info ][gc,phases   ] GC(10)   Merge Heap Roots: 0.1ms
[2025-06-05T06:24:43.799+0000][1.724s][info ][gc,phases   ] GC(10)   Evacuate Collection Set: 3.4ms
[2025-06-05T06:24:43.799+0000][1.724s][info ][gc,phases   ] GC(10)   Post Evacuate Collection Set: 0.4ms
[2025-06-05T06:24:43.799+0000][1.724s][info ][gc,phases   ] GC(10)   Other: 0.2ms
[2025-06-05T06:24:43.799+0000][1.724s][info ][gc,heap     ] GC(10) Eden regions: 64->0(63)
[2025-06-05T06:24:43.799+0000][1.724s][info ][gc,heap     ] GC(10) Survivor regions: 4->5(9)
[2025-06-05T06:24:43.799+0000][1.724s][info ][gc,heap     ] GC(10) Old regions: 12->12
[2025-06-05T06:24:43.799+0000][1.724s][info ][gc,heap     ] GC(10) Archive regions: 2->2
[2025-06-05T06:24:43.799+0000][1.724s][info ][gc,heap     ] GC(10) Humongous regions: 0->0
[2025-06-05T06:24:43.799+0000][1.724s][info ][gc,metaspace] GC(10) Metaspace: 18896K(19200K)->18896K(19200K) NonClass: 16398K(16576K)->16398K(16576K) Class: 2498K(2624K)->2498K(2624K)
[2025-06-05T06:24:43.800+0000][1.724s][info ][gc          ] GC(10) Pause Young (Normal) (G1 Evacuation Pause) 80M->17M(114M) 4.740ms
[2025-06-05T06:24:43.800+0000][1.724s][info ][gc,cpu      ] GC(10) User=0.01s Sys=0.00s Real=0.01s
[2025-06-05T06:24:43.800+0000][1.724s][info ][safepoint   ] Safepoint "G1CollectForAllocation", Time since last: 180776042 ns, Reaching safepoint: 1387000 ns, Cleanup: 93416 ns, At safepoint: 4839292 ns, Total: 6319708 ns
[2025-06-05T06:24:43.920+0000][1.845s][debug][safepoint   ] Safepoint synchronization initiated using futex wait barrier. (13 threads)
[2025-06-05T06:24:43.922+0000][1.846s][info ][safepoint   ] Safepoint "ICBufferFull", Time since last: 120787042 ns, Reaching safepoint: 1238292 ns, Cleanup: 71666 ns, At safepoint: 9750 ns, Total: 1319708 ns
[2025-06-05T06:24:43.971+0000][1.896s][debug][safepoint   ] Safepoint synchronization initiated using futex wait barrier. (13 threads)
[2025-06-05T06:24:43.972+0000][1.897s][info ][gc,start    ] GC(11) Pause Young (Concurrent Start) (Metadata GC Threshold)
[2025-06-05T06:24:43.973+0000][1.897s][info ][gc,task     ] GC(11) Using 2 workers of 2 for evacuation
[2025-06-05T06:24:43.979+0000][1.903s][info ][gc,phases   ] GC(11)   Pre Evacuate Collection Set: 0.1ms
[2025-06-05T06:24:43.979+0000][1.903s][info ][gc,phases   ] GC(11)   Merge Heap Roots: 0.1ms
[2025-06-05T06:24:43.979+0000][1.903s][info ][gc,phases   ] GC(11)   Evacuate Collection Set: 5.2ms
[2025-06-05T06:24:43.979+0000][1.904s][info ][gc,phases   ] GC(11)   Post Evacuate Collection Set: 0.5ms
[2025-06-05T06:24:43.979+0000][1.904s][info ][gc,phases   ] GC(11)   Other: 0.2ms
[2025-06-05T06:24:43.979+0000][1.904s][info ][gc,heap     ] GC(11) Eden regions: 52->0(61)
[2025-06-05T06:24:43.979+0000][1.904s][info ][gc,heap     ] GC(11) Survivor regions: 5->7(9)
[2025-06-05T06:24:43.979+0000][1.904s][info ][gc,heap     ] GC(11) Old regions: 12->12
[2025-06-05T06:24:43.979+0000][1.904s][info ][gc,heap     ] GC(11) Archive regions: 2->2
[2025-06-05T06:24:43.979+0000][1.904s][info ][gc,heap     ] GC(11) Humongous regions: 0->0
[2025-06-05T06:24:43.979+0000][1.904s][info ][gc,metaspace] GC(11) Metaspace: 21174K(21504K)->21174K(21504K) NonClass: 18424K(18560K)->18424K(18560K) Class: 2749K(2944K)->2749K(2944K)
[2025-06-05T06:24:43.979+0000][1.904s][info ][gc          ] GC(11) Pause Young (Concurrent Start) (Metadata GC Threshold) 68M->19M(114M) 6.736ms
[2025-06-05T06:24:43.979+0000][1.904s][info ][gc,cpu      ] GC(11) User=0.02s Sys=0.00s Real=0.00s
[2025-06-05T06:24:43.979+0000][1.904s][info ][gc          ] GC(12) Concurrent Mark Cycle
[2025-06-05T06:24:43.980+0000][1.904s][info ][gc,marking  ] GC(12) Concurrent Clear Claimed Marks
[2025-06-05T06:24:43.979+0000][1.904s][info ][safepoint   ] Safepoint "CollectForMetadataAllocation", Time since last: 49741084 ns, Reaching safepoint: 996958 ns, Cleanup: 4083 ns, At safepoint: 6894375 ns, Total: 7895416 ns
[2025-06-05T06:24:43.980+0000][1.904s][info ][gc,marking  ] GC(12) Concurrent Clear Claimed Marks 0.105ms
[2025-06-05T06:24:43.980+0000][1.905s][info ][gc,marking  ] GC(12) Concurrent Scan Root Regions
[2025-06-05T06:24:43.984+0000][1.909s][info ][gc,marking  ] GC(12) Concurrent Scan Root Regions 3.383ms
[2025-06-05T06:24:43.985+0000][1.910s][info ][gc,marking  ] GC(12) Concurrent Mark
[2025-06-05T06:24:43.985+0000][1.910s][info ][gc,marking  ] GC(12) Concurrent Mark From Roots
[2025-06-05T06:24:43.986+0000][1.911s][info ][gc,task     ] GC(12) Using 1 workers of 1 for marking
[2025-06-05T06:24:43.990+0000][1.915s][debug][safepoint   ] Safepoint synchronization initiated using futex wait barrier. (13 threads)
[2025-06-05T06:24:43.990+0000][1.915s][info ][safepoint   ] Safepoint "CollectForMetadataAllocation", Time since last: 10529417 ns, Reaching safepoint: 167917 ns, Cleanup: 8583 ns, At safepoint: 27375 ns, Total: 203875 ns
[2025-06-05T06:24:43.995+0000][1.920s][info ][gc,marking  ] GC(12) Concurrent Mark From Roots 9.465ms
[2025-06-05T06:24:43.995+0000][1.920s][info ][gc,marking  ] GC(12) Concurrent Preclean
[2025-06-05T06:24:43.995+0000][1.920s][info ][gc,marking  ] GC(12) Concurrent Preclean 0.214ms
[2025-06-05T06:24:43.995+0000][1.920s][debug][safepoint   ] Safepoint synchronization initiated using futex wait barrier. (13 threads)
[2025-06-05T06:24:43.997+0000][1.921s][info ][gc,start    ] GC(12) Pause Remark
[2025-06-05T06:24:43.999+0000][1.923s][info ][gc          ] GC(12) Pause Remark 28M->28M(100M) 2.054ms
[2025-06-05T06:24:43.999+0000][1.924s][info ][gc,cpu      ] GC(12) User=0.00s Sys=0.00s Real=0.00s
[2025-06-05T06:24:43.999+0000][1.924s][info ][safepoint   ] Safepoint "G1PauseRemark", Time since last: 5350375 ns, Reaching safepoint: 1221167 ns, Cleanup: 21333 ns, At safepoint: 2219250 ns, Total: 3461750 ns
[2025-06-05T06:24:43.999+0000][1.924s][info ][gc,marking  ] GC(12) Concurrent Mark 13.933ms
[2025-06-05T06:24:43.999+0000][1.924s][info ][gc,marking  ] GC(12) Concurrent Rebuild Remembered Sets
[2025-06-05T06:24:44.004+0000][1.929s][info ][gc,marking  ] GC(12) Concurrent Rebuild Remembered Sets 5.253ms
[2025-06-05T06:24:44.004+0000][1.929s][debug][safepoint   ] Safepoint synchronization initiated using futex wait barrier. (13 threads)
[2025-06-05T06:24:44.005+0000][1.929s][debug][safepoint   ] ... found polling page loop exception at pc = 0x0000ffff7100b124, stub =0x0000ffff7097ef00
[2025-06-05T06:24:44.006+0000][1.930s][info ][gc,start    ] GC(12) Pause Cleanup
[2025-06-05T06:24:44.006+0000][1.930s][info ][gc          ] GC(12) Pause Cleanup 33M->33M(100M) 0.120ms
[2025-06-05T06:24:44.006+0000][1.931s][info ][gc,cpu      ] GC(12) User=0.00s Sys=0.00s Real=0.00s
[2025-06-05T06:24:44.006+0000][1.931s][info ][safepoint   ] Safepoint "G1PauseCleanup", Time since last: 5592208 ns, Reaching safepoint: 1132542 ns, Cleanup: 2958 ns, At safepoint: 237292 ns, Total: 1372792 ns
[2025-06-05T06:24:44.006+0000][1.931s][info ][gc,marking  ] GC(12) Concurrent Cleanup for Next Mark
[2025-06-05T06:24:44.006+0000][1.931s][info ][gc,marking  ] GC(12) Concurrent Cleanup for Next Mark 0.394ms
[2025-06-05T06:24:44.006+0000][1.931s][info ][gc          ] GC(12) Concurrent Mark Cycle 27.063ms
[2025-06-05T06:24:44.101+0000][2.026s][debug][safepoint   ] Safepoint synchronization initiated using futex wait barrier. (13 threads)
[2025-06-05T06:24:44.102+0000][2.026s][info ][safepoint   ] Safepoint "ICBufferFull", Time since last: 95464708 ns, Reaching safepoint: 248375 ns, Cleanup: 85334 ns, At safepoint: 12666 ns, Total: 346375 ns
[2025-06-05T06:24:44.114+0000][2.039s][debug][safepoint   ] Safepoint synchronization initiated using futex wait barrier. (13 threads)
[2025-06-05T06:24:44.114+0000][2.039s][info ][gc,start    ] GC(13) Pause Young (Prepare Mixed) (G1 Evacuation Pause)
[2025-06-05T06:24:44.115+0000][2.039s][info ][gc,task     ] GC(13) Using 2 workers of 2 for evacuation
[2025-06-05T06:24:44.121+0000][2.046s][info ][gc,phases   ] GC(13)   Pre Evacuate Collection Set: 0.1ms
[2025-06-05T06:24:44.121+0000][2.046s][info ][gc,phases   ] GC(13)   Merge Heap Roots: 0.1ms
[2025-06-05T06:24:44.121+0000][2.046s][info ][gc,phases   ] GC(13)   Evacuate Collection Set: 5.6ms
[2025-06-05T06:24:44.121+0000][2.046s][info ][gc,phases   ] GC(13)   Post Evacuate Collection Set: 0.5ms
[2025-06-05T06:24:44.121+0000][2.046s][info ][gc,phases   ] GC(13)   Other: 0.2ms
[2025-06-05T06:24:44.121+0000][2.046s][info ][gc,heap     ] GC(13) Eden regions: 61->0(1)
[2025-06-05T06:24:44.121+0000][2.046s][info ][gc,heap     ] GC(13) Survivor regions: 7->7(9)
[2025-06-05T06:24:44.121+0000][2.046s][info ][gc,heap     ] GC(13) Old regions: 12->15
[2025-06-05T06:24:44.121+0000][2.046s][info ][gc,heap     ] GC(13) Archive regions: 2->2
[2025-06-05T06:24:44.121+0000][2.046s][info ][gc,heap     ] GC(13) Humongous regions: 0->0
[2025-06-05T06:24:44.121+0000][2.046s][info ][gc,metaspace] GC(13) Metaspace: 23365K(23744K)->23365K(23744K) NonClass: 20311K(20480K)->20311K(20480K) Class: 3054K(3264K)->3054K(3264K)
[2025-06-05T06:24:44.122+0000][2.046s][info ][gc          ] GC(13) Pause Young (Prepare Mixed) (G1 Evacuation Pause) 80M->22M(100M) 7.018ms
[2025-06-05T06:24:44.122+0000][2.046s][info ][gc,cpu      ] GC(13) User=0.01s Sys=0.00s Real=0.01s
[2025-06-05T06:24:44.122+0000][2.046s][info ][safepoint   ] Safepoint "G1CollectForAllocation", Time since last: 12417292 ns, Reaching safepoint: 374708 ns, Cleanup: 16959 ns, At safepoint: 7157000 ns, Total: 7548667 ns
[2025-06-05T06:24:44.124+0000][2.049s][debug][safepoint   ] Safepoint synchronization initiated using futex wait barrier. (13 threads)
[2025-06-05T06:24:44.125+0000][2.049s][info ][gc,start    ] GC(14) Pause Young (Mixed) (G1 Evacuation Pause)
[2025-06-05T06:24:44.125+0000][2.049s][info ][gc,task     ] GC(14) Using 2 workers of 2 for evacuation
[2025-06-05T06:24:44.130+0000][2.055s][info ][gc,phases   ] GC(14)   Pre Evacuate Collection Set: 0.1ms
[2025-06-05T06:24:44.130+0000][2.055s][info ][gc,phases   ] GC(14)   Merge Heap Roots: 0.0ms
[2025-06-05T06:24:44.130+0000][2.055s][info ][gc,phases   ] GC(14)   Evacuate Collection Set: 4.8ms
[2025-06-05T06:24:44.130+0000][2.055s][info ][gc,phases   ] GC(14)   Post Evacuate Collection Set: 0.5ms
[2025-06-05T06:24:44.130+0000][2.055s][info ][gc,phases   ] GC(14)   Other: 0.1ms
[2025-06-05T06:24:44.130+0000][2.055s][info ][gc,heap     ] GC(14) Eden regions: 1->0(59)
[2025-06-05T06:24:44.130+0000][2.055s][info ][gc,heap     ] GC(14) Survivor regions: 7->1(1)
[2025-06-05T06:24:44.130+0000][2.055s][info ][gc,heap     ] GC(14) Old regions: 15->21
[2025-06-05T06:24:44.130+0000][2.055s][info ][gc,heap     ] GC(14) Archive regions: 2->2
[2025-06-05T06:24:44.131+0000][2.055s][info ][gc,heap     ] GC(14) Humongous regions: 0->0
[2025-06-05T06:24:44.131+0000][2.055s][info ][gc,metaspace] GC(14) Metaspace: 23454K(23872K)->23454K(23872K) NonClass: 20393K(20608K)->20393K(20608K) Class: 3060K(3264K)->3060K(3264K)
[2025-06-05T06:24:44.131+0000][2.055s][info ][gc          ] GC(14) Pause Young (Mixed) (G1 Evacuation Pause) 23M->22M(100M) 6.067ms
[2025-06-05T06:24:44.131+0000][2.055s][info ][gc,cpu      ] GC(14) User=0.01s Sys=0.00s Real=0.01s
[2025-06-05T06:24:44.131+0000][2.055s][info ][safepoint   ] Safepoint "G1CollectForAllocation", Time since last: 2736708 ns, Reaching safepoint: 138292 ns, Cleanup: 24750 ns, At safepoint: 6195583 ns, Total: 6358625 ns
[2025-06-05T06:24:44.217+0000][2.142s][debug][safepoint   ] Safepoint synchronization initiated using futex wait barrier. (12 threads)
[2025-06-05T06:24:44.218+0000][2.142s][info ][safepoint   ] Safepoint "ICBufferFull", Time since last: 86110708 ns, Reaching safepoint: 676042 ns, Cleanup: 94750 ns, At safepoint: 7042 ns, Total: 777834 ns
[2025-06-05T06:24:44.278+0000][2.203s][debug][safepoint   ] Safepoint synchronization initiated using futex wait barrier. (12 threads)
[2025-06-05T06:24:44.278+0000][2.203s][info ][safepoint   ] Safepoint "ICBufferFull", Time since last: 60379416 ns, Reaching safepoint: 165792 ns, Cleanup: 69208 ns, At safepoint: 3709 ns, Total: 238709 ns
[2025-06-05T06:24:44.286+0000][2.210s][debug][safepoint   ] Safepoint synchronization initiated using futex wait barrier. (12 threads)
[2025-06-05T06:24:44.286+0000][2.210s][info ][gc,start    ] GC(15) Pause Young (Concurrent Start) (G1 Evacuation Pause)
[2025-06-05T06:24:44.286+0000][2.211s][info ][gc,task     ] GC(15) Using 2 workers of 2 for evacuation
[2025-06-05T06:24:44.289+0000][2.214s][info ][gc,phases   ] GC(15)   Pre Evacuate Collection Set: 0.1ms
[2025-06-05T06:24:44.290+0000][2.214s][info ][gc,phases   ] GC(15)   Merge Heap Roots: 0.1ms
[2025-06-05T06:24:44.290+0000][2.214s][info ][gc,phases   ] GC(15)   Evacuate Collection Set: 2.5ms
[2025-06-05T06:24:44.290+0000][2.214s][info ][gc,phases   ] GC(15)   Post Evacuate Collection Set: 0.9ms
[2025-06-05T06:24:44.290+0000][2.214s][info ][gc,phases   ] GC(15)   Other: 0.2ms
[2025-06-05T06:24:44.290+0000][2.215s][info ][gc,heap     ] GC(15) Eden regions: 59->0(134)
[2025-06-05T06:24:44.290+0000][2.215s][info ][gc,heap     ] GC(15) Survivor regions: 1->3(8)
[2025-06-05T06:24:44.290+0000][2.215s][info ][gc,heap     ] GC(15) Old regions: 21->21
[2025-06-05T06:24:44.290+0000][2.215s][info ][gc,heap     ] GC(15) Archive regions: 2->2
[2025-06-05T06:24:44.290+0000][2.215s][info ][gc,heap     ] GC(15) Humongous regions: 0->0
[2025-06-05T06:24:44.290+0000][2.215s][info ][gc,metaspace] GC(15) Metaspace: 24345K(24704K)->24345K(24704K) NonClass: 21181K(21376K)->21181K(21376K) Class: 3163K(3328K)->3163K(3328K)
[2025-06-05T06:24:44.290+0000][2.215s][info ][gc          ] GC(15) Pause Young (Concurrent Start) (G1 Evacuation Pause) 81M->24M(229M) 4.270ms
[2025-06-05T06:24:44.290+0000][2.215s][info ][gc,cpu      ] GC(15) User=0.01s Sys=0.00s Real=0.01s
[2025-06-05T06:24:44.290+0000][2.215s][info ][safepoint   ] Safepoint "G1CollectForAllocation", Time since last: 7327041 ns, Reaching safepoint: 143542 ns, Cleanup: 3125 ns, At safepoint: 4371167 ns, Total: 4517834 ns
[2025-06-05T06:24:44.290+0000][2.215s][info ][gc          ] GC(16) Concurrent Mark Cycle
[2025-06-05T06:24:44.290+0000][2.215s][info ][gc,marking  ] GC(16) Concurrent Clear Claimed Marks
[2025-06-05T06:24:44.291+0000][2.215s][info ][gc,marking  ] GC(16) Concurrent Clear Claimed Marks 0.112ms
[2025-06-05T06:24:44.291+0000][2.215s][info ][gc,marking  ] GC(16) Concurrent Scan Root Regions
[2025-06-05T06:24:44.292+0000][2.216s][info ][gc,marking  ] GC(16) Concurrent Scan Root Regions 1.100ms
[2025-06-05T06:24:44.292+0000][2.217s][info ][gc,marking  ] GC(16) Concurrent Mark
[2025-06-05T06:24:44.292+0000][2.217s][info ][gc,marking  ] GC(16) Concurrent Mark From Roots
[2025-06-05T06:24:44.292+0000][2.217s][info ][gc,task     ] GC(16) Using 1 workers of 1 for marking
[2025-06-05T06:24:44.309+0000][2.234s][info ][gc,marking  ] GC(16) Concurrent Mark From Roots 16.971ms
[2025-06-05T06:24:44.309+0000][2.234s][info ][gc,marking  ] GC(16) Concurrent Preclean
[2025-06-05T06:24:44.309+0000][2.234s][info ][gc,marking  ] GC(16) Concurrent Preclean 0.146ms
[2025-06-05T06:24:44.309+0000][2.234s][debug][safepoint   ] Safepoint synchronization initiated using futex wait barrier. (12 threads)
[2025-06-05T06:24:44.309+0000][2.234s][info ][gc,start    ] GC(16) Pause Remark
[2025-06-05T06:24:44.312+0000][2.236s][info ][gc          ] GC(16) Pause Remark 35M->35M(124M) 2.220ms
[2025-06-05T06:24:44.312+0000][2.236s][info ][gc,cpu      ] GC(16) User=0.00s Sys=0.00s Real=0.01s
[2025-06-05T06:24:44.312+0000][2.236s][info ][safepoint   ] Safepoint "G1PauseRemark", Time since last: 19017208 ns, Reaching safepoint: 148583 ns, Cleanup: 29792 ns, At safepoint: 2426375 ns, Total: 2604750 ns
[2025-06-05T06:24:44.312+0000][2.237s][info ][gc,marking  ] GC(16) Concurrent Mark 20.012ms
[2025-06-05T06:24:44.312+0000][2.237s][info ][gc,marking  ] GC(16) Concurrent Rebuild Remembered Sets
[2025-06-05T06:24:44.322+0000][2.246s][info ][gc,marking  ] GC(16) Concurrent Rebuild Remembered Sets 9.746ms
[2025-06-05T06:24:44.322+0000][2.247s][debug][safepoint   ] Safepoint synchronization initiated using futex wait barrier. (12 threads)
[2025-06-05T06:24:44.322+0000][2.247s][info ][gc,start    ] GC(16) Pause Cleanup
[2025-06-05T06:24:44.323+0000][2.247s][info ][gc          ] GC(16) Pause Cleanup 39M->39M(124M) 0.121ms
[2025-06-05T06:24:44.323+0000][2.247s][info ][gc,cpu      ] GC(16) User=0.00s Sys=0.00s Real=0.00s
[2025-06-05T06:24:44.323+0000][2.247s][info ][safepoint   ] Safepoint "G1PauseCleanup", Time since last: 10070833 ns, Reaching safepoint: 686292 ns, Cleanup: 29333 ns, At safepoint: 246125 ns, Total: 961750 ns
[2025-06-05T06:24:44.323+0000][2.248s][info ][gc,marking  ] GC(16) Concurrent Cleanup for Next Mark
[2025-06-05T06:24:44.323+0000][2.248s][info ][gc,marking  ] GC(16) Concurrent Cleanup for Next Mark 0.377ms
[2025-06-05T06:24:44.323+0000][2.248s][info ][gc          ] GC(16) Concurrent Mark Cycle 33.123ms
[2025-06-05T06:24:44.475+0000][2.400s][debug][safepoint   ] Safepoint synchronization initiated using futex wait barrier. (13 threads)
[2025-06-05T06:24:44.475+0000][2.400s][info ][gc,start    ] GC(17) Pause Young (Prepare Mixed) (G1 Preventive Collection)
[2025-06-05T06:24:44.475+0000][2.400s][info ][gc,task     ] GC(17) Using 2 workers of 2 for evacuation
[2025-06-05T06:24:44.479+0000][2.404s][info ][gc,phases   ] GC(17)   Pre Evacuate Collection Set: 0.1ms
[2025-06-05T06:24:44.479+0000][2.404s][info ][gc,phases   ] GC(17)   Merge Heap Roots: 0.1ms
[2025-06-05T06:24:44.480+0000][2.404s][info ][gc,phases   ] GC(17)   Evacuate Collection Set: 3.3ms
[2025-06-05T06:24:44.480+0000][2.404s][info ][gc,phases   ] GC(17)   Post Evacuate Collection Set: 0.4ms
[2025-06-05T06:24:44.480+0000][2.404s][info ][gc,phases   ] GC(17)   Other: 0.2ms
[2025-06-05T06:24:44.480+0000][2.404s][info ][gc,heap     ] GC(17) Eden regions: 89->0(1)
[2025-06-05T06:24:44.480+0000][2.404s][info ][gc,heap     ] GC(17) Survivor regions: 3->5(18)
[2025-06-05T06:24:44.480+0000][2.404s][info ][gc,heap     ] GC(17) Old regions: 21->21
[2025-06-05T06:24:44.480+0000][2.404s][info ][gc,heap     ] GC(17) Archive regions: 2->2
[2025-06-05T06:24:44.480+0000][2.405s][info ][gc,heap     ] GC(17) Humongous regions: 0->0
[2025-06-05T06:24:44.480+0000][2.405s][info ][gc,metaspace] GC(17) Metaspace: 25864K(26240K)->25864K(26240K) NonClass: 22589K(22784K)->22589K(22784K) Class: 3275K(3456K)->3275K(3456K)
[2025-06-05T06:24:44.480+0000][2.405s][info ][gc          ] GC(17) Pause Young (Prepare Mixed) (G1 Preventive Collection) 113M->25M(124M) 4.535ms
[2025-06-05T06:24:44.480+0000][2.405s][info ][gc,cpu      ] GC(17) User=0.01s Sys=0.00s Real=0.01s
[2025-06-05T06:24:44.480+0000][2.405s][info ][safepoint   ] Safepoint "G1CollectForAllocation", Time since last: 152289250 ns, Reaching safepoint: 182167 ns, Cleanup: 102667 ns, At safepoint: 4632083 ns, Total: 4916917 ns
[2025-06-05T06:24:44.482+0000][2.407s][debug][safepoint   ] Safepoint synchronization initiated using futex wait barrier. (13 threads)
[2025-06-05T06:24:44.482+0000][2.407s][info ][gc,start    ] GC(18) Pause Young (Mixed) (G1 Evacuation Pause)
[2025-06-05T06:24:44.482+0000][2.407s][info ][gc,task     ] GC(18) Using 2 workers of 2 for evacuation
[2025-06-05T06:24:44.485+0000][2.410s][info ][gc,phases   ] GC(18)   Pre Evacuate Collection Set: 0.0ms
[2025-06-05T06:24:44.486+0000][2.410s][info ][gc,phases   ] GC(18)   Merge Heap Roots: 0.0ms
[2025-06-05T06:24:44.486+0000][2.410s][info ][gc,phases   ] GC(18)   Evacuate Collection Set: 2.7ms
[2025-06-05T06:24:44.486+0000][2.410s][info ][gc,phases   ] GC(18)   Post Evacuate Collection Set: 0.4ms
[2025-06-05T06:24:44.486+0000][2.410s][info ][gc,phases   ] GC(18)   Other: 0.1ms
[2025-06-05T06:24:44.486+0000][2.411s][info ][gc,heap     ] GC(18) Eden regions: 1->0(73)
[2025-06-05T06:24:44.486+0000][2.411s][info ][gc,heap     ] GC(18) Survivor regions: 5->1(1)
[2025-06-05T06:24:44.486+0000][2.411s][info ][gc,heap     ] GC(18) Old regions: 21->25
[2025-06-05T06:24:44.486+0000][2.411s][info ][gc,heap     ] GC(18) Archive regions: 2->2
[2025-06-05T06:24:44.486+0000][2.411s][info ][gc,heap     ] GC(18) Humongous regions: 0->0
[2025-06-05T06:24:44.486+0000][2.411s][info ][gc,metaspace] GC(18) Metaspace: 25883K(26240K)->25883K(26240K) NonClass: 22604K(22784K)->22604K(22784K) Class: 3279K(3456K)->3279K(3456K)
[2025-06-05T06:24:44.486+0000][2.411s][info ][gc          ] GC(18) Pause Young (Mixed) (G1 Evacuation Pause) 26M->26M(124M) 3.840ms
[2025-06-05T06:24:44.486+0000][2.411s][info ][gc,cpu      ] GC(18) User=0.00s Sys=0.00s Real=0.00s
[2025-06-05T06:24:44.486+0000][2.411s][info ][safepoint   ] Safepoint "G1CollectForAllocation", Time since last: 2113375 ns, Reaching safepoint: 92750 ns, Cleanup: 2583 ns, At safepoint: 3929625 ns, Total: 4024958 ns
[2025-06-05T06:24:44.573+0000][2.498s][debug][safepoint   ] Safepoint synchronization initiated using futex wait barrier. (13 threads)
[2025-06-05T06:24:44.573+0000][2.498s][info ][gc,start    ] GC(19) Pause Young (Normal) (G1 Evacuation Pause)
[2025-06-05T06:24:44.574+0000][2.498s][info ][gc,task     ] GC(19) Using 2 workers of 2 for evacuation
[2025-06-05T06:24:44.575+0000][2.500s][info ][gc,phases   ] GC(19)   Pre Evacuate Collection Set: 0.1ms
[2025-06-05T06:24:44.575+0000][2.500s][info ][gc,phases   ] GC(19)   Merge Heap Roots: 0.1ms
[2025-06-05T06:24:44.575+0000][2.500s][info ][gc,phases   ] GC(19)   Evacuate Collection Set: 0.7ms
[2025-06-05T06:24:44.575+0000][2.500s][info ][gc,phases   ] GC(19)   Post Evacuate Collection Set: 0.4ms
[2025-06-05T06:24:44.575+0000][2.500s][info ][gc,phases   ] GC(19)   Other: 0.2ms
[2025-06-05T06:24:44.575+0000][2.500s][info ][gc,heap     ] GC(19) Eden regions: 73->0(73)
[2025-06-05T06:24:44.575+0000][2.500s][info ][gc,heap     ] GC(19) Survivor regions: 1->1(10)
[2025-06-05T06:24:44.575+0000][2.500s][info ][gc,heap     ] GC(19) Old regions: 25->25
[2025-06-05T06:24:44.575+0000][2.500s][info ][gc,heap     ] GC(19) Archive regions: 2->2
[2025-06-05T06:24:44.575+0000][2.500s][info ][gc,heap     ] GC(19) Humongous regions: 0->0
[2025-06-05T06:24:44.575+0000][2.500s][info ][gc,metaspace] GC(19) Metaspace: 26109K(26432K)->26109K(26432K) NonClass: 22804K(22976K)->22804K(22976K) Class: 3304K(3456K)->3304K(3456K)
[2025-06-05T06:24:44.575+0000][2.500s][info ][gc          ] GC(19) Pause Young (Normal) (G1 Evacuation Pause) 99M->25M(124M) 1.861ms
[2025-06-05T06:24:44.575+0000][2.500s][info ][gc,cpu      ] GC(19) User=0.01s Sys=0.00s Real=0.00s
[2025-06-05T06:24:44.575+0000][2.500s][info ][safepoint   ] Safepoint "G1CollectForAllocation", Time since last: 86775167 ns, Reaching safepoint: 605125 ns, Cleanup: 25875 ns, At safepoint: 1987917 ns, Total: 2618917 ns
[2025-06-05T06:24:44.615+0000][2.540s][debug][safepoint   ] Safepoint synchronization initiated using futex wait barrier. (12 threads)
[2025-06-05T06:24:44.615+0000][2.540s][info ][safepoint   ] Safepoint "ICBufferFull", Time since last: 39295542 ns, Reaching safepoint: 123583 ns, Cleanup: 71833 ns, At safepoint: 5667 ns, Total: 201083 ns
[2025-06-05T06:24:44.637+0000][2.562s][debug][safepoint   ] Safepoint synchronization initiated using futex wait barrier. (12 threads)
[2025-06-05T06:24:44.638+0000][2.562s][info ][safepoint   ] Safepoint "ICBufferFull", Time since last: 22301042 ns, Reaching safepoint: 162541 ns, Cleanup: 98667 ns, At safepoint: 5417 ns, Total: 266625 ns
[2025-06-05T06:24:44.638+0000][2.562s][debug][safepoint   ] Safepoint synchronization initiated using futex wait barrier. (12 threads)
[2025-06-05T06:24:44.639+0000][2.563s][info ][safepoint   ] Safepoint "ICBufferFull", Time since last: 169250 ns, Reaching safepoint: 874500 ns, Cleanup: 9416 ns, At safepoint: 7084 ns, Total: 891000 ns
[2025-06-05T06:24:44.726+0000][2.651s][debug][safepoint   ] Safepoint synchronization initiated using futex wait barrier. (12 threads)
[2025-06-05T06:24:44.727+0000][2.651s][info ][gc,start    ] GC(20) Pause Young (Normal) (G1 Evacuation Pause)
[2025-06-05T06:24:44.727+0000][2.651s][info ][gc,task     ] GC(20) Using 2 workers of 2 for evacuation
[2025-06-05T06:24:44.729+0000][2.653s][info ][gc,phases   ] GC(20)   Pre Evacuate Collection Set: 0.1ms
[2025-06-05T06:24:44.729+0000][2.654s][info ][gc,phases   ] GC(20)   Merge Heap Roots: 0.1ms
[2025-06-05T06:24:44.729+0000][2.654s][info ][gc,phases   ] GC(20)   Evacuate Collection Set: 1.4ms
[2025-06-05T06:24:44.729+0000][2.654s][info ][gc,phases   ] GC(20)   Post Evacuate Collection Set: 0.4ms
[2025-06-05T06:24:44.729+0000][2.654s][info ][gc,phases   ] GC(20)   Other: 0.2ms
[2025-06-05T06:24:44.729+0000][2.654s][info ][gc,heap     ] GC(20) Eden regions: 73->0(72)
[2025-06-05T06:24:44.729+0000][2.654s][info ][gc,heap     ] GC(20) Survivor regions: 1->2(10)
[2025-06-05T06:24:44.729+0000][2.654s][info ][gc,heap     ] GC(20) Old regions: 25->25
[2025-06-05T06:24:44.729+0000][2.654s][info ][gc,heap     ] GC(20) Archive regions: 2->2
[2025-06-05T06:24:44.729+0000][2.654s][info ][gc,heap     ] GC(20) Humongous regions: 0->0
[2025-06-05T06:24:44.729+0000][2.654s][info ][gc,metaspace] GC(20) Metaspace: 28161K(28544K)->28161K(28544K) NonClass: 24624K(24832K)->24624K(24832K) Class: 3537K(3712K)->3537K(3712K)
[2025-06-05T06:24:44.729+0000][2.654s][info ][gc          ] GC(20) Pause Young (Normal) (G1 Evacuation Pause) 98M->26M(124M) 2.810ms
[2025-06-05T06:24:44.729+0000][2.654s][info ][gc,cpu      ] GC(20) User=0.00s Sys=0.00s Real=0.01s
[2025-06-05T06:24:44.729+0000][2.654s][info ][safepoint   ] Safepoint "G1CollectForAllocation", Time since last: 87716458 ns, Reaching safepoint: 192833 ns, Cleanup: 47209 ns, At safepoint: 2910416 ns, Total: 3150458 ns
[2025-06-05T06:24:44.809+0000][2.734s][debug][safepoint   ] Safepoint synchronization initiated using futex wait barrier. (12 threads)
[2025-06-05T06:24:44.809+0000][2.734s][info ][safepoint   ] Safepoint "ICBufferFull", Time since last: 79344084 ns, Reaching safepoint: 174333 ns, Cleanup: 93583 ns, At safepoint: 1709 ns, Total: 269625 ns
[2025-06-05T06:24:44.896+0000][2.821s][debug][safepoint   ] Safepoint synchronization initiated using futex wait barrier. (12 threads)
[2025-06-05T06:24:44.897+0000][2.821s][info ][gc,start    ] GC(21) Pause Young (Normal) (G1 Evacuation Pause)
[2025-06-05T06:24:44.897+0000][2.821s][info ][gc,task     ] GC(21) Using 2 workers of 2 for evacuation
[2025-06-05T06:24:44.899+0000][2.824s][info ][gc,phases   ] GC(21)   Pre Evacuate Collection Set: 0.1ms
[2025-06-05T06:24:44.899+0000][2.824s][info ][gc,phases   ] GC(21)   Merge Heap Roots: 0.1ms
[2025-06-05T06:24:44.899+0000][2.824s][info ][gc,phases   ] GC(21)   Evacuate Collection Set: 2.0ms
[2025-06-05T06:24:44.899+0000][2.824s][info ][gc,phases   ] GC(21)   Post Evacuate Collection Set: 0.4ms
[2025-06-05T06:24:44.900+0000][2.824s][info ][gc,phases   ] GC(21)   Other: 0.2ms
[2025-06-05T06:24:44.900+0000][2.824s][info ][gc,heap     ] GC(21) Eden regions: 72->0(71)
[2025-06-05T06:24:44.900+0000][2.824s][info ][gc,heap     ] GC(21) Survivor regions: 2->3(10)
[2025-06-05T06:24:44.900+0000][2.824s][info ][gc,heap     ] GC(21) Old regions: 25->25
[2025-06-05T06:24:44.900+0000][2.824s][info ][gc,heap     ] GC(21) Archive regions: 2->2
[2025-06-05T06:24:44.900+0000][2.824s][info ][gc,heap     ] GC(21) Humongous regions: 0->0
[2025-06-05T06:24:44.900+0000][2.825s][info ][gc,metaspace] GC(21) Metaspace: 29636K(30016K)->29636K(30016K) NonClass: 25922K(26112K)->25922K(26112K) Class: 3713K(3904K)->3713K(3904K)
[2025-06-05T06:24:44.900+0000][2.825s][info ][gc          ] GC(21) Pause Young (Normal) (G1 Evacuation Pause) 98M->27M(124M) 3.245ms
[2025-06-05T06:24:44.900+0000][2.825s][info ][gc,cpu      ] GC(21) User=0.00s Sys=0.00s Real=0.01s
[2025-06-05T06:24:44.900+0000][2.825s][info ][safepoint   ] Safepoint "G1CollectForAllocation", Time since last: 86701750 ns, Reaching safepoint: 679416 ns, Cleanup: 108250 ns, At safepoint: 3360375 ns, Total: 4148041 ns
[2025-06-05T06:24:45.046+0000][2.970s][debug][safepoint   ] Safepoint synchronization initiated using futex wait barrier. (12 threads)
[2025-06-05T06:24:45.046+0000][2.971s][info ][gc,start    ] GC(22) Pause Young (Normal) (G1 Evacuation Pause)
[2025-06-05T06:24:45.046+0000][2.971s][info ][gc,task     ] GC(22) Using 2 workers of 2 for evacuation
[2025-06-05T06:24:45.049+0000][2.974s][info ][gc,phases   ] GC(22)   Pre Evacuate Collection Set: 0.1ms
[2025-06-05T06:24:45.050+0000][2.974s][info ][gc,phases   ] GC(22)   Merge Heap Roots: 0.1ms
[2025-06-05T06:24:45.050+0000][2.974s][info ][gc,phases   ] GC(22)   Evacuate Collection Set: 2.7ms
[2025-06-05T06:24:45.050+0000][2.974s][info ][gc,phases   ] GC(22)   Post Evacuate Collection Set: 0.5ms
[2025-06-05T06:24:45.050+0000][2.974s][info ][gc,phases   ] GC(22)   Other: 0.2ms
[2025-06-05T06:24:45.050+0000][2.974s][info ][gc,heap     ] GC(22) Eden regions: 71->0(70)
[2025-06-05T06:24:45.050+0000][2.975s][info ][gc,heap     ] GC(22) Survivor regions: 3->4(10)
[2025-06-05T06:24:45.050+0000][2.975s][info ][gc,heap     ] GC(22) Old regions: 25->25
[2025-06-05T06:24:45.050+0000][2.975s][info ][gc,heap     ] GC(22) Archive regions: 2->2
[2025-06-05T06:24:45.050+0000][2.975s][info ][gc,heap     ] GC(22) Humongous regions: 0->0
[2025-06-05T06:24:45.050+0000][2.975s][info ][gc,metaspace] GC(22) Metaspace: 30236K(30656K)->30236K(30656K) NonClass: 26438K(26688K)->26438K(26688K) Class: 3798K(3968K)->3798K(3968K)
[2025-06-05T06:24:45.050+0000][2.975s][info ][gc          ] GC(22) Pause Young (Normal) (G1 Evacuation Pause) 98M->28M(124M) 3.997ms
[2025-06-05T06:24:45.050+0000][2.975s][info ][gc,cpu      ] GC(22) User=0.01s Sys=0.00s Real=0.01s
[2025-06-05T06:24:45.050+0000][2.975s][info ][safepoint   ] Safepoint "G1CollectForAllocation", Time since last: 145825334 ns, Reaching safepoint: 177833 ns, Cleanup: 68125 ns, At safepoint: 4091583 ns, Total: 4337541 ns
[2025-06-05T06:24:45.184+0000][3.109s][debug][safepoint   ] Safepoint synchronization initiated using futex wait barrier. (12 threads)
[2025-06-05T06:24:45.185+0000][3.109s][info ][safepoint   ] Safepoint "ICBufferFull", Time since last: 134356334 ns, Reaching safepoint: 160708 ns, Cleanup: 104000 ns, At safepoint: 1417 ns, Total: 266125 ns
[2025-06-05T06:24:45.216+0000][3.140s][debug][safepoint   ] Safepoint synchronization initiated using futex wait barrier. (12 threads)
[2025-06-05T06:24:45.216+0000][3.140s][info ][gc,start    ] GC(23) Pause Young (Normal) (G1 Evacuation Pause)
[2025-06-05T06:24:45.216+0000][3.141s][info ][gc,task     ] GC(23) Using 2 workers of 2 for evacuation
[2025-06-05T06:24:45.220+0000][3.144s][info ][gc,phases   ] GC(23)   Pre Evacuate Collection Set: 0.1ms
[2025-06-05T06:24:45.220+0000][3.145s][info ][gc,phases   ] GC(23)   Merge Heap Roots: 0.1ms
[2025-06-05T06:24:45.220+0000][3.145s][info ][gc,phases   ] GC(23)   Evacuate Collection Set: 3.2ms
[2025-06-05T06:24:45.220+0000][3.145s][info ][gc,phases   ] GC(23)   Post Evacuate Collection Set: 0.5ms
[2025-06-05T06:24:45.220+0000][3.145s][info ][gc,phases   ] GC(23)   Other: 0.2ms
[2025-06-05T06:24:45.220+0000][3.145s][info ][gc,heap     ] GC(23) Eden regions: 70->0(69)
[2025-06-05T06:24:45.220+0000][3.145s][info ][gc,heap     ] GC(23) Survivor regions: 4->5(10)
[2025-06-05T06:24:45.220+0000][3.145s][info ][gc,heap     ] GC(23) Old regions: 25->25
[2025-06-05T06:24:45.220+0000][3.145s][info ][gc,heap     ] GC(23) Archive regions: 2->2
[2025-06-05T06:24:45.220+0000][3.145s][info ][gc,heap     ] GC(23) Humongous regions: 0->0
[2025-06-05T06:24:45.220+0000][3.145s][info ][gc,metaspace] GC(23) Metaspace: 32475K(32832K)->32475K(32832K) NonClass: 28269K(28416K)->28269K(28416K) Class: 4206K(4416K)->4206K(4416K)
[2025-06-05T06:24:45.220+0000][3.145s][info ][gc          ] GC(23) Pause Young (Normal) (G1 Evacuation Pause) 98M->29M(124M) 4.505ms
[2025-06-05T06:24:45.220+0000][3.145s][info ][gc,cpu      ] GC(23) User=0.01s Sys=0.00s Real=0.01s
[2025-06-05T06:24:45.220+0000][3.145s][info ][safepoint   ] Safepoint "G1CollectForAllocation", Time since last: 30881166 ns, Reaching safepoint: 67625 ns, Cleanup: 26000 ns, At safepoint: 4660542 ns, Total: 4754167 ns
[2025-06-05T06:24:45.323+0000][3.248s][debug][safepoint   ] Safepoint synchronization initiated using futex wait barrier. (12 threads)
[2025-06-05T06:24:45.323+0000][3.248s][info ][gc,start    ] GC(24) Pause Young (Normal) (G1 Evacuation Pause)
[2025-06-05T06:24:45.323+0000][3.248s][info ][gc,task     ] GC(24) Using 2 workers of 2 for evacuation
[2025-06-05T06:24:45.329+0000][3.254s][info ][gc,phases   ] GC(24)   Pre Evacuate Collection Set: 0.1ms
[2025-06-05T06:24:45.329+0000][3.254s][info ][gc,phases   ] GC(24)   Merge Heap Roots: 0.1ms
[2025-06-05T06:24:45.329+0000][3.254s][info ][gc,phases   ] GC(24)   Evacuate Collection Set: 3.8ms
[2025-06-05T06:24:45.329+0000][3.254s][info ][gc,phases   ] GC(24)   Post Evacuate Collection Set: 1.6ms
[2025-06-05T06:24:45.329+0000][3.254s][info ][gc,phases   ] GC(24)   Other: 0.2ms
[2025-06-05T06:24:45.329+0000][3.254s][info ][gc,heap     ] GC(24) Eden regions: 69->0(150)
[2025-06-05T06:24:45.329+0000][3.254s][info ][gc,heap     ] GC(24) Survivor regions: 5->5(10)
[2025-06-05T06:24:45.330+0000][3.254s][info ][gc,heap     ] GC(24) Old regions: 25->25
[2025-06-05T06:24:45.330+0000][3.254s][info ][gc,heap     ] GC(24) Archive regions: 2->2
[2025-06-05T06:24:45.330+0000][3.254s][info ][gc,heap     ] GC(24) Humongous regions: 0->0
[2025-06-05T06:24:45.330+0000][3.255s][info ][gc,metaspace] GC(24) Metaspace: 33571K(33920K)->33571K(33920K) NonClass: 29273K(29440K)->29273K(29440K) Class: 4297K(4480K)->4297K(4480K)
[2025-06-05T06:24:45.330+0000][3.255s][info ][gc          ] GC(24) Pause Young (Normal) (G1 Evacuation Pause) 98M->30M(259M) 6.746ms
[2025-06-05T06:24:45.330+0000][3.255s][info ][gc,cpu      ] GC(24) User=0.01s Sys=0.00s Real=0.01s
[2025-06-05T06:24:45.330+0000][3.255s][info ][safepoint   ] Safepoint "G1CollectForAllocation", Time since last: 102569834 ns, Reaching safepoint: 178541 ns, Cleanup: 43000 ns, At safepoint: 7016792 ns, Total: 7238333 ns
[2025-06-05T06:24:45.417+0000][3.341s][debug][safepoint   ] Safepoint synchronization initiated using futex wait barrier. (12 threads)
[2025-06-05T06:24:45.417+0000][3.342s][info ][safepoint   ] Safepoint "ICBufferFull", Time since last: 86505000 ns, Reaching safepoint: 170208 ns, Cleanup: 85334 ns, At safepoint: 1666 ns, Total: 257208 ns
[2025-06-05T06:24:45.497+0000][3.422s][debug][safepoint   ] Safepoint synchronization initiated using futex wait barrier. (12 threads)
[2025-06-05T06:24:45.497+0000][3.422s][info ][safepoint   ] Safepoint "ICBufferFull", Time since last: 80022375 ns, Reaching safepoint: 171917 ns, Cleanup: 105792 ns, At safepoint: 1541 ns, Total: 279250 ns
[2025-06-05T06:24:45.722+0000][3.646s][debug][safepoint   ] Safepoint synchronization initiated using futex wait barrier. (12 threads)
[2025-06-05T06:24:45.722+0000][3.647s][info ][gc,start    ] GC(25) Pause Young (Normal) (G1 Evacuation Pause)
[2025-06-05T06:24:45.722+0000][3.647s][info ][gc,task     ] GC(25) Using 2 workers of 2 for evacuation
[2025-06-05T06:24:45.728+0000][3.653s][info ][gc,phases   ] GC(25)   Pre Evacuate Collection Set: 0.1ms
[2025-06-05T06:24:45.728+0000][3.653s][info ][gc,phases   ] GC(25)   Merge Heap Roots: 0.1ms
[2025-06-05T06:24:45.728+0000][3.653s][info ][gc,phases   ] GC(25)   Evacuate Collection Set: 5.3ms
[2025-06-05T06:24:45.728+0000][3.653s][info ][gc,phases   ] GC(25)   Post Evacuate Collection Set: 0.5ms
[2025-06-05T06:24:45.728+0000][3.653s][info ][gc,phases   ] GC(25)   Other: 0.2ms
[2025-06-05T06:24:45.728+0000][3.653s][info ][gc,heap     ] GC(25) Eden regions: 150->0(147)
[2025-06-05T06:24:45.728+0000][3.653s][info ][gc,heap     ] GC(25) Survivor regions: 5->8(20)
[2025-06-05T06:24:45.728+0000][3.653s][info ][gc,heap     ] GC(25) Old regions: 25->25
[2025-06-05T06:24:45.729+0000][3.653s][info ][gc,heap     ] GC(25) Archive regions: 2->2
[2025-06-05T06:24:45.729+0000][3.653s][info ][gc,heap     ] GC(25) Humongous regions: 0->0
[2025-06-05T06:24:45.729+0000][3.653s][info ][gc,metaspace] GC(25) Metaspace: 36560K(36928K)->36560K(36928K) NonClass: 31894K(32064K)->31894K(32064K) Class: 4665K(4864K)->4665K(4864K)
[2025-06-05T06:24:45.729+0000][3.653s][info ][gc          ] GC(25) Pause Young (Normal) (G1 Evacuation Pause) 180M->32M(259M) 6.820ms
[2025-06-05T06:24:45.729+0000][3.654s][info ][gc,cpu      ] GC(25) User=0.02s Sys=0.00s Real=0.00s
[2025-06-05T06:24:45.729+0000][3.654s][info ][safepoint   ] Safepoint "G1CollectForAllocation", Time since last: 224412875 ns, Reaching safepoint: 179000 ns, Cleanup: 88584 ns, At safepoint: 6937708 ns, Total: 7205292 ns
[2025-06-05T06:24:45.856+0000][3.781s][debug][safepoint   ] Safepoint synchronization initiated using futex wait barrier. (12 threads)
[2025-06-05T06:24:45.856+0000][3.781s][info ][safepoint   ] Safepoint "ICBufferFull", Time since last: 127061458 ns, Reaching safepoint: 195000 ns, Cleanup: 85542 ns, At safepoint: 1583 ns, Total: 282125 ns
[2025-06-05T06:24:45.949+0000][3.874s][debug][safepoint   ] ... found polling page loop exception at pc = 0x0000ffff69b1b568, stub =0x0000ffff7097ef00
[2025-06-05T06:24:45.951+0000][3.876s][debug][safepoint   ] Safepoint synchronization initiated using futex wait barrier. (12 threads)
[2025-06-05T06:24:45.952+0000][3.876s][info ][safepoint   ] Safepoint "ICBufferFull", Time since last: 94728167 ns, Reaching safepoint: 606208 ns, Cleanup: 98667 ns, At safepoint: 6625 ns, Total: 711500 ns
[2025-06-05T06:24:45.954+0000][3.879s][debug][safepoint   ] Safepoint synchronization initiated using futex wait barrier. (12 threads)
[2025-06-05T06:24:45.956+0000][3.880s][info ][safepoint   ] Safepoint "ICBufferFull", Time since last: 2806917 ns, Reaching safepoint: 1036166 ns, Cleanup: 108625 ns, At safepoint: 5000 ns, Total: 1149791 ns
[2025-06-05T06:24:46.015+0000][3.940s][debug][safepoint   ] Safepoint synchronization initiated using futex wait barrier. (12 threads)
[2025-06-05T06:24:46.015+0000][3.940s][info ][safepoint   ] Safepoint "ICBufferFull", Time since last: 59240709 ns, Reaching safepoint: 201583 ns, Cleanup: 143500 ns, At safepoint: 1459 ns, Total: 346542 ns
[2025-06-05T06:24:46.128+0000][4.053s][debug][safepoint   ] Safepoint synchronization initiated using futex wait barrier. (12 threads)
[2025-06-05T06:24:46.128+0000][4.053s][info ][gc,start    ] GC(26) Pause Young (Normal) (G1 Evacuation Pause)
[2025-06-05T06:24:46.128+0000][4.053s][info ][gc,task     ] GC(26) Using 2 workers of 2 for evacuation
[2025-06-05T06:24:46.137+0000][4.062s][info ][gc,phases   ] GC(26)   Pre Evacuate Collection Set: 0.1ms
[2025-06-05T06:24:46.137+0000][4.062s][info ][gc,phases   ] GC(26)   Merge Heap Roots: 0.1ms
[2025-06-05T06:24:46.137+0000][4.062s][info ][gc,phases   ] GC(26)   Evacuate Collection Set: 7.9ms
[2025-06-05T06:24:46.137+0000][4.062s][info ][gc,phases   ] GC(26)   Post Evacuate Collection Set: 0.7ms
[2025-06-05T06:24:46.137+0000][4.062s][info ][gc,phases   ] GC(26)   Other: 0.2ms
[2025-06-05T06:24:46.137+0000][4.062s][info ][gc,heap     ] GC(26) Eden regions: 147->0(145)
[2025-06-05T06:24:46.137+0000][4.062s][info ][gc,heap     ] GC(26) Survivor regions: 8->10(20)
[2025-06-05T06:24:46.138+0000][4.062s][info ][gc,heap     ] GC(26) Old regions: 25->25
[2025-06-05T06:24:46.138+0000][4.062s][info ][gc,heap     ] GC(26) Archive regions: 2->2
[2025-06-05T06:24:46.138+0000][4.062s][info ][gc,heap     ] GC(26) Humongous regions: 0->0
[2025-06-05T06:24:46.138+0000][4.062s][info ][gc,metaspace] GC(26) Metaspace: 40380K(40768K)->40380K(40768K) NonClass: 35160K(35392K)->35160K(35392K) Class: 5219K(5376K)->5219K(5376K)
[2025-06-05T06:24:46.138+0000][4.062s][info ][gc          ] GC(26) Pause Young (Normal) (G1 Evacuation Pause) 179M->35M(259M) 9.654ms
[2025-06-05T06:24:46.138+0000][4.063s][info ][gc,cpu      ] GC(26) User=0.03s Sys=0.00s Real=0.01s
[2025-06-05T06:24:46.138+0000][4.063s][info ][safepoint   ] Safepoint "G1CollectForAllocation", Time since last: 112636250 ns, Reaching safepoint: 200958 ns, Cleanup: 74042 ns, At safepoint: 9757666 ns, Total: 10032666 ns
[2025-06-05T06:24:46.185+0000][4.110s][debug][safepoint   ] Safepoint synchronization initiated using futex wait barrier. (12 threads)
[2025-06-05T06:24:46.185+0000][4.110s][info ][gc,start    ] GC(27) Pause Young (Concurrent Start) (Metadata GC Threshold)
[2025-06-05T06:24:46.185+0000][4.110s][info ][gc,task     ] GC(27) Using 2 workers of 2 for evacuation
[2025-06-05T06:24:46.193+0000][4.117s][info ][gc,phases   ] GC(27)   Pre Evacuate Collection Set: 0.1ms
[2025-06-05T06:24:46.193+0000][4.117s][info ][gc,phases   ] GC(27)   Merge Heap Roots: 0.1ms
[2025-06-05T06:24:46.193+0000][4.117s][info ][gc,phases   ] GC(27)   Evacuate Collection Set: 6.6ms
[2025-06-05T06:24:46.193+0000][4.117s][info ][gc,phases   ] GC(27)   Post Evacuate Collection Set: 0.6ms
[2025-06-05T06:24:46.193+0000][4.118s][info ][gc,phases   ] GC(27)   Other: 0.2ms
[2025-06-05T06:24:46.193+0000][4.118s][info ][gc,heap     ] GC(27) Eden regions: 16->0(144)
[2025-06-05T06:24:46.193+0000][4.118s][info ][gc,heap     ] GC(27) Survivor regions: 10->11(20)
[2025-06-05T06:24:46.193+0000][4.118s][info ][gc,heap     ] GC(27) Old regions: 25->25
[2025-06-05T06:24:46.193+0000][4.118s][info ][gc,heap     ] GC(27) Archive regions: 2->2
[2025-06-05T06:24:46.193+0000][4.118s][info ][gc,heap     ] GC(27) Humongous regions: 0->0
[2025-06-05T06:24:46.193+0000][4.118s][info ][gc,metaspace] GC(27) Metaspace: 40854K(41216K)->40854K(41216K) NonClass: 35554K(35776K)->35554K(35776K) Class: 5299K(5440K)->5299K(5440K)
[2025-06-05T06:24:46.193+0000][4.118s][info ][gc          ] GC(27) Pause Young (Concurrent Start) (Metadata GC Threshold) 51M->35M(259M) 8.084ms
[2025-06-05T06:24:46.193+0000][4.118s][info ][gc,cpu      ] GC(27) User=0.01s Sys=0.00s Real=0.01s
[2025-06-05T06:24:46.193+0000][4.118s][info ][safepoint   ] Safepoint "CollectForMetadataAllocation", Time since last: 46984000 ns, Reaching safepoint: 186334 ns, Cleanup: 33083 ns, At safepoint: 8238125 ns, Total: 8457542 ns
[2025-06-05T06:24:46.193+0000][4.118s][info ][gc          ] GC(28) Concurrent Mark Cycle
[2025-06-05T06:24:46.194+0000][4.118s][info ][gc,marking  ] GC(28) Concurrent Clear Claimed Marks
[2025-06-05T06:24:46.194+0000][4.118s][info ][gc,marking  ] GC(28) Concurrent Clear Claimed Marks 0.085ms
[2025-06-05T06:24:46.194+0000][4.118s][info ][gc,marking  ] GC(28) Concurrent Scan Root Regions
[2025-06-05T06:24:46.199+0000][4.123s][info ][gc,marking  ] GC(28) Concurrent Scan Root Regions 4.952ms
[2025-06-05T06:24:46.199+0000][4.124s][info ][gc,marking  ] GC(28) Concurrent Mark
[2025-06-05T06:24:46.199+0000][4.124s][info ][gc,marking  ] GC(28) Concurrent Mark From Roots
[2025-06-05T06:24:46.199+0000][4.124s][info ][gc,task     ] GC(28) Using 1 workers of 1 for marking
[2025-06-05T06:24:46.216+0000][4.141s][info ][gc,marking  ] GC(28) Concurrent Mark From Roots 17.463ms
[2025-06-05T06:24:46.216+0000][4.141s][info ][gc,marking  ] GC(28) Concurrent Preclean
[2025-06-05T06:24:46.217+0000][4.141s][info ][gc,marking  ] GC(28) Concurrent Preclean 0.172ms
[2025-06-05T06:24:46.217+0000][4.141s][debug][safepoint   ] Safepoint synchronization initiated using futex wait barrier. (12 threads)
[2025-06-05T06:24:46.217+0000][4.142s][info ][gc,start    ] GC(28) Pause Remark
[2025-06-05T06:24:46.220+0000][4.145s][info ][gc          ] GC(28) Pause Remark 44M->44M(154M) 2.955ms
[2025-06-05T06:24:46.221+0000][4.145s][info ][gc,cpu      ] GC(28) User=0.01s Sys=0.00s Real=0.01s
[2025-06-05T06:24:46.221+0000][4.145s][info ][safepoint   ] Safepoint "G1PauseRemark", Time since last: 23422917 ns, Reaching safepoint: 756750 ns, Cleanup: 26291 ns, At safepoint: 3144542 ns, Total: 3927583 ns
[2025-06-05T06:24:46.221+0000][4.146s][info ][gc,marking  ] GC(28) Concurrent Mark 22.003ms
[2025-06-05T06:24:46.221+0000][4.146s][info ][gc,marking  ] GC(28) Concurrent Rebuild Remembered Sets
[2025-06-05T06:24:46.233+0000][4.157s][info ][gc,marking  ] GC(28) Concurrent Rebuild Remembered Sets 11.641ms
[2025-06-05T06:24:46.233+0000][4.157s][debug][safepoint   ] Safepoint synchronization initiated using futex wait barrier. (12 threads)
[2025-06-05T06:24:46.233+0000][4.158s][info ][gc,start    ] GC(28) Pause Cleanup
[2025-06-05T06:24:46.234+0000][4.158s][info ][gc          ] GC(28) Pause Cleanup 50M->50M(154M) 0.179ms
[2025-06-05T06:24:46.234+0000][4.158s][info ][gc,cpu      ] GC(28) User=0.00s Sys=0.00s Real=0.00s
[2025-06-05T06:24:46.234+0000][4.158s][info ][safepoint   ] Safepoint "G1PauseCleanup", Time since last: 12053583 ns, Reaching safepoint: 780959 ns, Cleanup: 8208 ns, At safepoint: 286042 ns, Total: 1075209 ns
[2025-06-05T06:24:46.234+0000][4.159s][info ][gc,marking  ] GC(28) Concurrent Cleanup for Next Mark
[2025-06-05T06:24:46.234+0000][4.159s][info ][gc,marking  ] GC(28) Concurrent Cleanup for Next Mark 0.306ms
[2025-06-05T06:24:46.234+0000][4.159s][info ][gc          ] GC(28) Concurrent Mark Cycle 40.991ms
[2025-06-05T06:24:46.380+0000][4.305s][debug][safepoint   ] Safepoint synchronization initiated using futex wait barrier. (12 threads)
[2025-06-05T06:24:46.380+0000][4.305s][info ][safepoint   ] Safepoint "ICBufferFull", Time since last: 146009833 ns, Reaching safepoint: 187875 ns, Cleanup: 75583 ns, At safepoint: 1375 ns, Total: 264833 ns
[2025-06-05T06:24:46.443+0000][4.368s][debug][safepoint   ] Safepoint synchronization initiated using futex wait barrier. (12 threads)
[2025-06-05T06:24:46.444+0000][4.368s][info ][safepoint   ] Safepoint "ICBufferFull", Time since last: 63341750 ns, Reaching safepoint: 176625 ns, Cleanup: 80875 ns, At safepoint: 8292 ns, Total: 265792 ns
[2025-06-05T06:24:46.500+0000][4.425s][debug][safepoint   ] Safepoint synchronization initiated using futex wait barrier. (12 threads)
[2025-06-05T06:24:46.501+0000][4.425s][info ][gc,start    ] GC(29) Pause Young (Prepare Mixed) (G1 Preventive Collection)
[2025-06-05T06:24:46.501+0000][4.425s][info ][gc,task     ] GC(29) Using 2 workers of 2 for evacuation
[2025-06-05T06:24:46.510+0000][4.435s][info ][gc,phases   ] GC(29)   Pre Evacuate Collection Set: 0.1ms
[2025-06-05T06:24:46.510+0000][4.435s][info ][gc,phases   ] GC(29)   Merge Heap Roots: 0.1ms
[2025-06-05T06:24:46.511+0000][4.435s][info ][gc,phases   ] GC(29)   Evacuate Collection Set: 8.6ms
[2025-06-05T06:24:46.511+0000][4.435s][info ][gc,phases   ] GC(29)   Post Evacuate Collection Set: 0.8ms
[2025-06-05T06:24:46.511+0000][4.435s][info ][gc,phases   ] GC(29)   Other: 0.2ms
[2025-06-05T06:24:46.511+0000][4.435s][info ][gc,heap     ] GC(29) Eden regions: 103->0(1)
[2025-06-05T06:24:46.511+0000][4.435s][info ][gc,heap     ] GC(29) Survivor regions: 11->10(15)
[2025-06-05T06:24:46.511+0000][4.436s][info ][gc,heap     ] GC(29) Old regions: 24->27
[2025-06-05T06:24:46.511+0000][4.436s][info ][gc,heap     ] GC(29) Archive regions: 2->2
[2025-06-05T06:24:46.511+0000][4.436s][info ][gc,heap     ] GC(29) Humongous regions: 0->0
[2025-06-05T06:24:46.511+0000][4.436s][info ][gc,metaspace] GC(29) Metaspace: 44861K(45312K)->44861K(45312K) NonClass: 39055K(39296K)->39055K(39296K) Class: 5805K(6016K)->5805K(6016K)
[2025-06-05T06:24:46.511+0000][4.436s][info ][gc          ] GC(29) Pause Young (Prepare Mixed) (G1 Preventive Collection) 138M->36M(154M) 10.414ms
[2025-06-05T06:24:46.511+0000][4.436s][info ][gc,cpu      ] GC(29) User=0.03s Sys=0.00s Real=0.01s
[2025-06-05T06:24:46.511+0000][4.436s][info ][safepoint   ] Safepoint "G1CollectForAllocation", Time since last: 56659333 ns, Reaching safepoint: 168625 ns, Cleanup: 66167 ns, At safepoint: 10535542 ns, Total: 10770334 ns
[2025-06-05T06:24:46.516+0000][4.441s][debug][safepoint   ] Safepoint synchronization initiated using futex wait barrier. (12 threads)
[2025-06-05T06:24:46.516+0000][4.441s][info ][gc,start    ] GC(30) Pause Young (Mixed) (G1 Evacuation Pause)
[2025-06-05T06:24:46.516+0000][4.441s][info ][gc,task     ] GC(30) Using 2 workers of 2 for evacuation
[2025-06-05T06:24:46.524+0000][4.449s][info ][gc,phases   ] GC(30)   Pre Evacuate Collection Set: 0.1ms
[2025-06-05T06:24:46.524+0000][4.449s][info ][gc,phases   ] GC(30)   Merge Heap Roots: 0.1ms
[2025-06-05T06:24:46.524+0000][4.449s][info ][gc,phases   ] GC(30)   Evacuate Collection Set: 6.6ms
[2025-06-05T06:24:46.524+0000][4.449s][info ][gc,phases   ] GC(30)   Post Evacuate Collection Set: 0.5ms
[2025-06-05T06:24:46.524+0000][4.449s][info ][gc,phases   ] GC(30)   Other: 0.1ms
[2025-06-05T06:24:46.524+0000][4.449s][info ][gc,heap     ] GC(30) Eden regions: 1->0(91)
[2025-06-05T06:24:46.524+0000][4.449s][info ][gc,heap     ] GC(30) Survivor regions: 10->1(2)
[2025-06-05T06:24:46.524+0000][4.449s][info ][gc,heap     ] GC(30) Old regions: 27->36
[2025-06-05T06:24:46.524+0000][4.449s][info ][gc,heap     ] GC(30) Archive regions: 2->2
[2025-06-05T06:24:46.524+0000][4.449s][info ][gc,heap     ] GC(30) Humongous regions: 0->0
[2025-06-05T06:24:46.524+0000][4.449s][info ][gc,metaspace] GC(30) Metaspace: 44960K(45440K)->44960K(45440K) NonClass: 39124K(39360K)->39124K(39360K) Class: 5836K(6080K)->5836K(6080K)
[2025-06-05T06:24:46.525+0000][4.449s][info ][gc          ] GC(30) Pause Young (Mixed) (G1 Evacuation Pause) 37M->37M(154M) 8.112ms
[2025-06-05T06:24:46.525+0000][4.449s][info ][gc,cpu      ] GC(30) User=0.01s Sys=0.00s Real=0.01s
[2025-06-05T06:24:46.525+0000][4.449s][info ][safepoint   ] Safepoint "G1CollectForAllocation", Time since last: 5204000 ns, Reaching safepoint: 154333 ns, Cleanup: 9667 ns, At safepoint: 8222375 ns, Total: 8386375 ns
[2025-06-05T06:24:46.612+0000][4.537s][debug][safepoint   ] Safepoint synchronization initiated using futex wait barrier. (12 threads)
[2025-06-05T06:24:46.612+0000][4.537s][info ][safepoint   ] Safepoint "ICBufferFull", Time since last: 87338125 ns, Reaching safepoint: 186291 ns, Cleanup: 81250 ns, At safepoint: 4834 ns, Total: 272375 ns
[2025-06-05T06:24:46.791+0000][4.716s][debug][safepoint   ] Safepoint synchronization initiated using futex wait barrier. (12 threads)
[2025-06-05T06:24:46.792+0000][4.716s][info ][gc,start    ] GC(31) Pause Young (Normal) (G1 Evacuation Pause)
[2025-06-05T06:24:46.792+0000][4.716s][info ][gc,task     ] GC(31) Using 2 workers of 2 for evacuation
[2025-06-05T06:24:46.796+0000][4.721s][info ][gc,phases   ] GC(31)   Pre Evacuate Collection Set: 0.1ms
[2025-06-05T06:24:46.797+0000][4.721s][info ][gc,phases   ] GC(31)   Merge Heap Roots: 0.1ms
[2025-06-05T06:24:46.797+0000][4.721s][info ][gc,phases   ] GC(31)   Evacuate Collection Set: 4.0ms
[2025-06-05T06:24:46.797+0000][4.721s][info ][gc,phases   ] GC(31)   Post Evacuate Collection Set: 0.6ms
[2025-06-05T06:24:46.797+0000][4.721s][info ][gc,phases   ] GC(31)   Other: 0.2ms
[2025-06-05T06:24:46.797+0000][4.722s][info ][gc,heap     ] GC(31) Eden regions: 91->0(90)
[2025-06-05T06:24:46.797+0000][4.722s][info ][gc,heap     ] GC(31) Survivor regions: 1->2(12)
[2025-06-05T06:24:46.797+0000][4.722s][info ][gc,heap     ] GC(31) Old regions: 36->36
[2025-06-05T06:24:46.797+0000][4.722s][info ][gc,heap     ] GC(31) Archive regions: 2->2
[2025-06-05T06:24:46.797+0000][4.722s][info ][gc,heap     ] GC(31) Humongous regions: 0->0
[2025-06-05T06:24:46.797+0000][4.722s][info ][gc,metaspace] GC(31) Metaspace: 48233K(48640K)->48233K(48640K) NonClass: 42005K(42240K)->42005K(42240K) Class: 6228K(6400K)->6228K(6400K)
[2025-06-05T06:24:46.797+0000][4.722s][info ][gc          ] GC(31) Pause Young (Normal) (G1 Evacuation Pause) 128M->38M(154M) 5.540ms
[2025-06-05T06:24:46.797+0000][4.722s][info ][gc,cpu      ] GC(31) User=0.01s Sys=0.00s Real=0.00s
[2025-06-05T06:24:46.797+0000][4.722s][info ][safepoint   ] Safepoint "G1CollectForAllocation", Time since last: 178913500 ns, Reaching safepoint: 204750 ns, Cleanup: 109583 ns, At safepoint: 5670292 ns, Total: 5984625 ns
[2025-06-05T06:24:46.850+0000][4.775s][debug][safepoint   ] Safepoint synchronization initiated using futex wait barrier. (12 threads)
[2025-06-05T06:24:46.851+0000][4.775s][info ][safepoint   ] Safepoint "ICBufferFull", Time since last: 52687708 ns, Reaching safepoint: 608250 ns, Cleanup: 131834 ns, At safepoint: 5125 ns, Total: 745209 ns
[2025-06-05T06:24:47.012+0000][4.936s][debug][safepoint   ] Safepoint synchronization initiated using futex wait barrier. (15 threads)
[2025-06-05T06:24:47.012+0000][4.937s][info ][safepoint   ] Safepoint "ICBufferFull", Time since last: 160994541 ns, Reaching safepoint: 208750 ns, Cleanup: 84875 ns, At safepoint: 1875 ns, Total: 295500 ns
[2025-06-05T06:24:47.037+0000][4.962s][debug][safepoint   ] Safepoint synchronization initiated using futex wait barrier. (15 threads)
[2025-06-05T06:24:47.037+0000][4.962s][info ][gc,start    ] GC(32) Pause Young (Normal) (G1 Evacuation Pause)
[2025-06-05T06:24:47.037+0000][4.962s][info ][gc,task     ] GC(32) Using 2 workers of 2 for evacuation
[2025-06-05T06:24:47.042+0000][4.967s][info ][gc,phases   ] GC(32)   Pre Evacuate Collection Set: 0.1ms
[2025-06-05T06:24:47.042+0000][4.967s][info ][gc,phases   ] GC(32)   Merge Heap Roots: 0.1ms
[2025-06-05T06:24:47.042+0000][4.967s][info ][gc,phases   ] GC(32)   Evacuate Collection Set: 3.5ms
[2025-06-05T06:24:47.042+0000][4.967s][info ][gc,phases   ] GC(32)   Post Evacuate Collection Set: 0.6ms
[2025-06-05T06:24:47.042+0000][4.967s][info ][gc,phases   ] GC(32)   Other: 0.2ms
[2025-06-05T06:24:47.042+0000][4.967s][info ][gc,heap     ] GC(32) Eden regions: 90->0(88)
[2025-06-05T06:24:47.042+0000][4.967s][info ][gc,heap     ] GC(32) Survivor regions: 2->4(12)
[2025-06-05T06:24:47.042+0000][4.967s][info ][gc,heap     ] GC(32) Old regions: 36->36
[2025-06-05T06:24:47.042+0000][4.967s][info ][gc,heap     ] GC(32) Archive regions: 2->2
[2025-06-05T06:24:47.042+0000][4.967s][info ][gc,heap     ] GC(32) Humongous regions: 0->0
[2025-06-05T06:24:47.042+0000][4.967s][info ][gc,metaspace] GC(32) Metaspace: 49561K(50112K)->49561K(50112K) NonClass: 43127K(43392K)->43127K(43392K) Class: 6434K(6720K)->6434K(6720K)
[2025-06-05T06:24:47.042+0000][4.967s][info ][gc          ] GC(32) Pause Young (Normal) (G1 Evacuation Pause) 128M->39M(154M) 5.003ms
[2025-06-05T06:24:47.042+0000][4.967s][info ][gc,cpu      ] GC(32) User=0.01s Sys=0.00s Real=0.01s
[2025-06-05T06:24:47.043+0000][4.967s][info ][safepoint   ] Safepoint "G1CollectForAllocation", Time since last: 25289875 ns, Reaching safepoint: 188875 ns, Cleanup: 16417 ns, At safepoint: 5128125 ns, Total: 5333417 ns
[2025-06-05T06:24:47.196+0000][5.121s][debug][safepoint   ] Safepoint synchronization initiated using futex wait barrier. (15 threads)
[2025-06-05T06:24:47.197+0000][5.121s][info ][gc,start    ] GC(33) Pause Young (Normal) (G1 Evacuation Pause)
[2025-06-05T06:24:47.197+0000][5.121s][info ][gc,task     ] GC(33) Using 2 workers of 2 for evacuation
[2025-06-05T06:24:47.201+0000][5.126s][info ][gc,phases   ] GC(33)   Pre Evacuate Collection Set: 0.1ms
[2025-06-05T06:24:47.201+0000][5.126s][info ][gc,phases   ] GC(33)   Merge Heap Roots: 0.1ms
[2025-06-05T06:24:47.201+0000][5.126s][info ][gc,phases   ] GC(33)   Evacuate Collection Set: 3.5ms
[2025-06-05T06:24:47.201+0000][5.126s][info ][gc,phases   ] GC(33)   Post Evacuate Collection Set: 0.5ms
[2025-06-05T06:24:47.201+0000][5.126s][info ][gc,phases   ] GC(33)   Other: 0.2ms
[2025-06-05T06:24:47.201+0000][5.126s][info ][gc,heap     ] GC(33) Eden regions: 88->0(88)
[2025-06-05T06:24:47.201+0000][5.126s][info ][gc,heap     ] GC(33) Survivor regions: 4->4(12)
[2025-06-05T06:24:47.201+0000][5.126s][info ][gc,heap     ] GC(33) Old regions: 36->36
[2025-06-05T06:24:47.201+0000][5.126s][info ][gc,heap     ] GC(33) Archive regions: 2->2
[2025-06-05T06:24:47.201+0000][5.126s][info ][gc,heap     ] GC(33) Humongous regions: 0->0
[2025-06-05T06:24:47.201+0000][5.126s][info ][gc,metaspace] GC(33) Metaspace: 51800K(52352K)->51800K(52352K) NonClass: 45052K(45312K)->45052K(45312K) Class: 6748K(7040K)->6748K(7040K)
[2025-06-05T06:24:47.201+0000][5.126s][info ][gc          ] GC(33) Pause Young (Normal) (G1 Evacuation Pause) 127M->40M(154M) 4.910ms
[2025-06-05T06:24:47.202+0000][5.126s][info ][gc,cpu      ] GC(33) User=0.01s Sys=0.01s Real=0.01s
[2025-06-05T06:24:47.202+0000][5.126s][info ][safepoint   ] Safepoint "G1CollectForAllocation", Time since last: 153854250 ns, Reaching safepoint: 162917 ns, Cleanup: 19583 ns, At safepoint: 5013333 ns, Total: 5195833 ns
[2025-06-05T06:24:47.395+0000][5.319s][debug][safepoint   ] Safepoint synchronization initiated using futex wait barrier. (17 threads)
[2025-06-05T06:24:47.395+0000][5.320s][info ][gc,start    ] GC(34) Pause Young (Normal) (G1 Evacuation Pause)
[2025-06-05T06:24:47.395+0000][5.320s][info ][gc,task     ] GC(34) Using 2 workers of 2 for evacuation
[2025-06-05T06:24:47.400+0000][5.325s][info ][gc,phases   ] GC(34)   Pre Evacuate Collection Set: 0.1ms
[2025-06-05T06:24:47.400+0000][5.325s][info ][gc,phases   ] GC(34)   Merge Heap Roots: 0.1ms
[2025-06-05T06:24:47.401+0000][5.325s][info ][gc,phases   ] GC(34)   Evacuate Collection Set: 4.0ms
[2025-06-05T06:24:47.401+0000][5.325s][info ][gc,phases   ] GC(34)   Post Evacuate Collection Set: 1.2ms
[2025-06-05T06:24:47.401+0000][5.325s][info ][gc,phases   ] GC(34)   Other: 0.3ms
[2025-06-05T06:24:47.401+0000][5.325s][info ][gc,heap     ] GC(34) Eden regions: 88->0(194)
[2025-06-05T06:24:47.401+0000][5.325s][info ][gc,heap     ] GC(34) Survivor regions: 4->5(12)
[2025-06-05T06:24:47.401+0000][5.326s][info ][gc,heap     ] GC(34) Old regions: 36->36
[2025-06-05T06:24:47.401+0000][5.326s][info ][gc,heap     ] GC(34) Archive regions: 2->2
[2025-06-05T06:24:47.401+0000][5.326s][info ][gc,heap     ] GC(34) Humongous regions: 0->0
[2025-06-05T06:24:47.401+0000][5.326s][info ][gc,metaspace] GC(34) Metaspace: 55694K(56256K)->55694K(56256K) NonClass: 48435K(48704K)->48435K(48704K) Class: 7258K(7552K)->7258K(7552K)
[2025-06-05T06:24:47.401+0000][5.326s][info ][gc          ] GC(34) Pause Young (Normal) (G1 Evacuation Pause) 128M->40M(333M) 6.142ms
[2025-06-05T06:24:47.401+0000][5.326s][info ][gc,cpu      ] GC(34) User=0.01s Sys=0.00s Real=0.01s
[2025-06-05T06:24:47.401+0000][5.326s][info ][safepoint   ] Safepoint "G1CollectForAllocation", Time since last: 193104376 ns, Reaching safepoint: 100166 ns, Cleanup: 35834 ns, At safepoint: 6247291 ns, Total: 6383291 ns
[2025-06-05T06:24:47.512+0000][5.437s][debug][safepoint   ] Safepoint synchronization initiated using futex wait barrier. (18 threads)
[2025-06-05T06:24:47.513+0000][5.437s][info ][safepoint   ] Safepoint "ICBufferFull", Time since last: 110724459 ns, Reaching safepoint: 697125 ns, Cleanup: 84541 ns, At safepoint: 8500 ns, Total: 790166 ns
[2025-06-05T06:24:47.685+0000][5.609s][debug][safepoint   ] Safepoint synchronization initiated using futex wait barrier. (18 threads)
[2025-06-05T06:24:47.686+0000][5.610s][info ][safepoint   ] Safepoint "ICBufferFull", Time since last: 172148875 ns, Reaching safepoint: 755292 ns, Cleanup: 113375 ns, At safepoint: 6417 ns, Total: 875084 ns
[2025-06-05T06:24:47.837+0000][5.761s][debug][safepoint   ] Safepoint synchronization initiated using futex wait barrier. (18 threads)
[2025-06-05T06:24:47.837+0000][5.762s][info ][gc,start    ] GC(35) Pause Young (Normal) (G1 Evacuation Pause)
[2025-06-05T06:24:47.837+0000][5.762s][info ][gc,task     ] GC(35) Using 2 workers of 2 for evacuation
[2025-06-05T06:24:47.843+0000][5.768s][info ][gc,phases   ] GC(35)   Pre Evacuate Collection Set: 0.1ms
[2025-06-05T06:24:47.843+0000][5.768s][info ][gc,phases   ] GC(35)   Merge Heap Roots: 0.1ms
[2025-06-05T06:24:47.843+0000][5.768s][info ][gc,phases   ] GC(35)   Evacuate Collection Set: 5.2ms
[2025-06-05T06:24:47.843+0000][5.768s][info ][gc,phases   ] GC(35)   Post Evacuate Collection Set: 0.7ms
[2025-06-05T06:24:47.843+0000][5.768s][info ][gc,phases   ] GC(35)   Other: 0.2ms
[2025-06-05T06:24:47.843+0000][5.768s][info ][gc,heap     ] GC(35) Eden regions: 194->0(193)
[2025-06-05T06:24:47.843+0000][5.768s][info ][gc,heap     ] GC(35) Survivor regions: 5->6(25)
[2025-06-05T06:24:47.844+0000][5.768s][info ][gc,heap     ] GC(35) Old regions: 36->36
[2025-06-05T06:24:47.844+0000][5.768s][info ][gc,heap     ] GC(35) Archive regions: 2->2
[2025-06-05T06:24:47.844+0000][5.768s][info ][gc,heap     ] GC(35) Humongous regions: 0->0
[2025-06-05T06:24:47.844+0000][5.768s][info ][gc,metaspace] GC(35) Metaspace: 59761K(60288K)->59761K(60288K) NonClass: 51919K(52160K)->51919K(52160K) Class: 7841K(8128K)->7841K(8128K)
[2025-06-05T06:24:47.844+0000][5.768s][info ][gc          ] GC(35) Pause Young (Normal) (G1 Evacuation Pause) 234M->42M(333M) 6.909ms
[2025-06-05T06:24:47.844+0000][5.768s][info ][gc,cpu      ] GC(35) User=0.01s Sys=0.00s Real=0.01s
[2025-06-05T06:24:47.844+0000][5.769s][info ][safepoint   ] Safepoint "G1CollectForAllocation", Time since last: 151061708 ns, Reaching safepoint: 100417 ns, Cleanup: 22666 ns, At safepoint: 7070125 ns, Total: 7193208 ns
[2025-06-05T06:24:47.973+0000][5.897s][debug][safepoint   ] Safepoint synchronization initiated using futex wait barrier. (18 threads)
[2025-06-05T06:24:47.973+0000][5.898s][info ][safepoint   ] Safepoint "ICBufferFull", Time since last: 128662917 ns, Reaching safepoint: 181542 ns, Cleanup: 74666 ns, At safepoint: 1584 ns, Total: 257792 ns
[2025-06-05T06:24:48.001+0000][5.926s][debug][safepoint   ] Safepoint synchronization initiated using futex wait barrier. (18 threads)
[2025-06-05T06:24:48.001+0000][5.926s][info ][safepoint   ] Safepoint "ICBufferFull", Time since last: 28309875 ns, Reaching safepoint: 184333 ns, Cleanup: 71625 ns, At safepoint: 8125 ns, Total: 264083 ns
[2025-06-05T06:24:48.044+0000][5.969s][debug][safepoint   ] Safepoint synchronization initiated using futex wait barrier. (18 threads)
[2025-06-05T06:24:48.045+0000][5.970s][info ][safepoint   ] Safepoint "ICBufferFull", Time since last: 42696375 ns, Reaching safepoint: 180667 ns, Cleanup: 674041 ns, At safepoint: 5042 ns, Total: 859750 ns
[2025-06-05T06:24:48.107+0000][6.032s][debug][safepoint   ] Safepoint synchronization initiated using futex wait barrier. (18 threads)
[2025-06-05T06:24:48.107+0000][6.032s][info ][safepoint   ] Safepoint "ICBufferFull", Time since last: 62278667 ns, Reaching safepoint: 189333 ns, Cleanup: 99417 ns, At safepoint: 1458 ns, Total: 290208 ns
[2025-06-05T06:24:48.214+0000][6.139s][debug][safepoint   ] Safepoint synchronization initiated using futex wait barrier. (18 threads)
[2025-06-05T06:24:48.215+0000][6.139s][info ][safepoint   ] Safepoint "ICBufferFull", Time since last: 106418375 ns, Reaching safepoint: 624709 ns, Cleanup: 78166 ns, At safepoint: 6625 ns, Total: 709500 ns
[2025-06-05T06:24:48.311+0000][6.236s][debug][safepoint   ] Safepoint synchronization initiated using futex wait barrier. (18 threads)
[2025-06-05T06:24:48.311+0000][6.236s][info ][gc,start    ] GC(36) Pause Young (Normal) (G1 Evacuation Pause)
[2025-06-05T06:24:48.312+0000][6.236s][info ][gc,task     ] GC(36) Using 2 workers of 2 for evacuation
[2025-06-05T06:24:48.321+0000][6.246s][info ][gc,phases   ] GC(36)   Pre Evacuate Collection Set: 0.1ms
[2025-06-05T06:24:48.321+0000][6.246s][info ][gc,phases   ] GC(36)   Merge Heap Roots: 0.1ms
[2025-06-05T06:24:48.321+0000][6.246s][info ][gc,phases   ] GC(36)   Evacuate Collection Set: 8.5ms
[2025-06-05T06:24:48.321+0000][6.246s][info ][gc,phases   ] GC(36)   Post Evacuate Collection Set: 0.7ms
[2025-06-05T06:24:48.321+0000][6.246s][info ][gc,phases   ] GC(36)   Other: 0.2ms
[2025-06-05T06:24:48.321+0000][6.246s][info ][gc,heap     ] GC(36) Eden regions: 193->0(188)
[2025-06-05T06:24:48.321+0000][6.246s][info ][gc,heap     ] GC(36) Survivor regions: 6->11(25)
[2025-06-05T06:24:48.322+0000][6.246s][info ][gc,heap     ] GC(36) Old regions: 36->36
[2025-06-05T06:24:48.322+0000][6.246s][info ][gc,heap     ] GC(36) Archive regions: 2->2
[2025-06-05T06:24:48.322+0000][6.246s][info ][gc,heap     ] GC(36) Humongous regions: 0->0
[2025-06-05T06:24:48.322+0000][6.246s][info ][gc,metaspace] GC(36) Metaspace: 65350K(65856K)->65350K(65856K) NonClass: 56837K(57088K)->56837K(57088K) Class: 8512K(8768K)->8512K(8768K)
[2025-06-05T06:24:48.322+0000][6.246s][info ][gc          ] GC(36) Pause Young (Normal) (G1 Evacuation Pause) 235M->46M(333M) 10.213ms
[2025-06-05T06:24:48.322+0000][6.247s][info ][gc,cpu      ] GC(36) User=0.02s Sys=0.00s Real=0.01s
[2025-06-05T06:24:48.322+0000][6.247s][info ][safepoint   ] Safepoint "G1CollectForAllocation", Time since last: 96601292 ns, Reaching safepoint: 220625 ns, Cleanup: 71917 ns, At safepoint: 10331708 ns, Total: 10624250 ns
[2025-06-05T06:24:48.372+0000][6.297s][debug][safepoint   ] Safepoint synchronization initiated using futex wait barrier. (18 threads)
[2025-06-05T06:24:48.373+0000][6.297s][info ][safepoint   ] Safepoint "ICBufferFull", Time since last: 50672958 ns, Reaching safepoint: 151834 ns, Cleanup: 61666 ns, At safepoint: 4667 ns, Total: 218167 ns
[2025-06-05T06:24:48.388+0000][6.313s][debug][safepoint   ] Safepoint synchronization initiated using futex wait barrier. (18 threads)
[2025-06-05T06:24:48.388+0000][6.313s][info ][safepoint   ] Safepoint "ICBufferFull", Time since last: 15223583 ns, Reaching safepoint: 196917 ns, Cleanup: 98083 ns, At safepoint: 13875 ns, Total: 308875 ns
[2025-06-05T06:24:48.388+0000][6.313s][debug][safepoint   ] Safepoint synchronization initiated using futex wait barrier. (18 threads)
[2025-06-05T06:24:48.390+0000][6.314s][info ][safepoint   ] Safepoint "ICBufferFull", Time since last: 128875 ns, Reaching safepoint: 1292750 ns, Cleanup: 10709 ns, At safepoint: 11375 ns, Total: 1314834 ns
[2025-06-05T06:24:48.393+0000][6.318s][debug][safepoint   ] Safepoint synchronization initiated using futex wait barrier. (18 threads)
[2025-06-05T06:24:48.394+0000][6.318s][info ][safepoint   ] Safepoint "ICBufferFull", Time since last: 3599208 ns, Reaching safepoint: 161708 ns, Cleanup: 103375 ns, At safepoint: 5334 ns, Total: 270417 ns
[2025-06-05T06:24:48.394+0000][6.318s][debug][safepoint   ] Safepoint synchronization initiated using futex wait barrier. (18 threads)
[2025-06-05T06:24:48.395+0000][6.319s][info ][safepoint   ] Safepoint "ICBufferFull", Time since last: 163708 ns, Reaching safepoint: 869500 ns, Cleanup: 13333 ns, At safepoint: 7459 ns, Total: 890292 ns
[2025-06-05T06:24:48.397+0000][6.322s][debug][safepoint   ] Safepoint synchronization initiated using futex wait barrier. (18 threads)
[2025-06-05T06:24:48.398+0000][6.322s][info ][safepoint   ] Safepoint "ICBufferFull", Time since last: 2344333 ns, Reaching safepoint: 561250 ns, Cleanup: 117250 ns, At safepoint: 9250 ns, Total: 687750 ns
[2025-06-05T06:24:48.420+0000][6.344s][debug][safepoint   ] Safepoint synchronization initiated using futex wait barrier. (18 threads)
[2025-06-05T06:24:48.420+0000][6.345s][info ][safepoint   ] Safepoint "ICBufferFull", Time since last: 22122292 ns, Reaching safepoint: 199833 ns, Cleanup: 92542 ns, At safepoint: 4916 ns, Total: 297291 ns
[2025-06-05T06:24:48.587+0000][6.512s][debug][safepoint   ] Safepoint synchronization initiated using futex wait barrier. (18 threads)
[2025-06-05T06:24:48.588+0000][6.512s][info ][gc,start    ] GC(37) Pause Young (Concurrent Start) (Metadata GC Threshold)
[2025-06-05T06:24:48.588+0000][6.512s][info ][gc,task     ] GC(37) Using 2 workers of 2 for evacuation
[2025-06-05T06:24:48.598+0000][6.522s][info ][gc,phases   ] GC(37)   Pre Evacuate Collection Set: 0.1ms
[2025-06-05T06:24:48.598+0000][6.522s][info ][gc,phases   ] GC(37)   Merge Heap Roots: 0.1ms
[2025-06-05T06:24:48.598+0000][6.522s][info ][gc,phases   ] GC(37)   Evacuate Collection Set: 8.8ms
[2025-06-05T06:24:48.598+0000][6.523s][info ][gc,phases   ] GC(37)   Post Evacuate Collection Set: 0.8ms
[2025-06-05T06:24:48.598+0000][6.523s][info ][gc,phases   ] GC(37)   Other: 0.2ms
[2025-06-05T06:24:48.598+0000][6.523s][info ][gc,heap     ] GC(37) Eden regions: 90->0(187)
[2025-06-05T06:24:48.598+0000][6.523s][info ][gc,heap     ] GC(37) Survivor regions: 11->12(25)
[2025-06-05T06:24:48.598+0000][6.523s][info ][gc,heap     ] GC(37) Old regions: 36->36
[2025-06-05T06:24:48.598+0000][6.523s][info ][gc,heap     ] GC(37) Archive regions: 2->2
[2025-06-05T06:24:48.598+0000][6.523s][info ][gc,heap     ] GC(37) Humongous regions: 0->0
[2025-06-05T06:24:48.598+0000][6.523s][info ][gc,metaspace] GC(37) Metaspace: 68769K(69248K)->68769K(69248K) NonClass: 59716K(59968K)->59716K(59968K) Class: 9052K(9280K)->9052K(9280K)
[2025-06-05T06:24:48.598+0000][6.523s][info ][gc          ] GC(37) Pause Young (Concurrent Start) (Metadata GC Threshold) 136M->47M(333M) 10.536ms
[2025-06-05T06:24:48.598+0000][6.523s][info ][gc,cpu      ] GC(37) User=0.02s Sys=0.00s Real=0.01s
[2025-06-05T06:24:48.598+0000][6.523s][info ][safepoint   ] Safepoint "CollectForMetadataAllocation", Time since last: 167189917 ns, Reaching safepoint: 236958 ns, Cleanup: 112042 ns, At safepoint: 10691417 ns, Total: 11040417 ns
[2025-06-05T06:24:48.598+0000][6.523s][info ][gc          ] GC(38) Concurrent Mark Cycle
[2025-06-05T06:24:48.598+0000][6.523s][info ][gc,marking  ] GC(38) Concurrent Clear Claimed Marks
[2025-06-05T06:24:48.599+0000][6.523s][info ][gc,marking  ] GC(38) Concurrent Clear Claimed Marks 0.136ms
[2025-06-05T06:24:48.599+0000][6.523s][info ][gc,marking  ] GC(38) Concurrent Scan Root Regions
[2025-06-05T06:24:48.605+0000][6.529s][info ][gc,marking  ] GC(38) Concurrent Scan Root Regions 5.811ms
[2025-06-05T06:24:48.605+0000][6.529s][info ][gc,marking  ] GC(38) Concurrent Mark
[2025-06-05T06:24:48.605+0000][6.529s][info ][gc,marking  ] GC(38) Concurrent Mark From Roots
[2025-06-05T06:24:48.605+0000][6.529s][info ][gc,task     ] GC(38) Using 1 workers of 1 for marking
[2025-06-05T06:24:48.612+0000][6.537s][debug][safepoint   ] Safepoint synchronization initiated using futex wait barrier. (18 threads)
[2025-06-05T06:24:48.612+0000][6.537s][info ][safepoint   ] Safepoint "CollectForMetadataAllocation", Time since last: 13735625 ns, Reaching safepoint: 192333 ns, Cleanup: 2833 ns, At safepoint: 23417 ns, Total: 218583 ns
[2025-06-05T06:24:48.634+0000][6.558s][info ][gc,marking  ] GC(38) Concurrent Mark From Roots 28.819ms
[2025-06-05T06:24:48.634+0000][6.558s][info ][gc,marking  ] GC(38) Concurrent Preclean
[2025-06-05T06:24:48.634+0000][6.559s][info ][gc,marking  ] GC(38) Concurrent Preclean 0.190ms
[2025-06-05T06:24:48.634+0000][6.559s][debug][safepoint   ] Safepoint synchronization initiated using futex wait barrier. (18 threads)
[2025-06-05T06:24:48.635+0000][6.559s][info ][gc,start    ] GC(38) Pause Remark
[2025-06-05T06:24:48.639+0000][6.563s][info ][gc          ] GC(38) Pause Remark 62M->62M(217M) 4.037ms
[2025-06-05T06:24:48.639+0000][6.563s][info ][gc,cpu      ] GC(38) User=0.01s Sys=0.00s Real=0.00s
[2025-06-05T06:24:48.639+0000][6.564s][info ][safepoint   ] Safepoint "G1PauseRemark", Time since last: 21749250 ns, Reaching safepoint: 537292 ns, Cleanup: 3000 ns, At safepoint: 4240916 ns, Total: 4781208 ns
[2025-06-05T06:24:48.639+0000][6.564s][info ][gc,marking  ] GC(38) Concurrent Mark 34.189ms
[2025-06-05T06:24:48.639+0000][6.564s][info ][gc,marking  ] GC(38) Concurrent Rebuild Remembered Sets
[2025-06-05T06:24:48.683+0000][6.608s][info ][gc,marking  ] GC(38) Concurrent Rebuild Remembered Sets 44.493ms
[2025-06-05T06:24:48.684+0000][6.608s][debug][safepoint   ] Safepoint synchronization initiated using futex wait barrier. (18 threads)
[2025-06-05T06:24:48.684+0000][6.608s][info ][gc,start    ] GC(38) Pause Cleanup
[2025-06-05T06:24:48.684+0000][6.609s][info ][gc          ] GC(38) Pause Cleanup 70M->70M(217M) 0.131ms
[2025-06-05T06:24:48.684+0000][6.609s][info ][gc,cpu      ] GC(38) User=0.00s Sys=0.00s Real=0.00s
[2025-06-05T06:24:48.684+0000][6.609s][info ][safepoint   ] Safepoint "G1PauseCleanup", Time since last: 44840625 ns, Reaching safepoint: 58584 ns, Cleanup: 9416 ns, At safepoint: 264292 ns, Total: 332292 ns
[2025-06-05T06:24:48.684+0000][6.609s][info ][gc,marking  ] GC(38) Concurrent Cleanup for Next Mark
[2025-06-05T06:24:48.684+0000][6.609s][info ][gc,marking  ] GC(38) Concurrent Cleanup for Next Mark 0.378ms
[2025-06-05T06:24:48.684+0000][6.609s][info ][gc          ] GC(38) Concurrent Mark Cycle 86.141ms
[2025-06-05T06:24:48.831+0000][6.756s][debug][safepoint   ] Safepoint synchronization initiated using futex wait barrier. (18 threads)
[2025-06-05T06:24:48.831+0000][6.756s][info ][safepoint   ] Safepoint "ICBufferFull", Time since last: 147183750 ns, Reaching safepoint: 208667 ns, Cleanup: 83708 ns, At safepoint: 1542 ns, Total: 293917 ns
[2025-06-05T06:24:48.899+0000][6.824s][debug][safepoint   ] Safepoint synchronization initiated using futex wait barrier. (18 threads)
[2025-06-05T06:24:48.899+0000][6.824s][info ][gc,start    ] GC(39) Pause Young (Prepare Mixed) (G1 Preventive Collection)
[2025-06-05T06:24:48.899+0000][6.824s][info ][gc,task     ] GC(39) Using 2 workers of 2 for evacuation
[2025-06-05T06:24:48.910+0000][6.834s][info ][gc,phases   ] GC(39)   Pre Evacuate Collection Set: 0.1ms
[2025-06-05T06:24:48.910+0000][6.835s][info ][gc,phases   ] GC(39)   Merge Heap Roots: 0.1ms
[2025-06-05T06:24:48.910+0000][6.835s][info ][gc,phases   ] GC(39)   Evacuate Collection Set: 9.2ms
[2025-06-05T06:24:48.910+0000][6.835s][info ][gc,phases   ] GC(39)   Post Evacuate Collection Set: 0.8ms
[2025-06-05T06:24:48.910+0000][6.835s][info ][gc,phases   ] GC(39)   Other: 0.2ms
[2025-06-05T06:24:48.910+0000][6.835s][info ][gc,heap     ] GC(39) Eden regions: 151->0(1)
[2025-06-05T06:24:48.910+0000][6.835s][info ][gc,heap     ] GC(39) Survivor regions: 12->12(25)
[2025-06-05T06:24:48.910+0000][6.835s][info ][gc,heap     ] GC(39) Old regions: 36->36
[2025-06-05T06:24:48.910+0000][6.835s][info ][gc,heap     ] GC(39) Archive regions: 2->2
[2025-06-05T06:24:48.910+0000][6.835s][info ][gc,heap     ] GC(39) Humongous regions: 0->0
[2025-06-05T06:24:48.910+0000][6.835s][info ][gc,metaspace] GC(39) Metaspace: 72080K(72640K)->72080K(72640K) NonClass: 62439K(62720K)->62439K(62720K) Class: 9641K(9920K)->9641K(9920K)
[2025-06-05T06:24:48.910+0000][6.835s][info ][gc          ] GC(39) Pause Young (Prepare Mixed) (G1 Preventive Collection) 198M->48M(217M) 10.984ms
[2025-06-05T06:24:48.910+0000][6.835s][info ][gc,cpu      ] GC(39) User=0.03s Sys=0.00s Real=0.02s
[2025-06-05T06:24:48.910+0000][6.835s][info ][safepoint   ] Safepoint "G1CollectForAllocation", Time since last: 67598208 ns, Reaching safepoint: 203334 ns, Cleanup: 60833 ns, At safepoint: 11129167 ns, Total: 11393334 ns
[2025-06-05T06:24:48.912+0000][6.837s][debug][safepoint   ] Safepoint synchronization initiated using futex wait barrier. (18 threads)
[2025-06-05T06:24:48.912+0000][6.837s][info ][gc,start    ] GC(40) Pause Young (Mixed) (G1 Evacuation Pause)
[2025-06-05T06:24:48.913+0000][6.837s][info ][gc,task     ] GC(40) Using 2 workers of 2 for evacuation
[2025-06-05T06:24:48.922+0000][6.847s][info ][gc,phases   ] GC(40)   Pre Evacuate Collection Set: 0.1ms
[2025-06-05T06:24:48.922+0000][6.847s][info ][gc,phases   ] GC(40)   Merge Heap Roots: 0.1ms
[2025-06-05T06:24:48.922+0000][6.847s][info ][gc,phases   ] GC(40)   Evacuate Collection Set: 8.9ms
[2025-06-05T06:24:48.922+0000][6.847s][info ][gc,phases   ] GC(40)   Post Evacuate Collection Set: 0.6ms
[2025-06-05T06:24:48.923+0000][6.847s][info ][gc,phases   ] GC(40)   Other: 0.1ms
[2025-06-05T06:24:48.923+0000][6.847s][info ][gc,heap     ] GC(40) Eden regions: 1->0(129)
[2025-06-05T06:24:48.923+0000][6.847s][info ][gc,heap     ] GC(40) Survivor regions: 12->1(2)
[2025-06-05T06:24:48.923+0000][6.847s][info ][gc,heap     ] GC(40) Old regions: 36->47
[2025-06-05T06:24:48.923+0000][6.847s][info ][gc,heap     ] GC(40) Archive regions: 2->2
[2025-06-05T06:24:48.923+0000][6.847s][info ][gc,heap     ] GC(40) Humongous regions: 0->0
[2025-06-05T06:24:48.923+0000][6.848s][info ][gc,metaspace] GC(40) Metaspace: 72090K(72640K)->72090K(72640K) NonClass: 62447K(62720K)->62447K(62720K) Class: 9643K(9920K)->9643K(9920K)
[2025-06-05T06:24:48.923+0000][6.848s][info ][gc          ] GC(40) Pause Young (Mixed) (G1 Evacuation Pause) 49M->48M(217M) 10.403ms
[2025-06-05T06:24:48.923+0000][6.848s][info ][gc,cpu      ] GC(40) User=0.02s Sys=0.00s Real=0.01s
[2025-06-05T06:24:48.923+0000][6.848s][info ][safepoint   ] Safepoint "G1CollectForAllocation", Time since last: 1926000 ns, Reaching safepoint: 119791 ns, Cleanup: 2542 ns, At safepoint: 10505542 ns, Total: 10627875 ns
[2025-06-05T06:24:48.980+0000][6.905s][debug][safepoint   ] Safepoint synchronization initiated using futex wait barrier. (18 threads)
[2025-06-05T06:24:48.982+0000][6.906s][info ][safepoint   ] Safepoint "ICBufferFull", Time since last: 57211916 ns, Reaching safepoint: 1478042 ns, Cleanup: 76292 ns, At safepoint: 8041 ns, Total: 1562375 ns
[2025-06-05T06:24:48.992+0000][6.917s][debug][safepoint   ] Safepoint synchronization initiated using futex wait barrier. (18 threads)
[2025-06-05T06:24:48.993+0000][6.917s][info ][safepoint   ] Safepoint "ICBufferFull", Time since last: 10303250 ns, Reaching safepoint: 431709 ns, Cleanup: 91750 ns, At safepoint: 7541 ns, Total: 531000 ns
[2025-06-05T06:24:49.012+0000][6.937s][debug][safepoint   ] Safepoint synchronization initiated using futex wait barrier. (18 threads)
[2025-06-05T06:24:49.013+0000][6.937s][info ][safepoint   ] Safepoint "ICBufferFull", Time since last: 19330792 ns, Reaching safepoint: 598500 ns, Cleanup: 99292 ns, At safepoint: 5416 ns, Total: 703208 ns
[2025-06-05T06:24:49.027+0000][6.952s][debug][safepoint   ] Safepoint synchronization initiated using futex wait barrier. (18 threads)
[2025-06-05T06:24:49.028+0000][6.953s][info ][safepoint   ] Safepoint "ICBufferFull", Time since last: 14839792 ns, Reaching safepoint: 199167 ns, Cleanup: 113875 ns, At safepoint: 9916 ns, Total: 322958 ns
[2025-06-05T06:24:49.049+0000][6.973s][debug][safepoint   ] Safepoint synchronization initiated using futex wait barrier. (18 threads)
[2025-06-05T06:24:49.049+0000][6.974s][info ][safepoint   ] Safepoint "ICBufferFull", Time since last: 20929584 ns, Reaching safepoint: 182875 ns, Cleanup: 87666 ns, At safepoint: 9584 ns, Total: 280125 ns
[2025-06-05T06:24:49.086+0000][7.011s][debug][safepoint   ] Safepoint synchronization initiated using futex wait barrier. (18 threads)
[2025-06-05T06:24:49.087+0000][7.011s][info ][safepoint   ] Safepoint "ICBufferFull", Time since last: 37309708 ns, Reaching safepoint: 174333 ns, Cleanup: 83917 ns, At safepoint: 1708 ns, Total: 259958 ns
[2025-06-05T06:24:49.103+0000][7.028s][debug][safepoint   ] Safepoint synchronization initiated using futex wait barrier. (18 threads)
[2025-06-05T06:24:49.103+0000][7.028s][info ][safepoint   ] Safepoint "ICBufferFull", Time since last: 16401667 ns, Reaching safepoint: 162292 ns, Cleanup: 89416 ns, At safepoint: 1500 ns, Total: 253208 ns
[2025-06-05T06:24:49.123+0000][7.047s][debug][safepoint   ] Safepoint synchronization initiated using futex wait barrier. (18 threads)
[2025-06-05T06:24:49.123+0000][7.048s][info ][safepoint   ] Safepoint "ICBufferFull", Time since last: 19447584 ns, Reaching safepoint: 164583 ns, Cleanup: 86917 ns, At safepoint: 8625 ns, Total: 260125 ns
[2025-06-05T06:24:49.142+0000][7.067s][debug][safepoint   ] Safepoint synchronization initiated using futex wait barrier. (18 threads)
[2025-06-05T06:24:49.143+0000][7.067s][info ][safepoint   ] Safepoint "ICBufferFull", Time since last: 19578416 ns, Reaching safepoint: 158250 ns, Cleanup: 94792 ns, At safepoint: 1375 ns, Total: 254417 ns
[2025-06-05T06:24:49.195+0000][7.119s][debug][safepoint   ] Safepoint synchronization initiated using futex wait barrier. (18 threads)
[2025-06-05T06:24:49.195+0000][7.120s][info ][safepoint   ] Safepoint "ICBufferFull", Time since last: 51926958 ns, Reaching safepoint: 200167 ns, Cleanup: 82417 ns, At safepoint: 9291 ns, Total: 291875 ns
[2025-06-05T06:24:49.209+0000][7.133s][debug][safepoint   ] Safepoint synchronization initiated using futex wait barrier. (18 threads)
[2025-06-05T06:24:49.209+0000][7.134s][info ][safepoint   ] Safepoint "ICBufferFull", Time since last: 13673667 ns, Reaching safepoint: 176417 ns, Cleanup: 93875 ns, At safepoint: 11875 ns, Total: 282167 ns
[2025-06-05T06:24:49.245+0000][7.170s][debug][safepoint   ] Safepoint synchronization initiated using futex wait barrier. (18 threads)
[2025-06-05T06:24:49.246+0000][7.170s][info ][safepoint   ] Safepoint "ICBufferFull", Time since last: 36499666 ns, Reaching safepoint: 187417 ns, Cleanup: 67500 ns, At safepoint: 1542 ns, Total: 256459 ns
[2025-06-05T06:24:49.281+0000][7.206s][debug][safepoint   ] Safepoint synchronization initiated using futex wait barrier. (18 threads)
[2025-06-05T06:24:49.281+0000][7.206s][info ][gc,start    ] GC(41) Pause Young (Concurrent Start) (G1 Evacuation Pause)
[2025-06-05T06:24:49.281+0000][7.206s][info ][gc,task     ] GC(41) Using 2 workers of 2 for evacuation
[2025-06-05T06:24:49.285+0000][7.210s][info ][gc,phases   ] GC(41)   Pre Evacuate Collection Set: 0.1ms
[2025-06-05T06:24:49.286+0000][7.210s][info ][gc,phases   ] GC(41)   Merge Heap Roots: 0.1ms
[2025-06-05T06:24:49.286+0000][7.210s][info ][gc,phases   ] GC(41)   Evacuate Collection Set: 3.2ms
[2025-06-05T06:24:49.286+0000][7.211s][info ][gc,phases   ] GC(41)   Post Evacuate Collection Set: 0.7ms
[2025-06-05T06:24:49.286+0000][7.211s][info ][gc,phases   ] GC(41)   Other: 0.2ms
[2025-06-05T06:24:49.286+0000][7.211s][info ][gc,heap     ] GC(41) Eden regions: 129->0(128)
[2025-06-05T06:24:49.286+0000][7.211s][info ][gc,heap     ] GC(41) Survivor regions: 1->2(17)
[2025-06-05T06:24:49.286+0000][7.211s][info ][gc,heap     ] GC(41) Old regions: 47->47
[2025-06-05T06:24:49.286+0000][7.211s][info ][gc,heap     ] GC(41) Archive regions: 2->2
[2025-06-05T06:24:49.286+0000][7.211s][info ][gc,heap     ] GC(41) Humongous regions: 0->0
[2025-06-05T06:24:49.286+0000][7.211s][info ][gc,metaspace] GC(41) Metaspace: 74496K(75008K)->74496K(75008K) NonClass: 64589K(64832K)->64589K(64832K) Class: 9907K(10176K)->9907K(10176K)
[2025-06-05T06:24:49.286+0000][7.211s][info ][gc          ] GC(41) Pause Young (Concurrent Start) (G1 Evacuation Pause) 177M->49M(217M) 5.019ms
[2025-06-05T06:24:49.286+0000][7.211s][info ][gc,cpu      ] GC(41) User=0.01s Sys=0.00s Real=0.00s
[2025-06-05T06:24:49.286+0000][7.211s][info ][safepoint   ] Safepoint "G1CollectForAllocation", Time since last: 35234625 ns, Reaching safepoint: 174375 ns, Cleanup: 70250 ns, At safepoint: 5130208 ns, Total: 5374833 ns
[2025-06-05T06:24:49.286+0000][7.211s][info ][gc          ] GC(42) Concurrent Mark Cycle
[2025-06-05T06:24:49.286+0000][7.211s][info ][gc,marking  ] GC(42) Concurrent Clear Claimed Marks
[2025-06-05T06:24:49.287+0000][7.211s][info ][gc,marking  ] GC(42) Concurrent Clear Claimed Marks 0.189ms
[2025-06-05T06:24:49.287+0000][7.211s][info ][gc,marking  ] GC(42) Concurrent Scan Root Regions
[2025-06-05T06:24:49.288+0000][7.213s][info ][gc,marking  ] GC(42) Concurrent Scan Root Regions 1.774ms
[2025-06-05T06:24:49.289+0000][7.213s][info ][gc,marking  ] GC(42) Concurrent Mark
[2025-06-05T06:24:49.289+0000][7.213s][info ][gc,marking  ] GC(42) Concurrent Mark From Roots
[2025-06-05T06:24:49.289+0000][7.214s][info ][gc,task     ] GC(42) Using 1 workers of 1 for marking
[2025-06-05T06:24:49.329+0000][7.254s][info ][gc,marking  ] GC(42) Concurrent Mark From Roots 40.287ms
[2025-06-05T06:24:49.329+0000][7.254s][info ][gc,marking  ] GC(42) Concurrent Preclean
[2025-06-05T06:24:49.329+0000][7.254s][info ][gc,marking  ] GC(42) Concurrent Preclean 0.235ms
[2025-06-05T06:24:49.330+0000][7.254s][debug][safepoint   ] Safepoint synchronization initiated using futex wait barrier. (18 threads)
[2025-06-05T06:24:49.331+0000][7.255s][info ][gc,start    ] GC(42) Pause Remark
[2025-06-05T06:24:49.335+0000][7.260s][info ][gc          ] GC(42) Pause Remark 64M->64M(217M) 4.299ms
[2025-06-05T06:24:49.335+0000][7.260s][info ][gc,cpu      ] GC(42) User=0.01s Sys=0.00s Real=0.00s
[2025-06-05T06:24:49.335+0000][7.260s][info ][safepoint   ] Safepoint "G1PauseRemark", Time since last: 43217875 ns, Reaching safepoint: 1111958 ns, Cleanup: 38667 ns, At safepoint: 4646167 ns, Total: 5796792 ns
[2025-06-05T06:24:49.335+0000][7.260s][info ][gc,marking  ] GC(42) Concurrent Mark 46.839ms
[2025-06-05T06:24:49.336+0000][7.260s][info ][gc,marking  ] GC(42) Concurrent Rebuild Remembered Sets
[2025-06-05T06:24:49.392+0000][7.317s][info ][gc,marking  ] GC(42) Concurrent Rebuild Remembered Sets 56.442ms
[2025-06-05T06:24:49.392+0000][7.317s][debug][safepoint   ] Safepoint synchronization initiated using futex wait barrier. (18 threads)
[2025-06-05T06:24:49.392+0000][7.317s][info ][gc,start    ] GC(42) Pause Cleanup
[2025-06-05T06:24:49.392+0000][7.317s][info ][gc          ] GC(42) Pause Cleanup 77M->77M(217M) 0.158ms
[2025-06-05T06:24:49.392+0000][7.317s][info ][gc,cpu      ] GC(42) User=0.00s Sys=0.00s Real=0.00s
[2025-06-05T06:24:49.393+0000][7.317s][info ][safepoint   ] Safepoint "G1PauseCleanup", Time since last: 56872541 ns, Reaching safepoint: 54417 ns, Cleanup: 19083 ns, At safepoint: 271625 ns, Total: 345125 ns
[2025-06-05T06:24:49.393+0000][7.317s][info ][gc,marking  ] GC(42) Concurrent Cleanup for Next Mark
[2025-06-05T06:24:49.393+0000][7.318s][info ][gc,marking  ] GC(42) Concurrent Cleanup for Next Mark 0.321ms
[2025-06-05T06:24:49.393+0000][7.318s][info ][gc          ] GC(42) Concurrent Mark Cycle 106.716ms
[2025-06-05T06:24:49.460+0000][7.384s][debug][safepoint   ] Safepoint synchronization initiated using futex wait barrier. (18 threads)
[2025-06-05T06:24:49.460+0000][7.385s][info ][safepoint   ] Safepoint "ICBufferFull", Time since last: 67176167 ns, Reaching safepoint: 202209 ns, Cleanup: 77125 ns, At safepoint: 1916 ns, Total: 281250 ns
[2025-06-05T06:24:49.549+0000][7.473s][debug][safepoint   ] Safepoint synchronization initiated using futex wait barrier. (18 threads)
[2025-06-05T06:24:49.549+0000][7.474s][info ][gc,start    ] GC(43) Pause Young (Normal) (G1 Evacuation Pause)
[2025-06-05T06:24:49.549+0000][7.474s][info ][gc,task     ] GC(43) Using 2 workers of 2 for evacuation
[2025-06-05T06:24:49.554+0000][7.479s][info ][gc,phases   ] GC(43)   Pre Evacuate Collection Set: 0.1ms
[2025-06-05T06:24:49.554+0000][7.479s][info ][gc,phases   ] GC(43)   Merge Heap Roots: 0.1ms
[2025-06-05T06:24:49.554+0000][7.479s][info ][gc,phases   ] GC(43)   Evacuate Collection Set: 4.3ms
[2025-06-05T06:24:49.554+0000][7.479s][info ][gc,phases   ] GC(43)   Post Evacuate Collection Set: 0.6ms
[2025-06-05T06:24:49.554+0000][7.479s][info ][gc,phases   ] GC(43)   Other: 0.2ms
[2025-06-05T06:24:49.554+0000][7.479s][info ][gc,heap     ] GC(43) Eden regions: 128->0(125)
[2025-06-05T06:24:49.555+0000][7.479s][info ][gc,heap     ] GC(43) Survivor regions: 2->5(17)
[2025-06-05T06:24:49.555+0000][7.479s][info ][gc,heap     ] GC(43) Old regions: 47->47
[2025-06-05T06:24:49.555+0000][7.479s][info ][gc,heap     ] GC(43) Archive regions: 2->2
[2025-06-05T06:24:49.555+0000][7.479s][info ][gc,heap     ] GC(43) Humongous regions: 0->0
[2025-06-05T06:24:49.555+0000][7.479s][info ][gc,metaspace] GC(43) Metaspace: 77162K(77760K)->77162K(77760K) NonClass: 66830K(67136K)->66830K(67136K) Class: 10332K(10624K)->10332K(10624K)
[2025-06-05T06:24:49.555+0000][7.480s][info ][gc          ] GC(43) Pause Young (Normal) (G1 Evacuation Pause) 177M->51M(217M) 5.903ms
[2025-06-05T06:24:49.555+0000][7.480s][info ][gc,cpu      ] GC(43) User=0.01s Sys=0.00s Real=0.01s
[2025-06-05T06:24:49.555+0000][7.480s][info ][safepoint   ] Safepoint "G1CollectForAllocation", Time since last: 88734500 ns, Reaching safepoint: 145375 ns, Cleanup: 47792 ns, At safepoint: 6007167 ns, Total: 6200334 ns
[2025-06-05T06:24:49.613+0000][7.537s][debug][safepoint   ] Safepoint synchronization initiated using futex wait barrier. (18 threads)
[2025-06-05T06:24:49.613+0000][7.538s][info ][safepoint   ] Safepoint "ICBufferFull", Time since last: 57657875 ns, Reaching safepoint: 186333 ns, Cleanup: 83958 ns, At safepoint: 1459 ns, Total: 271750 ns
[2025-06-05T06:24:49.674+0000][7.599s][debug][safepoint   ] Safepoint synchronization initiated using futex wait barrier. (18 threads)
[2025-06-05T06:24:49.674+0000][7.599s][info ][safepoint   ] Safepoint "ICBufferFull", Time since last: 60996916 ns, Reaching safepoint: 197084 ns, Cleanup: 97875 ns, At safepoint: 1916 ns, Total: 296875 ns
[2025-06-05T06:24:49.730+0000][7.654s][debug][safepoint   ] Safepoint synchronization initiated using futex wait barrier. (18 threads)
[2025-06-05T06:24:49.730+0000][7.655s][info ][safepoint   ] Safepoint "ICBufferFull", Time since last: 55495709 ns, Reaching safepoint: 181000 ns, Cleanup: 116500 ns, At safepoint: 9083 ns, Total: 306583 ns
[2025-06-05T06:24:49.836+0000][7.760s][debug][safepoint   ] Safepoint synchronization initiated using futex wait barrier. (18 threads)
[2025-06-05T06:24:49.836+0000][7.761s][info ][safepoint   ] Safepoint "ICBufferFull", Time since last: 105807333 ns, Reaching safepoint: 137959 ns, Cleanup: 145791 ns, At safepoint: 6584 ns, Total: 290334 ns
[2025-06-05T06:24:49.881+0000][7.806s][debug][safepoint   ] Safepoint synchronization initiated using futex wait barrier. (18 threads)
[2025-06-05T06:24:49.882+0000][7.806s][info ][safepoint   ] Safepoint "ICBufferFull", Time since last: 45408041 ns, Reaching safepoint: 201459 ns, Cleanup: 104166 ns, At safepoint: 4917 ns, Total: 310542 ns
[2025-06-05T06:24:49.926+0000][7.851s][debug][safepoint   ] Safepoint synchronization initiated using futex wait barrier. (18 threads)
[2025-06-05T06:24:49.927+0000][7.851s][info ][safepoint   ] Safepoint "ICBufferFull", Time since last: 44481833 ns, Reaching safepoint: 175667 ns, Cleanup: 111875 ns, At safepoint: 1375 ns, Total: 288917 ns
[2025-06-05T06:24:49.932+0000][7.857s][debug][safepoint   ] Safepoint synchronization initiated using futex wait barrier. (18 threads)
[2025-06-05T06:24:49.932+0000][7.857s][info ][gc,start    ] GC(44) Pause Young (Normal) (G1 Evacuation Pause)
[2025-06-05T06:24:49.932+0000][7.857s][info ][gc,task     ] GC(44) Using 2 workers of 2 for evacuation
[2025-06-05T06:24:49.941+0000][7.866s][info ][gc,phases   ] GC(44)   Pre Evacuate Collection Set: 0.1ms
[2025-06-05T06:24:49.941+0000][7.866s][info ][gc,phases   ] GC(44)   Merge Heap Roots: 0.1ms
[2025-06-05T06:24:49.941+0000][7.866s][info ][gc,phases   ] GC(44)   Evacuate Collection Set: 8.0ms
[2025-06-05T06:24:49.942+0000][7.866s][info ][gc,phases   ] GC(44)   Post Evacuate Collection Set: 0.9ms
[2025-06-05T06:24:49.942+0000][7.866s][info ][gc,phases   ] GC(44)   Other: 0.2ms
[2025-06-05T06:24:49.942+0000][7.866s][info ][gc,heap     ] GC(44) Eden regions: 125->0(121)
[2025-06-05T06:24:49.942+0000][7.866s][info ][gc,heap     ] GC(44) Survivor regions: 5->9(17)
[2025-06-05T06:24:49.942+0000][7.866s][info ][gc,heap     ] GC(44) Old regions: 47->47
[2025-06-05T06:24:49.942+0000][7.866s][info ][gc,heap     ] GC(44) Archive regions: 2->2
[2025-06-05T06:24:49.942+0000][7.867s][info ][gc,heap     ] GC(44) Humongous regions: 0->0
[2025-06-05T06:24:49.942+0000][7.867s][info ][gc,metaspace] GC(44) Metaspace: 80595K(81152K)->80595K(81152K) NonClass: 69960K(70272K)->69960K(70272K) Class: 10634K(10880K)->10634K(10880K)
[2025-06-05T06:24:49.942+0000][7.867s][info ][gc          ] GC(44) Pause Young (Normal) (G1 Evacuation Pause) 176M->56M(217M) 9.910ms
[2025-06-05T06:24:49.942+0000][7.867s][info ][gc,cpu      ] GC(44) User=0.02s Sys=0.00s Real=0.01s
[2025-06-05T06:24:49.942+0000][7.867s][info ][safepoint   ] Safepoint "G1CollectForAllocation", Time since last: 5309875 ns, Reaching safepoint: 131333 ns, Cleanup: 9000 ns, At safepoint: 10030792 ns, Total: 10171125 ns
[2025-06-05T06:24:50.089+0000][8.014s][debug][safepoint   ] Safepoint synchronization initiated using futex wait barrier. (18 threads)
[2025-06-05T06:24:50.090+0000][8.014s][info ][safepoint   ] Safepoint "ICBufferFull", Time since last: 147298625 ns, Reaching safepoint: 184208 ns, Cleanup: 128959 ns, At safepoint: 1916 ns, Total: 315083 ns
[2025-06-05T06:24:50.323+0000][8.247s][debug][safepoint   ] Safepoint synchronization initiated using futex wait barrier. (22 threads)
[2025-06-05T06:24:50.324+0000][8.248s][info ][gc,start    ] GC(45) Pause Young (Normal) (G1 Evacuation Pause)
[2025-06-05T06:24:50.324+0000][8.248s][info ][gc,task     ] GC(45) Using 2 workers of 2 for evacuation
[2025-06-05T06:24:50.335+0000][8.260s][info ][gc,phases   ] GC(45)   Pre Evacuate Collection Set: 0.1ms
[2025-06-05T06:24:50.335+0000][8.260s][info ][gc,phases   ] GC(45)   Merge Heap Roots: 0.1ms
[2025-06-05T06:24:50.335+0000][8.260s][info ][gc,phases   ] GC(45)   Evacuate Collection Set: 10.1ms
[2025-06-05T06:24:50.335+0000][8.260s][info ][gc,phases   ] GC(45)   Post Evacuate Collection Set: 1.0ms
[2025-06-05T06:24:50.335+0000][8.260s][info ][gc,phases   ] GC(45)   Other: 0.2ms
[2025-06-05T06:24:50.336+0000][8.260s][info ][gc,heap     ] GC(45) Eden regions: 121->0(117)
[2025-06-05T06:24:50.336+0000][8.260s][info ][gc,heap     ] GC(45) Survivor regions: 9->13(17)
[2025-06-05T06:24:50.336+0000][8.260s][info ][gc,heap     ] GC(45) Old regions: 47->47
[2025-06-05T06:24:50.336+0000][8.261s][info ][gc,heap     ] GC(45) Archive regions: 2->2
[2025-06-05T06:24:50.336+0000][8.261s][info ][gc,heap     ] GC(45) Humongous regions: 0->0
[2025-06-05T06:24:50.336+0000][8.261s][info ][gc,metaspace] GC(45) Metaspace: 83438K(84032K)->83438K(84032K) NonClass: 72611K(72896K)->72611K(72896K) Class: 10826K(11136K)->10826K(11136K)
[2025-06-05T06:24:50.336+0000][8.261s][info ][gc          ] GC(45) Pause Young (Normal) (G1 Evacuation Pause) 177M->60M(217M) 12.345ms
[2025-06-05T06:24:50.336+0000][8.261s][info ][gc,cpu      ] GC(45) User=0.02s Sys=0.00s Real=0.01s
[2025-06-05T06:24:50.336+0000][8.261s][info ][safepoint   ] Safepoint "G1CollectForAllocation", Time since last: 233083459 ns, Reaching safepoint: 842083 ns, Cleanup: 87084 ns, At safepoint: 12480375 ns, Total: 13409542 ns
[2025-06-05T06:24:50.473+0000][8.397s][debug][safepoint   ] Safepoint synchronization initiated using futex wait barrier. (22 threads)
[2025-06-05T06:24:50.473+0000][8.398s][info ][safepoint   ] Safepoint "ICBufferFull", Time since last: 136402333 ns, Reaching safepoint: 213458 ns, Cleanup: 110042 ns, At safepoint: 1542 ns, Total: 325042 ns
[2025-06-05T06:24:50.631+0000][8.555s][debug][safepoint   ] Safepoint synchronization initiated using futex wait barrier. (28 threads)
[2025-06-05T06:24:50.631+0000][8.556s][info ][gc,start    ] GC(46) Pause Young (Normal) (G1 Evacuation Pause)
[2025-06-05T06:24:50.631+0000][8.556s][info ][gc,task     ] GC(46) Using 2 workers of 2 for evacuation
[2025-06-05T06:24:50.644+0000][8.569s][info ][gc,phases   ] GC(46)   Pre Evacuate Collection Set: 0.1ms
[2025-06-05T06:24:50.644+0000][8.569s][info ][gc,phases   ] GC(46)   Merge Heap Roots: 0.1ms
[2025-06-05T06:24:50.644+0000][8.569s][info ][gc,phases   ] GC(46)   Evacuate Collection Set: 11.8ms
[2025-06-05T06:24:50.644+0000][8.569s][info ][gc,phases   ] GC(46)   Post Evacuate Collection Set: 1.0ms
[2025-06-05T06:24:50.644+0000][8.569s][info ][gc,phases   ] GC(46)   Other: 0.2ms
[2025-06-05T06:24:50.644+0000][8.569s][info ][gc,heap     ] GC(46) Eden regions: 117->0(119)
[2025-06-05T06:24:50.644+0000][8.569s][info ][gc,heap     ] GC(46) Survivor regions: 13->8(17)
[2025-06-05T06:24:50.645+0000][8.569s][info ][gc,heap     ] GC(46) Old regions: 47->55
[2025-06-05T06:24:50.645+0000][8.569s][info ][gc,heap     ] GC(46) Archive regions: 2->2
[2025-06-05T06:24:50.645+0000][8.569s][info ][gc,heap     ] GC(46) Humongous regions: 0->0
[2025-06-05T06:24:50.645+0000][8.570s][info ][gc,metaspace] GC(46) Metaspace: 86981K(87616K)->86981K(87616K) NonClass: 75802K(76160K)->75802K(76160K) Class: 11179K(11456K)->11179K(11456K)
[2025-06-05T06:24:50.645+0000][8.570s][info ][gc          ] GC(46) Pause Young (Normal) (G1 Evacuation Pause) 177M->63M(217M) 13.845ms
[2025-06-05T06:24:50.645+0000][8.570s][info ][gc,cpu      ] GC(46) User=0.04s Sys=0.00s Real=0.01s
[2025-06-05T06:24:50.645+0000][8.570s][info ][safepoint   ] Safepoint "G1CollectForAllocation", Time since last: 157877750 ns, Reaching safepoint: 196750 ns, Cleanup: 53500 ns, At safepoint: 13975958 ns, Total: 14226208 ns
[2025-06-05T06:24:50.895+0000][8.820s][debug][safepoint   ] Safepoint synchronization initiated using futex wait barrier. (31 threads)
[2025-06-05T06:24:50.896+0000][8.820s][info ][safepoint   ] Safepoint "ICBufferFull", Time since last: 250401375 ns, Reaching safepoint: 229459 ns, Cleanup: 83208 ns, At safepoint: 5000 ns, Total: 317667 ns
[2025-06-05T06:24:50.982+0000][8.906s][debug][safepoint   ] Safepoint synchronization initiated using futex wait barrier. (31 threads)
[2025-06-05T06:24:50.982+0000][8.907s][info ][gc,start    ] GC(47) Pause Young (Normal) (G1 Evacuation Pause)
[2025-06-05T06:24:50.982+0000][8.907s][info ][gc,task     ] GC(47) Using 2 workers of 2 for evacuation
[2025-06-05T06:24:50.993+0000][8.918s][info ][gc,phases   ] GC(47)   Pre Evacuate Collection Set: 0.1ms
[2025-06-05T06:24:50.993+0000][8.918s][info ][gc,phases   ] GC(47)   Merge Heap Roots: 0.1ms
[2025-06-05T06:24:50.993+0000][8.918s][info ][gc,phases   ] GC(47)   Evacuate Collection Set: 10.0ms
[2025-06-05T06:24:50.993+0000][8.918s][info ][gc,phases   ] GC(47)   Post Evacuate Collection Set: 1.0ms
[2025-06-05T06:24:50.993+0000][8.918s][info ][gc,phases   ] GC(47)   Other: 0.2ms
[2025-06-05T06:24:50.994+0000][8.918s][info ][gc,heap     ] GC(47) Eden regions: 119->0(116)
[2025-06-05T06:24:50.994+0000][8.918s][info ][gc,heap     ] GC(47) Survivor regions: 8->11(16)
[2025-06-05T06:24:50.994+0000][8.918s][info ][gc,heap     ] GC(47) Old regions: 55->55
[2025-06-05T06:24:50.994+0000][8.918s][info ][gc,heap     ] GC(47) Archive regions: 2->2
[2025-06-05T06:24:50.994+0000][8.918s][info ][gc,heap     ] GC(47) Humongous regions: 0->0
[2025-06-05T06:24:50.994+0000][8.919s][info ][gc,metaspace] GC(47) Metaspace: 89461K(90112K)->89461K(90112K) NonClass: 78138K(78464K)->78138K(78464K) Class: 11322K(11648K)->11322K(11648K)
[2025-06-05T06:24:50.994+0000][8.919s][info ][gc          ] GC(47) Pause Young (Normal) (G1 Evacuation Pause) 182M->66M(217M) 11.995ms
[2025-06-05T06:24:50.994+0000][8.919s][info ][gc,cpu      ] GC(47) User=0.04s Sys=0.00s Real=0.01s
[2025-06-05T06:24:50.994+0000][8.919s][info ][safepoint   ] Safepoint "G1CollectForAllocation", Time since last: 85885792 ns, Reaching safepoint: 216458 ns, Cleanup: 39292 ns, At safepoint: 12151041 ns, Total: 12406791 ns
[2025-06-05T06:24:51.198+0000][9.123s][debug][safepoint   ] Safepoint synchronization initiated using futex wait barrier. (32 threads)
[2025-06-05T06:24:51.199+0000][9.123s][info ][safepoint   ] Safepoint "ICBufferFull", Time since last: 204256625 ns, Reaching safepoint: 203792 ns, Cleanup: 103750 ns, At safepoint: 1708 ns, Total: 309250 ns
[2025-06-05T06:24:51.253+0000][9.178s][debug][safepoint   ] Safepoint synchronization initiated using futex wait barrier. (32 threads)
[2025-06-05T06:24:51.254+0000][9.178s][info ][gc,start    ] GC(48) Pause Young (Normal) (G1 Evacuation Pause)
[2025-06-05T06:24:51.254+0000][9.179s][info ][gc,task     ] GC(48) Using 2 workers of 2 for evacuation
[2025-06-05T06:24:51.277+0000][9.201s][info ][gc,phases   ] GC(48)   Pre Evacuate Collection Set: 0.1ms
[2025-06-05T06:24:51.277+0000][9.201s][info ][gc,phases   ] GC(48)   Merge Heap Roots: 0.1ms
[2025-06-05T06:24:51.277+0000][9.202s][info ][gc,phases   ] GC(48)   Evacuate Collection Set: 21.5ms
[2025-06-05T06:24:51.277+0000][9.202s][info ][gc,phases   ] GC(48)   Post Evacuate Collection Set: 1.0ms
[2025-06-05T06:24:51.277+0000][9.202s][info ][gc,phases   ] GC(48)   Other: 0.2ms
[2025-06-05T06:24:51.277+0000][9.202s][info ][gc,heap     ] GC(48) Eden regions: 116->0(112)
[2025-06-05T06:24:51.277+0000][9.202s][info ][gc,heap     ] GC(48) Survivor regions: 11->11(16)
[2025-06-05T06:24:51.277+0000][9.202s][info ][gc,heap     ] GC(48) Old regions: 55->59
[2025-06-05T06:24:51.277+0000][9.202s][info ][gc,heap     ] GC(48) Archive regions: 2->2
[2025-06-05T06:24:51.277+0000][9.202s][info ][gc,heap     ] GC(48) Humongous regions: 0->0
[2025-06-05T06:24:51.277+0000][9.202s][info ][gc,metaspace] GC(48) Metaspace: 90847K(91520K)->90847K(91520K) NonClass: 79407K(79744K)->79407K(79744K) Class: 11439K(11776K)->11439K(11776K)
[2025-06-05T06:24:51.277+0000][9.202s][info ][gc          ] GC(48) Pause Young (Normal) (G1 Evacuation Pause) 182M->69M(217M) 23.502ms
[2025-06-05T06:24:51.277+0000][9.202s][info ][gc,cpu      ] GC(48) User=0.03s Sys=0.00s Real=0.02s
[2025-06-05T06:24:51.277+0000][9.202s][info ][safepoint   ] Safepoint "G1CollectForAllocation", Time since last: 54948000 ns, Reaching safepoint: 195834 ns, Cleanup: 44000 ns, At safepoint: 23642791 ns, Total: 23882625 ns
[2025-06-05T06:24:51.484+0000][9.408s][debug][safepoint   ] Safepoint synchronization initiated using futex wait barrier. (32 threads)
[2025-06-05T06:24:51.484+0000][9.409s][info ][gc,start    ] GC(49) Pause Young (Normal) (G1 Evacuation Pause)
[2025-06-05T06:24:51.484+0000][9.409s][info ][gc,task     ] GC(49) Using 2 workers of 2 for evacuation
[2025-06-05T06:24:51.497+0000][9.421s][info ][gc,phases   ] GC(49)   Pre Evacuate Collection Set: 0.1ms
[2025-06-05T06:24:51.497+0000][9.421s][info ][gc,phases   ] GC(49)   Merge Heap Roots: 0.1ms
[2025-06-05T06:24:51.497+0000][9.422s][info ][gc,phases   ] GC(49)   Evacuate Collection Set: 10.5ms
[2025-06-05T06:24:51.497+0000][9.422s][info ][gc,phases   ] GC(49)   Post Evacuate Collection Set: 1.7ms
[2025-06-05T06:24:51.497+0000][9.422s][info ][gc,phases   ] GC(49)   Other: 0.2ms
[2025-06-05T06:24:51.497+0000][9.422s][info ][gc,heap     ] GC(49) Eden regions: 112->0(271)
[2025-06-05T06:24:51.497+0000][9.422s][info ][gc,heap     ] GC(49) Survivor regions: 11->9(16)
[2025-06-05T06:24:51.497+0000][9.422s][info ][gc,heap     ] GC(49) Old regions: 59->62
[2025-06-05T06:24:51.497+0000][9.422s][info ][gc,heap     ] GC(49) Archive regions: 2->2
[2025-06-05T06:24:51.497+0000][9.422s][info ][gc,heap     ] GC(49) Humongous regions: 0->0
[2025-06-05T06:24:51.497+0000][9.422s][info ][gc,metaspace] GC(49) Metaspace: 92269K(92928K)->92269K(92928K) NonClass: 80619K(80960K)->80619K(80960K) Class: 11650K(11968K)->11650K(11968K)
[2025-06-05T06:24:51.497+0000][9.422s][info ][gc          ] GC(49) Pause Young (Normal) (G1 Evacuation Pause) 181M->71M(468M) 13.287ms
[2025-06-05T06:24:51.497+0000][9.422s][info ][gc,cpu      ] GC(49) User=0.03s Sys=0.00s Real=0.01s
[2025-06-05T06:24:51.497+0000][9.422s][info ][safepoint   ] Safepoint "G1CollectForAllocation", Time since last: 206342000 ns, Reaching safepoint: 196959 ns, Cleanup: 105375 ns, At safepoint: 13423875 ns, Total: 13726209 ns
[2025-06-05T06:24:51.911+0000][9.836s][debug][safepoint   ] Safepoint synchronization initiated using futex wait barrier. (32 threads)
[2025-06-05T06:24:51.912+0000][9.836s][info ][safepoint   ] Safepoint "ICBufferFull", Time since last: 413793833 ns, Reaching safepoint: 207667 ns, Cleanup: 110000 ns, At safepoint: 1583 ns, Total: 319250 ns
[2025-06-05T06:24:52.136+0000][10.061s][debug][safepoint   ] Safepoint synchronization initiated using futex wait barrier. (35 threads)
[2025-06-05T06:24:52.136+0000][10.061s][info ][gc,start    ] GC(50) Pause Young (Normal) (G1 Evacuation Pause)
[2025-06-05T06:24:52.136+0000][10.061s][info ][gc,task     ] GC(50) Using 2 workers of 2 for evacuation
[2025-06-05T06:24:52.152+0000][10.076s][info ][gc,phases   ] GC(50)   Pre Evacuate Collection Set: 0.1ms
[2025-06-05T06:24:52.152+0000][10.077s][info ][gc,phases   ] GC(50)   Merge Heap Roots: 0.1ms
[2025-06-05T06:24:52.152+0000][10.077s][info ][gc,phases   ] GC(50)   Evacuate Collection Set: 13.8ms
[2025-06-05T06:24:52.152+0000][10.077s][info ][gc,phases   ] GC(50)   Post Evacuate Collection Set: 1.1ms
[2025-06-05T06:24:52.152+0000][10.077s][info ][gc,phases   ] GC(50)   Other: 0.2ms
[2025-06-05T06:24:52.152+0000][10.077s][info ][gc,heap     ] GC(50) Eden regions: 271->0(265)
[2025-06-05T06:24:52.152+0000][10.077s][info ][gc,heap     ] GC(50) Survivor regions: 9->15(35)
[2025-06-05T06:24:52.152+0000][10.077s][info ][gc,heap     ] GC(50) Old regions: 62->62
[2025-06-05T06:24:52.152+0000][10.077s][info ][gc,heap     ] GC(50) Archive regions: 2->2
[2025-06-05T06:24:52.152+0000][10.077s][info ][gc,heap     ] GC(50) Humongous regions: 0->0
[2025-06-05T06:24:52.152+0000][10.077s][info ][gc,metaspace] GC(50) Metaspace: 97912K(98560K)->97912K(98560K) NonClass: 85521K(85824K)->85521K(85824K) Class: 12391K(12736K)->12391K(12736K)
[2025-06-05T06:24:52.152+0000][10.077s][info ][gc          ] GC(50) Pause Young (Normal) (G1 Evacuation Pause) 342M->77M(468M) 15.969ms
[2025-06-05T06:24:52.152+0000][10.077s][info ][gc,cpu      ] GC(50) User=0.03s Sys=0.00s Real=0.02s
[2025-06-05T06:24:52.152+0000][10.077s][info ][safepoint   ] Safepoint "G1CollectForAllocation", Time since last: 224552750 ns, Reaching safepoint: 192875 ns, Cleanup: 62709 ns, At safepoint: 16098833 ns, Total: 16354417 ns
[2025-06-05T06:24:52.368+0000][10.293s][debug][safepoint   ] Safepoint synchronization initiated using futex wait barrier. (35 threads)
[2025-06-05T06:24:52.369+0000][10.293s][info ][safepoint   ] Safepoint "ICBufferFull", Time since last: 215838000 ns, Reaching safepoint: 203959 ns, Cleanup: 125625 ns, At safepoint: 4750 ns, Total: 334334 ns
[2025-06-05T06:24:52.675+0000][10.600s][debug][safepoint   ] Safepoint synchronization initiated using futex wait barrier. (35 threads)
[2025-06-05T06:24:52.676+0000][10.601s][info ][safepoint   ] Safepoint "ICBufferFull", Time since last: 306872833 ns, Reaching safepoint: 181208 ns, Cleanup: 105542 ns, At safepoint: 6250 ns, Total: 293000 ns
[2025-06-05T06:24:52.687+0000][10.611s][debug][safepoint   ] Safepoint synchronization initiated using futex wait barrier. (35 threads)
[2025-06-05T06:24:52.687+0000][10.612s][info ][gc,start    ] GC(51) Pause Young (Normal) (G1 Evacuation Pause)
[2025-06-05T06:24:52.687+0000][10.612s][info ][gc,task     ] GC(51) Using 2 workers of 2 for evacuation
[2025-06-05T06:24:52.703+0000][10.628s][info ][gc,phases   ] GC(51)   Pre Evacuate Collection Set: 0.1ms
[2025-06-05T06:24:52.703+0000][10.628s][info ][gc,phases   ] GC(51)   Merge Heap Roots: 0.1ms
[2025-06-05T06:24:52.703+0000][10.628s][info ][gc,phases   ] GC(51)   Evacuate Collection Set: 14.6ms
[2025-06-05T06:24:52.703+0000][10.628s][info ][gc,phases   ] GC(51)   Post Evacuate Collection Set: 1.2ms
[2025-06-05T06:24:52.703+0000][10.628s][info ][gc,phases   ] GC(51)   Other: 0.2ms
[2025-06-05T06:24:52.703+0000][10.628s][info ][gc,heap     ] GC(51) Eden regions: 265->0(261)
[2025-06-05T06:24:52.703+0000][10.628s][info ][gc,heap     ] GC(51) Survivor regions: 15->19(35)
[2025-06-05T06:24:52.703+0000][10.628s][info ][gc,heap     ] GC(51) Old regions: 62->62
[2025-06-05T06:24:52.703+0000][10.628s][info ][gc,heap     ] GC(51) Archive regions: 2->2
[2025-06-05T06:24:52.704+0000][10.628s][info ][gc,heap     ] GC(51) Humongous regions: 0->0
[2025-06-05T06:24:52.704+0000][10.628s][info ][gc,metaspace] GC(51) Metaspace: 101444K(102144K)->101444K(102144K) NonClass: 88500K(88896K)->88500K(88896K) Class: 12944K(13248K)->12944K(13248K)
[2025-06-05T06:24:52.704+0000][10.628s][info ][gc          ] GC(51) Pause Young (Normal) (G1 Evacuation Pause) 342M->81M(468M) 16.792ms
[2025-06-05T06:24:52.704+0000][10.628s][info ][gc,cpu      ] GC(51) User=0.03s Sys=0.00s Real=0.02s
[2025-06-05T06:24:52.704+0000][10.629s][info ][safepoint   ] Safepoint "G1CollectForAllocation", Time since last: 10759750 ns, Reaching safepoint: 262167 ns, Cleanup: 18791 ns, At safepoint: 16946250 ns, Total: 17227208 ns
[2025-06-05T06:24:52.956+0000][10.881s][debug][safepoint   ] Safepoint synchronization initiated using futex wait barrier. (46 threads)
[2025-06-05T06:24:52.956+0000][10.881s][info ][safepoint   ] Safepoint "ICBufferFull", Time since last: 252267042 ns, Reaching safepoint: 168834 ns, Cleanup: 95750 ns, At safepoint: 1666 ns, Total: 266250 ns
[2025-06-05T06:24:53.958+0000][11.883s][debug][safepoint   ] Safepoint synchronization initiated using futex wait barrier. (46 threads)
[2025-06-05T06:24:53.960+0000][11.885s][info ][safepoint   ] Safepoint "Cleanup", Time since last: 1001967167 ns, Reaching safepoint: 1275292 ns, Cleanup: 346792 ns, At safepoint: 11833 ns, Total: 1633917 ns
[2025-06-05T06:24:58.968+0000][16.892s][debug][safepoint   ] Safepoint synchronization initiated using futex wait barrier. (46 threads)
[2025-06-05T06:24:58.969+0000][16.893s][info ][safepoint   ] Safepoint "Cleanup", Time since last: 5007642336 ns, Reaching safepoint: 956875 ns, Cleanup: 165333 ns, At safepoint: 13792 ns, Total: 1136000 ns
[2025-06-05T06:24:59.970+0000][17.895s][debug][safepoint   ] Safepoint synchronization initiated using futex wait barrier. (46 threads)
[2025-06-05T06:24:59.971+0000][17.896s][info ][safepoint   ] Safepoint "Cleanup", Time since last: 1001189459 ns, Reaching safepoint: 932791 ns, Cleanup: 41625 ns, At safepoint: 12334 ns, Total: 986750 ns
[2025-06-05T06:25:00.971+0000][18.896s][debug][safepoint   ] Safepoint synchronization initiated using futex wait barrier. (46 threads)
[2025-06-05T06:25:00.972+0000][18.897s][info ][safepoint   ] Safepoint "Cleanup", Time since last: 1000454000 ns, Reaching safepoint: 497500 ns, Cleanup: 41917 ns, At safepoint: 7041 ns, Total: 546458 ns
[2025-06-05T06:25:01.973+0000][19.897s][debug][safepoint   ] Safepoint synchronization initiated using futex wait barrier. (46 threads)
[2025-06-05T06:25:01.974+0000][19.899s][info ][safepoint   ] Safepoint "Cleanup", Time since last: 1000851667 ns, Reaching safepoint: 952208 ns, Cleanup: 90667 ns, At safepoint: 13000 ns, Total: 1055875 ns
[2025-06-05T06:25:03.980+0000][21.905s][debug][safepoint   ] Safepoint synchronization initiated using futex wait barrier. (46 threads)
[2025-06-05T06:25:03.981+0000][21.906s][info ][safepoint   ] Safepoint "Cleanup", Time since last: 2006053292 ns, Reaching safepoint: 984750 ns, Cleanup: 128959 ns, At safepoint: 9250 ns, Total: 1122959 ns
[2025-06-05T06:25:08.499+0000][26.423s][debug][safepoint   ] Safepoint synchronization initiated using futex wait barrier. (46 threads)
[2025-06-05T06:25:08.499+0000][26.424s][info ][safepoint   ] Safepoint "Cleanup", Time since last: 4517573419 ns, Reaching safepoint: 189958 ns, Cleanup: 71958 ns, At safepoint: 6167 ns, Total: 268083 ns
[2025-06-05T06:25:08.727+0000][26.651s][debug][safepoint   ] Safepoint synchronization initiated using futex wait barrier. (46 threads)
[2025-06-05T06:25:08.727+0000][26.652s][info ][safepoint   ] Safepoint "ICBufferFull", Time since last: 227811792 ns, Reaching safepoint: 204875 ns, Cleanup: 80791 ns, At safepoint: 2000 ns, Total: 287666 ns
[2025-06-05T06:25:08.815+0000][26.740s][debug][safepoint   ] Safepoint synchronization initiated using futex wait barrier. (46 threads)
[2025-06-05T06:25:08.815+0000][26.740s][info ][gc,start    ] GC(52) Pause Young (Normal) (G1 Evacuation Pause)
[2025-06-05T06:25:08.815+0000][26.740s][info ][gc,task     ] GC(52) Using 2 workers of 2 for evacuation
[2025-06-05T06:25:08.836+0000][26.760s][info ][gc,phases   ] GC(52)   Pre Evacuate Collection Set: 0.1ms
[2025-06-05T06:25:08.836+0000][26.760s][info ][gc,phases   ] GC(52)   Merge Heap Roots: 0.1ms
[2025-06-05T06:25:08.836+0000][26.760s][info ][gc,phases   ] GC(52)   Evacuate Collection Set: 18.2ms
[2025-06-05T06:25:08.836+0000][26.761s][info ][gc,phases   ] GC(52)   Post Evacuate Collection Set: 1.5ms
[2025-06-05T06:25:08.836+0000][26.761s][info ][gc,phases   ] GC(52)   Other: 0.2ms
[2025-06-05T06:25:08.836+0000][26.761s][info ][gc,heap     ] GC(52) Eden regions: 261->0(260)
[2025-06-05T06:25:08.836+0000][26.761s][info ][gc,heap     ] GC(52) Survivor regions: 19->20(35)
[2025-06-05T06:25:08.836+0000][26.761s][info ][gc,heap     ] GC(52) Old regions: 62->65
[2025-06-05T06:25:08.836+0000][26.761s][info ][gc,heap     ] GC(52) Archive regions: 2->2
[2025-06-05T06:25:08.836+0000][26.761s][info ][gc,heap     ] GC(52) Humongous regions: 0->0
[2025-06-05T06:25:08.836+0000][26.761s][info ][gc,metaspace] GC(52) Metaspace: 111404K(112128K)->111404K(112128K) NonClass: 96874K(97216K)->96874K(97216K) Class: 14530K(14912K)->14530K(14912K)
[2025-06-05T06:25:08.837+0000][26.761s][info ][gc          ] GC(52) Pause Young (Normal) (G1 Evacuation Pause) 342M->85M(468M) 21.203ms
[2025-06-05T06:25:08.837+0000][26.761s][info ][gc,cpu      ] GC(52) User=0.04s Sys=0.00s Real=0.02s
[2025-06-05T06:25:08.837+0000][26.761s][info ][safepoint   ] Safepoint "G1CollectForAllocation", Time since last: 88075250 ns, Reaching safepoint: 182625 ns, Cleanup: 89917 ns, At safepoint: 21405958 ns, Total: 21678500 ns
[2025-06-05T06:25:08.925+0000][26.850s][debug][safepoint   ] Safepoint synchronization initiated using futex wait barrier. (46 threads)
[2025-06-05T06:25:08.925+0000][26.850s][info ][safepoint   ] Safepoint "ICBufferFull", Time since last: 88388709 ns, Reaching safepoint: 191291 ns, Cleanup: 86500 ns, At safepoint: 7375 ns, Total: 285166 ns
[2025-06-05T06:25:09.003+0000][26.928s][debug][safepoint   ] Safepoint synchronization initiated using futex wait barrier. (46 threads)
[2025-06-05T06:25:09.004+0000][26.928s][info ][safepoint   ] Safepoint "ICBufferFull", Time since last: 77938876 ns, Reaching safepoint: 202333 ns, Cleanup: 93750 ns, At safepoint: 4208 ns, Total: 300291 ns
[2025-06-05T06:25:09.272+0000][27.196s][debug][safepoint   ] Safepoint synchronization initiated using futex wait barrier. (46 threads)
[2025-06-05T06:25:09.272+0000][27.197s][info ][safepoint   ] Safepoint "ICBufferFull", Time since last: 268183375 ns, Reaching safepoint: 153417 ns, Cleanup: 119792 ns, At safepoint: 8583 ns, Total: 281792 ns
[2025-06-05T06:25:09.523+0000][27.447s][debug][safepoint   ] Safepoint synchronization initiated using futex wait barrier. (47 threads)
[2025-06-05T06:25:09.523+0000][27.447s][info ][safepoint   ] Safepoint "ICBufferFull", Time since last: 250484375 ns, Reaching safepoint: 107917 ns, Cleanup: 131083 ns, At safepoint: 2250 ns, Total: 241250 ns
[2025-06-05T06:25:09.607+0000][27.532s][debug][safepoint   ] Safepoint synchronization initiated using futex wait barrier. (47 threads)
[2025-06-05T06:25:09.607+0000][27.532s][info ][safepoint   ] Safepoint "ICBufferFull", Time since last: 84095417 ns, Reaching safepoint: 68666 ns, Cleanup: 78459 ns, At safepoint: 1625 ns, Total: 148750 ns
[2025-06-05T06:25:09.634+0000][27.559s][debug][safepoint   ] Safepoint synchronization initiated using futex wait barrier. (47 threads)
[2025-06-05T06:25:09.636+0000][27.560s][info ][gc,start    ] GC(53) Pause Young (Normal) (G1 Evacuation Pause)
[2025-06-05T06:25:09.636+0000][27.560s][info ][gc,task     ] GC(53) Using 2 workers of 2 for evacuation
[2025-06-05T06:25:09.669+0000][27.593s][info ][gc,phases   ] GC(53)   Pre Evacuate Collection Set: 0.1ms
[2025-06-05T06:25:09.669+0000][27.594s][info ][gc,phases   ] GC(53)   Merge Heap Roots: 0.1ms
[2025-06-05T06:25:09.669+0000][27.594s][info ][gc,phases   ] GC(53)   Evacuate Collection Set: 31.6ms
[2025-06-05T06:25:09.669+0000][27.594s][info ][gc,phases   ] GC(53)   Post Evacuate Collection Set: 1.2ms
[2025-06-05T06:25:09.669+0000][27.594s][info ][gc,phases   ] GC(53)   Other: 0.2ms
[2025-06-05T06:25:09.669+0000][27.594s][info ][gc,heap     ] GC(53) Eden regions: 260->0(258)
[2025-06-05T06:25:09.669+0000][27.594s][info ][gc,heap     ] GC(53) Survivor regions: 20->22(35)
[2025-06-05T06:25:09.669+0000][27.594s][info ][gc,heap     ] GC(53) Old regions: 65->68
[2025-06-05T06:25:09.669+0000][27.594s][info ][gc,heap     ] GC(53) Archive regions: 2->2
[2025-06-05T06:25:09.669+0000][27.594s][info ][gc,heap     ] GC(53) Humongous regions: 0->0
[2025-06-05T06:25:09.669+0000][27.594s][info ][gc,metaspace] GC(53) Metaspace: 118209K(118976K)->118209K(118976K) NonClass: 102782K(103168K)->102782K(103168K) Class: 15426K(15808K)->15426K(15808K)
[2025-06-05T06:25:09.669+0000][27.594s][info ][gc          ] GC(53) Pause Young (Normal) (G1 Evacuation Pause) 345M->90M(468M) 33.675ms
[2025-06-05T06:25:09.669+0000][27.594s][info ][gc,cpu      ] GC(53) User=0.04s Sys=0.00s Real=0.03s
[2025-06-05T06:25:09.670+0000][27.594s][info ][safepoint   ] Safepoint "G1CollectForAllocation", Time since last: 27112083 ns, Reaching safepoint: 1395917 ns, Cleanup: 40291 ns, At safepoint: 33849542 ns, Total: 35285750 ns
[2025-06-05T06:25:09.702+0000][27.627s][debug][safepoint   ] Safepoint synchronization initiated using futex wait barrier. (47 threads)
[2025-06-05T06:25:09.702+0000][27.627s][info ][safepoint   ] Safepoint "ICBufferFull", Time since last: 32427375 ns, Reaching safepoint: 117417 ns, Cleanup: 80875 ns, At safepoint: 1875 ns, Total: 200167 ns
[2025-06-05T06:25:09.786+0000][27.711s][debug][safepoint   ] Safepoint synchronization initiated using futex wait barrier. (47 threads)
[2025-06-05T06:25:09.786+0000][27.711s][info ][safepoint   ] Safepoint "ICBufferFull", Time since last: 84047583 ns, Reaching safepoint: 166542 ns, Cleanup: 94750 ns, At safepoint: 1458 ns, Total: 262750 ns
[2025-06-05T06:25:09.960+0000][27.885s][debug][safepoint   ] Safepoint synchronization initiated using futex wait barrier. (47 threads)
[2025-06-05T06:25:09.960+0000][27.885s][info ][safepoint   ] Safepoint "ICBufferFull", Time since last: 173689875 ns, Reaching safepoint: 177375 ns, Cleanup: 70417 ns, At safepoint: 1375 ns, Total: 249167 ns
[2025-06-05T06:25:10.014+0000][27.939s][debug][safepoint   ] Safepoint synchronization initiated using futex wait barrier. (47 threads)
[2025-06-05T06:25:10.015+0000][27.939s][info ][safepoint   ] Safepoint "ICBufferFull", Time since last: 53886333 ns, Reaching safepoint: 167500 ns, Cleanup: 106792 ns, At safepoint: 1792 ns, Total: 276084 ns
[2025-06-05T06:25:10.206+0000][28.130s][debug][safepoint   ] Safepoint synchronization initiated using futex wait barrier. (48 threads)
[2025-06-05T06:25:10.206+0000][28.131s][info ][safepoint   ] Safepoint "ICBufferFull", Time since last: 191085291 ns, Reaching safepoint: 198750 ns, Cleanup: 93625 ns, At safepoint: 1500 ns, Total: 293875 ns
[2025-06-05T06:25:10.302+0000][28.227s][debug][safepoint   ] Safepoint synchronization initiated using futex wait barrier. (48 threads)
[2025-06-05T06:25:10.303+0000][28.227s][info ][safepoint   ] Safepoint "ICBufferFull", Time since last: 96372209 ns, Reaching safepoint: 198333 ns, Cleanup: 103375 ns, At safepoint: 4583 ns, Total: 306291 ns
[2025-06-05T06:25:10.379+0000][28.304s][debug][safepoint   ] Safepoint synchronization initiated using futex wait barrier. (48 threads)
[2025-06-05T06:25:10.380+0000][28.304s][info ][safepoint   ] Safepoint "ICBufferFull", Time since last: 76683084 ns, Reaching safepoint: 80500 ns, Cleanup: 91917 ns, At safepoint: 5708 ns, Total: 178125 ns
[2025-06-05T06:25:10.489+0000][28.414s][debug][safepoint   ] Safepoint synchronization initiated using futex wait barrier. (48 threads)
[2025-06-05T06:25:10.490+0000][28.414s][info ][safepoint   ] Safepoint "ICBufferFull", Time since last: 109709667 ns, Reaching safepoint: 199166 ns, Cleanup: 91917 ns, At safepoint: 5167 ns, Total: 296250 ns
[2025-06-05T06:25:10.515+0000][28.440s][debug][safepoint   ] Safepoint synchronization initiated using futex wait barrier. (48 threads)
[2025-06-05T06:25:10.516+0000][28.440s][info ][safepoint   ] Safepoint "ICBufferFull", Time since last: 25444333 ns, Reaching safepoint: 734750 ns, Cleanup: 142083 ns, At safepoint: 8042 ns, Total: 884875 ns
[2025-06-05T06:25:10.516+0000][28.441s][debug][safepoint   ] Safepoint synchronization initiated using futex wait barrier. (48 threads)
[2025-06-05T06:25:10.516+0000][28.441s][info ][safepoint   ] Safepoint "ICBufferFull", Time since last: 150917 ns, Reaching safepoint: 114625 ns, Cleanup: 7291 ns, At safepoint: 7167 ns, Total: 129083 ns
[2025-06-05T06:25:10.735+0000][28.660s][debug][safepoint   ] Safepoint synchronization initiated using futex wait barrier. (48 threads)
[2025-06-05T06:25:10.736+0000][28.660s][info ][gc,start    ] GC(54) Pause Young (Normal) (G1 Evacuation Pause)
[2025-06-05T06:25:10.736+0000][28.660s][info ][gc,task     ] GC(54) Using 2 workers of 2 for evacuation
[2025-06-05T06:25:10.779+0000][28.704s][info ][gc,phases   ] GC(54)   Pre Evacuate Collection Set: 0.2ms
[2025-06-05T06:25:10.779+0000][28.704s][info ][gc,phases   ] GC(54)   Merge Heap Roots: 0.2ms
[2025-06-05T06:25:10.779+0000][28.704s][info ][gc,phases   ] GC(54)   Evacuate Collection Set: 41.3ms
[2025-06-05T06:25:10.779+0000][28.704s][info ][gc,phases   ] GC(54)   Post Evacuate Collection Set: 1.6ms
[2025-06-05T06:25:10.779+0000][28.704s][info ][gc,phases   ] GC(54)   Other: 0.2ms
[2025-06-05T06:25:10.779+0000][28.704s][info ][gc,heap     ] GC(54) Eden regions: 258->0(245)
[2025-06-05T06:25:10.779+0000][28.704s][info ][gc,heap     ] GC(54) Survivor regions: 22->35(35)
[2025-06-05T06:25:10.779+0000][28.704s][info ][gc,heap     ] GC(54) Old regions: 68->78
[2025-06-05T06:25:10.780+0000][28.704s][info ][gc,heap     ] GC(54) Archive regions: 2->2
[2025-06-05T06:25:10.780+0000][28.704s][info ][gc,heap     ] GC(54) Humongous regions: 0->0
[2025-06-05T06:25:10.780+0000][28.704s][info ][gc,metaspace] GC(54) Metaspace: 124209K(124992K)->124209K(124992K) NonClass: 108083K(108480K)->108083K(108480K) Class: 16125K(16512K)->16125K(16512K)
[2025-06-05T06:25:10.780+0000][28.704s][info ][gc          ] GC(54) Pause Young (Normal) (G1 Evacuation Pause) 348M->113M(468M) 44.000ms
[2025-06-05T06:25:10.780+0000][28.704s][info ][gc,cpu      ] GC(54) User=0.08s Sys=0.00s Real=0.05s
[2025-06-05T06:25:10.780+0000][28.704s][info ][safepoint   ] Safepoint "G1CollectForAllocation", Time since last: 219194875 ns, Reaching safepoint: 219167 ns, Cleanup: 116500 ns, At safepoint: 44161833 ns, Total: 44497500 ns
[2025-06-05T06:25:10.914+0000][28.838s][debug][safepoint   ] Safepoint synchronization initiated using futex wait barrier. (49 threads)
[2025-06-05T06:25:10.914+0000][28.839s][info ][gc,start    ] GC(55) Pause Young (Concurrent Start) (Metadata GC Threshold)
[2025-06-05T06:25:10.914+0000][28.839s][info ][gc,task     ] GC(55) Using 2 workers of 2 for evacuation
[2025-06-05T06:25:10.947+0000][28.871s][info ][gc,phases   ] GC(55)   Pre Evacuate Collection Set: 0.2ms
[2025-06-05T06:25:10.947+0000][28.872s][info ][gc,phases   ] GC(55)   Merge Heap Roots: 0.1ms
[2025-06-05T06:25:10.947+0000][28.872s][info ][gc,phases   ] GC(55)   Evacuate Collection Set: 31.3ms
[2025-06-05T06:25:10.947+0000][28.872s][info ][gc,phases   ] GC(55)   Post Evacuate Collection Set: 1.2ms
[2025-06-05T06:25:10.947+0000][28.872s][info ][gc,phases   ] GC(55)   Other: 0.1ms
[2025-06-05T06:25:10.947+0000][28.872s][info ][gc,heap     ] GC(55) Eden regions: 67->0(269)
[2025-06-05T06:25:10.947+0000][28.872s][info ][gc,heap     ] GC(55) Survivor regions: 35->2(35)
[2025-06-05T06:25:10.947+0000][28.872s][info ][gc,heap     ] GC(55) Old regions: 78->113
[2025-06-05T06:25:10.947+0000][28.872s][info ][gc,heap     ] GC(55) Archive regions: 2->2
[2025-06-05T06:25:10.947+0000][28.872s][info ][gc,heap     ] GC(55) Humongous regions: 0->0
[2025-06-05T06:25:10.948+0000][28.872s][info ][gc,metaspace] GC(55) Metaspace: 125471K(126208K)->125471K(126208K) NonClass: 109221K(109568K)->109221K(109568K) Class: 16249K(16640K)->16249K(16640K)
[2025-06-05T06:25:10.948+0000][28.872s][info ][gc          ] GC(55) Pause Young (Concurrent Start) (Metadata GC Threshold) 180M->115M(468M) 33.569ms
[2025-06-05T06:25:10.948+0000][28.872s][info ][gc,cpu      ] GC(55) User=0.08s Sys=0.00s Real=0.03s
[2025-06-05T06:25:10.948+0000][28.872s][info ][safepoint   ] Safepoint "CollectForMetadataAllocation", Time since last: 133974208 ns, Reaching safepoint: 118750 ns, Cleanup: 63417 ns, At safepoint: 33897750 ns, Total: 34079917 ns
[2025-06-05T06:25:10.948+0000][28.872s][info ][gc          ] GC(56) Concurrent Mark Cycle
[2025-06-05T06:25:10.948+0000][28.873s][info ][gc,marking  ] GC(56) Concurrent Clear Claimed Marks
[2025-06-05T06:25:10.948+0000][28.873s][info ][gc,marking  ] GC(56) Concurrent Clear Claimed Marks 0.366ms
[2025-06-05T06:25:10.948+0000][28.873s][info ][gc,marking  ] GC(56) Concurrent Scan Root Regions
[2025-06-05T06:25:10.970+0000][28.895s][debug][safepoint   ] Safepoint synchronization initiated using futex wait barrier. (49 threads)
[2025-06-05T06:25:10.970+0000][28.895s][info ][safepoint   ] Safepoint "CollectForMetadataAllocation", Time since last: 22224000 ns, Reaching safepoint: 159667 ns, Cleanup: 8208 ns, At safepoint: 34167 ns, Total: 202042 ns
[2025-06-05T06:25:10.978+0000][28.903s][info ][gc,marking  ] GC(56) Concurrent Scan Root Regions 29.783ms
[2025-06-05T06:25:10.978+0000][28.903s][info ][gc,marking  ] GC(56) Concurrent Mark
[2025-06-05T06:25:10.978+0000][28.903s][info ][gc,marking  ] GC(56) Concurrent Mark From Roots
[2025-06-05T06:25:10.978+0000][28.903s][info ][gc,task     ] GC(56) Using 1 workers of 1 for marking
[2025-06-05T06:25:10.980+0000][28.905s][debug][safepoint   ] Safepoint synchronization initiated using futex wait barrier. (49 threads)
[2025-06-05T06:25:10.981+0000][28.905s][info ][safepoint   ] Safepoint "CollectForMetadataAllocation", Time since last: 10071750 ns, Reaching safepoint: 116541 ns, Cleanup: 3292 ns, At safepoint: 26625 ns, Total: 146458 ns
[2025-06-05T06:25:10.989+0000][28.914s][debug][safepoint   ] Safepoint synchronization initiated using futex wait barrier. (49 threads)
[2025-06-05T06:25:10.989+0000][28.914s][info ][safepoint   ] Safepoint "CollectForMetadataAllocation", Time since last: 8838917 ns, Reaching safepoint: 122500 ns, Cleanup: 2333 ns, At safepoint: 16167 ns, Total: 141000 ns
[2025-06-05T06:25:10.999+0000][28.924s][debug][safepoint   ] Safepoint synchronization initiated using futex wait barrier. (49 threads)
[2025-06-05T06:25:11.000+0000][28.924s][info ][safepoint   ] Safepoint "CollectForMetadataAllocation", Time since last: 9890375 ns, Reaching safepoint: 127708 ns, Cleanup: 8750 ns, At safepoint: 20917 ns, Total: 157375 ns
[2025-06-05T06:25:11.031+0000][28.956s][info ][cds,heap    ] initialize_from_archived_subgraph jdk.internal.math.FDBigInteger 0x000000f80014c910
[2025-06-05T06:25:11.068+0000][28.993s][info ][gc,marking  ] GC(56) Concurrent Mark From Roots 89.863ms
[2025-06-05T06:25:11.068+0000][28.993s][info ][gc,marking  ] GC(56) Concurrent Preclean
[2025-06-05T06:25:11.069+0000][28.993s][info ][gc,marking  ] GC(56) Concurrent Preclean 0.285ms
[2025-06-05T06:25:11.069+0000][28.993s][debug][safepoint   ] Safepoint synchronization initiated using futex wait barrier. (49 threads)
[2025-06-05T06:25:11.071+0000][28.995s][info ][gc,start    ] GC(56) Pause Remark
[2025-06-05T06:25:11.077+0000][29.002s][info ][gc          ] GC(56) Pause Remark 119M->119M(404M) 6.567ms
[2025-06-05T06:25:11.078+0000][29.002s][info ][gc,cpu      ] GC(56) User=0.01s Sys=0.00s Real=0.00s
[2025-06-05T06:25:11.078+0000][29.002s][info ][safepoint   ] Safepoint "G1PauseRemark", Time since last: 69210708 ns, Reaching safepoint: 2098917 ns, Cleanup: 45083 ns, At safepoint: 6789125 ns, Total: 8933125 ns
[2025-06-05T06:25:11.078+0000][29.002s][info ][gc,marking  ] GC(56) Concurrent Mark 99.373ms
[2025-06-05T06:25:11.078+0000][29.002s][info ][gc,marking  ] GC(56) Concurrent Rebuild Remembered Sets
[2025-06-05T06:25:11.180+0000][29.105s][info ][gc,marking  ] GC(56) Concurrent Rebuild Remembered Sets 102.452ms
[2025-06-05T06:25:11.180+0000][29.105s][debug][safepoint   ] Safepoint synchronization initiated using futex wait barrier. (49 threads)
[2025-06-05T06:25:11.181+0000][29.105s][info ][gc,start    ] GC(56) Pause Cleanup
[2025-06-05T06:25:11.181+0000][29.105s][info ][gc          ] GC(56) Pause Cleanup 125M->125M(404M) 0.146ms
[2025-06-05T06:25:11.181+0000][29.105s][info ][gc,cpu      ] GC(56) User=0.00s Sys=0.00s Real=0.00s
[2025-06-05T06:25:11.181+0000][29.105s][info ][safepoint   ] Safepoint "G1PauseCleanup", Time since last: 102777209 ns, Reaching safepoint: 45708 ns, Cleanup: 90000 ns, At safepoint: 255042 ns, Total: 390750 ns
[2025-06-05T06:25:11.181+0000][29.105s][info ][gc,marking  ] GC(56) Concurrent Cleanup for Next Mark
[2025-06-05T06:25:11.182+0000][29.106s][info ][gc,marking  ] GC(56) Concurrent Cleanup for Next Mark 0.741ms
[2025-06-05T06:25:11.182+0000][29.106s][info ][gc          ] GC(56) Concurrent Mark Cycle 233.860ms
[2025-06-05T06:25:11.286+0000][29.211s][debug][safepoint   ] Safepoint synchronization initiated using futex wait barrier. (49 threads)
[2025-06-05T06:25:11.286+0000][29.211s][info ][safepoint   ] Safepoint "ICBufferFull", Time since last: 105306791 ns, Reaching safepoint: 146709 ns, Cleanup: 92625 ns, At safepoint: 1666 ns, Total: 241000 ns
[2025-06-05T06:25:11.485+0000][29.410s][debug][safepoint   ] Safepoint synchronization initiated using futex wait barrier. (49 threads)
[2025-06-05T06:25:11.486+0000][29.410s][info ][safepoint   ] Safepoint "ICBufferFull", Time since last: 198853209 ns, Reaching safepoint: 151458 ns, Cleanup: 96125 ns, At safepoint: 1167 ns, Total: 248750 ns
[2025-06-05T06:25:11.627+0000][29.552s][debug][safepoint   ] Safepoint synchronization initiated using futex wait barrier. (49 threads)
[2025-06-05T06:25:11.627+0000][29.552s][info ][safepoint   ] Safepoint "ICBufferFull", Time since last: 141772750 ns, Reaching safepoint: 95791 ns, Cleanup: 79875 ns, At safepoint: 5250 ns, Total: 180916 ns
[2025-06-05T06:25:11.665+0000][29.590s][debug][safepoint   ] Safepoint synchronization initiated using futex wait barrier. (49 threads)
[2025-06-05T06:25:11.665+0000][29.590s][info ][safepoint   ] Safepoint "ICBufferFull", Time since last: 37625625 ns, Reaching safepoint: 82542 ns, Cleanup: 73250 ns, At safepoint: 5250 ns, Total: 161042 ns
[2025-06-05T06:25:11.805+0000][29.729s][debug][safepoint   ] Safepoint synchronization initiated using futex wait barrier. (49 threads)
[2025-06-05T06:25:11.805+0000][29.730s][info ][safepoint   ] Safepoint "ICBufferFull", Time since last: 139668625 ns, Reaching safepoint: 85459 ns, Cleanup: 113000 ns, At safepoint: 5666 ns, Total: 204125 ns
[2025-06-05T06:25:11.940+0000][29.864s][debug][safepoint   ] Safepoint synchronization initiated using futex wait barrier. (49 threads)
[2025-06-05T06:25:11.940+0000][29.864s][info ][safepoint   ] Safepoint "ICBufferFull", Time since last: 134496709 ns, Reaching safepoint: 145291 ns, Cleanup: 95500 ns, At safepoint: 8167 ns, Total: 248958 ns
[2025-06-05T06:25:11.993+0000][29.918s][debug][safepoint   ] Safepoint synchronization initiated using futex wait barrier. (49 threads)
[2025-06-05T06:25:11.993+0000][29.918s][info ][safepoint   ] Safepoint "ICBufferFull", Time since last: 53177833 ns, Reaching safepoint: 185709 ns, Cleanup: 111791 ns, At safepoint: 8750 ns, Total: 306250 ns
[2025-06-05T06:25:12.182+0000][30.107s][debug][safepoint   ] Safepoint synchronization initiated using futex wait barrier. (49 threads)
[2025-06-05T06:25:12.182+0000][30.107s][info ][safepoint   ] Safepoint "ICBufferFull", Time since last: 188675042 ns, Reaching safepoint: 119708 ns, Cleanup: 86500 ns, At safepoint: 5250 ns, Total: 211458 ns
[2025-06-05T06:25:12.292+0000][30.217s][debug][safepoint   ] Safepoint synchronization initiated using futex wait barrier. (49 threads)
[2025-06-05T06:25:12.292+0000][30.217s][info ][safepoint   ] Safepoint "ICBufferFull", Time since last: 109896417 ns, Reaching safepoint: 125667 ns, Cleanup: 102958 ns, At safepoint: 6542 ns, Total: 235167 ns
[2025-06-05T06:25:12.471+0000][30.395s][debug][safepoint   ] Safepoint synchronization initiated using futex wait barrier. (49 threads)
[2025-06-05T06:25:12.472+0000][30.396s][info ][safepoint   ] Safepoint "ICBufferFull", Time since last: 178167875 ns, Reaching safepoint: 1088333 ns, Cleanup: 98458 ns, At safepoint: 5667 ns, Total: 1192458 ns
[2025-06-05T06:25:12.552+0000][30.477s][debug][safepoint   ] Safepoint synchronization initiated using futex wait barrier. (49 threads)
[2025-06-05T06:25:12.552+0000][30.477s][info ][safepoint   ] Safepoint "ICBufferFull", Time since last: 80389000 ns, Reaching safepoint: 127084 ns, Cleanup: 97583 ns, At safepoint: 2042 ns, Total: 226709 ns
[2025-06-05T06:25:12.732+0000][30.656s][debug][safepoint   ] Safepoint synchronization initiated using futex wait barrier. (49 threads)
[2025-06-05T06:25:12.733+0000][30.657s][info ][safepoint   ] Safepoint "ICBufferFull", Time since last: 179337041 ns, Reaching safepoint: 949375 ns, Cleanup: 120209 ns, At safepoint: 6208 ns, Total: 1075792 ns
[2025-06-05T06:25:12.954+0000][30.878s][debug][safepoint   ] Safepoint synchronization initiated using futex wait barrier. (49 threads)
[2025-06-05T06:25:12.954+0000][30.879s][info ][safepoint   ] Safepoint "ICBufferFull", Time since last: 221095875 ns, Reaching safepoint: 89000 ns, Cleanup: 77333 ns, At safepoint: 5584 ns, Total: 171917 ns
[2025-06-05T06:25:13.095+0000][31.019s][debug][safepoint   ] Safepoint synchronization initiated using futex wait barrier. (49 threads)
[2025-06-05T06:25:13.095+0000][31.019s][info ][safepoint   ] Safepoint "ICBufferFull", Time since last: 140672291 ns, Reaching safepoint: 81167 ns, Cleanup: 92333 ns, At safepoint: 2084 ns, Total: 175584 ns
[2025-06-05T06:25:13.222+0000][31.146s][debug][safepoint   ] Safepoint synchronization initiated using futex wait barrier. (49 threads)
[2025-06-05T06:25:13.222+0000][31.146s][info ][safepoint   ] Safepoint "ICBufferFull", Time since last: 126689750 ns, Reaching safepoint: 105292 ns, Cleanup: 152833 ns, At safepoint: 1667 ns, Total: 259792 ns
[2025-06-05T06:25:13.321+0000][31.246s][debug][safepoint   ] Safepoint synchronization initiated using futex wait barrier. (49 threads)
[2025-06-05T06:25:13.321+0000][31.246s][info ][safepoint   ] Safepoint "ICBufferFull", Time since last: 99260916 ns, Reaching safepoint: 141334 ns, Cleanup: 96833 ns, At safepoint: 2125 ns, Total: 240292 ns
[2025-06-05T06:25:13.329+0000][31.254s][debug][safepoint   ] Safepoint synchronization initiated using futex wait barrier. (49 threads)
[2025-06-05T06:25:13.329+0000][31.254s][info ][gc,start    ] GC(57) Pause Young (Prepare Mixed) (G1 Preventive Collection)
[2025-06-05T06:25:13.329+0000][31.254s][info ][gc,task     ] GC(57) Using 2 workers of 2 for evacuation
[2025-06-05T06:25:13.345+0000][31.270s][info ][gc,phases   ] GC(57)   Pre Evacuate Collection Set: 0.1ms
[2025-06-05T06:25:13.346+0000][31.270s][info ][gc,phases   ] GC(57)   Merge Heap Roots: 0.1ms
[2025-06-05T06:25:13.346+0000][31.270s][info ][gc,phases   ] GC(57)   Evacuate Collection Set: 14.7ms
[2025-06-05T06:25:13.346+0000][31.270s][info ][gc,phases   ] GC(57)   Post Evacuate Collection Set: 1.1ms
[2025-06-05T06:25:13.346+0000][31.270s][info ][gc,phases   ] GC(57)   Other: 0.1ms
[2025-06-05T06:25:13.346+0000][31.270s][info ][gc,heap     ] GC(57) Eden regions: 268->0(14)
[2025-06-05T06:25:13.346+0000][31.270s][info ][gc,heap     ] GC(57) Survivor regions: 2->6(34)
[2025-06-05T06:25:13.346+0000][31.271s][info ][gc,heap     ] GC(57) Old regions: 113->113
[2025-06-05T06:25:13.346+0000][31.271s][info ][gc,heap     ] GC(57) Archive regions: 2->2
[2025-06-05T06:25:13.346+0000][31.271s][info ][gc,heap     ] GC(57) Humongous regions: 0->0
[2025-06-05T06:25:13.346+0000][31.271s][info ][gc,metaspace] GC(57) Metaspace: 133712K(134528K)->133712K(134528K) NonClass: 116748K(117184K)->116748K(117184K) Class: 16963K(17344K)->16963K(17344K)
[2025-06-05T06:25:13.346+0000][31.271s][info ][gc          ] GC(57) Pause Young (Prepare Mixed) (G1 Preventive Collection) 383M->119M(404M) 16.818ms
[2025-06-05T06:25:13.346+0000][31.271s][info ][gc,cpu      ] GC(57) User=0.03s Sys=0.01s Real=0.02s
[2025-06-05T06:25:13.346+0000][31.271s][info ][safepoint   ] Safepoint "G1CollectForAllocation", Time since last: 7816000 ns, Reaching safepoint: 127458 ns, Cleanup: 26667 ns, At safepoint: 16988917 ns, Total: 17143042 ns
[2025-06-05T06:25:13.415+0000][31.340s][debug][safepoint   ] Safepoint synchronization initiated using futex wait barrier. (49 threads)
[2025-06-05T06:25:13.415+0000][31.340s][info ][safepoint   ] Safepoint "ICBufferFull", Time since last: 68996000 ns, Reaching safepoint: 118875 ns, Cleanup: 73208 ns, At safepoint: 8958 ns, Total: 201041 ns
[2025-06-05T06:25:13.474+0000][31.399s][debug][safepoint   ] Safepoint synchronization initiated using futex wait barrier. (49 threads)
[2025-06-05T06:25:13.474+0000][31.399s][info ][gc,start    ] GC(58) Pause Young (Mixed) (G1 Evacuation Pause)
[2025-06-05T06:25:13.474+0000][31.399s][info ][gc,task     ] GC(58) Using 2 workers of 2 for evacuation
[2025-06-05T06:25:13.482+0000][31.407s][info ][gc,phases   ] GC(58)   Pre Evacuate Collection Set: 0.1ms
[2025-06-05T06:25:13.483+0000][31.407s][info ][gc,phases   ] GC(58)   Merge Heap Roots: 0.1ms
[2025-06-05T06:25:13.483+0000][31.407s][info ][gc,phases   ] GC(58)   Evacuate Collection Set: 7.0ms
[2025-06-05T06:25:13.483+0000][31.407s][info ][gc,phases   ] GC(58)   Post Evacuate Collection Set: 0.9ms
[2025-06-05T06:25:13.483+0000][31.407s][info ][gc,phases   ] GC(58)   Other: 0.1ms
[2025-06-05T06:25:13.483+0000][31.407s][info ][gc,heap     ] GC(58) Eden regions: 14->0(219)
[2025-06-05T06:25:13.483+0000][31.407s][info ][gc,heap     ] GC(58) Survivor regions: 6->1(3)
[2025-06-05T06:25:13.483+0000][31.407s][info ][gc,heap     ] GC(58) Old regions: 113->115
[2025-06-05T06:25:13.483+0000][31.407s][info ][gc,heap     ] GC(58) Archive regions: 2->2
[2025-06-05T06:25:13.483+0000][31.407s][info ][gc,heap     ] GC(58) Humongous regions: 0->0
[2025-06-05T06:25:13.483+0000][31.407s][info ][gc,metaspace] GC(58) Metaspace: 133783K(134592K)->133783K(134592K) NonClass: 116820K(117248K)->116820K(117248K) Class: 16963K(17344K)->16963K(17344K)
[2025-06-05T06:25:13.483+0000][31.407s][info ][gc          ] GC(58) Pause Young (Mixed) (G1 Evacuation Pause) 133M->116M(404M) 8.603ms
[2025-06-05T06:25:13.483+0000][31.408s][info ][gc,cpu      ] GC(58) User=0.02s Sys=0.00s Real=0.01s
[2025-06-05T06:25:13.483+0000][31.408s][info ][safepoint   ] Safepoint "G1CollectForAllocation", Time since last: 58659959 ns, Reaching safepoint: 98666 ns, Cleanup: 43584 ns, At safepoint: 8746250 ns, Total: 8888500 ns
[2025-06-05T06:25:13.595+0000][31.520s][debug][safepoint   ] Safepoint synchronization initiated using futex wait barrier. (49 threads)
[2025-06-05T06:25:13.595+0000][31.520s][info ][safepoint   ] Safepoint "ICBufferFull", Time since last: 112204083 ns, Reaching safepoint: 134958 ns, Cleanup: 103459 ns, At safepoint: 5250 ns, Total: 243667 ns
[2025-06-05T06:25:13.880+0000][31.805s][debug][safepoint   ] Safepoint synchronization initiated using futex wait barrier. (49 threads)
[2025-06-05T06:25:13.881+0000][31.805s][info ][safepoint   ] Safepoint "ICBufferFull", Time since last: 285005792 ns, Reaching safepoint: 90125 ns, Cleanup: 134375 ns, At safepoint: 4375 ns, Total: 228875 ns
[2025-06-05T06:25:14.000+0000][31.925s][debug][safepoint   ] Safepoint synchronization initiated using futex wait barrier. (49 threads)
[2025-06-05T06:25:14.000+0000][31.925s][info ][safepoint   ] Safepoint "ICBufferFull", Time since last: 119522583 ns, Reaching safepoint: 94042 ns, Cleanup: 76375 ns, At safepoint: 1666 ns, Total: 172083 ns
[2025-06-05T06:25:14.076+0000][32.001s][debug][safepoint   ] Safepoint synchronization initiated using futex wait barrier. (49 threads)
[2025-06-05T06:25:14.077+0000][32.001s][info ][safepoint   ] Safepoint "ICBufferFull", Time since last: 75959750 ns, Reaching safepoint: 134792 ns, Cleanup: 94792 ns, At safepoint: 1791 ns, Total: 231375 ns
[2025-06-05T06:25:14.356+0000][32.281s][debug][safepoint   ] Safepoint synchronization initiated using futex wait barrier. (49 threads)
[2025-06-05T06:25:14.357+0000][32.281s][info ][safepoint   ] Safepoint "ICBufferFull", Time since last: 279782500 ns, Reaching safepoint: 66125 ns, Cleanup: 91417 ns, At safepoint: 1583 ns, Total: 159125 ns
[2025-06-05T06:25:14.498+0000][32.422s][debug][safepoint   ] Safepoint synchronization initiated using futex wait barrier. (49 threads)
[2025-06-05T06:25:14.498+0000][32.422s][info ][safepoint   ] Safepoint "ICBufferFull", Time since last: 140988625 ns, Reaching safepoint: 115375 ns, Cleanup: 105375 ns, At safepoint: 19167 ns, Total: 239917 ns
[2025-06-05T06:25:14.709+0000][32.634s][debug][safepoint   ] Safepoint synchronization initiated using futex wait barrier. (49 threads)
[2025-06-05T06:25:14.710+0000][32.634s][info ][safepoint   ] Safepoint "ICBufferFull", Time since last: 211288792 ns, Reaching safepoint: 685167 ns, Cleanup: 101208 ns, At safepoint: 6292 ns, Total: 792667 ns
[2025-06-05T06:25:14.868+0000][32.793s][debug][safepoint   ] Safepoint synchronization initiated using futex wait barrier. (49 threads)
[2025-06-05T06:25:14.868+0000][32.793s][info ][safepoint   ] Safepoint "ICBufferFull", Time since last: 158318000 ns, Reaching safepoint: 113750 ns, Cleanup: 72625 ns, At safepoint: 5500 ns, Total: 191875 ns
[2025-06-05T06:25:15.025+0000][32.949s][debug][safepoint   ] Safepoint synchronization initiated using futex wait barrier. (49 threads)
[2025-06-05T06:25:15.025+0000][32.950s][info ][gc,start    ] GC(59) Pause Young (Concurrent Start) (G1 Evacuation Pause)
[2025-06-05T06:25:15.025+0000][32.950s][info ][gc,task     ] GC(59) Using 2 workers of 2 for evacuation
[2025-06-05T06:25:15.029+0000][32.953s][info ][gc,phases   ] GC(59)   Pre Evacuate Collection Set: 0.2ms
[2025-06-05T06:25:15.029+0000][32.953s][info ][gc,phases   ] GC(59)   Merge Heap Roots: 0.0ms
[2025-06-05T06:25:15.029+0000][32.954s][info ][gc,phases   ] GC(59)   Evacuate Collection Set: 2.4ms
[2025-06-05T06:25:15.029+0000][32.954s][info ][gc,phases   ] GC(59)   Post Evacuate Collection Set: 1.0ms
[2025-06-05T06:25:15.029+0000][32.954s][info ][gc,phases   ] GC(59)   Other: 0.2ms
[2025-06-05T06:25:15.029+0000][32.954s][info ][gc,heap     ] GC(59) Eden regions: 219->0(217)
[2025-06-05T06:25:15.029+0000][32.954s][info ][gc,heap     ] GC(59) Survivor regions: 1->5(28)
[2025-06-05T06:25:15.029+0000][32.954s][info ][gc,heap     ] GC(59) Old regions: 115->115
[2025-06-05T06:25:15.029+0000][32.954s][info ][gc,heap     ] GC(59) Archive regions: 2->2
[2025-06-05T06:25:15.029+0000][32.954s][info ][gc,heap     ] GC(59) Humongous regions: 0->0
[2025-06-05T06:25:15.029+0000][32.954s][info ][gc,metaspace] GC(59) Metaspace: 134721K(135552K)->134721K(135552K) NonClass: 117752K(118208K)->117752K(118208K) Class: 16969K(17344K)->16969K(17344K)
[2025-06-05T06:25:15.029+0000][32.954s][info ][gc          ] GC(59) Pause Young (Concurrent Start) (G1 Evacuation Pause) 335M->119M(404M) 4.230ms
[2025-06-05T06:25:15.029+0000][32.954s][info ][gc,cpu      ] GC(59) User=0.00s Sys=0.00s Real=0.00s
[2025-06-05T06:25:15.029+0000][32.954s][info ][safepoint   ] Safepoint "G1CollectForAllocation", Time since last: 156541375 ns, Reaching safepoint: 128708 ns, Cleanup: 50833 ns, At safepoint: 4395542 ns, Total: 4575083 ns
[2025-06-05T06:25:15.029+0000][32.954s][info ][gc          ] GC(60) Concurrent Mark Cycle
[2025-06-05T06:25:15.030+0000][32.954s][info ][gc,marking  ] GC(60) Concurrent Clear Claimed Marks
[2025-06-05T06:25:15.030+0000][32.954s][info ][gc,marking  ] GC(60) Concurrent Clear Claimed Marks 0.148ms
[2025-06-05T06:25:15.030+0000][32.955s][info ][gc,marking  ] GC(60) Concurrent Scan Root Regions
[2025-06-05T06:25:15.031+0000][32.956s][info ][gc,marking  ] GC(60) Concurrent Scan Root Regions 1.416ms
[2025-06-05T06:25:15.032+0000][32.956s][info ][gc,marking  ] GC(60) Concurrent Mark
[2025-06-05T06:25:15.032+0000][32.956s][info ][gc,marking  ] GC(60) Concurrent Mark From Roots
[2025-06-05T06:25:15.032+0000][32.956s][info ][gc,task     ] GC(60) Using 1 workers of 1 for marking
[2025-06-05T06:25:15.135+0000][33.059s][info ][gc,marking  ] GC(60) Concurrent Mark From Roots 103.132ms
[2025-06-05T06:25:15.135+0000][33.059s][info ][gc,marking  ] GC(60) Concurrent Preclean
[2025-06-05T06:25:15.135+0000][33.060s][info ][gc,marking  ] GC(60) Concurrent Preclean 0.267ms
[2025-06-05T06:25:15.135+0000][33.060s][debug][safepoint   ] Safepoint synchronization initiated using futex wait barrier. (49 threads)
[2025-06-05T06:25:15.135+0000][33.060s][info ][gc,start    ] GC(60) Pause Remark
[2025-06-05T06:25:15.179+0000][33.104s][info ][gc          ] GC(60) Pause Remark 138M->132M(404M) 44.204ms
[2025-06-05T06:25:15.180+0000][33.104s][info ][gc,cpu      ] GC(60) User=0.02s Sys=0.00s Real=0.05s
[2025-06-05T06:25:15.180+0000][33.104s][info ][safepoint   ] Safepoint "G1PauseRemark", Time since last: 105693667 ns, Reaching safepoint: 46958 ns, Cleanup: 18208 ns, At safepoint: 44483625 ns, Total: 44548791 ns
[2025-06-05T06:25:15.180+0000][33.104s][info ][gc,marking  ] GC(60) Concurrent Mark 148.256ms
[2025-06-05T06:25:15.180+0000][33.104s][info ][gc,marking  ] GC(60) Concurrent Rebuild Remembered Sets
[2025-06-05T06:25:15.244+0000][33.168s][info ][gc,marking  ] GC(60) Concurrent Rebuild Remembered Sets 63.669ms
[2025-06-05T06:25:15.244+0000][33.168s][debug][safepoint   ] Safepoint synchronization initiated using futex wait barrier. (49 threads)
[2025-06-05T06:25:15.244+0000][33.168s][info ][gc,start    ] GC(60) Pause Cleanup
[2025-06-05T06:25:15.244+0000][33.168s][info ][gc          ] GC(60) Pause Cleanup 142M->142M(404M) 0.122ms
[2025-06-05T06:25:15.244+0000][33.168s][info ][gc,cpu      ] GC(60) User=0.00s Sys=0.00s Real=0.00s
[2025-06-05T06:25:15.244+0000][33.168s][info ][safepoint   ] Safepoint "G1PauseCleanup", Time since last: 63929959 ns, Reaching safepoint: 37916 ns, Cleanup: 31542 ns, At safepoint: 200500 ns, Total: 269958 ns
[2025-06-05T06:25:15.244+0000][33.169s][info ][gc,marking  ] GC(60) Concurrent Cleanup for Next Mark
[2025-06-05T06:25:15.270+0000][33.194s][info ][gc,marking  ] GC(60) Concurrent Cleanup for Next Mark 25.893ms
[2025-06-05T06:25:15.270+0000][33.195s][info ][gc          ] GC(60) Concurrent Mark Cycle 240.463ms
[2025-06-05T06:25:15.613+0000][33.537s][debug][safepoint   ] Safepoint synchronization initiated using futex wait barrier. (49 threads)
[2025-06-05T06:25:15.613+0000][33.538s][info ][safepoint   ] Safepoint "ICBufferFull", Time since last: 368978459 ns, Reaching safepoint: 128875 ns, Cleanup: 95083 ns, At safepoint: 1458 ns, Total: 225416 ns
[2025-06-05T06:25:15.836+0000][33.761s][debug][safepoint   ] Safepoint synchronization initiated using futex wait barrier. (49 threads)
[2025-06-05T06:25:15.836+0000][33.761s][info ][safepoint   ] Safepoint "ICBufferFull", Time since last: 222882084 ns, Reaching safepoint: 119583 ns, Cleanup: 162667 ns, At safepoint: 42166 ns, Total: 324416 ns
[2025-06-05T06:25:16.078+0000][34.002s][debug][safepoint   ] Safepoint synchronization initiated using futex wait barrier. (49 threads)
[2025-06-05T06:25:16.080+0000][34.004s][info ][safepoint   ] Safepoint "ICBufferFull", Time since last: 241413334 ns, Reaching safepoint: 1908042 ns, Cleanup: 93125 ns, At safepoint: 2000 ns, Total: 2003167 ns
[2025-06-05T06:25:16.261+0000][34.186s][debug][safepoint   ] Safepoint synchronization initiated using futex wait barrier. (49 threads)
[2025-06-05T06:25:16.265+0000][34.189s][info ][safepoint   ] Safepoint "ICBufferFull", Time since last: 181562375 ns, Reaching safepoint: 3340583 ns, Cleanup: 95583 ns, At safepoint: 6042 ns, Total: 3442208 ns
[2025-06-05T06:25:16.516+0000][34.441s][debug][safepoint   ] Safepoint synchronization initiated using futex wait barrier. (49 threads)
[2025-06-05T06:25:16.517+0000][34.441s][info ][gc,start    ] GC(61) Pause Young (Prepare Mixed) (G1 Evacuation Pause)
[2025-06-05T06:25:16.517+0000][34.441s][info ][gc,task     ] GC(61) Using 2 workers of 2 for evacuation
[2025-06-05T06:25:16.520+0000][34.445s][info ][gc,phases   ] GC(61)   Pre Evacuate Collection Set: 0.1ms
[2025-06-05T06:25:16.521+0000][34.445s][info ][gc,phases   ] GC(61)   Merge Heap Roots: 0.1ms
[2025-06-05T06:25:16.521+0000][34.445s][info ][gc,phases   ] GC(61)   Evacuate Collection Set: 2.6ms
[2025-06-05T06:25:16.521+0000][34.445s][info ][gc,phases   ] GC(61)   Post Evacuate Collection Set: 1.0ms
[2025-06-05T06:25:16.521+0000][34.445s][info ][gc,phases   ] GC(61)   Other: 0.1ms
[2025-06-05T06:25:16.521+0000][34.445s][info ][gc,heap     ] GC(61) Eden regions: 217->0(15)
[2025-06-05T06:25:16.521+0000][34.445s][info ][gc,heap     ] GC(61) Survivor regions: 5->5(28)
[2025-06-05T06:25:16.521+0000][34.445s][info ][gc,heap     ] GC(61) Old regions: 109->109
[2025-06-05T06:25:16.521+0000][34.445s][info ][gc,heap     ] GC(61) Archive regions: 2->2
[2025-06-05T06:25:16.521+0000][34.445s][info ][gc,heap     ] GC(61) Humongous regions: 0->0
[2025-06-05T06:25:16.521+0000][34.445s][info ][gc,metaspace] GC(61) Metaspace: 135108K(135872K)->135108K(135872K) NonClass: 118136K(118528K)->118136K(118528K) Class: 16972K(17344K)->16972K(17344K)
[2025-06-05T06:25:16.521+0000][34.445s][info ][gc          ] GC(61) Pause Young (Prepare Mixed) (G1 Evacuation Pause) 330M->113M(404M) 4.266ms
[2025-06-05T06:25:16.521+0000][34.446s][info ][gc,cpu      ] GC(61) User=0.01s Sys=0.00s Real=0.01s
[2025-06-05T06:25:16.521+0000][34.446s][info ][safepoint   ] Safepoint "G1CollectForAllocation", Time since last: 251708292 ns, Reaching safepoint: 98458 ns, Cleanup: 72458 ns, At safepoint: 4383125 ns, Total: 4554041 ns
[2025-06-05T06:25:16.603+0000][34.527s][debug][safepoint   ] Safepoint synchronization initiated using futex wait barrier. (49 threads)
[2025-06-05T06:25:16.603+0000][34.527s][info ][gc,start    ] GC(62) Pause Young (Mixed) (G1 Evacuation Pause)
[2025-06-05T06:25:16.603+0000][34.528s][info ][gc,task     ] GC(62) Using 2 workers of 2 for evacuation
[2025-06-05T06:25:16.607+0000][34.531s][info ][gc,phases   ] GC(62)   Pre Evacuate Collection Set: 0.1ms
[2025-06-05T06:25:16.607+0000][34.532s][info ][gc,phases   ] GC(62)   Merge Heap Roots: 0.0ms
[2025-06-05T06:25:16.607+0000][34.532s][info ][gc,phases   ] GC(62)   Evacuate Collection Set: 2.9ms
[2025-06-05T06:25:16.607+0000][34.532s][info ][gc,phases   ] GC(62)   Post Evacuate Collection Set: 0.8ms
[2025-06-05T06:25:16.607+0000][34.532s][info ][gc,phases   ] GC(62)   Other: 0.1ms
[2025-06-05T06:25:16.607+0000][34.532s][info ][gc,heap     ] GC(62) Eden regions: 15->0(231)
[2025-06-05T06:25:16.607+0000][34.532s][info ][gc,heap     ] GC(62) Survivor regions: 5->2(3)
[2025-06-05T06:25:16.607+0000][34.532s][info ][gc,heap     ] GC(62) Old regions: 109->106
[2025-06-05T06:25:16.607+0000][34.532s][info ][gc,heap     ] GC(62) Archive regions: 2->2
[2025-06-05T06:25:16.607+0000][34.532s][info ][gc,heap     ] GC(62) Humongous regions: 0->0
[2025-06-05T06:25:16.607+0000][34.532s][info ][gc,metaspace] GC(62) Metaspace: 135126K(135872K)->135126K(135872K) NonClass: 118153K(118528K)->118153K(118528K) Class: 16972K(17344K)->16972K(17344K)
[2025-06-05T06:25:16.607+0000][34.532s][info ][gc          ] GC(62) Pause Young (Mixed) (G1 Evacuation Pause) 128M->108M(404M) 4.532ms
[2025-06-05T06:25:16.607+0000][34.532s][info ][gc,cpu      ] GC(62) User=0.00s Sys=0.00s Real=0.00s
[2025-06-05T06:25:16.608+0000][34.532s][info ][safepoint   ] Safepoint "G1CollectForAllocation", Time since last: 81721417 ns, Reaching safepoint: 118833 ns, Cleanup: 27875 ns, At safepoint: 4686042 ns, Total: 4832750 ns
[2025-06-05T06:25:16.859+0000][34.784s][debug][safepoint   ] Safepoint synchronization initiated using futex wait barrier. (49 threads)
[2025-06-05T06:25:16.860+0000][34.784s][info ][safepoint   ] Safepoint "ICBufferFull", Time since last: 251828209 ns, Reaching safepoint: 59458 ns, Cleanup: 86292 ns, At safepoint: 1583 ns, Total: 147333 ns
[2025-06-05T06:25:17.231+0000][35.156s][debug][safepoint   ] Safepoint synchronization initiated using futex wait barrier. (49 threads)
[2025-06-05T06:25:17.231+0000][35.156s][info ][safepoint   ] Safepoint "ICBufferFull", Time since last: 371670375 ns, Reaching safepoint: 74000 ns, Cleanup: 97458 ns, At safepoint: 1500 ns, Total: 172958 ns
[2025-06-05T06:25:17.472+0000][35.396s][debug][safepoint   ] Safepoint synchronization initiated using futex wait barrier. (49 threads)
[2025-06-05T06:25:17.472+0000][35.396s][info ][safepoint   ] Safepoint "ICBufferFull", Time since last: 240131584 ns, Reaching safepoint: 79083 ns, Cleanup: 96292 ns, At safepoint: 2125 ns, Total: 177500 ns
[2025-06-05T06:25:17.863+0000][35.788s][debug][safepoint   ] Safepoint synchronization initiated using futex wait barrier. (49 threads)
[2025-06-05T06:25:17.864+0000][35.788s][info ][safepoint   ] Safepoint "ICBufferFull", Time since last: 391762667 ns, Reaching safepoint: 67125 ns, Cleanup: 118541 ns, At safepoint: 1709 ns, Total: 187375 ns
[2025-06-05T06:25:18.095+0000][36.020s][debug][safepoint   ] Safepoint synchronization initiated using futex wait barrier. (49 threads)
[2025-06-05T06:25:18.096+0000][36.020s][info ][gc,start    ] GC(63) Pause Young (Normal) (G1 Evacuation Pause)
[2025-06-05T06:25:18.096+0000][36.020s][info ][gc,task     ] GC(63) Using 2 workers of 2 for evacuation
[2025-06-05T06:25:18.098+0000][36.023s][info ][gc,phases   ] GC(63)   Pre Evacuate Collection Set: 0.1ms
[2025-06-05T06:25:18.098+0000][36.023s][info ][gc,phases   ] GC(63)   Merge Heap Roots: 0.0ms
[2025-06-05T06:25:18.098+0000][36.023s][info ][gc,phases   ] GC(63)   Evacuate Collection Set: 1.3ms
[2025-06-05T06:25:18.098+0000][36.023s][info ][gc,phases   ] GC(63)   Post Evacuate Collection Set: 1.0ms
[2025-06-05T06:25:18.098+0000][36.023s][info ][gc,phases   ] GC(63)   Other: 0.1ms
[2025-06-05T06:25:18.098+0000][36.023s][info ][gc,heap     ] GC(63) Eden regions: 231->0(232)
[2025-06-05T06:25:18.098+0000][36.023s][info ][gc,heap     ] GC(63) Survivor regions: 2->4(30)
[2025-06-05T06:25:18.098+0000][36.023s][info ][gc,heap     ] GC(63) Old regions: 106->106
[2025-06-05T06:25:18.099+0000][36.023s][info ][gc,heap     ] GC(63) Archive regions: 2->2
[2025-06-05T06:25:18.099+0000][36.023s][info ][gc,heap     ] GC(63) Humongous regions: 0->0
[2025-06-05T06:25:18.099+0000][36.023s][info ][gc,metaspace] GC(63) Metaspace: 135347K(136128K)->135347K(136128K) NonClass: 118371K(118784K)->118371K(118784K) Class: 16975K(17344K)->16975K(17344K)
[2025-06-05T06:25:18.099+0000][36.023s][info ][gc          ] GC(63) Pause Young (Normal) (G1 Evacuation Pause) 339M->110M(404M) 3.011ms
[2025-06-05T06:25:18.099+0000][36.023s][info ][gc,cpu      ] GC(63) User=0.00s Sys=0.00s Real=0.00s
[2025-06-05T06:25:18.099+0000][36.023s][info ][safepoint   ] Safepoint "G1CollectForAllocation", Time since last: 231737292 ns, Reaching safepoint: 114666 ns, Cleanup: 66167 ns, At safepoint: 3156958 ns, Total: 3337791 ns
[2025-06-05T06:25:18.224+0000][36.149s][debug][safepoint   ] Safepoint synchronization initiated using futex wait barrier. (49 threads)
[2025-06-05T06:25:18.224+0000][36.149s][info ][safepoint   ] Safepoint "ICBufferFull", Time since last: 125457792 ns, Reaching safepoint: 90500 ns, Cleanup: 108625 ns, At safepoint: 6292 ns, Total: 205417 ns
[2025-06-05T06:25:18.524+0000][36.448s][debug][safepoint   ] Safepoint synchronization initiated using futex wait barrier. (49 threads)
[2025-06-05T06:25:18.524+0000][36.448s][info ][safepoint   ] Safepoint "ICBufferFull", Time since last: 299175708 ns, Reaching safepoint: 170750 ns, Cleanup: 111958 ns, At safepoint: 1875 ns, Total: 284583 ns
[2025-06-05T06:25:18.796+0000][36.721s][debug][safepoint   ] Safepoint synchronization initiated using futex wait barrier. (49 threads)
[2025-06-05T06:25:18.797+0000][36.721s][info ][safepoint   ] Safepoint "ICBufferFull", Time since last: 272636376 ns, Reaching safepoint: 84125 ns, Cleanup: 119833 ns, At safepoint: 5583 ns, Total: 209541 ns
[2025-06-05T06:25:18.989+0000][36.913s][debug][safepoint   ] Safepoint synchronization initiated using futex wait barrier. (49 threads)
[2025-06-05T06:25:18.989+0000][36.914s][info ][safepoint   ] Safepoint "ICBufferFull", Time since last: 192168375 ns, Reaching safepoint: 142542 ns, Cleanup: 82875 ns, At safepoint: 4792 ns, Total: 230209 ns
[2025-06-05T06:25:19.122+0000][37.047s][debug][safepoint   ] Safepoint synchronization initiated using futex wait barrier. (49 threads)
[2025-06-05T06:25:19.122+0000][37.047s][info ][safepoint   ] Safepoint "ICBufferFull", Time since last: 133097458 ns, Reaching safepoint: 170875 ns, Cleanup: 89042 ns, At safepoint: 1541 ns, Total: 261458 ns
[2025-06-05T06:25:19.273+0000][37.198s][debug][safepoint   ] Safepoint synchronization initiated using futex wait barrier. (49 threads)
[2025-06-05T06:25:19.274+0000][37.198s][info ][safepoint   ] Safepoint "ICBufferFull", Time since last: 150756875 ns, Reaching safepoint: 195875 ns, Cleanup: 110292 ns, At safepoint: 5417 ns, Total: 311584 ns
[2025-06-05T06:25:19.394+0000][37.319s][debug][safepoint   ] Safepoint synchronization initiated using futex wait barrier. (49 threads)
[2025-06-05T06:25:19.394+0000][37.319s][info ][gc,start    ] GC(64) Pause Young (Normal) (G1 Evacuation Pause)
[2025-06-05T06:25:19.394+0000][37.319s][info ][gc,task     ] GC(64) Using 2 workers of 2 for evacuation
[2025-06-05T06:25:19.397+0000][37.321s][info ][gc,phases   ] GC(64)   Pre Evacuate Collection Set: 0.1ms
[2025-06-05T06:25:19.397+0000][37.321s][info ][gc,phases   ] GC(64)   Merge Heap Roots: 0.1ms
[2025-06-05T06:25:19.397+0000][37.321s][info ][gc,phases   ] GC(64)   Evacuate Collection Set: 1.1ms
[2025-06-05T06:25:19.397+0000][37.321s][info ][gc,phases   ] GC(64)   Post Evacuate Collection Set: 1.0ms
[2025-06-05T06:25:19.397+0000][37.321s][info ][gc,phases   ] GC(64)   Other: 0.1ms
[2025-06-05T06:25:19.397+0000][37.321s][info ][gc,heap     ] GC(64) Eden regions: 232->0(230)
[2025-06-05T06:25:19.397+0000][37.321s][info ][gc,heap     ] GC(64) Survivor regions: 4->3(30)
[2025-06-05T06:25:19.397+0000][37.321s][info ][gc,heap     ] GC(64) Old regions: 106->106
[2025-06-05T06:25:19.397+0000][37.321s][info ][gc,heap     ] GC(64) Archive regions: 2->2
[2025-06-05T06:25:19.397+0000][37.321s][info ][gc,heap     ] GC(64) Humongous regions: 5->5
[2025-06-05T06:25:19.397+0000][37.322s][info ][gc,metaspace] GC(64) Metaspace: 135654K(136448K)->135654K(136448K) NonClass: 118667K(119040K)->118667K(119040K) Class: 16987K(17408K)->16987K(17408K)
[2025-06-05T06:25:19.397+0000][37.322s][info ][gc          ] GC(64) Pause Young (Normal) (G1 Evacuation Pause) 347M->114M(404M) 2.733ms
[2025-06-05T06:25:19.397+0000][37.322s][info ][gc,cpu      ] GC(64) User=0.00s Sys=0.00s Real=0.00s
[2025-06-05T06:25:19.397+0000][37.322s][info ][safepoint   ] Safepoint "G1CollectForAllocation", Time since last: 120561875 ns, Reaching safepoint: 130875 ns, Cleanup: 24000 ns, At safepoint: 2869291 ns, Total: 3024166 ns
[2025-06-05T06:25:19.915+0000][37.840s][debug][safepoint   ] Safepoint synchronization initiated using futex wait barrier. (49 threads)
[2025-06-05T06:25:19.916+0000][37.840s][info ][safepoint   ] Safepoint "ICBufferFull", Time since last: 518275501 ns, Reaching safepoint: 147916 ns, Cleanup: 128250 ns, At safepoint: 7709 ns, Total: 283875 ns
[2025-06-05T06:25:20.096+0000][38.020s][debug][safepoint   ] Safepoint synchronization initiated using futex wait barrier. (49 threads)
[2025-06-05T06:25:20.096+0000][38.020s][info ][safepoint   ] Safepoint "ICBufferFull", Time since last: 179849166 ns, Reaching safepoint: 80250 ns, Cleanup: 106375 ns, At safepoint: 4625 ns, Total: 191250 ns
[2025-06-05T06:25:20.104+0000][38.029s][debug][safepoint   ] Safepoint synchronization initiated using futex wait barrier. (49 threads)
[2025-06-05T06:25:20.104+0000][38.029s][info ][safepoint   ] Safepoint "ICBufferFull", Time since last: 8495834 ns, Reaching safepoint: 146333 ns, Cleanup: 79333 ns, At safepoint: 5250 ns, Total: 230916 ns
[2025-06-05T06:25:20.105+0000][38.030s][debug][safepoint   ] Safepoint synchronization initiated using futex wait barrier. (49 threads)
[2025-06-05T06:25:20.106+0000][38.030s][info ][safepoint   ] Safepoint "ICBufferFull", Time since last: 1048667 ns, Reaching safepoint: 47417 ns, Cleanup: 72541 ns, At safepoint: 6709 ns, Total: 126667 ns
[2025-06-05T06:25:20.179+0000][38.104s][debug][safepoint   ] Safepoint synchronization initiated using futex wait barrier. (49 threads)
[2025-06-05T06:25:20.179+0000][38.104s][info ][safepoint   ] Safepoint "ICBufferFull", Time since last: 73457958 ns, Reaching safepoint: 73375 ns, Cleanup: 70667 ns, At safepoint: 4667 ns, Total: 148709 ns
[2025-06-05T06:25:20.183+0000][38.107s][debug][safepoint   ] Safepoint synchronization initiated using futex wait barrier. (49 threads)
[2025-06-05T06:25:20.183+0000][38.107s][info ][safepoint   ] Safepoint "ICBufferFull", Time since last: 3411458 ns, Reaching safepoint: 68958 ns, Cleanup: 67917 ns, At safepoint: 1250 ns, Total: 138125 ns
[2025-06-05T06:25:20.186+0000][38.110s][debug][safepoint   ] Safepoint synchronization initiated using futex wait barrier. (49 threads)
[2025-06-05T06:25:20.186+0000][38.111s][info ][safepoint   ] Safepoint "ICBufferFull", Time since last: 2991750 ns, Reaching safepoint: 111750 ns, Cleanup: 74250 ns, At safepoint: 4500 ns, Total: 190500 ns
[2025-06-05T06:25:20.197+0000][38.122s][debug][safepoint   ] Safepoint synchronization initiated using futex wait barrier. (49 threads)
[2025-06-05T06:25:20.197+0000][38.122s][info ][safepoint   ] Safepoint "ICBufferFull", Time since last: 11088292 ns, Reaching safepoint: 118208 ns, Cleanup: 59042 ns, At safepoint: 5333 ns, Total: 182583 ns
[2025-06-05T06:25:20.452+0000][38.376s][debug][safepoint   ] Safepoint synchronization initiated using futex wait barrier. (49 threads)
[2025-06-05T06:25:20.452+0000][38.376s][info ][safepoint   ] Safepoint "ICBufferFull", Time since last: 254488333 ns, Reaching safepoint: 150000 ns, Cleanup: 73709 ns, At safepoint: 5458 ns, Total: 229167 ns
[2025-06-05T06:25:20.511+0000][38.435s][debug][safepoint   ] Safepoint synchronization initiated using futex wait barrier. (49 threads)
[2025-06-05T06:25:20.511+0000][38.436s][info ][gc,start    ] GC(65) Pause Young (Normal) (G1 Evacuation Pause)
[2025-06-05T06:25:20.511+0000][38.436s][info ][gc,task     ] GC(65) Using 2 workers of 2 for evacuation
[2025-06-05T06:25:20.513+0000][38.438s][info ][gc,phases   ] GC(65)   Pre Evacuate Collection Set: 0.1ms
[2025-06-05T06:25:20.514+0000][38.438s][info ][gc,phases   ] GC(65)   Merge Heap Roots: 0.1ms
[2025-06-05T06:25:20.514+0000][38.438s][info ][gc,phases   ] GC(65)   Evacuate Collection Set: 1.2ms
[2025-06-05T06:25:20.514+0000][38.438s][info ][gc,phases   ] GC(65)   Post Evacuate Collection Set: 0.9ms
[2025-06-05T06:25:20.514+0000][38.438s][info ][gc,phases   ] GC(65)   Other: 0.1ms
[2025-06-05T06:25:20.514+0000][38.438s][info ][gc,heap     ] GC(65) Eden regions: 230->0(230)
[2025-06-05T06:25:20.514+0000][38.438s][info ][gc,heap     ] GC(65) Survivor regions: 3->2(30)
[2025-06-05T06:25:20.514+0000][38.438s][info ][gc,heap     ] GC(65) Old regions: 106->106
[2025-06-05T06:25:20.514+0000][38.438s][info ][gc,heap     ] GC(65) Archive regions: 2->2
[2025-06-05T06:25:20.514+0000][38.438s][info ][gc,heap     ] GC(65) Humongous regions: 13->8
[2025-06-05T06:25:20.514+0000][38.438s][info ][gc,metaspace] GC(65) Metaspace: 135819K(136704K)->135819K(136704K) NonClass: 118831K(119296K)->118831K(119296K) Class: 16988K(17408K)->16988K(17408K)
[2025-06-05T06:25:20.514+0000][38.438s][info ][gc          ] GC(65) Pause Young (Normal) (G1 Evacuation Pause) 352M->116M(404M) 2.884ms
[2025-06-05T06:25:20.514+0000][38.438s][info ][gc,cpu      ] GC(65) User=0.00s Sys=0.00s Real=0.00s
[2025-06-05T06:25:20.514+0000][38.439s][info ][safepoint   ] Safepoint "G1CollectForAllocation", Time since last: 58933500 ns, Reaching safepoint: 62958 ns, Cleanup: 16084 ns, At safepoint: 3031708 ns, Total: 3110750 ns
[2025-06-05T06:25:21.024+0000][38.949s][debug][safepoint   ] Safepoint synchronization initiated using futex wait barrier. (49 threads)
[2025-06-05T06:25:21.025+0000][38.949s][info ][safepoint   ] Safepoint "ICBufferFull", Time since last: 510494792 ns, Reaching safepoint: 83542 ns, Cleanup: 133750 ns, At safepoint: 6958 ns, Total: 224250 ns
[2025-06-05T06:25:21.053+0000][38.978s][debug][safepoint   ] Safepoint synchronization initiated using futex wait barrier. (49 threads)
[2025-06-05T06:25:21.054+0000][38.978s][info ][safepoint   ] Safepoint "ICBufferFull", Time since last: 28571833 ns, Reaching safepoint: 115917 ns, Cleanup: 122167 ns, At safepoint: 5500 ns, Total: 243584 ns
[2025-06-05T06:25:21.071+0000][38.996s][debug][safepoint   ] Safepoint synchronization initiated using futex wait barrier. (49 threads)
[2025-06-05T06:25:21.072+0000][38.996s][info ][safepoint   ] Safepoint "ICBufferFull", Time since last: 17880833 ns, Reaching safepoint: 176583 ns, Cleanup: 126042 ns, At safepoint: 2042 ns, Total: 304667 ns
[2025-06-05T06:25:21.085+0000][39.010s][debug][safepoint   ] Safepoint synchronization initiated using futex wait barrier. (49 threads)
[2025-06-05T06:25:21.085+0000][39.010s][info ][safepoint   ] Safepoint "ICBufferFull", Time since last: 13521750 ns, Reaching safepoint: 155500 ns, Cleanup: 116125 ns, At safepoint: 4833 ns, Total: 276458 ns
[2025-06-05T06:25:21.140+0000][39.064s][debug][safepoint   ] Safepoint synchronization initiated using futex wait barrier. (49 threads)
[2025-06-05T06:25:21.140+0000][39.065s][info ][safepoint   ] Safepoint "ICBufferFull", Time since last: 54404875 ns, Reaching safepoint: 132958 ns, Cleanup: 98500 ns, At safepoint: 7209 ns, Total: 238667 ns
[2025-06-05T06:25:21.305+0000][39.230s][debug][safepoint   ] Safepoint synchronization initiated using futex wait barrier. (49 threads)
[2025-06-05T06:25:21.305+0000][39.230s][info ][safepoint   ] Safepoint "ICBufferFull", Time since last: 164852125 ns, Reaching safepoint: 134458 ns, Cleanup: 120208 ns, At safepoint: 2000 ns, Total: 256666 ns
[2025-06-05T06:25:21.423+0000][39.347s][debug][safepoint   ] Safepoint synchronization initiated using futex wait barrier. (49 threads)
[2025-06-05T06:25:21.423+0000][39.347s][info ][safepoint   ] Safepoint "ICBufferFull", Time since last: 117389834 ns, Reaching safepoint: 118916 ns, Cleanup: 118917 ns, At safepoint: 1667 ns, Total: 239500 ns
[2025-06-05T06:25:21.586+0000][39.511s][debug][safepoint   ] Safepoint synchronization initiated using futex wait barrier. (49 threads)
[2025-06-05T06:25:21.586+0000][39.511s][info ][safepoint   ] Safepoint "ICBufferFull", Time since last: 163290458 ns, Reaching safepoint: 64625 ns, Cleanup: 99375 ns, At safepoint: 5417 ns, Total: 169417 ns
[2025-06-05T06:25:21.771+0000][39.696s][debug][safepoint   ] Safepoint synchronization initiated using futex wait barrier. (49 threads)
[2025-06-05T06:25:21.771+0000][39.696s][info ][safepoint   ] Safepoint "ICBufferFull", Time since last: 184817542 ns, Reaching safepoint: 81291 ns, Cleanup: 100792 ns, At safepoint: 5125 ns, Total: 187208 ns
[2025-06-05T06:25:21.793+0000][39.717s][debug][safepoint   ] Safepoint synchronization initiated using futex wait barrier. (49 threads)
[2025-06-05T06:25:21.793+0000][39.718s][info ][safepoint   ] Safepoint "ICBufferFull", Time since last: 21433667 ns, Reaching safepoint: 130041 ns, Cleanup: 105584 ns, At safepoint: 1583 ns, Total: 237208 ns
[2025-06-05T06:25:21.835+0000][39.760s][debug][safepoint   ] Safepoint synchronization initiated using futex wait barrier. (49 threads)
[2025-06-05T06:25:21.835+0000][39.760s][info ][safepoint   ] Safepoint "ICBufferFull", Time since last: 42127667 ns, Reaching safepoint: 168416 ns, Cleanup: 138500 ns, At safepoint: 1584 ns, Total: 308500 ns
[2025-06-05T06:25:21.880+0000][39.804s][debug][safepoint   ] Safepoint synchronization initiated using futex wait barrier. (49 threads)
[2025-06-05T06:25:21.880+0000][39.805s][info ][safepoint   ] Safepoint "ICBufferFull", Time since last: 44393791 ns, Reaching safepoint: 156167 ns, Cleanup: 132875 ns, At safepoint: 1750 ns, Total: 290792 ns
[2025-06-05T06:25:21.925+0000][39.850s][debug][safepoint   ] Safepoint synchronization initiated using futex wait barrier. (49 threads)
[2025-06-05T06:25:21.925+0000][39.850s][info ][safepoint   ] Safepoint "ICBufferFull", Time since last: 44827667 ns, Reaching safepoint: 172416 ns, Cleanup: 112709 ns, At safepoint: 4750 ns, Total: 289875 ns
[2025-06-05T06:25:22.023+0000][39.947s][debug][safepoint   ] Safepoint synchronization initiated using futex wait barrier. (49 threads)
[2025-06-05T06:25:22.024+0000][39.948s][info ][safepoint   ] Safepoint "ICBufferFull", Time since last: 97452833 ns, Reaching safepoint: 1064792 ns, Cleanup: 98583 ns, At safepoint: 7542 ns, Total: 1170917 ns
[2025-06-05T06:25:22.093+0000][40.018s][debug][safepoint   ] Safepoint synchronization initiated using futex wait barrier. (49 threads)
[2025-06-05T06:25:22.094+0000][40.018s][info ][safepoint   ] Safepoint "ICBufferFull", Time since last: 69185833 ns, Reaching safepoint: 632750 ns, Cleanup: 104083 ns, At safepoint: 8875 ns, Total: 745708 ns
[2025-06-05T06:25:22.176+0000][40.100s][debug][safepoint   ] Safepoint synchronization initiated using futex wait barrier. (49 threads)
[2025-06-05T06:25:22.176+0000][40.100s][info ][safepoint   ] Safepoint "ICBufferFull", Time since last: 81832459 ns, Reaching safepoint: 140791 ns, Cleanup: 112125 ns, At safepoint: 20375 ns, Total: 273291 ns
[2025-06-05T06:25:22.186+0000][40.111s][debug][safepoint   ] Safepoint synchronization initiated using futex wait barrier. (49 threads)
[2025-06-05T06:25:22.187+0000][40.111s][info ][gc,start    ] GC(66) Pause Young (Normal) (G1 Evacuation Pause)
[2025-06-05T06:25:22.187+0000][40.111s][info ][gc,task     ] GC(66) Using 2 workers of 2 for evacuation
[2025-06-05T06:25:22.193+0000][40.118s][info ][gc,phases   ] GC(66)   Pre Evacuate Collection Set: 0.1ms
[2025-06-05T06:25:22.193+0000][40.118s][info ][gc,phases   ] GC(66)   Merge Heap Roots: 0.1ms
[2025-06-05T06:25:22.193+0000][40.118s][info ][gc,phases   ] GC(66)   Evacuate Collection Set: 5.2ms
[2025-06-05T06:25:22.193+0000][40.118s][info ][gc,phases   ] GC(66)   Post Evacuate Collection Set: 1.1ms
[2025-06-05T06:25:22.194+0000][40.118s][info ][gc,phases   ] GC(66)   Other: 0.2ms
[2025-06-05T06:25:22.194+0000][40.118s][info ][gc,heap     ] GC(66) Eden regions: 230->0(229)
[2025-06-05T06:25:22.194+0000][40.118s][info ][gc,heap     ] GC(66) Survivor regions: 2->5(29)
[2025-06-05T06:25:22.194+0000][40.118s][info ][gc,heap     ] GC(66) Old regions: 106->106
[2025-06-05T06:25:22.194+0000][40.118s][info ][gc,heap     ] GC(66) Archive regions: 2->2
[2025-06-05T06:25:22.194+0000][40.118s][info ][gc,heap     ] GC(66) Humongous regions: 14->6
[2025-06-05T06:25:22.194+0000][40.118s][info ][gc,metaspace] GC(66) Metaspace: 137781K(138624K)->137781K(138624K) NonClass: 120649K(121088K)->120649K(121088K) Class: 17132K(17536K)->17132K(17536K)
[2025-06-05T06:25:22.194+0000][40.118s][info ][gc          ] GC(66) Pause Young (Normal) (G1 Evacuation Pause) 352M->117M(404M) 7.129ms
[2025-06-05T06:25:22.194+0000][40.118s][info ][gc,cpu      ] GC(66) User=0.01s Sys=0.00s Real=0.01s
[2025-06-05T06:25:22.194+0000][40.119s][info ][safepoint   ] Safepoint "G1CollectForAllocation", Time since last: 10349750 ns, Reaching safepoint: 352459 ns, Cleanup: 70666 ns, At safepoint: 7269792 ns, Total: 7692917 ns
[2025-06-05T06:25:22.300+0000][40.224s][debug][safepoint   ] Safepoint synchronization initiated using futex wait barrier. (49 threads)
[2025-06-05T06:25:22.300+0000][40.225s][info ][safepoint   ] Safepoint "ICBufferFull", Time since last: 105758917 ns, Reaching safepoint: 145958 ns, Cleanup: 134084 ns, At safepoint: 7083 ns, Total: 287125 ns
[2025-06-05T06:25:22.470+0000][40.395s][debug][safepoint   ] Safepoint synchronization initiated using futex wait barrier. (49 threads)
[2025-06-05T06:25:22.471+0000][40.395s][info ][safepoint   ] Safepoint "ICBufferFull", Time since last: 170257333 ns, Reaching safepoint: 159000 ns, Cleanup: 105250 ns, At safepoint: 5084 ns, Total: 269334 ns
[2025-06-05T06:25:22.728+0000][40.653s][debug][safepoint   ] Safepoint synchronization initiated using futex wait barrier. (49 threads)
[2025-06-05T06:25:22.728+0000][40.653s][info ][safepoint   ] Safepoint "ICBufferFull", Time since last: 257457041 ns, Reaching safepoint: 113125 ns, Cleanup: 125500 ns, At safepoint: 1625 ns, Total: 240250 ns
[2025-06-05T06:25:22.886+0000][40.811s][debug][safepoint   ] Safepoint synchronization initiated using futex wait barrier. (49 threads)
[2025-06-05T06:25:22.886+0000][40.811s][info ][gc,start    ] GC(67) Pause Young (Normal) (G1 Evacuation Pause)
[2025-06-05T06:25:22.886+0000][40.811s][info ][gc,task     ] GC(67) Using 2 workers of 2 for evacuation
[2025-06-05T06:25:22.892+0000][40.816s][info ][gc,phases   ] GC(67)   Pre Evacuate Collection Set: 0.1ms
[2025-06-05T06:25:22.892+0000][40.816s][info ][gc,phases   ] GC(67)   Merge Heap Roots: 0.1ms
[2025-06-05T06:25:22.892+0000][40.816s][info ][gc,phases   ] GC(67)   Evacuate Collection Set: 4.2ms
[2025-06-05T06:25:22.892+0000][40.816s][info ][gc,phases   ] GC(67)   Post Evacuate Collection Set: 0.9ms
[2025-06-05T06:25:22.892+0000][40.816s][info ][gc,phases   ] GC(67)   Other: 0.2ms
[2025-06-05T06:25:22.892+0000][40.816s][info ][gc,heap     ] GC(67) Eden regions: 229->0(238)
[2025-06-05T06:25:22.892+0000][40.816s][info ][gc,heap     ] GC(67) Survivor regions: 5->4(30)
[2025-06-05T06:25:22.892+0000][40.816s][info ][gc,heap     ] GC(67) Old regions: 106->106
[2025-06-05T06:25:22.892+0000][40.816s][info ][gc,heap     ] GC(67) Archive regions: 2->2
[2025-06-05T06:25:22.892+0000][40.816s][info ][gc,heap     ] GC(67) Humongous regions: 6->0
[2025-06-05T06:25:22.892+0000][40.817s][info ][gc,metaspace] GC(67) Metaspace: 138273K(139072K)->138273K(139072K) NonClass: 121140K(121536K)->121140K(121536K) Class: 17133K(17536K)->17133K(17536K)
[2025-06-05T06:25:22.892+0000][40.817s][info ][gc          ] GC(67) Pause Young (Normal) (G1 Evacuation Pause) 346M->110M(404M) 5.776ms
[2025-06-05T06:25:22.892+0000][40.817s][info ][gc,cpu      ] GC(67) User=0.02s Sys=0.00s Real=0.01s
[2025-06-05T06:25:22.892+0000][40.817s][info ][safepoint   ] Safepoint "G1CollectForAllocation", Time since last: 157804917 ns, Reaching safepoint: 119917 ns, Cleanup: 54916 ns, At safepoint: 5909500 ns, Total: 6084333 ns
[2025-06-05T06:25:23.277+0000][41.202s][debug][safepoint   ] ... found polling page loop exception at pc = 0x0000ffff71c1a56c, stub =0x0000ffff7097ef00
[2025-06-05T06:25:23.281+0000][41.206s][debug][safepoint   ] Safepoint synchronization initiated using futex wait barrier. (49 threads)
[2025-06-05T06:25:23.282+0000][41.206s][info ][safepoint   ] Safepoint "ICBufferFull", Time since last: 389354834 ns, Reaching safepoint: 236000 ns, Cleanup: 121917 ns, At safepoint: 39958 ns, Total: 397875 ns
[2025-06-05T06:25:23.334+0000][41.259s][debug][safepoint   ] Safepoint synchronization initiated using futex wait barrier. (49 threads)
[2025-06-05T06:25:23.335+0000][41.259s][info ][safepoint   ] Safepoint "ICBufferFull", Time since last: 52463625 ns, Reaching safepoint: 105292 ns, Cleanup: 106708 ns, At safepoint: 1708 ns, Total: 213708 ns
[2025-06-05T06:25:23.495+0000][41.419s][debug][safepoint   ] Safepoint synchronization initiated using futex wait barrier. (49 threads)
[2025-06-05T06:25:23.495+0000][41.420s][info ][gc,start    ] GC(68) Pause Young (Normal) (G1 Evacuation Pause)
[2025-06-05T06:25:23.495+0000][41.420s][info ][gc,task     ] GC(68) Using 2 workers of 2 for evacuation
[2025-06-05T06:25:23.501+0000][41.426s][info ][gc,phases   ] GC(68)   Pre Evacuate Collection Set: 0.1ms
[2025-06-05T06:25:23.501+0000][41.426s][info ][gc,phases   ] GC(68)   Merge Heap Roots: 0.1ms
[2025-06-05T06:25:23.501+0000][41.426s][info ][gc,phases   ] GC(68)   Evacuate Collection Set: 4.8ms
[2025-06-05T06:25:23.501+0000][41.426s][info ][gc,phases   ] GC(68)   Post Evacuate Collection Set: 1.1ms
[2025-06-05T06:25:23.502+0000][41.426s][info ][gc,phases   ] GC(68)   Other: 0.1ms
[2025-06-05T06:25:23.502+0000][41.426s][info ][gc,heap     ] GC(68) Eden regions: 238->0(238)
[2025-06-05T06:25:23.502+0000][41.426s][info ][gc,heap     ] GC(68) Survivor regions: 4->4(31)
[2025-06-05T06:25:23.502+0000][41.426s][info ][gc,heap     ] GC(68) Old regions: 106->106
[2025-06-05T06:25:23.502+0000][41.426s][info ][gc,heap     ] GC(68) Archive regions: 2->2
[2025-06-05T06:25:23.502+0000][41.427s][info ][gc,heap     ] GC(68) Humongous regions: 0->0
[2025-06-05T06:25:23.502+0000][41.427s][info ][gc,metaspace] GC(68) Metaspace: 138439K(139328K)->138439K(139328K) NonClass: 121306K(121792K)->121306K(121792K) Class: 17133K(17536K)->17133K(17536K)
[2025-06-05T06:25:23.502+0000][41.427s][info ][gc          ] GC(68) Pause Young (Normal) (G1 Evacuation Pause) 348M->110M(404M) 6.953ms
[2025-06-05T06:25:23.502+0000][41.427s][info ][gc,cpu      ] GC(68) User=0.01s Sys=0.00s Real=0.01s
[2025-06-05T06:25:23.502+0000][41.427s][info ][safepoint   ] Safepoint "G1CollectForAllocation", Time since last: 160374625 ns, Reaching safepoint: 123625 ns, Cleanup: 48209 ns, At safepoint: 7157041 ns, Total: 7328875 ns
[2025-06-05T06:25:24.081+0000][42.005s][debug][safepoint   ] Safepoint synchronization initiated using futex wait barrier. (49 threads)
[2025-06-05T06:25:24.081+0000][42.005s][info ][safepoint   ] Safepoint "ICBufferFull", Time since last: 578375167 ns, Reaching safepoint: 126667 ns, Cleanup: 108958 ns, At safepoint: 5750 ns, Total: 241375 ns
[2025-06-05T06:25:24.081+0000][42.006s][debug][safepoint   ] Safepoint synchronization initiated using futex wait barrier. (49 threads)
[2025-06-05T06:25:24.081+0000][42.006s][info ][gc,start    ] GC(69) Pause Young (Normal) (G1 Evacuation Pause)
[2025-06-05T06:25:24.081+0000][42.006s][info ][gc,task     ] GC(69) Using 2 workers of 2 for evacuation
[2025-06-05T06:25:24.087+0000][42.012s][info ][gc,phases   ] GC(69)   Pre Evacuate Collection Set: 0.1ms
[2025-06-05T06:25:24.088+0000][42.012s][info ][gc,phases   ] GC(69)   Merge Heap Roots: 0.1ms
[2025-06-05T06:25:24.088+0000][42.012s][info ][gc,phases   ] GC(69)   Evacuate Collection Set: 5.0ms
[2025-06-05T06:25:24.088+0000][42.012s][info ][gc,phases   ] GC(69)   Post Evacuate Collection Set: 0.9ms
[2025-06-05T06:25:24.088+0000][42.012s][info ][gc,phases   ] GC(69)   Other: 0.1ms
[2025-06-05T06:25:24.088+0000][42.012s][info ][gc,heap     ] GC(69) Eden regions: 238->0(236)
[2025-06-05T06:25:24.088+0000][42.012s][info ][gc,heap     ] GC(69) Survivor regions: 4->6(31)
[2025-06-05T06:25:24.088+0000][42.012s][info ][gc,heap     ] GC(69) Old regions: 106->106
[2025-06-05T06:25:24.088+0000][42.012s][info ][gc,heap     ] GC(69) Archive regions: 2->2
[2025-06-05T06:25:24.088+0000][42.012s][info ][gc,heap     ] GC(69) Humongous regions: 6->0
[2025-06-05T06:25:24.088+0000][42.012s][info ][gc,metaspace] GC(69) Metaspace: 138628K(139456K)->138628K(139456K) NonClass: 121493K(121920K)->121493K(121920K) Class: 17135K(17536K)->17135K(17536K)
[2025-06-05T06:25:24.088+0000][42.013s][info ][gc          ] GC(69) Pause Young (Normal) (G1 Evacuation Pause) 354M->112M(404M) 6.749ms
[2025-06-05T06:25:24.088+0000][42.013s][info ][gc,cpu      ] GC(69) User=0.01s Sys=0.00s Real=0.00s
[2025-06-05T06:25:24.088+0000][42.013s][info ][safepoint   ] Safepoint "G1CollectForAllocation", Time since last: 280917 ns, Reaching safepoint: 40667 ns, Cleanup: 4166 ns, At safepoint: 6867500 ns, Total: 6912333 ns
[2025-06-05T06:25:24.133+0000][42.057s][debug][safepoint   ] Safepoint synchronization initiated using futex wait barrier. (49 threads)
[2025-06-05T06:25:24.133+0000][42.058s][info ][safepoint   ] Safepoint "ICBufferFull", Time since last: 44723875 ns, Reaching safepoint: 167125 ns, Cleanup: 120292 ns, At safepoint: 1875 ns, Total: 289292 ns
[2025-06-05T06:25:24.253+0000][42.178s][debug][safepoint   ] Safepoint synchronization initiated using futex wait barrier. (49 threads)
[2025-06-05T06:25:24.253+0000][42.178s][info ][safepoint   ] Safepoint "ICBufferFull", Time since last: 120077333 ns, Reaching safepoint: 97750 ns, Cleanup: 105000 ns, At safepoint: 1584 ns, Total: 204334 ns
[2025-06-05T06:25:24.336+0000][42.260s][debug][safepoint   ] Safepoint synchronization initiated using futex wait barrier. (49 threads)
[2025-06-05T06:25:24.336+0000][42.261s][info ][safepoint   ] Safepoint "ICBufferFull", Time since last: 82525875 ns, Reaching safepoint: 130375 ns, Cleanup: 132500 ns, At safepoint: 6333 ns, Total: 269208 ns
[2025-06-05T06:25:24.336+0000][42.261s][debug][safepoint   ] Safepoint synchronization initiated using futex wait barrier. (49 threads)
[2025-06-05T06:25:24.337+0000][42.261s][info ][safepoint   ] Safepoint "ICBufferFull", Time since last: 98583 ns, Reaching safepoint: 362792 ns, Cleanup: 11000 ns, At safepoint: 14917 ns, Total: 388709 ns
[2025-06-05T06:25:24.410+0000][42.334s][debug][safepoint   ] Safepoint synchronization initiated using futex wait barrier. (49 threads)
[2025-06-05T06:25:24.410+0000][42.334s][info ][safepoint   ] Safepoint "ICBufferFull", Time since last: 72884333 ns, Reaching safepoint: 140792 ns, Cleanup: 126125 ns, At safepoint: 1833 ns, Total: 268750 ns
[2025-06-05T06:25:24.598+0000][42.522s][debug][safepoint   ] Safepoint synchronization initiated using futex wait barrier. (49 threads)
[2025-06-05T06:25:24.598+0000][42.523s][info ][safepoint   ] Safepoint "ICBufferFull", Time since last: 187897292 ns, Reaching safepoint: 183458 ns, Cleanup: 113459 ns, At safepoint: 7250 ns, Total: 304167 ns
[2025-06-05T06:25:24.903+0000][42.827s][debug][safepoint   ] ... found polling page loop exception at pc = 0x0000ffff71d69ec0, stub =0x0000ffff7097ef00
[2025-06-05T06:25:24.948+0000][42.872s][debug][safepoint   ] Safepoint synchronization initiated using futex wait barrier. (49 threads)
[2025-06-05T06:25:24.948+0000][42.873s][info ][safepoint   ] Safepoint "ICBufferFull", Time since last: 349806333 ns, Reaching safepoint: 132000 ns, Cleanup: 123500 ns, At safepoint: 4625 ns, Total: 260125 ns
[2025-06-05T06:25:25.118+0000][43.043s][debug][safepoint   ] Safepoint synchronization initiated using futex wait barrier. (50 threads)
[2025-06-05T06:25:25.118+0000][43.043s][info ][safepoint   ] Safepoint "ICBufferFull", Time since last: 169923000 ns, Reaching safepoint: 104959 ns, Cleanup: 152125 ns, At safepoint: 6083 ns, Total: 263167 ns
[2025-06-05T06:25:25.141+0000][43.065s][debug][safepoint   ] Safepoint synchronization initiated using futex wait barrier. (50 threads)
[2025-06-05T06:25:25.141+0000][43.065s][info ][safepoint   ] Safepoint "ICBufferFull", Time since last: 22317417 ns, Reaching safepoint: 126291 ns, Cleanup: 95417 ns, At safepoint: 1542 ns, Total: 223250 ns
[2025-06-05T06:25:25.222+0000][43.146s][debug][safepoint   ] Safepoint synchronization initiated using futex wait barrier. (50 threads)
[2025-06-05T06:25:25.223+0000][43.147s][info ][safepoint   ] Safepoint "ICBufferFull", Time since last: 80791416 ns, Reaching safepoint: 1068209 ns, Cleanup: 130291 ns, At safepoint: 10792 ns, Total: 1209292 ns
[2025-06-05T06:25:25.296+0000][43.220s][info ][gc,heap,exit] Heap
[2025-06-05T06:25:25.296+0000][43.221s][info ][gc,heap,exit]  garbage-first heap   total 413696K, used 337411K [0x00000000c0000000, 0x0000000100000000)
[2025-06-05T06:25:25.296+0000][43.221s][info ][gc,heap,exit]   region size 1024K, 223 young (228352K), 6 survivors (6144K)
[2025-06-05T06:25:25.296+0000][43.221s][info ][gc,heap,exit]  Metaspace       used 141425K, committed 142400K, reserved 1179648K
[2025-06-05T06:25:25.296+0000][43.221s][info ][gc,heap,exit]   class space    used 17483K, committed 17984K, reserved 1048576K
[2025-06-05T06:25:25.296+0000][43.221s][debug][safepoint   ] Safepoint synchronization initiated using futex wait barrier. (14 threads)
