[2025-06-05T22:39:04.731+0000][0.003s][info][gc] Using G1
[2025-06-05T22:39:04.732+0000][0.003s][info][gc,init] Version: 17.0.12+7-Debian-2deb12u1 (release)
[2025-06-05T22:39:04.732+0000][0.004s][info][gc,init] CPUs: 10 total, 2 available
[2025-06-05T22:39:04.732+0000][0.004s][info][gc,init] Memory: 4096M
[2025-06-05T22:39:04.732+0000][0.004s][info][gc,init] Large Page Support: Disabled
[2025-06-05T22:39:04.732+0000][0.004s][info][gc,init] NUMA Support: Disabled
[2025-06-05T22:39:04.732+0000][0.004s][info][gc,init] Compressed Oops: Enabled (32-bit)
[2025-06-05T22:39:04.732+0000][0.004s][info][gc,init] Heap Region Size: 1M
[2025-06-05T22:39:04.732+0000][0.004s][info][gc,init] Heap Min Capacity: 8M
[2025-06-05T22:39:04.732+0000][0.004s][info][gc,init] Heap Initial Capacity: 64M
[2025-06-05T22:39:04.732+0000][0.004s][info][gc,init] Heap Max Capacity: 1G
[2025-06-05T22:39:04.732+0000][0.004s][info][gc,init] Pre-touch: Disabled
[2025-06-05T22:39:04.732+0000][0.004s][info][gc,init] Parallel Workers: 2
[2025-06-05T22:39:04.732+0000][0.004s][info][gc,init] Concurrent Workers: 1
[2025-06-05T22:39:04.732+0000][0.004s][info][gc,init] Concurrent Refinement Workers: 2
[2025-06-05T22:39:04.733+0000][0.004s][info][gc,init] Periodic GC: Disabled
[2025-06-05T22:39:04.738+0000][0.010s][info][gc,metaspace] CDS archive(s) mapped at: [0x000000b800000000-0x000000b800be0000-0x000000b800be0000), size 12451840, SharedBaseAddress: 0x000000b800000000, ArchiveRelocationMode: 1.
[2025-06-05T22:39:04.738+0000][0.010s][info][gc,metaspace] Compressed class space mapped at: 0x000000b801000000-0x000000b841000000, reserved size: 1073741824
[2025-06-05T22:39:04.738+0000][0.010s][info][gc,metaspace] Narrow klass base: 0x000000b800000000, Narrow klass shift: 0, Narrow klass range: 0x100000000
[2025-06-05T22:39:04.742+0000][0.013s][info][cds,heap    ] initialize_from_archived_subgraph java.lang.Module$ArchivedData 0x000000b800182380 (early)
[2025-06-05T22:39:04.742+0000][0.013s][info][cds,heap    ] initialize_from_archived_subgraph java.util.ImmutableCollections 0x000000b800070cd8 (early)
[2025-06-05T22:39:04.743+0000][0.015s][info][cds,heap    ] initialize_from_archived_subgraph java.lang.Integer$IntegerCache 0x000000b800036060 (early)
[2025-06-05T22:39:04.746+0000][0.017s][info][cds,heap    ] initialize_from_archived_subgraph java.lang.module.Configuration 0x000000b800170300 (early)
[2025-06-05T22:39:04.746+0000][0.017s][info][cds,heap    ] initialize_from_archived_subgraph java.lang.ModuleLayer 0x000000b800144c50 (early)
[2025-06-05T22:39:04.746+0000][0.018s][info][cds,heap    ] initialize_from_archived_subgraph jdk.internal.loader.ArchivedClassLoaders 0x000000b8001ab770 (early)
[2025-06-05T22:39:04.746+0000][0.018s][info][cds,heap    ] initialize_from_archived_subgraph jdk.internal.module.ArchivedBootLayer 0x000000b800176f40 (early)
[2025-06-05T22:39:04.747+0000][0.019s][info][cds,heap    ] initialize_from_archived_subgraph sun.util.locale.BaseLocale 0x000000b80026c120
[2025-06-05T22:39:04.752+0000][0.023s][info][cds,heap    ] initialize_from_archived_subgraph java.util.jar.Attributes$Name 0x000000b80019d1e8
[2025-06-05T22:39:04.765+0000][0.037s][info][cds,heap    ] initialize_from_archived_subgraph java.lang.Long$LongCache 0x000000b80001f998
[2025-06-05T22:39:04.803+0000][0.074s][info][cds,heap    ] initialize_from_archived_subgraph java.lang.Character$CharacterCache 0x000000b8000393e8
[2025-06-05T22:39:04.859+0000][0.130s][debug][safepoint   ] Safepoint synchronization initiated using futex wait barrier. (12 threads)
[2025-06-05T22:39:04.859+0000][0.130s][info ][safepoint   ] Safepoint "ICBufferFull", Time since last: 117936042 ns, Reaching safepoint: 130000 ns, Cleanup: 64958 ns, At safepoint: 7959 ns, Total: 202917 ns
[2025-06-05T22:39:04.876+0000][0.147s][debug][safepoint   ] Safepoint synchronization initiated using futex wait barrier. (12 threads)
[2025-06-05T22:39:04.876+0000][0.148s][info ][gc,start    ] GC(0) Pause Young (Normal) (G1 Evacuation Pause)
[2025-06-05T22:39:04.876+0000][0.148s][info ][gc,task     ] GC(0) Using 2 workers of 2 for evacuation
[2025-06-05T22:39:04.879+0000][0.151s][info ][gc,phases   ] GC(0)   Pre Evacuate Collection Set: 0.1ms
[2025-06-05T22:39:04.879+0000][0.151s][info ][gc,phases   ] GC(0)   Merge Heap Roots: 0.1ms
[2025-06-05T22:39:04.879+0000][0.151s][info ][gc,phases   ] GC(0)   Evacuate Collection Set: 2.2ms
[2025-06-05T22:39:04.879+0000][0.151s][info ][gc,phases   ] GC(0)   Post Evacuate Collection Set: 0.3ms
[2025-06-05T22:39:04.879+0000][0.151s][info ][gc,phases   ] GC(0)   Other: 0.4ms
[2025-06-05T22:39:04.879+0000][0.151s][info ][gc,heap     ] GC(0) Eden regions: 18->0(22)
[2025-06-05T22:39:04.879+0000][0.151s][info ][gc,heap     ] GC(0) Survivor regions: 0->3(3)
[2025-06-05T22:39:04.879+0000][0.151s][info ][gc,heap     ] GC(0) Old regions: 0->1
[2025-06-05T22:39:04.880+0000][0.151s][info ][gc,heap     ] GC(0) Archive regions: 2->2
[2025-06-05T22:39:04.880+0000][0.151s][info ][gc,heap     ] GC(0) Humongous regions: 0->0
[2025-06-05T22:39:04.880+0000][0.151s][info ][gc,metaspace] GC(0) Metaspace: 1972K(2176K)->1972K(2176K) NonClass: 1766K(1856K)->1766K(1856K) Class: 205K(320K)->205K(320K)
[2025-06-05T22:39:04.880+0000][0.151s][info ][gc          ] GC(0) Pause Young (Normal) (G1 Evacuation Pause) 18M->4M(66M) 3.504ms
[2025-06-05T22:39:04.880+0000][0.151s][info ][gc,cpu      ] GC(0) User=0.01s Sys=0.00s Real=0.01s
[2025-06-05T22:39:04.880+0000][0.151s][info ][safepoint   ] Safepoint "G1CollectForAllocation", Time since last: 16838791 ns, Reaching safepoint: 166584 ns, Cleanup: 25083 ns, At safepoint: 3614292 ns, Total: 3805959 ns
[2025-06-05T22:39:04.942+0000][0.213s][debug][safepoint   ] Safepoint synchronization initiated using futex wait barrier. (12 threads)
[2025-06-05T22:39:04.942+0000][0.214s][info ][gc,start    ] GC(1) Pause Young (Normal) (G1 Evacuation Pause)
[2025-06-05T22:39:04.942+0000][0.214s][info ][gc,task     ] GC(1) Using 2 workers of 2 for evacuation
[2025-06-05T22:39:04.946+0000][0.217s][info ][gc,phases   ] GC(1)   Pre Evacuate Collection Set: 0.1ms
[2025-06-05T22:39:04.946+0000][0.217s][info ][gc,phases   ] GC(1)   Merge Heap Roots: 0.1ms
[2025-06-05T22:39:04.946+0000][0.217s][info ][gc,phases   ] GC(1)   Evacuate Collection Set: 2.6ms
[2025-06-05T22:39:04.946+0000][0.217s][info ][gc,phases   ] GC(1)   Post Evacuate Collection Set: 0.4ms
[2025-06-05T22:39:04.946+0000][0.217s][info ][gc,phases   ] GC(1)   Other: 0.2ms
[2025-06-05T22:39:04.946+0000][0.217s][info ][gc,heap     ] GC(1) Eden regions: 22->0(33)
[2025-06-05T22:39:04.946+0000][0.217s][info ][gc,heap     ] GC(1) Survivor regions: 3->3(4)
[2025-06-05T22:39:04.946+0000][0.217s][info ][gc,heap     ] GC(1) Old regions: 1->4
[2025-06-05T22:39:04.946+0000][0.217s][info ][gc,heap     ] GC(1) Archive regions: 2->2
[2025-06-05T22:39:04.946+0000][0.217s][info ][gc,heap     ] GC(1) Humongous regions: 0->0
[2025-06-05T22:39:04.946+0000][0.217s][info ][gc,metaspace] GC(1) Metaspace: 2099K(2368K)->2099K(2368K) NonClass: 1893K(2048K)->1893K(2048K) Class: 206K(320K)->206K(320K)
[2025-06-05T22:39:04.946+0000][0.217s][info ][gc          ] GC(1) Pause Young (Normal) (G1 Evacuation Pause) 26M->7M(66M) 3.857ms
[2025-06-05T22:39:04.946+0000][0.218s][info ][gc,cpu      ] GC(1) User=0.01s Sys=0.00s Real=0.00s
[2025-06-05T22:39:04.946+0000][0.218s][info ][safepoint   ] Safepoint "G1CollectForAllocation", Time since last: 62318458 ns, Reaching safepoint: 176000 ns, Cleanup: 24000 ns, At safepoint: 3976958 ns, Total: 4176958 ns
[2025-06-05T22:39:05.102+0000][0.374s][debug][safepoint   ] Safepoint synchronization initiated using futex wait barrier. (12 threads)
[2025-06-05T22:39:05.103+0000][0.374s][info ][gc,start    ] GC(2) Pause Young (Normal) (G1 Evacuation Pause)
[2025-06-05T22:39:05.103+0000][0.374s][info ][gc,task     ] GC(2) Using 2 workers of 2 for evacuation
[2025-06-05T22:39:05.106+0000][0.377s][info ][gc,phases   ] GC(2)   Pre Evacuate Collection Set: 0.1ms
[2025-06-05T22:39:05.106+0000][0.377s][info ][gc,phases   ] GC(2)   Merge Heap Roots: 0.0ms
[2025-06-05T22:39:05.106+0000][0.377s][info ][gc,phases   ] GC(2)   Evacuate Collection Set: 2.3ms
[2025-06-05T22:39:05.106+0000][0.377s][info ][gc,phases   ] GC(2)   Post Evacuate Collection Set: 0.4ms
[2025-06-05T22:39:05.106+0000][0.377s][info ][gc,phases   ] GC(2)   Other: 0.1ms
[2025-06-05T22:39:05.106+0000][0.377s][info ][gc,heap     ] GC(2) Eden regions: 33->0(31)
[2025-06-05T22:39:05.106+0000][0.377s][info ][gc,heap     ] GC(2) Survivor regions: 3->3(5)
[2025-06-05T22:39:05.106+0000][0.378s][info ][gc,heap     ] GC(2) Old regions: 4->7
[2025-06-05T22:39:05.106+0000][0.378s][info ][gc,heap     ] GC(2) Archive regions: 2->2
[2025-06-05T22:39:05.106+0000][0.378s][info ][gc,heap     ] GC(2) Humongous regions: 0->0
[2025-06-05T22:39:05.106+0000][0.378s][info ][gc,metaspace] GC(2) Metaspace: 3069K(3328K)->3069K(3328K) NonClass: 2772K(2880K)->2772K(2880K) Class: 297K(448K)->297K(448K)
[2025-06-05T22:39:05.106+0000][0.378s][info ][gc          ] GC(2) Pause Young (Normal) (G1 Evacuation Pause) 40M->10M(66M) 3.523ms
[2025-06-05T22:39:05.106+0000][0.378s][info ][gc,cpu      ] GC(2) User=0.01s Sys=0.00s Real=0.00s
[2025-06-05T22:39:05.106+0000][0.378s][info ][safepoint   ] Safepoint "G1CollectForAllocation", Time since last: 156252667 ns, Reaching safepoint: 171833 ns, Cleanup: 104792 ns, At safepoint: 3615083 ns, Total: 3891708 ns
[2025-06-05T22:39:05.215+0000][0.487s][debug][safepoint   ] Safepoint synchronization initiated using futex wait barrier. (12 threads)
[2025-06-05T22:39:05.216+0000][0.487s][info ][gc,start    ] GC(3) Pause Young (Normal) (G1 Evacuation Pause)
[2025-06-05T22:39:05.216+0000][0.487s][info ][gc,task     ] GC(3) Using 2 workers of 2 for evacuation
[2025-06-05T22:39:05.218+0000][0.489s][info ][gc,phases   ] GC(3)   Pre Evacuate Collection Set: 0.1ms
[2025-06-05T22:39:05.218+0000][0.489s][info ][gc,phases   ] GC(3)   Merge Heap Roots: 0.1ms
[2025-06-05T22:39:05.218+0000][0.489s][info ][gc,phases   ] GC(3)   Evacuate Collection Set: 1.5ms
[2025-06-05T22:39:05.218+0000][0.489s][info ][gc,phases   ] GC(3)   Post Evacuate Collection Set: 0.4ms
[2025-06-05T22:39:05.218+0000][0.489s][info ][gc,phases   ] GC(3)   Other: 0.1ms
[2025-06-05T22:39:05.218+0000][0.489s][info ][gc,heap     ] GC(3) Eden regions: 31->0(33)
[2025-06-05T22:39:05.218+0000][0.489s][info ][gc,heap     ] GC(3) Survivor regions: 3->4(5)
[2025-06-05T22:39:05.218+0000][0.489s][info ][gc,heap     ] GC(3) Old regions: 7->7
[2025-06-05T22:39:05.218+0000][0.489s][info ][gc,heap     ] GC(3) Archive regions: 2->2
[2025-06-05T22:39:05.218+0000][0.489s][info ][gc,heap     ] GC(3) Humongous regions: 0->0
[2025-06-05T22:39:05.218+0000][0.489s][info ][gc,metaspace] GC(3) Metaspace: 4562K(4800K)->4562K(4800K) NonClass: 4046K(4160K)->4046K(4160K) Class: 516K(640K)->516K(640K)
[2025-06-05T22:39:05.218+0000][0.490s][info ][gc          ] GC(3) Pause Young (Normal) (G1 Evacuation Pause) 41M->11M(66M) 2.591ms
[2025-06-05T22:39:05.218+0000][0.490s][info ][gc,cpu      ] GC(3) User=0.00s Sys=0.00s Real=0.01s
[2025-06-05T22:39:05.218+0000][0.490s][info ][safepoint   ] Safepoint "G1CollectForAllocation", Time since last: 108944250 ns, Reaching safepoint: 175334 ns, Cleanup: 62541 ns, At safepoint: 2711334 ns, Total: 2949209 ns
[2025-06-05T22:39:05.314+0000][0.585s][debug][safepoint   ] Safepoint synchronization initiated using futex wait barrier. (13 threads)
[2025-06-05T22:39:05.314+0000][0.586s][info ][gc,start    ] GC(4) Pause Young (Normal) (G1 Evacuation Pause)
[2025-06-05T22:39:05.314+0000][0.586s][info ][gc,task     ] GC(4) Using 2 workers of 2 for evacuation
[2025-06-05T22:39:05.318+0000][0.589s][info ][gc,phases   ] GC(4)   Pre Evacuate Collection Set: 0.1ms
[2025-06-05T22:39:05.318+0000][0.589s][info ][gc,phases   ] GC(4)   Merge Heap Roots: 0.1ms
[2025-06-05T22:39:05.318+0000][0.589s][info ][gc,phases   ] GC(4)   Evacuate Collection Set: 2.5ms
[2025-06-05T22:39:05.318+0000][0.589s][info ][gc,phases   ] GC(4)   Post Evacuate Collection Set: 0.4ms
[2025-06-05T22:39:05.318+0000][0.589s][info ][gc,phases   ] GC(4)   Other: 0.2ms
[2025-06-05T22:39:05.318+0000][0.589s][info ][gc,heap     ] GC(4) Eden regions: 33->0(46)
[2025-06-05T22:39:05.318+0000][0.589s][info ][gc,heap     ] GC(4) Survivor regions: 4->2(5)
[2025-06-05T22:39:05.318+0000][0.589s][info ][gc,heap     ] GC(4) Old regions: 7->10
[2025-06-05T22:39:05.318+0000][0.589s][info ][gc,heap     ] GC(4) Archive regions: 2->2
[2025-06-05T22:39:05.318+0000][0.590s][info ][gc,heap     ] GC(4) Humongous regions: 0->0
[2025-06-05T22:39:05.318+0000][0.590s][info ][gc,metaspace] GC(4) Metaspace: 5773K(6016K)->5773K(6016K) NonClass: 5062K(5184K)->5062K(5184K) Class: 711K(832K)->711K(832K)
[2025-06-05T22:39:05.318+0000][0.590s][info ][gc          ] GC(4) Pause Young (Normal) (G1 Evacuation Pause) 44M->11M(80M) 3.823ms
[2025-06-05T22:39:05.318+0000][0.590s][info ][gc,cpu      ] GC(4) User=0.01s Sys=0.00s Real=0.01s
[2025-06-05T22:39:05.318+0000][0.590s][info ][safepoint   ] Safepoint "G1CollectForAllocation", Time since last: 95816083 ns, Reaching safepoint: 190333 ns, Cleanup: 134667 ns, At safepoint: 3934167 ns, Total: 4259167 ns
[2025-06-05T22:39:05.464+0000][0.735s][debug][safepoint   ] Safepoint synchronization initiated using futex wait barrier. (13 threads)
[2025-06-05T22:39:05.464+0000][0.736s][info ][safepoint   ] Safepoint "ICBufferFull", Time since last: 145760291 ns, Reaching safepoint: 219459 ns, Cleanup: 67125 ns, At safepoint: 1750 ns, Total: 288334 ns
[2025-06-05T22:39:05.484+0000][0.755s][debug][safepoint   ] Safepoint synchronization initiated using futex wait barrier. (13 threads)
[2025-06-05T22:39:05.484+0000][0.755s][info ][gc,start    ] GC(5) Pause Young (Normal) (G1 Evacuation Pause)
[2025-06-05T22:39:05.484+0000][0.755s][info ][gc,task     ] GC(5) Using 2 workers of 2 for evacuation
[2025-06-05T22:39:05.486+0000][0.758s][info ][gc,phases   ] GC(5)   Pre Evacuate Collection Set: 0.1ms
[2025-06-05T22:39:05.487+0000][0.758s][info ][gc,phases   ] GC(5)   Merge Heap Roots: 0.1ms
[2025-06-05T22:39:05.487+0000][0.758s][info ][gc,phases   ] GC(5)   Evacuate Collection Set: 1.8ms
[2025-06-05T22:39:05.487+0000][0.758s][info ][gc,phases   ] GC(5)   Post Evacuate Collection Set: 0.4ms
[2025-06-05T22:39:05.487+0000][0.758s][info ][gc,phases   ] GC(5)   Other: 0.2ms
[2025-06-05T22:39:05.487+0000][0.758s][info ][gc,heap     ] GC(5) Eden regions: 46->0(45)
[2025-06-05T22:39:05.487+0000][0.758s][info ][gc,heap     ] GC(5) Survivor regions: 2->3(6)
[2025-06-05T22:39:05.487+0000][0.758s][info ][gc,heap     ] GC(5) Old regions: 10->10
[2025-06-05T22:39:05.487+0000][0.758s][info ][gc,heap     ] GC(5) Archive regions: 2->2
[2025-06-05T22:39:05.487+0000][0.758s][info ][gc,heap     ] GC(5) Humongous regions: 0->0
[2025-06-05T22:39:05.487+0000][0.758s][info ][gc,metaspace] GC(5) Metaspace: 7951K(8256K)->7951K(8256K) NonClass: 6953K(7104K)->6953K(7104K) Class: 998K(1152K)->998K(1152K)
[2025-06-05T22:39:05.487+0000][0.758s][info ][gc          ] GC(5) Pause Young (Normal) (G1 Evacuation Pause) 57M->12M(80M) 3.013ms
[2025-06-05T22:39:05.487+0000][0.758s][info ][gc,cpu      ] GC(5) User=0.01s Sys=0.00s Real=0.01s
[2025-06-05T22:39:05.487+0000][0.758s][info ][safepoint   ] Safepoint "G1CollectForAllocation", Time since last: 19321916 ns, Reaching safepoint: 171209 ns, Cleanup: 13125 ns, At safepoint: 3131541 ns, Total: 3315875 ns
[2025-06-05T22:39:05.643+0000][0.915s][debug][safepoint   ] Safepoint synchronization initiated using futex wait barrier. (13 threads)
[2025-06-05T22:39:05.643+0000][0.915s][info ][gc,start    ] GC(6) Pause Young (Normal) (G1 Evacuation Pause)
[2025-06-05T22:39:05.644+0000][0.915s][info ][gc,task     ] GC(6) Using 2 workers of 2 for evacuation
[2025-06-05T22:39:05.646+0000][0.918s][info ][gc,phases   ] GC(6)   Pre Evacuate Collection Set: 0.1ms
[2025-06-05T22:39:05.646+0000][0.918s][info ][gc,phases   ] GC(6)   Merge Heap Roots: 0.1ms
[2025-06-05T22:39:05.647+0000][0.918s][info ][gc,phases   ] GC(6)   Evacuate Collection Set: 2.3ms
[2025-06-05T22:39:05.647+0000][0.918s][info ][gc,phases   ] GC(6)   Post Evacuate Collection Set: 0.3ms
[2025-06-05T22:39:05.647+0000][0.918s][info ][gc,phases   ] GC(6)   Other: 0.1ms
[2025-06-05T22:39:05.647+0000][0.918s][info ][gc,heap     ] GC(6) Eden regions: 45->0(44)
[2025-06-05T22:39:05.647+0000][0.918s][info ][gc,heap     ] GC(6) Survivor regions: 3->4(6)
[2025-06-05T22:39:05.647+0000][0.918s][info ][gc,heap     ] GC(6) Old regions: 10->10
[2025-06-05T22:39:05.647+0000][0.918s][info ][gc,heap     ] GC(6) Archive regions: 2->2
[2025-06-05T22:39:05.647+0000][0.918s][info ][gc,heap     ] GC(6) Humongous regions: 0->0
[2025-06-05T22:39:05.647+0000][0.918s][info ][gc,metaspace] GC(6) Metaspace: 10285K(10560K)->10285K(10560K) NonClass: 8958K(9088K)->8958K(9088K) Class: 1326K(1472K)->1326K(1472K)
[2025-06-05T22:39:05.647+0000][0.918s][info ][gc          ] GC(6) Pause Young (Normal) (G1 Evacuation Pause) 57M->13M(80M) 3.522ms
[2025-06-05T22:39:05.647+0000][0.918s][info ][gc,cpu      ] GC(6) User=0.01s Sys=0.00s Real=0.01s
[2025-06-05T22:39:05.647+0000][0.918s][info ][safepoint   ] Safepoint "G1CollectForAllocation", Time since last: 156183876 ns, Reaching safepoint: 196875 ns, Cleanup: 60291 ns, At safepoint: 3610625 ns, Total: 3867791 ns
[2025-06-05T22:39:05.741+0000][1.012s][debug][safepoint   ] Safepoint synchronization initiated using futex wait barrier. (13 threads)
[2025-06-05T22:39:05.741+0000][1.013s][info ][gc,start    ] GC(7) Pause Young (Normal) (G1 Evacuation Pause)
[2025-06-05T22:39:05.741+0000][1.013s][info ][gc,task     ] GC(7) Using 2 workers of 2 for evacuation
[2025-06-05T22:39:05.744+0000][1.016s][info ][gc,phases   ] GC(7)   Pre Evacuate Collection Set: 0.1ms
[2025-06-05T22:39:05.744+0000][1.016s][info ][gc,phases   ] GC(7)   Merge Heap Roots: 0.1ms
[2025-06-05T22:39:05.744+0000][1.016s][info ][gc,phases   ] GC(7)   Evacuate Collection Set: 2.2ms
[2025-06-05T22:39:05.744+0000][1.016s][info ][gc,phases   ] GC(7)   Post Evacuate Collection Set: 0.3ms
[2025-06-05T22:39:05.744+0000][1.016s][info ][gc,phases   ] GC(7)   Other: 0.2ms
[2025-06-05T22:39:05.745+0000][1.016s][info ][gc,heap     ] GC(7) Eden regions: 44->0(45)
[2025-06-05T22:39:05.745+0000][1.016s][info ][gc,heap     ] GC(7) Survivor regions: 4->3(6)
[2025-06-05T22:39:05.745+0000][1.016s][info ][gc,heap     ] GC(7) Old regions: 10->10
[2025-06-05T22:39:05.745+0000][1.016s][info ][gc,heap     ] GC(7) Archive regions: 2->2
[2025-06-05T22:39:05.745+0000][1.016s][info ][gc,heap     ] GC(7) Humongous regions: 0->0
[2025-06-05T22:39:05.745+0000][1.016s][info ][gc,metaspace] GC(7) Metaspace: 11240K(11520K)->11240K(11520K) NonClass: 9770K(9920K)->9770K(9920K) Class: 1469K(1600K)->1469K(1600K)
[2025-06-05T22:39:05.745+0000][1.016s][info ][gc          ] GC(7) Pause Young (Normal) (G1 Evacuation Pause) 57M->13M(80M) 3.412ms
[2025-06-05T22:39:05.745+0000][1.016s][info ][gc,cpu      ] GC(7) User=0.00s Sys=0.00s Real=0.00s
[2025-06-05T22:39:05.745+0000][1.016s][info ][safepoint   ] Safepoint "G1CollectForAllocation", Time since last: 94033209 ns, Reaching safepoint: 229208 ns, Cleanup: 23958 ns, At safepoint: 3514167 ns, Total: 3767333 ns
[2025-06-05T22:39:05.797+0000][1.068s][debug][safepoint   ] Safepoint synchronization initiated using futex wait barrier. (13 threads)
[2025-06-05T22:39:05.797+0000][1.068s][info ][safepoint   ] Safepoint "ICBufferFull", Time since last: 51655167 ns, Reaching safepoint: 154958 ns, Cleanup: 73792 ns, At safepoint: 1625 ns, Total: 230375 ns
[2025-06-05T22:39:05.834+0000][1.105s][debug][safepoint   ] Safepoint synchronization initiated using futex wait barrier. (13 threads)
[2025-06-05T22:39:05.835+0000][1.106s][info ][safepoint   ] Safepoint "ICBufferFull", Time since last: 36802000 ns, Reaching safepoint: 1206500 ns, Cleanup: 86125 ns, At safepoint: 9291 ns, Total: 1301916 ns
[2025-06-05T22:39:05.910+0000][1.181s][debug][safepoint   ] Safepoint synchronization initiated using futex wait barrier. (14 threads)
[2025-06-05T22:39:05.911+0000][1.182s][info ][safepoint   ] Safepoint "ICBufferFull", Time since last: 75177959 ns, Reaching safepoint: 718208 ns, Cleanup: 89625 ns, At safepoint: 5875 ns, Total: 813708 ns
[2025-06-05T22:39:05.932+0000][1.204s][debug][safepoint   ] Safepoint synchronization initiated using futex wait barrier. (14 threads)
[2025-06-05T22:39:05.933+0000][1.204s][info ][safepoint   ] Safepoint "ICBufferFull", Time since last: 21552708 ns, Reaching safepoint: 159292 ns, Cleanup: 166458 ns, At safepoint: 1959 ns, Total: 327709 ns
[2025-06-05T22:39:05.933+0000][1.204s][debug][safepoint   ] Safepoint synchronization initiated using futex wait barrier. (14 threads)
[2025-06-05T22:39:05.934+0000][1.205s][info ][safepoint   ] Safepoint "ICBufferFull", Time since last: 230958 ns, Reaching safepoint: 899167 ns, Cleanup: 18041 ns, At safepoint: 2459 ns, Total: 919667 ns
[2025-06-05T22:39:05.939+0000][1.210s][debug][safepoint   ] Safepoint synchronization initiated using futex wait barrier. (14 threads)
[2025-06-05T22:39:05.939+0000][1.210s][info ][gc,start    ] GC(8) Pause Young (Normal) (G1 Evacuation Pause)
[2025-06-05T22:39:05.939+0000][1.210s][info ][gc,task     ] GC(8) Using 2 workers of 2 for evacuation
[2025-06-05T22:39:05.943+0000][1.215s][info ][gc,phases   ] GC(8)   Pre Evacuate Collection Set: 0.1ms
[2025-06-05T22:39:05.943+0000][1.215s][info ][gc,phases   ] GC(8)   Merge Heap Roots: 0.1ms
[2025-06-05T22:39:05.944+0000][1.215s][info ][gc,phases   ] GC(8)   Evacuate Collection Set: 3.7ms
[2025-06-05T22:39:05.944+0000][1.215s][info ][gc,phases   ] GC(8)   Post Evacuate Collection Set: 0.6ms
[2025-06-05T22:39:05.944+0000][1.215s][info ][gc,phases   ] GC(8)   Other: 0.3ms
[2025-06-05T22:39:05.944+0000][1.215s][info ][gc,heap     ] GC(8) Eden regions: 45->0(52)
[2025-06-05T22:39:05.944+0000][1.215s][info ][gc,heap     ] GC(8) Survivor regions: 3->5(6)
[2025-06-05T22:39:05.944+0000][1.215s][info ][gc,heap     ] GC(8) Old regions: 10->10
[2025-06-05T22:39:05.944+0000][1.215s][info ][gc,heap     ] GC(8) Archive regions: 2->2
[2025-06-05T22:39:05.944+0000][1.215s][info ][gc,heap     ] GC(8) Humongous regions: 0->0
[2025-06-05T22:39:05.944+0000][1.215s][info ][gc,metaspace] GC(8) Metaspace: 13136K(13504K)->13136K(13504K) NonClass: 11435K(11648K)->11435K(11648K) Class: 1701K(1856K)->1701K(1856K)
[2025-06-05T22:39:05.944+0000][1.215s][info ][gc          ] GC(8) Pause Young (Normal) (G1 Evacuation Pause) 58M->15M(96M) 5.205ms
[2025-06-05T22:39:05.944+0000][1.215s][info ][gc,cpu      ] GC(8) User=0.01s Sys=0.00s Real=0.00s
[2025-06-05T22:39:05.944+0000][1.215s][info ][safepoint   ] Safepoint "G1CollectForAllocation", Time since last: 4686458 ns, Reaching safepoint: 113125 ns, Cleanup: 43708 ns, At safepoint: 5294917 ns, Total: 5451750 ns
[2025-06-05T22:39:06.105+0000][1.377s][debug][safepoint   ] Safepoint synchronization initiated using futex wait barrier. (14 threads)
[2025-06-05T22:39:06.106+0000][1.377s][info ][gc,start    ] GC(9) Pause Young (Normal) (G1 Evacuation Pause)
[2025-06-05T22:39:06.106+0000][1.377s][info ][gc,task     ] GC(9) Using 2 workers of 2 for evacuation
[2025-06-05T22:39:06.110+0000][1.382s][info ][gc,phases   ] GC(9)   Pre Evacuate Collection Set: 0.1ms
[2025-06-05T22:39:06.110+0000][1.382s][info ][gc,phases   ] GC(9)   Merge Heap Roots: 0.1ms
[2025-06-05T22:39:06.111+0000][1.382s][info ][gc,phases   ] GC(9)   Evacuate Collection Set: 3.8ms
[2025-06-05T22:39:06.111+0000][1.382s][info ][gc,phases   ] GC(9)   Post Evacuate Collection Set: 0.5ms
[2025-06-05T22:39:06.111+0000][1.382s][info ][gc,phases   ] GC(9)   Other: 0.3ms
[2025-06-05T22:39:06.111+0000][1.382s][info ][gc,heap     ] GC(9) Eden regions: 52->0(53)
[2025-06-05T22:39:06.111+0000][1.382s][info ][gc,heap     ] GC(9) Survivor regions: 5->4(8)
[2025-06-05T22:39:06.111+0000][1.382s][info ][gc,heap     ] GC(9) Old regions: 10->12
[2025-06-05T22:39:06.111+0000][1.382s][info ][gc,heap     ] GC(9) Archive regions: 2->2
[2025-06-05T22:39:06.111+0000][1.382s][info ][gc,heap     ] GC(9) Humongous regions: 0->0
[2025-06-05T22:39:06.111+0000][1.382s][info ][gc,metaspace] GC(9) Metaspace: 14797K(15168K)->14797K(15168K) NonClass: 12885K(13056K)->12885K(13056K) Class: 1912K(2112K)->1912K(2112K)
[2025-06-05T22:39:06.111+0000][1.383s][info ][gc          ] GC(9) Pause Young (Normal) (G1 Evacuation Pause) 67M->16M(96M) 5.490ms
[2025-06-05T22:39:06.111+0000][1.383s][info ][gc,cpu      ] GC(9) User=0.01s Sys=0.00s Real=0.01s
[2025-06-05T22:39:06.111+0000][1.383s][info ][safepoint   ] Safepoint "G1CollectForAllocation", Time since last: 161445458 ns, Reaching safepoint: 157750 ns, Cleanup: 42459 ns, At safepoint: 5654750 ns, Total: 5854959 ns
[2025-06-05T22:39:06.253+0000][1.525s][debug][safepoint   ] Safepoint synchronization initiated using futex wait barrier. (14 threads)
[2025-06-05T22:39:06.254+0000][1.525s][info ][gc,start    ] GC(10) Pause Young (Normal) (G1 Evacuation Pause)
[2025-06-05T22:39:06.254+0000][1.525s][info ][gc,task     ] GC(10) Using 2 workers of 2 for evacuation
[2025-06-05T22:39:06.257+0000][1.529s][info ][gc,phases   ] GC(10)   Pre Evacuate Collection Set: 0.1ms
[2025-06-05T22:39:06.257+0000][1.529s][info ][gc,phases   ] GC(10)   Merge Heap Roots: 0.0ms
[2025-06-05T22:39:06.257+0000][1.529s][info ][gc,phases   ] GC(10)   Evacuate Collection Set: 2.7ms
[2025-06-05T22:39:06.257+0000][1.529s][info ][gc,phases   ] GC(10)   Post Evacuate Collection Set: 0.4ms
[2025-06-05T22:39:06.257+0000][1.529s][info ][gc,phases   ] GC(10)   Other: 0.2ms
[2025-06-05T22:39:06.257+0000][1.529s][info ][gc,heap     ] GC(10) Eden regions: 53->0(53)
[2025-06-05T22:39:06.257+0000][1.529s][info ][gc,heap     ] GC(10) Survivor regions: 4->4(8)
[2025-06-05T22:39:06.258+0000][1.529s][info ][gc,heap     ] GC(10) Old regions: 12->12
[2025-06-05T22:39:06.258+0000][1.529s][info ][gc,heap     ] GC(10) Archive regions: 2->2
[2025-06-05T22:39:06.258+0000][1.529s][info ][gc,heap     ] GC(10) Humongous regions: 0->0
[2025-06-05T22:39:06.258+0000][1.529s][info ][gc,metaspace] GC(10) Metaspace: 16075K(16448K)->16075K(16448K) NonClass: 13888K(14080K)->13888K(14080K) Class: 2186K(2368K)->2186K(2368K)
[2025-06-05T22:39:06.258+0000][1.529s][info ][gc          ] GC(10) Pause Young (Normal) (G1 Evacuation Pause) 69M->16M(96M) 4.009ms
[2025-06-05T22:39:06.258+0000][1.529s][info ][gc,cpu      ] GC(10) User=0.01s Sys=0.00s Real=0.01s
[2025-06-05T22:39:06.258+0000][1.529s][info ][safepoint   ] Safepoint "G1CollectForAllocation", Time since last: 142110958 ns, Reaching safepoint: 210167 ns, Cleanup: 40375 ns, At safepoint: 4110500 ns, Total: 4361042 ns
[2025-06-05T22:39:06.298+0000][1.570s][info ][cds,heap    ] initialize_from_archived_subgraph java.lang.Byte$ByteCache 0x000000b8000395f8
[2025-06-05T22:39:06.298+0000][1.570s][info ][cds,heap    ] initialize_from_archived_subgraph java.lang.Short$ShortCache 0x000000b80003fce8
[2025-06-05T22:39:06.380+0000][1.652s][debug][safepoint   ] Safepoint synchronization initiated using futex wait barrier. (14 threads)
[2025-06-05T22:39:06.381+0000][1.652s][info ][gc,start    ] GC(11) Pause Young (Normal) (G1 Evacuation Pause)
[2025-06-05T22:39:06.381+0000][1.652s][info ][gc,task     ] GC(11) Using 2 workers of 2 for evacuation
[2025-06-05T22:39:06.397+0000][1.669s][info ][gc,phases   ] GC(11)   Pre Evacuate Collection Set: 0.1ms
[2025-06-05T22:39:06.398+0000][1.669s][info ][gc,phases   ] GC(11)   Merge Heap Roots: 0.1ms
[2025-06-05T22:39:06.398+0000][1.669s][info ][gc,phases   ] GC(11)   Evacuate Collection Set: 15.9ms
[2025-06-05T22:39:06.398+0000][1.669s][info ][gc,phases   ] GC(11)   Post Evacuate Collection Set: 0.4ms
[2025-06-05T22:39:06.398+0000][1.669s][info ][gc,phases   ] GC(11)   Other: 0.2ms
[2025-06-05T22:39:06.398+0000][1.669s][info ][gc,heap     ] GC(11) Eden regions: 53->0(52)
[2025-06-05T22:39:06.398+0000][1.669s][info ][gc,heap     ] GC(11) Survivor regions: 4->5(8)
[2025-06-05T22:39:06.398+0000][1.669s][info ][gc,heap     ] GC(11) Old regions: 12->12
[2025-06-05T22:39:06.398+0000][1.669s][info ][gc,heap     ] GC(11) Archive regions: 2->2
[2025-06-05T22:39:06.398+0000][1.669s][info ][gc,heap     ] GC(11) Humongous regions: 0->0
[2025-06-05T22:39:06.398+0000][1.669s][info ][gc,metaspace] GC(11) Metaspace: 19016K(19264K)->19016K(19264K) NonClass: 16514K(16640K)->16514K(16640K) Class: 2502K(2624K)->2502K(2624K)
[2025-06-05T22:39:06.398+0000][1.669s][info ][gc          ] GC(11) Pause Young (Normal) (G1 Evacuation Pause) 69M->17M(96M) 17.090ms
[2025-06-05T22:39:06.398+0000][1.669s][info ][gc,cpu      ] GC(11) User=0.01s Sys=0.00s Real=0.02s
[2025-06-05T22:39:06.398+0000][1.669s][info ][safepoint   ] Safepoint "G1CollectForAllocation", Time since last: 122422750 ns, Reaching safepoint: 573125 ns, Cleanup: 98708 ns, At safepoint: 17190250 ns, Total: 17862083 ns
[2025-06-05T22:39:06.462+0000][1.733s][debug][safepoint   ] Safepoint synchronization initiated using futex wait barrier. (14 threads)
[2025-06-05T22:39:06.462+0000][1.734s][info ][gc,start    ] GC(12) Pause Young (Normal) (G1 Evacuation Pause)
[2025-06-05T22:39:06.462+0000][1.734s][info ][gc,task     ] GC(12) Using 2 workers of 2 for evacuation
[2025-06-05T22:39:06.505+0000][1.776s][info ][gc,phases   ] GC(12)   Pre Evacuate Collection Set: 0.1ms
[2025-06-05T22:39:06.505+0000][1.776s][info ][gc,phases   ] GC(12)   Merge Heap Roots: 0.1ms
[2025-06-05T22:39:06.505+0000][1.776s][info ][gc,phases   ] GC(12)   Evacuate Collection Set: 41.6ms
[2025-06-05T22:39:06.505+0000][1.776s][info ][gc,phases   ] GC(12)   Post Evacuate Collection Set: 0.7ms
[2025-06-05T22:39:06.505+0000][1.776s][info ][gc,phases   ] GC(12)   Other: 0.2ms
[2025-06-05T22:39:06.505+0000][1.776s][info ][gc,heap     ] GC(12) Eden regions: 52->0(75)
[2025-06-05T22:39:06.505+0000][1.776s][info ][gc,heap     ] GC(12) Survivor regions: 5->7(8)
[2025-06-05T22:39:06.505+0000][1.777s][info ][gc,heap     ] GC(12) Old regions: 12->13
[2025-06-05T22:39:06.505+0000][1.777s][info ][gc,heap     ] GC(12) Archive regions: 2->2
[2025-06-05T22:39:06.505+0000][1.777s][info ][gc,heap     ] GC(12) Humongous regions: 0->0
[2025-06-05T22:39:06.505+0000][1.777s][info ][gc,metaspace] GC(12) Metaspace: 21137K(21440K)->21137K(21440K) NonClass: 18376K(18560K)->18376K(18560K) Class: 2761K(2880K)->2761K(2880K)
[2025-06-05T22:39:06.505+0000][1.777s][info ][gc          ] GC(12) Pause Young (Normal) (G1 Evacuation Pause) 69M->19M(137M) 43.159ms
[2025-06-05T22:39:06.505+0000][1.777s][info ][gc,cpu      ] GC(12) User=0.02s Sys=0.00s Real=0.04s
[2025-06-05T22:39:06.505+0000][1.777s][info ][safepoint   ] Safepoint "G1CollectForAllocation", Time since last: 63804417 ns, Reaching safepoint: 202500 ns, Cleanup: 29333 ns, At safepoint: 43254709 ns, Total: 43486542 ns
[2025-06-05T22:39:06.512+0000][1.783s][debug][safepoint   ] Safepoint synchronization initiated using futex wait barrier. (14 threads)
[2025-06-05T22:39:06.512+0000][1.783s][info ][gc,start    ] GC(13) Pause Young (Concurrent Start) (Metadata GC Threshold)
[2025-06-05T22:39:06.512+0000][1.783s][info ][gc,task     ] GC(13) Using 2 workers of 2 for evacuation
[2025-06-05T22:39:06.516+0000][1.787s][info ][gc,phases   ] GC(13)   Pre Evacuate Collection Set: 0.1ms
[2025-06-05T22:39:06.516+0000][1.787s][info ][gc,phases   ] GC(13)   Merge Heap Roots: 0.1ms
[2025-06-05T22:39:06.516+0000][1.787s][info ][gc,phases   ] GC(13)   Evacuate Collection Set: 3.4ms
[2025-06-05T22:39:06.516+0000][1.788s][info ][gc,phases   ] GC(13)   Post Evacuate Collection Set: 0.4ms
[2025-06-05T22:39:06.516+0000][1.788s][info ][gc,phases   ] GC(13)   Other: 0.2ms
[2025-06-05T22:39:06.516+0000][1.788s][info ][gc,heap     ] GC(13) Eden regions: 3->0(78)
[2025-06-05T22:39:06.516+0000][1.788s][info ][gc,heap     ] GC(13) Survivor regions: 7->4(11)
[2025-06-05T22:39:06.516+0000][1.788s][info ][gc,heap     ] GC(13) Old regions: 13->15
[2025-06-05T22:39:06.516+0000][1.788s][info ][gc,heap     ] GC(13) Archive regions: 2->2
[2025-06-05T22:39:06.516+0000][1.788s][info ][gc,heap     ] GC(13) Humongous regions: 0->0
[2025-06-05T22:39:06.516+0000][1.788s][info ][gc,metaspace] GC(13) Metaspace: 21252K(21504K)->21252K(21504K) NonClass: 18469K(18624K)->18469K(18624K) Class: 2782K(2880K)->2782K(2880K)
[2025-06-05T22:39:06.516+0000][1.788s][info ][gc          ] GC(13) Pause Young (Concurrent Start) (Metadata GC Threshold) 22M->19M(137M) 4.673ms
[2025-06-05T22:39:06.516+0000][1.788s][info ][gc,cpu      ] GC(13) User=0.01s Sys=0.00s Real=0.00s
[2025-06-05T22:39:06.517+0000][1.788s][info ][gc          ] GC(14) Concurrent Mark Cycle
[2025-06-05T22:39:06.517+0000][1.788s][info ][gc,marking  ] GC(14) Concurrent Clear Claimed Marks
[2025-06-05T22:39:06.517+0000][1.788s][info ][gc,marking  ] GC(14) Concurrent Clear Claimed Marks 0.136ms
[2025-06-05T22:39:06.517+0000][1.788s][info ][gc,marking  ] GC(14) Concurrent Scan Root Regions
[2025-06-05T22:39:06.517+0000][1.788s][info ][safepoint   ] Safepoint "CollectForMetadataAllocation", Time since last: 6217416 ns, Reaching safepoint: 164042 ns, Cleanup: 3208 ns, At safepoint: 4799917 ns, Total: 4967167 ns
[2025-06-05T22:39:06.519+0000][1.791s][info ][gc,marking  ] GC(14) Concurrent Scan Root Regions 2.366ms
[2025-06-05T22:39:06.520+0000][1.792s][info ][gc,marking  ] GC(14) Concurrent Mark
[2025-06-05T22:39:06.520+0000][1.792s][info ][gc,marking  ] GC(14) Concurrent Mark From Roots
[2025-06-05T22:39:06.521+0000][1.792s][info ][gc,task     ] GC(14) Using 1 workers of 1 for marking
[2025-06-05T22:39:06.529+0000][1.800s][debug][safepoint   ] Safepoint synchronization initiated using futex wait barrier. (14 threads)
[2025-06-05T22:39:06.529+0000][1.800s][info ][safepoint   ] Safepoint "CollectForMetadataAllocation", Time since last: 12270792 ns, Reaching safepoint: 172166 ns, Cleanup: 16750 ns, At safepoint: 22792 ns, Total: 211708 ns
[2025-06-05T22:39:06.530+0000][1.802s][info ][gc,marking  ] GC(14) Concurrent Mark From Roots 9.974ms
[2025-06-05T22:39:06.532+0000][1.803s][info ][gc,marking  ] GC(14) Concurrent Preclean
[2025-06-05T22:39:06.532+0000][1.804s][info ][gc,marking  ] GC(14) Concurrent Preclean 0.666ms
[2025-06-05T22:39:06.532+0000][1.804s][debug][safepoint   ] Safepoint synchronization initiated using futex wait barrier. (14 threads)
[2025-06-05T22:39:06.533+0000][1.804s][info ][gc,start    ] GC(14) Pause Remark
[2025-06-05T22:39:06.535+0000][1.806s][info ][gc          ] GC(14) Pause Remark 24M->24M(90M) 1.964ms
[2025-06-05T22:39:06.535+0000][1.806s][info ][gc,cpu      ] GC(14) User=0.01s Sys=0.00s Real=0.00s
[2025-06-05T22:39:06.535+0000][1.806s][info ][safepoint   ] Safepoint "G1PauseRemark", Time since last: 3376333 ns, Reaching safepoint: 344167 ns, Cleanup: 16542 ns, At safepoint: 2140916 ns, Total: 2501625 ns
[2025-06-05T22:39:06.535+0000][1.806s][info ][gc,marking  ] GC(14) Concurrent Mark 14.607ms
[2025-06-05T22:39:06.535+0000][1.806s][info ][gc,marking  ] GC(14) Concurrent Rebuild Remembered Sets
[2025-06-05T22:39:06.541+0000][1.813s][info ][gc,marking  ] GC(14) Concurrent Rebuild Remembered Sets 6.395ms
[2025-06-05T22:39:06.542+0000][1.813s][debug][safepoint   ] Safepoint synchronization initiated using futex wait barrier. (14 threads)
[2025-06-05T22:39:06.542+0000][1.814s][debug][safepoint   ] ... found polling page loop exception at pc = 0x0000ffff6cfab498, stub =0x0000ffff6c97ef00
[2025-06-05T22:39:06.543+0000][1.814s][info ][gc,start    ] GC(14) Pause Cleanup
[2025-06-05T22:39:06.543+0000][1.814s][info ][gc          ] GC(14) Pause Cleanup 28M->28M(90M) 0.104ms
[2025-06-05T22:39:06.543+0000][1.814s][info ][gc,cpu      ] GC(14) User=0.00s Sys=0.00s Real=0.00s
[2025-06-05T22:39:06.543+0000][1.814s][info ][safepoint   ] Safepoint "G1PauseCleanup", Time since last: 6737625 ns, Reaching safepoint: 1169667 ns, Cleanup: 6750 ns, At safepoint: 202042 ns, Total: 1378459 ns
[2025-06-05T22:39:06.543+0000][1.814s][info ][gc,marking  ] GC(14) Concurrent Cleanup for Next Mark
[2025-06-05T22:39:06.543+0000][1.815s][info ][gc,marking  ] GC(14) Concurrent Cleanup for Next Mark 0.394ms
[2025-06-05T22:39:06.544+0000][1.815s][info ][gc          ] GC(14) Concurrent Mark Cycle 27.018ms
[2025-06-05T22:39:06.650+0000][1.921s][debug][safepoint   ] Safepoint synchronization initiated using futex wait barrier. (14 threads)
[2025-06-05T22:39:06.651+0000][1.922s][info ][safepoint   ] Safepoint "ICBufferFull", Time since last: 106512125 ns, Reaching safepoint: 1353583 ns, Cleanup: 79417 ns, At safepoint: 6291 ns, Total: 1439291 ns
[2025-06-05T22:39:06.651+0000][1.923s][debug][safepoint   ] Safepoint synchronization initiated using futex wait barrier. (14 threads)
[2025-06-05T22:39:06.651+0000][1.923s][info ][safepoint   ] Safepoint "ICBufferFull", Time since last: 151334 ns, Reaching safepoint: 54541 ns, Cleanup: 3584 ns, At safepoint: 4208 ns, Total: 62333 ns
[2025-06-05T22:39:06.724+0000][1.995s][debug][safepoint   ] Safepoint synchronization initiated using futex wait barrier. (13 threads)
[2025-06-05T22:39:06.724+0000][1.996s][info ][gc,start    ] GC(15) Pause Young (Concurrent Start) (G1 Preventive Collection)
[2025-06-05T22:39:06.724+0000][1.996s][info ][gc,task     ] GC(15) Using 2 workers of 2 for evacuation
[2025-06-05T22:39:06.729+0000][2.000s][info ][gc,phases   ] GC(15)   Pre Evacuate Collection Set: 0.1ms
[2025-06-05T22:39:06.729+0000][2.001s][info ][gc,phases   ] GC(15)   Merge Heap Roots: 0.1ms
[2025-06-05T22:39:06.729+0000][2.001s][info ][gc,phases   ] GC(15)   Evacuate Collection Set: 3.8ms
[2025-06-05T22:39:06.729+0000][2.001s][info ][gc,phases   ] GC(15)   Post Evacuate Collection Set: 0.5ms
[2025-06-05T22:39:06.729+0000][2.001s][info ][gc,phases   ] GC(15)   Other: 0.2ms
[2025-06-05T22:39:06.729+0000][2.001s][info ][gc,heap     ] GC(15) Eden regions: 62->0(47)
[2025-06-05T22:39:06.729+0000][2.001s][info ][gc,heap     ] GC(15) Survivor regions: 4->7(11)
[2025-06-05T22:39:06.729+0000][2.001s][info ][gc,heap     ] GC(15) Old regions: 15->15
[2025-06-05T22:39:06.729+0000][2.001s][info ][gc,heap     ] GC(15) Archive regions: 2->2
[2025-06-05T22:39:06.730+0000][2.001s][info ][gc,heap     ] GC(15) Humongous regions: 0->0
[2025-06-05T22:39:06.730+0000][2.001s][info ][gc,metaspace] GC(15) Metaspace: 24118K(24448K)->24118K(24448K) NonClass: 20965K(21120K)->20965K(21120K) Class: 3152K(3328K)->3152K(3328K)
[2025-06-05T22:39:06.730+0000][2.001s][info ][gc          ] GC(15) Pause Young (Concurrent Start) (G1 Preventive Collection) 81M->22M(90M) 5.406ms
[2025-06-05T22:39:06.730+0000][2.001s][info ][gc,cpu      ] GC(15) User=0.01s Sys=0.00s Real=0.01s
[2025-06-05T22:39:06.730+0000][2.001s][info ][safepoint   ] Safepoint "G1CollectForAllocation", Time since last: 72695500 ns, Reaching safepoint: 272875 ns, Cleanup: 58792 ns, At safepoint: 5547500 ns, Total: 5879167 ns
[2025-06-05T22:39:06.730+0000][2.001s][info ][gc          ] GC(16) Concurrent Mark Cycle
[2025-06-05T22:39:06.731+0000][2.003s][info ][gc,marking  ] GC(16) Concurrent Clear Claimed Marks
[2025-06-05T22:39:06.731+0000][2.003s][info ][gc,marking  ] GC(16) Concurrent Clear Claimed Marks 0.123ms
[2025-06-05T22:39:06.731+0000][2.003s][info ][gc,marking  ] GC(16) Concurrent Scan Root Regions
[2025-06-05T22:39:06.734+0000][2.005s][info ][gc,marking  ] GC(16) Concurrent Scan Root Regions 2.365ms
[2025-06-05T22:39:06.734+0000][2.005s][info ][gc,marking  ] GC(16) Concurrent Mark
[2025-06-05T22:39:06.734+0000][2.005s][info ][gc,marking  ] GC(16) Concurrent Mark From Roots
[2025-06-05T22:39:06.734+0000][2.006s][info ][gc,task     ] GC(16) Using 1 workers of 1 for marking
[2025-06-05T22:39:06.745+0000][2.016s][info ][gc,marking  ] GC(16) Concurrent Mark From Roots 10.911ms
[2025-06-05T22:39:06.745+0000][2.017s][info ][gc,marking  ] GC(16) Concurrent Preclean
[2025-06-05T22:39:06.745+0000][2.017s][info ][gc,marking  ] GC(16) Concurrent Preclean 0.255ms
[2025-06-05T22:39:06.747+0000][2.018s][debug][safepoint   ] Safepoint synchronization initiated using futex wait barrier. (13 threads)
[2025-06-05T22:39:06.747+0000][2.018s][info ][gc,start    ] GC(16) Pause Remark
[2025-06-05T22:39:06.749+0000][2.020s][info ][gc          ] GC(16) Pause Remark 28M->28M(90M) 1.988ms
[2025-06-05T22:39:06.749+0000][2.020s][info ][gc,cpu      ] GC(16) User=0.01s Sys=0.00s Real=0.00s
[2025-06-05T22:39:06.749+0000][2.020s][info ][safepoint   ] Safepoint "G1PauseRemark", Time since last: 16966333 ns, Reaching safepoint: 121542 ns, Cleanup: 22458 ns, At safepoint: 2153917 ns, Total: 2297917 ns
[2025-06-05T22:39:06.749+0000][2.020s][info ][gc,marking  ] GC(16) Concurrent Mark 15.145ms
[2025-06-05T22:39:06.751+0000][2.023s][info ][gc,marking  ] GC(16) Concurrent Rebuild Remembered Sets
[2025-06-05T22:39:06.758+0000][2.029s][info ][gc,marking  ] GC(16) Concurrent Rebuild Remembered Sets 6.471ms
[2025-06-05T22:39:06.758+0000][2.030s][debug][safepoint   ] Safepoint synchronization initiated using futex wait barrier. (13 threads)
[2025-06-05T22:39:06.758+0000][2.030s][info ][gc,start    ] GC(16) Pause Cleanup
[2025-06-05T22:39:06.758+0000][2.030s][info ][gc          ] GC(16) Pause Cleanup 33M->33M(90M) 0.221ms
[2025-06-05T22:39:06.759+0000][2.030s][info ][gc,cpu      ] GC(16) User=0.00s Sys=0.00s Real=0.00s
[2025-06-05T22:39:06.759+0000][2.030s][info ][safepoint   ] Safepoint "G1PauseCleanup", Time since last: 9097333 ns, Reaching safepoint: 107042 ns, Cleanup: 14500 ns, At safepoint: 326916 ns, Total: 448458 ns
[2025-06-05T22:39:06.759+0000][2.030s][info ][gc,marking  ] GC(16) Concurrent Cleanup for Next Mark
[2025-06-05T22:39:06.760+0000][2.031s][info ][gc,marking  ] GC(16) Concurrent Cleanup for Next Mark 1.102ms
[2025-06-05T22:39:06.760+0000][2.031s][info ][gc          ] GC(16) Concurrent Mark Cycle 30.066ms
[2025-06-05T22:39:06.816+0000][2.087s][debug][safepoint   ] Safepoint synchronization initiated using futex wait barrier. (13 threads)
[2025-06-05T22:39:06.816+0000][2.088s][info ][safepoint   ] Safepoint "ICBufferFull", Time since last: 57425750 ns, Reaching safepoint: 148792 ns, Cleanup: 75083 ns, At safepoint: 7709 ns, Total: 231584 ns
[2025-06-05T22:39:06.858+0000][2.129s][debug][safepoint   ] Safepoint synchronization initiated using futex wait barrier. (13 threads)
[2025-06-05T22:39:06.858+0000][2.130s][info ][gc,start    ] GC(17) Pause Young (Normal) (G1 Evacuation Pause)
[2025-06-05T22:39:06.858+0000][2.130s][info ][gc,task     ] GC(17) Using 2 workers of 2 for evacuation
[2025-06-05T22:39:06.864+0000][2.136s][info ][gc,phases   ] GC(17)   Pre Evacuate Collection Set: 0.1ms
[2025-06-05T22:39:06.865+0000][2.136s][info ][gc,phases   ] GC(17)   Merge Heap Roots: 0.1ms
[2025-06-05T22:39:06.865+0000][2.136s][info ][gc,phases   ] GC(17)   Evacuate Collection Set: 5.3ms
[2025-06-05T22:39:06.865+0000][2.136s][info ][gc,phases   ] GC(17)   Post Evacuate Collection Set: 0.5ms
[2025-06-05T22:39:06.865+0000][2.136s][info ][gc,phases   ] GC(17)   Other: 0.1ms
[2025-06-05T22:39:06.865+0000][2.136s][info ][gc,heap     ] GC(17) Eden regions: 47->0(46)
[2025-06-05T22:39:06.865+0000][2.136s][info ][gc,heap     ] GC(17) Survivor regions: 7->7(7)
[2025-06-05T22:39:06.865+0000][2.136s][info ][gc,heap     ] GC(17) Old regions: 15->19
[2025-06-05T22:39:06.865+0000][2.136s][info ][gc,heap     ] GC(17) Archive regions: 2->2
[2025-06-05T22:39:06.865+0000][2.136s][info ][gc,heap     ] GC(17) Humongous regions: 0->0
[2025-06-05T22:39:06.865+0000][2.136s][info ][gc,metaspace] GC(17) Metaspace: 24411K(24832K)->24411K(24832K) NonClass: 21236K(21440K)->21236K(21440K) Class: 3175K(3392K)->3175K(3392K)
[2025-06-05T22:39:06.865+0000][2.136s][info ][gc          ] GC(17) Pause Young (Normal) (G1 Evacuation Pause) 69M->25M(90M) 6.699ms
[2025-06-05T22:39:06.865+0000][2.136s][info ][gc,cpu      ] GC(17) User=0.01s Sys=0.00s Real=0.00s
[2025-06-05T22:39:06.865+0000][2.136s][info ][safepoint   ] Safepoint "G1CollectForAllocation", Time since last: 41801166 ns, Reaching safepoint: 191209 ns, Cleanup: 56583 ns, At safepoint: 6804417 ns, Total: 7052209 ns
[2025-06-05T22:39:06.939+0000][2.210s][debug][safepoint   ] Safepoint synchronization initiated using futex wait barrier. (13 threads)
[2025-06-05T22:39:06.939+0000][2.210s][info ][gc,start    ] GC(18) Pause Young (Normal) (G1 Evacuation Pause)
[2025-06-05T22:39:06.939+0000][2.210s][info ][gc,task     ] GC(18) Using 2 workers of 2 for evacuation
[2025-06-05T22:39:06.946+0000][2.218s][info ][gc,phases   ] GC(18)   Pre Evacuate Collection Set: 0.1ms
[2025-06-05T22:39:06.946+0000][2.218s][info ][gc,phases   ] GC(18)   Merge Heap Roots: 0.1ms
[2025-06-05T22:39:06.947+0000][2.218s][info ][gc,phases   ] GC(18)   Evacuate Collection Set: 6.6ms
[2025-06-05T22:39:06.947+0000][2.218s][info ][gc,phases   ] GC(18)   Post Evacuate Collection Set: 0.6ms
[2025-06-05T22:39:06.947+0000][2.218s][info ][gc,phases   ] GC(18)   Other: 0.2ms
[2025-06-05T22:39:06.947+0000][2.218s][info ][gc,heap     ] GC(18) Eden regions: 46->0(39)
[2025-06-05T22:39:06.947+0000][2.218s][info ][gc,heap     ] GC(18) Survivor regions: 7->7(7)
[2025-06-05T22:39:06.947+0000][2.218s][info ][gc,heap     ] GC(18) Old regions: 19->24
[2025-06-05T22:39:06.947+0000][2.218s][info ][gc,heap     ] GC(18) Archive regions: 2->2
[2025-06-05T22:39:06.947+0000][2.218s][info ][gc,heap     ] GC(18) Humongous regions: 0->0
[2025-06-05T22:39:06.947+0000][2.218s][info ][gc,metaspace] GC(18) Metaspace: 24446K(24832K)->24446K(24832K) NonClass: 21261K(21440K)->21261K(21440K) Class: 3184K(3392K)->3184K(3392K)
[2025-06-05T22:39:06.947+0000][2.218s][info ][gc          ] GC(18) Pause Young (Normal) (G1 Evacuation Pause) 71M->31M(90M) 8.176ms
[2025-06-05T22:39:06.947+0000][2.218s][info ][gc,cpu      ] GC(18) User=0.02s Sys=0.00s Real=0.01s
[2025-06-05T22:39:06.947+0000][2.218s][info ][safepoint   ] Safepoint "G1CollectForAllocation", Time since last: 73462625 ns, Reaching safepoint: 224042 ns, Cleanup: 26666 ns, At safepoint: 8277000 ns, Total: 8527708 ns
[2025-06-05T22:39:06.983+0000][2.254s][debug][safepoint   ] Safepoint synchronization initiated using futex wait barrier. (13 threads)
[2025-06-05T22:39:06.983+0000][2.254s][info ][gc,start    ] GC(19) Pause Young (Normal) (G1 Evacuation Pause)
[2025-06-05T22:39:06.983+0000][2.254s][info ][gc,task     ] GC(19) Using 2 workers of 2 for evacuation
[2025-06-05T22:39:06.998+0000][2.269s][info ][gc,phases   ] GC(19)   Pre Evacuate Collection Set: 0.1ms
[2025-06-05T22:39:06.998+0000][2.270s][info ][gc,phases   ] GC(19)   Merge Heap Roots: 0.1ms
[2025-06-05T22:39:06.998+0000][2.270s][info ][gc,phases   ] GC(19)   Evacuate Collection Set: 14.3ms
[2025-06-05T22:39:06.998+0000][2.270s][info ][gc,phases   ] GC(19)   Post Evacuate Collection Set: 0.6ms
[2025-06-05T22:39:06.998+0000][2.270s][info ][gc,phases   ] GC(19)   Other: 0.1ms
[2025-06-05T22:39:06.998+0000][2.270s][info ][gc,heap     ] GC(19) Eden regions: 39->0(33)
[2025-06-05T22:39:06.998+0000][2.270s][info ][gc,heap     ] GC(19) Survivor regions: 7->6(6)
[2025-06-05T22:39:06.998+0000][2.270s][info ][gc,heap     ] GC(19) Old regions: 24->31
[2025-06-05T22:39:06.998+0000][2.270s][info ][gc,heap     ] GC(19) Archive regions: 2->2
[2025-06-05T22:39:06.998+0000][2.270s][info ][gc,heap     ] GC(19) Humongous regions: 0->0
[2025-06-05T22:39:06.998+0000][2.270s][info ][gc,metaspace] GC(19) Metaspace: 24448K(24832K)->24448K(24832K) NonClass: 21263K(21440K)->21263K(21440K) Class: 3185K(3392K)->3185K(3392K)
[2025-06-05T22:39:06.999+0000][2.270s][info ][gc          ] GC(19) Pause Young (Normal) (G1 Evacuation Pause) 70M->36M(90M) 15.722ms
[2025-06-05T22:39:06.999+0000][2.270s][info ][gc,cpu      ] GC(19) User=0.01s Sys=0.00s Real=0.02s
[2025-06-05T22:39:06.999+0000][2.270s][info ][safepoint   ] Safepoint "G1CollectForAllocation", Time since last: 35508542 ns, Reaching safepoint: 178833 ns, Cleanup: 17542 ns, At safepoint: 15811750 ns, Total: 16008125 ns
[2025-06-05T22:39:07.046+0000][2.317s][debug][safepoint   ] Safepoint synchronization initiated using futex wait barrier. (13 threads)
[2025-06-05T22:39:07.046+0000][2.317s][info ][gc,start    ] GC(20) Pause Young (Normal) (G1 Evacuation Pause)
[2025-06-05T22:39:07.046+0000][2.317s][info ][gc,task     ] GC(20) Using 2 workers of 2 for evacuation
[2025-06-05T22:39:07.054+0000][2.325s][info ][gc,phases   ] GC(20)   Pre Evacuate Collection Set: 0.1ms
[2025-06-05T22:39:07.054+0000][2.325s][info ][gc,phases   ] GC(20)   Merge Heap Roots: 0.1ms
[2025-06-05T22:39:07.054+0000][2.325s][info ][gc,phases   ] GC(20)   Evacuate Collection Set: 6.4ms
[2025-06-05T22:39:07.054+0000][2.325s][info ][gc,phases   ] GC(20)   Post Evacuate Collection Set: 1.2ms
[2025-06-05T22:39:07.054+0000][2.325s][info ][gc,phases   ] GC(20)   Other: 0.2ms
[2025-06-05T22:39:07.054+0000][2.325s][info ][gc,heap     ] GC(20) Eden regions: 33->0(126)
[2025-06-05T22:39:07.054+0000][2.325s][info ][gc,heap     ] GC(20) Survivor regions: 6->4(5)
[2025-06-05T22:39:07.054+0000][2.326s][info ][gc,heap     ] GC(20) Old regions: 31->37
[2025-06-05T22:39:07.054+0000][2.326s][info ][gc,heap     ] GC(20) Archive regions: 2->2
[2025-06-05T22:39:07.054+0000][2.326s][info ][gc,heap     ] GC(20) Humongous regions: 0->0
[2025-06-05T22:39:07.054+0000][2.326s][info ][gc,metaspace] GC(20) Metaspace: 24551K(24896K)->24551K(24896K) NonClass: 21353K(21504K)->21353K(21504K) Class: 3197K(3392K)->3197K(3392K)
[2025-06-05T22:39:07.054+0000][2.326s][info ][gc          ] GC(20) Pause Young (Normal) (G1 Evacuation Pause) 69M->40M(227M) 8.523ms
[2025-06-05T22:39:07.054+0000][2.326s][info ][gc,cpu      ] GC(20) User=0.01s Sys=0.01s Real=0.01s
[2025-06-05T22:39:07.054+0000][2.326s][info ][safepoint   ] Safepoint "G1CollectForAllocation", Time since last: 46991542 ns, Reaching safepoint: 202291 ns, Cleanup: 45209 ns, At safepoint: 8642583 ns, Total: 8890083 ns
[2025-06-05T22:39:07.169+0000][2.440s][debug][safepoint   ] Safepoint synchronization initiated using futex wait barrier. (13 threads)
[2025-06-05T22:39:07.169+0000][2.441s][info ][safepoint   ] Safepoint "ICBufferFull", Time since last: 114502500 ns, Reaching safepoint: 228958 ns, Cleanup: 92792 ns, At safepoint: 11542 ns, Total: 333292 ns
[2025-06-05T22:39:07.249+0000][2.520s][debug][safepoint   ] Safepoint synchronization initiated using futex wait barrier. (13 threads)
[2025-06-05T22:39:07.249+0000][2.521s][info ][safepoint   ] Safepoint "ICBufferFull", Time since last: 79539041 ns, Reaching safepoint: 194625 ns, Cleanup: 84584 ns, At safepoint: 7000 ns, Total: 286209 ns
[2025-06-05T22:39:07.309+0000][2.580s][debug][safepoint   ] Safepoint synchronization initiated using futex wait barrier. (13 threads)
[2025-06-05T22:39:07.309+0000][2.580s][info ][safepoint   ] Safepoint "ICBufferFull", Time since last: 59442958 ns, Reaching safepoint: 194917 ns, Cleanup: 70958 ns, At safepoint: 4833 ns, Total: 270708 ns
[2025-06-05T22:39:07.331+0000][2.603s][debug][safepoint   ] Safepoint synchronization initiated using futex wait barrier. (13 threads)
[2025-06-05T22:39:07.331+0000][2.603s][info ][gc,start    ] GC(21) Pause Young (Normal) (G1 Evacuation Pause)
[2025-06-05T22:39:07.331+0000][2.603s][info ][gc,task     ] GC(21) Using 2 workers of 2 for evacuation
[2025-06-05T22:39:07.340+0000][2.611s][info ][gc,phases   ] GC(21)   Pre Evacuate Collection Set: 0.1ms
[2025-06-05T22:39:07.340+0000][2.612s][info ][gc,phases   ] GC(21)   Merge Heap Roots: 0.1ms
[2025-06-05T22:39:07.340+0000][2.612s][info ][gc,phases   ] GC(21)   Evacuate Collection Set: 7.7ms
[2025-06-05T22:39:07.340+0000][2.612s][info ][gc,phases   ] GC(21)   Post Evacuate Collection Set: 0.6ms
[2025-06-05T22:39:07.340+0000][2.612s][info ][gc,phases   ] GC(21)   Other: 0.2ms
[2025-06-05T22:39:07.340+0000][2.612s][info ][gc,heap     ] GC(21) Eden regions: 126->0(113)
[2025-06-05T22:39:07.340+0000][2.612s][info ][gc,heap     ] GC(21) Survivor regions: 4->13(17)
[2025-06-05T22:39:07.341+0000][2.612s][info ][gc,heap     ] GC(21) Old regions: 37->37
[2025-06-05T22:39:07.341+0000][2.612s][info ][gc,heap     ] GC(21) Archive regions: 2->2
[2025-06-05T22:39:07.341+0000][2.612s][info ][gc,heap     ] GC(21) Humongous regions: 0->0
[2025-06-05T22:39:07.341+0000][2.612s][info ][gc,metaspace] GC(21) Metaspace: 25113K(25536K)->25113K(25536K) NonClass: 21860K(22080K)->21860K(22080K) Class: 3253K(3456K)->3253K(3456K)
[2025-06-05T22:39:07.341+0000][2.612s][info ][gc          ] GC(21) Pause Young (Normal) (G1 Evacuation Pause) 166M->49M(227M) 9.231ms
[2025-06-05T22:39:07.341+0000][2.612s][info ][gc,cpu      ] GC(21) User=0.01s Sys=0.00s Real=0.01s
[2025-06-05T22:39:07.341+0000][2.612s][info ][safepoint   ] Safepoint "G1CollectForAllocation", Time since last: 22392625 ns, Reaching safepoint: 172584 ns, Cleanup: 22333 ns, At safepoint: 9371792 ns, Total: 9566709 ns
[2025-06-05T22:39:07.401+0000][2.672s][debug][safepoint   ] Safepoint synchronization initiated using futex wait barrier. (13 threads)
[2025-06-05T22:39:07.401+0000][2.672s][info ][safepoint   ] Safepoint "ICBufferFull", Time since last: 59995916 ns, Reaching safepoint: 195875 ns, Cleanup: 76292 ns, At safepoint: 4708 ns, Total: 276875 ns
[2025-06-05T22:39:07.505+0000][2.776s][debug][safepoint   ] Safepoint synchronization initiated using futex wait barrier. (13 threads)
[2025-06-05T22:39:07.505+0000][2.776s][info ][safepoint   ] Safepoint "ICBufferFull", Time since last: 103476959 ns, Reaching safepoint: 193708 ns, Cleanup: 107708 ns, At safepoint: 1292 ns, Total: 302708 ns
[2025-06-05T22:39:07.520+0000][2.792s][debug][safepoint   ] Safepoint synchronization initiated using futex wait barrier. (13 threads)
[2025-06-05T22:39:07.520+0000][2.792s][info ][gc,start    ] GC(22) Pause Young (Normal) (G1 Evacuation Pause)
[2025-06-05T22:39:07.520+0000][2.792s][info ][gc,task     ] GC(22) Using 2 workers of 2 for evacuation
[2025-06-05T22:39:07.531+0000][2.802s][info ][gc,phases   ] GC(22)   Pre Evacuate Collection Set: 0.1ms
[2025-06-05T22:39:07.531+0000][2.802s][info ][gc,phases   ] GC(22)   Merge Heap Roots: 0.1ms
[2025-06-05T22:39:07.531+0000][2.802s][info ][gc,phases   ] GC(22)   Evacuate Collection Set: 8.9ms
[2025-06-05T22:39:07.531+0000][2.802s][info ][gc,phases   ] GC(22)   Post Evacuate Collection Set: 1.0ms
[2025-06-05T22:39:07.531+0000][2.802s][info ][gc,phases   ] GC(22)   Other: 0.2ms
[2025-06-05T22:39:07.531+0000][2.802s][info ][gc,heap     ] GC(22) Eden regions: 113->0(116)
[2025-06-05T22:39:07.531+0000][2.802s][info ][gc,heap     ] GC(22) Survivor regions: 13->5(16)
[2025-06-05T22:39:07.531+0000][2.802s][info ][gc,heap     ] GC(22) Old regions: 37->50
[2025-06-05T22:39:07.531+0000][2.802s][info ][gc,heap     ] GC(22) Archive regions: 2->2
[2025-06-05T22:39:07.531+0000][2.803s][info ][gc,heap     ] GC(22) Humongous regions: 0->0
[2025-06-05T22:39:07.531+0000][2.803s][info ][gc,metaspace] GC(22) Metaspace: 25237K(25600K)->25237K(25600K) NonClass: 21971K(22144K)->21971K(22144K) Class: 3265K(3456K)->3265K(3456K)
[2025-06-05T22:39:07.531+0000][2.803s][info ][gc          ] GC(22) Pause Young (Normal) (G1 Evacuation Pause) 162M->54M(227M) 10.789ms
[2025-06-05T22:39:07.531+0000][2.803s][info ][gc,cpu      ] GC(22) User=0.02s Sys=0.01s Real=0.01s
[2025-06-05T22:39:07.531+0000][2.803s][info ][safepoint   ] Safepoint "G1CollectForAllocation", Time since last: 15306958 ns, Reaching safepoint: 190542 ns, Cleanup: 27500 ns, At safepoint: 10885000 ns, Total: 11103042 ns
[2025-06-05T22:39:07.689+0000][2.960s][debug][safepoint   ] Safepoint synchronization initiated using futex wait barrier. (13 threads)
[2025-06-05T22:39:07.690+0000][2.961s][info ][safepoint   ] Safepoint "ICBufferFull", Time since last: 157318209 ns, Reaching safepoint: 1341125 ns, Cleanup: 82875 ns, At safepoint: 4333 ns, Total: 1428333 ns
[2025-06-05T22:39:07.720+0000][2.991s][debug][safepoint   ] Safepoint synchronization initiated using futex wait barrier. (14 threads)
[2025-06-05T22:39:07.720+0000][2.992s][info ][gc,start    ] GC(23) Pause Young (Normal) (G1 Evacuation Pause)
[2025-06-05T22:39:07.720+0000][2.992s][info ][gc,task     ] GC(23) Using 2 workers of 2 for evacuation
[2025-06-05T22:39:07.724+0000][2.995s][info ][gc,phases   ] GC(23)   Pre Evacuate Collection Set: 0.1ms
[2025-06-05T22:39:07.724+0000][2.996s][info ][gc,phases   ] GC(23)   Merge Heap Roots: 0.1ms
[2025-06-05T22:39:07.724+0000][2.996s][info ][gc,phases   ] GC(23)   Evacuate Collection Set: 3.1ms
[2025-06-05T22:39:07.724+0000][2.996s][info ][gc,phases   ] GC(23)   Post Evacuate Collection Set: 0.5ms
[2025-06-05T22:39:07.724+0000][2.996s][info ][gc,phases   ] GC(23)   Other: 0.2ms
[2025-06-05T22:39:07.724+0000][2.996s][info ][gc,heap     ] GC(23) Eden regions: 116->0(124)
[2025-06-05T22:39:07.724+0000][2.996s][info ][gc,heap     ] GC(23) Survivor regions: 5->5(16)
[2025-06-05T22:39:07.724+0000][2.996s][info ][gc,heap     ] GC(23) Old regions: 50->50
[2025-06-05T22:39:07.725+0000][2.996s][info ][gc,heap     ] GC(23) Archive regions: 2->2
[2025-06-05T22:39:07.725+0000][2.996s][info ][gc,heap     ] GC(23) Humongous regions: 0->0
[2025-06-05T22:39:07.725+0000][2.996s][info ][gc,metaspace] GC(23) Metaspace: 26853K(27200K)->26853K(27200K) NonClass: 23459K(23616K)->23459K(23616K) Class: 3393K(3584K)->3393K(3584K)
[2025-06-05T22:39:07.725+0000][2.996s][info ][gc          ] GC(23) Pause Young (Normal) (G1 Evacuation Pause) 170M->54M(227M) 4.475ms
[2025-06-05T22:39:07.725+0000][2.996s][info ][gc,cpu      ] GC(23) User=0.01s Sys=0.00s Real=0.00s
[2025-06-05T22:39:07.725+0000][2.996s][info ][safepoint   ] Safepoint "G1CollectForAllocation", Time since last: 29931417 ns, Reaching safepoint: 194250 ns, Cleanup: 13125 ns, At safepoint: 4598166 ns, Total: 4805541 ns
[2025-06-05T22:39:07.967+0000][3.239s][debug][safepoint   ] Safepoint synchronization initiated using futex wait barrier. (13 threads)
[2025-06-05T22:39:07.968+0000][3.239s][info ][gc,start    ] GC(24) Pause Young (Normal) (G1 Evacuation Pause)
[2025-06-05T22:39:07.968+0000][3.239s][info ][gc,task     ] GC(24) Using 2 workers of 2 for evacuation
[2025-06-05T22:39:07.973+0000][3.244s][info ][gc,phases   ] GC(24)   Pre Evacuate Collection Set: 0.1ms
[2025-06-05T22:39:07.973+0000][3.244s][info ][gc,phases   ] GC(24)   Merge Heap Roots: 0.1ms
[2025-06-05T22:39:07.973+0000][3.244s][info ][gc,phases   ] GC(24)   Evacuate Collection Set: 4.1ms
[2025-06-05T22:39:07.973+0000][3.244s][info ][gc,phases   ] GC(24)   Post Evacuate Collection Set: 0.7ms
[2025-06-05T22:39:07.973+0000][3.244s][info ][gc,phases   ] GC(24)   Other: 0.2ms
[2025-06-05T22:39:07.973+0000][3.244s][info ][gc,heap     ] GC(24) Eden regions: 124->0(125)
[2025-06-05T22:39:07.973+0000][3.244s][info ][gc,heap     ] GC(24) Survivor regions: 5->8(17)
[2025-06-05T22:39:07.973+0000][3.245s][info ][gc,heap     ] GC(24) Old regions: 50->50
[2025-06-05T22:39:07.973+0000][3.245s][info ][gc,heap     ] GC(24) Archive regions: 2->2
[2025-06-05T22:39:07.973+0000][3.245s][info ][gc,heap     ] GC(24) Humongous regions: 0->0
[2025-06-05T22:39:07.973+0000][3.245s][info ][gc,metaspace] GC(24) Metaspace: 31435K(31808K)->31435K(31808K) NonClass: 27530K(27712K)->27530K(27712K) Class: 3905K(4096K)->3905K(4096K)
[2025-06-05T22:39:07.973+0000][3.245s][info ][gc          ] GC(24) Pause Young (Normal) (G1 Evacuation Pause) 178M->57M(227M) 5.643ms
[2025-06-05T22:39:07.973+0000][3.245s][info ][gc,cpu      ] GC(24) User=0.01s Sys=0.00s Real=0.00s
[2025-06-05T22:39:07.973+0000][3.245s][info ][safepoint   ] Safepoint "G1CollectForAllocation", Time since last: 242605584 ns, Reaching safepoint: 210958 ns, Cleanup: 90875 ns, At safepoint: 5765542 ns, Total: 6067375 ns
[2025-06-05T22:39:08.115+0000][3.387s][debug][safepoint   ] Safepoint synchronization initiated using futex wait barrier. (13 threads)
[2025-06-05T22:39:08.116+0000][3.387s][info ][safepoint   ] Safepoint "ICBufferFull", Time since last: 141944291 ns, Reaching safepoint: 214209 ns, Cleanup: 69208 ns, At safepoint: 1375 ns, Total: 284792 ns
[2025-06-05T22:39:08.198+0000][3.469s][debug][safepoint   ] Safepoint synchronization initiated using futex wait barrier. (13 threads)
[2025-06-05T22:39:08.198+0000][3.469s][info ][gc,start    ] GC(25) Pause Young (Normal) (G1 Evacuation Pause)
[2025-06-05T22:39:08.198+0000][3.469s][info ][gc,task     ] GC(25) Using 2 workers of 2 for evacuation
[2025-06-05T22:39:08.204+0000][3.475s][info ][gc,phases   ] GC(25)   Pre Evacuate Collection Set: 0.1ms
[2025-06-05T22:39:08.204+0000][3.475s][info ][gc,phases   ] GC(25)   Merge Heap Roots: 0.1ms
[2025-06-05T22:39:08.204+0000][3.475s][info ][gc,phases   ] GC(25)   Evacuate Collection Set: 4.8ms
[2025-06-05T22:39:08.204+0000][3.475s][info ][gc,phases   ] GC(25)   Post Evacuate Collection Set: 0.6ms
[2025-06-05T22:39:08.204+0000][3.475s][info ][gc,phases   ] GC(25)   Other: 0.2ms
[2025-06-05T22:39:08.204+0000][3.475s][info ][gc,heap     ] GC(25) Eden regions: 125->0(127)
[2025-06-05T22:39:08.204+0000][3.475s][info ][gc,heap     ] GC(25) Survivor regions: 8->9(17)
[2025-06-05T22:39:08.204+0000][3.475s][info ][gc,heap     ] GC(25) Old regions: 50->50
[2025-06-05T22:39:08.204+0000][3.476s][info ][gc,heap     ] GC(25) Archive regions: 2->2
[2025-06-05T22:39:08.204+0000][3.476s][info ][gc,heap     ] GC(25) Humongous regions: 0->0
[2025-06-05T22:39:08.204+0000][3.476s][info ][gc,metaspace] GC(25) Metaspace: 34287K(34624K)->34287K(34624K) NonClass: 30037K(30208K)->30037K(30208K) Class: 4250K(4416K)->4250K(4416K)
[2025-06-05T22:39:08.204+0000][3.476s][info ][gc          ] GC(25) Pause Young (Normal) (G1 Evacuation Pause) 182M->58M(227M) 6.331ms
[2025-06-05T22:39:08.204+0000][3.476s][info ][gc,cpu      ] GC(25) User=0.01s Sys=0.00s Real=0.00s
[2025-06-05T22:39:08.204+0000][3.476s][info ][safepoint   ] Safepoint "G1CollectForAllocation", Time since last: 82059167 ns, Reaching safepoint: 189041 ns, Cleanup: 63375 ns, At safepoint: 6479834 ns, Total: 6732250 ns
[2025-06-05T22:39:08.343+0000][3.614s][debug][safepoint   ] Safepoint synchronization initiated using futex wait barrier. (13 threads)
[2025-06-05T22:39:08.343+0000][3.615s][info ][safepoint   ] Safepoint "ICBufferFull", Time since last: 138485333 ns, Reaching safepoint: 185834 ns, Cleanup: 90833 ns, At safepoint: 3833 ns, Total: 280500 ns
[2025-06-05T22:39:08.424+0000][3.696s][debug][safepoint   ] Safepoint synchronization initiated using futex wait barrier. (13 threads)
[2025-06-05T22:39:08.425+0000][3.696s][info ][safepoint   ] Safepoint "ICBufferFull", Time since last: 81215125 ns, Reaching safepoint: 358584 ns, Cleanup: 95291 ns, At safepoint: 1625 ns, Total: 455500 ns
[2025-06-05T22:39:08.425+0000][3.696s][debug][safepoint   ] Safepoint synchronization initiated using futex wait barrier. (13 threads)
[2025-06-05T22:39:08.426+0000][3.697s][info ][safepoint   ] Safepoint "ICBufferFull", Time since last: 196417 ns, Reaching safepoint: 774917 ns, Cleanup: 11000 ns, At safepoint: 17541 ns, Total: 803458 ns
[2025-06-05T22:39:08.465+0000][3.737s][debug][safepoint   ] Safepoint synchronization initiated using futex wait barrier. (13 threads)
[2025-06-05T22:39:08.466+0000][3.737s][info ][gc,start    ] GC(26) Pause Young (Normal) (G1 Evacuation Pause)
[2025-06-05T22:39:08.466+0000][3.737s][info ][gc,task     ] GC(26) Using 2 workers of 2 for evacuation
[2025-06-05T22:39:08.472+0000][3.744s][info ][gc,phases   ] GC(26)   Pre Evacuate Collection Set: 0.1ms
[2025-06-05T22:39:08.472+0000][3.744s][info ][gc,phases   ] GC(26)   Merge Heap Roots: 0.1ms
[2025-06-05T22:39:08.472+0000][3.744s][info ][gc,phases   ] GC(26)   Evacuate Collection Set: 5.6ms
[2025-06-05T22:39:08.472+0000][3.744s][info ][gc,phases   ] GC(26)   Post Evacuate Collection Set: 0.7ms
[2025-06-05T22:39:08.472+0000][3.744s][info ][gc,phases   ] GC(26)   Other: 0.2ms
[2025-06-05T22:39:08.472+0000][3.744s][info ][gc,heap     ] GC(26) Eden regions: 127->0(128)
[2025-06-05T22:39:08.473+0000][3.744s][info ][gc,heap     ] GC(26) Survivor regions: 9->8(17)
[2025-06-05T22:39:08.473+0000][3.744s][info ][gc,heap     ] GC(26) Old regions: 50->50
[2025-06-05T22:39:08.473+0000][3.744s][info ][gc,heap     ] GC(26) Archive regions: 2->2
[2025-06-05T22:39:08.473+0000][3.744s][info ][gc,heap     ] GC(26) Humongous regions: 0->0
[2025-06-05T22:39:08.473+0000][3.744s][info ][gc,metaspace] GC(26) Metaspace: 36690K(37120K)->36690K(37120K) NonClass: 32072K(32320K)->32072K(32320K) Class: 4617K(4800K)->4617K(4800K)
[2025-06-05T22:39:08.473+0000][3.744s][info ][gc          ] GC(26) Pause Young (Normal) (G1 Evacuation Pause) 185M->57M(227M) 7.268ms
[2025-06-05T22:39:08.473+0000][3.744s][info ][gc,cpu      ] GC(26) User=0.01s Sys=0.00s Real=0.01s
[2025-06-05T22:39:08.473+0000][3.744s][info ][safepoint   ] Safepoint "G1CollectForAllocation", Time since last: 39299084 ns, Reaching safepoint: 214875 ns, Cleanup: 91958 ns, At safepoint: 7377042 ns, Total: 7683875 ns
[2025-06-05T22:39:08.654+0000][3.926s][debug][safepoint   ] Safepoint synchronization initiated using futex wait barrier. (13 threads)
[2025-06-05T22:39:08.655+0000][3.926s][info ][safepoint   ] Safepoint "ICBufferFull", Time since last: 181466875 ns, Reaching safepoint: 219250 ns, Cleanup: 70125 ns, At safepoint: 4833 ns, Total: 294208 ns
[2025-06-05T22:39:08.723+0000][3.995s][debug][safepoint   ] Safepoint synchronization initiated using futex wait barrier. (13 threads)
[2025-06-05T22:39:08.724+0000][3.995s][info ][safepoint   ] Safepoint "ICBufferFull", Time since last: 68768042 ns, Reaching safepoint: 216375 ns, Cleanup: 101458 ns, At safepoint: 1458 ns, Total: 319291 ns
[2025-06-05T22:39:08.739+0000][4.010s][debug][safepoint   ] Safepoint synchronization initiated using futex wait barrier. (13 threads)
[2025-06-05T22:39:08.739+0000][4.010s][info ][gc,start    ] GC(27) Pause Young (Normal) (G1 Evacuation Pause)
[2025-06-05T22:39:08.739+0000][4.010s][info ][gc,task     ] GC(27) Using 2 workers of 2 for evacuation
[2025-06-05T22:39:08.747+0000][4.018s][info ][gc,phases   ] GC(27)   Pre Evacuate Collection Set: 0.1ms
[2025-06-05T22:39:08.747+0000][4.018s][info ][gc,phases   ] GC(27)   Merge Heap Roots: 0.1ms
[2025-06-05T22:39:08.747+0000][4.018s][info ][gc,phases   ] GC(27)   Evacuate Collection Set: 6.9ms
[2025-06-05T22:39:08.747+0000][4.019s][info ][gc,phases   ] GC(27)   Post Evacuate Collection Set: 0.8ms
[2025-06-05T22:39:08.747+0000][4.019s][info ][gc,phases   ] GC(27)   Other: 0.2ms
[2025-06-05T22:39:08.747+0000][4.019s][info ][gc,heap     ] GC(27) Eden regions: 128->0(125)
[2025-06-05T22:39:08.747+0000][4.019s][info ][gc,heap     ] GC(27) Survivor regions: 8->11(17)
[2025-06-05T22:39:08.747+0000][4.019s][info ][gc,heap     ] GC(27) Old regions: 50->50
[2025-06-05T22:39:08.747+0000][4.019s][info ][gc,heap     ] GC(27) Archive regions: 2->2
[2025-06-05T22:39:08.747+0000][4.019s][info ][gc,heap     ] GC(27) Humongous regions: 0->0
[2025-06-05T22:39:08.747+0000][4.019s][info ][gc,metaspace] GC(27) Metaspace: 39474K(39872K)->39474K(39872K) NonClass: 34506K(34688K)->34506K(34688K) Class: 4968K(5184K)->4968K(5184K)
[2025-06-05T22:39:08.748+0000][4.019s][info ][gc          ] GC(27) Pause Young (Normal) (G1 Evacuation Pause) 185M->60M(227M) 8.676ms
[2025-06-05T22:39:08.748+0000][4.019s][info ][gc,cpu      ] GC(27) User=0.02s Sys=0.00s Real=0.01s
[2025-06-05T22:39:08.748+0000][4.019s][info ][safepoint   ] Safepoint "G1CollectForAllocation", Time since last: 14915792 ns, Reaching safepoint: 165167 ns, Cleanup: 10916 ns, At safepoint: 8779959 ns, Total: 8956042 ns
[2025-06-05T22:39:08.913+0000][4.184s][debug][safepoint   ] Safepoint synchronization initiated using futex wait barrier. (13 threads)
[2025-06-05T22:39:08.914+0000][4.185s][info ][gc,start    ] GC(28) Pause Young (Concurrent Start) (Metadata GC Threshold)
[2025-06-05T22:39:08.914+0000][4.185s][info ][gc,task     ] GC(28) Using 2 workers of 2 for evacuation
[2025-06-05T22:39:08.922+0000][4.193s][info ][gc,phases   ] GC(28)   Pre Evacuate Collection Set: 0.1ms
[2025-06-05T22:39:08.922+0000][4.193s][info ][gc,phases   ] GC(28)   Merge Heap Roots: 0.1ms
[2025-06-05T22:39:08.922+0000][4.193s][info ][gc,phases   ] GC(28)   Evacuate Collection Set: 6.8ms
[2025-06-05T22:39:08.922+0000][4.193s][info ][gc,phases   ] GC(28)   Post Evacuate Collection Set: 0.6ms
[2025-06-05T22:39:08.922+0000][4.193s][info ][gc,phases   ] GC(28)   Other: 0.2ms
[2025-06-05T22:39:08.922+0000][4.193s][info ][gc,heap     ] GC(28) Eden regions: 58->0(127)
[2025-06-05T22:39:08.922+0000][4.194s][info ][gc,heap     ] GC(28) Survivor regions: 11->9(17)
[2025-06-05T22:39:08.922+0000][4.194s][info ][gc,heap     ] GC(28) Old regions: 50->52
[2025-06-05T22:39:08.922+0000][4.194s][info ][gc,heap     ] GC(28) Archive regions: 2->2
[2025-06-05T22:39:08.922+0000][4.194s][info ][gc,heap     ] GC(28) Humongous regions: 0->0
[2025-06-05T22:39:08.922+0000][4.194s][info ][gc,metaspace] GC(28) Metaspace: 40534K(40896K)->40534K(40896K) NonClass: 35441K(35584K)->35441K(35584K) Class: 5092K(5312K)->5092K(5312K)
[2025-06-05T22:39:08.922+0000][4.194s][info ][gc          ] GC(28) Pause Young (Concurrent Start) (Metadata GC Threshold) 118M->60M(227M) 8.475ms
[2025-06-05T22:39:08.922+0000][4.194s][info ][gc,cpu      ] GC(28) User=0.01s Sys=0.01s Real=0.01s
[2025-06-05T22:39:08.923+0000][4.194s][info ][safepoint   ] Safepoint "CollectForMetadataAllocation", Time since last: 165509875 ns, Reaching safepoint: 704208 ns, Cleanup: 77708 ns, At safepoint: 8623542 ns, Total: 9405458 ns
[2025-06-05T22:39:08.923+0000][4.194s][info ][gc          ] GC(29) Concurrent Mark Cycle
[2025-06-05T22:39:08.926+0000][4.197s][info ][gc,marking  ] GC(29) Concurrent Clear Claimed Marks
[2025-06-05T22:39:08.926+0000][4.197s][info ][gc,marking  ] GC(29) Concurrent Clear Claimed Marks 0.148ms
[2025-06-05T22:39:08.926+0000][4.197s][info ][gc,marking  ] GC(29) Concurrent Scan Root Regions
[2025-06-05T22:39:08.931+0000][4.203s][info ][gc,marking  ] GC(29) Concurrent Scan Root Regions 5.412ms
[2025-06-05T22:39:08.932+0000][4.203s][info ][gc,marking  ] GC(29) Concurrent Mark
[2025-06-05T22:39:08.932+0000][4.203s][info ][gc,marking  ] GC(29) Concurrent Mark From Roots
[2025-06-05T22:39:08.932+0000][4.203s][info ][gc,task     ] GC(29) Using 1 workers of 1 for marking
[2025-06-05T22:39:08.966+0000][4.237s][info ][gc,marking  ] GC(29) Concurrent Mark From Roots 33.847ms
[2025-06-05T22:39:08.966+0000][4.237s][info ][gc,marking  ] GC(29) Concurrent Preclean
[2025-06-05T22:39:08.966+0000][4.237s][info ][gc,marking  ] GC(29) Concurrent Preclean 0.210ms
[2025-06-05T22:39:08.966+0000][4.237s][debug][safepoint   ] Safepoint synchronization initiated using futex wait barrier. (13 threads)
[2025-06-05T22:39:08.967+0000][4.238s][debug][safepoint   ] ... found polling page loop exception at pc = 0x0000ffff6d16e5e4, stub =0x0000ffff6c97ef00
[2025-06-05T22:39:08.968+0000][4.239s][info ][gc,start    ] GC(29) Pause Remark
[2025-06-05T22:39:08.971+0000][4.242s][info ][gc          ] GC(29) Pause Remark 78M->78M(227M) 2.873ms
[2025-06-05T22:39:08.971+0000][4.242s][info ][gc,cpu      ] GC(29) User=0.01s Sys=0.00s Real=0.00s
[2025-06-05T22:39:08.971+0000][4.242s][info ][safepoint   ] Safepoint "G1PauseRemark", Time since last: 43542750 ns, Reaching safepoint: 1902167 ns, Cleanup: 16166 ns, At safepoint: 3037875 ns, Total: 4956208 ns
[2025-06-05T22:39:08.972+0000][4.243s][info ][gc,marking  ] GC(29) Concurrent Mark 40.503ms
[2025-06-05T22:39:08.972+0000][4.244s][info ][gc,marking  ] GC(29) Concurrent Rebuild Remembered Sets
[2025-06-05T22:39:09.020+0000][4.292s][info ][gc,marking  ] GC(29) Concurrent Rebuild Remembered Sets 47.941ms
[2025-06-05T22:39:09.020+0000][4.292s][debug][safepoint   ] Safepoint synchronization initiated using futex wait barrier. (13 threads)
[2025-06-05T22:39:09.022+0000][4.293s][info ][gc,start    ] GC(29) Pause Cleanup
[2025-06-05T22:39:09.022+0000][4.294s][info ][gc          ] GC(29) Pause Cleanup 87M->87M(227M) 0.162ms
[2025-06-05T22:39:09.022+0000][4.294s][info ][gc,cpu      ] GC(29) User=0.00s Sys=0.00s Real=0.00s
[2025-06-05T22:39:09.022+0000][4.294s][info ][safepoint   ] Safepoint "G1PauseCleanup", Time since last: 49402417 ns, Reaching safepoint: 1538334 ns, Cleanup: 17083 ns, At safepoint: 264708 ns, Total: 1820125 ns
[2025-06-05T22:39:09.023+0000][4.294s][info ][gc,marking  ] GC(29) Concurrent Cleanup for Next Mark
[2025-06-05T22:39:09.024+0000][4.295s][info ][gc,marking  ] GC(29) Concurrent Cleanup for Next Mark 0.584ms
[2025-06-05T22:39:09.024+0000][4.295s][info ][gc          ] GC(29) Concurrent Mark Cycle 101.149ms
[2025-06-05T22:39:09.237+0000][4.509s][debug][safepoint   ] Safepoint synchronization initiated using futex wait barrier. (13 threads)
[2025-06-05T22:39:09.238+0000][4.509s][info ][safepoint   ] Safepoint "ICBufferFull", Time since last: 215086792 ns, Reaching safepoint: 228583 ns, Cleanup: 84542 ns, At safepoint: 1250 ns, Total: 314375 ns
[2025-06-05T22:39:09.282+0000][4.553s][debug][safepoint   ] Safepoint synchronization initiated using futex wait barrier. (13 threads)
[2025-06-05T22:39:09.282+0000][4.554s][info ][gc,start    ] GC(30) Pause Young (Prepare Mixed) (G1 Evacuation Pause)
[2025-06-05T22:39:09.282+0000][4.554s][info ][gc,task     ] GC(30) Using 2 workers of 2 for evacuation
[2025-06-05T22:39:09.290+0000][4.562s][info ][gc,phases   ] GC(30)   Pre Evacuate Collection Set: 0.1ms
[2025-06-05T22:39:09.290+0000][4.562s][info ][gc,phases   ] GC(30)   Merge Heap Roots: 0.1ms
[2025-06-05T22:39:09.290+0000][4.562s][info ][gc,phases   ] GC(30)   Evacuate Collection Set: 6.9ms
[2025-06-05T22:39:09.290+0000][4.562s][info ][gc,phases   ] GC(30)   Post Evacuate Collection Set: 0.8ms
[2025-06-05T22:39:09.290+0000][4.562s][info ][gc,phases   ] GC(30)   Other: 0.2ms
[2025-06-05T22:39:09.291+0000][4.562s][info ][gc,heap     ] GC(30) Eden regions: 127->0(1)
[2025-06-05T22:39:09.291+0000][4.562s][info ][gc,heap     ] GC(30) Survivor regions: 9->10(17)
[2025-06-05T22:39:09.291+0000][4.562s][info ][gc,heap     ] GC(30) Old regions: 52->52
[2025-06-05T22:39:09.291+0000][4.562s][info ][gc,heap     ] GC(30) Archive regions: 2->2
[2025-06-05T22:39:09.291+0000][4.562s][info ][gc,heap     ] GC(30) Humongous regions: 0->0
[2025-06-05T22:39:09.291+0000][4.562s][info ][gc,metaspace] GC(30) Metaspace: 42337K(42752K)->42337K(42752K) NonClass: 36915K(37120K)->36915K(37120K) Class: 5422K(5632K)->5422K(5632K)
[2025-06-05T22:39:09.291+0000][4.562s][info ][gc          ] GC(30) Pause Young (Prepare Mixed) (G1 Evacuation Pause) 187M->61M(227M) 8.658ms
[2025-06-05T22:39:09.291+0000][4.562s][info ][gc,cpu      ] GC(30) User=0.02s Sys=0.00s Real=0.01s
[2025-06-05T22:39:09.291+0000][4.562s][info ][safepoint   ] Safepoint "G1CollectForAllocation", Time since last: 44311625 ns, Reaching safepoint: 155583 ns, Cleanup: 89875 ns, At safepoint: 8789292 ns, Total: 9034750 ns
[2025-06-05T22:39:09.299+0000][4.570s][debug][safepoint   ] Safepoint synchronization initiated using futex wait barrier. (13 threads)
[2025-06-05T22:39:09.299+0000][4.570s][info ][gc,start    ] GC(31) Pause Young (Mixed) (G1 Evacuation Pause)
[2025-06-05T22:39:09.299+0000][4.570s][info ][gc,task     ] GC(31) Using 2 workers of 2 for evacuation
[2025-06-05T22:39:09.307+0000][4.578s][info ][gc,phases   ] GC(31)   Pre Evacuate Collection Set: 0.1ms
[2025-06-05T22:39:09.307+0000][4.579s][info ][gc,phases   ] GC(31)   Merge Heap Roots: 0.1ms
[2025-06-05T22:39:09.307+0000][4.579s][info ][gc,phases   ] GC(31)   Evacuate Collection Set: 7.1ms
[2025-06-05T22:39:09.307+0000][4.579s][info ][gc,phases   ] GC(31)   Post Evacuate Collection Set: 0.7ms
[2025-06-05T22:39:09.307+0000][4.579s][info ][gc,phases   ] GC(31)   Other: 0.2ms
[2025-06-05T22:39:09.307+0000][4.579s][info ][gc,heap     ] GC(31) Eden regions: 1->0(132)
[2025-06-05T22:39:09.307+0000][4.579s][info ][gc,heap     ] GC(31) Survivor regions: 10->1(2)
[2025-06-05T22:39:09.307+0000][4.579s][info ][gc,heap     ] GC(31) Old regions: 52->59
[2025-06-05T22:39:09.307+0000][4.579s][info ][gc,heap     ] GC(31) Archive regions: 2->2
[2025-06-05T22:39:09.308+0000][4.579s][info ][gc,heap     ] GC(31) Humongous regions: 0->0
[2025-06-05T22:39:09.308+0000][4.579s][info ][gc,metaspace] GC(31) Metaspace: 42352K(42752K)->42352K(42752K) NonClass: 36927K(37120K)->36927K(37120K) Class: 5424K(5632K)->5424K(5632K)
[2025-06-05T22:39:09.308+0000][4.579s][info ][gc          ] GC(31) Pause Young (Mixed) (G1 Evacuation Pause) 62M->60M(227M) 8.898ms
[2025-06-05T22:39:09.308+0000][4.579s][info ][gc,cpu      ] GC(31) User=0.02s Sys=0.00s Real=0.01s
[2025-06-05T22:39:09.308+0000][4.579s][info ][safepoint   ] Safepoint "G1CollectForAllocation", Time since last: 7598625 ns, Reaching safepoint: 161125 ns, Cleanup: 3167 ns, At safepoint: 9018208 ns, Total: 9182500 ns
[2025-06-05T22:39:09.451+0000][4.722s][debug][safepoint   ] Safepoint synchronization initiated using futex wait barrier. (13 threads)
[2025-06-05T22:39:09.451+0000][4.722s][info ][safepoint   ] Safepoint "ICBufferFull", Time since last: 142947917 ns, Reaching safepoint: 195833 ns, Cleanup: 70625 ns, At safepoint: 1000 ns, Total: 267458 ns
[2025-06-05T22:39:09.549+0000][4.820s][debug][safepoint   ] Safepoint synchronization initiated using futex wait barrier. (13 threads)
[2025-06-05T22:39:09.549+0000][4.821s][info ][safepoint   ] Safepoint "ICBufferFull", Time since last: 98028208 ns, Reaching safepoint: 210375 ns, Cleanup: 96667 ns, At safepoint: 1625 ns, Total: 308667 ns
[2025-06-05T22:39:09.712+0000][4.984s][debug][safepoint   ] Safepoint synchronization initiated using futex wait barrier. (13 threads)
[2025-06-05T22:39:09.713+0000][4.984s][info ][gc,start    ] GC(32) Pause Young (Normal) (G1 Evacuation Pause)
[2025-06-05T22:39:09.713+0000][4.984s][info ][gc,task     ] GC(32) Using 2 workers of 2 for evacuation
[2025-06-05T22:39:09.717+0000][4.989s][info ][gc,phases   ] GC(32)   Pre Evacuate Collection Set: 0.1ms
[2025-06-05T22:39:09.717+0000][4.989s][info ][gc,phases   ] GC(32)   Merge Heap Roots: 0.1ms
[2025-06-05T22:39:09.717+0000][4.989s][info ][gc,phases   ] GC(32)   Evacuate Collection Set: 3.7ms
[2025-06-05T22:39:09.717+0000][4.989s][info ][gc,phases   ] GC(32)   Post Evacuate Collection Set: 0.6ms
[2025-06-05T22:39:09.717+0000][4.989s][info ][gc,phases   ] GC(32)   Other: 0.2ms
[2025-06-05T22:39:09.717+0000][4.989s][info ][gc,heap     ] GC(32) Eden regions: 132->0(129)
[2025-06-05T22:39:09.718+0000][4.989s][info ][gc,heap     ] GC(32) Survivor regions: 1->4(17)
[2025-06-05T22:39:09.718+0000][4.989s][info ][gc,heap     ] GC(32) Old regions: 59->59
[2025-06-05T22:39:09.718+0000][4.989s][info ][gc,heap     ] GC(32) Archive regions: 2->2
[2025-06-05T22:39:09.718+0000][4.989s][info ][gc,heap     ] GC(32) Humongous regions: 0->0
[2025-06-05T22:39:09.718+0000][4.989s][info ][gc,metaspace] GC(32) Metaspace: 46595K(47040K)->46595K(47040K) NonClass: 40584K(40832K)->40584K(40832K) Class: 6011K(6208K)->6011K(6208K)
[2025-06-05T22:39:09.718+0000][4.989s][info ][gc          ] GC(32) Pause Young (Normal) (G1 Evacuation Pause) 192M->63M(227M) 5.209ms
[2025-06-05T22:39:09.718+0000][4.989s][info ][gc,cpu      ] GC(32) User=0.01s Sys=0.00s Real=0.01s
[2025-06-05T22:39:09.718+0000][4.989s][info ][safepoint   ] Safepoint "G1CollectForAllocation", Time since last: 162947000 ns, Reaching safepoint: 212167 ns, Cleanup: 78792 ns, At safepoint: 5315166 ns, Total: 5606125 ns
[2025-06-05T22:39:09.832+0000][5.103s][debug][safepoint   ] Safepoint synchronization initiated using futex wait barrier. (13 threads)
[2025-06-05T22:39:09.832+0000][5.104s][info ][safepoint   ] Safepoint "ICBufferFull", Time since last: 114089334 ns, Reaching safepoint: 205625 ns, Cleanup: 73625 ns, At safepoint: 4375 ns, Total: 283625 ns
[2025-06-05T22:39:09.942+0000][5.214s][debug][safepoint   ] Safepoint synchronization initiated using futex wait barrier. (13 threads)
[2025-06-05T22:39:09.943+0000][5.214s][info ][safepoint   ] Safepoint "ICBufferFull", Time since last: 110182125 ns, Reaching safepoint: 186666 ns, Cleanup: 72750 ns, At safepoint: 4292 ns, Total: 263708 ns
[2025-06-05T22:39:11.027+0000][6.299s][debug][safepoint   ] Safepoint synchronization initiated using futex wait barrier. (15 threads)
[2025-06-05T22:39:11.029+0000][6.301s][info ][safepoint   ] Safepoint "Cleanup", Time since last: 1084531667 ns, Reaching safepoint: 1768542 ns, Cleanup: 124708 ns, At safepoint: 12500 ns, Total: 1905750 ns
[2025-06-05T22:39:11.097+0000][6.369s][debug][safepoint   ] Safepoint synchronization initiated using futex wait barrier. (15 threads)
[2025-06-05T22:39:11.098+0000][6.369s][info ][safepoint   ] Safepoint "ICBufferFull", Time since last: 68318958 ns, Reaching safepoint: 174792 ns, Cleanup: 73417 ns, At safepoint: 1541 ns, Total: 249750 ns
[2025-06-05T22:39:11.138+0000][6.409s][debug][safepoint   ] Safepoint synchronization initiated using futex wait barrier. (15 threads)
[2025-06-05T22:39:11.138+0000][6.409s][info ][gc,start    ] GC(33) Pause Young (Normal) (G1 Evacuation Pause)
[2025-06-05T22:39:11.138+0000][6.409s][info ][gc,task     ] GC(33) Using 2 workers of 2 for evacuation
[2025-06-05T22:39:11.145+0000][6.416s][info ][gc,phases   ] GC(33)   Pre Evacuate Collection Set: 0.1ms
[2025-06-05T22:39:11.145+0000][6.416s][info ][gc,phases   ] GC(33)   Merge Heap Roots: 0.1ms
[2025-06-05T22:39:11.145+0000][6.416s][info ][gc,phases   ] GC(33)   Evacuate Collection Set: 5.5ms
[2025-06-05T22:39:11.145+0000][6.416s][info ][gc,phases   ] GC(33)   Post Evacuate Collection Set: 0.7ms
[2025-06-05T22:39:11.145+0000][6.416s][info ][gc,phases   ] GC(33)   Other: 0.2ms
[2025-06-05T22:39:11.145+0000][6.416s][info ][gc,heap     ] GC(33) Eden regions: 129->0(126)
[2025-06-05T22:39:11.145+0000][6.416s][info ][gc,heap     ] GC(33) Survivor regions: 4->7(17)
[2025-06-05T22:39:11.145+0000][6.416s][info ][gc,heap     ] GC(33) Old regions: 59->59
[2025-06-05T22:39:11.145+0000][6.416s][info ][gc,heap     ] GC(33) Archive regions: 2->2
[2025-06-05T22:39:11.145+0000][6.416s][info ][gc,heap     ] GC(33) Humongous regions: 0->0
[2025-06-05T22:39:11.145+0000][6.416s][info ][gc,metaspace] GC(33) Metaspace: 53997K(54400K)->53997K(54400K) NonClass: 47149K(47360K)->47149K(47360K) Class: 6847K(7040K)->6847K(7040K)
[2025-06-05T22:39:11.145+0000][6.417s][info ][gc          ] GC(33) Pause Young (Normal) (G1 Evacuation Pause) 192M->66M(227M) 7.154ms
[2025-06-05T22:39:11.145+0000][6.417s][info ][gc,cpu      ] GC(33) User=0.02s Sys=0.00s Real=0.00s
[2025-06-05T22:39:11.145+0000][6.417s][info ][safepoint   ] Safepoint "G1CollectForAllocation", Time since last: 40044501 ns, Reaching safepoint: 192916 ns, Cleanup: 69375 ns, At safepoint: 7258917 ns, Total: 7521208 ns
[2025-06-05T22:39:11.237+0000][6.509s][debug][safepoint   ] Safepoint synchronization initiated using futex wait barrier. (15 threads)
[2025-06-05T22:39:11.237+0000][6.509s][info ][safepoint   ] Safepoint "ICBufferFull", Time since last: 91912167 ns, Reaching safepoint: 217083 ns, Cleanup: 92667 ns, At safepoint: 958 ns, Total: 310708 ns
[2025-06-05T22:39:11.426+0000][6.697s][debug][safepoint   ] Safepoint synchronization initiated using futex wait barrier. (15 threads)
[2025-06-05T22:39:11.426+0000][6.698s][info ][gc,start    ] GC(34) Pause Young (Normal) (G1 Evacuation Pause)
[2025-06-05T22:39:11.426+0000][6.698s][info ][gc,task     ] GC(34) Using 2 workers of 2 for evacuation
[2025-06-05T22:39:11.433+0000][6.705s][info ][gc,phases   ] GC(34)   Pre Evacuate Collection Set: 0.1ms
[2025-06-05T22:39:11.434+0000][6.705s][info ][gc,phases   ] GC(34)   Merge Heap Roots: 0.1ms
[2025-06-05T22:39:11.434+0000][6.705s][info ][gc,phases   ] GC(34)   Evacuate Collection Set: 6.1ms
[2025-06-05T22:39:11.434+0000][6.705s][info ][gc,phases   ] GC(34)   Post Evacuate Collection Set: 0.8ms
[2025-06-05T22:39:11.434+0000][6.705s][info ][gc,phases   ] GC(34)   Other: 0.2ms
[2025-06-05T22:39:11.434+0000][6.705s][info ][gc,heap     ] GC(34) Eden regions: 126->0(126)
[2025-06-05T22:39:11.434+0000][6.705s][info ][gc,heap     ] GC(34) Survivor regions: 7->8(17)
[2025-06-05T22:39:11.434+0000][6.705s][info ][gc,heap     ] GC(34) Old regions: 59->59
[2025-06-05T22:39:11.434+0000][6.705s][info ][gc,heap     ] GC(34) Archive regions: 2->2
[2025-06-05T22:39:11.434+0000][6.705s][info ][gc,heap     ] GC(34) Humongous regions: 0->0
[2025-06-05T22:39:11.434+0000][6.705s][info ][gc,metaspace] GC(34) Metaspace: 56863K(57344K)->56863K(57344K) NonClass: 49618K(49856K)->49618K(49856K) Class: 7245K(7488K)->7245K(7488K)
[2025-06-05T22:39:11.434+0000][6.705s][info ][gc          ] GC(34) Pause Young (Normal) (G1 Evacuation Pause) 192M->67M(227M) 7.768ms
[2025-06-05T22:39:11.434+0000][6.706s][info ][gc,cpu      ] GC(34) User=0.01s Sys=0.00s Real=0.01s
[2025-06-05T22:39:11.434+0000][6.706s][info ][safepoint   ] Safepoint "G1CollectForAllocation", Time since last: 188565167 ns, Reaching safepoint: 209250 ns, Cleanup: 36666 ns, At safepoint: 7878417 ns, Total: 8124333 ns
[2025-06-05T22:39:11.593+0000][6.864s][debug][safepoint   ] Safepoint synchronization initiated using futex wait barrier. (17 threads)
[2025-06-05T22:39:11.595+0000][6.866s][info ][safepoint   ] Safepoint "ICBufferFull", Time since last: 158345958 ns, Reaching safepoint: 2092709 ns, Cleanup: 149250 ns, At safepoint: 1458 ns, Total: 2243417 ns
[2025-06-05T22:39:11.703+0000][6.975s][debug][safepoint   ] Safepoint synchronization initiated using futex wait barrier. (18 threads)
[2025-06-05T22:39:11.704+0000][6.975s][info ][safepoint   ] Safepoint "ICBufferFull", Time since last: 108493500 ns, Reaching safepoint: 172375 ns, Cleanup: 78542 ns, At safepoint: 7500 ns, Total: 258417 ns
[2025-06-05T22:39:11.732+0000][7.003s][debug][safepoint   ] Safepoint synchronization initiated using futex wait barrier. (18 threads)
[2025-06-05T22:39:11.732+0000][7.003s][info ][gc,start    ] GC(35) Pause Young (Normal) (G1 Evacuation Pause)
[2025-06-05T22:39:11.732+0000][7.003s][info ][gc,task     ] GC(35) Using 2 workers of 2 for evacuation
[2025-06-05T22:39:11.739+0000][7.011s][info ][gc,phases   ] GC(35)   Pre Evacuate Collection Set: 0.1ms
[2025-06-05T22:39:11.739+0000][7.011s][info ][gc,phases   ] GC(35)   Merge Heap Roots: 0.1ms
[2025-06-05T22:39:11.739+0000][7.011s][info ][gc,phases   ] GC(35)   Evacuate Collection Set: 6.4ms
[2025-06-05T22:39:11.739+0000][7.011s][info ][gc,phases   ] GC(35)   Post Evacuate Collection Set: 0.7ms
[2025-06-05T22:39:11.740+0000][7.011s][info ][gc,phases   ] GC(35)   Other: 0.1ms
[2025-06-05T22:39:11.740+0000][7.011s][info ][gc,heap     ] GC(35) Eden regions: 126->0(125)
[2025-06-05T22:39:11.740+0000][7.011s][info ][gc,heap     ] GC(35) Survivor regions: 8->9(17)
[2025-06-05T22:39:11.740+0000][7.011s][info ][gc,heap     ] GC(35) Old regions: 59->59
[2025-06-05T22:39:11.740+0000][7.011s][info ][gc,heap     ] GC(35) Archive regions: 2->2
[2025-06-05T22:39:11.740+0000][7.011s][info ][gc,heap     ] GC(35) Humongous regions: 0->0
[2025-06-05T22:39:11.740+0000][7.011s][info ][gc,metaspace] GC(35) Metaspace: 62300K(62784K)->62300K(62784K) NonClass: 54366K(54592K)->54366K(54592K) Class: 7934K(8192K)->7934K(8192K)
[2025-06-05T22:39:11.740+0000][7.011s][info ][gc          ] GC(35) Pause Young (Normal) (G1 Evacuation Pause) 193M->68M(227M) 8.095ms
[2025-06-05T22:39:11.740+0000][7.011s][info ][gc,cpu      ] GC(35) User=0.02s Sys=0.00s Real=0.01s
[2025-06-05T22:39:11.740+0000][7.011s][info ][safepoint   ] Safepoint "G1CollectForAllocation", Time since last: 28041791 ns, Reaching safepoint: 107334 ns, Cleanup: 54166 ns, At safepoint: 8204459 ns, Total: 8365959 ns
[2025-06-05T22:39:11.916+0000][7.187s][debug][safepoint   ] Safepoint synchronization initiated using futex wait barrier. (18 threads)
[2025-06-05T22:39:11.917+0000][7.188s][info ][safepoint   ] Safepoint "ICBufferFull", Time since last: 175818542 ns, Reaching safepoint: 160708 ns, Cleanup: 710708 ns, At safepoint: 2875 ns, Total: 874291 ns
[2025-06-05T22:39:12.012+0000][7.283s][debug][safepoint   ] Safepoint synchronization initiated using futex wait barrier. (18 threads)
[2025-06-05T22:39:12.012+0000][7.283s][info ][gc,start    ] GC(36) Pause Young (Normal) (G1 Evacuation Pause)
[2025-06-05T22:39:12.012+0000][7.283s][info ][gc,task     ] GC(36) Using 2 workers of 2 for evacuation
[2025-06-05T22:39:12.020+0000][7.291s][info ][gc,phases   ] GC(36)   Pre Evacuate Collection Set: 0.1ms
[2025-06-05T22:39:12.020+0000][7.291s][info ][gc,phases   ] GC(36)   Merge Heap Roots: 0.1ms
[2025-06-05T22:39:12.020+0000][7.291s][info ][gc,phases   ] GC(36)   Evacuate Collection Set: 6.8ms
[2025-06-05T22:39:12.020+0000][7.291s][info ][gc,phases   ] GC(36)   Post Evacuate Collection Set: 0.7ms
[2025-06-05T22:39:12.020+0000][7.291s][info ][gc,phases   ] GC(36)   Other: 0.2ms
[2025-06-05T22:39:12.020+0000][7.291s][info ][gc,heap     ] GC(36) Eden regions: 125->0(125)
[2025-06-05T22:39:12.020+0000][7.291s][info ][gc,heap     ] GC(36) Survivor regions: 9->6(17)
[2025-06-05T22:39:12.020+0000][7.291s][info ][gc,heap     ] GC(36) Old regions: 59->63
[2025-06-05T22:39:12.020+0000][7.291s][info ][gc,heap     ] GC(36) Archive regions: 2->2
[2025-06-05T22:39:12.020+0000][7.291s][info ][gc,heap     ] GC(36) Humongous regions: 0->0
[2025-06-05T22:39:12.020+0000][7.292s][info ][gc,metaspace] GC(36) Metaspace: 64081K(64576K)->64081K(64576K) NonClass: 55864K(56128K)->55864K(56128K) Class: 8217K(8448K)->8217K(8448K)
[2025-06-05T22:39:12.020+0000][7.292s][info ][gc          ] GC(36) Pause Young (Normal) (G1 Evacuation Pause) 193M->69M(227M) 8.372ms
[2025-06-05T22:39:12.020+0000][7.292s][info ][gc,cpu      ] GC(36) User=0.01s Sys=0.00s Real=0.01s
[2025-06-05T22:39:12.020+0000][7.292s][info ][safepoint   ] Safepoint "G1CollectForAllocation", Time since last: 94973292 ns, Reaching safepoint: 207458 ns, Cleanup: 26375 ns, At safepoint: 8468292 ns, Total: 8702125 ns
[2025-06-05T22:39:12.196+0000][7.468s][debug][safepoint   ] Safepoint synchronization initiated using futex wait barrier. (18 threads)
[2025-06-05T22:39:12.197+0000][7.468s][info ][safepoint   ] Safepoint "ICBufferFull", Time since last: 176034750 ns, Reaching safepoint: 202000 ns, Cleanup: 76833 ns, At safepoint: 1209 ns, Total: 280042 ns
[2025-06-05T22:39:12.237+0000][7.508s][debug][safepoint   ] Safepoint synchronization initiated using futex wait barrier. (18 threads)
[2025-06-05T22:39:12.237+0000][7.508s][info ][safepoint   ] Safepoint "ICBufferFull", Time since last: 39951333 ns, Reaching safepoint: 187083 ns, Cleanup: 90125 ns, At safepoint: 6125 ns, Total: 283333 ns
[2025-06-05T22:39:12.275+0000][7.546s][debug][safepoint   ] Safepoint synchronization initiated using futex wait barrier. (18 threads)
[2025-06-05T22:39:12.276+0000][7.547s][info ][gc,start    ] GC(37) Pause Young (Normal) (G1 Evacuation Pause)
[2025-06-05T22:39:12.276+0000][7.547s][info ][gc,task     ] GC(37) Using 2 workers of 2 for evacuation
[2025-06-05T22:39:12.305+0000][7.576s][info ][gc,phases   ] GC(37)   Pre Evacuate Collection Set: 0.1ms
[2025-06-05T22:39:12.305+0000][7.576s][info ][gc,phases   ] GC(37)   Merge Heap Roots: 0.1ms
[2025-06-05T22:39:12.305+0000][7.576s][info ][gc,phases   ] GC(37)   Evacuate Collection Set: 27.7ms
[2025-06-05T22:39:12.305+0000][7.576s][info ][gc,phases   ] GC(37)   Post Evacuate Collection Set: 0.7ms
[2025-06-05T22:39:12.305+0000][7.576s][info ][gc,phases   ] GC(37)   Other: 0.2ms
[2025-06-05T22:39:12.305+0000][7.576s][info ][gc,heap     ] GC(37) Eden regions: 125->0(123)
[2025-06-05T22:39:12.305+0000][7.576s][info ][gc,heap     ] GC(37) Survivor regions: 6->8(17)
[2025-06-05T22:39:12.305+0000][7.576s][info ][gc,heap     ] GC(37) Old regions: 63->63
[2025-06-05T22:39:12.305+0000][7.576s][info ][gc,heap     ] GC(37) Archive regions: 2->2
[2025-06-05T22:39:12.305+0000][7.576s][info ][gc,heap     ] GC(37) Humongous regions: 0->0
[2025-06-05T22:39:12.305+0000][7.577s][info ][gc,metaspace] GC(37) Metaspace: 67769K(68224K)->67769K(68224K) NonClass: 59064K(59264K)->59064K(59264K) Class: 8704K(8960K)->8704K(8960K)
[2025-06-05T22:39:12.305+0000][7.577s][info ][gc          ] GC(37) Pause Young (Normal) (G1 Evacuation Pause) 194M->71M(227M) 29.299ms
[2025-06-05T22:39:12.305+0000][7.577s][info ][gc,cpu      ] GC(37) User=0.01s Sys=0.00s Real=0.03s
[2025-06-05T22:39:12.305+0000][7.577s][info ][safepoint   ] Safepoint "G1CollectForAllocation", Time since last: 38266209 ns, Reaching safepoint: 712708 ns, Cleanup: 72208 ns, At safepoint: 29413709 ns, Total: 30198625 ns
[2025-06-05T22:39:12.364+0000][7.636s][debug][safepoint   ] Safepoint synchronization initiated using futex wait barrier. (18 threads)
[2025-06-05T22:39:12.365+0000][7.636s][info ][gc,start    ] GC(38) Pause Young (Concurrent Start) (Metadata GC Threshold)
[2025-06-05T22:39:12.365+0000][7.636s][info ][gc,task     ] GC(38) Using 2 workers of 2 for evacuation
[2025-06-05T22:39:12.372+0000][7.644s][info ][gc,phases   ] GC(38)   Pre Evacuate Collection Set: 0.1ms
[2025-06-05T22:39:12.372+0000][7.644s][info ][gc,phases   ] GC(38)   Merge Heap Roots: 0.1ms
[2025-06-05T22:39:12.372+0000][7.644s][info ][gc,phases   ] GC(38)   Evacuate Collection Set: 6.3ms
[2025-06-05T22:39:12.372+0000][7.644s][info ][gc,phases   ] GC(38)   Post Evacuate Collection Set: 0.7ms
[2025-06-05T22:39:12.373+0000][7.644s][info ][gc,phases   ] GC(38)   Other: 0.2ms
[2025-06-05T22:39:12.373+0000][7.644s][info ][gc,heap     ] GC(38) Eden regions: 29->0(120)
[2025-06-05T22:39:12.373+0000][7.644s][info ][gc,heap     ] GC(38) Survivor regions: 8->9(17)
[2025-06-05T22:39:12.373+0000][7.644s][info ][gc,heap     ] GC(38) Old regions: 63->63
[2025-06-05T22:39:12.373+0000][7.644s][info ][gc,heap     ] GC(38) Archive regions: 2->2
[2025-06-05T22:39:12.373+0000][7.644s][info ][gc,heap     ] GC(38) Humongous regions: 0->0
[2025-06-05T22:39:12.373+0000][7.644s][info ][gc,metaspace] GC(38) Metaspace: 68003K(68480K)->68003K(68480K) NonClass: 59283K(59520K)->59283K(59520K) Class: 8720K(8960K)->8720K(8960K)
[2025-06-05T22:39:12.373+0000][7.644s][info ][gc          ] GC(38) Pause Young (Concurrent Start) (Metadata GC Threshold) 99M->72M(227M) 7.980ms
[2025-06-05T22:39:12.373+0000][7.644s][info ][gc,cpu      ] GC(38) User=0.01s Sys=0.00s Real=0.01s
[2025-06-05T22:39:12.373+0000][7.644s][info ][gc          ] GC(39) Concurrent Mark Cycle
[2025-06-05T22:39:12.373+0000][7.645s][info ][gc,marking  ] GC(39) Concurrent Clear Claimed Marks
[2025-06-05T22:39:12.373+0000][7.644s][info ][safepoint   ] Safepoint "CollectForMetadataAllocation", Time since last: 58840083 ns, Reaching safepoint: 613583 ns, Cleanup: 80500 ns, At safepoint: 8264417 ns, Total: 8958500 ns
[2025-06-05T22:39:12.373+0000][7.645s][info ][gc,marking  ] GC(39) Concurrent Clear Claimed Marks 0.127ms
[2025-06-05T22:39:12.377+0000][7.648s][info ][gc,marking  ] GC(39) Concurrent Scan Root Regions
[2025-06-05T22:39:12.381+0000][7.653s][info ][gc,marking  ] GC(39) Concurrent Scan Root Regions 4.537ms
[2025-06-05T22:39:12.381+0000][7.653s][info ][gc,marking  ] GC(39) Concurrent Mark
[2025-06-05T22:39:12.382+0000][7.653s][info ][gc,marking  ] GC(39) Concurrent Mark From Roots
[2025-06-05T22:39:12.382+0000][7.653s][info ][gc,task     ] GC(39) Using 1 workers of 1 for marking
[2025-06-05T22:39:12.441+0000][7.712s][info ][gc,marking  ] GC(39) Concurrent Mark From Roots 59.472ms
[2025-06-05T22:39:12.442+0000][7.713s][info ][gc,marking  ] GC(39) Concurrent Preclean
[2025-06-05T22:39:12.442+0000][7.713s][info ][gc,marking  ] GC(39) Concurrent Preclean 0.210ms
[2025-06-05T22:39:12.442+0000][7.713s][debug][safepoint   ] Safepoint synchronization initiated using futex wait barrier. (18 threads)
[2025-06-05T22:39:12.444+0000][7.715s][info ][gc,start    ] GC(39) Pause Remark
[2025-06-05T22:39:12.448+0000][7.719s][info ][gc          ] GC(39) Pause Remark 96M->96M(227M) 4.153ms
[2025-06-05T22:39:12.448+0000][7.720s][info ][gc,cpu      ] GC(39) User=0.00s Sys=0.00s Real=0.01s
[2025-06-05T22:39:12.448+0000][7.720s][info ][safepoint   ] Safepoint "G1PauseRemark", Time since last: 68966458 ns, Reaching safepoint: 1759792 ns, Cleanup: 60708 ns, At safepoint: 4340334 ns, Total: 6160834 ns
[2025-06-05T22:39:12.449+0000][7.720s][info ][gc,marking  ] GC(39) Concurrent Mark 67.386ms
[2025-06-05T22:39:12.449+0000][7.720s][info ][gc,marking  ] GC(39) Concurrent Rebuild Remembered Sets
[2025-06-05T22:39:12.520+0000][7.792s][info ][gc,marking  ] GC(39) Concurrent Rebuild Remembered Sets 71.459ms
[2025-06-05T22:39:12.521+0000][7.792s][debug][safepoint   ] Safepoint synchronization initiated using futex wait barrier. (18 threads)
[2025-06-05T22:39:12.522+0000][7.793s][info ][gc,start    ] GC(39) Pause Cleanup
[2025-06-05T22:39:12.522+0000][7.793s][info ][gc          ] GC(39) Pause Cleanup 110M->110M(227M) 0.148ms
[2025-06-05T22:39:12.522+0000][7.794s][info ][gc,cpu      ] GC(39) User=0.00s Sys=0.00s Real=0.00s
[2025-06-05T22:39:12.522+0000][7.794s][info ][safepoint   ] Safepoint "G1PauseCleanup", Time since last: 72401167 ns, Reaching safepoint: 1307125 ns, Cleanup: 20875 ns, At safepoint: 252166 ns, Total: 1580166 ns
[2025-06-05T22:39:12.523+0000][7.794s][info ][gc,marking  ] GC(39) Concurrent Cleanup for Next Mark
[2025-06-05T22:39:12.524+0000][7.795s][info ][gc,marking  ] GC(39) Concurrent Cleanup for Next Mark 0.515ms
[2025-06-05T22:39:12.524+0000][7.795s][info ][gc          ] GC(39) Concurrent Mark Cycle 150.824ms
[2025-06-05T22:39:12.680+0000][7.952s][debug][safepoint   ] Safepoint synchronization initiated using futex wait barrier. (18 threads)
[2025-06-05T22:39:12.681+0000][7.952s][info ][safepoint   ] Safepoint "ICBufferFull", Time since last: 158228750 ns, Reaching safepoint: 141834 ns, Cleanup: 102875 ns, At safepoint: 5625 ns, Total: 250334 ns
[2025-06-05T22:39:12.713+0000][7.984s][debug][safepoint   ] Safepoint synchronization initiated using futex wait barrier. (18 threads)
[2025-06-05T22:39:12.713+0000][7.984s][info ][safepoint   ] Safepoint "ICBufferFull", Time since last: 31843000 ns, Reaching safepoint: 180250 ns, Cleanup: 88500 ns, At safepoint: 11583 ns, Total: 280333 ns
[2025-06-05T22:39:12.731+0000][8.003s][debug][safepoint   ] Safepoint synchronization initiated using futex wait barrier. (18 threads)
[2025-06-05T22:39:12.732+0000][8.003s][info ][safepoint   ] Safepoint "ICBufferFull", Time since last: 18665042 ns, Reaching safepoint: 165916 ns, Cleanup: 127875 ns, At safepoint: 6750 ns, Total: 300541 ns
[2025-06-05T22:39:12.732+0000][8.004s][debug][safepoint   ] Safepoint synchronization initiated using futex wait barrier. (18 threads)
[2025-06-05T22:39:12.733+0000][8.004s][info ][gc,start    ] GC(40) Pause Young (Prepare Mixed) (G1 Evacuation Pause)
[2025-06-05T22:39:12.733+0000][8.004s][info ][gc,task     ] GC(40) Using 2 workers of 2 for evacuation
[2025-06-05T22:39:12.743+0000][8.014s][info ][gc,phases   ] GC(40)   Pre Evacuate Collection Set: 0.1ms
[2025-06-05T22:39:12.743+0000][8.014s][info ][gc,phases   ] GC(40)   Merge Heap Roots: 0.1ms
[2025-06-05T22:39:12.743+0000][8.014s][info ][gc,phases   ] GC(40)   Evacuate Collection Set: 8.7ms
[2025-06-05T22:39:12.743+0000][8.014s][info ][gc,phases   ] GC(40)   Post Evacuate Collection Set: 0.9ms
[2025-06-05T22:39:12.743+0000][8.014s][info ][gc,phases   ] GC(40)   Other: 0.3ms
[2025-06-05T22:39:12.743+0000][8.015s][info ][gc,heap     ] GC(40) Eden regions: 120->0(2)
[2025-06-05T22:39:12.743+0000][8.015s][info ][gc,heap     ] GC(40) Survivor regions: 9->9(17)
[2025-06-05T22:39:12.743+0000][8.015s][info ][gc,heap     ] GC(40) Old regions: 63->65
[2025-06-05T22:39:12.743+0000][8.015s][info ][gc,heap     ] GC(40) Archive regions: 2->2
[2025-06-05T22:39:12.743+0000][8.015s][info ][gc,heap     ] GC(40) Humongous regions: 0->0
[2025-06-05T22:39:12.743+0000][8.015s][info ][gc,metaspace] GC(40) Metaspace: 71391K(71872K)->71391K(71872K) NonClass: 62227K(62464K)->62227K(62464K) Class: 9164K(9408K)->9164K(9408K)
[2025-06-05T22:39:12.743+0000][8.015s][info ][gc          ] GC(40) Pause Young (Prepare Mixed) (G1 Evacuation Pause) 192M->74M(227M) 10.634ms
[2025-06-05T22:39:12.743+0000][8.015s][info ][gc,cpu      ] GC(40) User=0.02s Sys=0.00s Real=0.01s
[2025-06-05T22:39:12.744+0000][8.015s][info ][safepoint   ] Safepoint "G1CollectForAllocation", Time since last: 604709 ns, Reaching safepoint: 375583 ns, Cleanup: 5250 ns, At safepoint: 10748708 ns, Total: 11129541 ns
[2025-06-05T22:39:12.750+0000][8.022s][debug][safepoint   ] Safepoint synchronization initiated using futex wait barrier. (18 threads)
[2025-06-05T22:39:12.751+0000][8.022s][info ][gc,start    ] GC(41) Pause Young (Mixed) (G1 Evacuation Pause)
[2025-06-05T22:39:12.751+0000][8.022s][info ][gc,task     ] GC(41) Using 2 workers of 2 for evacuation
[2025-06-05T22:39:12.761+0000][8.032s][info ][gc,phases   ] GC(41)   Pre Evacuate Collection Set: 0.1ms
[2025-06-05T22:39:12.761+0000][8.033s][info ][gc,phases   ] GC(41)   Merge Heap Roots: 0.1ms
[2025-06-05T22:39:12.761+0000][8.033s][info ][gc,phases   ] GC(41)   Evacuate Collection Set: 9.0ms
[2025-06-05T22:39:12.761+0000][8.033s][info ][gc,phases   ] GC(41)   Post Evacuate Collection Set: 0.8ms
[2025-06-05T22:39:12.761+0000][8.033s][info ][gc,phases   ] GC(41)   Other: 0.2ms
[2025-06-05T22:39:12.761+0000][8.033s][info ][gc,heap     ] GC(41) Eden regions: 2->0(121)
[2025-06-05T22:39:12.761+0000][8.033s][info ][gc,heap     ] GC(41) Survivor regions: 9->1(2)
[2025-06-05T22:39:12.761+0000][8.033s][info ][gc,heap     ] GC(41) Old regions: 65->71
[2025-06-05T22:39:12.761+0000][8.033s][info ][gc,heap     ] GC(41) Archive regions: 2->2
[2025-06-05T22:39:12.761+0000][8.033s][info ][gc,heap     ] GC(41) Humongous regions: 0->0
[2025-06-05T22:39:12.762+0000][8.033s][info ][gc,metaspace] GC(41) Metaspace: 71400K(71872K)->71400K(71872K) NonClass: 62235K(62464K)->62235K(62464K) Class: 9165K(9408K)->9165K(9408K)
[2025-06-05T22:39:12.762+0000][8.033s][info ][gc          ] GC(41) Pause Young (Mixed) (G1 Evacuation Pause) 76M->72M(227M) 10.735ms
[2025-06-05T22:39:12.762+0000][8.033s][info ][gc,cpu      ] GC(41) User=0.02s Sys=0.00s Real=0.01s
[2025-06-05T22:39:12.762+0000][8.033s][info ][safepoint   ] Safepoint "G1CollectForAllocation", Time since last: 6793834 ns, Reaching safepoint: 485250 ns, Cleanup: 40708 ns, At safepoint: 10845625 ns, Total: 11371583 ns
[2025-06-05T22:39:12.826+0000][8.097s][debug][safepoint   ] Safepoint synchronization initiated using futex wait barrier. (18 threads)
[2025-06-05T22:39:12.826+0000][8.097s][info ][safepoint   ] Safepoint "ICBufferFull", Time since last: 63994625 ns, Reaching safepoint: 215250 ns, Cleanup: 100708 ns, At safepoint: 1292 ns, Total: 317250 ns
[2025-06-05T22:39:13.041+0000][8.312s][debug][safepoint   ] Safepoint synchronization initiated using futex wait barrier. (18 threads)
[2025-06-05T22:39:13.042+0000][8.313s][info ][gc,start    ] GC(42) Pause Young (Normal) (G1 Evacuation Pause)
[2025-06-05T22:39:13.042+0000][8.313s][info ][gc,task     ] GC(42) Using 2 workers of 2 for evacuation
[2025-06-05T22:39:13.048+0000][8.320s][info ][gc,phases   ] GC(42)   Pre Evacuate Collection Set: 0.1ms
[2025-06-05T22:39:13.048+0000][8.320s][info ][gc,phases   ] GC(42)   Merge Heap Roots: 0.1ms
[2025-06-05T22:39:13.048+0000][8.320s][info ][gc,phases   ] GC(42)   Evacuate Collection Set: 5.4ms
[2025-06-05T22:39:13.049+0000][8.320s][info ][gc,phases   ] GC(42)   Post Evacuate Collection Set: 0.6ms
[2025-06-05T22:39:13.049+0000][8.320s][info ][gc,phases   ] GC(42)   Other: 0.2ms
[2025-06-05T22:39:13.049+0000][8.320s][info ][gc,heap     ] GC(42) Eden regions: 121->0(121)
[2025-06-05T22:39:13.049+0000][8.320s][info ][gc,heap     ] GC(42) Survivor regions: 1->2(16)
[2025-06-05T22:39:13.049+0000][8.320s][info ][gc,heap     ] GC(42) Old regions: 71->71
[2025-06-05T22:39:13.049+0000][8.320s][info ][gc,heap     ] GC(42) Archive regions: 2->2
[2025-06-05T22:39:13.049+0000][8.320s][info ][gc,heap     ] GC(42) Humongous regions: 0->0
[2025-06-05T22:39:13.049+0000][8.320s][info ][gc,metaspace] GC(42) Metaspace: 76091K(76608K)->76091K(76608K) NonClass: 66209K(66496K)->66209K(66496K) Class: 9881K(10112K)->9881K(10112K)
[2025-06-05T22:39:13.049+0000][8.320s][info ][gc          ] GC(42) Pause Young (Normal) (G1 Evacuation Pause) 193M->72M(227M) 7.115ms
[2025-06-05T22:39:13.049+0000][8.320s][info ][gc,cpu      ] GC(42) User=0.01s Sys=0.01s Real=0.01s
[2025-06-05T22:39:13.049+0000][8.321s][info ][safepoint   ] Safepoint "G1CollectForAllocation", Time since last: 214643125 ns, Reaching safepoint: 1258000 ns, Cleanup: 40167 ns, At safepoint: 7244958 ns, Total: 8543125 ns
[2025-06-05T22:39:13.198+0000][8.469s][debug][safepoint   ] Safepoint synchronization initiated using futex wait barrier. (18 threads)
[2025-06-05T22:39:13.198+0000][8.470s][info ][safepoint   ] Safepoint "ICBufferFull", Time since last: 148909083 ns, Reaching safepoint: 217875 ns, Cleanup: 75667 ns, At safepoint: 1792 ns, Total: 295334 ns
[2025-06-05T22:39:13.244+0000][8.516s][debug][safepoint   ] Safepoint synchronization initiated using futex wait barrier. (18 threads)
[2025-06-05T22:39:13.245+0000][8.516s][info ][gc,start    ] GC(43) Pause Young (Normal) (G1 Evacuation Pause)
[2025-06-05T22:39:13.245+0000][8.516s][info ][gc,task     ] GC(43) Using 2 workers of 2 for evacuation
[2025-06-05T22:39:13.247+0000][8.519s][info ][gc,phases   ] GC(43)   Pre Evacuate Collection Set: 0.1ms
[2025-06-05T22:39:13.248+0000][8.519s][info ][gc,phases   ] GC(43)   Merge Heap Roots: 0.1ms
[2025-06-05T22:39:13.248+0000][8.519s][info ][gc,phases   ] GC(43)   Evacuate Collection Set: 2.1ms
[2025-06-05T22:39:13.248+0000][8.519s][info ][gc,phases   ] GC(43)   Post Evacuate Collection Set: 0.6ms
[2025-06-05T22:39:13.248+0000][8.519s][info ][gc,phases   ] GC(43)   Other: 0.2ms
[2025-06-05T22:39:13.248+0000][8.519s][info ][gc,heap     ] GC(43) Eden regions: 121->0(122)
[2025-06-05T22:39:13.248+0000][8.519s][info ][gc,heap     ] GC(43) Survivor regions: 2->2(16)
[2025-06-05T22:39:13.248+0000][8.519s][info ][gc,heap     ] GC(43) Old regions: 71->71
[2025-06-05T22:39:13.248+0000][8.519s][info ][gc,heap     ] GC(43) Archive regions: 2->2
[2025-06-05T22:39:13.248+0000][8.519s][info ][gc,heap     ] GC(43) Humongous regions: 0->0
[2025-06-05T22:39:13.248+0000][8.519s][info ][gc,metaspace] GC(43) Metaspace: 78107K(78656K)->78107K(78656K) NonClass: 67827K(68096K)->67827K(68096K) Class: 10279K(10560K)->10279K(10560K)
[2025-06-05T22:39:13.248+0000][8.519s][info ][gc          ] GC(43) Pause Young (Normal) (G1 Evacuation Pause) 193M->73M(227M) 3.597ms
[2025-06-05T22:39:13.248+0000][8.520s][info ][gc,cpu      ] GC(43) User=0.01s Sys=0.00s Real=0.01s
[2025-06-05T22:39:13.248+0000][8.520s][info ][safepoint   ] Safepoint "G1CollectForAllocation", Time since last: 45851292 ns, Reaching safepoint: 201041 ns, Cleanup: 74584 ns, At safepoint: 3698666 ns, Total: 3974291 ns
[2025-06-05T22:39:13.275+0000][8.547s][debug][safepoint   ] Safepoint synchronization initiated using futex wait barrier. (18 threads)
[2025-06-05T22:39:13.275+0000][8.547s][info ][safepoint   ] Safepoint "ICBufferFull", Time since last: 26959542 ns, Reaching safepoint: 254583 ns, Cleanup: 69792 ns, At safepoint: 4833 ns, Total: 329208 ns
[2025-06-05T22:39:13.298+0000][8.570s][debug][safepoint   ] Safepoint synchronization initiated using futex wait barrier. (18 threads)
[2025-06-05T22:39:13.300+0000][8.571s][info ][safepoint   ] Safepoint "ICBufferFull", Time since last: 22969667 ns, Reaching safepoint: 1492958 ns, Cleanup: 67250 ns, At safepoint: 6750 ns, Total: 1566958 ns
[2025-06-05T22:39:13.309+0000][8.580s][debug][safepoint   ] Safepoint synchronization initiated using futex wait barrier. (18 threads)
[2025-06-05T22:39:13.309+0000][8.580s][info ][safepoint   ] Safepoint "ICBufferFull", Time since last: 8602834 ns, Reaching safepoint: 142208 ns, Cleanup: 51250 ns, At safepoint: 1125 ns, Total: 194583 ns
[2025-06-05T22:39:13.326+0000][8.598s][debug][safepoint   ] Safepoint synchronization initiated using futex wait barrier. (18 threads)
[2025-06-05T22:39:13.327+0000][8.598s][info ][safepoint   ] Safepoint "ICBufferFull", Time since last: 17383292 ns, Reaching safepoint: 578416 ns, Cleanup: 70084 ns, At safepoint: 6125 ns, Total: 654625 ns
[2025-06-05T22:39:13.336+0000][8.608s][debug][safepoint   ] Safepoint synchronization initiated using futex wait barrier. (18 threads)
[2025-06-05T22:39:13.337+0000][8.608s][info ][safepoint   ] Safepoint "ICBufferFull", Time since last: 9489541 ns, Reaching safepoint: 160334 ns, Cleanup: 84041 ns, At safepoint: 4917 ns, Total: 249292 ns
[2025-06-05T22:39:13.357+0000][8.629s][debug][safepoint   ] Safepoint synchronization initiated using futex wait barrier. (18 threads)
[2025-06-05T22:39:13.358+0000][8.629s][info ][safepoint   ] Safepoint "ICBufferFull", Time since last: 20699125 ns, Reaching safepoint: 198417 ns, Cleanup: 91458 ns, At safepoint: 5417 ns, Total: 295292 ns
[2025-06-05T22:39:13.373+0000][8.644s][debug][safepoint   ] Safepoint synchronization initiated using futex wait barrier. (18 threads)
[2025-06-05T22:39:13.373+0000][8.644s][info ][safepoint   ] Safepoint "ICBufferFull", Time since last: 15044958 ns, Reaching safepoint: 169333 ns, Cleanup: 70625 ns, At safepoint: 1334 ns, Total: 241292 ns
[2025-06-05T22:39:13.427+0000][8.699s][debug][safepoint   ] Safepoint synchronization initiated using futex wait barrier. (18 threads)
[2025-06-05T22:39:13.428+0000][8.699s][info ][safepoint   ] Safepoint "ICBufferFull", Time since last: 54554083 ns, Reaching safepoint: 205542 ns, Cleanup: 87541 ns, At safepoint: 4584 ns, Total: 297667 ns
[2025-06-05T22:39:13.458+0000][8.729s][debug][safepoint   ] Safepoint synchronization initiated using futex wait barrier. (18 threads)
[2025-06-05T22:39:13.458+0000][8.729s][info ][safepoint   ] Safepoint "ICBufferFull", Time since last: 29814833 ns, Reaching safepoint: 190083 ns, Cleanup: 60667 ns, At safepoint: 1542 ns, Total: 252292 ns
[2025-06-05T22:39:13.473+0000][8.744s][debug][safepoint   ] Safepoint synchronization initiated using futex wait barrier. (18 threads)
[2025-06-05T22:39:13.473+0000][8.744s][info ][safepoint   ] Safepoint "ICBufferFull", Time since last: 14816083 ns, Reaching safepoint: 182167 ns, Cleanup: 106750 ns, At safepoint: 1291 ns, Total: 290208 ns
[2025-06-05T22:39:13.473+0000][8.744s][debug][safepoint   ] Safepoint synchronization initiated using futex wait barrier. (18 threads)
[2025-06-05T22:39:13.474+0000][8.745s][info ][safepoint   ] Safepoint "ICBufferFull", Time since last: 132625 ns, Reaching safepoint: 821084 ns, Cleanup: 5833 ns, At safepoint: 8375 ns, Total: 835292 ns
[2025-06-05T22:39:13.479+0000][8.750s][debug][safepoint   ] Safepoint synchronization initiated using futex wait barrier. (18 threads)
[2025-06-05T22:39:13.479+0000][8.751s][info ][safepoint   ] Safepoint "ICBufferFull", Time since last: 5227208 ns, Reaching safepoint: 141709 ns, Cleanup: 113958 ns, At safepoint: 1625 ns, Total: 257292 ns
[2025-06-05T22:39:13.479+0000][8.751s][debug][safepoint   ] Safepoint synchronization initiated using futex wait barrier. (18 threads)
[2025-06-05T22:39:13.483+0000][8.754s][info ][safepoint   ] Safepoint "ICBufferFull", Time since last: 116000 ns, Reaching safepoint: 3491708 ns, Cleanup: 22209 ns, At safepoint: 8666 ns, Total: 3522583 ns
[2025-06-05T22:39:13.500+0000][8.772s][debug][safepoint   ] Safepoint synchronization initiated using futex wait barrier. (18 threads)
[2025-06-05T22:39:13.501+0000][8.772s][info ][safepoint   ] Safepoint "ICBufferFull", Time since last: 17470750 ns, Reaching safepoint: 269292 ns, Cleanup: 107500 ns, At safepoint: 9625 ns, Total: 386417 ns
[2025-06-05T22:39:13.536+0000][8.808s][debug][safepoint   ] Safepoint synchronization initiated using futex wait barrier. (18 threads)
[2025-06-05T22:39:13.536+0000][8.808s][info ][safepoint   ] Safepoint "ICBufferFull", Time since last: 35320042 ns, Reaching safepoint: 189916 ns, Cleanup: 115292 ns, At safepoint: 5708 ns, Total: 310916 ns
[2025-06-05T22:39:13.615+0000][8.886s][debug][safepoint   ] Safepoint synchronization initiated using futex wait barrier. (18 threads)
[2025-06-05T22:39:13.615+0000][8.886s][info ][gc,start    ] GC(44) Pause Young (Normal) (G1 Evacuation Pause)
[2025-06-05T22:39:13.615+0000][8.886s][info ][gc,task     ] GC(44) Using 2 workers of 2 for evacuation
[2025-06-05T22:39:13.620+0000][8.891s][info ][gc,phases   ] GC(44)   Pre Evacuate Collection Set: 0.1ms
[2025-06-05T22:39:13.620+0000][8.891s][info ][gc,phases   ] GC(44)   Merge Heap Roots: 0.1ms
[2025-06-05T22:39:13.620+0000][8.891s][info ][gc,phases   ] GC(44)   Evacuate Collection Set: 3.9ms
[2025-06-05T22:39:13.620+0000][8.891s][info ][gc,phases   ] GC(44)   Post Evacuate Collection Set: 0.7ms
[2025-06-05T22:39:13.620+0000][8.891s][info ][gc,phases   ] GC(44)   Other: 0.2ms
[2025-06-05T22:39:13.620+0000][8.891s][info ][gc,heap     ] GC(44) Eden regions: 122->0(120)
[2025-06-05T22:39:13.620+0000][8.891s][info ][gc,heap     ] GC(44) Survivor regions: 2->4(16)
[2025-06-05T22:39:13.620+0000][8.892s][info ][gc,heap     ] GC(44) Old regions: 71->71
[2025-06-05T22:39:13.620+0000][8.892s][info ][gc,heap     ] GC(44) Archive regions: 2->2
[2025-06-05T22:39:13.620+0000][8.892s][info ][gc,heap     ] GC(44) Humongous regions: 0->0
[2025-06-05T22:39:13.620+0000][8.892s][info ][gc,metaspace] GC(44) Metaspace: 80710K(81216K)->80710K(81216K) NonClass: 70129K(70400K)->70129K(70400K) Class: 10580K(10816K)->10580K(10816K)
[2025-06-05T22:39:13.620+0000][8.892s][info ][gc          ] GC(44) Pause Young (Normal) (G1 Evacuation Pause) 195M->75M(227M) 5.526ms
[2025-06-05T22:39:13.620+0000][8.892s][info ][gc,cpu      ] GC(44) User=0.01s Sys=0.00s Real=0.01s
[2025-06-05T22:39:13.620+0000][8.892s][info ][safepoint   ] Safepoint "G1CollectForAllocation", Time since last: 78074125 ns, Reaching safepoint: 185042 ns, Cleanup: 51750 ns, At safepoint: 5631542 ns, Total: 5868334 ns
[2025-06-05T22:39:13.722+0000][8.993s][debug][safepoint   ] Safepoint synchronization initiated using futex wait barrier. (18 threads)
[2025-06-05T22:39:13.722+0000][8.993s][info ][safepoint   ] Safepoint "ICBufferFull", Time since last: 101323583 ns, Reaching safepoint: 220000 ns, Cleanup: 59792 ns, At safepoint: 3958 ns, Total: 283750 ns
[2025-06-05T22:39:13.816+0000][9.088s][debug][safepoint   ] Safepoint synchronization initiated using futex wait barrier. (18 threads)
[2025-06-05T22:39:13.817+0000][9.088s][info ][gc,start    ] GC(45) Pause Young (Normal) (G1 Evacuation Pause)
[2025-06-05T22:39:13.817+0000][9.088s][info ][gc,task     ] GC(45) Using 2 workers of 2 for evacuation
[2025-06-05T22:39:13.822+0000][9.093s][info ][gc,phases   ] GC(45)   Pre Evacuate Collection Set: 0.1ms
[2025-06-05T22:39:13.822+0000][9.093s][info ][gc,phases   ] GC(45)   Merge Heap Roots: 0.1ms
[2025-06-05T22:39:13.822+0000][9.093s][info ][gc,phases   ] GC(45)   Evacuate Collection Set: 4.3ms
[2025-06-05T22:39:13.822+0000][9.094s][info ][gc,phases   ] GC(45)   Post Evacuate Collection Set: 0.7ms
[2025-06-05T22:39:13.822+0000][9.094s][info ][gc,phases   ] GC(45)   Other: 0.2ms
[2025-06-05T22:39:13.822+0000][9.094s][info ][gc,heap     ] GC(45) Eden regions: 120->0(118)
[2025-06-05T22:39:13.822+0000][9.094s][info ][gc,heap     ] GC(45) Survivor regions: 4->6(16)
[2025-06-05T22:39:13.822+0000][9.094s][info ][gc,heap     ] GC(45) Old regions: 71->71
[2025-06-05T22:39:13.822+0000][9.094s][info ][gc,heap     ] GC(45) Archive regions: 2->2
[2025-06-05T22:39:13.822+0000][9.094s][info ][gc,heap     ] GC(45) Humongous regions: 0->0
[2025-06-05T22:39:13.822+0000][9.094s][info ][gc,metaspace] GC(45) Metaspace: 82980K(83584K)->82980K(83584K) NonClass: 72068K(72384K)->72068K(72384K) Class: 10911K(11200K)->10911K(11200K)
[2025-06-05T22:39:13.823+0000][9.094s][info ][gc          ] GC(45) Pause Young (Normal) (G1 Evacuation Pause) 195M->76M(227M) 5.931ms
[2025-06-05T22:39:13.823+0000][9.094s][info ][gc,cpu      ] GC(45) User=0.00s Sys=0.00s Real=0.01s
[2025-06-05T22:39:13.823+0000][9.094s][info ][safepoint   ] Safepoint "G1CollectForAllocation", Time since last: 94399875 ns, Reaching safepoint: 124458 ns, Cleanup: 36375 ns, At safepoint: 6027084 ns, Total: 6187917 ns
[2025-06-05T22:39:13.884+0000][9.156s][debug][safepoint   ] Safepoint synchronization initiated using futex wait barrier. (18 threads)
[2025-06-05T22:39:13.885+0000][9.156s][info ][safepoint   ] Safepoint "ICBufferFull", Time since last: 61565583 ns, Reaching safepoint: 201583 ns, Cleanup: 108667 ns, At safepoint: 3708 ns, Total: 313958 ns
[2025-06-05T22:39:13.983+0000][9.254s][debug][safepoint   ] Safepoint synchronization initiated using futex wait barrier. (18 threads)
[2025-06-05T22:39:13.984+0000][9.255s][info ][safepoint   ] Safepoint "ICBufferFull", Time since last: 98532376 ns, Reaching safepoint: 793708 ns, Cleanup: 165375 ns, At safepoint: 4375 ns, Total: 963458 ns
[2025-06-05T22:39:14.141+0000][9.412s][debug][safepoint   ] Safepoint synchronization initiated using futex wait barrier. (18 threads)
[2025-06-05T22:39:14.141+0000][9.412s][info ][safepoint   ] Safepoint "ICBufferFull", Time since last: 156562333 ns, Reaching safepoint: 194417 ns, Cleanup: 107708 ns, At safepoint: 2417 ns, Total: 304542 ns
[2025-06-05T22:39:14.215+0000][9.487s][debug][safepoint   ] Safepoint synchronization initiated using futex wait barrier. (18 threads)
[2025-06-05T22:39:14.215+0000][9.487s][info ][gc,start    ] GC(46) Pause Young (Normal) (G1 Evacuation Pause)
[2025-06-05T22:39:14.216+0000][9.487s][info ][gc,task     ] GC(46) Using 2 workers of 2 for evacuation
[2025-06-05T22:39:14.224+0000][9.495s][info ][gc,phases   ] GC(46)   Pre Evacuate Collection Set: 0.1ms
[2025-06-05T22:39:14.224+0000][9.495s][info ][gc,phases   ] GC(46)   Merge Heap Roots: 0.1ms
[2025-06-05T22:39:14.224+0000][9.495s][info ][gc,phases   ] GC(46)   Evacuate Collection Set: 7.2ms
[2025-06-05T22:39:14.224+0000][9.496s][info ][gc,phases   ] GC(46)   Post Evacuate Collection Set: 0.9ms
[2025-06-05T22:39:14.224+0000][9.496s][info ][gc,phases   ] GC(46)   Other: 0.1ms
[2025-06-05T22:39:14.224+0000][9.496s][info ][gc,heap     ] GC(46) Eden regions: 118->0(113)
[2025-06-05T22:39:14.224+0000][9.496s][info ][gc,heap     ] GC(46) Survivor regions: 6->9(16)
[2025-06-05T22:39:14.224+0000][9.496s][info ][gc,heap     ] GC(46) Old regions: 71->71
[2025-06-05T22:39:14.224+0000][9.496s][info ][gc,heap     ] GC(46) Archive regions: 2->2
[2025-06-05T22:39:14.224+0000][9.496s][info ][gc,heap     ] GC(46) Humongous regions: 0->0
[2025-06-05T22:39:14.224+0000][9.496s][info ][gc,metaspace] GC(46) Metaspace: 85498K(86016K)->85498K(86016K) NonClass: 74420K(74688K)->74420K(74688K) Class: 11077K(11328K)->11077K(11328K)
[2025-06-05T22:39:14.224+0000][9.496s][info ][gc          ] GC(46) Pause Young (Normal) (G1 Evacuation Pause) 194M->80M(227M) 9.018ms
[2025-06-05T22:39:14.225+0000][9.496s][info ][gc,cpu      ] GC(46) User=0.02s Sys=0.00s Real=0.01s
[2025-06-05T22:39:14.225+0000][9.496s][info ][safepoint   ] Safepoint "G1CollectForAllocation", Time since last: 74325333 ns, Reaching safepoint: 220250 ns, Cleanup: 48667 ns, At safepoint: 9135167 ns, Total: 9404084 ns
[2025-06-05T22:39:14.449+0000][9.721s][debug][safepoint   ] Safepoint synchronization initiated using futex wait barrier. (18 threads)
[2025-06-05T22:39:14.450+0000][9.721s][info ][safepoint   ] Safepoint "ICBufferFull", Time since last: 224567750 ns, Reaching safepoint: 323333 ns, Cleanup: 108833 ns, At safepoint: 1625 ns, Total: 433791 ns
[2025-06-05T22:39:14.556+0000][9.827s][debug][safepoint   ] Safepoint synchronization initiated using futex wait barrier. (22 threads)
[2025-06-05T22:39:14.556+0000][9.828s][info ][gc,start    ] GC(47) Pause Young (Normal) (G1 Evacuation Pause)
[2025-06-05T22:39:14.556+0000][9.828s][info ][gc,task     ] GC(47) Using 2 workers of 2 for evacuation
[2025-06-05T22:39:14.566+0000][9.838s][info ][gc,phases   ] GC(47)   Pre Evacuate Collection Set: 0.1ms
[2025-06-05T22:39:14.567+0000][9.838s][info ][gc,phases   ] GC(47)   Merge Heap Roots: 0.1ms
[2025-06-05T22:39:14.567+0000][9.838s][info ][gc,phases   ] GC(47)   Evacuate Collection Set: 8.8ms
[2025-06-05T22:39:14.567+0000][9.838s][info ][gc,phases   ] GC(47)   Post Evacuate Collection Set: 1.0ms
[2025-06-05T22:39:14.567+0000][9.838s][info ][gc,phases   ] GC(47)   Other: 0.2ms
[2025-06-05T22:39:14.567+0000][9.838s][info ][gc,heap     ] GC(47) Eden regions: 113->0(108)
[2025-06-05T22:39:14.567+0000][9.838s][info ][gc,heap     ] GC(47) Survivor regions: 9->11(16)
[2025-06-05T22:39:14.567+0000][9.838s][info ][gc,heap     ] GC(47) Old regions: 71->72
[2025-06-05T22:39:14.567+0000][9.838s][info ][gc,heap     ] GC(47) Archive regions: 2->2
[2025-06-05T22:39:14.567+0000][9.838s][info ][gc,heap     ] GC(47) Humongous regions: 0->0
[2025-06-05T22:39:14.567+0000][9.838s][info ][gc,metaspace] GC(47) Metaspace: 87493K(88064K)->87493K(88064K) NonClass: 76243K(76544K)->76243K(76544K) Class: 11250K(11520K)->11250K(11520K)
[2025-06-05T22:39:14.567+0000][9.838s][info ][gc          ] GC(47) Pause Young (Normal) (G1 Evacuation Pause) 193M->83M(227M) 10.730ms
[2025-06-05T22:39:14.567+0000][9.839s][info ][gc,cpu      ] GC(47) User=0.02s Sys=0.00s Real=0.02s
[2025-06-05T22:39:14.567+0000][9.839s][info ][safepoint   ] Safepoint "G1CollectForAllocation", Time since last: 106482834 ns, Reaching safepoint: 198208 ns, Cleanup: 64417 ns, At safepoint: 10854166 ns, Total: 11116791 ns
[2025-06-05T22:39:14.844+0000][10.115s][debug][safepoint   ] Safepoint synchronization initiated using futex wait barrier. (22 threads)
[2025-06-05T22:39:14.845+0000][10.116s][debug][safepoint   ] ... found polling page loop exception at pc = 0x0000ffff6d101d3c, stub =0x0000ffff6c97ef00
[2025-06-05T22:39:14.846+0000][10.117s][info ][safepoint   ] Safepoint "ICBufferFull", Time since last: 276567417 ns, Reaching safepoint: 2188917 ns, Cleanup: 122083 ns, At safepoint: 6584 ns, Total: 2317584 ns
[2025-06-05T22:39:14.920+0000][10.191s][debug][safepoint   ] Safepoint synchronization initiated using futex wait barrier. (22 threads)
[2025-06-05T22:39:14.920+0000][10.192s][info ][gc,start    ] GC(48) Pause Young (Normal) (G1 Evacuation Pause)
[2025-06-05T22:39:14.920+0000][10.192s][info ][gc,task     ] GC(48) Using 2 workers of 2 for evacuation
[2025-06-05T22:39:14.931+0000][10.202s][info ][gc,phases   ] GC(48)   Pre Evacuate Collection Set: 0.1ms
[2025-06-05T22:39:14.931+0000][10.203s][info ][gc,phases   ] GC(48)   Merge Heap Roots: 0.1ms
[2025-06-05T22:39:14.931+0000][10.203s][info ][gc,phases   ] GC(48)   Evacuate Collection Set: 9.6ms
[2025-06-05T22:39:14.931+0000][10.203s][info ][gc,phases   ] GC(48)   Post Evacuate Collection Set: 1.1ms
[2025-06-05T22:39:14.931+0000][10.203s][info ][gc,phases   ] GC(48)   Other: 0.2ms
[2025-06-05T22:39:14.932+0000][10.203s][info ][gc,heap     ] GC(48) Eden regions: 108->0(108)
[2025-06-05T22:39:14.932+0000][10.203s][info ][gc,heap     ] GC(48) Survivor regions: 11->9(15)
[2025-06-05T22:39:14.932+0000][10.203s][info ][gc,heap     ] GC(48) Old regions: 72->76
[2025-06-05T22:39:14.932+0000][10.203s][info ][gc,heap     ] GC(48) Archive regions: 2->2
[2025-06-05T22:39:14.932+0000][10.203s][info ][gc,heap     ] GC(48) Humongous regions: 0->0
[2025-06-05T22:39:14.932+0000][10.203s][info ][gc,metaspace] GC(48) Metaspace: 89833K(90432K)->89833K(90432K) NonClass: 78346K(78656K)->78346K(78656K) Class: 11486K(11776K)->11486K(11776K)
[2025-06-05T22:39:14.932+0000][10.203s][info ][gc          ] GC(48) Pause Young (Normal) (G1 Evacuation Pause) 191M->85M(227M) 11.735ms
[2025-06-05T22:39:14.932+0000][10.203s][info ][gc,cpu      ] GC(48) User=0.03s Sys=0.00s Real=0.01s
[2025-06-05T22:39:14.932+0000][10.203s][info ][safepoint   ] Safepoint "G1CollectForAllocation", Time since last: 73687458 ns, Reaching safepoint: 200542 ns, Cleanup: 133625 ns, At safepoint: 11873291 ns, Total: 12207458 ns
[2025-06-05T22:39:15.192+0000][10.464s][debug][safepoint   ] Safepoint synchronization initiated using futex wait barrier. (22 threads)
[2025-06-05T22:39:15.193+0000][10.464s][info ][safepoint   ] Safepoint "ICBufferFull", Time since last: 260456500 ns, Reaching safepoint: 186084 ns, Cleanup: 121041 ns, At safepoint: 4125 ns, Total: 311250 ns
[2025-06-05T22:39:15.215+0000][10.486s][debug][safepoint   ] Safepoint synchronization initiated using futex wait barrier. (22 threads)
[2025-06-05T22:39:15.215+0000][10.487s][info ][safepoint   ] Safepoint "ICBufferFull", Time since last: 22354709 ns, Reaching safepoint: 172291 ns, Cleanup: 67750 ns, At safepoint: 4959 ns, Total: 245000 ns
[2025-06-05T22:39:15.231+0000][10.502s][debug][safepoint   ] Safepoint synchronization initiated using futex wait barrier. (22 threads)
[2025-06-05T22:39:15.231+0000][10.502s][info ][safepoint   ] Safepoint "ICBufferFull", Time since last: 15161500 ns, Reaching safepoint: 176916 ns, Cleanup: 86625 ns, At safepoint: 1500 ns, Total: 265041 ns
[2025-06-05T22:39:15.233+0000][10.505s][debug][safepoint   ] Safepoint synchronization initiated using futex wait barrier. (22 threads)
[2025-06-05T22:39:15.233+0000][10.505s][info ][gc,start    ] GC(49) Pause Young (Normal) (G1 Evacuation Pause)
[2025-06-05T22:39:15.233+0000][10.505s][info ][gc,task     ] GC(49) Using 2 workers of 2 for evacuation
[2025-06-05T22:39:15.244+0000][10.515s][info ][gc,phases   ] GC(49)   Pre Evacuate Collection Set: 0.1ms
[2025-06-05T22:39:15.244+0000][10.515s][info ][gc,phases   ] GC(49)   Merge Heap Roots: 0.1ms
[2025-06-05T22:39:15.244+0000][10.515s][info ][gc,phases   ] GC(49)   Evacuate Collection Set: 9.1ms
[2025-06-05T22:39:15.244+0000][10.515s][info ][gc,phases   ] GC(49)   Post Evacuate Collection Set: 0.8ms
[2025-06-05T22:39:15.244+0000][10.515s][info ][gc,phases   ] GC(49)   Other: 0.2ms
[2025-06-05T22:39:15.244+0000][10.515s][info ][gc,heap     ] GC(49) Eden regions: 108->0(105)
[2025-06-05T22:39:15.244+0000][10.515s][info ][gc,heap     ] GC(49) Survivor regions: 9->9(15)
[2025-06-05T22:39:15.244+0000][10.515s][info ][gc,heap     ] GC(49) Old regions: 76->79
[2025-06-05T22:39:15.244+0000][10.515s][info ][gc,heap     ] GC(49) Archive regions: 2->2
[2025-06-05T22:39:15.244+0000][10.516s][info ][gc,heap     ] GC(49) Humongous regions: 0->0
[2025-06-05T22:39:15.244+0000][10.516s][info ][gc,metaspace] GC(49) Metaspace: 93767K(94336K)->93767K(94336K) NonClass: 81603K(81920K)->81603K(81920K) Class: 12163K(12416K)->12163K(12416K)
[2025-06-05T22:39:15.244+0000][10.516s][info ][gc          ] GC(49) Pause Young (Normal) (G1 Evacuation Pause) 193M->88M(227M) 10.932ms
[2025-06-05T22:39:15.244+0000][10.516s][info ][gc,cpu      ] GC(49) User=0.03s Sys=0.01s Real=0.01s
[2025-06-05T22:39:15.244+0000][10.516s][info ][safepoint   ] Safepoint "G1CollectForAllocation", Time since last: 2400792 ns, Reaching safepoint: 105042 ns, Cleanup: 4875 ns, At safepoint: 11059750 ns, Total: 11169667 ns
[2025-06-05T22:39:15.502+0000][10.774s][debug][safepoint   ] Safepoint synchronization initiated using futex wait barrier. (22 threads)
[2025-06-05T22:39:15.502+0000][10.774s][info ][gc,start    ] GC(50) Pause Young (Normal) (G1 Evacuation Pause)
[2025-06-05T22:39:15.503+0000][10.774s][info ][gc,task     ] GC(50) Using 2 workers of 2 for evacuation
[2025-06-05T22:39:15.519+0000][10.790s][info ][gc,phases   ] GC(50)   Pre Evacuate Collection Set: 0.1ms
[2025-06-05T22:39:15.519+0000][10.791s][info ][gc,phases   ] GC(50)   Merge Heap Roots: 0.1ms
[2025-06-05T22:39:15.519+0000][10.791s][info ][gc,phases   ] GC(50)   Evacuate Collection Set: 15.2ms
[2025-06-05T22:39:15.519+0000][10.791s][info ][gc,phases   ] GC(50)   Post Evacuate Collection Set: 0.9ms
[2025-06-05T22:39:15.519+0000][10.791s][info ][gc,phases   ] GC(50)   Other: 0.2ms
[2025-06-05T22:39:15.519+0000][10.791s][info ][gc,heap     ] GC(50) Eden regions: 105->0(87)
[2025-06-05T22:39:15.519+0000][10.791s][info ][gc,heap     ] GC(50) Survivor regions: 9->15(15)
[2025-06-05T22:39:15.519+0000][10.791s][info ][gc,heap     ] GC(50) Old regions: 79->83
[2025-06-05T22:39:15.519+0000][10.791s][info ][gc,heap     ] GC(50) Archive regions: 2->2
[2025-06-05T22:39:15.520+0000][10.791s][info ][gc,heap     ] GC(50) Humongous regions: 0->0
[2025-06-05T22:39:15.520+0000][10.791s][info ][gc,metaspace] GC(50) Metaspace: 95398K(96000K)->95398K(96000K) NonClass: 82886K(83200K)->82886K(83200K) Class: 12511K(12800K)->12511K(12800K)
[2025-06-05T22:39:15.520+0000][10.791s][info ][gc          ] GC(50) Pause Young (Normal) (G1 Evacuation Pause) 193M->98M(227M) 17.192ms
[2025-06-05T22:39:15.520+0000][10.791s][info ][gc,cpu      ] GC(50) User=0.04s Sys=0.00s Real=0.02s
[2025-06-05T22:39:15.520+0000][10.791s][info ][safepoint   ] Safepoint "G1CollectForAllocation", Time since last: 257823208 ns, Reaching safepoint: 223875 ns, Cleanup: 62167 ns, At safepoint: 17318500 ns, Total: 17604542 ns
[2025-06-05T22:39:15.749+0000][11.020s][debug][safepoint   ] Safepoint synchronization initiated using futex wait barrier. (22 threads)
[2025-06-05T22:39:15.749+0000][11.021s][info ][gc,start    ] GC(51) Pause Young (Normal) (G1 Evacuation Pause)
[2025-06-05T22:39:15.749+0000][11.021s][info ][gc,task     ] GC(51) Using 2 workers of 2 for evacuation
[2025-06-05T22:39:15.764+0000][11.036s][info ][gc,phases   ] GC(51)   Pre Evacuate Collection Set: 0.1ms
[2025-06-05T22:39:15.765+0000][11.036s][info ][gc,phases   ] GC(51)   Merge Heap Roots: 0.1ms
[2025-06-05T22:39:15.765+0000][11.036s][info ][gc,phases   ] GC(51)   Evacuate Collection Set: 14.0ms
[2025-06-05T22:39:15.765+0000][11.036s][info ][gc,phases   ] GC(51)   Post Evacuate Collection Set: 0.8ms
[2025-06-05T22:39:15.765+0000][11.036s][info ][gc,phases   ] GC(51)   Other: 0.2ms
[2025-06-05T22:39:15.765+0000][11.036s][info ][gc,heap     ] GC(51) Eden regions: 87->0(86)
[2025-06-05T22:39:15.765+0000][11.036s][info ][gc,heap     ] GC(51) Survivor regions: 15->3(13)
[2025-06-05T22:39:15.765+0000][11.036s][info ][gc,heap     ] GC(51) Old regions: 83->98
[2025-06-05T22:39:15.765+0000][11.036s][info ][gc,heap     ] GC(51) Archive regions: 2->2
[2025-06-05T22:39:15.765+0000][11.036s][info ][gc,heap     ] GC(51) Humongous regions: 0->0
[2025-06-05T22:39:15.765+0000][11.036s][info ][gc,metaspace] GC(51) Metaspace: 97967K(98496K)->97967K(98496K) NonClass: 85103K(85376K)->85103K(85376K) Class: 12863K(13120K)->12863K(13120K)
[2025-06-05T22:39:15.765+0000][11.037s][info ][gc          ] GC(51) Pause Young (Normal) (G1 Evacuation Pause) 185M->100M(227M) 15.768ms
[2025-06-05T22:39:15.765+0000][11.037s][info ][gc,cpu      ] GC(51) User=0.03s Sys=0.00s Real=0.01s
[2025-06-05T22:39:15.765+0000][11.037s][info ][safepoint   ] Safepoint "G1CollectForAllocation", Time since last: 229225625 ns, Reaching safepoint: 238875 ns, Cleanup: 117875 ns, At safepoint: 15897167 ns, Total: 16253917 ns
[2025-06-05T22:39:15.972+0000][11.243s][debug][safepoint   ] Safepoint synchronization initiated using futex wait barrier. (24 threads)
[2025-06-05T22:39:15.973+0000][11.243s][info ][safepoint   ] Safepoint "ICBufferFull", Time since last: 206212374 ns, Reaching safepoint: 250667 ns, Cleanup: 83500 ns, At safepoint: 1416 ns, Total: 335583 ns
[2025-06-05T22:39:16.047+0000][11.317s][debug][safepoint   ] Safepoint synchronization initiated using futex wait barrier. (24 threads)
[2025-06-05T22:39:16.047+0000][11.317s][info ][gc,start    ] GC(52) Pause Young (Normal) (G1 Evacuation Pause)
[2025-06-05T22:39:16.047+0000][11.317s][info ][gc,task     ] GC(52) Using 2 workers of 2 for evacuation
[2025-06-05T22:39:16.058+0000][11.329s][info ][gc,phases   ] GC(52)   Pre Evacuate Collection Set: 0.1ms
[2025-06-05T22:39:16.059+0000][11.329s][info ][gc,phases   ] GC(52)   Merge Heap Roots: 0.1ms
[2025-06-05T22:39:16.059+0000][11.329s][info ][gc,phases   ] GC(52)   Evacuate Collection Set: 10.3ms
[2025-06-05T22:39:16.059+0000][11.329s][info ][gc,phases   ] GC(52)   Post Evacuate Collection Set: 0.9ms
[2025-06-05T22:39:16.059+0000][11.329s][info ][gc,phases   ] GC(52)   Other: 0.2ms
[2025-06-05T22:39:16.059+0000][11.329s][info ][gc,heap     ] GC(52) Eden regions: 86->0(87)
[2025-06-05T22:39:16.059+0000][11.329s][info ][gc,heap     ] GC(52) Survivor regions: 3->4(12)
[2025-06-05T22:39:16.059+0000][11.329s][info ][gc,heap     ] GC(52) Old regions: 98->98
[2025-06-05T22:39:16.059+0000][11.329s][info ][gc,heap     ] GC(52) Archive regions: 2->2
[2025-06-05T22:39:16.059+0000][11.329s][info ][gc,heap     ] GC(52) Humongous regions: 0->0
[2025-06-05T22:39:16.059+0000][11.329s][info ][gc,metaspace] GC(52) Metaspace: 101622K(102144K)->101622K(102144K) NonClass: 88294K(88576K)->88294K(88576K) Class: 13328K(13568K)->13328K(13568K)
[2025-06-05T22:39:16.059+0000][11.329s][info ][gc          ] GC(52) Pause Young (Normal) (G1 Evacuation Pause) 186M->102M(227M) 12.117ms
[2025-06-05T22:39:16.059+0000][11.330s][info ][gc,cpu      ] GC(52) User=0.02s Sys=0.00s Real=0.02s
[2025-06-05T22:39:16.059+0000][11.330s][info ][safepoint   ] Safepoint "G1CollectForAllocation", Time since last: 73885125 ns, Reaching safepoint: 252917 ns, Cleanup: 11667 ns, At safepoint: 12274541 ns, Total: 12539125 ns
[2025-06-05T22:39:16.270+0000][11.541s][debug][safepoint   ] Safepoint synchronization initiated using futex wait barrier. (26 threads)
[2025-06-05T22:39:16.271+0000][11.541s][info ][gc,start    ] GC(53) Pause Young (Normal) (G1 Evacuation Pause)
[2025-06-05T22:39:16.271+0000][11.541s][info ][gc,task     ] GC(53) Using 2 workers of 2 for evacuation
[2025-06-05T22:39:16.278+0000][11.548s][info ][gc,phases   ] GC(53)   Pre Evacuate Collection Set: 0.1ms
[2025-06-05T22:39:16.278+0000][11.548s][info ][gc,phases   ] GC(53)   Merge Heap Roots: 0.1ms
[2025-06-05T22:39:16.278+0000][11.548s][info ][gc,phases   ] GC(53)   Evacuate Collection Set: 5.8ms
[2025-06-05T22:39:16.278+0000][11.548s][info ][gc,phases   ] GC(53)   Post Evacuate Collection Set: 0.8ms
[2025-06-05T22:39:16.278+0000][11.548s][info ][gc,phases   ] GC(53)   Other: 0.2ms
[2025-06-05T22:39:16.278+0000][11.548s][info ][gc,heap     ] GC(53) Eden regions: 87->0(87)
[2025-06-05T22:39:16.278+0000][11.548s][info ][gc,heap     ] GC(53) Survivor regions: 4->6(12)
[2025-06-05T22:39:16.278+0000][11.548s][info ][gc,heap     ] GC(53) Old regions: 98->98
[2025-06-05T22:39:16.278+0000][11.549s][info ][gc,heap     ] GC(53) Archive regions: 2->2
[2025-06-05T22:39:16.278+0000][11.549s][info ][gc,heap     ] GC(53) Humongous regions: 0->0
[2025-06-05T22:39:16.278+0000][11.549s][info ][gc,metaspace] GC(53) Metaspace: 103634K(104320K)->103634K(104320K) NonClass: 90013K(90368K)->90013K(90368K) Class: 13620K(13952K)->13620K(13952K)
[2025-06-05T22:39:16.278+0000][11.549s][info ][gc          ] GC(53) Pause Young (Normal) (G1 Evacuation Pause) 189M->103M(227M) 7.625ms
[2025-06-05T22:39:16.278+0000][11.549s][info ][gc,cpu      ] GC(53) User=0.01s Sys=0.00s Real=0.01s
[2025-06-05T22:39:16.278+0000][11.549s][info ][safepoint   ] Safepoint "G1CollectForAllocation", Time since last: 211126500 ns, Reaching safepoint: 225917 ns, Cleanup: 63083 ns, At safepoint: 7763292 ns, Total: 8052292 ns
[2025-06-05T22:39:16.320+0000][11.590s][debug][safepoint   ] ... found polling page loop exception at pc = 0x0000ffff6d2c9cb8, stub =0x0000ffff6c97ef00
[2025-06-05T22:39:16.530+0000][11.801s][debug][safepoint   ] Safepoint synchronization initiated using futex wait barrier. (26 threads)
[2025-06-05T22:39:16.531+0000][11.801s][info ][gc,start    ] GC(54) Pause Young (Normal) (G1 Evacuation Pause)
[2025-06-05T22:39:16.531+0000][11.801s][info ][gc,task     ] GC(54) Using 2 workers of 2 for evacuation
[2025-06-05T22:39:16.539+0000][11.809s][info ][gc,phases   ] GC(54)   Pre Evacuate Collection Set: 0.1ms
[2025-06-05T22:39:16.539+0000][11.809s][info ][gc,phases   ] GC(54)   Merge Heap Roots: 0.1ms
[2025-06-05T22:39:16.539+0000][11.810s][info ][gc,phases   ] GC(54)   Evacuate Collection Set: 6.9ms
[2025-06-05T22:39:16.539+0000][11.810s][info ][gc,phases   ] GC(54)   Post Evacuate Collection Set: 1.0ms
[2025-06-05T22:39:16.539+0000][11.810s][info ][gc,phases   ] GC(54)   Other: 0.2ms
[2025-06-05T22:39:16.539+0000][11.810s][info ][gc,heap     ] GC(54) Eden regions: 87->0(87)
[2025-06-05T22:39:16.539+0000][11.810s][info ][gc,heap     ] GC(54) Survivor regions: 6->7(12)
[2025-06-05T22:39:16.539+0000][11.810s][info ][gc,heap     ] GC(54) Old regions: 98->98
[2025-06-05T22:39:16.539+0000][11.810s][info ][gc,heap     ] GC(54) Archive regions: 2->2
[2025-06-05T22:39:16.539+0000][11.810s][info ][gc,heap     ] GC(54) Humongous regions: 0->0
[2025-06-05T22:39:16.540+0000][11.810s][info ][gc,metaspace] GC(54) Metaspace: 105708K(106304K)->105708K(106304K) NonClass: 91844K(92160K)->91844K(92160K) Class: 13864K(14144K)->13864K(14144K)
[2025-06-05T22:39:16.540+0000][11.810s][info ][gc          ] GC(54) Pause Young (Normal) (G1 Evacuation Pause) 190M->105M(227M) 8.969ms
[2025-06-05T22:39:16.540+0000][11.810s][info ][gc,cpu      ] GC(54) User=0.02s Sys=0.00s Real=0.01s
[2025-06-05T22:39:16.540+0000][11.810s][info ][safepoint   ] Safepoint "G1CollectForAllocation", Time since last: 251880000 ns, Reaching safepoint: 226083 ns, Cleanup: 88209 ns, At safepoint: 9095208 ns, Total: 9409500 ns
[2025-06-05T22:39:16.792+0000][12.062s][debug][safepoint   ] Safepoint synchronization initiated using futex wait barrier. (29 threads)
[2025-06-05T22:39:16.792+0000][12.062s][info ][gc,start    ] GC(55) Pause Young (Normal) (G1 Evacuation Pause)
[2025-06-05T22:39:16.792+0000][12.062s][info ][gc,task     ] GC(55) Using 2 workers of 2 for evacuation
[2025-06-05T22:39:16.803+0000][12.073s][info ][gc,phases   ] GC(55)   Pre Evacuate Collection Set: 0.1ms
[2025-06-05T22:39:16.803+0000][12.073s][info ][gc,phases   ] GC(55)   Merge Heap Roots: 0.1ms
[2025-06-05T22:39:16.803+0000][12.073s][info ][gc,phases   ] GC(55)   Evacuate Collection Set: 9.2ms
[2025-06-05T22:39:16.803+0000][12.073s][info ][gc,phases   ] GC(55)   Post Evacuate Collection Set: 1.0ms
[2025-06-05T22:39:16.803+0000][12.073s][info ][gc,phases   ] GC(55)   Other: 0.2ms
[2025-06-05T22:39:16.803+0000][12.073s][info ][gc,heap     ] GC(55) Eden regions: 87->0(85)
[2025-06-05T22:39:16.803+0000][12.073s][info ][gc,heap     ] GC(55) Survivor regions: 7->8(12)
[2025-06-05T22:39:16.803+0000][12.073s][info ][gc,heap     ] GC(55) Old regions: 98->100
[2025-06-05T22:39:16.803+0000][12.074s][info ][gc,heap     ] GC(55) Archive regions: 2->2
[2025-06-05T22:39:16.803+0000][12.074s][info ][gc,heap     ] GC(55) Humongous regions: 0->0
[2025-06-05T22:39:16.803+0000][12.074s][info ][gc,metaspace] GC(55) Metaspace: 107221K(107840K)->107221K(107840K) NonClass: 93235K(93568K)->93235K(93568K) Class: 13986K(14272K)->13986K(14272K)
[2025-06-05T22:39:16.803+0000][12.074s][info ][gc          ] GC(55) Pause Young (Normal) (G1 Evacuation Pause) 192M->107M(227M) 11.267ms
[2025-06-05T22:39:16.803+0000][12.074s][info ][gc,cpu      ] GC(55) User=0.03s Sys=0.00s Real=0.01s
[2025-06-05T22:39:16.803+0000][12.074s][info ][safepoint   ] Safepoint "G1CollectForAllocation", Time since last: 252030125 ns, Reaching safepoint: 229125 ns, Cleanup: 68959 ns, At safepoint: 11374333 ns, Total: 11672417 ns
[2025-06-05T22:39:16.990+0000][12.261s][debug][safepoint   ] Safepoint synchronization initiated using futex wait barrier. (34 threads)
[2025-06-05T22:39:16.991+0000][12.261s][info ][gc,start    ] GC(56) Pause Young (Normal) (G1 Evacuation Pause)
[2025-06-05T22:39:16.991+0000][12.261s][info ][gc,task     ] GC(56) Using 2 workers of 2 for evacuation
[2025-06-05T22:39:17.002+0000][12.272s][info ][gc,phases   ] GC(56)   Pre Evacuate Collection Set: 0.1ms
[2025-06-05T22:39:17.002+0000][12.272s][info ][gc,phases   ] GC(56)   Merge Heap Roots: 0.1ms
[2025-06-05T22:39:17.002+0000][12.272s][info ][gc,phases   ] GC(56)   Evacuate Collection Set: 9.4ms
[2025-06-05T22:39:17.002+0000][12.272s][info ][gc,phases   ] GC(56)   Post Evacuate Collection Set: 1.1ms
[2025-06-05T22:39:17.002+0000][12.272s][info ][gc,phases   ] GC(56)   Other: 0.2ms
[2025-06-05T22:39:17.002+0000][12.272s][info ][gc,heap     ] GC(56) Eden regions: 85->0(108)
[2025-06-05T22:39:17.002+0000][12.272s][info ][gc,heap     ] GC(56) Survivor regions: 8->8(12)
[2025-06-05T22:39:17.002+0000][12.273s][info ][gc,heap     ] GC(56) Old regions: 100->101
[2025-06-05T22:39:17.002+0000][12.273s][info ][gc,heap     ] GC(56) Archive regions: 2->2
[2025-06-05T22:39:17.002+0000][12.273s][info ][gc,heap     ] GC(56) Humongous regions: 0->0
[2025-06-05T22:39:17.002+0000][12.273s][info ][gc,metaspace] GC(56) Metaspace: 108713K(109376K)->108713K(109376K) NonClass: 94563K(94912K)->94563K(94912K) Class: 14149K(14464K)->14149K(14464K)
[2025-06-05T22:39:17.002+0000][12.273s][info ][gc          ] GC(56) Pause Young (Normal) (G1 Evacuation Pause) 192M->109M(259M) 11.553ms
[2025-06-05T22:39:17.002+0000][12.273s][info ][gc,cpu      ] GC(56) User=0.02s Sys=0.00s Real=0.01s
[2025-06-05T22:39:17.002+0000][12.273s][info ][safepoint   ] Safepoint "G1CollectForAllocation", Time since last: 187109417 ns, Reaching safepoint: 230875 ns, Cleanup: 30541 ns, At safepoint: 11702917 ns, Total: 11964333 ns
[2025-06-05T22:39:17.213+0000][12.483s][debug][safepoint   ] Safepoint synchronization initiated using futex wait barrier. (38 threads)
[2025-06-05T22:39:17.213+0000][12.484s][info ][safepoint   ] Safepoint "ICBufferFull", Time since last: 210495375 ns, Reaching safepoint: 257250 ns, Cleanup: 118125 ns, At safepoint: 1458 ns, Total: 376833 ns
[2025-06-05T22:39:17.281+0000][12.551s][debug][safepoint   ] Safepoint synchronization initiated using futex wait barrier. (38 threads)
[2025-06-05T22:39:17.281+0000][12.552s][info ][gc,start    ] GC(57) Pause Young (Normal) (G1 Evacuation Pause)
[2025-06-05T22:39:17.281+0000][12.552s][info ][gc,task     ] GC(57) Using 2 workers of 2 for evacuation
[2025-06-05T22:39:17.291+0000][12.562s][info ][gc,phases   ] GC(57)   Pre Evacuate Collection Set: 0.1ms
[2025-06-05T22:39:17.291+0000][12.562s][info ][gc,phases   ] GC(57)   Merge Heap Roots: 0.1ms
[2025-06-05T22:39:17.292+0000][12.562s][info ][gc,phases   ] GC(57)   Evacuate Collection Set: 8.7ms
[2025-06-05T22:39:17.292+0000][12.562s][info ][gc,phases   ] GC(57)   Post Evacuate Collection Set: 1.0ms
[2025-06-05T22:39:17.292+0000][12.562s][info ][gc,phases   ] GC(57)   Other: 0.2ms
[2025-06-05T22:39:17.292+0000][12.562s][info ][gc,heap     ] GC(57) Eden regions: 108->0(107)
[2025-06-05T22:39:17.292+0000][12.562s][info ][gc,heap     ] GC(57) Survivor regions: 8->11(15)
[2025-06-05T22:39:17.292+0000][12.562s][info ][gc,heap     ] GC(57) Old regions: 101->101
[2025-06-05T22:39:17.292+0000][12.562s][info ][gc,heap     ] GC(57) Archive regions: 2->2
[2025-06-05T22:39:17.292+0000][12.562s][info ][gc,heap     ] GC(57) Humongous regions: 0->0
[2025-06-05T22:39:17.292+0000][12.562s][info ][gc,metaspace] GC(57) Metaspace: 110978K(111616K)->110978K(111616K) NonClass: 96590K(96896K)->96590K(96896K) Class: 14388K(14720K)->14388K(14720K)
[2025-06-05T22:39:17.292+0000][12.562s][info ][gc          ] GC(57) Pause Young (Normal) (G1 Evacuation Pause) 217M->112M(259M) 10.705ms
[2025-06-05T22:39:17.292+0000][12.562s][info ][gc,cpu      ] GC(57) User=0.02s Sys=0.00s Real=0.01s
[2025-06-05T22:39:17.292+0000][12.562s][info ][safepoint   ] Safepoint "G1CollectForAllocation", Time since last: 67635125 ns, Reaching safepoint: 233625 ns, Cleanup: 24500 ns, At safepoint: 10835875 ns, Total: 11094000 ns
[2025-06-05T22:39:17.418+0000][12.689s][debug][safepoint   ] Safepoint synchronization initiated using futex wait barrier. (38 threads)
[2025-06-05T22:39:17.419+0000][12.689s][info ][safepoint   ] Safepoint "ICBufferFull", Time since last: 126283376 ns, Reaching safepoint: 220208 ns, Cleanup: 80875 ns, At safepoint: 1333 ns, Total: 302416 ns
[2025-06-05T22:39:17.502+0000][12.773s][debug][safepoint   ] Safepoint synchronization initiated using futex wait barrier. (38 threads)
[2025-06-05T22:39:17.503+0000][12.773s][info ][safepoint   ] Safepoint "ICBufferFull", Time since last: 83633167 ns, Reaching safepoint: 302917 ns, Cleanup: 116500 ns, At safepoint: 1250 ns, Total: 420667 ns
[2025-06-05T22:39:17.577+0000][12.847s][debug][safepoint   ] Safepoint synchronization initiated using futex wait barrier. (38 threads)
[2025-06-05T22:39:17.578+0000][12.848s][info ][safepoint   ] Safepoint "ICBufferFull", Time since last: 74224708 ns, Reaching safepoint: 821333 ns, Cleanup: 86292 ns, At safepoint: 5125 ns, Total: 912750 ns
[2025-06-05T22:39:17.681+0000][12.952s][debug][safepoint   ] Safepoint synchronization initiated using futex wait barrier. (38 threads)
[2025-06-05T22:39:17.682+0000][12.952s][info ][gc,start    ] GC(58) Pause Young (Concurrent Start) (Metadata GC Threshold)
[2025-06-05T22:39:17.682+0000][12.952s][info ][gc,task     ] GC(58) Using 2 workers of 2 for evacuation
[2025-06-05T22:39:17.702+0000][12.973s][info ][gc,phases   ] GC(58)   Pre Evacuate Collection Set: 0.2ms
[2025-06-05T22:39:17.702+0000][12.973s][info ][gc,phases   ] GC(58)   Merge Heap Roots: 0.1ms
[2025-06-05T22:39:17.702+0000][12.973s][info ][gc,phases   ] GC(58)   Evacuate Collection Set: 19.1ms
[2025-06-05T22:39:17.702+0000][12.973s][info ][gc,phases   ] GC(58)   Post Evacuate Collection Set: 1.0ms
[2025-06-05T22:39:17.702+0000][12.973s][info ][gc,phases   ] GC(58)   Other: 0.2ms
[2025-06-05T22:39:17.703+0000][12.973s][info ][gc,heap     ] GC(58) Eden regions: 82->0(106)
[2025-06-05T22:39:17.703+0000][12.973s][info ][gc,heap     ] GC(58) Survivor regions: 11->10(15)
[2025-06-05T22:39:17.703+0000][12.973s][info ][gc,heap     ] GC(58) Old regions: 101->104
[2025-06-05T22:39:17.703+0000][12.973s][info ][gc,heap     ] GC(58) Archive regions: 2->2
[2025-06-05T22:39:17.703+0000][12.973s][info ][gc,heap     ] GC(58) Humongous regions: 0->0
[2025-06-05T22:39:17.703+0000][12.973s][info ][gc,metaspace] GC(58) Metaspace: 113989K(114688K)->113989K(114688K) NonClass: 99294K(99648K)->99294K(99648K) Class: 14695K(15040K)->14695K(15040K)
[2025-06-05T22:39:17.703+0000][12.973s][info ][gc          ] GC(58) Pause Young (Concurrent Start) (Metadata GC Threshold) 194M->114M(259M) 21.104ms
[2025-06-05T22:39:17.703+0000][12.973s][info ][gc,cpu      ] GC(58) User=0.03s Sys=0.00s Real=0.02s
[2025-06-05T22:39:17.703+0000][12.973s][info ][gc          ] GC(59) Concurrent Mark Cycle
[2025-06-05T22:39:17.703+0000][12.974s][info ][gc,marking  ] GC(59) Concurrent Clear Claimed Marks
[2025-06-05T22:39:17.703+0000][12.973s][info ][safepoint   ] Safepoint "CollectForMetadataAllocation", Time since last: 103502750 ns, Reaching safepoint: 244875 ns, Cleanup: 85083 ns, At safepoint: 21401209 ns, Total: 21731167 ns
[2025-06-05T22:39:17.703+0000][12.974s][info ][gc,marking  ] GC(59) Concurrent Clear Claimed Marks 0.169ms
[2025-06-05T22:39:17.705+0000][12.975s][info ][gc,marking  ] GC(59) Concurrent Scan Root Regions
[2025-06-05T22:39:17.715+0000][12.986s][info ][gc,marking  ] GC(59) Concurrent Scan Root Regions 10.921ms
[2025-06-05T22:39:17.719+0000][12.989s][info ][gc,marking  ] GC(59) Concurrent Mark
[2025-06-05T22:39:17.719+0000][12.989s][info ][gc,marking  ] GC(59) Concurrent Mark From Roots
[2025-06-05T22:39:17.719+0000][12.989s][info ][gc,task     ] GC(59) Using 1 workers of 1 for marking
[2025-06-05T22:39:17.747+0000][13.017s][debug][safepoint   ] Safepoint synchronization initiated using futex wait barrier. (38 threads)
[2025-06-05T22:39:17.748+0000][13.018s][info ][safepoint   ] Safepoint "CollectForMetadataAllocation", Time since last: 43966458 ns, Reaching safepoint: 590792 ns, Cleanup: 27750 ns, At safepoint: 42791 ns, Total: 661333 ns
[2025-06-05T22:39:17.748+0000][13.018s][debug][safepoint   ] Safepoint synchronization initiated using futex wait barrier. (38 threads)
[2025-06-05T22:39:17.748+0000][13.018s][info ][safepoint   ] Safepoint "CollectForMetadataAllocation", Time since last: 133459 ns, Reaching safepoint: 94708 ns, Cleanup: 1625 ns, At safepoint: 5708 ns, Total: 102041 ns
[2025-06-05T22:39:17.836+0000][13.106s][info ][gc,marking  ] GC(59) Concurrent Mark From Roots 116.771ms
[2025-06-05T22:39:17.839+0000][13.109s][info ][gc,marking  ] GC(59) Concurrent Preclean
[2025-06-05T22:39:17.839+0000][13.110s][info ][gc,marking  ] GC(59) Concurrent Preclean 0.313ms
[2025-06-05T22:39:17.839+0000][13.110s][debug][safepoint   ] Safepoint synchronization initiated using futex wait barrier. (38 threads)
[2025-06-05T22:39:17.840+0000][13.110s][info ][gc,start    ] GC(59) Pause Remark
[2025-06-05T22:39:17.846+0000][13.116s][info ][gc          ] GC(59) Pause Remark 137M->136M(259M) 6.203ms
[2025-06-05T22:39:17.846+0000][13.117s][info ][gc,cpu      ] GC(59) User=0.01s Sys=0.00s Real=0.00s
[2025-06-05T22:39:17.846+0000][13.117s][info ][safepoint   ] Safepoint "G1PauseRemark", Time since last: 91381667 ns, Reaching safepoint: 479375 ns, Cleanup: 45833 ns, At safepoint: 6458209 ns, Total: 6983417 ns
[2025-06-05T22:39:17.846+0000][13.117s][info ][gc,marking  ] GC(59) Concurrent Mark 127.674ms
[2025-06-05T22:39:17.850+0000][13.120s][info ][gc,marking  ] GC(59) Concurrent Rebuild Remembered Sets
[2025-06-05T22:39:17.937+0000][13.208s][info ][gc,marking  ] GC(59) Concurrent Rebuild Remembered Sets 87.639ms
[2025-06-05T22:39:17.938+0000][13.208s][debug][safepoint   ] Safepoint synchronization initiated using futex wait barrier. (38 threads)
[2025-06-05T22:39:17.940+0000][13.210s][info ][gc,start    ] GC(59) Pause Cleanup
[2025-06-05T22:39:17.940+0000][13.211s][info ][gc          ] GC(59) Pause Cleanup 157M->157M(259M) 0.215ms
[2025-06-05T22:39:17.940+0000][13.211s][info ][gc,cpu      ] GC(59) User=0.00s Sys=0.00s Real=0.00s
[2025-06-05T22:39:17.940+0000][13.211s][info ][safepoint   ] Safepoint "G1PauseCleanup", Time since last: 91346916 ns, Reaching safepoint: 2297125 ns, Cleanup: 25209 ns, At safepoint: 357166 ns, Total: 2679500 ns
[2025-06-05T22:39:17.942+0000][13.212s][info ][gc,marking  ] GC(59) Concurrent Cleanup for Next Mark
[2025-06-05T22:39:17.942+0000][13.213s][info ][gc,marking  ] GC(59) Concurrent Cleanup for Next Mark 0.365ms
[2025-06-05T22:39:17.942+0000][13.213s][info ][gc          ] GC(59) Concurrent Mark Cycle 239.257ms
[2025-06-05T22:39:18.114+0000][13.385s][debug][safepoint   ] Safepoint synchronization initiated using futex wait barrier. (39 threads)
[2025-06-05T22:39:18.115+0000][13.385s][info ][safepoint   ] Safepoint "ICBufferFull", Time since last: 174148626 ns, Reaching safepoint: 204208 ns, Cleanup: 104583 ns, At safepoint: 1167 ns, Total: 309958 ns
[2025-06-05T22:39:18.119+0000][13.389s][debug][safepoint   ] Safepoint synchronization initiated using futex wait barrier. (39 threads)
[2025-06-05T22:39:18.119+0000][13.390s][info ][gc,start    ] GC(60) Pause Young (Prepare Mixed) (G1 Evacuation Pause)
[2025-06-05T22:39:18.119+0000][13.390s][info ][gc,task     ] GC(60) Using 2 workers of 2 for evacuation
[2025-06-05T22:39:18.131+0000][13.402s][info ][gc,phases   ] GC(60)   Pre Evacuate Collection Set: 0.1ms
[2025-06-05T22:39:18.131+0000][13.402s][info ][gc,phases   ] GC(60)   Merge Heap Roots: 0.1ms
[2025-06-05T22:39:18.131+0000][13.402s][info ][gc,phases   ] GC(60)   Evacuate Collection Set: 10.7ms
[2025-06-05T22:39:18.131+0000][13.402s][info ][gc,phases   ] GC(60)   Post Evacuate Collection Set: 1.0ms
[2025-06-05T22:39:18.132+0000][13.402s][info ][gc,phases   ] GC(60)   Other: 0.2ms
[2025-06-05T22:39:18.132+0000][13.402s][info ][gc,heap     ] GC(60) Eden regions: 106->0(2)
[2025-06-05T22:39:18.132+0000][13.402s][info ][gc,heap     ] GC(60) Survivor regions: 10->10(15)
[2025-06-05T22:39:18.132+0000][13.402s][info ][gc,heap     ] GC(60) Old regions: 103->106
[2025-06-05T22:39:18.132+0000][13.402s][info ][gc,heap     ] GC(60) Archive regions: 2->2
[2025-06-05T22:39:18.132+0000][13.402s][info ][gc,heap     ] GC(60) Humongous regions: 0->0
[2025-06-05T22:39:18.132+0000][13.402s][info ][gc,metaspace] GC(60) Metaspace: 115249K(115968K)->115249K(115968K) NonClass: 100425K(100800K)->100425K(100800K) Class: 14824K(15168K)->14824K(15168K)
[2025-06-05T22:39:18.132+0000][13.402s][info ][gc          ] GC(60) Pause Young (Prepare Mixed) (G1 Evacuation Pause) 219M->115M(259M) 12.667ms
[2025-06-05T22:39:18.132+0000][13.402s][info ][gc,cpu      ] GC(60) User=0.02s Sys=0.00s Real=0.01s
[2025-06-05T22:39:18.132+0000][13.402s][info ][safepoint   ] Safepoint "G1CollectForAllocation", Time since last: 4208792 ns, Reaching safepoint: 172666 ns, Cleanup: 6167 ns, At safepoint: 12847292 ns, Total: 13026125 ns
[2025-06-05T22:39:18.140+0000][13.410s][debug][safepoint   ] Safepoint synchronization initiated using futex wait barrier. (39 threads)
[2025-06-05T22:39:18.140+0000][13.410s][info ][gc,start    ] GC(61) Pause Young (Mixed) (G1 Evacuation Pause)
[2025-06-05T22:39:18.140+0000][13.410s][info ][gc,task     ] GC(61) Using 2 workers of 2 for evacuation
[2025-06-05T22:39:18.152+0000][13.422s][info ][gc,phases   ] GC(61)   Pre Evacuate Collection Set: 0.1ms
[2025-06-05T22:39:18.152+0000][13.423s][info ][gc,phases   ] GC(61)   Merge Heap Roots: 0.1ms
[2025-06-05T22:39:18.152+0000][13.423s][info ][gc,phases   ] GC(61)   Evacuate Collection Set: 10.8ms
[2025-06-05T22:39:18.152+0000][13.423s][info ][gc,phases   ] GC(61)   Post Evacuate Collection Set: 0.9ms
[2025-06-05T22:39:18.152+0000][13.423s][info ][gc,phases   ] GC(61)   Other: 0.2ms
[2025-06-05T22:39:18.152+0000][13.423s][info ][gc,heap     ] GC(61) Eden regions: 2->0(111)
[2025-06-05T22:39:18.152+0000][13.423s][info ][gc,heap     ] GC(61) Survivor regions: 10->1(2)
[2025-06-05T22:39:18.152+0000][13.423s][info ][gc,heap     ] GC(61) Old regions: 106->107
[2025-06-05T22:39:18.153+0000][13.423s][info ][gc,heap     ] GC(61) Archive regions: 2->2
[2025-06-05T22:39:18.153+0000][13.423s][info ][gc,heap     ] GC(61) Humongous regions: 0->0
[2025-06-05T22:39:18.153+0000][13.423s][info ][gc,metaspace] GC(61) Metaspace: 115265K(115968K)->115265K(115968K) NonClass: 100439K(100800K)->100439K(100800K) Class: 14825K(15168K)->14825K(15168K)
[2025-06-05T22:39:18.153+0000][13.423s][info ][gc          ] GC(61) Pause Young (Mixed) (G1 Evacuation Pause) 117M->108M(259M) 12.630ms
[2025-06-05T22:39:18.153+0000][13.423s][info ][gc,cpu      ] GC(61) User=0.02s Sys=0.00s Real=0.01s
[2025-06-05T22:39:18.153+0000][13.423s][info ][safepoint   ] Safepoint "G1CollectForAllocation", Time since last: 7796541 ns, Reaching safepoint: 188792 ns, Cleanup: 3083 ns, At safepoint: 12753167 ns, Total: 12945042 ns
[2025-06-05T22:39:18.282+0000][13.552s][debug][safepoint   ] Safepoint synchronization initiated using futex wait barrier. (39 threads)
[2025-06-05T22:39:18.282+0000][13.553s][info ][safepoint   ] Safepoint "ICBufferFull", Time since last: 129268833 ns, Reaching safepoint: 76334 ns, Cleanup: 89125 ns, At safepoint: 4708 ns, Total: 170167 ns
[2025-06-05T22:39:18.375+0000][13.645s][debug][safepoint   ] Safepoint synchronization initiated using futex wait barrier. (42 threads)
[2025-06-05T22:39:18.375+0000][13.646s][info ][safepoint   ] Safepoint "ICBufferFull", Time since last: 92723208 ns, Reaching safepoint: 167584 ns, Cleanup: 98916 ns, At safepoint: 1584 ns, Total: 268084 ns
[2025-06-05T22:39:18.412+0000][13.683s][debug][safepoint   ] Safepoint synchronization initiated using futex wait barrier. (42 threads)
[2025-06-05T22:39:18.413+0000][13.683s][info ][gc,start    ] GC(62) Pause Young (Concurrent Start) (G1 Evacuation Pause)
[2025-06-05T22:39:18.413+0000][13.683s][info ][gc,task     ] GC(62) Using 2 workers of 2 for evacuation
[2025-06-05T22:39:18.424+0000][13.695s][info ][gc,phases   ] GC(62)   Pre Evacuate Collection Set: 0.2ms
[2025-06-05T22:39:18.424+0000][13.695s][info ][gc,phases   ] GC(62)   Merge Heap Roots: 0.1ms
[2025-06-05T22:39:18.424+0000][13.695s][info ][gc,phases   ] GC(62)   Evacuate Collection Set: 10.1ms
[2025-06-05T22:39:18.424+0000][13.695s][info ][gc,phases   ] GC(62)   Post Evacuate Collection Set: 0.9ms
[2025-06-05T22:39:18.424+0000][13.695s][info ][gc,phases   ] GC(62)   Other: 0.2ms
[2025-06-05T22:39:18.425+0000][13.695s][info ][gc,heap     ] GC(62) Eden regions: 111->0(110)
[2025-06-05T22:39:18.425+0000][13.695s][info ][gc,heap     ] GC(62) Survivor regions: 1->3(14)
[2025-06-05T22:39:18.425+0000][13.695s][info ][gc,heap     ] GC(62) Old regions: 107->107
[2025-06-05T22:39:18.425+0000][13.695s][info ][gc,heap     ] GC(62) Archive regions: 2->2
[2025-06-05T22:39:18.425+0000][13.695s][info ][gc,heap     ] GC(62) Humongous regions: 0->0
[2025-06-05T22:39:18.425+0000][13.695s][info ][gc,metaspace] GC(62) Metaspace: 116359K(117056K)->116359K(117056K) NonClass: 101352K(101696K)->101352K(101696K) Class: 15006K(15360K)->15006K(15360K)
[2025-06-05T22:39:18.425+0000][13.695s][info ][gc          ] GC(62) Pause Young (Concurrent Start) (G1 Evacuation Pause) 219M->109M(259M) 12.053ms
[2025-06-05T22:39:18.425+0000][13.695s][info ][gc,cpu      ] GC(62) User=0.02s Sys=0.00s Real=0.01s
[2025-06-05T22:39:18.425+0000][13.695s][info ][gc          ] GC(63) Concurrent Mark Cycle
[2025-06-05T22:39:18.425+0000][13.695s][info ][gc,marking  ] GC(63) Concurrent Clear Claimed Marks
[2025-06-05T22:39:18.425+0000][13.695s][info ][safepoint   ] Safepoint "G1CollectForAllocation", Time since last: 37280041 ns, Reaching safepoint: 259834 ns, Cleanup: 16500 ns, At safepoint: 12248250 ns, Total: 12524584 ns
[2025-06-05T22:39:18.426+0000][13.697s][info ][gc,marking  ] GC(63) Concurrent Clear Claimed Marks 1.044ms
[2025-06-05T22:39:18.430+0000][13.700s][info ][gc,marking  ] GC(63) Concurrent Scan Root Regions
[2025-06-05T22:39:18.432+0000][13.703s][info ][gc,marking  ] GC(63) Concurrent Scan Root Regions 2.457ms
[2025-06-05T22:39:18.432+0000][13.703s][info ][gc,marking  ] GC(63) Concurrent Mark
[2025-06-05T22:39:18.432+0000][13.703s][info ][gc,marking  ] GC(63) Concurrent Mark From Roots
[2025-06-05T22:39:18.433+0000][13.703s][info ][gc,task     ] GC(63) Using 1 workers of 1 for marking
[2025-06-05T22:39:18.547+0000][13.817s][info ][gc,marking  ] GC(63) Concurrent Mark From Roots 114.071ms
[2025-06-05T22:39:18.547+0000][13.817s][info ][gc,marking  ] GC(63) Concurrent Preclean
[2025-06-05T22:39:18.547+0000][13.817s][info ][gc,marking  ] GC(63) Concurrent Preclean 0.220ms
[2025-06-05T22:39:18.547+0000][13.818s][debug][safepoint   ] Safepoint synchronization initiated using futex wait barrier. (42 threads)
[2025-06-05T22:39:18.549+0000][13.819s][info ][gc,start    ] GC(63) Pause Remark
[2025-06-05T22:39:18.555+0000][13.825s][info ][gc          ] GC(63) Pause Remark 147M->147M(259M) 5.984ms
[2025-06-05T22:39:18.555+0000][13.826s][info ][gc,cpu      ] GC(63) User=0.02s Sys=0.00s Real=0.00s
[2025-06-05T22:39:18.555+0000][13.826s][info ][safepoint   ] Safepoint "G1PauseRemark", Time since last: 122131833 ns, Reaching safepoint: 1816000 ns, Cleanup: 20583 ns, At safepoint: 6228250 ns, Total: 8064833 ns
[2025-06-05T22:39:18.557+0000][13.827s][info ][gc,marking  ] GC(63) Concurrent Mark 124.216ms
[2025-06-05T22:39:18.557+0000][13.827s][info ][gc,marking  ] GC(63) Concurrent Rebuild Remembered Sets
[2025-06-05T22:39:18.647+0000][13.917s][info ][gc,marking  ] GC(63) Concurrent Rebuild Remembered Sets 90.310ms
[2025-06-05T22:39:18.647+0000][13.918s][debug][safepoint   ] Safepoint synchronization initiated using futex wait barrier. (42 threads)
[2025-06-05T22:39:18.650+0000][13.920s][info ][gc,start    ] GC(63) Pause Cleanup
[2025-06-05T22:39:18.650+0000][13.921s][info ][gc          ] GC(63) Pause Cleanup 156M->156M(259M) 0.206ms
[2025-06-05T22:39:18.650+0000][13.921s][info ][gc,cpu      ] GC(63) User=0.00s Sys=0.00s Real=0.00s
[2025-06-05T22:39:18.650+0000][13.921s][info ][safepoint   ] Safepoint "G1PauseCleanup", Time since last: 92074042 ns, Reaching safepoint: 2693333 ns, Cleanup: 23959 ns, At safepoint: 325250 ns, Total: 3042542 ns
[2025-06-05T22:39:18.651+0000][13.922s][info ][gc,marking  ] GC(63) Concurrent Cleanup for Next Mark
[2025-06-05T22:39:18.651+0000][13.922s][info ][gc,marking  ] GC(63) Concurrent Cleanup for Next Mark 0.325ms
[2025-06-05T22:39:18.652+0000][13.922s][info ][gc          ] GC(63) Concurrent Mark Cycle 226.584ms
[2025-06-05T22:39:18.904+0000][14.175s][debug][safepoint   ] Safepoint synchronization initiated using futex wait barrier. (42 threads)
[2025-06-05T22:39:18.904+0000][14.175s][info ][gc,start    ] GC(64) Pause Young (Prepare Mixed) (G1 Evacuation Pause)
[2025-06-05T22:39:18.905+0000][14.175s][info ][gc,task     ] GC(64) Using 2 workers of 2 for evacuation
[2025-06-05T22:39:18.913+0000][14.184s][info ][gc,phases   ] GC(64)   Pre Evacuate Collection Set: 0.1ms
[2025-06-05T22:39:18.914+0000][14.184s][info ][gc,phases   ] GC(64)   Merge Heap Roots: 0.1ms
[2025-06-05T22:39:18.914+0000][14.184s][info ][gc,phases   ] GC(64)   Evacuate Collection Set: 7.5ms
[2025-06-05T22:39:18.914+0000][14.184s][info ][gc,phases   ] GC(64)   Post Evacuate Collection Set: 1.0ms
[2025-06-05T22:39:18.914+0000][14.184s][info ][gc,phases   ] GC(64)   Other: 0.3ms
[2025-06-05T22:39:18.914+0000][14.184s][info ][gc,heap     ] GC(64) Eden regions: 110->0(4)
[2025-06-05T22:39:18.914+0000][14.184s][info ][gc,heap     ] GC(64) Survivor regions: 3->8(15)
[2025-06-05T22:39:18.914+0000][14.184s][info ][gc,heap     ] GC(64) Old regions: 107->107
[2025-06-05T22:39:18.914+0000][14.184s][info ][gc,heap     ] GC(64) Archive regions: 2->2
[2025-06-05T22:39:18.914+0000][14.184s][info ][gc,heap     ] GC(64) Humongous regions: 0->0
[2025-06-05T22:39:18.914+0000][14.184s][info ][gc,metaspace] GC(64) Metaspace: 122094K(122816K)->122094K(122816K) NonClass: 106453K(106816K)->106453K(106816K) Class: 15641K(16000K)->15641K(16000K)
[2025-06-05T22:39:18.914+0000][14.185s][info ][gc          ] GC(64) Pause Young (Prepare Mixed) (G1 Evacuation Pause) 219M->114M(259M) 9.623ms
[2025-06-05T22:39:18.914+0000][14.185s][info ][gc,cpu      ] GC(64) User=0.02s Sys=0.00s Real=0.01s
[2025-06-05T22:39:18.914+0000][14.185s][info ][safepoint   ] Safepoint "G1CollectForAllocation", Time since last: 253919708 ns, Reaching safepoint: 183959 ns, Cleanup: 55458 ns, At safepoint: 9761625 ns, Total: 10001042 ns
[2025-06-05T22:39:18.924+0000][14.195s][debug][safepoint   ] Safepoint synchronization initiated using futex wait barrier. (42 threads)
[2025-06-05T22:39:18.925+0000][14.195s][info ][gc,start    ] GC(65) Pause Young (Mixed) (G1 Evacuation Pause)
[2025-06-05T22:39:18.925+0000][14.195s][info ][gc,task     ] GC(65) Using 2 workers of 2 for evacuation
[2025-06-05T22:39:18.935+0000][14.205s][info ][gc,phases   ] GC(65)   Pre Evacuate Collection Set: 0.1ms
[2025-06-05T22:39:18.935+0000][14.205s][info ][gc,phases   ] GC(65)   Merge Heap Roots: 0.1ms
[2025-06-05T22:39:18.935+0000][14.205s][info ][gc,phases   ] GC(65)   Evacuate Collection Set: 8.8ms
[2025-06-05T22:39:18.935+0000][14.205s][info ][gc,phases   ] GC(65)   Post Evacuate Collection Set: 0.9ms
[2025-06-05T22:39:18.935+0000][14.205s][info ][gc,phases   ] GC(65)   Other: 0.2ms
[2025-06-05T22:39:18.935+0000][14.206s][info ][gc,heap     ] GC(65) Eden regions: 4->0(106)
[2025-06-05T22:39:18.935+0000][14.206s][info ][gc,heap     ] GC(65) Survivor regions: 8->1(2)
[2025-06-05T22:39:18.935+0000][14.206s][info ][gc,heap     ] GC(65) Old regions: 107->112
[2025-06-05T22:39:18.935+0000][14.206s][info ][gc,heap     ] GC(65) Archive regions: 2->2
[2025-06-05T22:39:18.935+0000][14.206s][info ][gc,heap     ] GC(65) Humongous regions: 0->0
[2025-06-05T22:39:18.935+0000][14.206s][info ][gc,metaspace] GC(65) Metaspace: 122210K(122880K)->122210K(122880K) NonClass: 106558K(106880K)->106558K(106880K) Class: 15651K(16000K)->15651K(16000K)
[2025-06-05T22:39:18.935+0000][14.206s][info ][gc          ] GC(65) Pause Young (Mixed) (G1 Evacuation Pause) 118M->113M(259M) 10.770ms
[2025-06-05T22:39:18.935+0000][14.206s][info ][gc,cpu      ] GC(65) User=0.02s Sys=0.00s Real=0.01s
[2025-06-05T22:39:18.936+0000][14.206s][info ][safepoint   ] Safepoint "G1CollectForAllocation", Time since last: 10199958 ns, Reaching safepoint: 176292 ns, Cleanup: 10125 ns, At safepoint: 10933667 ns, Total: 11120084 ns
[2025-06-05T22:39:19.177+0000][14.447s][debug][safepoint   ] Safepoint synchronization initiated using futex wait barrier. (42 threads)
[2025-06-05T22:39:19.178+0000][14.448s][info ][safepoint   ] Safepoint "ICBufferFull", Time since last: 241233500 ns, Reaching safepoint: 1092958 ns, Cleanup: 127083 ns, At safepoint: 7792 ns, Total: 1227833 ns
[2025-06-05T22:39:19.204+0000][14.475s][debug][safepoint   ] Safepoint synchronization initiated using futex wait barrier. (42 threads)
[2025-06-05T22:39:19.205+0000][14.475s][info ][safepoint   ] Safepoint "ICBufferFull", Time since last: 26193625 ns, Reaching safepoint: 253292 ns, Cleanup: 138208 ns, At safepoint: 6792 ns, Total: 398292 ns
[2025-06-05T22:39:19.247+0000][14.518s][debug][safepoint   ] Safepoint synchronization initiated using futex wait barrier. (42 threads)
[2025-06-05T22:39:19.248+0000][14.518s][info ][gc,start    ] GC(66) Pause Young (Normal) (G1 Evacuation Pause)
[2025-06-05T22:39:19.248+0000][14.518s][info ][gc,task     ] GC(66) Using 2 workers of 2 for evacuation
[2025-06-05T22:39:19.254+0000][14.524s][info ][gc,phases   ] GC(66)   Pre Evacuate Collection Set: 0.1ms
[2025-06-05T22:39:19.254+0000][14.524s][info ][gc,phases   ] GC(66)   Merge Heap Roots: 0.1ms
[2025-06-05T22:39:19.254+0000][14.524s][info ][gc,phases   ] GC(66)   Evacuate Collection Set: 3.9ms
[2025-06-05T22:39:19.254+0000][14.524s][info ][gc,phases   ] GC(66)   Post Evacuate Collection Set: 1.8ms
[2025-06-05T22:39:19.254+0000][14.524s][info ][gc,phases   ] GC(66)   Other: 0.1ms
[2025-06-05T22:39:19.254+0000][14.524s][info ][gc,heap     ] GC(66) Eden regions: 106->0(325)
[2025-06-05T22:39:19.254+0000][14.524s][info ][gc,heap     ] GC(66) Survivor regions: 1->2(14)
[2025-06-05T22:39:19.254+0000][14.524s][info ][gc,heap     ] GC(66) Old regions: 112->112
[2025-06-05T22:39:19.254+0000][14.524s][info ][gc,heap     ] GC(66) Archive regions: 2->2
[2025-06-05T22:39:19.254+0000][14.524s][info ][gc,heap     ] GC(66) Humongous regions: 0->0
[2025-06-05T22:39:19.254+0000][14.524s][info ][gc,metaspace] GC(66) Metaspace: 127090K(128064K)->127090K(128064K) NonClass: 110862K(111360K)->110862K(111360K) Class: 16227K(16704K)->16227K(16704K)
[2025-06-05T22:39:19.254+0000][14.525s][info ][gc          ] GC(66) Pause Young (Normal) (G1 Evacuation Pause) 219M->113M(546M) 6.607ms
[2025-06-05T22:39:19.254+0000][14.525s][info ][gc,cpu      ] GC(66) User=0.01s Sys=0.00s Real=0.01s
[2025-06-05T22:39:19.254+0000][14.525s][info ][safepoint   ] Safepoint "G1CollectForAllocation", Time since last: 42733250 ns, Reaching safepoint: 208291 ns, Cleanup: 16334 ns, At safepoint: 6747708 ns, Total: 6972333 ns
[2025-06-05T22:39:19.528+0000][14.798s][debug][safepoint   ] Safepoint synchronization initiated using futex wait barrier. (50 threads)
[2025-06-05T22:39:19.528+0000][14.798s][info ][safepoint   ] Safepoint "ICBufferFull", Time since last: 273395084 ns, Reaching safepoint: 220750 ns, Cleanup: 106583 ns, At safepoint: 4208 ns, Total: 331541 ns
[2025-06-05T22:39:20.002+0000][15.273s][debug][safepoint   ] Safepoint synchronization initiated using futex wait barrier. (50 threads)
[2025-06-05T22:39:20.003+0000][15.273s][info ][gc,start    ] GC(67) Pause Young (Normal) (G1 Evacuation Pause)
[2025-06-05T22:39:20.003+0000][15.273s][info ][gc,task     ] GC(67) Using 2 workers of 2 for evacuation
[2025-06-05T22:39:20.013+0000][15.284s][info ][gc,phases   ] GC(67)   Pre Evacuate Collection Set: 0.1ms
[2025-06-05T22:39:20.013+0000][15.284s][info ][gc,phases   ] GC(67)   Merge Heap Roots: 0.1ms
[2025-06-05T22:39:20.013+0000][15.284s][info ][gc,phases   ] GC(67)   Evacuate Collection Set: 9.0ms
[2025-06-05T22:39:20.013+0000][15.284s][info ][gc,phases   ] GC(67)   Post Evacuate Collection Set: 1.1ms
[2025-06-05T22:39:20.013+0000][15.284s][info ][gc,phases   ] GC(67)   Other: 0.2ms
[2025-06-05T22:39:20.014+0000][15.284s][info ][gc,heap     ] GC(67) Eden regions: 325->0(318)
[2025-06-05T22:39:20.014+0000][15.284s][info ][gc,heap     ] GC(67) Survivor regions: 2->9(41)
[2025-06-05T22:39:20.014+0000][15.284s][info ][gc,heap     ] GC(67) Old regions: 112->112
[2025-06-05T22:39:20.014+0000][15.284s][info ][gc,heap     ] GC(67) Archive regions: 2->2
[2025-06-05T22:39:20.014+0000][15.284s][info ][gc,heap     ] GC(67) Humongous regions: 1->0
[2025-06-05T22:39:20.014+0000][15.284s][info ][gc,metaspace] GC(67) Metaspace: 134895K(135936K)->134895K(135936K) NonClass: 118038K(118592K)->118038K(118592K) Class: 16856K(17344K)->16856K(17344K)
[2025-06-05T22:39:20.014+0000][15.284s][info ][gc          ] GC(67) Pause Young (Normal) (G1 Evacuation Pause) 439M->120M(546M) 11.194ms
[2025-06-05T22:39:20.014+0000][15.284s][info ][gc,cpu      ] GC(67) User=0.02s Sys=0.00s Real=0.01s
[2025-06-05T22:39:20.014+0000][15.284s][info ][safepoint   ] Safepoint "G1CollectForAllocation", Time since last: 474240042 ns, Reaching safepoint: 240833 ns, Cleanup: 64917 ns, At safepoint: 11394167 ns, Total: 11699917 ns
[2025-06-05T22:39:20.355+0000][15.626s][debug][safepoint   ] Safepoint synchronization initiated using futex wait barrier. (54 threads)
[2025-06-05T22:39:20.356+0000][15.626s][info ][safepoint   ] Safepoint "ICBufferFull", Time since last: 341484667 ns, Reaching safepoint: 222416 ns, Cleanup: 113667 ns, At safepoint: 1750 ns, Total: 337833 ns
[2025-06-05T22:39:20.789+0000][16.059s][debug][safepoint   ] Safepoint synchronization initiated using futex wait barrier. (61 threads)
[2025-06-05T22:39:20.789+0000][16.060s][info ][gc,start    ] GC(68) Pause Young (Normal) (G1 Evacuation Pause)
[2025-06-05T22:39:20.789+0000][16.060s][info ][gc,task     ] GC(68) Using 2 workers of 2 for evacuation
[2025-06-05T22:39:20.808+0000][16.078s][info ][gc,phases   ] GC(68)   Pre Evacuate Collection Set: 0.1ms
[2025-06-05T22:39:20.808+0000][16.079s][info ][gc,phases   ] GC(68)   Merge Heap Roots: 0.2ms
[2025-06-05T22:39:20.808+0000][16.079s][info ][gc,phases   ] GC(68)   Evacuate Collection Set: 17.0ms
[2025-06-05T22:39:20.808+0000][16.079s][info ][gc,phases   ] GC(68)   Post Evacuate Collection Set: 1.4ms
[2025-06-05T22:39:20.808+0000][16.079s][info ][gc,phases   ] GC(68)   Other: 0.2ms
[2025-06-05T22:39:20.808+0000][16.079s][info ][gc,heap     ] GC(68) Eden regions: 318->0(309)
[2025-06-05T22:39:20.809+0000][16.079s][info ][gc,heap     ] GC(68) Survivor regions: 9->18(41)
[2025-06-05T22:39:20.809+0000][16.079s][info ][gc,heap     ] GC(68) Old regions: 112->112
[2025-06-05T22:39:20.809+0000][16.079s][info ][gc,heap     ] GC(68) Archive regions: 2->2
[2025-06-05T22:39:20.809+0000][16.079s][info ][gc,heap     ] GC(68) Humongous regions: 0->0
[2025-06-05T22:39:20.809+0000][16.079s][info ][gc,metaspace] GC(68) Metaspace: 143398K(144448K)->143398K(144448K) NonClass: 125780K(126336K)->125780K(126336K) Class: 17617K(18112K)->17617K(18112K)
[2025-06-05T22:39:20.809+0000][16.079s][info ][gc          ] GC(68) Pause Young (Normal) (G1 Evacuation Pause) 438M->130M(546M) 19.482ms
[2025-06-05T22:39:20.809+0000][16.079s][info ][gc,cpu      ] GC(68) User=0.05s Sys=0.00s Real=0.02s
[2025-06-05T22:39:20.809+0000][16.079s][info ][safepoint   ] Safepoint "G1CollectForAllocation", Time since last: 433168333 ns, Reaching safepoint: 201917 ns, Cleanup: 78250 ns, At safepoint: 19628583 ns, Total: 19908750 ns
[2025-06-05T22:39:20.924+0000][16.194s][info ][cds,heap    ] initialize_from_archived_subgraph jdk.internal.math.FDBigInteger 0x000000b80014c8e8
[2025-06-05T22:39:21.048+0000][16.319s][debug][safepoint   ] Safepoint synchronization initiated using futex wait barrier. (61 threads)
[2025-06-05T22:39:21.049+0000][16.319s][info ][safepoint   ] Safepoint "ICBufferFull", Time since last: 239331834 ns, Reaching safepoint: 577292 ns, Cleanup: 90208 ns, At safepoint: 12667 ns, Total: 680167 ns
[2025-06-05T22:39:21.222+0000][16.492s][debug][safepoint   ] Safepoint synchronization initiated using futex wait barrier. (70 threads)
[2025-06-05T22:39:21.222+0000][16.493s][info ][safepoint   ] Safepoint "ICBufferFull", Time since last: 173085875 ns, Reaching safepoint: 170416 ns, Cleanup: 101542 ns, At safepoint: 1708 ns, Total: 273666 ns
[2025-06-05T22:39:21.612+0000][16.882s][debug][safepoint   ] Safepoint synchronization initiated using futex wait barrier. (71 threads)
[2025-06-05T22:39:21.612+0000][16.883s][info ][safepoint   ] Safepoint "ICBufferFull", Time since last: 389618626 ns, Reaching safepoint: 156000 ns, Cleanup: 129250 ns, At safepoint: 2500 ns, Total: 287750 ns
[2025-06-05T22:39:21.620+0000][16.891s][debug][safepoint   ] Safepoint synchronization initiated using futex wait barrier. (71 threads)
[2025-06-05T22:39:21.621+0000][16.891s][info ][gc,start    ] GC(69) Pause Young (Normal) (G1 Evacuation Pause)
[2025-06-05T22:39:21.621+0000][16.891s][info ][gc,task     ] GC(69) Using 2 workers of 2 for evacuation
[2025-06-05T22:39:21.641+0000][16.911s][info ][gc,phases   ] GC(69)   Pre Evacuate Collection Set: 0.1ms
[2025-06-05T22:39:21.641+0000][16.912s][info ][gc,phases   ] GC(69)   Merge Heap Roots: 0.2ms
[2025-06-05T22:39:21.641+0000][16.912s][info ][gc,phases   ] GC(69)   Evacuate Collection Set: 18.4ms
[2025-06-05T22:39:21.641+0000][16.912s][info ][gc,phases   ] GC(69)   Post Evacuate Collection Set: 1.5ms
[2025-06-05T22:39:21.641+0000][16.912s][info ][gc,phases   ] GC(69)   Other: 0.3ms
[2025-06-05T22:39:21.641+0000][16.912s][info ][gc,heap     ] GC(69) Eden regions: 309->0(304)
[2025-06-05T22:39:21.641+0000][16.912s][info ][gc,heap     ] GC(69) Survivor regions: 18->23(41)
[2025-06-05T22:39:21.641+0000][16.912s][info ][gc,heap     ] GC(69) Old regions: 112->112
[2025-06-05T22:39:21.641+0000][16.912s][info ][gc,heap     ] GC(69) Archive regions: 2->2
[2025-06-05T22:39:21.642+0000][16.912s][info ][gc,heap     ] GC(69) Humongous regions: 0->0
[2025-06-05T22:39:21.642+0000][16.912s][info ][gc,metaspace] GC(69) Metaspace: 149825K(150912K)->149825K(150912K) NonClass: 131406K(131968K)->131406K(131968K) Class: 18418K(18944K)->18418K(18944K)
[2025-06-05T22:39:21.642+0000][16.912s][info ][gc          ] GC(69) Pause Young (Normal) (G1 Evacuation Pause) 439M->134M(546M) 21.106ms
[2025-06-05T22:39:21.642+0000][16.912s][info ][gc,cpu      ] GC(69) User=0.04s Sys=0.00s Real=0.02s
[2025-06-05T22:39:21.642+0000][16.912s][info ][safepoint   ] Safepoint "G1CollectForAllocation", Time since last: 8178625 ns, Reaching safepoint: 127500 ns, Cleanup: 22041 ns, At safepoint: 21394584 ns, Total: 21544125 ns
[2025-06-05T22:39:21.757+0000][17.027s][debug][safepoint   ] Safepoint synchronization initiated using futex wait barrier. (71 threads)
[2025-06-05T22:39:21.757+0000][17.027s][info ][safepoint   ] Safepoint "ICBufferFull", Time since last: 114938750 ns, Reaching safepoint: 206291 ns, Cleanup: 78750 ns, At safepoint: 5917 ns, Total: 290958 ns
[2025-06-05T22:39:22.066+0000][17.336s][debug][safepoint   ] Safepoint synchronization initiated using futex wait barrier. (71 threads)
[2025-06-05T22:39:22.066+0000][17.336s][info ][safepoint   ] Safepoint "ICBufferFull", Time since last: 308522292 ns, Reaching safepoint: 237916 ns, Cleanup: 136375 ns, At safepoint: 1875 ns, Total: 376166 ns
[2025-06-05T22:39:22.268+0000][17.539s][debug][safepoint   ] Safepoint synchronization initiated using futex wait barrier. (71 threads)
[2025-06-05T22:39:22.269+0000][17.539s][info ][gc,start    ] GC(70) Pause Young (Normal) (G1 Evacuation Pause)
[2025-06-05T22:39:22.269+0000][17.539s][info ][gc,task     ] GC(70) Using 2 workers of 2 for evacuation
[2025-06-05T22:39:22.295+0000][17.565s][info ][gc,phases   ] GC(70)   Pre Evacuate Collection Set: 0.1ms
[2025-06-05T22:39:22.295+0000][17.565s][info ][gc,phases   ] GC(70)   Merge Heap Roots: 0.1ms
[2025-06-05T22:39:22.295+0000][17.565s][info ][gc,phases   ] GC(70)   Evacuate Collection Set: 24.0ms
[2025-06-05T22:39:22.295+0000][17.565s][info ][gc,phases   ] GC(70)   Post Evacuate Collection Set: 1.7ms
[2025-06-05T22:39:22.295+0000][17.566s][info ][gc,phases   ] GC(70)   Other: 0.2ms
[2025-06-05T22:39:22.295+0000][17.566s][info ][gc,heap     ] GC(70) Eden regions: 304->0(304)
[2025-06-05T22:39:22.295+0000][17.566s][info ][gc,heap     ] GC(70) Survivor regions: 23->23(41)
[2025-06-05T22:39:22.295+0000][17.566s][info ][gc,heap     ] GC(70) Old regions: 112->120
[2025-06-05T22:39:22.295+0000][17.566s][info ][gc,heap     ] GC(70) Archive regions: 2->2
[2025-06-05T22:39:22.295+0000][17.566s][info ][gc,heap     ] GC(70) Humongous regions: 0->0
[2025-06-05T22:39:22.295+0000][17.566s][info ][gc,metaspace] GC(70) Metaspace: 151753K(152832K)->151753K(152832K) NonClass: 133020K(133568K)->133020K(133568K) Class: 18733K(19264K)->18733K(19264K)
[2025-06-05T22:39:22.295+0000][17.566s][info ][gc          ] GC(70) Pause Young (Normal) (G1 Evacuation Pause) 438M->142M(546M) 26.806ms
[2025-06-05T22:39:22.296+0000][17.566s][info ][gc,cpu      ] GC(70) User=0.05s Sys=0.00s Real=0.02s
[2025-06-05T22:39:22.296+0000][17.566s][info ][safepoint   ] Safepoint "G1CollectForAllocation", Time since last: 202394709 ns, Reaching safepoint: 194625 ns, Cleanup: 60125 ns, At safepoint: 27008750 ns, Total: 27263500 ns
[2025-06-05T22:39:22.516+0000][17.786s][debug][safepoint   ] Safepoint synchronization initiated using futex wait barrier. (71 threads)
[2025-06-05T22:39:22.516+0000][17.787s][info ][safepoint   ] Safepoint "ICBufferFull", Time since last: 220406750 ns, Reaching safepoint: 205042 ns, Cleanup: 104291 ns, At safepoint: 6209 ns, Total: 315542 ns
[2025-06-05T22:39:22.785+0000][18.055s][debug][safepoint   ] Safepoint synchronization initiated using futex wait barrier. (74 threads)
[2025-06-05T22:39:22.785+0000][18.056s][info ][safepoint   ] Safepoint "ICBufferFull", Time since last: 268672000 ns, Reaching safepoint: 224291 ns, Cleanup: 71292 ns, At safepoint: 1458 ns, Total: 297041 ns
[2025-06-05T22:39:22.933+0000][18.203s][debug][safepoint   ] Safepoint synchronization initiated using futex wait barrier. (74 threads)
[2025-06-05T22:39:22.933+0000][18.204s][info ][gc,start    ] GC(71) Pause Young (Normal) (G1 Evacuation Pause)
[2025-06-05T22:39:22.933+0000][18.204s][info ][gc,task     ] GC(71) Using 2 workers of 2 for evacuation
[2025-06-05T22:39:22.958+0000][18.228s][info ][gc,phases   ] GC(71)   Pre Evacuate Collection Set: 0.1ms
[2025-06-05T22:39:22.958+0000][18.228s][info ][gc,phases   ] GC(71)   Merge Heap Roots: 0.2ms
[2025-06-05T22:39:22.958+0000][18.228s][info ][gc,phases   ] GC(71)   Evacuate Collection Set: 22.6ms
[2025-06-05T22:39:22.958+0000][18.229s][info ][gc,phases   ] GC(71)   Post Evacuate Collection Set: 1.5ms
[2025-06-05T22:39:22.958+0000][18.229s][info ][gc,phases   ] GC(71)   Other: 0.2ms
[2025-06-05T22:39:22.958+0000][18.229s][info ][gc,heap     ] GC(71) Eden regions: 304->0(307)
[2025-06-05T22:39:22.958+0000][18.229s][info ][gc,heap     ] GC(71) Survivor regions: 23->20(41)
[2025-06-05T22:39:22.958+0000][18.229s][info ][gc,heap     ] GC(71) Old regions: 120->128
[2025-06-05T22:39:22.958+0000][18.229s][info ][gc,heap     ] GC(71) Archive regions: 2->2
[2025-06-05T22:39:22.958+0000][18.229s][info ][gc,heap     ] GC(71) Humongous regions: 0->0
[2025-06-05T22:39:22.958+0000][18.229s][info ][gc,metaspace] GC(71) Metaspace: 155483K(156608K)->155483K(156608K) NonClass: 136177K(136768K)->136177K(136768K) Class: 19305K(19840K)->19305K(19840K)
[2025-06-05T22:39:22.959+0000][18.229s][info ][gc          ] GC(71) Pause Young (Normal) (G1 Evacuation Pause) 446M->148M(546M) 25.227ms
[2025-06-05T22:39:22.959+0000][18.229s][info ][gc,cpu      ] GC(71) User=0.04s Sys=0.00s Real=0.03s
[2025-06-05T22:39:22.959+0000][18.229s][info ][safepoint   ] Safepoint "G1CollectForAllocation", Time since last: 147609459 ns, Reaching safepoint: 213166 ns, Cleanup: 88459 ns, At safepoint: 25364833 ns, Total: 25666458 ns
[2025-06-05T22:39:23.185+0000][18.456s][debug][safepoint   ] Safepoint synchronization initiated using futex wait barrier. (88 threads)
[2025-06-05T22:39:23.186+0000][18.456s][info ][safepoint   ] Safepoint "ICBufferFull", Time since last: 226795917 ns, Reaching safepoint: 189083 ns, Cleanup: 132292 ns, At safepoint: 1750 ns, Total: 323125 ns
[2025-06-05T22:39:23.297+0000][18.568s][debug][safepoint   ] Safepoint synchronization initiated using futex wait barrier. (137 threads)
[2025-06-05T22:39:23.299+0000][18.569s][info ][safepoint   ] Safepoint "ICBufferFull", Time since last: 111375292 ns, Reaching safepoint: 1816625 ns, Cleanup: 119041 ns, At safepoint: 33959 ns, Total: 1969625 ns
[2025-06-05T22:39:23.552+0000][18.823s][debug][safepoint   ] Safepoint synchronization initiated using futex wait barrier. (159 threads)
[2025-06-05T22:39:23.553+0000][18.823s][info ][safepoint   ] Safepoint "ICBufferFull", Time since last: 253305583 ns, Reaching safepoint: 210000 ns, Cleanup: 132833 ns, At safepoint: 7084 ns, Total: 349917 ns
[2025-06-05T22:39:23.553+0000][18.823s][debug][safepoint   ] Safepoint synchronization initiated using futex wait barrier. (159 threads)
[2025-06-05T22:39:23.553+0000][18.823s][debug][safepoint   ] ... found polling page loop exception at pc = 0x0000ffff668dacec, stub =0x0000ffff6c97ef00
[2025-06-05T22:39:23.554+0000][18.824s][info ][safepoint   ] Safepoint "ICBufferFull", Time since last: 149375 ns, Reaching safepoint: 971625 ns, Cleanup: 1500 ns, At safepoint: 11291 ns, Total: 984416 ns
[2025-06-05T22:39:23.718+0000][18.988s][debug][safepoint   ] Safepoint synchronization initiated using futex wait barrier. (159 threads)
[2025-06-05T22:39:23.718+0000][18.989s][info ][gc,start    ] GC(72) Pause Young (Normal) (G1 Evacuation Pause)
[2025-06-05T22:39:23.718+0000][18.989s][info ][gc,task     ] GC(72) Using 2 workers of 2 for evacuation
[2025-06-05T22:39:23.748+0000][19.019s][info ][gc,phases   ] GC(72)   Pre Evacuate Collection Set: 0.1ms
[2025-06-05T22:39:23.749+0000][19.019s][info ][gc,phases   ] GC(72)   Merge Heap Roots: 0.2ms
[2025-06-05T22:39:23.749+0000][19.019s][info ][gc,phases   ] GC(72)   Evacuate Collection Set: 27.9ms
[2025-06-05T22:39:23.749+0000][19.019s][info ][gc,phases   ] GC(72)   Post Evacuate Collection Set: 1.5ms
[2025-06-05T22:39:23.749+0000][19.019s][info ][gc,phases   ] GC(72)   Other: 0.3ms
[2025-06-05T22:39:23.749+0000][19.019s][info ][gc,heap     ] GC(72) Eden regions: 307->0(300)
[2025-06-05T22:39:23.749+0000][19.019s][info ][gc,heap     ] GC(72) Survivor regions: 20->27(41)
[2025-06-05T22:39:23.749+0000][19.019s][info ][gc,heap     ] GC(72) Old regions: 128->128
[2025-06-05T22:39:23.749+0000][19.019s][info ][gc,heap     ] GC(72) Archive regions: 2->2
[2025-06-05T22:39:23.749+0000][19.019s][info ][gc,heap     ] GC(72) Humongous regions: 0->0
[2025-06-05T22:39:23.749+0000][19.019s][info ][gc,metaspace] GC(72) Metaspace: 161090K(162304K)->161090K(162304K) NonClass: 141053K(141696K)->141053K(141696K) Class: 20036K(20608K)->20036K(20608K)
[2025-06-05T22:39:23.749+0000][19.019s][info ][gc          ] GC(72) Pause Young (Normal) (G1 Evacuation Pause) 455M->155M(546M) 30.664ms
[2025-06-05T22:39:23.749+0000][19.019s][info ][gc,cpu      ] GC(72) User=0.06s Sys=0.00s Real=0.03s
[2025-06-05T22:39:23.749+0000][19.020s][info ][safepoint   ] Safepoint "G1CollectForAllocation", Time since last: 164129542 ns, Reaching safepoint: 225500 ns, Cleanup: 85084 ns, At safepoint: 30887625 ns, Total: 31198209 ns
[2025-06-05T22:39:23.828+0000][19.098s][debug][safepoint   ] Safepoint synchronization initiated using futex wait barrier. (161 threads)
[2025-06-05T22:39:23.828+0000][19.099s][info ][safepoint   ] Safepoint "ICBufferFull", Time since last: 78809416 ns, Reaching safepoint: 169000 ns, Cleanup: 106625 ns, At safepoint: 1625 ns, Total: 277250 ns
[2025-06-05T22:39:24.008+0000][19.279s][debug][safepoint   ] Safepoint synchronization initiated using futex wait barrier. (171 threads)
[2025-06-05T22:39:24.009+0000][19.279s][info ][safepoint   ] Safepoint "ICBufferFull", Time since last: 180154250 ns, Reaching safepoint: 125334 ns, Cleanup: 152166 ns, At safepoint: 2459 ns, Total: 279959 ns
[2025-06-05T22:39:24.130+0000][19.401s][debug][safepoint   ] Safepoint synchronization initiated using futex wait barrier. (179 threads)
[2025-06-05T22:39:24.131+0000][19.401s][info ][safepoint   ] Safepoint "ICBufferFull", Time since last: 121536166 ns, Reaching safepoint: 503250 ns, Cleanup: 130834 ns, At safepoint: 58125 ns, Total: 692209 ns
[2025-06-05T22:39:24.207+0000][19.478s][debug][safepoint   ] Safepoint synchronization initiated using futex wait barrier. (184 threads)
[2025-06-05T22:39:24.209+0000][19.479s][info ][safepoint   ] Safepoint "ICBufferFull", Time since last: 76416083 ns, Reaching safepoint: 1439000 ns, Cleanup: 90667 ns, At safepoint: 47625 ns, Total: 1577292 ns
[2025-06-05T22:39:24.209+0000][19.480s][debug][safepoint   ] Safepoint synchronization initiated using futex wait barrier. (184 threads)
[2025-06-05T22:39:24.209+0000][19.480s][info ][safepoint   ] Safepoint "ICBufferFull", Time since last: 166750 ns, Reaching safepoint: 110541 ns, Cleanup: 8292 ns, At safepoint: 19375 ns, Total: 138208 ns
[2025-06-05T22:39:24.209+0000][19.480s][debug][safepoint   ] Safepoint synchronization initiated using futex wait barrier. (184 threads)
[2025-06-05T22:39:24.210+0000][19.480s][info ][safepoint   ] Safepoint "ICBufferFull", Time since last: 190250 ns, Reaching safepoint: 164708 ns, Cleanup: 14500 ns, At safepoint: 22125 ns, Total: 201333 ns
[2025-06-05T22:39:24.316+0000][19.586s][debug][safepoint   ] Safepoint synchronization initiated using futex wait barrier. (189 threads)
[2025-06-05T22:39:24.316+0000][19.586s][info ][safepoint   ] Safepoint "ICBufferFull", Time since last: 105903292 ns, Reaching safepoint: 194042 ns, Cleanup: 112666 ns, At safepoint: 9125 ns, Total: 315833 ns
[2025-06-05T22:39:25.284+0000][20.554s][debug][safepoint   ] Safepoint synchronization initiated using futex wait barrier. (189 threads)
[2025-06-05T22:39:25.285+0000][20.555s][info ][safepoint   ] Safepoint "ICBufferFull", Time since last: 968227668 ns, Reaching safepoint: 445666 ns, Cleanup: 235042 ns, At safepoint: 10375 ns, Total: 691083 ns
[2025-06-05T22:39:25.297+0000][20.567s][debug][safepoint   ] Safepoint synchronization initiated using futex wait barrier. (189 threads)
[2025-06-05T22:39:25.297+0000][20.567s][info ][safepoint   ] Safepoint "ICBufferFull", Time since last: 11953083 ns, Reaching safepoint: 154417 ns, Cleanup: 202000 ns, At safepoint: 3333 ns, Total: 359750 ns
[2025-06-05T22:39:25.306+0000][20.576s][debug][safepoint   ] Safepoint synchronization initiated using futex wait barrier. (189 threads)
[2025-06-05T22:39:25.306+0000][20.577s][info ][safepoint   ] Safepoint "ICBufferFull", Time since last: 8744834 ns, Reaching safepoint: 251250 ns, Cleanup: 153041 ns, At safepoint: 3250 ns, Total: 407541 ns
[2025-06-05T22:39:26.307+0000][21.578s][debug][safepoint   ] Safepoint synchronization initiated using futex wait barrier. (191 threads)
[2025-06-05T22:39:26.308+0000][21.579s][info ][safepoint   ] Safepoint "Cleanup", Time since last: 1000879917 ns, Reaching safepoint: 878292 ns, Cleanup: 195000 ns, At safepoint: 9750 ns, Total: 1083042 ns
[2025-06-05T22:39:29.315+0000][24.585s][debug][safepoint   ] Safepoint synchronization initiated using futex wait barrier. (190 threads)
[2025-06-05T22:39:29.315+0000][24.586s][info ][safepoint   ] Safepoint "Cleanup", Time since last: 3006738502 ns, Reaching safepoint: 389916 ns, Cleanup: 36167 ns, At safepoint: 6208 ns, Total: 432291 ns
[2025-06-05T22:39:30.317+0000][25.588s][debug][safepoint   ] Safepoint synchronization initiated using futex wait barrier. (190 threads)
[2025-06-05T22:39:30.318+0000][25.589s][info ][safepoint   ] Safepoint "Cleanup", Time since last: 1001780584 ns, Reaching safepoint: 1135000 ns, Cleanup: 48667 ns, At safepoint: 17041 ns, Total: 1200708 ns
[2025-06-05T22:39:31.321+0000][26.592s][debug][safepoint   ] Safepoint synchronization initiated using futex wait barrier. (190 threads)
[2025-06-05T22:39:31.322+0000][26.593s][info ][safepoint   ] Safepoint "Cleanup", Time since last: 1002843292 ns, Reaching safepoint: 1040167 ns, Cleanup: 65125 ns, At safepoint: 16375 ns, Total: 1121667 ns
[2025-06-05T22:39:32.325+0000][27.595s][debug][safepoint   ] Safepoint synchronization initiated using futex wait barrier. (190 threads)
[2025-06-05T22:39:32.326+0000][27.596s][info ][safepoint   ] Safepoint "Cleanup", Time since last: 1002351709 ns, Reaching safepoint: 1182333 ns, Cleanup: 54167 ns, At safepoint: 16125 ns, Total: 1252625 ns
[2025-06-05T22:39:33.329+0000][28.599s][debug][safepoint   ] Safepoint synchronization initiated using futex wait barrier. (190 threads)
[2025-06-05T22:39:33.330+0000][28.601s][info ][safepoint   ] Safepoint "Cleanup", Time since last: 1002584167 ns, Reaching safepoint: 1634167 ns, Cleanup: 66583 ns, At safepoint: 14042 ns, Total: 1714792 ns
[2025-06-05T22:39:46.890+0000][42.161s][debug][safepoint   ] Safepoint synchronization initiated using futex wait barrier. (191 threads)
[2025-06-05T22:39:46.890+0000][42.161s][info ][safepoint   ] Safepoint "Cleanup", Time since last: 13560548381 ns, Reaching safepoint: 194583 ns, Cleanup: 15333 ns, At safepoint: 4667 ns, Total: 214583 ns
[2025-06-05T22:39:47.009+0000][42.280s][debug][safepoint   ] Safepoint synchronization initiated using futex wait barrier. (191 threads)
[2025-06-05T22:39:47.009+0000][42.280s][info ][safepoint   ] Safepoint "ICBufferFull", Time since last: 118279500 ns, Reaching safepoint: 467417 ns, Cleanup: 94458 ns, At safepoint: 20125 ns, Total: 582000 ns
[2025-06-05T22:39:47.010+0000][42.280s][debug][safepoint   ] Safepoint synchronization initiated using futex wait barrier. (191 threads)
[2025-06-05T22:39:47.010+0000][42.281s][info ][safepoint   ] Safepoint "ICBufferFull", Time since last: 205208 ns, Reaching safepoint: 125292 ns, Cleanup: 6458 ns, At safepoint: 25125 ns, Total: 156875 ns
[2025-06-05T22:39:47.360+0000][42.631s][debug][safepoint   ] Safepoint synchronization initiated using futex wait barrier. (191 threads)
[2025-06-05T22:39:47.360+0000][42.631s][info ][gc,start    ] GC(73) Pause Young (Normal) (G1 Evacuation Pause)
[2025-06-05T22:39:47.360+0000][42.631s][info ][gc,task     ] GC(73) Using 2 workers of 2 for evacuation
[2025-06-05T22:39:47.414+0000][42.685s][info ][gc,phases   ] GC(73)   Pre Evacuate Collection Set: 0.1ms
[2025-06-05T22:39:47.414+0000][42.685s][info ][gc,phases   ] GC(73)   Merge Heap Roots: 0.3ms
[2025-06-05T22:39:47.414+0000][42.685s][info ][gc,phases   ] GC(73)   Evacuate Collection Set: 51.3ms
[2025-06-05T22:39:47.414+0000][42.685s][info ][gc,phases   ] GC(73)   Post Evacuate Collection Set: 1.8ms
[2025-06-05T22:39:47.415+0000][42.685s][info ][gc,phases   ] GC(73)   Other: 0.4ms
[2025-06-05T22:39:47.415+0000][42.686s][info ][gc,heap     ] GC(73) Eden regions: 300->0(302)
[2025-06-05T22:39:47.415+0000][42.686s][info ][gc,heap     ] GC(73) Survivor regions: 27->21(41)
[2025-06-05T22:39:47.415+0000][42.686s][info ][gc,heap     ] GC(73) Old regions: 128->141
[2025-06-05T22:39:47.415+0000][42.686s][info ][gc,heap     ] GC(73) Archive regions: 2->2
[2025-06-05T22:39:47.415+0000][42.686s][info ][gc,heap     ] GC(73) Humongous regions: 19->0
[2025-06-05T22:39:47.415+0000][42.686s][info ][gc,metaspace] GC(73) Metaspace: 167569K(168768K)->167569K(168768K) NonClass: 146693K(147328K)->146693K(147328K) Class: 20875K(21440K)->20875K(21440K)
[2025-06-05T22:39:47.415+0000][42.686s][info ][gc          ] GC(73) Pause Young (Normal) (G1 Evacuation Pause) 474M->162M(546M) 54.481ms
[2025-06-05T22:39:47.415+0000][42.686s][info ][gc,cpu      ] GC(73) User=0.08s Sys=0.00s Real=0.05s
[2025-06-05T22:39:47.415+0000][42.686s][info ][safepoint   ] Safepoint "G1CollectForAllocation", Time since last: 350392584 ns, Reaching safepoint: 195250 ns, Cleanup: 67125 ns, At safepoint: 55096042 ns, Total: 55358417 ns
[2025-06-05T22:39:47.560+0000][42.831s][debug][safepoint   ] Safepoint synchronization initiated using futex wait barrier. (191 threads)
[2025-06-05T22:39:47.561+0000][42.831s][info ][safepoint   ] Safepoint "ICBufferFull", Time since last: 144858625 ns, Reaching safepoint: 171458 ns, Cleanup: 96125 ns, At safepoint: 1792 ns, Total: 269375 ns
[2025-06-05T22:39:47.666+0000][42.936s][debug][safepoint   ] Safepoint synchronization initiated using futex wait barrier. (191 threads)
[2025-06-05T22:39:47.666+0000][42.937s][info ][safepoint   ] Safepoint "ICBufferFull", Time since last: 104994833 ns, Reaching safepoint: 248500 ns, Cleanup: 97667 ns, At safepoint: 2000 ns, Total: 348167 ns
[2025-06-05T22:39:47.766+0000][43.037s][debug][safepoint   ] Safepoint synchronization initiated using futex wait barrier. (191 threads)
[2025-06-05T22:39:47.766+0000][43.037s][info ][safepoint   ] Safepoint "ICBufferFull", Time since last: 100129791 ns, Reaching safepoint: 196750 ns, Cleanup: 95209 ns, At safepoint: 1916 ns, Total: 293875 ns
[2025-06-05T22:39:47.950+0000][43.221s][debug][safepoint   ] Safepoint synchronization initiated using futex wait barrier. (192 threads)
[2025-06-05T22:39:47.951+0000][43.222s][info ][safepoint   ] Safepoint "ICBufferFull", Time since last: 184180709 ns, Reaching safepoint: 151916 ns, Cleanup: 96542 ns, At safepoint: 8000 ns, Total: 256458 ns
[2025-06-05T22:39:48.077+0000][43.348s][debug][safepoint   ] Safepoint synchronization initiated using futex wait barrier. (193 threads)
[2025-06-05T22:39:48.099+0000][43.370s][info ][safepoint   ] Safepoint "ICBufferFull", Time since last: 126599459 ns, Reaching safepoint: 21023416 ns, Cleanup: 132667 ns, At safepoint: 59000 ns, Total: 21215083 ns
[2025-06-05T22:39:48.136+0000][43.407s][debug][safepoint   ] Safepoint synchronization initiated using futex wait barrier. (194 threads)
[2025-06-05T22:39:48.136+0000][43.407s][info ][safepoint   ] Safepoint "ICBufferFull", Time since last: 37258292 ns, Reaching safepoint: 153458 ns, Cleanup: 93083 ns, At safepoint: 7500 ns, Total: 254041 ns
[2025-06-05T22:39:48.136+0000][43.407s][debug][safepoint   ] Safepoint synchronization initiated using futex wait barrier. (194 threads)
[2025-06-05T22:39:48.136+0000][43.407s][info ][safepoint   ] Safepoint "ICBufferFull", Time since last: 197209 ns, Reaching safepoint: 156875 ns, Cleanup: 7458 ns, At safepoint: 6625 ns, Total: 170958 ns
[2025-06-05T22:39:48.137+0000][43.408s][debug][safepoint   ] Safepoint synchronization initiated using futex wait barrier. (194 threads)
[2025-06-05T22:39:48.137+0000][43.408s][info ][safepoint   ] Safepoint "ICBufferFull", Time since last: 155833 ns, Reaching safepoint: 69750 ns, Cleanup: 4167 ns, At safepoint: 12208 ns, Total: 86125 ns
[2025-06-05T22:39:48.137+0000][43.408s][debug][safepoint   ] Safepoint synchronization initiated using futex wait barrier. (194 threads)
[2025-06-05T22:39:48.137+0000][43.408s][info ][safepoint   ] Safepoint "ICBufferFull", Time since last: 142417 ns, Reaching safepoint: 85667 ns, Cleanup: 1708 ns, At safepoint: 16417 ns, Total: 103792 ns
[2025-06-05T22:39:48.137+0000][43.408s][debug][safepoint   ] Safepoint synchronization initiated using futex wait barrier. (194 threads)
[2025-06-05T22:39:48.137+0000][43.408s][info ][safepoint   ] Safepoint "ICBufferFull", Time since last: 122333 ns, Reaching safepoint: 92083 ns, Cleanup: 1500 ns, At safepoint: 24500 ns, Total: 118083 ns
[2025-06-05T22:39:48.240+0000][43.511s][debug][safepoint   ] Safepoint synchronization initiated using futex wait barrier. (194 threads)
[2025-06-05T22:39:48.242+0000][43.512s][info ][safepoint   ] Safepoint "ICBufferFull", Time since last: 103119750 ns, Reaching safepoint: 1046042 ns, Cleanup: 140000 ns, At safepoint: 25250 ns, Total: 1211292 ns
[2025-06-05T22:39:48.320+0000][43.591s][debug][safepoint   ] Safepoint synchronization initiated using futex wait barrier. (195 threads)
[2025-06-05T22:39:48.320+0000][43.591s][info ][safepoint   ] Safepoint "ICBufferFull", Time since last: 78192458 ns, Reaching safepoint: 162417 ns, Cleanup: 141042 ns, At safepoint: 18083 ns, Total: 321542 ns
[2025-06-05T22:39:48.417+0000][43.688s][debug][safepoint   ] Safepoint synchronization initiated using futex wait barrier. (195 threads)
[2025-06-05T22:39:48.417+0000][43.688s][info ][safepoint   ] Safepoint "ICBufferFull", Time since last: 96997583 ns, Reaching safepoint: 203917 ns, Cleanup: 111500 ns, At safepoint: 19042 ns, Total: 334459 ns
[2025-06-05T22:39:48.545+0000][43.816s][debug][safepoint   ] Safepoint synchronization initiated using futex wait barrier. (199 threads)
[2025-06-05T22:39:48.545+0000][43.816s][info ][safepoint   ] Safepoint "ICBufferFull", Time since last: 127452250 ns, Reaching safepoint: 184958 ns, Cleanup: 92042 ns, At safepoint: 7458 ns, Total: 284458 ns
[2025-06-05T22:39:48.668+0000][43.939s][debug][safepoint   ] Safepoint synchronization initiated using futex wait barrier. (199 threads)
[2025-06-05T22:39:48.669+0000][43.940s][info ][gc,start    ] GC(74) Pause Young (Normal) (G1 Evacuation Pause)
[2025-06-05T22:39:48.669+0000][43.940s][info ][gc,task     ] GC(74) Using 2 workers of 2 for evacuation
[2025-06-05T22:39:48.705+0000][43.976s][info ][gc,phases   ] GC(74)   Pre Evacuate Collection Set: 0.2ms
[2025-06-05T22:39:48.706+0000][43.977s][info ][gc,phases   ] GC(74)   Merge Heap Roots: 0.2ms
[2025-06-05T22:39:48.706+0000][43.977s][info ][gc,phases   ] GC(74)   Evacuate Collection Set: 34.4ms
[2025-06-05T22:39:48.706+0000][43.977s][info ][gc,phases   ] GC(74)   Post Evacuate Collection Set: 1.9ms
[2025-06-05T22:39:48.706+0000][43.977s][info ][gc,phases   ] GC(74)   Other: 0.3ms
[2025-06-05T22:39:48.706+0000][43.977s][info ][gc,heap     ] GC(74) Eden regions: 302->0(283)
[2025-06-05T22:39:48.706+0000][43.977s][info ][gc,heap     ] GC(74) Survivor regions: 21->29(41)
[2025-06-05T22:39:48.706+0000][43.977s][info ][gc,heap     ] GC(74) Old regions: 141->147
[2025-06-05T22:39:48.706+0000][43.977s][info ][gc,heap     ] GC(74) Archive regions: 2->2
[2025-06-05T22:39:48.706+0000][43.977s][info ][gc,heap     ] GC(74) Humongous regions: 1->0
[2025-06-05T22:39:48.706+0000][43.977s][info ][gc,metaspace] GC(74) Metaspace: 170566K(171840K)->170566K(171840K) NonClass: 149376K(150080K)->149376K(150080K) Class: 21189K(21760K)->21189K(21760K)
[2025-06-05T22:39:48.706+0000][43.977s][info ][gc          ] GC(74) Pause Young (Normal) (G1 Evacuation Pause) 465M->176M(546M) 37.576ms
[2025-06-05T22:39:48.706+0000][43.977s][info ][gc,cpu      ] GC(74) User=0.11s Sys=0.00s Real=0.03s
[2025-06-05T22:39:48.707+0000][43.977s][info ][safepoint   ] Safepoint "G1CollectForAllocation", Time since last: 123163708 ns, Reaching safepoint: 355792 ns, Cleanup: 51417 ns, At safepoint: 37879125 ns, Total: 38286334 ns
[2025-06-05T22:39:49.711+0000][44.982s][debug][safepoint   ] Safepoint synchronization initiated using futex wait barrier. (200 threads)
[2025-06-05T22:39:49.712+0000][44.983s][info ][safepoint   ] Safepoint "Cleanup", Time since last: 1004362709 ns, Reaching safepoint: 1019500 ns, Cleanup: 281541 ns, At safepoint: 18084 ns, Total: 1319125 ns
[2025-06-05T22:39:50.715+0000][45.986s][debug][safepoint   ] Safepoint synchronization initiated using futex wait barrier. (200 threads)
[2025-06-05T22:39:50.717+0000][45.988s][info ][safepoint   ] Safepoint "Cleanup", Time since last: 1003157458 ns, Reaching safepoint: 1109375 ns, Cleanup: 79000 ns, At safepoint: 16542 ns, Total: 1204917 ns
[2025-06-05T22:39:51.717+0000][46.988s][debug][safepoint   ] Safepoint synchronization initiated using futex wait barrier. (200 threads)
[2025-06-05T22:39:51.718+0000][46.989s][info ][safepoint   ] Safepoint "Cleanup", Time since last: 1000798084 ns, Reaching safepoint: 176667 ns, Cleanup: 87875 ns, At safepoint: 7750 ns, Total: 272292 ns
[2025-06-05T22:39:52.739+0000][48.010s][debug][safepoint   ] Safepoint synchronization initiated using futex wait barrier. (200 threads)
[2025-06-05T22:39:52.740+0000][48.011s][info ][safepoint   ] Safepoint "Cleanup", Time since last: 1021422125 ns, Reaching safepoint: 936375 ns, Cleanup: 283125 ns, At safepoint: 13083 ns, Total: 1232583 ns
[2025-06-05T22:39:53.742+0000][49.013s][debug][safepoint   ] Safepoint synchronization initiated using futex wait barrier. (199 threads)
[2025-06-05T22:39:53.746+0000][49.016s][info ][safepoint   ] Safepoint "Cleanup", Time since last: 1001443376 ns, Reaching safepoint: 1112750 ns, Cleanup: 2609375 ns, At safepoint: 39375 ns, Total: 3761500 ns
[2025-06-05T22:39:55.137+0000][50.408s][debug][safepoint   ] Safepoint synchronization initiated using futex wait barrier. (199 threads)
[2025-06-05T22:39:55.138+0000][50.409s][info ][safepoint   ] Safepoint "Cleanup", Time since last: 1391087584 ns, Reaching safepoint: 785083 ns, Cleanup: 516667 ns, At safepoint: 17833 ns, Total: 1319583 ns
[2025-06-05T22:39:57.222+0000][52.493s][debug][safepoint   ] Safepoint synchronization initiated using futex wait barrier. (199 threads)
[2025-06-05T22:39:57.223+0000][52.494s][debug][safepoint   ] ... found polling page loop exception at pc = 0x0000ffff6d8a8754, stub =0x0000ffff6c97ef00
[2025-06-05T22:39:57.223+0000][52.494s][info ][safepoint   ] Safepoint "ICBufferFull", Time since last: 2084270293 ns, Reaching safepoint: 1069500 ns, Cleanup: 102625 ns, At safepoint: 45167 ns, Total: 1217292 ns
[2025-06-05T22:39:58.226+0000][53.497s][debug][safepoint   ] Safepoint synchronization initiated using futex wait barrier. (199 threads)
[2025-06-05T22:39:58.227+0000][53.498s][info ][safepoint   ] Safepoint "Cleanup", Time since last: 1002664708 ns, Reaching safepoint: 534459 ns, Cleanup: 108166 ns, At safepoint: 9875 ns, Total: 652500 ns
[2025-06-05T22:39:59.229+0000][54.500s][debug][safepoint   ] Safepoint synchronization initiated using futex wait barrier. (199 threads)
[2025-06-05T22:39:59.230+0000][54.501s][info ][safepoint   ] Safepoint "Cleanup", Time since last: 1002049667 ns, Reaching safepoint: 956834 ns, Cleanup: 258916 ns, At safepoint: 21000 ns, Total: 1236750 ns
[2025-06-05T22:40:00.232+0000][55.503s][debug][safepoint   ] Safepoint synchronization initiated using futex wait barrier. (199 threads)
[2025-06-05T22:40:00.233+0000][55.504s][info ][safepoint   ] Safepoint "Cleanup", Time since last: 1002213793 ns, Reaching safepoint: 426833 ns, Cleanup: 222333 ns, At safepoint: 7459 ns, Total: 656625 ns
[2025-06-05T22:40:05.778+0000][61.049s][debug][safepoint   ] Safepoint synchronization initiated using futex wait barrier. (199 threads)
[2025-06-05T22:40:05.780+0000][61.051s][info ][safepoint   ] Safepoint "Cleanup", Time since last: 5545464794 ns, Reaching safepoint: 1453917 ns, Cleanup: 95625 ns, At safepoint: 19916 ns, Total: 1569458 ns
[2025-06-05T22:40:06.182+0000][61.453s][debug][safepoint   ] Safepoint synchronization initiated using futex wait barrier. (199 threads)
[2025-06-05T22:40:06.182+0000][61.453s][info ][safepoint   ] Safepoint "ICBufferFull", Time since last: 401898834 ns, Reaching safepoint: 412583 ns, Cleanup: 159792 ns, At safepoint: 15041 ns, Total: 587416 ns
[2025-06-05T22:40:06.382+0000][61.653s][debug][safepoint   ] Safepoint synchronization initiated using futex wait barrier. (200 threads)
[2025-06-05T22:40:06.382+0000][61.653s][info ][safepoint   ] Safepoint "ICBufferFull", Time since last: 199309834 ns, Reaching safepoint: 262417 ns, Cleanup: 136583 ns, At safepoint: 2083 ns, Total: 401083 ns
[2025-06-05T22:40:06.406+0000][61.677s][debug][safepoint   ] Safepoint synchronization initiated using futex wait barrier. (200 threads)
[2025-06-05T22:40:06.407+0000][61.678s][info ][safepoint   ] Safepoint "ICBufferFull", Time since last: 24300084 ns, Reaching safepoint: 199750 ns, Cleanup: 138083 ns, At safepoint: 2458 ns, Total: 340291 ns
[2025-06-05T22:40:07.408+0000][62.678s][debug][safepoint   ] Safepoint synchronization initiated using futex wait barrier. (199 threads)
[2025-06-05T22:40:07.409+0000][62.680s][info ][safepoint   ] Safepoint "Cleanup", Time since last: 1000782292 ns, Reaching safepoint: 864417 ns, Cleanup: 212292 ns, At safepoint: 10750 ns, Total: 1087459 ns
[2025-06-05T22:40:08.410+0000][63.681s][debug][safepoint   ] Safepoint synchronization initiated using futex wait barrier. (199 threads)
[2025-06-05T22:40:08.410+0000][63.681s][info ][safepoint   ] Safepoint "Cleanup", Time since last: 1001263125 ns, Reaching safepoint: 423209 ns, Cleanup: 26833 ns, At safepoint: 8583 ns, Total: 458625 ns
[2025-06-05T22:40:10.381+0000][65.652s][debug][safepoint   ] Safepoint synchronization initiated using futex wait barrier. (198 threads)
[2025-06-05T22:40:10.382+0000][65.653s][info ][gc,start    ] GC(75) Pause Young (Normal) (G1 Evacuation Pause)
[2025-06-05T22:40:10.383+0000][65.654s][info ][gc,task     ] GC(75) Using 2 workers of 2 for evacuation
[2025-06-05T22:40:10.439+0000][65.710s][info ][gc,phases   ] GC(75)   Pre Evacuate Collection Set: 1.4ms
[2025-06-05T22:40:10.439+0000][65.710s][info ][gc,phases   ] GC(75)   Merge Heap Roots: 1.0ms
[2025-06-05T22:40:10.440+0000][65.710s][info ][gc,phases   ] GC(75)   Evacuate Collection Set: 52.4ms
[2025-06-05T22:40:10.440+0000][65.710s][info ][gc,phases   ] GC(75)   Post Evacuate Collection Set: 1.6ms
[2025-06-05T22:40:10.440+0000][65.711s][info ][gc,phases   ] GC(75)   Other: 0.9ms
[2025-06-05T22:40:10.440+0000][65.711s][info ][gc,heap     ] GC(75) Eden regions: 283->0(284)
[2025-06-05T22:40:10.440+0000][65.711s][info ][gc,heap     ] GC(75) Survivor regions: 29->16(39)
[2025-06-05T22:40:10.440+0000][65.711s][info ][gc,heap     ] GC(75) Old regions: 147->162
[2025-06-05T22:40:10.440+0000][65.711s][info ][gc,heap     ] GC(75) Archive regions: 2->2
[2025-06-05T22:40:10.440+0000][65.711s][info ][gc,heap     ] GC(75) Humongous regions: 19->0
[2025-06-05T22:40:10.440+0000][65.711s][info ][gc,metaspace] GC(75) Metaspace: 174155K(175488K)->174155K(175488K) NonClass: 152574K(153280K)->152574K(153280K) Class: 21581K(22208K)->21581K(22208K)
[2025-06-05T22:40:10.440+0000][65.711s][info ][gc          ] GC(75) Pause Young (Normal) (G1 Evacuation Pause) 478M->178M(546M) 57.763ms
[2025-06-05T22:40:10.440+0000][65.711s][info ][gc,cpu      ] GC(75) User=0.11s Sys=0.00s Real=0.06s
[2025-06-05T22:40:10.440+0000][65.711s][info ][safepoint   ] Safepoint "G1CollectForAllocation", Time since last: 1970391543 ns, Reaching safepoint: 1251041 ns, Cleanup: 17417 ns, At safepoint: 58362709 ns, Total: 59631167 ns
[2025-06-05T22:40:15.448+0000][70.719s][debug][safepoint   ] Safepoint synchronization initiated using futex wait barrier. (198 threads)
[2025-06-05T22:40:15.451+0000][70.722s][info ][safepoint   ] Safepoint "Cleanup", Time since last: 5007354377 ns, Reaching safepoint: 2735333 ns, Cleanup: 165625 ns, At safepoint: 11459 ns, Total: 2912417 ns
[2025-06-05T22:40:17.456+0000][72.727s][debug][safepoint   ] Safepoint synchronization initiated using futex wait barrier. (198 threads)
[2025-06-05T22:40:17.457+0000][72.728s][info ][safepoint   ] Safepoint "Cleanup", Time since last: 2005467750 ns, Reaching safepoint: 556875 ns, Cleanup: 41334 ns, At safepoint: 6375 ns, Total: 604584 ns
[2025-06-05T22:40:18.459+0000][73.730s][debug][safepoint   ] Safepoint synchronization initiated using futex wait barrier. (198 threads)
[2025-06-05T22:40:18.460+0000][73.731s][info ][safepoint   ] Safepoint "Cleanup", Time since last: 1002417875 ns, Reaching safepoint: 1145583 ns, Cleanup: 174709 ns, At safepoint: 17375 ns, Total: 1337667 ns
[2025-06-05T22:40:19.462+0000][74.733s][debug][safepoint   ] Safepoint synchronization initiated using futex wait barrier. (198 threads)
[2025-06-05T22:40:19.462+0000][74.733s][info ][safepoint   ] Safepoint "Cleanup", Time since last: 1001760125 ns, Reaching safepoint: 240875 ns, Cleanup: 75292 ns, At safepoint: 14083 ns, Total: 330250 ns
[2025-06-05T22:40:20.464+0000][75.735s][debug][safepoint   ] Safepoint synchronization initiated using futex wait barrier. (198 threads)
[2025-06-05T22:40:20.465+0000][75.736s][info ][safepoint   ] Safepoint "Cleanup", Time since last: 1001614501 ns, Reaching safepoint: 747083 ns, Cleanup: 379875 ns, At safepoint: 10583 ns, Total: 1137541 ns
[2025-06-05T22:40:21.466+0000][76.737s][debug][safepoint   ] Safepoint synchronization initiated using futex wait barrier. (198 threads)
[2025-06-05T22:40:21.468+0000][76.739s][info ][safepoint   ] Safepoint "Cleanup", Time since last: 1000817417 ns, Reaching safepoint: 2165375 ns, Cleanup: 57459 ns, At safepoint: 36500 ns, Total: 2259334 ns
[2025-06-05T22:40:22.469+0000][77.740s][debug][safepoint   ] Safepoint synchronization initiated using futex wait barrier. (198 threads)
[2025-06-05T22:40:22.471+0000][77.742s][info ][safepoint   ] Safepoint "Cleanup", Time since last: 1001064667 ns, Reaching safepoint: 1773958 ns, Cleanup: 165292 ns, At safepoint: 33167 ns, Total: 1972417 ns
[2025-06-05T22:40:22.861+0000][78.132s][debug][safepoint   ] Safepoint synchronization initiated using futex wait barrier. (198 threads)
[2025-06-05T22:40:22.862+0000][78.134s][info ][safepoint   ] Safepoint "ICBufferFull", Time since last: 389551375 ns, Reaching safepoint: 1435958 ns, Cleanup: 132750 ns, At safepoint: 29667 ns, Total: 1598375 ns
[2025-06-05T22:40:23.863+0000][79.134s][debug][safepoint   ] Safepoint synchronization initiated using futex wait barrier. (192 threads)
[2025-06-05T22:40:23.864+0000][79.135s][info ][safepoint   ] Safepoint "Cleanup", Time since last: 1000801042 ns, Reaching safepoint: 873083 ns, Cleanup: 248167 ns, At safepoint: 29917 ns, Total: 1151167 ns
[2025-06-05T22:40:24.865+0000][80.136s][debug][safepoint   ] Safepoint synchronization initiated using futex wait barrier. (189 threads)
[2025-06-05T22:40:24.866+0000][80.137s][info ][safepoint   ] Safepoint "Cleanup", Time since last: 1000720500 ns, Reaching safepoint: 1060500 ns, Cleanup: 96500 ns, At safepoint: 14792 ns, Total: 1171792 ns
[2025-06-05T22:40:25.868+0000][81.139s][debug][safepoint   ] Safepoint synchronization initiated using futex wait barrier. (189 threads)
[2025-06-05T22:40:25.869+0000][81.140s][info ][safepoint   ] Safepoint "Cleanup", Time since last: 1001539334 ns, Reaching safepoint: 857000 ns, Cleanup: 90083 ns, At safepoint: 13333 ns, Total: 960416 ns
[2025-06-05T22:40:27.871+0000][83.142s][debug][safepoint   ] Safepoint synchronization initiated using futex wait barrier. (189 threads)
[2025-06-05T22:40:27.874+0000][83.145s][info ][safepoint   ] Safepoint "Cleanup", Time since last: 2002560376 ns, Reaching safepoint: 1783292 ns, Cleanup: 386875 ns, At safepoint: 64833 ns, Total: 2235000 ns
[2025-06-05T22:40:28.874+0000][84.145s][debug][safepoint   ] Safepoint synchronization initiated using futex wait barrier. (189 threads)
[2025-06-05T22:40:28.875+0000][84.146s][info ][safepoint   ] Safepoint "Cleanup", Time since last: 1000534709 ns, Reaching safepoint: 1006458 ns, Cleanup: 76084 ns, At safepoint: 18250 ns, Total: 1100792 ns
[2025-06-05T22:40:29.876+0000][85.147s][debug][safepoint   ] Safepoint synchronization initiated using futex wait barrier. (189 threads)
[2025-06-05T22:40:29.877+0000][85.148s][info ][safepoint   ] Safepoint "Cleanup", Time since last: 1001057208 ns, Reaching safepoint: 1008292 ns, Cleanup: 52625 ns, At safepoint: 11667 ns, Total: 1072584 ns
[2025-06-05T22:40:32.884+0000][88.155s][debug][safepoint   ] Safepoint synchronization initiated using futex wait barrier. (189 threads)
[2025-06-05T22:40:32.885+0000][88.156s][info ][safepoint   ] Safepoint "Cleanup", Time since last: 3006867668 ns, Reaching safepoint: 381708 ns, Cleanup: 59292 ns, At safepoint: 9458 ns, Total: 450458 ns
[2025-06-05T22:40:40.894+0000][96.165s][debug][safepoint   ] Safepoint synchronization initiated using futex wait barrier. (189 threads)
[2025-06-05T22:40:40.896+0000][96.167s][info ][safepoint   ] Safepoint "Cleanup", Time since last: 8009704171 ns, Reaching safepoint: 1205666 ns, Cleanup: 88125 ns, At safepoint: 16375 ns, Total: 1310166 ns
[2025-06-05T22:40:52.915+0000][108.186s][debug][safepoint   ] Safepoint synchronization initiated using futex wait barrier. (189 threads)
[2025-06-05T22:40:52.917+0000][108.188s][info ][safepoint   ] Safepoint "Cleanup", Time since last: 12019692880 ns, Reaching safepoint: 1325292 ns, Cleanup: 73500 ns, At safepoint: 10791 ns, Total: 1409583 ns
[2025-06-05T22:41:26.828+0000][142.099s][debug][safepoint   ] Safepoint synchronization initiated using futex wait barrier. (184 threads)
[2025-06-05T22:41:26.829+0000][142.100s][info ][safepoint   ] Safepoint "Cleanup", Time since last: 33911460433 ns, Reaching safepoint: 381583 ns, Cleanup: 78334 ns, At safepoint: 6541 ns, Total: 466458 ns
[2025-06-05T22:41:27.830+0000][143.101s][debug][safepoint   ] Safepoint synchronization initiated using futex wait barrier. (183 threads)
[2025-06-05T22:41:27.831+0000][143.101s][info ][safepoint   ] Safepoint "Cleanup", Time since last: 1001098334 ns, Reaching safepoint: 562042 ns, Cleanup: 43083 ns, At safepoint: 9042 ns, Total: 614167 ns
[2025-06-05T22:41:30.243+0000][145.514s][debug][safepoint   ] Safepoint synchronization initiated using futex wait barrier. (184 threads)
[2025-06-05T22:41:30.243+0000][145.514s][info ][safepoint   ] Safepoint "Cleanup", Time since last: 2412197959 ns, Reaching safepoint: 126125 ns, Cleanup: 66584 ns, At safepoint: 12458 ns, Total: 205167 ns
[2025-06-05T22:41:31.243+0000][146.514s][debug][safepoint   ] Safepoint synchronization initiated using futex wait barrier. (184 threads)
[2025-06-05T22:41:31.246+0000][146.517s][info ][safepoint   ] Safepoint "Cleanup", Time since last: 1000487542 ns, Reaching safepoint: 1857417 ns, Cleanup: 213416 ns, At safepoint: 63125 ns, Total: 2133958 ns
[2025-06-05T22:41:32.247+0000][147.518s][debug][safepoint   ] Safepoint synchronization initiated using futex wait barrier. (184 threads)
[2025-06-05T22:41:32.248+0000][147.519s][info ][safepoint   ] Safepoint "Cleanup", Time since last: 1001137043 ns, Reaching safepoint: 1586500 ns, Cleanup: 157416 ns, At safepoint: 18500 ns, Total: 1762416 ns
[2025-06-05T22:41:44.266+0000][159.537s][debug][safepoint   ] Safepoint synchronization initiated using futex wait barrier. (184 threads)
[2025-06-05T22:41:44.267+0000][159.538s][info ][safepoint   ] Safepoint "Cleanup", Time since last: 12017893256 ns, Reaching safepoint: 916333 ns, Cleanup: 32750 ns, At safepoint: 18917 ns, Total: 968000 ns
[2025-06-05T22:41:50.273+0000][165.544s][debug][safepoint   ] Safepoint synchronization initiated using futex wait barrier. (184 threads)
[2025-06-05T22:41:50.274+0000][165.545s][info ][safepoint   ] Safepoint "Cleanup", Time since last: 6006097794 ns, Reaching safepoint: 849916 ns, Cleanup: 46875 ns, At safepoint: 11750 ns, Total: 908541 ns
[2025-06-05T22:41:53.278+0000][168.549s][debug][safepoint   ] Safepoint synchronization initiated using futex wait barrier. (184 threads)
[2025-06-05T22:41:53.279+0000][168.551s][info ][safepoint   ] Safepoint "Cleanup", Time since last: 3003998627 ns, Reaching safepoint: 1218125 ns, Cleanup: 78833 ns, At safepoint: 15042 ns, Total: 1312000 ns
[2025-06-05T22:42:03.298+0000][178.569s][debug][safepoint   ] Safepoint synchronization initiated using futex wait barrier. (184 threads)
[2025-06-05T22:42:03.306+0000][178.577s][info ][safepoint   ] Safepoint "Cleanup", Time since last: 10018302379 ns, Reaching safepoint: 7975459 ns, Cleanup: 51333 ns, At safepoint: 8292 ns, Total: 8035084 ns
[2025-06-05T22:42:16.054+0000][191.325s][debug][safepoint   ] Safepoint synchronization initiated using futex wait barrier. (184 threads)
[2025-06-05T22:42:16.057+0000][191.328s][info ][safepoint   ] Safepoint "Cleanup", Time since last: 12748100714 ns, Reaching safepoint: 2707417 ns, Cleanup: 105291 ns, At safepoint: 20042 ns, Total: 2832750 ns
[2025-06-05T22:42:24.072+0000][199.343s][debug][safepoint   ] Safepoint synchronization initiated using futex wait barrier. (181 threads)
[2025-06-05T22:42:24.073+0000][199.345s][info ][safepoint   ] Safepoint "Cleanup", Time since last: 8015277045 ns, Reaching safepoint: 779667 ns, Cleanup: 517083 ns, At safepoint: 157500 ns, Total: 1454250 ns
[2025-06-05T22:42:28.080+0000][203.351s][debug][safepoint   ] Safepoint synchronization initiated using futex wait barrier. (181 threads)
[2025-06-05T22:42:28.081+0000][203.352s][info ][safepoint   ] Safepoint "Cleanup", Time since last: 4006892086 ns, Reaching safepoint: 685750 ns, Cleanup: 30583 ns, At safepoint: 11000 ns, Total: 727333 ns
[2025-06-05T22:42:29.082+0000][204.353s][debug][safepoint   ] Safepoint synchronization initiated using futex wait barrier. (181 threads)
[2025-06-05T22:42:29.083+0000][204.354s][info ][safepoint   ] Safepoint "Cleanup", Time since last: 1001008834 ns, Reaching safepoint: 736791 ns, Cleanup: 33917 ns, At safepoint: 6750 ns, Total: 777458 ns
[2025-06-05T22:42:32.087+0000][207.358s][debug][safepoint   ] Safepoint synchronization initiated using futex wait barrier. (179 threads)
[2025-06-05T22:42:32.088+0000][207.359s][info ][safepoint   ] Safepoint "Cleanup", Time since last: 3003855418 ns, Reaching safepoint: 973792 ns, Cleanup: 30125 ns, At safepoint: 11417 ns, Total: 1015334 ns
[2025-06-05T22:42:32.915+0000][208.186s][debug][safepoint   ] Safepoint synchronization initiated using futex wait barrier. (179 threads)
[2025-06-05T22:42:32.917+0000][208.188s][info ][gc,start    ] GC(76) Pause Young (Normal) (G1 Evacuation Pause)
[2025-06-05T22:42:32.918+0000][208.189s][info ][gc,task     ] GC(76) Using 2 workers of 2 for evacuation
[2025-06-05T22:42:32.965+0000][208.236s][info ][gc,phases   ] GC(76)   Pre Evacuate Collection Set: 0.8ms
[2025-06-05T22:42:32.965+0000][208.236s][info ][gc,phases   ] GC(76)   Merge Heap Roots: 0.5ms
[2025-06-05T22:42:32.965+0000][208.236s][info ][gc,phases   ] GC(76)   Evacuate Collection Set: 44.2ms
[2025-06-05T22:42:32.965+0000][208.236s][info ][gc,phases   ] GC(76)   Post Evacuate Collection Set: 1.5ms
[2025-06-05T22:42:32.965+0000][208.237s][info ][gc,phases   ] GC(76)   Other: 0.9ms
[2025-06-05T22:42:32.965+0000][208.237s][info ][gc,heap     ] GC(76) Eden regions: 284->0(285)
[2025-06-05T22:42:32.966+0000][208.237s][info ][gc,heap     ] GC(76) Survivor regions: 16->19(38)
[2025-06-05T22:42:32.966+0000][208.237s][info ][gc,heap     ] GC(76) Old regions: 162->162
[2025-06-05T22:42:32.966+0000][208.237s][info ][gc,heap     ] GC(76) Archive regions: 2->2
[2025-06-05T22:42:32.966+0000][208.237s][info ][gc,heap     ] GC(76) Humongous regions: 1->0
[2025-06-05T22:42:32.966+0000][208.237s][info ][gc,metaspace] GC(76) Metaspace: 176268K(177664K)->176268K(177664K) NonClass: 154480K(155200K)->154480K(155200K) Class: 21788K(22464K)->21788K(22464K)
[2025-06-05T22:42:32.966+0000][208.237s][info ][gc          ] GC(76) Pause Young (Normal) (G1 Evacuation Pause) 463M->180M(546M) 48.471ms
[2025-06-05T22:42:32.966+0000][208.237s][info ][gc,cpu      ] GC(76) User=0.09s Sys=0.00s Real=0.04s
[2025-06-05T22:42:32.966+0000][208.237s][info ][safepoint   ] Safepoint "G1CollectForAllocation", Time since last: 827036208 ns, Reaching safepoint: 2345584 ns, Cleanup: 30208 ns, At safepoint: 48998667 ns, Total: 51374459 ns
[2025-06-05T22:42:33.968+0000][209.240s][debug][safepoint   ] Safepoint synchronization initiated using futex wait barrier. (179 threads)
[2025-06-05T22:42:33.969+0000][209.241s][info ][safepoint   ] Safepoint "Cleanup", Time since last: 1002252458 ns, Reaching safepoint: 901292 ns, Cleanup: 112792 ns, At safepoint: 17000 ns, Total: 1031084 ns
