[2025-06-05T22:57:29.627+0000][0.003s][info][gc] Using G1
[2025-06-05T22:57:29.628+0000][0.004s][info][gc,init] Version: 17.0.12+7-Debian-2deb12u1 (release)
[2025-06-05T22:57:29.628+0000][0.004s][info][gc,init] CPUs: 10 total, 2 available
[2025-06-05T22:57:29.628+0000][0.004s][info][gc,init] Memory: 4096M
[2025-06-05T22:57:29.628+0000][0.004s][info][gc,init] Large Page Support: Disabled
[2025-06-05T22:57:29.629+0000][0.004s][info][gc,init] NUMA Support: Disabled
[2025-06-05T22:57:29.629+0000][0.004s][info][gc,init] Compressed Oops: Enabled (32-bit)
[2025-06-05T22:57:29.629+0000][0.004s][info][gc,init] Heap Region Size: 1M
[2025-06-05T22:57:29.629+0000][0.004s][info][gc,init] Heap Min Capacity: 8M
[2025-06-05T22:57:29.629+0000][0.005s][info][gc,init] Heap Initial Capacity: 64M
[2025-06-05T22:57:29.629+0000][0.005s][info][gc,init] Heap Max Capacity: 1G
[2025-06-05T22:57:29.629+0000][0.005s][info][gc,init] Pre-touch: Disabled
[2025-06-05T22:57:29.629+0000][0.005s][info][gc,init] Parallel Workers: 2
[2025-06-05T22:57:29.629+0000][0.005s][info][gc,init] Concurrent Workers: 1
[2025-06-05T22:57:29.629+0000][0.005s][info][gc,init] Concurrent Refinement Workers: 2
[2025-06-05T22:57:29.629+0000][0.005s][info][gc,init] Periodic GC: Disabled
[2025-06-05T22:57:29.629+0000][0.005s][info][gc,metaspace] CDS archive(s) mapped at: [0x0000000800000000-0x0000000800be0000-0x0000000800be0000), size 12451840, SharedBaseAddress: 0x0000000800000000, ArchiveRelocationMode: 1.
[2025-06-05T22:57:29.629+0000][0.005s][info][gc,metaspace] Compressed class space mapped at: 0x0000000801000000-0x0000000841000000, reserved size: 1073741824
[2025-06-05T22:57:29.629+0000][0.005s][info][gc,metaspace] Narrow klass base: 0x0000000800000000, Narrow klass shift: 0, Narrow klass range: 0x100000000
[2025-06-05T22:57:29.633+0000][0.008s][info][cds,heap    ] initialize_from_archived_subgraph java.lang.Module$ArchivedData 0x0000000800182380 (early)
[2025-06-05T22:57:29.633+0000][0.009s][info][cds,heap    ] initialize_from_archived_subgraph java.util.ImmutableCollections 0x0000000800070cd8 (early)
[2025-06-05T22:57:29.634+0000][0.010s][info][cds,heap    ] initialize_from_archived_subgraph java.lang.Integer$IntegerCache 0x0000000800036060 (early)
[2025-06-05T22:57:29.636+0000][0.012s][info][cds,heap    ] initialize_from_archived_subgraph java.lang.module.Configuration 0x0000000800170300 (early)
[2025-06-05T22:57:29.636+0000][0.012s][info][cds,heap    ] initialize_from_archived_subgraph java.lang.ModuleLayer 0x0000000800144c50 (early)
[2025-06-05T22:57:29.637+0000][0.012s][info][cds,heap    ] initialize_from_archived_subgraph jdk.internal.loader.ArchivedClassLoaders 0x00000008001ab770 (early)
[2025-06-05T22:57:29.637+0000][0.012s][info][cds,heap    ] initialize_from_archived_subgraph jdk.internal.module.ArchivedBootLayer 0x0000000800176f40 (early)
[2025-06-05T22:57:29.638+0000][0.013s][info][cds,heap    ] initialize_from_archived_subgraph sun.util.locale.BaseLocale 0x000000080026c120
[2025-06-05T22:57:29.642+0000][0.017s][info][cds,heap    ] initialize_from_archived_subgraph java.util.jar.Attributes$Name 0x000000080019d1e8
[2025-06-05T22:57:29.654+0000][0.029s][info][cds,heap    ] initialize_from_archived_subgraph java.lang.Long$LongCache 0x000000080001f998
[2025-06-05T22:57:29.689+0000][0.065s][info][cds,heap    ] initialize_from_archived_subgraph java.lang.Character$CharacterCache 0x00000008000393e8
[2025-06-05T22:57:29.725+0000][0.101s][debug][safepoint   ] Safepoint synchronization initiated using futex wait barrier. (12 threads)
[2025-06-05T22:57:29.726+0000][0.101s][info ][safepoint   ] Safepoint "ICBufferFull", Time since last: 93369792 ns, Reaching safepoint: 170250 ns, Cleanup: 74083 ns, At safepoint: 6917 ns, Total: 251250 ns
[2025-06-05T22:57:29.758+0000][0.133s][debug][safepoint   ] Safepoint synchronization initiated using futex wait barrier. (12 threads)
[2025-06-05T22:57:29.758+0000][0.134s][info ][gc,start    ] GC(0) Pause Young (Normal) (G1 Evacuation Pause)
[2025-06-05T22:57:29.758+0000][0.134s][info ][gc,task     ] GC(0) Using 2 workers of 2 for evacuation
[2025-06-05T22:57:29.761+0000][0.137s][info ][gc,phases   ] GC(0)   Pre Evacuate Collection Set: 0.1ms
[2025-06-05T22:57:29.761+0000][0.137s][info ][gc,phases   ] GC(0)   Merge Heap Roots: 0.1ms
[2025-06-05T22:57:29.761+0000][0.137s][info ][gc,phases   ] GC(0)   Evacuate Collection Set: 2.3ms
[2025-06-05T22:57:29.761+0000][0.137s][info ][gc,phases   ] GC(0)   Post Evacuate Collection Set: 0.3ms
[2025-06-05T22:57:29.761+0000][0.137s][info ][gc,phases   ] GC(0)   Other: 0.5ms
[2025-06-05T22:57:29.762+0000][0.137s][info ][gc,heap     ] GC(0) Eden regions: 18->0(22)
[2025-06-05T22:57:29.762+0000][0.137s][info ][gc,heap     ] GC(0) Survivor regions: 0->3(3)
[2025-06-05T22:57:29.762+0000][0.137s][info ][gc,heap     ] GC(0) Old regions: 0->1
[2025-06-05T22:57:29.762+0000][0.137s][info ][gc,heap     ] GC(0) Archive regions: 2->2
[2025-06-05T22:57:29.762+0000][0.137s][info ][gc,heap     ] GC(0) Humongous regions: 0->0
[2025-06-05T22:57:29.762+0000][0.137s][info ][gc,metaspace] GC(0) Metaspace: 1967K(2176K)->1967K(2176K) NonClass: 1761K(1856K)->1761K(1856K) Class: 205K(320K)->205K(320K)
[2025-06-05T22:57:29.762+0000][0.137s][info ][gc          ] GC(0) Pause Young (Normal) (G1 Evacuation Pause) 18M->4M(66M) 3.718ms
[2025-06-05T22:57:29.762+0000][0.137s][info ][gc,cpu      ] GC(0) User=0.01s Sys=0.00s Real=0.00s
[2025-06-05T22:57:29.762+0000][0.138s][info ][safepoint   ] Safepoint "G1CollectForAllocation", Time since last: 32120500 ns, Reaching safepoint: 163417 ns, Cleanup: 23000 ns, At safepoint: 3828583 ns, Total: 4015000 ns
[2025-06-05T22:57:29.828+0000][0.204s][debug][safepoint   ] Safepoint synchronization initiated using futex wait barrier. (12 threads)
[2025-06-05T22:57:29.829+0000][0.204s][info ][gc,start    ] GC(1) Pause Young (Normal) (G1 Evacuation Pause)
[2025-06-05T22:57:29.829+0000][0.204s][info ][gc,task     ] GC(1) Using 2 workers of 2 for evacuation
[2025-06-05T22:57:29.832+0000][0.207s][info ][gc,phases   ] GC(1)   Pre Evacuate Collection Set: 0.1ms
[2025-06-05T22:57:29.832+0000][0.207s][info ][gc,phases   ] GC(1)   Merge Heap Roots: 0.0ms
[2025-06-05T22:57:29.832+0000][0.207s][info ][gc,phases   ] GC(1)   Evacuate Collection Set: 2.4ms
[2025-06-05T22:57:29.832+0000][0.207s][info ][gc,phases   ] GC(1)   Post Evacuate Collection Set: 0.3ms
[2025-06-05T22:57:29.832+0000][0.207s][info ][gc,phases   ] GC(1)   Other: 0.1ms
[2025-06-05T22:57:29.832+0000][0.208s][info ][gc,heap     ] GC(1) Eden regions: 22->0(33)
[2025-06-05T22:57:29.832+0000][0.208s][info ][gc,heap     ] GC(1) Survivor regions: 3->3(4)
[2025-06-05T22:57:29.832+0000][0.208s][info ][gc,heap     ] GC(1) Old regions: 1->4
[2025-06-05T22:57:29.832+0000][0.208s][info ][gc,heap     ] GC(1) Archive regions: 2->2
[2025-06-05T22:57:29.832+0000][0.208s][info ][gc,heap     ] GC(1) Humongous regions: 0->0
[2025-06-05T22:57:29.832+0000][0.208s][info ][gc,metaspace] GC(1) Metaspace: 2091K(2304K)->2091K(2304K) NonClass: 1885K(1984K)->1885K(1984K) Class: 206K(320K)->206K(320K)
[2025-06-05T22:57:29.832+0000][0.208s][info ][gc          ] GC(1) Pause Young (Normal) (G1 Evacuation Pause) 26M->7M(66M) 3.569ms
[2025-06-05T22:57:29.832+0000][0.208s][info ][gc,cpu      ] GC(1) User=0.01s Sys=0.00s Real=0.00s
[2025-06-05T22:57:29.832+0000][0.208s][info ][safepoint   ] Safepoint "G1CollectForAllocation", Time since last: 66459583 ns, Reaching safepoint: 205917 ns, Cleanup: 24292 ns, At safepoint: 3668708 ns, Total: 3898917 ns
[2025-06-05T22:57:29.965+0000][0.341s][debug][safepoint   ] Safepoint synchronization initiated using futex wait barrier. (12 threads)
[2025-06-05T22:57:29.965+0000][0.341s][info ][gc,start    ] GC(2) Pause Young (Normal) (G1 Evacuation Pause)
[2025-06-05T22:57:29.965+0000][0.341s][info ][gc,task     ] GC(2) Using 2 workers of 2 for evacuation
[2025-06-05T22:57:29.968+0000][0.344s][info ][gc,phases   ] GC(2)   Pre Evacuate Collection Set: 0.1ms
[2025-06-05T22:57:29.969+0000][0.344s][info ][gc,phases   ] GC(2)   Merge Heap Roots: 0.1ms
[2025-06-05T22:57:29.969+0000][0.344s][info ][gc,phases   ] GC(2)   Evacuate Collection Set: 2.4ms
[2025-06-05T22:57:29.969+0000][0.344s][info ][gc,phases   ] GC(2)   Post Evacuate Collection Set: 0.4ms
[2025-06-05T22:57:29.969+0000][0.344s][info ][gc,phases   ] GC(2)   Other: 0.2ms
[2025-06-05T22:57:29.969+0000][0.344s][info ][gc,heap     ] GC(2) Eden regions: 33->0(31)
[2025-06-05T22:57:29.969+0000][0.344s][info ][gc,heap     ] GC(2) Survivor regions: 3->3(5)
[2025-06-05T22:57:29.969+0000][0.345s][info ][gc,heap     ] GC(2) Old regions: 4->7
[2025-06-05T22:57:29.969+0000][0.345s][info ][gc,heap     ] GC(2) Archive regions: 2->2
[2025-06-05T22:57:29.969+0000][0.345s][info ][gc,heap     ] GC(2) Humongous regions: 0->0
[2025-06-05T22:57:29.969+0000][0.345s][info ][gc,metaspace] GC(2) Metaspace: 3065K(3328K)->3065K(3328K) NonClass: 2766K(2880K)->2766K(2880K) Class: 298K(448K)->298K(448K)
[2025-06-05T22:57:29.969+0000][0.345s][info ][gc          ] GC(2) Pause Young (Normal) (G1 Evacuation Pause) 40M->10M(66M) 3.756ms
[2025-06-05T22:57:29.969+0000][0.345s][info ][gc,cpu      ] GC(2) User=0.01s Sys=0.01s Real=0.01s
[2025-06-05T22:57:29.969+0000][0.345s][info ][safepoint   ] Safepoint "G1CollectForAllocation", Time since last: 132833833 ns, Reaching safepoint: 187667 ns, Cleanup: 70250 ns, At safepoint: 3873750 ns, Total: 4131667 ns
[2025-06-05T22:57:30.069+0000][0.445s][debug][safepoint   ] Safepoint synchronization initiated using futex wait barrier. (12 threads)
[2025-06-05T22:57:30.069+0000][0.445s][info ][gc,start    ] GC(3) Pause Young (Normal) (G1 Evacuation Pause)
[2025-06-05T22:57:30.069+0000][0.445s][info ][gc,task     ] GC(3) Using 2 workers of 2 for evacuation
[2025-06-05T22:57:30.071+0000][0.447s][info ][gc,phases   ] GC(3)   Pre Evacuate Collection Set: 0.1ms
[2025-06-05T22:57:30.072+0000][0.447s][info ][gc,phases   ] GC(3)   Merge Heap Roots: 0.0ms
[2025-06-05T22:57:30.072+0000][0.447s][info ][gc,phases   ] GC(3)   Evacuate Collection Set: 1.5ms
[2025-06-05T22:57:30.072+0000][0.447s][info ][gc,phases   ] GC(3)   Post Evacuate Collection Set: 0.4ms
[2025-06-05T22:57:30.072+0000][0.447s][info ][gc,phases   ] GC(3)   Other: 0.1ms
[2025-06-05T22:57:30.072+0000][0.447s][info ][gc,heap     ] GC(3) Eden regions: 31->0(33)
[2025-06-05T22:57:30.072+0000][0.447s][info ][gc,heap     ] GC(3) Survivor regions: 3->4(5)
[2025-06-05T22:57:30.072+0000][0.447s][info ][gc,heap     ] GC(3) Old regions: 7->7
[2025-06-05T22:57:30.072+0000][0.447s][info ][gc,heap     ] GC(3) Archive regions: 2->2
[2025-06-05T22:57:30.072+0000][0.447s][info ][gc,heap     ] GC(3) Humongous regions: 0->0
[2025-06-05T22:57:30.072+0000][0.448s][info ][gc,metaspace] GC(3) Metaspace: 4578K(4800K)->4578K(4800K) NonClass: 4060K(4160K)->4060K(4160K) Class: 518K(640K)->518K(640K)
[2025-06-05T22:57:30.072+0000][0.448s][info ][gc          ] GC(3) Pause Young (Normal) (G1 Evacuation Pause) 41M->11M(66M) 2.795ms
[2025-06-05T22:57:30.072+0000][0.448s][info ][gc,cpu      ] GC(3) User=0.01s Sys=0.00s Real=0.00s
[2025-06-05T22:57:30.072+0000][0.448s][info ][safepoint   ] Safepoint "G1CollectForAllocation", Time since last: 99702208 ns, Reaching safepoint: 199042 ns, Cleanup: 52500 ns, At safepoint: 2896667 ns, Total: 3148209 ns
[2025-06-05T22:57:30.165+0000][0.541s][debug][safepoint   ] Safepoint synchronization initiated using futex wait barrier. (13 threads)
[2025-06-05T22:57:30.166+0000][0.541s][info ][gc,start    ] GC(4) Pause Young (Normal) (G1 Evacuation Pause)
[2025-06-05T22:57:30.166+0000][0.541s][info ][gc,task     ] GC(4) Using 2 workers of 2 for evacuation
[2025-06-05T22:57:30.168+0000][0.544s][info ][gc,phases   ] GC(4)   Pre Evacuate Collection Set: 0.1ms
[2025-06-05T22:57:30.169+0000][0.544s][info ][gc,phases   ] GC(4)   Merge Heap Roots: 0.1ms
[2025-06-05T22:57:30.169+0000][0.544s][info ][gc,phases   ] GC(4)   Evacuate Collection Set: 2.2ms
[2025-06-05T22:57:30.169+0000][0.544s][info ][gc,phases   ] GC(4)   Post Evacuate Collection Set: 0.4ms
[2025-06-05T22:57:30.169+0000][0.544s][info ][gc,phases   ] GC(4)   Other: 0.2ms
[2025-06-05T22:57:30.169+0000][0.544s][info ][gc,heap     ] GC(4) Eden regions: 33->0(46)
[2025-06-05T22:57:30.169+0000][0.544s][info ][gc,heap     ] GC(4) Survivor regions: 4->2(5)
[2025-06-05T22:57:30.169+0000][0.545s][info ][gc,heap     ] GC(4) Old regions: 7->10
[2025-06-05T22:57:30.169+0000][0.545s][info ][gc,heap     ] GC(4) Archive regions: 2->2
[2025-06-05T22:57:30.169+0000][0.545s][info ][gc,heap     ] GC(4) Humongous regions: 0->0
[2025-06-05T22:57:30.169+0000][0.545s][info ][gc,metaspace] GC(4) Metaspace: 5789K(6016K)->5789K(6016K) NonClass: 5076K(5184K)->5076K(5184K) Class: 713K(832K)->713K(832K)
[2025-06-05T22:57:30.169+0000][0.545s][info ][gc          ] GC(4) Pause Young (Normal) (G1 Evacuation Pause) 44M->11M(80M) 3.591ms
[2025-06-05T22:57:30.169+0000][0.545s][info ][gc,cpu      ] GC(4) User=0.01s Sys=0.00s Real=0.00s
[2025-06-05T22:57:30.169+0000][0.545s][info ][safepoint   ] Safepoint "G1CollectForAllocation", Time since last: 93103000 ns, Reaching safepoint: 200500 ns, Cleanup: 129667 ns, At safepoint: 3703291 ns, Total: 4033458 ns
[2025-06-05T22:57:30.353+0000][0.729s][debug][safepoint   ] Safepoint synchronization initiated using futex wait barrier. (13 threads)
[2025-06-05T22:57:30.354+0000][0.729s][info ][gc,start    ] GC(5) Pause Young (Normal) (G1 Evacuation Pause)
[2025-06-05T22:57:30.354+0000][0.729s][info ][gc,task     ] GC(5) Using 2 workers of 2 for evacuation
[2025-06-05T22:57:30.356+0000][0.732s][info ][gc,phases   ] GC(5)   Pre Evacuate Collection Set: 0.1ms
[2025-06-05T22:57:30.356+0000][0.732s][info ][gc,phases   ] GC(5)   Merge Heap Roots: 0.0ms
[2025-06-05T22:57:30.356+0000][0.732s][info ][gc,phases   ] GC(5)   Evacuate Collection Set: 1.7ms
[2025-06-05T22:57:30.356+0000][0.732s][info ][gc,phases   ] GC(5)   Post Evacuate Collection Set: 0.3ms
[2025-06-05T22:57:30.356+0000][0.732s][info ][gc,phases   ] GC(5)   Other: 0.1ms
[2025-06-05T22:57:30.356+0000][0.732s][info ][gc,heap     ] GC(5) Eden regions: 46->0(45)
[2025-06-05T22:57:30.356+0000][0.732s][info ][gc,heap     ] GC(5) Survivor regions: 2->3(6)
[2025-06-05T22:57:30.356+0000][0.732s][info ][gc,heap     ] GC(5) Old regions: 10->10
[2025-06-05T22:57:30.356+0000][0.732s][info ][gc,heap     ] GC(5) Archive regions: 2->2
[2025-06-05T22:57:30.357+0000][0.732s][info ][gc,heap     ] GC(5) Humongous regions: 0->0
[2025-06-05T22:57:30.357+0000][0.732s][info ][gc,metaspace] GC(5) Metaspace: 7961K(8256K)->7961K(8256K) NonClass: 6960K(7104K)->6960K(7104K) Class: 1000K(1152K)->1000K(1152K)
[2025-06-05T22:57:30.357+0000][0.732s][info ][gc          ] GC(5) Pause Young (Normal) (G1 Evacuation Pause) 57M->12M(80M) 2.892ms
[2025-06-05T22:57:30.357+0000][0.732s][info ][gc,cpu      ] GC(5) User=0.01s Sys=0.00s Real=0.01s
[2025-06-05T22:57:30.357+0000][0.732s][info ][safepoint   ] Safepoint "G1CollectForAllocation", Time since last: 184277125 ns, Reaching safepoint: 184417 ns, Cleanup: 61750 ns, At safepoint: 3028542 ns, Total: 3274709 ns
[2025-06-05T22:57:30.498+0000][0.873s][debug][safepoint   ] Safepoint synchronization initiated using futex wait barrier. (13 threads)
[2025-06-05T22:57:30.498+0000][0.873s][info ][gc,start    ] GC(6) Pause Young (Normal) (G1 Evacuation Pause)
[2025-06-05T22:57:30.498+0000][0.873s][info ][gc,task     ] GC(6) Using 2 workers of 2 for evacuation
[2025-06-05T22:57:30.501+0000][0.876s][info ][gc,phases   ] GC(6)   Pre Evacuate Collection Set: 0.1ms
[2025-06-05T22:57:30.501+0000][0.877s][info ][gc,phases   ] GC(6)   Merge Heap Roots: 0.1ms
[2025-06-05T22:57:30.501+0000][0.877s][info ][gc,phases   ] GC(6)   Evacuate Collection Set: 2.3ms
[2025-06-05T22:57:30.501+0000][0.877s][info ][gc,phases   ] GC(6)   Post Evacuate Collection Set: 0.4ms
[2025-06-05T22:57:30.501+0000][0.877s][info ][gc,phases   ] GC(6)   Other: 0.1ms
[2025-06-05T22:57:30.501+0000][0.877s][info ][gc,heap     ] GC(6) Eden regions: 45->0(44)
[2025-06-05T22:57:30.501+0000][0.877s][info ][gc,heap     ] GC(6) Survivor regions: 3->4(6)
[2025-06-05T22:57:30.501+0000][0.877s][info ][gc,heap     ] GC(6) Old regions: 10->10
[2025-06-05T22:57:30.501+0000][0.877s][info ][gc,heap     ] GC(6) Archive regions: 2->2
[2025-06-05T22:57:30.501+0000][0.877s][info ][gc,heap     ] GC(6) Humongous regions: 0->0
[2025-06-05T22:57:30.501+0000][0.877s][info ][gc,metaspace] GC(6) Metaspace: 10284K(10560K)->10284K(10560K) NonClass: 8957K(9088K)->8957K(9088K) Class: 1327K(1472K)->1327K(1472K)
[2025-06-05T22:57:30.501+0000][0.877s][info ][gc          ] GC(6) Pause Young (Normal) (G1 Evacuation Pause) 57M->13M(80M) 3.572ms
[2025-06-05T22:57:30.501+0000][0.877s][info ][gc,cpu      ] GC(6) User=0.00s Sys=0.00s Real=0.00s
[2025-06-05T22:57:30.501+0000][0.877s][info ][safepoint   ] Safepoint "G1CollectForAllocation", Time since last: 140813041 ns, Reaching safepoint: 195042 ns, Cleanup: 51583 ns, At safepoint: 3673875 ns, Total: 3920500 ns
[2025-06-05T22:57:30.601+0000][0.976s][debug][safepoint   ] Safepoint synchronization initiated using futex wait barrier. (13 threads)
[2025-06-05T22:57:30.601+0000][0.977s][info ][gc,start    ] GC(7) Pause Young (Normal) (G1 Evacuation Pause)
[2025-06-05T22:57:30.601+0000][0.977s][info ][gc,task     ] GC(7) Using 2 workers of 2 for evacuation
[2025-06-05T22:57:30.612+0000][0.988s][info ][gc,phases   ] GC(7)   Pre Evacuate Collection Set: 0.1ms
[2025-06-05T22:57:30.612+0000][0.988s][info ][gc,phases   ] GC(7)   Merge Heap Roots: 0.1ms
[2025-06-05T22:57:30.612+0000][0.988s][info ][gc,phases   ] GC(7)   Evacuate Collection Set: 10.4ms
[2025-06-05T22:57:30.612+0000][0.988s][info ][gc,phases   ] GC(7)   Post Evacuate Collection Set: 0.3ms
[2025-06-05T22:57:30.612+0000][0.988s][info ][gc,phases   ] GC(7)   Other: 0.2ms
[2025-06-05T22:57:30.612+0000][0.988s][info ][gc,heap     ] GC(7) Eden regions: 44->0(45)
[2025-06-05T22:57:30.612+0000][0.988s][info ][gc,heap     ] GC(7) Survivor regions: 4->3(6)
[2025-06-05T22:57:30.612+0000][0.988s][info ][gc,heap     ] GC(7) Old regions: 10->10
[2025-06-05T22:57:30.612+0000][0.988s][info ][gc,heap     ] GC(7) Archive regions: 2->2
[2025-06-05T22:57:30.612+0000][0.988s][info ][gc,heap     ] GC(7) Humongous regions: 0->0
[2025-06-05T22:57:30.612+0000][0.988s][info ][gc,metaspace] GC(7) Metaspace: 11222K(11520K)->11222K(11520K) NonClass: 9752K(9920K)->9752K(9920K) Class: 1470K(1600K)->1470K(1600K)
[2025-06-05T22:57:30.613+0000][0.988s][info ][gc          ] GC(7) Pause Young (Normal) (G1 Evacuation Pause) 57M->13M(80M) 11.488ms
[2025-06-05T22:57:30.613+0000][0.988s][info ][gc,cpu      ] GC(7) User=0.01s Sys=0.00s Real=0.01s
[2025-06-05T22:57:30.613+0000][0.988s][info ][safepoint   ] Safepoint "G1CollectForAllocation", Time since last: 99319000 ns, Reaching safepoint: 195625 ns, Cleanup: 31167 ns, At safepoint: 11594250 ns, Total: 11821042 ns
[2025-06-05T22:57:30.648+0000][1.023s][debug][safepoint   ] Safepoint synchronization initiated using futex wait barrier. (13 threads)
[2025-06-05T22:57:30.648+0000][1.024s][info ][safepoint   ] Safepoint "ICBufferFull", Time since last: 35229625 ns, Reaching safepoint: 158500 ns, Cleanup: 48458 ns, At safepoint: 4500 ns, Total: 211458 ns
[2025-06-05T22:57:30.715+0000][1.090s][debug][safepoint   ] Safepoint synchronization initiated using futex wait barrier. (13 threads)
[2025-06-05T22:57:30.716+0000][1.091s][info ][safepoint   ] Safepoint "ICBufferFull", Time since last: 66795417 ns, Reaching safepoint: 690125 ns, Cleanup: 80167 ns, At safepoint: 7166 ns, Total: 777458 ns
[2025-06-05T22:57:30.770+0000][1.145s][debug][safepoint   ] Safepoint synchronization initiated using futex wait barrier. (14 threads)
[2025-06-05T22:57:30.771+0000][1.146s][info ][safepoint   ] Safepoint "ICBufferFull", Time since last: 54139125 ns, Reaching safepoint: 803459 ns, Cleanup: 82500 ns, At safepoint: 6541 ns, Total: 892500 ns
[2025-06-05T22:57:30.815+0000][1.191s][debug][safepoint   ] Safepoint synchronization initiated using futex wait barrier. (14 threads)
[2025-06-05T22:57:30.815+0000][1.191s][info ][gc,start    ] GC(8) Pause Young (Normal) (G1 Evacuation Pause)
[2025-06-05T22:57:30.816+0000][1.191s][info ][gc,task     ] GC(8) Using 2 workers of 2 for evacuation
[2025-06-05T22:57:30.820+0000][1.195s][info ][gc,phases   ] GC(8)   Pre Evacuate Collection Set: 0.1ms
[2025-06-05T22:57:30.820+0000][1.195s][info ][gc,phases   ] GC(8)   Merge Heap Roots: 0.1ms
[2025-06-05T22:57:30.820+0000][1.195s][info ][gc,phases   ] GC(8)   Evacuate Collection Set: 3.4ms
[2025-06-05T22:57:30.820+0000][1.195s][info ][gc,phases   ] GC(8)   Post Evacuate Collection Set: 0.5ms
[2025-06-05T22:57:30.820+0000][1.196s][info ][gc,phases   ] GC(8)   Other: 0.2ms
[2025-06-05T22:57:30.820+0000][1.196s][info ][gc,heap     ] GC(8) Eden regions: 45->0(43)
[2025-06-05T22:57:30.820+0000][1.196s][info ][gc,heap     ] GC(8) Survivor regions: 3->5(6)
[2025-06-05T22:57:30.820+0000][1.196s][info ][gc,heap     ] GC(8) Old regions: 10->10
[2025-06-05T22:57:30.820+0000][1.196s][info ][gc,heap     ] GC(8) Archive regions: 2->2
[2025-06-05T22:57:30.820+0000][1.196s][info ][gc,heap     ] GC(8) Humongous regions: 0->0
[2025-06-05T22:57:30.820+0000][1.196s][info ][gc,metaspace] GC(8) Metaspace: 13104K(13440K)->13104K(13440K) NonClass: 11401K(11584K)->11401K(11584K) Class: 1702K(1856K)->1702K(1856K)
[2025-06-05T22:57:30.820+0000][1.196s][info ][gc          ] GC(8) Pause Young (Normal) (G1 Evacuation Pause) 58M->15M(80M) 4.808ms
[2025-06-05T22:57:30.820+0000][1.196s][info ][gc,cpu      ] GC(8) User=0.00s Sys=0.00s Real=0.01s
[2025-06-05T22:57:30.820+0000][1.196s][info ][safepoint   ] Safepoint "G1CollectForAllocation", Time since last: 44567459 ns, Reaching safepoint: 147916 ns, Cleanup: 34500 ns, At safepoint: 4914334 ns, Total: 5096750 ns
[2025-06-05T22:57:30.843+0000][1.219s][debug][safepoint   ] Safepoint synchronization initiated using futex wait barrier. (14 threads)
[2025-06-05T22:57:30.844+0000][1.219s][info ][safepoint   ] Safepoint "ICBufferFull", Time since last: 23069541 ns, Reaching safepoint: 128834 ns, Cleanup: 111208 ns, At safepoint: 1292 ns, Total: 241334 ns
[2025-06-05T22:57:30.934+0000][1.310s][debug][safepoint   ] Safepoint synchronization initiated using futex wait barrier. (14 threads)
[2025-06-05T22:57:30.935+0000][1.310s][info ][gc,start    ] GC(9) Pause Young (Normal) (G1 Evacuation Pause)
[2025-06-05T22:57:30.935+0000][1.310s][info ][gc,task     ] GC(9) Using 2 workers of 2 for evacuation
[2025-06-05T22:57:30.939+0000][1.315s][info ][gc,phases   ] GC(9)   Pre Evacuate Collection Set: 0.1ms
[2025-06-05T22:57:30.939+0000][1.315s][info ][gc,phases   ] GC(9)   Merge Heap Roots: 0.1ms
[2025-06-05T22:57:30.939+0000][1.315s][info ][gc,phases   ] GC(9)   Evacuate Collection Set: 3.6ms
[2025-06-05T22:57:30.939+0000][1.315s][info ][gc,phases   ] GC(9)   Post Evacuate Collection Set: 0.6ms
[2025-06-05T22:57:30.939+0000][1.315s][info ][gc,phases   ] GC(9)   Other: 0.1ms
[2025-06-05T22:57:30.939+0000][1.315s][info ][gc,heap     ] GC(9) Eden regions: 43->0(63)
[2025-06-05T22:57:30.940+0000][1.315s][info ][gc,heap     ] GC(9) Survivor regions: 5->3(6)
[2025-06-05T22:57:30.940+0000][1.315s][info ][gc,heap     ] GC(9) Old regions: 10->13
[2025-06-05T22:57:30.940+0000][1.315s][info ][gc,heap     ] GC(9) Archive regions: 2->2
[2025-06-05T22:57:30.940+0000][1.315s][info ][gc,heap     ] GC(9) Humongous regions: 0->0
[2025-06-05T22:57:30.940+0000][1.315s][info ][gc,metaspace] GC(9) Metaspace: 14485K(14848K)->14485K(14848K) NonClass: 12612K(12800K)->12612K(12800K) Class: 1872K(2048K)->1872K(2048K)
[2025-06-05T22:57:30.940+0000][1.315s][info ][gc          ] GC(9) Pause Young (Normal) (G1 Evacuation Pause) 58M->16M(111M) 5.059ms
[2025-06-05T22:57:30.940+0000][1.315s][info ][gc,cpu      ] GC(9) User=0.01s Sys=0.00s Real=0.01s
[2025-06-05T22:57:30.940+0000][1.316s][info ][safepoint   ] Safepoint "G1CollectForAllocation", Time since last: 90841917 ns, Reaching safepoint: 194166 ns, Cleanup: 32584 ns, At safepoint: 5175625 ns, Total: 5402375 ns
[2025-06-05T22:57:31.081+0000][1.457s][debug][safepoint   ] Safepoint synchronization initiated using futex wait barrier. (14 threads)
[2025-06-05T22:57:31.082+0000][1.457s][info ][gc,start    ] GC(10) Pause Young (Normal) (G1 Evacuation Pause)
[2025-06-05T22:57:31.082+0000][1.457s][info ][gc,task     ] GC(10) Using 2 workers of 2 for evacuation
[2025-06-05T22:57:31.085+0000][1.461s][info ][gc,phases   ] GC(10)   Pre Evacuate Collection Set: 0.1ms
[2025-06-05T22:57:31.085+0000][1.461s][info ][gc,phases   ] GC(10)   Merge Heap Roots: 0.0ms
[2025-06-05T22:57:31.085+0000][1.461s][info ][gc,phases   ] GC(10)   Evacuate Collection Set: 2.5ms
[2025-06-05T22:57:31.085+0000][1.461s][info ][gc,phases   ] GC(10)   Post Evacuate Collection Set: 0.4ms
[2025-06-05T22:57:31.085+0000][1.461s][info ][gc,phases   ] GC(10)   Other: 0.2ms
[2025-06-05T22:57:31.085+0000][1.461s][info ][gc,heap     ] GC(10) Eden regions: 63->0(62)
[2025-06-05T22:57:31.085+0000][1.461s][info ][gc,heap     ] GC(10) Survivor regions: 3->4(9)
[2025-06-05T22:57:31.085+0000][1.461s][info ][gc,heap     ] GC(10) Old regions: 13->13
[2025-06-05T22:57:31.085+0000][1.461s][info ][gc,heap     ] GC(10) Archive regions: 2->2
[2025-06-05T22:57:31.085+0000][1.461s][info ][gc,heap     ] GC(10) Humongous regions: 0->0
[2025-06-05T22:57:31.085+0000][1.461s][info ][gc,metaspace] GC(10) Metaspace: 16085K(16448K)->16085K(16448K) NonClass: 13898K(14080K)->13898K(14080K) Class: 2186K(2368K)->2186K(2368K)
[2025-06-05T22:57:31.085+0000][1.461s][info ][gc          ] GC(10) Pause Young (Normal) (G1 Evacuation Pause) 79M->16M(111M) 3.796ms
[2025-06-05T22:57:31.086+0000][1.461s][info ][gc,cpu      ] GC(10) User=0.01s Sys=0.00s Real=0.01s
[2025-06-05T22:57:31.086+0000][1.461s][info ][safepoint   ] Safepoint "G1CollectForAllocation", Time since last: 141572458 ns, Reaching safepoint: 176500 ns, Cleanup: 47750 ns, At safepoint: 3909042 ns, Total: 4133292 ns
[2025-06-05T22:57:31.132+0000][1.508s][info ][cds,heap    ] initialize_from_archived_subgraph java.lang.Byte$ByteCache 0x00000008000395f8
[2025-06-05T22:57:31.133+0000][1.508s][info ][cds,heap    ] initialize_from_archived_subgraph java.lang.Short$ShortCache 0x000000080003fce8
[2025-06-05T22:57:31.141+0000][1.517s][debug][safepoint   ] ... found polling page loop exception at pc = 0x0000ffff70ffa4c8, stub =0x0000ffff7097ef00
[2025-06-05T22:57:31.200+0000][1.575s][debug][safepoint   ] Safepoint synchronization initiated using futex wait barrier. (14 threads)
[2025-06-05T22:57:31.201+0000][1.576s][info ][safepoint   ] Safepoint "ICBufferFull", Time since last: 114098250 ns, Reaching safepoint: 921666 ns, Cleanup: 72792 ns, At safepoint: 5667 ns, Total: 1000125 ns
[2025-06-05T22:57:31.230+0000][1.605s][debug][safepoint   ] Safepoint synchronization initiated using futex wait barrier. (14 threads)
[2025-06-05T22:57:31.230+0000][1.606s][info ][gc,start    ] GC(11) Pause Young (Normal) (G1 Evacuation Pause)
[2025-06-05T22:57:31.230+0000][1.606s][info ][gc,task     ] GC(11) Using 2 workers of 2 for evacuation
[2025-06-05T22:57:31.234+0000][1.610s][info ][gc,phases   ] GC(11)   Pre Evacuate Collection Set: 0.1ms
[2025-06-05T22:57:31.234+0000][1.610s][info ][gc,phases   ] GC(11)   Merge Heap Roots: 0.1ms
[2025-06-05T22:57:31.234+0000][1.610s][info ][gc,phases   ] GC(11)   Evacuate Collection Set: 3.1ms
[2025-06-05T22:57:31.234+0000][1.610s][info ][gc,phases   ] GC(11)   Post Evacuate Collection Set: 0.4ms
[2025-06-05T22:57:31.234+0000][1.610s][info ][gc,phases   ] GC(11)   Other: 0.2ms
[2025-06-05T22:57:31.234+0000][1.610s][info ][gc,heap     ] GC(11) Eden regions: 62->0(61)
[2025-06-05T22:57:31.234+0000][1.610s][info ][gc,heap     ] GC(11) Survivor regions: 4->5(9)
[2025-06-05T22:57:31.234+0000][1.610s][info ][gc,heap     ] GC(11) Old regions: 13->13
[2025-06-05T22:57:31.234+0000][1.610s][info ][gc,heap     ] GC(11) Archive regions: 2->2
[2025-06-05T22:57:31.234+0000][1.610s][info ][gc,heap     ] GC(11) Humongous regions: 0->0
[2025-06-05T22:57:31.234+0000][1.610s][info ][gc,metaspace] GC(11) Metaspace: 19233K(19520K)->19233K(19520K) NonClass: 16715K(16896K)->16715K(16896K) Class: 2518K(2624K)->2518K(2624K)
[2025-06-05T22:57:31.234+0000][1.610s][info ][gc          ] GC(11) Pause Young (Normal) (G1 Evacuation Pause) 78M->17M(111M) 4.414ms
[2025-06-05T22:57:31.235+0000][1.610s][info ][gc,cpu      ] GC(11) User=0.00s Sys=0.00s Real=0.00s
[2025-06-05T22:57:31.235+0000][1.610s][info ][safepoint   ] Safepoint "G1CollectForAllocation", Time since last: 29186583 ns, Reaching safepoint: 153583 ns, Cleanup: 29834 ns, At safepoint: 4521333 ns, Total: 4704750 ns
[2025-06-05T22:57:31.339+0000][1.715s][debug][safepoint   ] Safepoint synchronization initiated using futex wait barrier. (14 threads)
[2025-06-05T22:57:31.339+0000][1.715s][info ][gc,start    ] GC(12) Pause Young (Concurrent Start) (Metadata GC Threshold)
[2025-06-05T22:57:31.340+0000][1.715s][info ][gc,task     ] GC(12) Using 2 workers of 2 for evacuation
[2025-06-05T22:57:31.344+0000][1.720s][info ][gc,phases   ] GC(12)   Pre Evacuate Collection Set: 0.1ms
[2025-06-05T22:57:31.344+0000][1.720s][info ][gc,phases   ] GC(12)   Merge Heap Roots: 0.1ms
[2025-06-05T22:57:31.344+0000][1.720s][info ][gc,phases   ] GC(12)   Evacuate Collection Set: 3.7ms
[2025-06-05T22:57:31.344+0000][1.720s][info ][gc,phases   ] GC(12)   Post Evacuate Collection Set: 0.5ms
[2025-06-05T22:57:31.344+0000][1.720s][info ][gc,phases   ] GC(12)   Other: 0.2ms
[2025-06-05T22:57:31.344+0000][1.720s][info ][gc,heap     ] GC(12) Eden regions: 45->0(59)
[2025-06-05T22:57:31.344+0000][1.720s][info ][gc,heap     ] GC(12) Survivor regions: 5->7(9)
[2025-06-05T22:57:31.344+0000][1.720s][info ][gc,heap     ] GC(12) Old regions: 13->13
[2025-06-05T22:57:31.344+0000][1.720s][info ][gc,heap     ] GC(12) Archive regions: 2->2
[2025-06-05T22:57:31.344+0000][1.720s][info ][gc,heap     ] GC(12) Humongous regions: 0->0
[2025-06-05T22:57:31.345+0000][1.720s][info ][gc,metaspace] GC(12) Metaspace: 21249K(21504K)->21249K(21504K) NonClass: 18469K(18624K)->18469K(18624K) Class: 2780K(2880K)->2780K(2880K)
[2025-06-05T22:57:31.345+0000][1.720s][info ][gc          ] GC(12) Pause Young (Concurrent Start) (Metadata GC Threshold) 62M->19M(111M) 5.114ms
[2025-06-05T22:57:31.345+0000][1.720s][info ][gc,cpu      ] GC(12) User=0.01s Sys=0.00s Real=0.00s
[2025-06-05T22:57:31.345+0000][1.720s][info ][safepoint   ] Safepoint "CollectForMetadataAllocation", Time since last: 104684250 ns, Reaching safepoint: 194292 ns, Cleanup: 21916 ns, At safepoint: 5240917 ns, Total: 5457125 ns
[2025-06-05T22:57:31.345+0000][1.720s][info ][gc          ] GC(13) Concurrent Mark Cycle
[2025-06-05T22:57:31.345+0000][1.721s][info ][gc,marking  ] GC(13) Concurrent Clear Claimed Marks
[2025-06-05T22:57:31.345+0000][1.721s][info ][gc,marking  ] GC(13) Concurrent Clear Claimed Marks 0.139ms
[2025-06-05T22:57:31.345+0000][1.721s][info ][gc,marking  ] GC(13) Concurrent Scan Root Regions
[2025-06-05T22:57:31.347+0000][1.723s][info ][gc,marking  ] GC(13) Concurrent Scan Root Regions 2.314ms
[2025-06-05T22:57:31.348+0000][1.723s][info ][gc,marking  ] GC(13) Concurrent Mark
[2025-06-05T22:57:31.348+0000][1.723s][info ][gc,marking  ] GC(13) Concurrent Mark From Roots
[2025-06-05T22:57:31.348+0000][1.723s][info ][gc,task     ] GC(13) Using 1 workers of 1 for marking
[2025-06-05T22:57:31.357+0000][1.732s][info ][gc,marking  ] GC(13) Concurrent Mark From Roots 8.846ms
[2025-06-05T22:57:31.358+0000][1.733s][info ][gc,marking  ] GC(13) Concurrent Preclean
[2025-06-05T22:57:31.358+0000][1.734s][info ][gc,marking  ] GC(13) Concurrent Preclean 0.220ms
[2025-06-05T22:57:31.361+0000][1.736s][debug][safepoint   ] Safepoint synchronization initiated using futex wait barrier. (14 threads)
[2025-06-05T22:57:31.361+0000][1.736s][info ][gc,start    ] GC(13) Pause Remark
[2025-06-05T22:57:31.363+0000][1.738s][info ][gc          ] GC(13) Pause Remark 25M->25M(94M) 1.972ms
[2025-06-05T22:57:31.363+0000][1.738s][info ][gc,cpu      ] GC(13) User=0.01s Sys=0.00s Real=0.00s
[2025-06-05T22:57:31.363+0000][1.738s][info ][safepoint   ] Safepoint "G1PauseRemark", Time since last: 15817917 ns, Reaching safepoint: 118333 ns, Cleanup: 19375 ns, At safepoint: 2141875 ns, Total: 2279583 ns
[2025-06-05T22:57:31.363+0000][1.739s][info ][gc,marking  ] GC(13) Concurrent Mark 15.360ms
[2025-06-05T22:57:31.363+0000][1.739s][info ][gc,marking  ] GC(13) Concurrent Rebuild Remembered Sets
[2025-06-05T22:57:31.363+0000][1.739s][debug][safepoint   ] Safepoint synchronization initiated using futex wait barrier. (14 threads)
[2025-06-05T22:57:31.363+0000][1.739s][info ][safepoint   ] Safepoint "CollectForMetadataAllocation", Time since last: 185333 ns, Reaching safepoint: 189917 ns, Cleanup: 2250 ns, At safepoint: 8500 ns, Total: 200667 ns
[2025-06-05T22:57:31.363+0000][1.739s][debug][safepoint   ] Safepoint synchronization initiated using futex wait barrier. (14 threads)
[2025-06-05T22:57:31.364+0000][1.739s][info ][safepoint   ] Safepoint "CollectForMetadataAllocation", Time since last: 210417 ns, Reaching safepoint: 105416 ns, Cleanup: 1625 ns, At safepoint: 7875 ns, Total: 114916 ns
[2025-06-05T22:57:31.368+0000][1.744s][info ][gc,marking  ] GC(13) Concurrent Rebuild Remembered Sets 5.417ms
[2025-06-05T22:57:31.370+0000][1.745s][debug][safepoint   ] Safepoint synchronization initiated using futex wait barrier. (14 threads)
[2025-06-05T22:57:31.371+0000][1.746s][info ][gc,start    ] GC(13) Pause Cleanup
[2025-06-05T22:57:31.371+0000][1.746s][info ][gc          ] GC(13) Pause Cleanup 27M->27M(94M) 0.153ms
[2025-06-05T22:57:31.371+0000][1.746s][info ][gc,cpu      ] GC(13) User=0.00s Sys=0.00s Real=0.00s
[2025-06-05T22:57:31.371+0000][1.746s][info ][safepoint   ] Safepoint "G1PauseCleanup", Time since last: 6091084 ns, Reaching safepoint: 951666 ns, Cleanup: 13000 ns, At safepoint: 275500 ns, Total: 1240166 ns
[2025-06-05T22:57:31.371+0000][1.747s][info ][gc,marking  ] GC(13) Concurrent Cleanup for Next Mark
[2025-06-05T22:57:31.372+0000][1.747s][info ][gc,marking  ] GC(13) Concurrent Cleanup for Next Mark 0.400ms
[2025-06-05T22:57:31.372+0000][1.748s][info ][gc          ] GC(13) Concurrent Mark Cycle 27.242ms
[2025-06-05T22:57:31.525+0000][1.901s][debug][safepoint   ] Safepoint synchronization initiated using futex wait barrier. (13 threads)
[2025-06-05T22:57:31.525+0000][1.901s][info ][safepoint   ] Safepoint "ICBufferFull", Time since last: 154121292 ns, Reaching safepoint: 170958 ns, Cleanup: 84542 ns, At safepoint: 7500 ns, Total: 263000 ns
[2025-06-05T22:57:31.537+0000][1.912s][debug][safepoint   ] Safepoint synchronization initiated using futex wait barrier. (13 threads)
[2025-06-05T22:57:31.537+0000][1.913s][info ][gc,start    ] GC(14) Pause Young (Normal) (G1 Evacuation Pause)
[2025-06-05T22:57:31.537+0000][1.913s][info ][gc,task     ] GC(14) Using 2 workers of 2 for evacuation
[2025-06-05T22:57:31.543+0000][1.918s][info ][gc,phases   ] GC(14)   Pre Evacuate Collection Set: 0.1ms
[2025-06-05T22:57:31.543+0000][1.918s][info ][gc,phases   ] GC(14)   Merge Heap Roots: 0.1ms
[2025-06-05T22:57:31.543+0000][1.918s][info ][gc,phases   ] GC(14)   Evacuate Collection Set: 4.9ms
[2025-06-05T22:57:31.543+0000][1.919s][info ][gc,phases   ] GC(14)   Post Evacuate Collection Set: 0.5ms
[2025-06-05T22:57:31.543+0000][1.919s][info ][gc,phases   ] GC(14)   Other: 0.2ms
[2025-06-05T22:57:31.543+0000][1.919s][info ][gc,heap     ] GC(14) Eden regions: 59->0(49)
[2025-06-05T22:57:31.543+0000][1.919s][info ][gc,heap     ] GC(14) Survivor regions: 7->7(9)
[2025-06-05T22:57:31.543+0000][1.919s][info ][gc,heap     ] GC(14) Old regions: 13->16
[2025-06-05T22:57:31.543+0000][1.919s][info ][gc,heap     ] GC(14) Archive regions: 2->2
[2025-06-05T22:57:31.543+0000][1.919s][info ][gc,heap     ] GC(14) Humongous regions: 0->0
[2025-06-05T22:57:31.543+0000][1.919s][info ][gc,metaspace] GC(14) Metaspace: 24056K(24448K)->24056K(24448K) NonClass: 20905K(21120K)->20905K(21120K) Class: 3150K(3328K)->3150K(3328K)
[2025-06-05T22:57:31.543+0000][1.919s][info ][gc          ] GC(14) Pause Young (Normal) (G1 Evacuation Pause) 78M->22M(94M) 6.310ms
[2025-06-05T22:57:31.543+0000][1.919s][info ][gc,cpu      ] GC(14) User=0.01s Sys=0.00s Real=0.00s
[2025-06-05T22:57:31.543+0000][1.919s][info ][safepoint   ] Safepoint "G1CollectForAllocation", Time since last: 11457583 ns, Reaching safepoint: 191792 ns, Cleanup: 30583 ns, At safepoint: 6425500 ns, Total: 6647875 ns
[2025-06-05T22:57:31.586+0000][1.962s][debug][safepoint   ] Safepoint synchronization initiated using futex wait barrier. (13 threads)
[2025-06-05T22:57:31.586+0000][1.962s][info ][safepoint   ] Safepoint "ICBufferFull", Time since last: 42775917 ns, Reaching safepoint: 194834 ns, Cleanup: 62750 ns, At safepoint: 1416 ns, Total: 259000 ns
[2025-06-05T22:57:31.661+0000][2.037s][debug][safepoint   ] Safepoint synchronization initiated using futex wait barrier. (13 threads)
[2025-06-05T22:57:31.661+0000][2.037s][info ][gc,start    ] GC(15) Pause Young (Normal) (G1 Evacuation Pause)
[2025-06-05T22:57:31.661+0000][2.037s][info ][gc,task     ] GC(15) Using 2 workers of 2 for evacuation
[2025-06-05T22:57:31.668+0000][2.043s][info ][gc,phases   ] GC(15)   Pre Evacuate Collection Set: 0.1ms
[2025-06-05T22:57:31.668+0000][2.043s][info ][gc,phases   ] GC(15)   Merge Heap Roots: 0.1ms
[2025-06-05T22:57:31.668+0000][2.043s][info ][gc,phases   ] GC(15)   Evacuate Collection Set: 5.3ms
[2025-06-05T22:57:31.668+0000][2.043s][info ][gc,phases   ] GC(15)   Post Evacuate Collection Set: 0.7ms
[2025-06-05T22:57:31.668+0000][2.044s][info ][gc,phases   ] GC(15)   Other: 0.1ms
[2025-06-05T22:57:31.668+0000][2.044s][info ][gc,heap     ] GC(15) Eden regions: 49->0(60)
[2025-06-05T22:57:31.668+0000][2.044s][info ][gc,heap     ] GC(15) Survivor regions: 7->7(7)
[2025-06-05T22:57:31.668+0000][2.044s][info ][gc,heap     ] GC(15) Old regions: 16->20
[2025-06-05T22:57:31.668+0000][2.044s][info ][gc,heap     ] GC(15) Archive regions: 2->2
[2025-06-05T22:57:31.668+0000][2.044s][info ][gc,heap     ] GC(15) Humongous regions: 0->0
[2025-06-05T22:57:31.668+0000][2.044s][info ][gc,metaspace] GC(15) Metaspace: 24388K(24768K)->24388K(24768K) NonClass: 21214K(21376K)->21214K(21376K) Class: 3173K(3392K)->3173K(3392K)
[2025-06-05T22:57:31.668+0000][2.044s][info ][gc          ] GC(15) Pause Young (Normal) (G1 Evacuation Pause) 71M->25M(113M) 6.800ms
[2025-06-05T22:57:31.668+0000][2.044s][info ][gc,cpu      ] GC(15) User=0.02s Sys=0.00s Real=0.01s
[2025-06-05T22:57:31.668+0000][2.044s][info ][safepoint   ] Safepoint "G1CollectForAllocation", Time since last: 74659792 ns, Reaching safepoint: 275667 ns, Cleanup: 53291 ns, At safepoint: 6907334 ns, Total: 7236292 ns
[2025-06-05T22:57:31.763+0000][2.138s][debug][safepoint   ] Safepoint synchronization initiated using futex wait barrier. (13 threads)
[2025-06-05T22:57:31.763+0000][2.139s][info ][gc,start    ] GC(16) Pause Young (Normal) (G1 Evacuation Pause)
[2025-06-05T22:57:31.763+0000][2.139s][info ][gc,task     ] GC(16) Using 2 workers of 2 for evacuation
[2025-06-05T22:57:31.772+0000][2.147s][info ][gc,phases   ] GC(16)   Pre Evacuate Collection Set: 0.1ms
[2025-06-05T22:57:31.772+0000][2.147s][info ][gc,phases   ] GC(16)   Merge Heap Roots: 0.1ms
[2025-06-05T22:57:31.772+0000][2.147s][info ][gc,phases   ] GC(16)   Evacuate Collection Set: 7.7ms
[2025-06-05T22:57:31.772+0000][2.147s][info ][gc,phases   ] GC(16)   Post Evacuate Collection Set: 0.7ms
[2025-06-05T22:57:31.772+0000][2.148s][info ][gc,phases   ] GC(16)   Other: 0.1ms
[2025-06-05T22:57:31.772+0000][2.148s][info ][gc,heap     ] GC(16) Eden regions: 60->0(54)
[2025-06-05T22:57:31.772+0000][2.148s][info ][gc,heap     ] GC(16) Survivor regions: 7->9(9)
[2025-06-05T22:57:31.772+0000][2.148s][info ][gc,heap     ] GC(16) Old regions: 20->24
[2025-06-05T22:57:31.772+0000][2.148s][info ][gc,heap     ] GC(16) Archive regions: 2->2
[2025-06-05T22:57:31.772+0000][2.148s][info ][gc,heap     ] GC(16) Humongous regions: 0->0
[2025-06-05T22:57:31.772+0000][2.148s][info ][gc,metaspace] GC(16) Metaspace: 24424K(24768K)->24424K(24768K) NonClass: 21240K(21376K)->21240K(21376K) Class: 3183K(3392K)->3183K(3392K)
[2025-06-05T22:57:31.772+0000][2.148s][info ][gc          ] GC(16) Pause Young (Normal) (G1 Evacuation Pause) 85M->32M(113M) 9.309ms
[2025-06-05T22:57:31.772+0000][2.148s][info ][gc,cpu      ] GC(16) User=0.02s Sys=0.00s Real=0.01s
[2025-06-05T22:57:31.772+0000][2.148s][info ][safepoint   ] Safepoint "G1CollectForAllocation", Time since last: 94436041 ns, Reaching safepoint: 164334 ns, Cleanup: 50791 ns, At safepoint: 9409834 ns, Total: 9624959 ns
[2025-06-05T22:57:31.843+0000][2.219s][debug][safepoint   ] Safepoint synchronization initiated using futex wait barrier. (13 threads)
[2025-06-05T22:57:31.843+0000][2.219s][info ][gc,start    ] GC(17) Pause Young (Normal) (G1 Evacuation Pause)
[2025-06-05T22:57:31.843+0000][2.219s][info ][gc,task     ] GC(17) Using 2 workers of 2 for evacuation
[2025-06-05T22:57:31.854+0000][2.229s][info ][gc,phases   ] GC(17)   Pre Evacuate Collection Set: 0.1ms
[2025-06-05T22:57:31.854+0000][2.229s][info ][gc,phases   ] GC(17)   Merge Heap Roots: 0.0ms
[2025-06-05T22:57:31.854+0000][2.229s][info ][gc,phases   ] GC(17)   Evacuate Collection Set: 9.3ms
[2025-06-05T22:57:31.854+0000][2.229s][info ][gc,phases   ] GC(17)   Post Evacuate Collection Set: 0.8ms
[2025-06-05T22:57:31.854+0000][2.229s][info ][gc,phases   ] GC(17)   Other: 0.2ms
[2025-06-05T22:57:31.854+0000][2.229s][info ][gc,heap     ] GC(17) Eden regions: 54->0(48)
[2025-06-05T22:57:31.854+0000][2.230s][info ][gc,heap     ] GC(17) Survivor regions: 9->6(8)
[2025-06-05T22:57:31.854+0000][2.230s][info ][gc,heap     ] GC(17) Old regions: 24->33
[2025-06-05T22:57:31.854+0000][2.230s][info ][gc,heap     ] GC(17) Archive regions: 2->2
[2025-06-05T22:57:31.854+0000][2.230s][info ][gc,heap     ] GC(17) Humongous regions: 0->0
[2025-06-05T22:57:31.854+0000][2.230s][info ][gc,metaspace] GC(17) Metaspace: 24501K(24896K)->24501K(24896K) NonClass: 21311K(21504K)->21311K(21504K) Class: 3189K(3392K)->3189K(3392K)
[2025-06-05T22:57:31.854+0000][2.230s][info ][gc          ] GC(17) Pause Young (Normal) (G1 Evacuation Pause) 86M->38M(113M) 10.980ms
[2025-06-05T22:57:31.854+0000][2.230s][info ][gc,cpu      ] GC(17) User=0.02s Sys=0.00s Real=0.01s
[2025-06-05T22:57:31.854+0000][2.230s][info ][safepoint   ] Safepoint "G1CollectForAllocation", Time since last: 70557250 ns, Reaching safepoint: 207375 ns, Cleanup: 37208 ns, At safepoint: 11096250 ns, Total: 11340833 ns
[2025-06-05T22:57:31.951+0000][2.326s][debug][safepoint   ] Safepoint synchronization initiated using futex wait barrier. (13 threads)
[2025-06-05T22:57:31.952+0000][2.327s][info ][safepoint   ] Safepoint "ICBufferFull", Time since last: 96343625 ns, Reaching safepoint: 982375 ns, Cleanup: 102458 ns, At safepoint: 9292 ns, Total: 1094125 ns
[2025-06-05T22:57:31.959+0000][2.334s][debug][safepoint   ] Safepoint synchronization initiated using futex wait barrier. (13 threads)
[2025-06-05T22:57:31.960+0000][2.335s][info ][gc,start    ] GC(18) Pause Young (Normal) (G1 Evacuation Pause)
[2025-06-05T22:57:31.960+0000][2.335s][info ][gc,task     ] GC(18) Using 2 workers of 2 for evacuation
[2025-06-05T22:57:31.967+0000][2.342s][info ][gc,phases   ] GC(18)   Pre Evacuate Collection Set: 0.1ms
[2025-06-05T22:57:31.967+0000][2.342s][info ][gc,phases   ] GC(18)   Merge Heap Roots: 0.1ms
[2025-06-05T22:57:31.967+0000][2.342s][info ][gc,phases   ] GC(18)   Evacuate Collection Set: 5.9ms
[2025-06-05T22:57:31.967+0000][2.342s][info ][gc,phases   ] GC(18)   Post Evacuate Collection Set: 0.7ms
[2025-06-05T22:57:31.967+0000][2.343s][info ][gc,phases   ] GC(18)   Other: 0.2ms
[2025-06-05T22:57:31.967+0000][2.343s][info ][gc,heap     ] GC(18) Eden regions: 48->0(44)
[2025-06-05T22:57:31.967+0000][2.343s][info ][gc,heap     ] GC(18) Survivor regions: 6->5(7)
[2025-06-05T22:57:31.967+0000][2.343s][info ][gc,heap     ] GC(18) Old regions: 33->39
[2025-06-05T22:57:31.967+0000][2.343s][info ][gc,heap     ] GC(18) Archive regions: 2->2
[2025-06-05T22:57:31.967+0000][2.343s][info ][gc,heap     ] GC(18) Humongous regions: 0->0
[2025-06-05T22:57:31.967+0000][2.343s][info ][gc,metaspace] GC(18) Metaspace: 24724K(25088K)->24724K(25088K) NonClass: 21497K(21696K)->21497K(21696K) Class: 3226K(3392K)->3226K(3392K)
[2025-06-05T22:57:31.967+0000][2.343s][info ][gc          ] GC(18) Pause Young (Normal) (G1 Evacuation Pause) 86M->44M(113M) 7.629ms
[2025-06-05T22:57:31.967+0000][2.343s][info ][gc,cpu      ] GC(18) User=0.02s Sys=0.00s Real=0.01s
[2025-06-05T22:57:31.967+0000][2.343s][info ][safepoint   ] Safepoint "G1CollectForAllocation", Time since last: 7198583 ns, Reaching safepoint: 691500 ns, Cleanup: 9542 ns, At safepoint: 7754375 ns, Total: 8455417 ns
[2025-06-05T22:57:32.053+0000][2.429s][debug][safepoint   ] Safepoint synchronization initiated using futex wait barrier. (13 threads)
[2025-06-05T22:57:32.054+0000][2.429s][info ][safepoint   ] Safepoint "ICBufferFull", Time since last: 86073750 ns, Reaching safepoint: 187125 ns, Cleanup: 102000 ns, At safepoint: 1375 ns, Total: 290500 ns
[2025-06-05T22:57:32.064+0000][2.439s][debug][safepoint   ] Safepoint synchronization initiated using futex wait barrier. (13 threads)
[2025-06-05T22:57:32.064+0000][2.440s][info ][gc,start    ] GC(19) Pause Young (Normal) (G1 Evacuation Pause)
[2025-06-05T22:57:32.064+0000][2.440s][info ][gc,task     ] GC(19) Using 2 workers of 2 for evacuation
[2025-06-05T22:57:32.072+0000][2.448s][info ][gc,phases   ] GC(19)   Pre Evacuate Collection Set: 0.1ms
[2025-06-05T22:57:32.072+0000][2.448s][info ][gc,phases   ] GC(19)   Merge Heap Roots: 0.1ms
[2025-06-05T22:57:32.072+0000][2.448s][info ][gc,phases   ] GC(19)   Evacuate Collection Set: 6.8ms
[2025-06-05T22:57:32.072+0000][2.448s][info ][gc,phases   ] GC(19)   Post Evacuate Collection Set: 1.0ms
[2025-06-05T22:57:32.072+0000][2.448s][info ][gc,phases   ] GC(19)   Other: 0.1ms
[2025-06-05T22:57:32.072+0000][2.448s][info ][gc,heap     ] GC(19) Eden regions: 44->0(107)
[2025-06-05T22:57:32.072+0000][2.448s][info ][gc,heap     ] GC(19) Survivor regions: 5->5(7)
[2025-06-05T22:57:32.072+0000][2.448s][info ][gc,heap     ] GC(19) Old regions: 39->44
[2025-06-05T22:57:32.072+0000][2.448s][info ][gc,heap     ] GC(19) Archive regions: 2->2
[2025-06-05T22:57:32.072+0000][2.448s][info ][gc,heap     ] GC(19) Humongous regions: 0->0
[2025-06-05T22:57:32.072+0000][2.448s][info ][gc,metaspace] GC(19) Metaspace: 24968K(25344K)->24968K(25344K) NonClass: 21727K(21952K)->21727K(21952K) Class: 3241K(3392K)->3241K(3392K)
[2025-06-05T22:57:32.073+0000][2.448s][info ][gc          ] GC(19) Pause Young (Normal) (G1 Evacuation Pause) 88M->48M(204M) 8.636ms
[2025-06-05T22:57:32.073+0000][2.448s][info ][gc,cpu      ] GC(19) User=0.01s Sys=0.00s Real=0.01s
[2025-06-05T22:57:32.073+0000][2.448s][info ][safepoint   ] Safepoint "G1CollectForAllocation", Time since last: 10001833 ns, Reaching safepoint: 151375 ns, Cleanup: 22667 ns, At safepoint: 8746917 ns, Total: 8920959 ns
[2025-06-05T22:57:32.125+0000][2.500s][debug][safepoint   ] Safepoint synchronization initiated using futex wait barrier. (13 threads)
[2025-06-05T22:57:32.125+0000][2.501s][info ][safepoint   ] Safepoint "ICBufferFull", Time since last: 52208958 ns, Reaching safepoint: 198750 ns, Cleanup: 61208 ns, At safepoint: 4292 ns, Total: 264250 ns
[2025-06-05T22:57:32.186+0000][2.562s][debug][safepoint   ] Safepoint synchronization initiated using futex wait barrier. (13 threads)
[2025-06-05T22:57:32.186+0000][2.562s][info ][safepoint   ] Safepoint "ICBufferFull", Time since last: 60833333 ns, Reaching safepoint: 197709 ns, Cleanup: 68916 ns, At safepoint: 7084 ns, Total: 273709 ns
[2025-06-05T22:57:32.274+0000][2.649s][debug][safepoint   ] Safepoint synchronization initiated using futex wait barrier. (13 threads)
[2025-06-05T22:57:32.274+0000][2.650s][info ][safepoint   ] Safepoint "ICBufferFull", Time since last: 87678542 ns, Reaching safepoint: 215833 ns, Cleanup: 78250 ns, At safepoint: 4750 ns, Total: 298833 ns
[2025-06-05T22:57:32.284+0000][2.659s][debug][safepoint   ] Safepoint synchronization initiated using futex wait barrier. (13 threads)
[2025-06-05T22:57:32.285+0000][2.660s][info ][gc,start    ] GC(20) Pause Young (Normal) (G1 Evacuation Pause)
[2025-06-05T22:57:32.285+0000][2.660s][info ][gc,task     ] GC(20) Using 2 workers of 2 for evacuation
[2025-06-05T22:57:32.291+0000][2.666s][info ][gc,phases   ] GC(20)   Pre Evacuate Collection Set: 0.1ms
[2025-06-05T22:57:32.291+0000][2.666s][info ][gc,phases   ] GC(20)   Merge Heap Roots: 0.1ms
[2025-06-05T22:57:32.291+0000][2.666s][info ][gc,phases   ] GC(20)   Evacuate Collection Set: 5.1ms
[2025-06-05T22:57:32.291+0000][2.667s][info ][gc,phases   ] GC(20)   Post Evacuate Collection Set: 0.6ms
[2025-06-05T22:57:32.291+0000][2.667s][info ][gc,phases   ] GC(20)   Other: 0.2ms
[2025-06-05T22:57:32.291+0000][2.667s][info ][gc,heap     ] GC(20) Eden regions: 107->0(106)
[2025-06-05T22:57:32.291+0000][2.667s][info ][gc,heap     ] GC(20) Survivor regions: 5->9(14)
[2025-06-05T22:57:32.291+0000][2.667s][info ][gc,heap     ] GC(20) Old regions: 44->44
[2025-06-05T22:57:32.291+0000][2.667s][info ][gc,heap     ] GC(20) Archive regions: 2->2
[2025-06-05T22:57:32.291+0000][2.667s][info ][gc,heap     ] GC(20) Humongous regions: 0->0
[2025-06-05T22:57:32.291+0000][2.667s][info ][gc,metaspace] GC(20) Metaspace: 25147K(25536K)->25147K(25536K) NonClass: 21892K(22080K)->21892K(22080K) Class: 3254K(3456K)->3254K(3456K)
[2025-06-05T22:57:32.291+0000][2.667s][info ][gc          ] GC(20) Pause Young (Normal) (G1 Evacuation Pause) 155M->52M(204M) 6.654ms
[2025-06-05T22:57:32.291+0000][2.667s][info ][gc,cpu      ] GC(20) User=0.02s Sys=0.00s Real=0.01s
[2025-06-05T22:57:32.291+0000][2.667s][info ][safepoint   ] Safepoint "G1CollectForAllocation", Time since last: 9538292 ns, Reaching safepoint: 952916 ns, Cleanup: 23000 ns, At safepoint: 6761959 ns, Total: 7737875 ns
[2025-06-05T22:57:32.348+0000][2.724s][debug][safepoint   ] Safepoint synchronization initiated using futex wait barrier. (13 threads)
[2025-06-05T22:57:32.348+0000][2.724s][info ][safepoint   ] Safepoint "ICBufferFull", Time since last: 56660083 ns, Reaching safepoint: 205875 ns, Cleanup: 67042 ns, At safepoint: 1583 ns, Total: 274500 ns
[2025-06-05T22:57:32.434+0000][2.810s][debug][safepoint   ] Safepoint synchronization initiated using futex wait barrier. (14 threads)
[2025-06-05T22:57:32.434+0000][2.810s][info ][safepoint   ] Safepoint "ICBufferFull", Time since last: 85723667 ns, Reaching safepoint: 183583 ns, Cleanup: 76458 ns, At safepoint: 1542 ns, Total: 261583 ns
[2025-06-05T22:57:32.458+0000][2.834s][debug][safepoint   ] Safepoint synchronization initiated using futex wait barrier. (14 threads)
[2025-06-05T22:57:32.458+0000][2.834s][info ][gc,start    ] GC(21) Pause Young (Normal) (G1 Evacuation Pause)
[2025-06-05T22:57:32.458+0000][2.834s][info ][gc,task     ] GC(21) Using 2 workers of 2 for evacuation
[2025-06-05T22:57:32.465+0000][2.840s][info ][gc,phases   ] GC(21)   Pre Evacuate Collection Set: 0.1ms
[2025-06-05T22:57:32.465+0000][2.841s][info ][gc,phases   ] GC(21)   Merge Heap Roots: 0.1ms
[2025-06-05T22:57:32.465+0000][2.841s][info ][gc,phases   ] GC(21)   Evacuate Collection Set: 5.8ms
[2025-06-05T22:57:32.465+0000][2.841s][info ][gc,phases   ] GC(21)   Post Evacuate Collection Set: 0.6ms
[2025-06-05T22:57:32.465+0000][2.841s][info ][gc,phases   ] GC(21)   Other: 0.2ms
[2025-06-05T22:57:32.465+0000][2.841s][info ][gc,heap     ] GC(21) Eden regions: 106->0(107)
[2025-06-05T22:57:32.465+0000][2.841s][info ][gc,heap     ] GC(21) Survivor regions: 9->7(15)
[2025-06-05T22:57:32.465+0000][2.841s][info ][gc,heap     ] GC(21) Old regions: 44->48
[2025-06-05T22:57:32.465+0000][2.841s][info ][gc,heap     ] GC(21) Archive regions: 2->2
[2025-06-05T22:57:32.465+0000][2.841s][info ][gc,heap     ] GC(21) Humongous regions: 0->0
[2025-06-05T22:57:32.465+0000][2.841s][info ][gc,metaspace] GC(21) Metaspace: 26066K(26432K)->26066K(26432K) NonClass: 22732K(22912K)->22732K(22912K) Class: 3334K(3520K)->3334K(3520K)
[2025-06-05T22:57:32.465+0000][2.841s][info ][gc          ] GC(21) Pause Young (Normal) (G1 Evacuation Pause) 158M->54M(204M) 7.315ms
[2025-06-05T22:57:32.465+0000][2.841s][info ][gc,cpu      ] GC(21) User=0.02s Sys=0.00s Real=0.00s
[2025-06-05T22:57:32.466+0000][2.841s][info ][safepoint   ] Safepoint "G1CollectForAllocation", Time since last: 23548542 ns, Reaching safepoint: 183208 ns, Cleanup: 17000 ns, At safepoint: 7436917 ns, Total: 7637125 ns
[2025-06-05T22:57:32.595+0000][2.970s][debug][safepoint   ] Safepoint synchronization initiated using futex wait barrier. (14 threads)
[2025-06-05T22:57:32.595+0000][2.970s][info ][gc,start    ] GC(22) Pause Young (Normal) (G1 Evacuation Pause)
[2025-06-05T22:57:32.595+0000][2.970s][info ][gc,task     ] GC(22) Using 2 workers of 2 for evacuation
[2025-06-05T22:57:32.600+0000][2.975s][info ][gc,phases   ] GC(22)   Pre Evacuate Collection Set: 0.1ms
[2025-06-05T22:57:32.600+0000][2.975s][info ][gc,phases   ] GC(22)   Merge Heap Roots: 0.1ms
[2025-06-05T22:57:32.600+0000][2.975s][info ][gc,phases   ] GC(22)   Evacuate Collection Set: 3.8ms
[2025-06-05T22:57:32.600+0000][2.975s][info ][gc,phases   ] GC(22)   Post Evacuate Collection Set: 0.6ms
[2025-06-05T22:57:32.600+0000][2.975s][info ][gc,phases   ] GC(22)   Other: 0.2ms
[2025-06-05T22:57:32.600+0000][2.976s][info ][gc,heap     ] GC(22) Eden regions: 107->0(111)
[2025-06-05T22:57:32.600+0000][2.976s][info ][gc,heap     ] GC(22) Survivor regions: 7->8(15)
[2025-06-05T22:57:32.600+0000][2.976s][info ][gc,heap     ] GC(22) Old regions: 48->48
[2025-06-05T22:57:32.600+0000][2.976s][info ][gc,heap     ] GC(22) Archive regions: 2->2
[2025-06-05T22:57:32.600+0000][2.976s][info ][gc,heap     ] GC(22) Humongous regions: 0->0
[2025-06-05T22:57:32.600+0000][2.976s][info ][gc,metaspace] GC(22) Metaspace: 26843K(27264K)->26843K(27264K) NonClass: 23451K(23680K)->23451K(23680K) Class: 3392K(3584K)->3392K(3584K)
[2025-06-05T22:57:32.600+0000][2.976s][info ][gc          ] GC(22) Pause Young (Normal) (G1 Evacuation Pause) 161M->55M(204M) 5.346ms
[2025-06-05T22:57:32.600+0000][2.976s][info ][gc,cpu      ] GC(22) User=0.01s Sys=0.00s Real=0.01s
[2025-06-05T22:57:32.600+0000][2.976s][info ][safepoint   ] Safepoint "G1CollectForAllocation", Time since last: 129038583 ns, Reaching safepoint: 187625 ns, Cleanup: 18833 ns, At safepoint: 5459167 ns, Total: 5665625 ns
[2025-06-05T22:57:32.744+0000][3.120s][debug][safepoint   ] Safepoint synchronization initiated using futex wait barrier. (13 threads)
[2025-06-05T22:57:32.744+0000][3.120s][info ][safepoint   ] Safepoint "ICBufferFull", Time since last: 143650333 ns, Reaching safepoint: 209125 ns, Cleanup: 78125 ns, At safepoint: 4500 ns, Total: 291750 ns
[2025-06-05T22:57:32.893+0000][3.269s][debug][safepoint   ] Safepoint synchronization initiated using futex wait barrier. (13 threads)
[2025-06-05T22:57:32.893+0000][3.269s][info ][gc,start    ] GC(23) Pause Young (Normal) (G1 Evacuation Pause)
[2025-06-05T22:57:32.893+0000][3.269s][info ][gc,task     ] GC(23) Using 2 workers of 2 for evacuation
[2025-06-05T22:57:32.899+0000][3.275s][info ][gc,phases   ] GC(23)   Pre Evacuate Collection Set: 0.1ms
[2025-06-05T22:57:32.899+0000][3.275s][info ][gc,phases   ] GC(23)   Merge Heap Roots: 0.1ms
[2025-06-05T22:57:32.899+0000][3.275s][info ][gc,phases   ] GC(23)   Evacuate Collection Set: 4.9ms
[2025-06-05T22:57:32.899+0000][3.275s][info ][gc,phases   ] GC(23)   Post Evacuate Collection Set: 0.7ms
[2025-06-05T22:57:32.899+0000][3.275s][info ][gc,phases   ] GC(23)   Other: 0.2ms
[2025-06-05T22:57:32.899+0000][3.275s][info ][gc,heap     ] GC(23) Eden regions: 111->0(113)
[2025-06-05T22:57:32.900+0000][3.275s][info ][gc,heap     ] GC(23) Survivor regions: 8->8(15)
[2025-06-05T22:57:32.900+0000][3.275s][info ][gc,heap     ] GC(23) Old regions: 48->48
[2025-06-05T22:57:32.900+0000][3.275s][info ][gc,heap     ] GC(23) Archive regions: 2->2
[2025-06-05T22:57:32.900+0000][3.275s][info ][gc,heap     ] GC(23) Humongous regions: 0->0
[2025-06-05T22:57:32.900+0000][3.275s][info ][gc,metaspace] GC(23) Metaspace: 33160K(33536K)->33160K(33536K) NonClass: 29064K(29248K)->29064K(29248K) Class: 4095K(4288K)->4095K(4288K)
[2025-06-05T22:57:32.900+0000][3.275s][info ][gc          ] GC(23) Pause Young (Normal) (G1 Evacuation Pause) 166M->55M(204M) 6.507ms
[2025-06-05T22:57:32.900+0000][3.275s][info ][gc,cpu      ] GC(23) User=0.01s Sys=0.00s Real=0.01s
[2025-06-05T22:57:32.900+0000][3.275s][info ][safepoint   ] Safepoint "G1CollectForAllocation", Time since last: 148796750 ns, Reaching safepoint: 185959 ns, Cleanup: 30958 ns, At safepoint: 6619292 ns, Total: 6836209 ns
[2025-06-05T22:57:32.974+0000][3.349s][debug][safepoint   ] Safepoint synchronization initiated using futex wait barrier. (13 threads)
[2025-06-05T22:57:32.974+0000][3.350s][info ][safepoint   ] Safepoint "ICBufferFull", Time since last: 73917042 ns, Reaching safepoint: 166750 ns, Cleanup: 119416 ns, At safepoint: 3250 ns, Total: 289416 ns
[2025-06-05T22:57:33.124+0000][3.499s][debug][safepoint   ] Safepoint synchronization initiated using futex wait barrier. (13 threads)
[2025-06-05T22:57:33.124+0000][3.500s][info ][gc,start    ] GC(24) Pause Young (Normal) (G1 Evacuation Pause)
[2025-06-05T22:57:33.124+0000][3.500s][info ][gc,task     ] GC(24) Using 2 workers of 2 for evacuation
[2025-06-05T22:57:33.131+0000][3.507s][info ][gc,phases   ] GC(24)   Pre Evacuate Collection Set: 0.1ms
[2025-06-05T22:57:33.131+0000][3.507s][info ][gc,phases   ] GC(24)   Merge Heap Roots: 0.1ms
[2025-06-05T22:57:33.132+0000][3.507s][info ][gc,phases   ] GC(24)   Evacuate Collection Set: 5.9ms
[2025-06-05T22:57:33.132+0000][3.507s][info ][gc,phases   ] GC(24)   Post Evacuate Collection Set: 0.7ms
[2025-06-05T22:57:33.132+0000][3.507s][info ][gc,phases   ] GC(24)   Other: 0.3ms
[2025-06-05T22:57:33.132+0000][3.507s][info ][gc,heap     ] GC(24) Eden regions: 113->0(112)
[2025-06-05T22:57:33.132+0000][3.507s][info ][gc,heap     ] GC(24) Survivor regions: 8->10(16)
[2025-06-05T22:57:33.132+0000][3.507s][info ][gc,heap     ] GC(24) Old regions: 48->48
[2025-06-05T22:57:33.132+0000][3.507s][info ][gc,heap     ] GC(24) Archive regions: 2->2
[2025-06-05T22:57:33.132+0000][3.507s][info ][gc,heap     ] GC(24) Humongous regions: 0->0
[2025-06-05T22:57:33.132+0000][3.508s][info ][gc,metaspace] GC(24) Metaspace: 34392K(34816K)->34392K(34816K) NonClass: 30123K(30336K)->30123K(30336K) Class: 4268K(4480K)->4268K(4480K)
[2025-06-05T22:57:33.132+0000][3.508s][info ][gc          ] GC(24) Pause Young (Normal) (G1 Evacuation Pause) 168M->57M(204M) 7.703ms
[2025-06-05T22:57:33.132+0000][3.508s][info ][gc,cpu      ] GC(24) User=0.02s Sys=0.00s Real=0.01s
[2025-06-05T22:57:33.132+0000][3.508s][info ][safepoint   ] Safepoint "G1CollectForAllocation", Time since last: 149811000 ns, Reaching safepoint: 274750 ns, Cleanup: 92167 ns, At safepoint: 7814167 ns, Total: 8181084 ns
[2025-06-05T22:57:33.230+0000][3.606s][debug][safepoint   ] Safepoint synchronization initiated using futex wait barrier. (13 threads)
[2025-06-05T22:57:33.230+0000][3.606s][info ][safepoint   ] Safepoint "ICBufferFull", Time since last: 98072375 ns, Reaching safepoint: 196291 ns, Cleanup: 75875 ns, At safepoint: 1459 ns, Total: 273625 ns
[2025-06-05T22:57:33.287+0000][3.663s][debug][safepoint   ] Safepoint synchronization initiated using futex wait barrier. (13 threads)
[2025-06-05T22:57:33.292+0000][3.667s][info ][safepoint   ] Safepoint "ICBufferFull", Time since last: 56743541 ns, Reaching safepoint: 4472542 ns, Cleanup: 106500 ns, At safepoint: 3167 ns, Total: 4582209 ns
[2025-06-05T22:57:33.334+0000][3.709s][debug][safepoint   ] Safepoint synchronization initiated using futex wait barrier. (13 threads)
[2025-06-05T22:57:33.334+0000][3.710s][info ][gc,start    ] GC(25) Pause Young (Concurrent Start) (Metadata GC Threshold)
[2025-06-05T22:57:33.334+0000][3.710s][info ][gc,task     ] GC(25) Using 2 workers of 2 for evacuation
[2025-06-05T22:57:33.341+0000][3.716s][info ][gc,phases   ] GC(25)   Pre Evacuate Collection Set: 0.1ms
[2025-06-05T22:57:33.341+0000][3.717s][info ][gc,phases   ] GC(25)   Merge Heap Roots: 0.1ms
[2025-06-05T22:57:33.341+0000][3.717s][info ][gc,phases   ] GC(25)   Evacuate Collection Set: 5.9ms
[2025-06-05T22:57:33.341+0000][3.717s][info ][gc,phases   ] GC(25)   Post Evacuate Collection Set: 0.6ms
[2025-06-05T22:57:33.341+0000][3.717s][info ][gc,phases   ] GC(25)   Other: 0.2ms
[2025-06-05T22:57:33.341+0000][3.717s][info ][gc,heap     ] GC(25) Eden regions: 88->0(114)
[2025-06-05T22:57:33.341+0000][3.717s][info ][gc,heap     ] GC(25) Survivor regions: 10->7(16)
[2025-06-05T22:57:33.341+0000][3.717s][info ][gc,heap     ] GC(25) Old regions: 48->51
[2025-06-05T22:57:33.341+0000][3.717s][info ][gc,heap     ] GC(25) Archive regions: 2->2
[2025-06-05T22:57:33.341+0000][3.717s][info ][gc,heap     ] GC(25) Humongous regions: 0->0
[2025-06-05T22:57:33.341+0000][3.717s][info ][gc,metaspace] GC(25) Metaspace: 36074K(36416K)->36074K(36416K) NonClass: 31595K(31744K)->31595K(31744K) Class: 4478K(4672K)->4478K(4672K)
[2025-06-05T22:57:33.341+0000][3.717s][info ][gc          ] GC(25) Pause Young (Concurrent Start) (Metadata GC Threshold) 145M->56M(204M) 7.510ms
[2025-06-05T22:57:33.341+0000][3.717s][info ][gc,cpu      ] GC(25) User=0.02s Sys=0.00s Real=0.01s
[2025-06-05T22:57:33.342+0000][3.717s][info ][gc          ] GC(26) Concurrent Mark Cycle
[2025-06-05T22:57:33.342+0000][3.717s][info ][gc,marking  ] GC(26) Concurrent Clear Claimed Marks
[2025-06-05T22:57:33.342+0000][3.717s][info ][safepoint   ] Safepoint "CollectForMetadataAllocation", Time since last: 41883166 ns, Reaching safepoint: 183667 ns, Cleanup: 99292 ns, At safepoint: 7698083 ns, Total: 7981042 ns
[2025-06-05T22:57:33.342+0000][3.717s][info ][gc,marking  ] GC(26) Concurrent Clear Claimed Marks 0.101ms
[2025-06-05T22:57:33.346+0000][3.721s][info ][gc,marking  ] GC(26) Concurrent Scan Root Regions
[2025-06-05T22:57:33.350+0000][3.726s][info ][gc,marking  ] GC(26) Concurrent Scan Root Regions 4.863ms
[2025-06-05T22:57:33.351+0000][3.726s][info ][gc,marking  ] GC(26) Concurrent Mark
[2025-06-05T22:57:33.351+0000][3.726s][info ][gc,marking  ] GC(26) Concurrent Mark From Roots
[2025-06-05T22:57:33.351+0000][3.726s][info ][gc,task     ] GC(26) Using 1 workers of 1 for marking
[2025-06-05T22:57:33.362+0000][3.738s][debug][safepoint   ] Safepoint synchronization initiated using futex wait barrier. (13 threads)
[2025-06-05T22:57:33.363+0000][3.738s][info ][safepoint   ] Safepoint "CollectForMetadataAllocation", Time since last: 20893625 ns, Reaching safepoint: 179583 ns, Cleanup: 2667 ns, At safepoint: 23208 ns, Total: 205458 ns
[2025-06-05T22:57:33.380+0000][3.756s][debug][safepoint   ] Safepoint synchronization initiated using futex wait barrier. (13 threads)
[2025-06-05T22:57:33.381+0000][3.756s][info ][safepoint   ] Safepoint "CollectForMetadataAllocation", Time since last: 17790292 ns, Reaching safepoint: 193458 ns, Cleanup: 3667 ns, At safepoint: 23250 ns, Total: 220375 ns
[2025-06-05T22:57:33.384+0000][3.759s][info ][gc,marking  ] GC(26) Concurrent Mark From Roots 32.917ms
[2025-06-05T22:57:33.385+0000][3.760s][info ][gc,marking  ] GC(26) Concurrent Preclean
[2025-06-05T22:57:33.385+0000][3.760s][info ][gc,marking  ] GC(26) Concurrent Preclean 0.257ms
[2025-06-05T22:57:33.385+0000][3.761s][debug][safepoint   ] Safepoint synchronization initiated using futex wait barrier. (13 threads)
[2025-06-05T22:57:33.387+0000][3.762s][info ][gc,start    ] GC(26) Pause Remark
[2025-06-05T22:57:33.389+0000][3.765s][info ][gc          ] GC(26) Pause Remark 73M->73M(204M) 2.573ms
[2025-06-05T22:57:33.389+0000][3.765s][info ][gc,cpu      ] GC(26) User=0.01s Sys=0.00s Real=0.00s
[2025-06-05T22:57:33.390+0000][3.765s][info ][safepoint   ] Safepoint "G1PauseRemark", Time since last: 4230708 ns, Reaching safepoint: 1848459 ns, Cleanup: 9083 ns, At safepoint: 2755292 ns, Total: 4612834 ns
[2025-06-05T22:57:33.390+0000][3.766s][info ][gc,marking  ] GC(26) Concurrent Mark 39.613ms
[2025-06-05T22:57:33.390+0000][3.766s][info ][gc,marking  ] GC(26) Concurrent Rebuild Remembered Sets
[2025-06-05T22:57:33.433+0000][3.809s][info ][gc,marking  ] GC(26) Concurrent Rebuild Remembered Sets 43.143ms
[2025-06-05T22:57:33.434+0000][3.809s][debug][safepoint   ] Safepoint synchronization initiated using futex wait barrier. (13 threads)
[2025-06-05T22:57:33.434+0000][3.810s][info ][gc,start    ] GC(26) Pause Cleanup
[2025-06-05T22:57:33.435+0000][3.810s][info ][gc          ] GC(26) Pause Cleanup 82M->82M(204M) 0.200ms
[2025-06-05T22:57:33.435+0000][3.810s][info ][gc,cpu      ] GC(26) User=0.00s Sys=0.00s Real=0.00s
[2025-06-05T22:57:33.435+0000][3.810s][info ][safepoint   ] Safepoint "G1PauseCleanup", Time since last: 44120791 ns, Reaching safepoint: 716250 ns, Cleanup: 11167 ns, At safepoint: 321042 ns, Total: 1048459 ns
[2025-06-05T22:57:33.435+0000][3.810s][info ][gc,marking  ] GC(26) Concurrent Cleanup for Next Mark
[2025-06-05T22:57:33.437+0000][3.813s][info ][gc,marking  ] GC(26) Concurrent Cleanup for Next Mark 2.129ms
[2025-06-05T22:57:33.437+0000][3.813s][info ][gc          ] GC(26) Concurrent Mark Cycle 95.482ms
[2025-06-05T22:57:33.600+0000][3.975s][debug][safepoint   ] Safepoint synchronization initiated using futex wait barrier. (13 threads)
[2025-06-05T22:57:33.600+0000][3.975s][info ][gc,start    ] GC(27) Pause Young (Prepare Mixed) (G1 Evacuation Pause)
[2025-06-05T22:57:33.600+0000][3.976s][info ][gc,task     ] GC(27) Using 2 workers of 2 for evacuation
[2025-06-05T22:57:33.614+0000][3.989s][info ][gc,phases   ] GC(27)   Pre Evacuate Collection Set: 0.1ms
[2025-06-05T22:57:33.614+0000][3.989s][info ][gc,phases   ] GC(27)   Merge Heap Roots: 0.1ms
[2025-06-05T22:57:33.614+0000][3.990s][info ][gc,phases   ] GC(27)   Evacuate Collection Set: 12.6ms
[2025-06-05T22:57:33.614+0000][3.990s][info ][gc,phases   ] GC(27)   Post Evacuate Collection Set: 0.9ms
[2025-06-05T22:57:33.614+0000][3.990s][info ][gc,phases   ] GC(27)   Other: 0.2ms
[2025-06-05T22:57:33.614+0000][3.990s][info ][gc,heap     ] GC(27) Eden regions: 114->0(2)
[2025-06-05T22:57:33.614+0000][3.990s][info ][gc,heap     ] GC(27) Survivor regions: 7->8(16)
[2025-06-05T22:57:33.614+0000][3.990s][info ][gc,heap     ] GC(27) Old regions: 51->51
[2025-06-05T22:57:33.614+0000][3.990s][info ][gc,heap     ] GC(27) Archive regions: 2->2
[2025-06-05T22:57:33.614+0000][3.990s][info ][gc,heap     ] GC(27) Humongous regions: 0->0
[2025-06-05T22:57:33.614+0000][3.990s][info ][gc,metaspace] GC(27) Metaspace: 38743K(39168K)->38743K(39168K) NonClass: 33851K(34048K)->33851K(34048K) Class: 4891K(5120K)->4891K(5120K)
[2025-06-05T22:57:33.614+0000][3.990s][info ][gc          ] GC(27) Pause Young (Prepare Mixed) (G1 Evacuation Pause) 170M->57M(204M) 14.568ms
[2025-06-05T22:57:33.614+0000][3.990s][info ][gc,cpu      ] GC(27) User=0.01s Sys=0.00s Real=0.01s
[2025-06-05T22:57:33.615+0000][3.990s][info ][safepoint   ] Safepoint "G1CollectForAllocation", Time since last: 164825250 ns, Reaching safepoint: 232583 ns, Cleanup: 80417 ns, At safepoint: 14727291 ns, Total: 15040291 ns
[2025-06-05T22:57:33.621+0000][3.997s][debug][safepoint   ] Safepoint synchronization initiated using futex wait barrier. (13 threads)
[2025-06-05T22:57:33.621+0000][3.997s][info ][gc,start    ] GC(28) Pause Young (Mixed) (G1 Evacuation Pause)
[2025-06-05T22:57:33.622+0000][3.997s][info ][gc,task     ] GC(28) Using 2 workers of 2 for evacuation
[2025-06-05T22:57:33.629+0000][4.004s][info ][gc,phases   ] GC(28)   Pre Evacuate Collection Set: 0.1ms
[2025-06-05T22:57:33.629+0000][4.004s][info ][gc,phases   ] GC(28)   Merge Heap Roots: 0.1ms
[2025-06-05T22:57:33.629+0000][4.004s][info ][gc,phases   ] GC(28)   Evacuate Collection Set: 5.7ms
[2025-06-05T22:57:33.629+0000][4.005s][info ][gc,phases   ] GC(28)   Post Evacuate Collection Set: 1.0ms
[2025-06-05T22:57:33.629+0000][4.005s][info ][gc,phases   ] GC(28)   Other: 0.2ms
[2025-06-05T22:57:33.629+0000][4.005s][info ][gc,heap     ] GC(28) Eden regions: 2->0(153)
[2025-06-05T22:57:33.629+0000][4.005s][info ][gc,heap     ] GC(28) Survivor regions: 8->1(2)
[2025-06-05T22:57:33.629+0000][4.005s][info ][gc,heap     ] GC(28) Old regions: 51->55
[2025-06-05T22:57:33.629+0000][4.005s][info ][gc,heap     ] GC(28) Archive regions: 2->2
[2025-06-05T22:57:33.629+0000][4.005s][info ][gc,heap     ] GC(28) Humongous regions: 0->0
[2025-06-05T22:57:33.629+0000][4.005s][info ][gc,metaspace] GC(28) Metaspace: 38755K(39168K)->38755K(39168K) NonClass: 33863K(34048K)->33863K(34048K) Class: 4892K(5120K)->4892K(5120K)
[2025-06-05T22:57:33.629+0000][4.005s][info ][gc          ] GC(28) Pause Young (Mixed) (G1 Evacuation Pause) 59M->56M(258M) 7.995ms
[2025-06-05T22:57:33.630+0000][4.005s][info ][gc,cpu      ] GC(28) User=0.01s Sys=0.00s Real=0.01s
[2025-06-05T22:57:33.630+0000][4.005s][info ][safepoint   ] Safepoint "G1CollectForAllocation", Time since last: 6729959 ns, Reaching safepoint: 157208 ns, Cleanup: 9042 ns, At safepoint: 8108125 ns, Total: 8274375 ns
[2025-06-05T22:57:33.793+0000][4.169s][debug][safepoint   ] Safepoint synchronization initiated using futex wait barrier. (13 threads)
[2025-06-05T22:57:33.794+0000][4.169s][info ][safepoint   ] Safepoint "ICBufferFull", Time since last: 163757917 ns, Reaching safepoint: 196416 ns, Cleanup: 133584 ns, At safepoint: 2875 ns, Total: 332875 ns
[2025-06-05T22:57:34.043+0000][4.419s][debug][safepoint   ] Safepoint synchronization initiated using futex wait barrier. (13 threads)
[2025-06-05T22:57:34.043+0000][4.419s][info ][gc,start    ] GC(29) Pause Young (Concurrent Start) (G1 Evacuation Pause)
[2025-06-05T22:57:34.043+0000][4.419s][info ][gc,task     ] GC(29) Using 2 workers of 2 for evacuation
[2025-06-05T22:57:34.047+0000][4.423s][info ][gc,phases   ] GC(29)   Pre Evacuate Collection Set: 0.1ms
[2025-06-05T22:57:34.047+0000][4.423s][info ][gc,phases   ] GC(29)   Merge Heap Roots: 0.1ms
[2025-06-05T22:57:34.047+0000][4.423s][info ][gc,phases   ] GC(29)   Evacuate Collection Set: 2.9ms
[2025-06-05T22:57:34.047+0000][4.423s][info ][gc,phases   ] GC(29)   Post Evacuate Collection Set: 0.5ms
[2025-06-05T22:57:34.047+0000][4.423s][info ][gc,phases   ] GC(29)   Other: 0.2ms
[2025-06-05T22:57:34.047+0000][4.423s][info ][gc,heap     ] GC(29) Eden regions: 153->0(151)
[2025-06-05T22:57:34.048+0000][4.423s][info ][gc,heap     ] GC(29) Survivor regions: 1->3(20)
[2025-06-05T22:57:34.048+0000][4.423s][info ][gc,heap     ] GC(29) Old regions: 55->55
[2025-06-05T22:57:34.048+0000][4.423s][info ][gc,heap     ] GC(29) Archive regions: 2->2
[2025-06-05T22:57:34.048+0000][4.423s][info ][gc,heap     ] GC(29) Humongous regions: 0->0
[2025-06-05T22:57:34.048+0000][4.423s][info ][gc,metaspace] GC(29) Metaspace: 41448K(41856K)->41448K(41856K) NonClass: 36187K(36416K)->36187K(36416K) Class: 5261K(5440K)->5261K(5440K)
[2025-06-05T22:57:34.048+0000][4.423s][info ][gc          ] GC(29) Pause Young (Concurrent Start) (G1 Evacuation Pause) 209M->58M(258M) 4.497ms
[2025-06-05T22:57:34.048+0000][4.424s][info ][gc,cpu      ] GC(29) User=0.00s Sys=0.00s Real=0.01s
[2025-06-05T22:57:34.048+0000][4.424s][info ][safepoint   ] Safepoint "G1CollectForAllocation", Time since last: 249315875 ns, Reaching safepoint: 291291 ns, Cleanup: 95542 ns, At safepoint: 4616125 ns, Total: 5002958 ns
[2025-06-05T22:57:34.048+0000][4.424s][info ][gc          ] GC(30) Concurrent Mark Cycle
[2025-06-05T22:57:34.052+0000][4.427s][info ][gc,marking  ] GC(30) Concurrent Clear Claimed Marks
[2025-06-05T22:57:34.052+0000][4.427s][info ][gc,marking  ] GC(30) Concurrent Clear Claimed Marks 0.151ms
[2025-06-05T22:57:34.052+0000][4.427s][info ][gc,marking  ] GC(30) Concurrent Scan Root Regions
[2025-06-05T22:57:34.054+0000][4.429s][info ][gc,marking  ] GC(30) Concurrent Scan Root Regions 1.819ms
[2025-06-05T22:57:34.054+0000][4.429s][info ][gc,marking  ] GC(30) Concurrent Mark
[2025-06-05T22:57:34.054+0000][4.429s][info ][gc,marking  ] GC(30) Concurrent Mark From Roots
[2025-06-05T22:57:34.054+0000][4.430s][info ][gc,task     ] GC(30) Using 1 workers of 1 for marking
[2025-06-05T22:57:34.119+0000][4.494s][info ][gc,marking  ] GC(30) Concurrent Mark From Roots 65.012ms
[2025-06-05T22:57:34.119+0000][4.495s][info ][gc,marking  ] GC(30) Concurrent Preclean
[2025-06-05T22:57:34.119+0000][4.495s][info ][gc,marking  ] GC(30) Concurrent Preclean 0.222ms
[2025-06-05T22:57:34.119+0000][4.495s][debug][safepoint   ] Safepoint synchronization initiated using futex wait barrier. (13 threads)
[2025-06-05T22:57:34.120+0000][4.496s][info ][gc,start    ] GC(30) Pause Remark
[2025-06-05T22:57:34.123+0000][4.499s][info ][gc          ] GC(30) Pause Remark 76M->76M(258M) 3.070ms
[2025-06-05T22:57:34.123+0000][4.499s][info ][gc,cpu      ] GC(30) User=0.00s Sys=0.00s Real=0.00s
[2025-06-05T22:57:34.123+0000][4.499s][info ][safepoint   ] Safepoint "G1PauseRemark", Time since last: 71334792 ns, Reaching safepoint: 603666 ns, Cleanup: 37500 ns, At safepoint: 3252000 ns, Total: 3893166 ns
[2025-06-05T22:57:34.123+0000][4.499s][info ][gc,marking  ] GC(30) Concurrent Mark 69.598ms
[2025-06-05T22:57:34.124+0000][4.499s][info ][gc,marking  ] GC(30) Concurrent Rebuild Remembered Sets
[2025-06-05T22:57:34.151+0000][4.526s][info ][gc,marking  ] GC(30) Concurrent Rebuild Remembered Sets 27.035ms
[2025-06-05T22:57:34.153+0000][4.528s][debug][safepoint   ] Safepoint synchronization initiated using futex wait barrier. (13 threads)
[2025-06-05T22:57:34.153+0000][4.528s][info ][gc,start    ] GC(30) Pause Cleanup
[2025-06-05T22:57:34.153+0000][4.528s][info ][gc          ] GC(30) Pause Cleanup 88M->88M(258M) 0.173ms
[2025-06-05T22:57:34.153+0000][4.529s][info ][gc,cpu      ] GC(30) User=0.00s Sys=0.00s Real=0.00s
[2025-06-05T22:57:34.153+0000][4.529s][info ][safepoint   ] Safepoint "G1PauseCleanup", Time since last: 29365584 ns, Reaching safepoint: 78875 ns, Cleanup: 11208 ns, At safepoint: 287167 ns, Total: 377250 ns
[2025-06-05T22:57:34.153+0000][4.529s][info ][gc,marking  ] GC(30) Concurrent Cleanup for Next Mark
[2025-06-05T22:57:34.157+0000][4.532s][info ][gc,marking  ] GC(30) Concurrent Cleanup for Next Mark 3.775ms
[2025-06-05T22:57:34.157+0000][4.533s][info ][gc          ] GC(30) Concurrent Mark Cycle 109.005ms
[2025-06-05T22:57:34.318+0000][4.693s][debug][safepoint   ] Safepoint synchronization initiated using futex wait barrier. (13 threads)
[2025-06-05T22:57:34.319+0000][4.694s][info ][safepoint   ] Safepoint "ICBufferFull", Time since last: 164636791 ns, Reaching safepoint: 936292 ns, Cleanup: 100125 ns, At safepoint: 3792 ns, Total: 1040209 ns
[2025-06-05T22:57:34.319+0000][4.694s][debug][safepoint   ] Safepoint synchronization initiated using futex wait barrier. (13 threads)
[2025-06-05T22:57:34.320+0000][4.695s][info ][safepoint   ] Safepoint "ICBufferFull", Time since last: 146166 ns, Reaching safepoint: 907167 ns, Cleanup: 4042 ns, At safepoint: 7500 ns, Total: 918709 ns
[2025-06-05T22:57:34.423+0000][4.798s][debug][safepoint   ] Safepoint synchronization initiated using futex wait barrier. (13 threads)
[2025-06-05T22:57:34.424+0000][4.799s][info ][safepoint   ] Safepoint "ICBufferFull", Time since last: 102840375 ns, Reaching safepoint: 1029708 ns, Cleanup: 122125 ns, At safepoint: 6167 ns, Total: 1158000 ns
[2025-06-05T22:57:34.545+0000][4.921s][debug][safepoint   ] Safepoint synchronization initiated using futex wait barrier. (13 threads)
[2025-06-05T22:57:34.545+0000][4.921s][info ][gc,start    ] GC(31) Pause Young (Prepare Mixed) (G1 Evacuation Pause)
[2025-06-05T22:57:34.545+0000][4.921s][info ][gc,task     ] GC(31) Using 2 workers of 2 for evacuation
[2025-06-05T22:57:34.552+0000][4.927s][info ][gc,phases   ] GC(31)   Pre Evacuate Collection Set: 0.1ms
[2025-06-05T22:57:34.552+0000][4.928s][info ][gc,phases   ] GC(31)   Merge Heap Roots: 0.1ms
[2025-06-05T22:57:34.552+0000][4.928s][info ][gc,phases   ] GC(31)   Evacuate Collection Set: 5.4ms
[2025-06-05T22:57:34.552+0000][4.928s][info ][gc,phases   ] GC(31)   Post Evacuate Collection Set: 0.7ms
[2025-06-05T22:57:34.552+0000][4.928s][info ][gc,phases   ] GC(31)   Other: 0.2ms
[2025-06-05T22:57:34.552+0000][4.928s][info ][gc,heap     ] GC(31) Eden regions: 151->0(5)
[2025-06-05T22:57:34.552+0000][4.928s][info ][gc,heap     ] GC(31) Survivor regions: 3->7(20)
[2025-06-05T22:57:34.552+0000][4.928s][info ][gc,heap     ] GC(31) Old regions: 55->55
[2025-06-05T22:57:34.552+0000][4.928s][info ][gc,heap     ] GC(31) Archive regions: 2->2
[2025-06-05T22:57:34.552+0000][4.928s][info ][gc,heap     ] GC(31) Humongous regions: 0->0
[2025-06-05T22:57:34.552+0000][4.928s][info ][gc,metaspace] GC(31) Metaspace: 45379K(45824K)->45379K(45824K) NonClass: 39550K(39808K)->39550K(39808K) Class: 5828K(6016K)->5828K(6016K)
[2025-06-05T22:57:34.552+0000][4.928s][info ][gc          ] GC(31) Pause Young (Prepare Mixed) (G1 Evacuation Pause) 209M->61M(258M) 7.011ms
[2025-06-05T22:57:34.552+0000][4.928s][info ][gc,cpu      ] GC(31) User=0.01s Sys=0.00s Real=0.01s
[2025-06-05T22:57:34.552+0000][4.928s][info ][safepoint   ] Safepoint "G1CollectForAllocation", Time since last: 121416167 ns, Reaching safepoint: 197458 ns, Cleanup: 73458 ns, At safepoint: 7119584 ns, Total: 7390500 ns
[2025-06-05T22:57:34.568+0000][4.944s][debug][safepoint   ] Safepoint synchronization initiated using futex wait barrier. (13 threads)
[2025-06-05T22:57:34.569+0000][4.944s][info ][gc,start    ] GC(32) Pause Young (Mixed) (G1 Evacuation Pause)
[2025-06-05T22:57:34.569+0000][4.944s][info ][gc,task     ] GC(32) Using 2 workers of 2 for evacuation
[2025-06-05T22:57:34.576+0000][4.952s][info ][gc,phases   ] GC(32)   Pre Evacuate Collection Set: 0.1ms
[2025-06-05T22:57:34.576+0000][4.952s][info ][gc,phases   ] GC(32)   Merge Heap Roots: 0.1ms
[2025-06-05T22:57:34.576+0000][4.952s][info ][gc,phases   ] GC(32)   Evacuate Collection Set: 6.5ms
[2025-06-05T22:57:34.576+0000][4.952s][info ][gc,phases   ] GC(32)   Post Evacuate Collection Set: 0.7ms
[2025-06-05T22:57:34.576+0000][4.952s][info ][gc,phases   ] GC(32)   Other: 0.2ms
[2025-06-05T22:57:34.576+0000][4.952s][info ][gc,heap     ] GC(32) Eden regions: 5->0(153)
[2025-06-05T22:57:34.576+0000][4.952s][info ][gc,heap     ] GC(32) Survivor regions: 7->1(2)
[2025-06-05T22:57:34.577+0000][4.952s][info ][gc,heap     ] GC(32) Old regions: 55->60
[2025-06-05T22:57:34.577+0000][4.952s][info ][gc,heap     ] GC(32) Archive regions: 2->2
[2025-06-05T22:57:34.577+0000][4.952s][info ][gc,heap     ] GC(32) Humongous regions: 0->0
[2025-06-05T22:57:34.577+0000][4.952s][info ][gc,metaspace] GC(32) Metaspace: 45521K(45888K)->45521K(45888K) NonClass: 39667K(39872K)->39667K(39872K) Class: 5853K(6016K)->5853K(6016K)
[2025-06-05T22:57:34.577+0000][4.952s][info ][gc          ] GC(32) Pause Young (Mixed) (G1 Evacuation Pause) 66M->61M(258M) 8.154ms
[2025-06-05T22:57:34.577+0000][4.952s][info ][gc,cpu      ] GC(32) User=0.01s Sys=0.00s Real=0.01s
[2025-06-05T22:57:34.577+0000][4.952s][info ][safepoint   ] Safepoint "G1CollectForAllocation", Time since last: 15832166 ns, Reaching safepoint: 188917 ns, Cleanup: 13875 ns, At safepoint: 8260167 ns, Total: 8462959 ns
[2025-06-05T22:57:34.774+0000][5.149s][debug][safepoint   ] Safepoint synchronization initiated using futex wait barrier. (13 threads)
[2025-06-05T22:57:34.775+0000][5.150s][info ][safepoint   ] Safepoint "ICBufferFull", Time since last: 196729958 ns, Reaching safepoint: 1206083 ns, Cleanup: 101875 ns, At safepoint: 8125 ns, Total: 1316083 ns
[2025-06-05T22:57:34.860+0000][5.236s][debug][safepoint   ] Safepoint synchronization initiated using futex wait barrier. (13 threads)
[2025-06-05T22:57:34.860+0000][5.236s][info ][safepoint   ] Safepoint "ICBufferFull", Time since last: 85153750 ns, Reaching safepoint: 186375 ns, Cleanup: 114125 ns, At safepoint: 1334 ns, Total: 301834 ns
[2025-06-05T22:57:35.972+0000][6.348s][debug][safepoint   ] Safepoint synchronization initiated using futex wait barrier. (15 threads)
[2025-06-05T22:57:35.977+0000][6.353s][info ][safepoint   ] Safepoint "Cleanup", Time since last: 1112031959 ns, Reaching safepoint: 4392791 ns, Cleanup: 305417 ns, At safepoint: 25458 ns, Total: 4723666 ns
[2025-06-05T22:57:36.046+0000][6.422s][debug][safepoint   ] Safepoint synchronization initiated using futex wait barrier. (15 threads)
[2025-06-05T22:57:36.047+0000][6.422s][info ][safepoint   ] Safepoint "ICBufferFull", Time since last: 69146125 ns, Reaching safepoint: 387834 ns, Cleanup: 109916 ns, At safepoint: 14042 ns, Total: 511792 ns
[2025-06-05T22:57:36.056+0000][6.432s][debug][safepoint   ] Safepoint synchronization initiated using futex wait barrier. (15 threads)
[2025-06-05T22:57:36.056+0000][6.432s][info ][gc,start    ] GC(33) Pause Young (Normal) (G1 Evacuation Pause)
[2025-06-05T22:57:36.056+0000][6.432s][info ][gc,task     ] GC(33) Using 2 workers of 2 for evacuation
[2025-06-05T22:57:36.062+0000][6.437s][info ][gc,phases   ] GC(33)   Pre Evacuate Collection Set: 0.1ms
[2025-06-05T22:57:36.062+0000][6.438s][info ][gc,phases   ] GC(33)   Merge Heap Roots: 0.1ms
[2025-06-05T22:57:36.062+0000][6.438s][info ][gc,phases   ] GC(33)   Evacuate Collection Set: 4.3ms
[2025-06-05T22:57:36.062+0000][6.438s][info ][gc,phases   ] GC(33)   Post Evacuate Collection Set: 0.9ms
[2025-06-05T22:57:36.062+0000][6.438s][info ][gc,phases   ] GC(33)   Other: 0.1ms
[2025-06-05T22:57:36.062+0000][6.438s][info ][gc,heap     ] GC(33) Eden regions: 153->0(150)
[2025-06-05T22:57:36.062+0000][6.438s][info ][gc,heap     ] GC(33) Survivor regions: 1->4(20)
[2025-06-05T22:57:36.062+0000][6.438s][info ][gc,heap     ] GC(33) Old regions: 60->60
[2025-06-05T22:57:36.063+0000][6.438s][info ][gc,heap     ] GC(33) Archive regions: 2->2
[2025-06-05T22:57:36.063+0000][6.438s][info ][gc,heap     ] GC(33) Humongous regions: 0->0
[2025-06-05T22:57:36.063+0000][6.438s][info ][gc,metaspace] GC(33) Metaspace: 53695K(54144K)->53695K(54144K) NonClass: 46892K(47104K)->46892K(47104K) Class: 6802K(7040K)->6802K(7040K)
[2025-06-05T22:57:36.063+0000][6.438s][info ][gc          ] GC(33) Pause Young (Normal) (G1 Evacuation Pause) 214M->63M(258M) 6.401ms
[2025-06-05T22:57:36.063+0000][6.438s][info ][gc,cpu      ] GC(33) User=0.01s Sys=0.00s Real=0.00s
[2025-06-05T22:57:36.063+0000][6.439s][info ][safepoint   ] Safepoint "G1CollectForAllocation", Time since last: 9389500 ns, Reaching safepoint: 192417 ns, Cleanup: 34708 ns, At safepoint: 6564292 ns, Total: 6791417 ns
[2025-06-05T22:57:36.137+0000][6.512s][debug][safepoint   ] Safepoint synchronization initiated using futex wait barrier. (15 threads)
[2025-06-05T22:57:36.137+0000][6.512s][info ][safepoint   ] Safepoint "ICBufferFull", Time since last: 73709250 ns, Reaching safepoint: 199250 ns, Cleanup: 73291 ns, At safepoint: 7459 ns, Total: 280000 ns
[2025-06-05T22:57:36.406+0000][6.781s][debug][safepoint   ] Safepoint synchronization initiated using futex wait barrier. (15 threads)
[2025-06-05T22:57:36.406+0000][6.782s][info ][gc,start    ] GC(34) Pause Young (Normal) (G1 Evacuation Pause)
[2025-06-05T22:57:36.406+0000][6.782s][info ][gc,task     ] GC(34) Using 2 workers of 2 for evacuation
[2025-06-05T22:57:36.412+0000][6.787s][info ][gc,phases   ] GC(34)   Pre Evacuate Collection Set: 0.1ms
[2025-06-05T22:57:36.412+0000][6.788s][info ][gc,phases   ] GC(34)   Merge Heap Roots: 0.1ms
[2025-06-05T22:57:36.412+0000][6.788s][info ][gc,phases   ] GC(34)   Evacuate Collection Set: 4.6ms
[2025-06-05T22:57:36.412+0000][6.788s][info ][gc,phases   ] GC(34)   Post Evacuate Collection Set: 0.8ms
[2025-06-05T22:57:36.412+0000][6.788s][info ][gc,phases   ] GC(34)   Other: 0.2ms
[2025-06-05T22:57:36.412+0000][6.788s][info ][gc,heap     ] GC(34) Eden regions: 150->0(149)
[2025-06-05T22:57:36.412+0000][6.788s][info ][gc,heap     ] GC(34) Survivor regions: 4->5(20)
[2025-06-05T22:57:36.412+0000][6.788s][info ][gc,heap     ] GC(34) Old regions: 60->60
[2025-06-05T22:57:36.412+0000][6.788s][info ][gc,heap     ] GC(34) Archive regions: 2->2
[2025-06-05T22:57:36.412+0000][6.788s][info ][gc,heap     ] GC(34) Humongous regions: 0->0
[2025-06-05T22:57:36.412+0000][6.788s][info ][gc,metaspace] GC(34) Metaspace: 57504K(57920K)->57504K(57920K) NonClass: 50180K(50368K)->50180K(50368K) Class: 7324K(7552K)->7324K(7552K)
[2025-06-05T22:57:36.412+0000][6.788s][info ][gc          ] GC(34) Pause Young (Normal) (G1 Evacuation Pause) 213M->65M(258M) 6.214ms
[2025-06-05T22:57:36.412+0000][6.788s][info ][gc,cpu      ] GC(34) User=0.02s Sys=0.00s Real=0.00s
[2025-06-05T22:57:36.412+0000][6.788s][info ][safepoint   ] Safepoint "G1CollectForAllocation", Time since last: 269002750 ns, Reaching safepoint: 209500 ns, Cleanup: 70875 ns, At safepoint: 6304833 ns, Total: 6585208 ns
[2025-06-05T22:57:36.530+0000][6.905s][debug][safepoint   ] Safepoint synchronization initiated using futex wait barrier. (15 threads)
[2025-06-05T22:57:36.530+0000][6.905s][info ][safepoint   ] Safepoint "ICBufferFull", Time since last: 117097125 ns, Reaching safepoint: 141084 ns, Cleanup: 120666 ns, At safepoint: 5334 ns, Total: 267084 ns
[2025-06-05T22:57:36.660+0000][7.035s][debug][safepoint   ] Safepoint synchronization initiated using futex wait barrier. (18 threads)
[2025-06-05T22:57:36.660+0000][7.035s][info ][safepoint   ] Safepoint "ICBufferFull", Time since last: 129775583 ns, Reaching safepoint: 142250 ns, Cleanup: 101417 ns, At safepoint: 1791 ns, Total: 245458 ns
[2025-06-05T22:57:36.740+0000][7.116s][debug][safepoint   ] Safepoint synchronization initiated using futex wait barrier. (18 threads)
[2025-06-05T22:57:36.740+0000][7.116s][info ][safepoint   ] Safepoint "ICBufferFull", Time since last: 80308750 ns, Reaching safepoint: 101667 ns, Cleanup: 86917 ns, At safepoint: 1500 ns, Total: 190084 ns
[2025-06-05T22:57:36.817+0000][7.193s][debug][safepoint   ] Safepoint synchronization initiated using futex wait barrier. (18 threads)
[2025-06-05T22:57:36.818+0000][7.193s][info ][gc,start    ] GC(35) Pause Young (Normal) (G1 Evacuation Pause)
[2025-06-05T22:57:36.818+0000][7.193s][info ][gc,task     ] GC(35) Using 2 workers of 2 for evacuation
[2025-06-05T22:57:36.824+0000][7.199s][info ][gc,phases   ] GC(35)   Pre Evacuate Collection Set: 0.1ms
[2025-06-05T22:57:36.824+0000][7.200s][info ][gc,phases   ] GC(35)   Merge Heap Roots: 0.1ms
[2025-06-05T22:57:36.824+0000][7.200s][info ][gc,phases   ] GC(35)   Evacuate Collection Set: 5.2ms
[2025-06-05T22:57:36.824+0000][7.200s][info ][gc,phases   ] GC(35)   Post Evacuate Collection Set: 0.8ms
[2025-06-05T22:57:36.824+0000][7.200s][info ][gc,phases   ] GC(35)   Other: 0.2ms
[2025-06-05T22:57:36.824+0000][7.200s][info ][gc,heap     ] GC(35) Eden regions: 149->0(148)
[2025-06-05T22:57:36.824+0000][7.200s][info ][gc,heap     ] GC(35) Survivor regions: 5->6(20)
[2025-06-05T22:57:36.824+0000][7.200s][info ][gc,heap     ] GC(35) Old regions: 60->60
[2025-06-05T22:57:36.824+0000][7.200s][info ][gc,heap     ] GC(35) Archive regions: 2->2
[2025-06-05T22:57:36.824+0000][7.200s][info ][gc,heap     ] GC(35) Humongous regions: 0->0
[2025-06-05T22:57:36.824+0000][7.200s][info ][gc,metaspace] GC(35) Metaspace: 62628K(63104K)->62628K(63104K) NonClass: 54678K(54912K)->54678K(54912K) Class: 7949K(8192K)->7949K(8192K)
[2025-06-05T22:57:36.824+0000][7.200s][info ][gc          ] GC(35) Pause Young (Normal) (G1 Evacuation Pause) 214M->66M(258M) 6.750ms
[2025-06-05T22:57:36.824+0000][7.200s][info ][gc,cpu      ] GC(35) User=0.02s Sys=0.00s Real=0.00s
[2025-06-05T22:57:36.824+0000][7.200s][info ][safepoint   ] Safepoint "G1CollectForAllocation", Time since last: 76921791 ns, Reaching safepoint: 223042 ns, Cleanup: 72292 ns, At safepoint: 6846250 ns, Total: 7141584 ns
[2025-06-05T22:57:37.085+0000][7.461s][debug][safepoint   ] Safepoint synchronization initiated using futex wait barrier. (18 threads)
[2025-06-05T22:57:37.086+0000][7.462s][info ][gc,start    ] GC(36) Pause Young (Normal) (G1 Evacuation Pause)
[2025-06-05T22:57:37.087+0000][7.462s][info ][gc,task     ] GC(36) Using 2 workers of 2 for evacuation
[2025-06-05T22:57:37.093+0000][7.469s][info ][gc,phases   ] GC(36)   Pre Evacuate Collection Set: 0.1ms
[2025-06-05T22:57:37.093+0000][7.469s][info ][gc,phases   ] GC(36)   Merge Heap Roots: 0.1ms
[2025-06-05T22:57:37.093+0000][7.469s][info ][gc,phases   ] GC(36)   Evacuate Collection Set: 5.5ms
[2025-06-05T22:57:37.093+0000][7.469s][info ][gc,phases   ] GC(36)   Post Evacuate Collection Set: 0.8ms
[2025-06-05T22:57:37.093+0000][7.469s][info ][gc,phases   ] GC(36)   Other: 0.2ms
[2025-06-05T22:57:37.093+0000][7.469s][info ][gc,heap     ] GC(36) Eden regions: 148->0(146)
[2025-06-05T22:57:37.093+0000][7.469s][info ][gc,heap     ] GC(36) Survivor regions: 6->8(20)
[2025-06-05T22:57:37.093+0000][7.469s][info ][gc,heap     ] GC(36) Old regions: 60->60
[2025-06-05T22:57:37.094+0000][7.469s][info ][gc,heap     ] GC(36) Archive regions: 2->2
[2025-06-05T22:57:37.094+0000][7.469s][info ][gc,heap     ] GC(36) Humongous regions: 0->0
[2025-06-05T22:57:37.094+0000][7.469s][info ][gc,metaspace] GC(36) Metaspace: 66421K(66944K)->66421K(66944K) NonClass: 57895K(58176K)->57895K(58176K) Class: 8526K(8768K)->8526K(8768K)
[2025-06-05T22:57:37.094+0000][7.469s][info ][gc          ] GC(36) Pause Young (Normal) (G1 Evacuation Pause) 214M->67M(258M) 7.236ms
[2025-06-05T22:57:37.094+0000][7.469s][info ][gc,cpu      ] GC(36) User=0.02s Sys=0.00s Real=0.00s
[2025-06-05T22:57:37.094+0000][7.469s][info ][safepoint   ] Safepoint "G1CollectForAllocation", Time since last: 261097166 ns, Reaching safepoint: 198375 ns, Cleanup: 751209 ns, At safepoint: 7349500 ns, Total: 8299084 ns
[2025-06-05T22:57:37.163+0000][7.539s][debug][safepoint   ] Safepoint synchronization initiated using futex wait barrier. (18 threads)
[2025-06-05T22:57:37.164+0000][7.539s][info ][safepoint   ] Safepoint "ICBufferFull", Time since last: 69159000 ns, Reaching safepoint: 653000 ns, Cleanup: 80375 ns, At safepoint: 9000 ns, Total: 742375 ns
[2025-06-05T22:57:37.215+0000][7.591s][debug][safepoint   ] Safepoint synchronization initiated using futex wait barrier. (18 threads)
[2025-06-05T22:57:37.216+0000][7.591s][info ][safepoint   ] Safepoint "ICBufferFull", Time since last: 51623083 ns, Reaching safepoint: 165667 ns, Cleanup: 114917 ns, At safepoint: 6458 ns, Total: 287042 ns
[2025-06-05T22:57:37.254+0000][7.630s][debug][safepoint   ] Safepoint synchronization initiated using futex wait barrier. (18 threads)
[2025-06-05T22:57:37.255+0000][7.630s][info ][safepoint   ] Safepoint "ICBufferFull", Time since last: 38787708 ns, Reaching safepoint: 191542 ns, Cleanup: 81542 ns, At safepoint: 6208 ns, Total: 279292 ns
[2025-06-05T22:57:37.371+0000][7.747s][debug][safepoint   ] Safepoint synchronization initiated using futex wait barrier. (18 threads)
[2025-06-05T22:57:37.372+0000][7.747s][info ][safepoint   ] Safepoint "ICBufferFull", Time since last: 116588417 ns, Reaching safepoint: 185666 ns, Cleanup: 135459 ns, At safepoint: 1583 ns, Total: 322708 ns
[2025-06-05T22:57:37.446+0000][7.822s][debug][safepoint   ] Safepoint synchronization initiated using futex wait barrier. (18 threads)
[2025-06-05T22:57:37.447+0000][7.822s][info ][safepoint   ] Safepoint "ICBufferFull", Time since last: 74746167 ns, Reaching safepoint: 189958 ns, Cleanup: 95208 ns, At safepoint: 7209 ns, Total: 292375 ns
[2025-06-05T22:57:37.471+0000][7.847s][debug][safepoint   ] Safepoint synchronization initiated using futex wait barrier. (18 threads)
[2025-06-05T22:57:37.471+0000][7.847s][info ][gc,start    ] GC(37) Pause Young (Normal) (G1 Evacuation Pause)
[2025-06-05T22:57:37.471+0000][7.847s][info ][gc,task     ] GC(37) Using 2 workers of 2 for evacuation
[2025-06-05T22:57:37.481+0000][7.856s][info ][gc,phases   ] GC(37)   Pre Evacuate Collection Set: 0.1ms
[2025-06-05T22:57:37.481+0000][7.857s][info ][gc,phases   ] GC(37)   Merge Heap Roots: 0.1ms
[2025-06-05T22:57:37.481+0000][7.857s][info ][gc,phases   ] GC(37)   Evacuate Collection Set: 8.5ms
[2025-06-05T22:57:37.481+0000][7.857s][info ][gc,phases   ] GC(37)   Post Evacuate Collection Set: 0.8ms
[2025-06-05T22:57:37.481+0000][7.857s][info ][gc,phases   ] GC(37)   Other: 0.2ms
[2025-06-05T22:57:37.481+0000][7.857s][info ][gc,heap     ] GC(37) Eden regions: 146->0(143)
[2025-06-05T22:57:37.481+0000][7.857s][info ][gc,heap     ] GC(37) Survivor regions: 8->11(20)
[2025-06-05T22:57:37.481+0000][7.857s][info ][gc,heap     ] GC(37) Old regions: 60->60
[2025-06-05T22:57:37.481+0000][7.857s][info ][gc,heap     ] GC(37) Archive regions: 2->2
[2025-06-05T22:57:37.481+0000][7.857s][info ][gc,heap     ] GC(37) Humongous regions: 0->0
[2025-06-05T22:57:37.481+0000][7.857s][info ][gc,metaspace] GC(37) Metaspace: 69339K(69824K)->69339K(69824K) NonClass: 60449K(60672K)->60449K(60672K) Class: 8889K(9152K)->8889K(9152K)
[2025-06-05T22:57:37.481+0000][7.857s][info ][gc          ] GC(37) Pause Young (Normal) (G1 Evacuation Pause) 213M->71M(258M) 10.312ms
[2025-06-05T22:57:37.482+0000][7.857s][info ][gc,cpu      ] GC(37) User=0.02s Sys=0.01s Real=0.01s
[2025-06-05T22:57:37.482+0000][7.857s][info ][safepoint   ] Safepoint "G1CollectForAllocation", Time since last: 24337958 ns, Reaching safepoint: 168792 ns, Cleanup: 23375 ns, At safepoint: 10428708 ns, Total: 10620875 ns
[2025-06-05T22:57:37.494+0000][7.870s][debug][safepoint   ] Safepoint synchronization initiated using futex wait barrier. (18 threads)
[2025-06-05T22:57:37.494+0000][7.870s][info ][gc,start    ] GC(38) Pause Young (Concurrent Start) (Metadata GC Threshold)
[2025-06-05T22:57:37.494+0000][7.870s][info ][gc,task     ] GC(38) Using 2 workers of 2 for evacuation
[2025-06-05T22:57:37.503+0000][7.879s][info ][gc,phases   ] GC(38)   Pre Evacuate Collection Set: 0.1ms
[2025-06-05T22:57:37.503+0000][7.879s][info ][gc,phases   ] GC(38)   Merge Heap Roots: 0.1ms
[2025-06-05T22:57:37.503+0000][7.879s][info ][gc,phases   ] GC(38)   Evacuate Collection Set: 7.7ms
[2025-06-05T22:57:37.503+0000][7.879s][info ][gc,phases   ] GC(38)   Post Evacuate Collection Set: 0.7ms
[2025-06-05T22:57:37.504+0000][7.879s][info ][gc,phases   ] GC(38)   Other: 0.2ms
[2025-06-05T22:57:37.504+0000][7.879s][info ][gc,heap     ] GC(38) Eden regions: 4->0(146)
[2025-06-05T22:57:37.504+0000][7.879s][info ][gc,heap     ] GC(38) Survivor regions: 11->8(20)
[2025-06-05T22:57:37.504+0000][7.879s][info ][gc,heap     ] GC(38) Old regions: 60->63
[2025-06-05T22:57:37.504+0000][7.879s][info ][gc,heap     ] GC(38) Archive regions: 2->2
[2025-06-05T22:57:37.504+0000][7.879s][info ][gc,heap     ] GC(38) Humongous regions: 0->0
[2025-06-05T22:57:37.504+0000][7.879s][info ][gc,metaspace] GC(38) Metaspace: 69663K(70080K)->69663K(70080K) NonClass: 60741K(60928K)->60741K(60928K) Class: 8921K(9152K)->8921K(9152K)
[2025-06-05T22:57:37.504+0000][7.880s][info ][gc          ] GC(38) Pause Young (Concurrent Start) (Metadata GC Threshold) 75M->71M(258M) 9.480ms
[2025-06-05T22:57:37.504+0000][7.880s][info ][gc,cpu      ] GC(38) User=0.01s Sys=0.00s Real=0.01s
[2025-06-05T22:57:37.504+0000][7.880s][info ][gc          ] GC(39) Concurrent Mark Cycle
[2025-06-05T22:57:37.504+0000][7.880s][info ][gc,marking  ] GC(39) Concurrent Clear Claimed Marks
[2025-06-05T22:57:37.504+0000][7.880s][info ][safepoint   ] Safepoint "CollectForMetadataAllocation", Time since last: 12648083 ns, Reaching safepoint: 158917 ns, Cleanup: 13917 ns, At safepoint: 9614166 ns, Total: 9787000 ns
[2025-06-05T22:57:37.504+0000][7.880s][info ][gc,marking  ] GC(39) Concurrent Clear Claimed Marks 0.120ms
[2025-06-05T22:57:37.507+0000][7.883s][info ][gc,marking  ] GC(39) Concurrent Scan Root Regions
[2025-06-05T22:57:37.513+0000][7.888s][info ][gc,marking  ] GC(39) Concurrent Scan Root Regions 5.252ms
[2025-06-05T22:57:37.513+0000][7.888s][info ][gc,marking  ] GC(39) Concurrent Mark
[2025-06-05T22:57:37.513+0000][7.889s][info ][gc,marking  ] GC(39) Concurrent Mark From Roots
[2025-06-05T22:57:37.513+0000][7.889s][info ][gc,task     ] GC(39) Using 1 workers of 1 for marking
[2025-06-05T22:57:37.514+0000][7.890s][debug][safepoint   ] Safepoint synchronization initiated using futex wait barrier. (18 threads)
[2025-06-05T22:57:37.514+0000][7.890s][info ][safepoint   ] Safepoint "CollectForMetadataAllocation", Time since last: 9925709 ns, Reaching safepoint: 102666 ns, Cleanup: 6292 ns, At safepoint: 19708 ns, Total: 128666 ns
[2025-06-05T22:57:37.534+0000][7.910s][debug][safepoint   ] Safepoint synchronization initiated using futex wait barrier. (18 threads)
[2025-06-05T22:57:37.534+0000][7.910s][info ][safepoint   ] Safepoint "CollectForMetadataAllocation", Time since last: 19973167 ns, Reaching safepoint: 186250 ns, Cleanup: 7083 ns, At safepoint: 18125 ns, Total: 211458 ns
[2025-06-05T22:57:37.546+0000][7.921s][debug][safepoint   ] Safepoint synchronization initiated using futex wait barrier. (18 threads)
[2025-06-05T22:57:37.546+0000][7.922s][info ][safepoint   ] Safepoint "CollectForMetadataAllocation", Time since last: 11439750 ns, Reaching safepoint: 178584 ns, Cleanup: 2500 ns, At safepoint: 22541 ns, Total: 203625 ns
[2025-06-05T22:57:37.560+0000][7.935s][info ][gc,marking  ] GC(39) Concurrent Mark From Roots 46.568ms
[2025-06-05T22:57:37.563+0000][7.938s][info ][gc,marking  ] GC(39) Concurrent Preclean
[2025-06-05T22:57:37.563+0000][7.938s][info ][gc,marking  ] GC(39) Concurrent Preclean 0.258ms
[2025-06-05T22:57:37.564+0000][7.940s][debug][safepoint   ] Safepoint synchronization initiated using futex wait barrier. (18 threads)
[2025-06-05T22:57:37.564+0000][7.940s][info ][gc,start    ] GC(39) Pause Remark
[2025-06-05T22:57:37.569+0000][7.944s][info ][gc          ] GC(39) Pause Remark 101M->101M(258M) 4.441ms
[2025-06-05T22:57:37.569+0000][7.944s][info ][gc,cpu      ] GC(39) User=0.01s Sys=0.00s Real=0.01s
[2025-06-05T22:57:37.569+0000][7.944s][info ][safepoint   ] Safepoint "G1PauseRemark", Time since last: 18140834 ns, Reaching safepoint: 93625 ns, Cleanup: 9416 ns, At safepoint: 4611375 ns, Total: 4714416 ns
[2025-06-05T22:57:37.569+0000][7.944s][info ][gc,marking  ] GC(39) Concurrent Mark 55.990ms
[2025-06-05T22:57:37.573+0000][7.948s][info ][gc,marking  ] GC(39) Concurrent Rebuild Remembered Sets
[2025-06-05T22:57:37.626+0000][8.001s][info ][gc,marking  ] GC(39) Concurrent Rebuild Remembered Sets 53.175ms
[2025-06-05T22:57:37.626+0000][8.002s][debug][safepoint   ] Safepoint synchronization initiated using futex wait barrier. (18 threads)
[2025-06-05T22:57:37.627+0000][8.002s][info ][gc,start    ] GC(39) Pause Cleanup
[2025-06-05T22:57:37.627+0000][8.002s][info ][gc          ] GC(39) Pause Cleanup 119M->119M(258M) 0.145ms
[2025-06-05T22:57:37.627+0000][8.002s][info ][gc,cpu      ] GC(39) User=0.00s Sys=0.00s Real=0.00s
[2025-06-05T22:57:37.627+0000][8.002s][info ][safepoint   ] Safepoint "G1PauseCleanup", Time since last: 57163417 ns, Reaching safepoint: 650333 ns, Cleanup: 25542 ns, At safepoint: 240875 ns, Total: 916750 ns
[2025-06-05T22:57:37.627+0000][8.003s][info ][gc,marking  ] GC(39) Concurrent Cleanup for Next Mark
[2025-06-05T22:57:37.628+0000][8.003s][info ][gc,marking  ] GC(39) Concurrent Cleanup for Next Mark 0.362ms
[2025-06-05T22:57:37.628+0000][8.003s][info ][gc          ] GC(39) Concurrent Mark Cycle 123.748ms
[2025-06-05T22:57:37.660+0000][8.036s][debug][safepoint   ] Safepoint synchronization initiated using futex wait barrier. (18 threads)
[2025-06-05T22:57:37.662+0000][8.037s][info ][safepoint   ] Safepoint "ICBufferFull", Time since last: 33398125 ns, Reaching safepoint: 1319375 ns, Cleanup: 91083 ns, At safepoint: 5125 ns, Total: 1415583 ns
[2025-06-05T22:57:37.683+0000][8.059s][debug][safepoint   ] Safepoint synchronization initiated using futex wait barrier. (18 threads)
[2025-06-05T22:57:37.684+0000][8.059s][info ][safepoint   ] Safepoint "ICBufferFull", Time since last: 21316459 ns, Reaching safepoint: 577125 ns, Cleanup: 92750 ns, At safepoint: 5291 ns, Total: 675166 ns
[2025-06-05T22:57:37.870+0000][8.246s][debug][safepoint   ] Safepoint synchronization initiated using futex wait barrier. (18 threads)
[2025-06-05T22:57:37.870+0000][8.246s][info ][safepoint   ] Safepoint "ICBufferFull", Time since last: 186495834 ns, Reaching safepoint: 212208 ns, Cleanup: 79250 ns, At safepoint: 1334 ns, Total: 292792 ns
[2025-06-05T22:57:37.885+0000][8.261s][debug][safepoint   ] Safepoint synchronization initiated using futex wait barrier. (18 threads)
[2025-06-05T22:57:37.885+0000][8.261s][info ][gc,start    ] GC(40) Pause Young (Prepare Mixed) (G1 Evacuation Pause)
[2025-06-05T22:57:37.885+0000][8.261s][info ][gc,task     ] GC(40) Using 2 workers of 2 for evacuation
[2025-06-05T22:57:37.894+0000][8.269s][info ][gc,phases   ] GC(40)   Pre Evacuate Collection Set: 0.1ms
[2025-06-05T22:57:37.894+0000][8.270s][info ][gc,phases   ] GC(40)   Merge Heap Roots: 0.1ms
[2025-06-05T22:57:37.894+0000][8.270s][info ][gc,phases   ] GC(40)   Evacuate Collection Set: 7.3ms
[2025-06-05T22:57:37.894+0000][8.270s][info ][gc,phases   ] GC(40)   Post Evacuate Collection Set: 0.8ms
[2025-06-05T22:57:37.894+0000][8.270s][info ][gc,phases   ] GC(40)   Other: 0.2ms
[2025-06-05T22:57:37.894+0000][8.270s][info ][gc,heap     ] GC(40) Eden regions: 146->0(2)
[2025-06-05T22:57:37.894+0000][8.270s][info ][gc,heap     ] GC(40) Survivor regions: 8->10(20)
[2025-06-05T22:57:37.894+0000][8.270s][info ][gc,heap     ] GC(40) Old regions: 63->63
[2025-06-05T22:57:37.894+0000][8.270s][info ][gc,heap     ] GC(40) Archive regions: 2->2
[2025-06-05T22:57:37.894+0000][8.270s][info ][gc,heap     ] GC(40) Humongous regions: 0->0
[2025-06-05T22:57:37.894+0000][8.270s][info ][gc,metaspace] GC(40) Metaspace: 74875K(75328K)->74875K(75328K) NonClass: 65181K(65408K)->65181K(65408K) Class: 9693K(9920K)->9693K(9920K)
[2025-06-05T22:57:37.894+0000][8.270s][info ][gc          ] GC(40) Pause Young (Prepare Mixed) (G1 Evacuation Pause) 217M->72M(258M) 9.060ms
[2025-06-05T22:57:37.895+0000][8.270s][info ][gc,cpu      ] GC(40) User=0.02s Sys=0.00s Real=0.01s
[2025-06-05T22:57:37.895+0000][8.270s][info ][safepoint   ] Safepoint "G1CollectForAllocation", Time since last: 14756166 ns, Reaching safepoint: 172125 ns, Cleanup: 9500 ns, At safepoint: 9188625 ns, Total: 9370250 ns
[2025-06-05T22:57:37.905+0000][8.280s][debug][safepoint   ] Safepoint synchronization initiated using futex wait barrier. (18 threads)
[2025-06-05T22:57:37.905+0000][8.280s][info ][gc,start    ] GC(41) Pause Young (Mixed) (G1 Evacuation Pause)
[2025-06-05T22:57:37.905+0000][8.280s][info ][gc,task     ] GC(41) Using 2 workers of 2 for evacuation
[2025-06-05T22:57:37.914+0000][8.289s][info ][gc,phases   ] GC(41)   Pre Evacuate Collection Set: 0.1ms
[2025-06-05T22:57:37.914+0000][8.290s][info ][gc,phases   ] GC(41)   Merge Heap Roots: 0.1ms
[2025-06-05T22:57:37.914+0000][8.290s][info ][gc,phases   ] GC(41)   Evacuate Collection Set: 8.1ms
[2025-06-05T22:57:37.914+0000][8.290s][info ][gc,phases   ] GC(41)   Post Evacuate Collection Set: 0.7ms
[2025-06-05T22:57:37.914+0000][8.290s][info ][gc,phases   ] GC(41)   Other: 0.1ms
[2025-06-05T22:57:37.914+0000][8.290s][info ][gc,heap     ] GC(41) Eden regions: 2->0(151)
[2025-06-05T22:57:37.914+0000][8.290s][info ][gc,heap     ] GC(41) Survivor regions: 10->1(2)
[2025-06-05T22:57:37.914+0000][8.290s][info ][gc,heap     ] GC(41) Old regions: 63->71
[2025-06-05T22:57:37.914+0000][8.290s][info ][gc,heap     ] GC(41) Archive regions: 2->2
[2025-06-05T22:57:37.914+0000][8.290s][info ][gc,heap     ] GC(41) Humongous regions: 0->0
[2025-06-05T22:57:37.914+0000][8.290s][info ][gc,metaspace] GC(41) Metaspace: 75323K(75776K)->75323K(75776K) NonClass: 65562K(65792K)->65562K(65792K) Class: 9761K(9984K)->9761K(9984K)
[2025-06-05T22:57:37.914+0000][8.290s][info ][gc          ] GC(41) Pause Young (Mixed) (G1 Evacuation Pause) 74M->71M(258M) 9.632ms
[2025-06-05T22:57:37.914+0000][8.290s][info ][gc,cpu      ] GC(41) User=0.02s Sys=0.00s Real=0.01s
[2025-06-05T22:57:37.914+0000][8.290s][info ][safepoint   ] Safepoint "G1CollectForAllocation", Time since last: 9964125 ns, Reaching safepoint: 126792 ns, Cleanup: 2792 ns, At safepoint: 9746500 ns, Total: 9876084 ns
[2025-06-05T22:57:38.094+0000][8.469s][debug][safepoint   ] Safepoint synchronization initiated using futex wait barrier. (18 threads)
[2025-06-05T22:57:38.094+0000][8.470s][info ][safepoint   ] Safepoint "ICBufferFull", Time since last: 179451250 ns, Reaching safepoint: 165750 ns, Cleanup: 103875 ns, At safepoint: 1541 ns, Total: 271166 ns
[2025-06-05T22:57:38.159+0000][8.534s][debug][safepoint   ] Safepoint synchronization initiated using futex wait barrier. (18 threads)
[2025-06-05T22:57:38.159+0000][8.535s][info ][gc,start    ] GC(42) Pause Young (Concurrent Start) (G1 Evacuation Pause)
[2025-06-05T22:57:38.159+0000][8.535s][info ][gc,task     ] GC(42) Using 2 workers of 2 for evacuation
[2025-06-05T22:57:38.163+0000][8.539s][info ][gc,phases   ] GC(42)   Pre Evacuate Collection Set: 0.1ms
[2025-06-05T22:57:38.163+0000][8.539s][info ][gc,phases   ] GC(42)   Merge Heap Roots: 0.1ms
[2025-06-05T22:57:38.163+0000][8.539s][info ][gc,phases   ] GC(42)   Evacuate Collection Set: 3.0ms
[2025-06-05T22:57:38.163+0000][8.539s][info ][gc,phases   ] GC(42)   Post Evacuate Collection Set: 0.8ms
[2025-06-05T22:57:38.163+0000][8.539s][info ][gc,phases   ] GC(42)   Other: 0.2ms
[2025-06-05T22:57:38.163+0000][8.539s][info ][gc,heap     ] GC(42) Eden regions: 151->0(152)
[2025-06-05T22:57:38.164+0000][8.539s][info ][gc,heap     ] GC(42) Survivor regions: 1->1(19)
[2025-06-05T22:57:38.164+0000][8.539s][info ][gc,heap     ] GC(42) Old regions: 71->71
[2025-06-05T22:57:38.164+0000][8.539s][info ][gc,heap     ] GC(42) Archive regions: 2->2
[2025-06-05T22:57:38.164+0000][8.539s][info ][gc,heap     ] GC(42) Humongous regions: 0->0
[2025-06-05T22:57:38.164+0000][8.539s][info ][gc,metaspace] GC(42) Metaspace: 77977K(78464K)->77977K(78464K) NonClass: 67731K(67968K)->67731K(67968K) Class: 10246K(10496K)->10246K(10496K)
[2025-06-05T22:57:38.164+0000][8.539s][info ][gc          ] GC(42) Pause Young (Concurrent Start) (G1 Evacuation Pause) 222M->71M(258M) 4.823ms
[2025-06-05T22:57:38.164+0000][8.540s][info ][gc,cpu      ] GC(42) User=0.01s Sys=0.00s Real=0.00s
[2025-06-05T22:57:38.164+0000][8.540s][info ][safepoint   ] Safepoint "G1CollectForAllocation", Time since last: 64639292 ns, Reaching safepoint: 172625 ns, Cleanup: 91875 ns, At safepoint: 4959292 ns, Total: 5223792 ns
[2025-06-05T22:57:38.164+0000][8.540s][info ][gc          ] GC(43) Concurrent Mark Cycle
[2025-06-05T22:57:38.168+0000][8.543s][info ][gc,marking  ] GC(43) Concurrent Clear Claimed Marks
[2025-06-05T22:57:38.168+0000][8.543s][info ][gc,marking  ] GC(43) Concurrent Clear Claimed Marks 0.238ms
[2025-06-05T22:57:38.168+0000][8.544s][info ][gc,marking  ] GC(43) Concurrent Scan Root Regions
[2025-06-05T22:57:38.169+0000][8.545s][info ][gc,marking  ] GC(43) Concurrent Scan Root Regions 1.223ms
[2025-06-05T22:57:38.169+0000][8.545s][info ][gc,marking  ] GC(43) Concurrent Mark
[2025-06-05T22:57:38.169+0000][8.545s][info ][gc,marking  ] GC(43) Concurrent Mark From Roots
[2025-06-05T22:57:38.169+0000][8.545s][info ][gc,task     ] GC(43) Using 1 workers of 1 for marking
[2025-06-05T22:57:38.213+0000][8.589s][debug][safepoint   ] Safepoint synchronization initiated using futex wait barrier. (18 threads)
[2025-06-05T22:57:38.214+0000][8.589s][info ][safepoint   ] Safepoint "ICBufferFull", Time since last: 49131000 ns, Reaching safepoint: 438625 ns, Cleanup: 100458 ns, At safepoint: 9667 ns, Total: 548750 ns
[2025-06-05T22:57:38.226+0000][8.602s][info ][gc,marking  ] GC(43) Concurrent Mark From Roots 56.852ms
[2025-06-05T22:57:38.228+0000][8.603s][info ][gc,marking  ] GC(43) Concurrent Preclean
[2025-06-05T22:57:38.228+0000][8.603s][info ][gc,marking  ] GC(43) Concurrent Preclean 0.262ms
[2025-06-05T22:57:38.228+0000][8.604s][debug][safepoint   ] Safepoint synchronization initiated using futex wait barrier. (18 threads)
[2025-06-05T22:57:38.230+0000][8.605s][info ][gc,start    ] GC(43) Pause Remark
[2025-06-05T22:57:38.234+0000][8.610s][info ][gc          ] GC(43) Pause Remark 92M->92M(258M) 4.599ms
[2025-06-05T22:57:38.234+0000][8.610s][info ][gc,cpu      ] GC(43) User=0.01s Sys=0.00s Real=0.00s
[2025-06-05T22:57:38.235+0000][8.610s][info ][safepoint   ] Safepoint "G1PauseRemark", Time since last: 14287666 ns, Reaching safepoint: 1610625 ns, Cleanup: 105459 ns, At safepoint: 4855250 ns, Total: 6571334 ns
[2025-06-05T22:57:38.235+0000][8.611s][info ][gc,marking  ] GC(43) Concurrent Mark 66.042ms
[2025-06-05T22:57:38.235+0000][8.611s][info ][gc,marking  ] GC(43) Concurrent Rebuild Remembered Sets
[2025-06-05T22:57:38.253+0000][8.629s][debug][safepoint   ] Safepoint synchronization initiated using futex wait barrier. (18 threads)
[2025-06-05T22:57:38.253+0000][8.629s][info ][safepoint   ] Safepoint "ICBufferFull", Time since last: 18445833 ns, Reaching safepoint: 327958 ns, Cleanup: 100667 ns, At safepoint: 7458 ns, Total: 436083 ns
[2025-06-05T22:57:38.259+0000][8.635s][debug][safepoint   ] Safepoint synchronization initiated using futex wait barrier. (18 threads)
[2025-06-05T22:57:38.260+0000][8.635s][info ][safepoint   ] Safepoint "ICBufferFull", Time since last: 5739000 ns, Reaching safepoint: 325750 ns, Cleanup: 105125 ns, At safepoint: 10875 ns, Total: 441750 ns
[2025-06-05T22:57:38.317+0000][8.692s][info ][gc,marking  ] GC(43) Concurrent Rebuild Remembered Sets 81.270ms
[2025-06-05T22:57:38.318+0000][8.694s][debug][safepoint   ] Safepoint synchronization initiated using futex wait barrier. (18 threads)
[2025-06-05T22:57:38.319+0000][8.694s][info ][gc,start    ] GC(43) Pause Cleanup
[2025-06-05T22:57:38.319+0000][8.694s][info ][gc          ] GC(43) Pause Cleanup 101M->101M(258M) 0.171ms
[2025-06-05T22:57:38.319+0000][8.694s][info ][gc,cpu      ] GC(43) User=0.00s Sys=0.00s Real=0.00s
[2025-06-05T22:57:38.319+0000][8.694s][info ][safepoint   ] Safepoint "G1PauseCleanup", Time since last: 58423209 ns, Reaching safepoint: 514166 ns, Cleanup: 48667 ns, At safepoint: 299500 ns, Total: 862333 ns
[2025-06-05T22:57:38.319+0000][8.695s][info ][gc,marking  ] GC(43) Concurrent Cleanup for Next Mark
[2025-06-05T22:57:38.319+0000][8.695s][info ][gc,marking  ] GC(43) Concurrent Cleanup for Next Mark 0.229ms
[2025-06-05T22:57:38.320+0000][8.695s][info ][gc          ] GC(43) Concurrent Mark Cycle 155.488ms
[2025-06-05T22:57:38.335+0000][8.711s][debug][safepoint   ] Safepoint synchronization initiated using futex wait barrier. (18 threads)
[2025-06-05T22:57:38.335+0000][8.711s][info ][safepoint   ] Safepoint "ICBufferFull", Time since last: 16142083 ns, Reaching safepoint: 197375 ns, Cleanup: 67375 ns, At safepoint: 4625 ns, Total: 269375 ns
[2025-06-05T22:57:38.354+0000][8.730s][debug][safepoint   ] Safepoint synchronization initiated using futex wait barrier. (18 threads)
[2025-06-05T22:57:38.355+0000][8.730s][info ][safepoint   ] Safepoint "ICBufferFull", Time since last: 19081042 ns, Reaching safepoint: 176667 ns, Cleanup: 85666 ns, At safepoint: 7584 ns, Total: 269917 ns
[2025-06-05T22:57:38.377+0000][8.752s][debug][safepoint   ] Safepoint synchronization initiated using futex wait barrier. (18 threads)
[2025-06-05T22:57:38.377+0000][8.752s][info ][safepoint   ] Safepoint "ICBufferFull", Time since last: 21886875 ns, Reaching safepoint: 164041 ns, Cleanup: 91834 ns, At safepoint: 4666 ns, Total: 260541 ns
[2025-06-05T22:57:38.419+0000][8.794s][debug][safepoint   ] Safepoint synchronization initiated using futex wait barrier. (18 threads)
[2025-06-05T22:57:38.419+0000][8.795s][info ][safepoint   ] Safepoint "ICBufferFull", Time since last: 42041209 ns, Reaching safepoint: 212833 ns, Cleanup: 93833 ns, At safepoint: 1709 ns, Total: 308375 ns
[2025-06-05T22:57:38.451+0000][8.827s][debug][safepoint   ] Safepoint synchronization initiated using futex wait barrier. (18 threads)
[2025-06-05T22:57:38.452+0000][8.828s][info ][safepoint   ] Safepoint "ICBufferFull", Time since last: 32108708 ns, Reaching safepoint: 752542 ns, Cleanup: 89791 ns, At safepoint: 12709 ns, Total: 855042 ns
[2025-06-05T22:57:38.452+0000][8.828s][debug][safepoint   ] Safepoint synchronization initiated using futex wait barrier. (18 threads)
[2025-06-05T22:57:38.453+0000][8.828s][info ][safepoint   ] Safepoint "ICBufferFull", Time since last: 125416 ns, Reaching safepoint: 322917 ns, Cleanup: 5083 ns, At safepoint: 4625 ns, Total: 332625 ns
[2025-06-05T22:57:38.528+0000][8.904s][debug][safepoint   ] Safepoint synchronization initiated using futex wait barrier. (18 threads)
[2025-06-05T22:57:38.528+0000][8.904s][info ][safepoint   ] Safepoint "ICBufferFull", Time since last: 75479250 ns, Reaching safepoint: 206417 ns, Cleanup: 124208 ns, At safepoint: 5084 ns, Total: 335709 ns
[2025-06-05T22:57:38.641+0000][9.017s][debug][safepoint   ] Safepoint synchronization initiated using futex wait barrier. (18 threads)
[2025-06-05T22:57:38.641+0000][9.017s][info ][gc,start    ] GC(44) Pause Young (Prepare Mixed) (G1 Evacuation Pause)
[2025-06-05T22:57:38.641+0000][9.017s][info ][gc,task     ] GC(44) Using 2 workers of 2 for evacuation
[2025-06-05T22:57:38.645+0000][9.021s][info ][gc,phases   ] GC(44)   Pre Evacuate Collection Set: 0.1ms
[2025-06-05T22:57:38.645+0000][9.021s][info ][gc,phases   ] GC(44)   Merge Heap Roots: 0.1ms
[2025-06-05T22:57:38.646+0000][9.021s][info ][gc,phases   ] GC(44)   Evacuate Collection Set: 3.1ms
[2025-06-05T22:57:38.646+0000][9.021s][info ][gc,phases   ] GC(44)   Post Evacuate Collection Set: 0.6ms
[2025-06-05T22:57:38.646+0000][9.021s][info ][gc,phases   ] GC(44)   Other: 0.2ms
[2025-06-05T22:57:38.646+0000][9.021s][info ][gc,heap     ] GC(44) Eden regions: 152->0(9)
[2025-06-05T22:57:38.646+0000][9.021s][info ][gc,heap     ] GC(44) Survivor regions: 1->3(20)
[2025-06-05T22:57:38.646+0000][9.021s][info ][gc,heap     ] GC(44) Old regions: 71->71
[2025-06-05T22:57:38.646+0000][9.021s][info ][gc,heap     ] GC(44) Archive regions: 2->2
[2025-06-05T22:57:38.646+0000][9.021s][info ][gc,heap     ] GC(44) Humongous regions: 0->0
[2025-06-05T22:57:38.646+0000][9.022s][info ][gc,metaspace] GC(44) Metaspace: 81459K(81984K)->81459K(81984K) NonClass: 70749K(71040K)->70749K(71040K) Class: 10710K(10944K)->10710K(10944K)
[2025-06-05T22:57:38.646+0000][9.022s][info ][gc          ] GC(44) Pause Young (Prepare Mixed) (G1 Evacuation Pause) 223M->73M(258M) 4.703ms
[2025-06-05T22:57:38.646+0000][9.022s][info ][gc,cpu      ] GC(44) User=0.01s Sys=0.00s Real=0.01s
[2025-06-05T22:57:38.646+0000][9.022s][info ][safepoint   ] Safepoint "G1CollectForAllocation", Time since last: 112624042 ns, Reaching safepoint: 200791 ns, Cleanup: 49042 ns, At safepoint: 4814000 ns, Total: 5063833 ns
[2025-06-05T22:57:38.666+0000][9.041s][debug][safepoint   ] Safepoint synchronization initiated using futex wait barrier. (18 threads)
[2025-06-05T22:57:38.666+0000][9.042s][info ][gc,start    ] GC(45) Pause Young (Mixed) (G1 Evacuation Pause)
[2025-06-05T22:57:38.666+0000][9.042s][info ][gc,task     ] GC(45) Using 2 workers of 2 for evacuation
[2025-06-05T22:57:38.671+0000][9.047s][info ][gc,phases   ] GC(45)   Pre Evacuate Collection Set: 0.1ms
[2025-06-05T22:57:38.671+0000][9.047s][info ][gc,phases   ] GC(45)   Merge Heap Roots: 0.1ms
[2025-06-05T22:57:38.671+0000][9.047s][info ][gc,phases   ] GC(45)   Evacuate Collection Set: 4.0ms
[2025-06-05T22:57:38.671+0000][9.047s][info ][gc,phases   ] GC(45)   Post Evacuate Collection Set: 0.7ms
[2025-06-05T22:57:38.671+0000][9.047s][info ][gc,phases   ] GC(45)   Other: 0.2ms
[2025-06-05T22:57:38.671+0000][9.047s][info ][gc,heap     ] GC(45) Eden regions: 9->0(150)
[2025-06-05T22:57:38.671+0000][9.047s][info ][gc,heap     ] GC(45) Survivor regions: 3->1(2)
[2025-06-05T22:57:38.671+0000][9.047s][info ][gc,heap     ] GC(45) Old regions: 71->72
[2025-06-05T22:57:38.671+0000][9.047s][info ][gc,heap     ] GC(45) Archive regions: 2->2
[2025-06-05T22:57:38.671+0000][9.047s][info ][gc,heap     ] GC(45) Humongous regions: 0->0
[2025-06-05T22:57:38.671+0000][9.047s][info ][gc,metaspace] GC(45) Metaspace: 81807K(82304K)->81807K(82304K) NonClass: 71036K(71296K)->71036K(71296K) Class: 10771K(11008K)->10771K(11008K)
[2025-06-05T22:57:38.671+0000][9.047s][info ][gc          ] GC(45) Pause Young (Mixed) (G1 Evacuation Pause) 82M->73M(258M) 5.523ms
[2025-06-05T22:57:38.672+0000][9.047s][info ][gc,cpu      ] GC(45) User=0.01s Sys=0.00s Real=0.00s
[2025-06-05T22:57:38.672+0000][9.047s][info ][safepoint   ] Safepoint "G1CollectForAllocation", Time since last: 19701542 ns, Reaching safepoint: 164208 ns, Cleanup: 11875 ns, At safepoint: 5609333 ns, Total: 5785416 ns
[2025-06-05T22:57:38.791+0000][9.167s][debug][safepoint   ] Safepoint synchronization initiated using futex wait barrier. (18 threads)
[2025-06-05T22:57:38.792+0000][9.167s][info ][safepoint   ] Safepoint "ICBufferFull", Time since last: 119747625 ns, Reaching safepoint: 165000 ns, Cleanup: 101000 ns, At safepoint: 1500 ns, Total: 267500 ns
[2025-06-05T22:57:38.870+0000][9.245s][debug][safepoint   ] Safepoint synchronization initiated using futex wait barrier. (18 threads)
[2025-06-05T22:57:38.870+0000][9.246s][info ][safepoint   ] Safepoint "ICBufferFull", Time since last: 78032292 ns, Reaching safepoint: 177042 ns, Cleanup: 123583 ns, At safepoint: 5875 ns, Total: 306500 ns
[2025-06-05T22:57:38.932+0000][9.308s][debug][safepoint   ] Safepoint synchronization initiated using futex wait barrier. (18 threads)
[2025-06-05T22:57:38.932+0000][9.308s][info ][safepoint   ] Safepoint "ICBufferFull", Time since last: 62083833 ns, Reaching safepoint: 210750 ns, Cleanup: 107834 ns, At safepoint: 5666 ns, Total: 324250 ns
[2025-06-05T22:57:38.984+0000][9.360s][debug][safepoint   ] Safepoint synchronization initiated using futex wait barrier. (18 threads)
[2025-06-05T22:57:38.985+0000][9.360s][info ][gc,start    ] GC(46) Pause Young (Normal) (G1 Evacuation Pause)
[2025-06-05T22:57:38.985+0000][9.360s][info ][gc,task     ] GC(46) Using 2 workers of 2 for evacuation
[2025-06-05T22:57:38.989+0000][9.365s][info ][gc,phases   ] GC(46)   Pre Evacuate Collection Set: 0.1ms
[2025-06-05T22:57:38.989+0000][9.365s][info ][gc,phases   ] GC(46)   Merge Heap Roots: 0.1ms
[2025-06-05T22:57:38.989+0000][9.365s][info ][gc,phases   ] GC(46)   Evacuate Collection Set: 3.6ms
[2025-06-05T22:57:38.989+0000][9.365s][info ][gc,phases   ] GC(46)   Post Evacuate Collection Set: 0.8ms
[2025-06-05T22:57:38.989+0000][9.365s][info ][gc,phases   ] GC(46)   Other: 0.2ms
[2025-06-05T22:57:38.990+0000][9.365s][info ][gc,heap     ] GC(46) Eden regions: 150->0(146)
[2025-06-05T22:57:38.990+0000][9.365s][info ][gc,heap     ] GC(46) Survivor regions: 1->4(19)
[2025-06-05T22:57:38.990+0000][9.365s][info ][gc,heap     ] GC(46) Old regions: 72->72
[2025-06-05T22:57:38.990+0000][9.365s][info ][gc,heap     ] GC(46) Archive regions: 2->2
[2025-06-05T22:57:38.990+0000][9.365s][info ][gc,heap     ] GC(46) Humongous regions: 0->0
[2025-06-05T22:57:38.990+0000][9.365s][info ][gc,metaspace] GC(46) Metaspace: 84148K(84672K)->84148K(84672K) NonClass: 73139K(73408K)->73139K(73408K) Class: 11009K(11264K)->11009K(11264K)
[2025-06-05T22:57:38.990+0000][9.365s][info ][gc          ] GC(46) Pause Young (Normal) (G1 Evacuation Pause) 223M->75M(258M) 5.272ms
[2025-06-05T22:57:38.990+0000][9.365s][info ][gc,cpu      ] GC(46) User=0.01s Sys=0.00s Real=0.01s
[2025-06-05T22:57:38.990+0000][9.366s][info ][safepoint   ] Safepoint "G1CollectForAllocation", Time since last: 52002375 ns, Reaching safepoint: 179917 ns, Cleanup: 40958 ns, At safepoint: 5369959 ns, Total: 5590834 ns
[2025-06-05T22:57:39.086+0000][9.462s][debug][safepoint   ] Safepoint synchronization initiated using futex wait barrier. (18 threads)
[2025-06-05T22:57:39.087+0000][9.462s][info ][safepoint   ] Safepoint "ICBufferFull", Time since last: 96450916 ns, Reaching safepoint: 175459 ns, Cleanup: 107166 ns, At safepoint: 4417 ns, Total: 287042 ns
[2025-06-05T22:57:39.344+0000][9.720s][debug][safepoint   ] Safepoint synchronization initiated using futex wait barrier. (18 threads)
[2025-06-05T22:57:39.344+0000][9.720s][info ][safepoint   ] Safepoint "ICBufferFull", Time since last: 257367917 ns, Reaching safepoint: 189250 ns, Cleanup: 109333 ns, At safepoint: 1417 ns, Total: 300000 ns
[2025-06-05T22:57:39.445+0000][9.820s][debug][safepoint   ] Safepoint synchronization initiated using futex wait barrier. (18 threads)
[2025-06-05T22:57:39.445+0000][9.821s][info ][gc,start    ] GC(47) Pause Young (Normal) (G1 Evacuation Pause)
[2025-06-05T22:57:39.445+0000][9.821s][info ][gc,task     ] GC(47) Using 2 workers of 2 for evacuation
[2025-06-05T22:57:39.452+0000][9.828s][info ][gc,phases   ] GC(47)   Pre Evacuate Collection Set: 0.1ms
[2025-06-05T22:57:39.452+0000][9.828s][info ][gc,phases   ] GC(47)   Merge Heap Roots: 0.1ms
[2025-06-05T22:57:39.452+0000][9.828s][info ][gc,phases   ] GC(47)   Evacuate Collection Set: 5.9ms
[2025-06-05T22:57:39.452+0000][9.828s][info ][gc,phases   ] GC(47)   Post Evacuate Collection Set: 0.8ms
[2025-06-05T22:57:39.452+0000][9.828s][info ][gc,phases   ] GC(47)   Other: 0.2ms
[2025-06-05T22:57:39.453+0000][9.828s][info ][gc,heap     ] GC(47) Eden regions: 146->0(142)
[2025-06-05T22:57:39.453+0000][9.828s][info ][gc,heap     ] GC(47) Survivor regions: 4->7(19)
[2025-06-05T22:57:39.453+0000][9.828s][info ][gc,heap     ] GC(47) Old regions: 72->72
[2025-06-05T22:57:39.453+0000][9.828s][info ][gc,heap     ] GC(47) Archive regions: 2->2
[2025-06-05T22:57:39.453+0000][9.828s][info ][gc,heap     ] GC(47) Humongous regions: 0->0
[2025-06-05T22:57:39.453+0000][9.828s][info ][gc,metaspace] GC(47) Metaspace: 87045K(87680K)->87045K(87680K) NonClass: 75830K(76160K)->75830K(76160K) Class: 11215K(11520K)->11215K(11520K)
[2025-06-05T22:57:39.453+0000][9.828s][info ][gc          ] GC(47) Pause Young (Normal) (G1 Evacuation Pause) 221M->79M(258M) 7.590ms
[2025-06-05T22:57:39.453+0000][9.828s][info ][gc,cpu      ] GC(47) User=0.02s Sys=0.00s Real=0.01s
[2025-06-05T22:57:39.453+0000][9.828s][info ][safepoint   ] Safepoint "G1CollectForAllocation", Time since last: 100568292 ns, Reaching safepoint: 195125 ns, Cleanup: 93666 ns, At safepoint: 7712542 ns, Total: 8001333 ns
[2025-06-05T22:57:39.811+0000][10.187s][debug][safepoint   ] Safepoint synchronization initiated using futex wait barrier. (22 threads)
[2025-06-05T22:57:39.811+0000][10.187s][info ][safepoint   ] Safepoint "ICBufferFull", Time since last: 358076583 ns, Reaching safepoint: 193750 ns, Cleanup: 120459 ns, At safepoint: 5250 ns, Total: 319459 ns
[2025-06-05T22:57:39.900+0000][10.275s][debug][safepoint   ] Safepoint synchronization initiated using futex wait barrier. (22 threads)
[2025-06-05T22:57:39.900+0000][10.276s][info ][gc,start    ] GC(48) Pause Young (Normal) (G1 Evacuation Pause)
[2025-06-05T22:57:39.900+0000][10.276s][info ][gc,task     ] GC(48) Using 2 workers of 2 for evacuation
[2025-06-05T22:57:39.917+0000][10.293s][info ][gc,phases   ] GC(48)   Pre Evacuate Collection Set: 0.1ms
[2025-06-05T22:57:39.917+0000][10.293s][info ][gc,phases   ] GC(48)   Merge Heap Roots: 0.1ms
[2025-06-05T22:57:39.917+0000][10.293s][info ][gc,phases   ] GC(48)   Evacuate Collection Set: 15.7ms
[2025-06-05T22:57:39.917+0000][10.293s][info ][gc,phases   ] GC(48)   Post Evacuate Collection Set: 1.0ms
[2025-06-05T22:57:39.917+0000][10.293s][info ][gc,phases   ] GC(48)   Other: 0.3ms
[2025-06-05T22:57:39.918+0000][10.293s][info ][gc,heap     ] GC(48) Eden regions: 142->0(136)
[2025-06-05T22:57:39.918+0000][10.293s][info ][gc,heap     ] GC(48) Survivor regions: 7->11(19)
[2025-06-05T22:57:39.918+0000][10.293s][info ][gc,heap     ] GC(48) Old regions: 72->72
[2025-06-05T22:57:39.918+0000][10.293s][info ][gc,heap     ] GC(48) Archive regions: 2->2
[2025-06-05T22:57:39.918+0000][10.293s][info ][gc,heap     ] GC(48) Humongous regions: 0->0
[2025-06-05T22:57:39.918+0000][10.293s][info ][gc,metaspace] GC(48) Metaspace: 90073K(90624K)->90073K(90624K) NonClass: 78547K(78848K)->78547K(78848K) Class: 11525K(11776K)->11525K(11776K)
[2025-06-05T22:57:39.918+0000][10.293s][info ][gc          ] GC(48) Pause Young (Normal) (G1 Evacuation Pause) 221M->83M(258M) 17.775ms
[2025-06-05T22:57:39.918+0000][10.293s][info ][gc,cpu      ] GC(48) User=0.02s Sys=0.00s Real=0.02s
[2025-06-05T22:57:39.918+0000][10.293s][info ][safepoint   ] Safepoint "G1CollectForAllocation", Time since last: 88465833 ns, Reaching safepoint: 189917 ns, Cleanup: 65416 ns, At safepoint: 17878334 ns, Total: 18133667 ns
[2025-06-05T22:57:39.959+0000][10.334s][debug][safepoint   ] Safepoint synchronization initiated using futex wait barrier. (22 threads)
[2025-06-05T22:57:39.960+0000][10.335s][info ][safepoint   ] Safepoint "ICBufferFull", Time since last: 40666083 ns, Reaching safepoint: 1148042 ns, Cleanup: 132917 ns, At safepoint: 2583 ns, Total: 1283542 ns
[2025-06-05T22:57:40.158+0000][10.533s][debug][safepoint   ] Safepoint synchronization initiated using futex wait barrier. (22 threads)
[2025-06-05T22:57:40.158+0000][10.534s][info ][safepoint   ] Safepoint "ICBufferFull", Time since last: 197868792 ns, Reaching safepoint: 184125 ns, Cleanup: 125375 ns, At safepoint: 5166 ns, Total: 314666 ns
[2025-06-05T22:57:40.172+0000][10.548s][debug][safepoint   ] Safepoint synchronization initiated using futex wait barrier. (22 threads)
[2025-06-05T22:57:40.172+0000][10.548s][info ][safepoint   ] Safepoint "ICBufferFull", Time since last: 14053709 ns, Reaching safepoint: 164416 ns, Cleanup: 61209 ns, At safepoint: 4500 ns, Total: 230125 ns
[2025-06-05T22:57:40.186+0000][10.562s][debug][safepoint   ] Safepoint synchronization initiated using futex wait barrier. (22 threads)
[2025-06-05T22:57:40.188+0000][10.563s][info ][safepoint   ] Safepoint "ICBufferFull", Time since last: 14071166 ns, Reaching safepoint: 1409917 ns, Cleanup: 64875 ns, At safepoint: 10167 ns, Total: 1484959 ns
[2025-06-05T22:57:40.274+0000][10.650s][debug][safepoint   ] Safepoint synchronization initiated using futex wait barrier. (22 threads)
[2025-06-05T22:57:40.275+0000][10.650s][info ][gc,start    ] GC(49) Pause Young (Normal) (G1 Evacuation Pause)
[2025-06-05T22:57:40.275+0000][10.650s][info ][gc,task     ] GC(49) Using 2 workers of 2 for evacuation
[2025-06-05T22:57:40.285+0000][10.661s][info ][gc,phases   ] GC(49)   Pre Evacuate Collection Set: 0.1ms
[2025-06-05T22:57:40.285+0000][10.661s][info ][gc,phases   ] GC(49)   Merge Heap Roots: 0.1ms
[2025-06-05T22:57:40.285+0000][10.661s][info ][gc,phases   ] GC(49)   Evacuate Collection Set: 9.2ms
[2025-06-05T22:57:40.285+0000][10.661s][info ][gc,phases   ] GC(49)   Post Evacuate Collection Set: 0.9ms
[2025-06-05T22:57:40.285+0000][10.661s][info ][gc,phases   ] GC(49)   Other: 0.2ms
[2025-06-05T22:57:40.285+0000][10.661s][info ][gc,heap     ] GC(49) Eden regions: 136->0(135)
[2025-06-05T22:57:40.285+0000][10.661s][info ][gc,heap     ] GC(49) Survivor regions: 11->10(19)
[2025-06-05T22:57:40.286+0000][10.661s][info ][gc,heap     ] GC(49) Old regions: 72->75
[2025-06-05T22:57:40.286+0000][10.661s][info ][gc,heap     ] GC(49) Archive regions: 2->2
[2025-06-05T22:57:40.286+0000][10.661s][info ][gc,heap     ] GC(49) Humongous regions: 0->0
[2025-06-05T22:57:40.286+0000][10.661s][info ][gc,metaspace] GC(49) Metaspace: 94536K(95104K)->94536K(95104K) NonClass: 82219K(82496K)->82219K(82496K) Class: 12317K(12608K)->12317K(12608K)
[2025-06-05T22:57:40.286+0000][10.661s][info ][gc          ] GC(49) Pause Young (Normal) (G1 Evacuation Pause) 219M->85M(258M) 11.121ms
[2025-06-05T22:57:40.286+0000][10.661s][info ][gc,cpu      ] GC(49) User=0.02s Sys=0.00s Real=0.02s
[2025-06-05T22:57:40.286+0000][10.662s][info ][safepoint   ] Safepoint "G1CollectForAllocation", Time since last: 86537000 ns, Reaching safepoint: 212458 ns, Cleanup: 46667 ns, At safepoint: 11238666 ns, Total: 11497791 ns
[2025-06-05T22:57:40.665+0000][11.040s][debug][safepoint   ] Safepoint synchronization initiated using futex wait barrier. (22 threads)
[2025-06-05T22:57:40.666+0000][11.041s][info ][safepoint   ] Safepoint "ICBufferFull", Time since last: 378907042 ns, Reaching safepoint: 865209 ns, Cleanup: 124666 ns, At safepoint: 7334 ns, Total: 997209 ns
[2025-06-05T22:57:40.671+0000][11.047s][debug][safepoint   ] Safepoint synchronization initiated using futex wait barrier. (22 threads)
[2025-06-05T22:57:40.672+0000][11.047s][info ][gc,start    ] GC(50) Pause Young (Normal) (G1 Evacuation Pause)
[2025-06-05T22:57:40.672+0000][11.047s][info ][gc,task     ] GC(50) Using 2 workers of 2 for evacuation
[2025-06-05T22:57:40.682+0000][11.058s][info ][gc,phases   ] GC(50)   Pre Evacuate Collection Set: 0.1ms
[2025-06-05T22:57:40.682+0000][11.058s][info ][gc,phases   ] GC(50)   Merge Heap Roots: 0.1ms
[2025-06-05T22:57:40.682+0000][11.058s][info ][gc,phases   ] GC(50)   Evacuate Collection Set: 9.6ms
[2025-06-05T22:57:40.683+0000][11.058s][info ][gc,phases   ] GC(50)   Post Evacuate Collection Set: 0.9ms
[2025-06-05T22:57:40.683+0000][11.058s][info ][gc,phases   ] GC(50)   Other: 0.2ms
[2025-06-05T22:57:40.683+0000][11.058s][info ][gc,heap     ] GC(50) Eden regions: 135->0(133)
[2025-06-05T22:57:40.683+0000][11.058s][info ][gc,heap     ] GC(50) Survivor regions: 10->9(19)
[2025-06-05T22:57:40.683+0000][11.058s][info ][gc,heap     ] GC(50) Old regions: 75->79
[2025-06-05T22:57:40.683+0000][11.058s][info ][gc,heap     ] GC(50) Archive regions: 2->2
[2025-06-05T22:57:40.683+0000][11.058s][info ][gc,heap     ] GC(50) Humongous regions: 0->0
[2025-06-05T22:57:40.683+0000][11.058s][info ][gc,metaspace] GC(50) Metaspace: 96644K(97216K)->96644K(97216K) NonClass: 83947K(84224K)->83947K(84224K) Class: 12696K(12992K)->12696K(12992K)
[2025-06-05T22:57:40.683+0000][11.059s][info ][gc          ] GC(50) Pause Young (Normal) (G1 Evacuation Pause) 220M->87M(258M) 11.375ms
[2025-06-05T22:57:40.683+0000][11.059s][info ][gc,cpu      ] GC(50) User=0.02s Sys=0.00s Real=0.01s
[2025-06-05T22:57:40.683+0000][11.059s][info ][safepoint   ] Safepoint "G1CollectForAllocation", Time since last: 5501541 ns, Reaching safepoint: 197542 ns, Cleanup: 23250 ns, At safepoint: 11500083 ns, Total: 11720875 ns
[2025-06-05T22:57:40.974+0000][11.349s][debug][safepoint   ] Safepoint synchronization initiated using futex wait barrier. (24 threads)
[2025-06-05T22:57:40.974+0000][11.349s][info ][safepoint   ] Safepoint "ICBufferFull", Time since last: 290520375 ns, Reaching safepoint: 185250 ns, Cleanup: 118250 ns, At safepoint: 1625 ns, Total: 305125 ns
[2025-06-05T22:57:41.120+0000][11.496s][debug][safepoint   ] Safepoint synchronization initiated using futex wait barrier. (26 threads)
[2025-06-05T22:57:41.120+0000][11.496s][info ][gc,start    ] GC(51) Pause Young (Normal) (G1 Evacuation Pause)
[2025-06-05T22:57:41.120+0000][11.496s][info ][gc,task     ] GC(51) Using 2 workers of 2 for evacuation
[2025-06-05T22:57:41.132+0000][11.507s][info ][gc,phases   ] GC(51)   Pre Evacuate Collection Set: 0.1ms
[2025-06-05T22:57:41.132+0000][11.508s][info ][gc,phases   ] GC(51)   Merge Heap Roots: 0.1ms
[2025-06-05T22:57:41.132+0000][11.508s][info ][gc,phases   ] GC(51)   Evacuate Collection Set: 10.1ms
[2025-06-05T22:57:41.132+0000][11.508s][info ][gc,phases   ] GC(51)   Post Evacuate Collection Set: 1.0ms
[2025-06-05T22:57:41.132+0000][11.508s][info ][gc,phases   ] GC(51)   Other: 0.2ms
[2025-06-05T22:57:41.132+0000][11.508s][info ][gc,heap     ] GC(51) Eden regions: 133->0(129)
[2025-06-05T22:57:41.132+0000][11.508s][info ][gc,heap     ] GC(51) Survivor regions: 9->11(18)
[2025-06-05T22:57:41.132+0000][11.508s][info ][gc,heap     ] GC(51) Old regions: 79->79
[2025-06-05T22:57:41.132+0000][11.508s][info ][gc,heap     ] GC(51) Archive regions: 2->2
[2025-06-05T22:57:41.132+0000][11.508s][info ][gc,heap     ] GC(51) Humongous regions: 0->0
[2025-06-05T22:57:41.132+0000][11.508s][info ][gc,metaspace] GC(51) Metaspace: 102055K(102656K)->102055K(102656K) NonClass: 88653K(88960K)->88653K(88960K) Class: 13402K(13696K)->13402K(13696K)
[2025-06-05T22:57:41.132+0000][11.508s][info ][gc          ] GC(51) Pause Young (Normal) (G1 Evacuation Pause) 220M->90M(258M) 12.122ms
[2025-06-05T22:57:41.132+0000][11.508s][info ][gc,cpu      ] GC(51) User=0.03s Sys=0.00s Real=0.01s
[2025-06-05T22:57:41.133+0000][11.508s][info ][safepoint   ] Safepoint "G1CollectForAllocation", Time since last: 146232250 ns, Reaching safepoint: 209209 ns, Cleanup: 29000 ns, At safepoint: 12253958 ns, Total: 12492167 ns
[2025-06-05T22:57:41.376+0000][11.751s][debug][safepoint   ] Safepoint synchronization initiated using futex wait barrier. (26 threads)
[2025-06-05T22:57:41.378+0000][11.754s][info ][safepoint   ] Safepoint "ICBufferFull", Time since last: 243010625 ns, Reaching safepoint: 2176959 ns, Cleanup: 147875 ns, At safepoint: 3416 ns, Total: 2328250 ns
[2025-06-05T22:57:41.450+0000][11.826s][debug][safepoint   ] Safepoint synchronization initiated using futex wait barrier. (26 threads)
[2025-06-05T22:57:41.450+0000][11.826s][info ][gc,start    ] GC(52) Pause Young (Normal) (G1 Evacuation Pause)
[2025-06-05T22:57:41.450+0000][11.826s][info ][gc,task     ] GC(52) Using 2 workers of 2 for evacuation
[2025-06-05T22:57:41.462+0000][11.838s][info ][gc,phases   ] GC(52)   Pre Evacuate Collection Set: 0.1ms
[2025-06-05T22:57:41.462+0000][11.838s][info ][gc,phases   ] GC(52)   Merge Heap Roots: 0.1ms
[2025-06-05T22:57:41.462+0000][11.838s][info ][gc,phases   ] GC(52)   Evacuate Collection Set: 10.5ms
[2025-06-05T22:57:41.462+0000][11.838s][info ][gc,phases   ] GC(52)   Post Evacuate Collection Set: 1.0ms
[2025-06-05T22:57:41.463+0000][11.838s][info ][gc,phases   ] GC(52)   Other: 0.2ms
[2025-06-05T22:57:41.463+0000][11.838s][info ][gc,heap     ] GC(52) Eden regions: 129->0(128)
[2025-06-05T22:57:41.463+0000][11.838s][info ][gc,heap     ] GC(52) Survivor regions: 11->10(18)
[2025-06-05T22:57:41.463+0000][11.838s][info ][gc,heap     ] GC(52) Old regions: 79->82
[2025-06-05T22:57:41.463+0000][11.838s][info ][gc,heap     ] GC(52) Archive regions: 2->2
[2025-06-05T22:57:41.463+0000][11.838s][info ][gc,heap     ] GC(52) Humongous regions: 0->0
[2025-06-05T22:57:41.463+0000][11.838s][info ][gc,metaspace] GC(52) Metaspace: 105243K(105856K)->105243K(105856K) NonClass: 91412K(91712K)->91412K(91712K) Class: 13830K(14144K)->13830K(14144K)
[2025-06-05T22:57:41.463+0000][11.838s][info ][gc          ] GC(52) Pause Young (Normal) (G1 Evacuation Pause) 219M->92M(258M) 12.463ms
[2025-06-05T22:57:41.463+0000][11.838s][info ][gc,cpu      ] GC(52) User=0.03s Sys=0.00s Real=0.01s
[2025-06-05T22:57:41.463+0000][11.839s][info ][safepoint   ] Safepoint "G1CollectForAllocation", Time since last: 72196000 ns, Reaching safepoint: 195417 ns, Cleanup: 57500 ns, At safepoint: 12575500 ns, Total: 12828417 ns
[2025-06-05T22:57:41.718+0000][12.093s][debug][safepoint   ] Safepoint synchronization initiated using futex wait barrier. (29 threads)
[2025-06-05T22:57:41.718+0000][12.094s][info ][safepoint   ] Safepoint "ICBufferFull", Time since last: 254743208 ns, Reaching safepoint: 182334 ns, Cleanup: 117333 ns, At safepoint: 1458 ns, Total: 301125 ns
[2025-06-05T22:57:41.831+0000][12.207s][debug][safepoint   ] Safepoint synchronization initiated using futex wait barrier. (35 threads)
[2025-06-05T22:57:41.832+0000][12.207s][info ][gc,start    ] GC(53) Pause Young (Normal) (G1 Evacuation Pause)
[2025-06-05T22:57:41.832+0000][12.207s][info ][gc,task     ] GC(53) Using 2 workers of 2 for evacuation
[2025-06-05T22:57:41.845+0000][12.220s][info ][gc,phases   ] GC(53)   Pre Evacuate Collection Set: 0.1ms
[2025-06-05T22:57:41.845+0000][12.221s][info ][gc,phases   ] GC(53)   Merge Heap Roots: 0.1ms
[2025-06-05T22:57:41.845+0000][12.221s][info ][gc,phases   ] GC(53)   Evacuate Collection Set: 11.8ms
[2025-06-05T22:57:41.845+0000][12.221s][info ][gc,phases   ] GC(53)   Post Evacuate Collection Set: 1.0ms
[2025-06-05T22:57:41.845+0000][12.221s][info ][gc,phases   ] GC(53)   Other: 0.2ms
[2025-06-05T22:57:41.845+0000][12.221s][info ][gc,heap     ] GC(53) Eden regions: 128->0(123)
[2025-06-05T22:57:41.845+0000][12.221s][info ][gc,heap     ] GC(53) Survivor regions: 10->11(18)
[2025-06-05T22:57:41.845+0000][12.221s][info ][gc,heap     ] GC(53) Old regions: 82->85
[2025-06-05T22:57:41.845+0000][12.221s][info ][gc,heap     ] GC(53) Archive regions: 2->2
[2025-06-05T22:57:41.845+0000][12.221s][info ][gc,heap     ] GC(53) Humongous regions: 0->0
[2025-06-05T22:57:41.845+0000][12.221s][info ][gc,metaspace] GC(53) Metaspace: 107417K(108096K)->107417K(108096K) NonClass: 93414K(93760K)->93414K(93760K) Class: 14002K(14336K)->14002K(14336K)
[2025-06-05T22:57:41.845+0000][12.221s][info ][gc          ] GC(53) Pause Young (Normal) (G1 Evacuation Pause) 220M->96M(258M) 13.780ms
[2025-06-05T22:57:41.845+0000][12.221s][info ][gc,cpu      ] GC(53) User=0.04s Sys=0.00s Real=0.01s
[2025-06-05T22:57:41.846+0000][12.221s][info ][safepoint   ] Safepoint "G1CollectForAllocation", Time since last: 113398000 ns, Reaching safepoint: 217667 ns, Cleanup: 42833 ns, At safepoint: 13954834 ns, Total: 14215334 ns
[2025-06-05T22:57:42.022+0000][12.398s][debug][safepoint   ] Safepoint synchronization initiated using futex wait barrier. (34 threads)
[2025-06-05T22:57:42.022+0000][12.398s][info ][safepoint   ] Safepoint "ICBufferFull", Time since last: 176399125 ns, Reaching safepoint: 205833 ns, Cleanup: 97625 ns, At safepoint: 4875 ns, Total: 308333 ns
[2025-06-05T22:57:42.145+0000][12.520s][debug][safepoint   ] Safepoint synchronization initiated using futex wait barrier. (38 threads)
[2025-06-05T22:57:42.145+0000][12.521s][info ][gc,start    ] GC(54) Pause Young (Normal) (G1 Evacuation Pause)
[2025-06-05T22:57:42.145+0000][12.521s][info ][gc,task     ] GC(54) Using 2 workers of 2 for evacuation
[2025-06-05T22:57:42.158+0000][12.533s][info ][gc,phases   ] GC(54)   Pre Evacuate Collection Set: 0.1ms
[2025-06-05T22:57:42.158+0000][12.533s][info ][gc,phases   ] GC(54)   Merge Heap Roots: 0.1ms
[2025-06-05T22:57:42.158+0000][12.533s][info ][gc,phases   ] GC(54)   Evacuate Collection Set: 11.3ms
[2025-06-05T22:57:42.158+0000][12.533s][info ][gc,phases   ] GC(54)   Post Evacuate Collection Set: 1.0ms
[2025-06-05T22:57:42.158+0000][12.534s][info ][gc,phases   ] GC(54)   Other: 0.2ms
[2025-06-05T22:57:42.158+0000][12.534s][info ][gc,heap     ] GC(54) Eden regions: 123->0(121)
[2025-06-05T22:57:42.158+0000][12.534s][info ][gc,heap     ] GC(54) Survivor regions: 11->11(17)
[2025-06-05T22:57:42.158+0000][12.534s][info ][gc,heap     ] GC(54) Old regions: 85->87
[2025-06-05T22:57:42.158+0000][12.534s][info ][gc,heap     ] GC(54) Archive regions: 2->2
[2025-06-05T22:57:42.158+0000][12.534s][info ][gc,heap     ] GC(54) Humongous regions: 0->0
[2025-06-05T22:57:42.158+0000][12.534s][info ][gc,metaspace] GC(54) Metaspace: 109798K(110400K)->109798K(110400K) NonClass: 95515K(95808K)->95515K(95808K) Class: 14282K(14592K)->14282K(14592K)
[2025-06-05T22:57:42.158+0000][12.534s][info ][gc          ] GC(54) Pause Young (Normal) (G1 Evacuation Pause) 219M->98M(258M) 13.345ms
[2025-06-05T22:57:42.158+0000][12.534s][info ][gc,cpu      ] GC(54) User=0.03s Sys=0.00s Real=0.02s
[2025-06-05T22:57:42.158+0000][12.534s][info ][safepoint   ] Safepoint "G1CollectForAllocation", Time since last: 122275917 ns, Reaching safepoint: 223542 ns, Cleanup: 79875 ns, At safepoint: 13494541 ns, Total: 13797958 ns
[2025-06-05T22:57:42.322+0000][12.697s][debug][safepoint   ] Safepoint synchronization initiated using futex wait barrier. (38 threads)
[2025-06-05T22:57:42.322+0000][12.697s][info ][safepoint   ] Safepoint "ICBufferFull", Time since last: 163134375 ns, Reaching safepoint: 215625 ns, Cleanup: 93042 ns, At safepoint: 1583 ns, Total: 310250 ns
[2025-06-05T22:57:42.440+0000][12.815s][debug][safepoint   ] Safepoint synchronization initiated using futex wait barrier. (38 threads)
[2025-06-05T22:57:42.440+0000][12.816s][info ][safepoint   ] Safepoint "ICBufferFull", Time since last: 117969292 ns, Reaching safepoint: 210667 ns, Cleanup: 85958 ns, At safepoint: 1917 ns, Total: 298542 ns
[2025-06-05T22:57:42.520+0000][12.895s][debug][safepoint   ] Safepoint synchronization initiated using futex wait barrier. (38 threads)
[2025-06-05T22:57:42.520+0000][12.896s][info ][safepoint   ] Safepoint "ICBufferFull", Time since last: 79648625 ns, Reaching safepoint: 210541 ns, Cleanup: 101959 ns, At safepoint: 1666 ns, Total: 314166 ns
[2025-06-05T22:57:42.625+0000][13.001s][debug][safepoint   ] Safepoint synchronization initiated using futex wait barrier. (38 threads)
[2025-06-05T22:57:42.625+0000][13.001s][info ][safepoint   ] Safepoint "ICBufferFull", Time since last: 105122875 ns, Reaching safepoint: 187667 ns, Cleanup: 87375 ns, At safepoint: 1583 ns, Total: 276625 ns
[2025-06-05T22:57:42.649+0000][13.025s][debug][safepoint   ] Safepoint synchronization initiated using futex wait barrier. (38 threads)
[2025-06-05T22:57:42.650+0000][13.025s][info ][gc,start    ] GC(55) Pause Young (Normal) (G1 Evacuation Pause)
[2025-06-05T22:57:42.650+0000][13.025s][info ][gc,task     ] GC(55) Using 2 workers of 2 for evacuation
[2025-06-05T22:57:42.663+0000][13.038s][info ][gc,phases   ] GC(55)   Pre Evacuate Collection Set: 0.1ms
[2025-06-05T22:57:42.663+0000][13.038s][info ][gc,phases   ] GC(55)   Merge Heap Roots: 0.1ms
[2025-06-05T22:57:42.663+0000][13.038s][info ][gc,phases   ] GC(55)   Evacuate Collection Set: 11.7ms
[2025-06-05T22:57:42.663+0000][13.039s][info ][gc,phases   ] GC(55)   Post Evacuate Collection Set: 1.0ms
[2025-06-05T22:57:42.663+0000][13.039s][info ][gc,phases   ] GC(55)   Other: 0.3ms
[2025-06-05T22:57:42.663+0000][13.039s][info ][gc,heap     ] GC(55) Eden regions: 121->0(116)
[2025-06-05T22:57:42.663+0000][13.039s][info ][gc,heap     ] GC(55) Survivor regions: 11->12(17)
[2025-06-05T22:57:42.663+0000][13.039s][info ][gc,heap     ] GC(55) Old regions: 87->90
[2025-06-05T22:57:42.663+0000][13.039s][info ][gc,heap     ] GC(55) Archive regions: 2->2
[2025-06-05T22:57:42.663+0000][13.039s][info ][gc,heap     ] GC(55) Humongous regions: 0->0
[2025-06-05T22:57:42.663+0000][13.039s][info ][gc,metaspace] GC(55) Metaspace: 113639K(114304K)->113639K(114304K) NonClass: 98970K(99328K)->98970K(99328K) Class: 14669K(14976K)->14669K(14976K)
[2025-06-05T22:57:42.663+0000][13.039s][info ][gc          ] GC(55) Pause Young (Normal) (G1 Evacuation Pause) 219M->102M(258M) 13.732ms
[2025-06-05T22:57:42.663+0000][13.039s][info ][gc,cpu      ] GC(55) User=0.03s Sys=0.00s Real=0.01s
[2025-06-05T22:57:42.663+0000][13.039s][info ][safepoint   ] Safepoint "G1CollectForAllocation", Time since last: 23842792 ns, Reaching safepoint: 167917 ns, Cleanup: 48041 ns, At safepoint: 13896209 ns, Total: 14112167 ns
[2025-06-05T22:57:42.796+0000][13.172s][debug][safepoint   ] Safepoint synchronization initiated using futex wait barrier. (38 threads)
[2025-06-05T22:57:42.797+0000][13.172s][info ][safepoint   ] Safepoint "ICBufferFull", Time since last: 132864292 ns, Reaching safepoint: 193333 ns, Cleanup: 123958 ns, At safepoint: 1542 ns, Total: 318833 ns
[2025-06-05T22:57:43.026+0000][13.402s][debug][safepoint   ] Safepoint synchronization initiated using futex wait barrier. (39 threads)
[2025-06-05T22:57:43.027+0000][13.402s][info ][gc,start    ] GC(56) Pause Young (Normal) (G1 Evacuation Pause)
[2025-06-05T22:57:43.027+0000][13.402s][info ][gc,task     ] GC(56) Using 2 workers of 2 for evacuation
[2025-06-05T22:57:43.046+0000][13.422s][info ][gc,phases   ] GC(56)   Pre Evacuate Collection Set: 0.1ms
[2025-06-05T22:57:43.046+0000][13.422s][info ][gc,phases   ] GC(56)   Merge Heap Roots: 0.2ms
[2025-06-05T22:57:43.046+0000][13.422s][info ][gc,phases   ] GC(56)   Evacuate Collection Set: 17.6ms
[2025-06-05T22:57:43.046+0000][13.422s][info ][gc,phases   ] GC(56)   Post Evacuate Collection Set: 1.4ms
[2025-06-05T22:57:43.047+0000][13.422s][info ][gc,phases   ] GC(56)   Other: 0.3ms
[2025-06-05T22:57:43.047+0000][13.422s][info ][gc,heap     ] GC(56) Eden regions: 116->0(115)
[2025-06-05T22:57:43.047+0000][13.422s][info ][gc,heap     ] GC(56) Survivor regions: 12->9(16)
[2025-06-05T22:57:43.047+0000][13.422s][info ][gc,heap     ] GC(56) Old regions: 90->96
[2025-06-05T22:57:43.047+0000][13.422s][info ][gc,heap     ] GC(56) Archive regions: 2->2
[2025-06-05T22:57:43.047+0000][13.422s][info ][gc,heap     ] GC(56) Humongous regions: 0->0
[2025-06-05T22:57:43.047+0000][13.422s][info ][gc,metaspace] GC(56) Metaspace: 115621K(116352K)->115621K(116352K) NonClass: 100800K(101184K)->100800K(101184K) Class: 14820K(15168K)->14820K(15168K)
[2025-06-05T22:57:43.047+0000][13.422s][info ][gc          ] GC(56) Pause Young (Normal) (G1 Evacuation Pause) 218M->105M(258M) 20.183ms
[2025-06-05T22:57:43.047+0000][13.423s][info ][gc,cpu      ] GC(56) User=0.06s Sys=0.00s Real=0.02s
[2025-06-05T22:57:43.047+0000][13.423s][info ][safepoint   ] Safepoint "G1CollectForAllocation", Time since last: 229746958 ns, Reaching safepoint: 168792 ns, Cleanup: 151042 ns, At safepoint: 20347000 ns, Total: 20666834 ns
[2025-06-05T22:57:43.213+0000][13.588s][debug][safepoint   ] Safepoint synchronization initiated using futex wait barrier. (39 threads)
[2025-06-05T22:57:43.214+0000][13.589s][info ][safepoint   ] Safepoint "ICBufferFull", Time since last: 165581416 ns, Reaching safepoint: 1017167 ns, Cleanup: 101875 ns, At safepoint: 3750 ns, Total: 1122792 ns
[2025-06-05T22:57:43.338+0000][13.714s][debug][safepoint   ] Safepoint synchronization initiated using futex wait barrier. (42 threads)
[2025-06-05T22:57:43.338+0000][13.714s][info ][gc,start    ] GC(57) Pause Young (Normal) (G1 Evacuation Pause)
[2025-06-05T22:57:43.338+0000][13.714s][info ][gc,task     ] GC(57) Using 2 workers of 2 for evacuation
[2025-06-05T22:57:43.352+0000][13.727s][info ][gc,phases   ] GC(57)   Pre Evacuate Collection Set: 0.1ms
[2025-06-05T22:57:43.352+0000][13.728s][info ][gc,phases   ] GC(57)   Merge Heap Roots: 0.1ms
[2025-06-05T22:57:43.352+0000][13.728s][info ][gc,phases   ] GC(57)   Evacuate Collection Set: 12.0ms
[2025-06-05T22:57:43.352+0000][13.728s][info ][gc,phases   ] GC(57)   Post Evacuate Collection Set: 1.0ms
[2025-06-05T22:57:43.352+0000][13.728s][info ][gc,phases   ] GC(57)   Other: 0.2ms
[2025-06-05T22:57:43.352+0000][13.728s][info ][gc,heap     ] GC(57) Eden regions: 115->0(114)
[2025-06-05T22:57:43.352+0000][13.728s][info ][gc,heap     ] GC(57) Survivor regions: 9->9(16)
[2025-06-05T22:57:43.352+0000][13.728s][info ][gc,heap     ] GC(57) Old regions: 96->98
[2025-06-05T22:57:43.352+0000][13.728s][info ][gc,heap     ] GC(57) Archive regions: 2->2
[2025-06-05T22:57:43.352+0000][13.728s][info ][gc,heap     ] GC(57) Humongous regions: 0->0
[2025-06-05T22:57:43.353+0000][13.728s][info ][gc,metaspace] GC(57) Metaspace: 116926K(117632K)->116926K(117632K) NonClass: 101907K(102272K)->101907K(102272K) Class: 15018K(15360K)->15018K(15360K)
[2025-06-05T22:57:43.353+0000][13.728s][info ][gc          ] GC(57) Pause Young (Normal) (G1 Evacuation Pause) 220M->107M(258M) 14.139ms
[2025-06-05T22:57:43.353+0000][13.728s][info ][gc,cpu      ] GC(57) User=0.03s Sys=0.00s Real=0.01s
[2025-06-05T22:57:43.353+0000][13.728s][info ][safepoint   ] Safepoint "G1CollectForAllocation", Time since last: 124407792 ns, Reaching safepoint: 206541 ns, Cleanup: 94875 ns, At safepoint: 14286875 ns, Total: 14588291 ns
[2025-06-05T22:57:43.724+0000][14.100s][debug][safepoint   ] Safepoint synchronization initiated using futex wait barrier. (42 threads)
[2025-06-05T22:57:43.725+0000][14.100s][info ][safepoint   ] Safepoint "ICBufferFull", Time since last: 371536376 ns, Reaching safepoint: 233958 ns, Cleanup: 116625 ns, At safepoint: 11542 ns, Total: 362125 ns
[2025-06-05T22:57:43.759+0000][14.135s][debug][safepoint   ] Safepoint synchronization initiated using futex wait barrier. (42 threads)
[2025-06-05T22:57:43.759+0000][14.135s][info ][gc,start    ] GC(58) Pause Young (Normal) (G1 Evacuation Pause)
[2025-06-05T22:57:43.759+0000][14.135s][info ][gc,task     ] GC(58) Using 2 workers of 2 for evacuation
[2025-06-05T22:57:43.774+0000][14.149s][info ][gc,phases   ] GC(58)   Pre Evacuate Collection Set: 0.1ms
[2025-06-05T22:57:43.774+0000][14.150s][info ][gc,phases   ] GC(58)   Merge Heap Roots: 0.2ms
[2025-06-05T22:57:43.774+0000][14.150s][info ][gc,phases   ] GC(58)   Evacuate Collection Set: 12.9ms
[2025-06-05T22:57:43.774+0000][14.150s][info ][gc,phases   ] GC(58)   Post Evacuate Collection Set: 1.1ms
[2025-06-05T22:57:43.774+0000][14.150s][info ][gc,phases   ] GC(58)   Other: 0.3ms
[2025-06-05T22:57:43.774+0000][14.150s][info ][gc,heap     ] GC(58) Eden regions: 114->0(104)
[2025-06-05T22:57:43.774+0000][14.150s][info ][gc,heap     ] GC(58) Survivor regions: 9->14(16)
[2025-06-05T22:57:43.774+0000][14.150s][info ][gc,heap     ] GC(58) Old regions: 98->98
[2025-06-05T22:57:43.774+0000][14.150s][info ][gc,heap     ] GC(58) Archive regions: 2->2
[2025-06-05T22:57:43.774+0000][14.150s][info ][gc,heap     ] GC(58) Humongous regions: 0->0
[2025-06-05T22:57:43.774+0000][14.150s][info ][gc,metaspace] GC(58) Metaspace: 122954K(123712K)->122954K(123712K) NonClass: 107289K(107648K)->107289K(107648K) Class: 15664K(16064K)->15664K(16064K)
[2025-06-05T22:57:43.775+0000][14.150s][info ][gc          ] GC(58) Pause Young (Normal) (G1 Evacuation Pause) 221M->112M(258M) 15.352ms
[2025-06-05T22:57:43.775+0000][14.150s][info ][gc,cpu      ] GC(58) User=0.03s Sys=0.00s Real=0.01s
[2025-06-05T22:57:43.775+0000][14.150s][info ][safepoint   ] Safepoint "G1CollectForAllocation", Time since last: 34378041 ns, Reaching safepoint: 166000 ns, Cleanup: 15084 ns, At safepoint: 15512166 ns, Total: 15693250 ns
[2025-06-05T22:57:44.012+0000][14.388s][debug][safepoint   ] Safepoint synchronization initiated using futex wait barrier. (42 threads)
[2025-06-05T22:57:44.012+0000][14.388s][info ][safepoint   ] Safepoint "ICBufferFull", Time since last: 237229334 ns, Reaching safepoint: 395083 ns, Cleanup: 108208 ns, At safepoint: 1375 ns, Total: 504666 ns
[2025-06-05T22:57:44.013+0000][14.388s][debug][safepoint   ] Safepoint synchronization initiated using futex wait barrier. (42 threads)
[2025-06-05T22:57:44.014+0000][14.389s][info ][safepoint   ] Safepoint "ICBufferFull", Time since last: 198750 ns, Reaching safepoint: 1143792 ns, Cleanup: 4458 ns, At safepoint: 4959 ns, Total: 1153209 ns
[2025-06-05T22:57:44.084+0000][14.460s][debug][safepoint   ] Safepoint synchronization initiated using futex wait barrier. (46 threads)
[2025-06-05T22:57:44.085+0000][14.460s][info ][gc,start    ] GC(59) Pause Young (Normal) (G1 Evacuation Pause)
[2025-06-05T22:57:44.085+0000][14.460s][info ][gc,task     ] GC(59) Using 2 workers of 2 for evacuation
[2025-06-05T22:57:44.098+0000][14.474s][info ][gc,phases   ] GC(59)   Pre Evacuate Collection Set: 0.1ms
[2025-06-05T22:57:44.098+0000][14.474s][info ][gc,phases   ] GC(59)   Merge Heap Roots: 0.1ms
[2025-06-05T22:57:44.098+0000][14.474s][info ][gc,phases   ] GC(59)   Evacuate Collection Set: 11.9ms
[2025-06-05T22:57:44.098+0000][14.474s][info ][gc,phases   ] GC(59)   Post Evacuate Collection Set: 1.0ms
[2025-06-05T22:57:44.098+0000][14.474s][info ][gc,phases   ] GC(59)   Other: 0.2ms
[2025-06-05T22:57:44.098+0000][14.474s][info ][gc,heap     ] GC(59) Eden regions: 104->0(107)
[2025-06-05T22:57:44.098+0000][14.474s][info ][gc,heap     ] GC(59) Survivor regions: 14->9(15)
[2025-06-05T22:57:44.098+0000][14.474s][info ][gc,heap     ] GC(59) Old regions: 98->104
[2025-06-05T22:57:44.099+0000][14.474s][info ][gc,heap     ] GC(59) Archive regions: 2->2
[2025-06-05T22:57:44.099+0000][14.474s][info ][gc,heap     ] GC(59) Humongous regions: 0->0
[2025-06-05T22:57:44.099+0000][14.474s][info ][gc,metaspace] GC(59) Metaspace: 127534K(128512K)->127534K(128512K) NonClass: 111305K(111808K)->111305K(111808K) Class: 16229K(16704K)->16229K(16704K)
[2025-06-05T22:57:44.099+0000][14.474s][info ][gc          ] GC(59) Pause Young (Normal) (G1 Evacuation Pause) 216M->112M(258M) 14.040ms
[2025-06-05T22:57:44.099+0000][14.474s][info ][gc,cpu      ] GC(59) User=0.03s Sys=0.00s Real=0.02s
[2025-06-05T22:57:44.099+0000][14.474s][info ][safepoint   ] Safepoint "G1CollectForAllocation", Time since last: 69737875 ns, Reaching safepoint: 1057125 ns, Cleanup: 121416 ns, At safepoint: 14201209 ns, Total: 15379750 ns
[2025-06-05T22:57:44.380+0000][14.756s][debug][safepoint   ] Safepoint synchronization initiated using futex wait barrier. (50 threads)
[2025-06-05T22:57:44.381+0000][14.756s][info ][gc,start    ] GC(60) Pause Young (Concurrent Start) (Metadata GC Threshold)
[2025-06-05T22:57:44.381+0000][14.756s][info ][gc,task     ] GC(60) Using 2 workers of 2 for evacuation
[2025-06-05T22:57:44.393+0000][14.769s][info ][gc,phases   ] GC(60)   Pre Evacuate Collection Set: 0.2ms
[2025-06-05T22:57:44.393+0000][14.769s][info ][gc,phases   ] GC(60)   Merge Heap Roots: 0.1ms
[2025-06-05T22:57:44.393+0000][14.769s][info ][gc,phases   ] GC(60)   Evacuate Collection Set: 10.5ms
[2025-06-05T22:57:44.393+0000][14.769s][info ][gc,phases   ] GC(60)   Post Evacuate Collection Set: 1.4ms
[2025-06-05T22:57:44.393+0000][14.769s][info ][gc,phases   ] GC(60)   Other: 0.2ms
[2025-06-05T22:57:44.393+0000][14.769s][info ][gc,heap     ] GC(60) Eden regions: 101->0(131)
[2025-06-05T22:57:44.393+0000][14.769s][info ][gc,heap     ] GC(60) Survivor regions: 9->10(15)
[2025-06-05T22:57:44.393+0000][14.769s][info ][gc,heap     ] GC(60) Old regions: 104->106
[2025-06-05T22:57:44.394+0000][14.769s][info ][gc,heap     ] GC(60) Archive regions: 2->2
[2025-06-05T22:57:44.394+0000][14.769s][info ][gc,heap     ] GC(60) Humongous regions: 1->0
[2025-06-05T22:57:44.394+0000][14.769s][info ][gc,metaspace] GC(60) Metaspace: 130831K(131840K)->130831K(131840K) NonClass: 114426K(114944K)->114426K(114944K) Class: 16404K(16896K)->16404K(16896K)
[2025-06-05T22:57:44.394+0000][14.769s][info ][gc          ] GC(60) Pause Young (Concurrent Start) (Metadata GC Threshold) 214M->116M(289M) 12.976ms
[2025-06-05T22:57:44.394+0000][14.769s][info ][gc,cpu      ] GC(60) User=0.04s Sys=0.00s Real=0.01s
[2025-06-05T22:57:44.394+0000][14.769s][info ][gc          ] GC(61) Concurrent Mark Cycle
[2025-06-05T22:57:44.394+0000][14.770s][info ][gc,marking  ] GC(61) Concurrent Clear Claimed Marks
[2025-06-05T22:57:44.394+0000][14.769s][info ][safepoint   ] Safepoint "CollectForMetadataAllocation", Time since last: 281524042 ns, Reaching safepoint: 161541 ns, Cleanup: 142417 ns, At safepoint: 13183500 ns, Total: 13487458 ns
[2025-06-05T22:57:44.394+0000][14.770s][info ][gc,marking  ] GC(61) Concurrent Clear Claimed Marks 0.199ms
[2025-06-05T22:57:44.396+0000][14.771s][info ][gc,marking  ] GC(61) Concurrent Scan Root Regions
[2025-06-05T22:57:44.416+0000][14.792s][info ][gc,marking  ] GC(61) Concurrent Scan Root Regions 20.371ms
[2025-06-05T22:57:44.418+0000][14.793s][info ][gc,marking  ] GC(61) Concurrent Mark
[2025-06-05T22:57:44.418+0000][14.793s][info ][gc,marking  ] GC(61) Concurrent Mark From Roots
[2025-06-05T22:57:44.418+0000][14.793s][info ][gc,task     ] GC(61) Using 1 workers of 1 for marking
[2025-06-05T22:57:44.449+0000][14.825s][debug][safepoint   ] Safepoint synchronization initiated using futex wait barrier. (50 threads)
[2025-06-05T22:57:44.449+0000][14.825s][info ][safepoint   ] Safepoint "CollectForMetadataAllocation", Time since last: 55103708 ns, Reaching safepoint: 211084 ns, Cleanup: 16875 ns, At safepoint: 19208 ns, Total: 247167 ns
[2025-06-05T22:57:44.527+0000][14.902s][debug][safepoint   ] Safepoint synchronization initiated using futex wait barrier. (50 threads)
[2025-06-05T22:57:44.527+0000][14.903s][info ][safepoint   ] Safepoint "CollectForMetadataAllocation", Time since last: 77425042 ns, Reaching safepoint: 225125 ns, Cleanup: 2458 ns, At safepoint: 19958 ns, Total: 247541 ns
[2025-06-05T22:57:44.547+0000][14.922s][info ][gc,marking  ] GC(61) Concurrent Mark From Roots 129.115ms
[2025-06-05T22:57:44.548+0000][14.924s][info ][gc,marking  ] GC(61) Concurrent Preclean
[2025-06-05T22:57:44.549+0000][14.924s][info ][gc,marking  ] GC(61) Concurrent Preclean 0.292ms
[2025-06-05T22:57:44.549+0000][14.924s][debug][safepoint   ] Safepoint synchronization initiated using futex wait barrier. (50 threads)
[2025-06-05T22:57:44.550+0000][14.926s][info ][gc,start    ] GC(61) Pause Remark
[2025-06-05T22:57:44.557+0000][14.933s][info ][gc          ] GC(61) Pause Remark 157M->157M(289M) 7.004ms
[2025-06-05T22:57:44.557+0000][14.933s][info ][gc,cpu      ] GC(61) User=0.02s Sys=0.00s Real=0.01s
[2025-06-05T22:57:44.558+0000][14.933s][info ][safepoint   ] Safepoint "G1PauseRemark", Time since last: 21833917 ns, Reaching safepoint: 1479333 ns, Cleanup: 3167 ns, At safepoint: 7299333 ns, Total: 8781833 ns
[2025-06-05T22:57:44.558+0000][14.933s][info ][gc,marking  ] GC(61) Concurrent Mark 140.104ms
[2025-06-05T22:57:44.562+0000][14.937s][info ][gc,marking  ] GC(61) Concurrent Rebuild Remembered Sets
[2025-06-05T22:57:44.660+0000][15.036s][info ][gc,marking  ] GC(61) Concurrent Rebuild Remembered Sets 98.887ms
[2025-06-05T22:57:44.662+0000][15.037s][debug][safepoint   ] Safepoint synchronization initiated using futex wait barrier. (50 threads)
[2025-06-05T22:57:44.663+0000][15.038s][info ][gc,start    ] GC(61) Pause Cleanup
[2025-06-05T22:57:44.663+0000][15.038s][info ][gc          ] GC(61) Pause Cleanup 183M->183M(289M) 0.251ms
[2025-06-05T22:57:44.663+0000][15.039s][info ][gc,cpu      ] GC(61) User=0.00s Sys=0.00s Real=0.00s
[2025-06-05T22:57:44.663+0000][15.039s][info ][safepoint   ] Safepoint "G1PauseCleanup", Time since last: 104068125 ns, Reaching safepoint: 975875 ns, Cleanup: 51167 ns, At safepoint: 413167 ns, Total: 1440209 ns
[2025-06-05T22:57:44.664+0000][15.039s][info ][gc,marking  ] GC(61) Concurrent Cleanup for Next Mark
[2025-06-05T22:57:44.664+0000][15.040s][info ][gc,marking  ] GC(61) Concurrent Cleanup for Next Mark 0.334ms
[2025-06-05T22:57:44.664+0000][15.040s][info ][gc          ] GC(61) Concurrent Mark Cycle 270.381ms
[2025-06-05T22:57:44.838+0000][15.214s][debug][safepoint   ] Safepoint synchronization initiated using futex wait barrier. (50 threads)
[2025-06-05T22:57:44.838+0000][15.214s][info ][gc,start    ] GC(62) Pause Young (Prepare Mixed) (G1 Evacuation Pause)
[2025-06-05T22:57:44.838+0000][15.214s][info ][gc,task     ] GC(62) Using 2 workers of 2 for evacuation
[2025-06-05T22:57:44.851+0000][15.227s][info ][gc,phases   ] GC(62)   Pre Evacuate Collection Set: 0.1ms
[2025-06-05T22:57:44.852+0000][15.227s][info ][gc,phases   ] GC(62)   Merge Heap Roots: 0.1ms
[2025-06-05T22:57:44.852+0000][15.227s][info ][gc,phases   ] GC(62)   Evacuate Collection Set: 11.6ms
[2025-06-05T22:57:44.852+0000][15.227s][info ][gc,phases   ] GC(62)   Post Evacuate Collection Set: 1.1ms
[2025-06-05T22:57:44.852+0000][15.227s][info ][gc,phases   ] GC(62)   Other: 0.2ms
[2025-06-05T22:57:44.852+0000][15.227s][info ][gc,heap     ] GC(62) Eden regions: 131->0(5)
[2025-06-05T22:57:44.852+0000][15.227s][info ][gc,heap     ] GC(62) Survivor regions: 10->9(18)
[2025-06-05T22:57:44.852+0000][15.228s][info ][gc,heap     ] GC(62) Old regions: 106->111
[2025-06-05T22:57:44.852+0000][15.228s][info ][gc,heap     ] GC(62) Archive regions: 2->2
[2025-06-05T22:57:44.852+0000][15.228s][info ][gc,heap     ] GC(62) Humongous regions: 0->0
[2025-06-05T22:57:44.852+0000][15.228s][info ][gc,metaspace] GC(62) Metaspace: 133069K(134144K)->133069K(134144K) NonClass: 116466K(117056K)->116466K(117056K) Class: 16602K(17088K)->16602K(17088K)
[2025-06-05T22:57:44.852+0000][15.228s][info ][gc          ] GC(62) Pause Young (Prepare Mixed) (G1 Evacuation Pause) 247M->119M(289M) 13.734ms
[2025-06-05T22:57:44.852+0000][15.228s][info ][gc,cpu      ] GC(62) User=0.03s Sys=0.00s Real=0.01s
[2025-06-05T22:57:44.852+0000][15.228s][info ][safepoint   ] Safepoint "G1CollectForAllocation", Time since last: 175121250 ns, Reaching safepoint: 213916 ns, Cleanup: 12834 ns, At safepoint: 13942083 ns, Total: 14168833 ns
[2025-06-05T22:57:44.861+0000][15.237s][debug][safepoint   ] Safepoint synchronization initiated using futex wait barrier. (50 threads)
[2025-06-05T22:57:44.861+0000][15.237s][info ][gc,start    ] GC(63) Pause Young (Mixed) (G1 Evacuation Pause)
[2025-06-05T22:57:44.861+0000][15.237s][info ][gc,task     ] GC(63) Using 2 workers of 2 for evacuation
[2025-06-05T22:57:44.877+0000][15.252s][info ][gc,phases   ] GC(63)   Pre Evacuate Collection Set: 0.1ms
[2025-06-05T22:57:44.877+0000][15.253s][info ][gc,phases   ] GC(63)   Merge Heap Roots: 0.2ms
[2025-06-05T22:57:44.877+0000][15.253s][info ][gc,phases   ] GC(63)   Evacuate Collection Set: 13.9ms
[2025-06-05T22:57:44.877+0000][15.253s][info ][gc,phases   ] GC(63)   Post Evacuate Collection Set: 1.0ms
[2025-06-05T22:57:44.877+0000][15.253s][info ][gc,phases   ] GC(63)   Other: 0.2ms
[2025-06-05T22:57:44.877+0000][15.253s][info ][gc,heap     ] GC(63) Eden regions: 5->0(129)
[2025-06-05T22:57:44.877+0000][15.253s][info ][gc,heap     ] GC(63) Survivor regions: 9->1(2)
[2025-06-05T22:57:44.877+0000][15.253s][info ][gc,heap     ] GC(63) Old regions: 111->117
[2025-06-05T22:57:44.877+0000][15.253s][info ][gc,heap     ] GC(63) Archive regions: 2->2
[2025-06-05T22:57:44.877+0000][15.253s][info ][gc,heap     ] GC(63) Humongous regions: 0->0
[2025-06-05T22:57:44.877+0000][15.253s][info ][gc,metaspace] GC(63) Metaspace: 133218K(134272K)->133218K(134272K) NonClass: 116589K(117120K)->116589K(117120K) Class: 16629K(17152K)->16629K(17152K)
[2025-06-05T22:57:44.877+0000][15.253s][info ][gc          ] GC(63) Pause Young (Mixed) (G1 Evacuation Pause) 124M->118M(289M) 15.960ms
[2025-06-05T22:57:44.877+0000][15.253s][info ][gc,cpu      ] GC(63) User=0.03s Sys=0.00s Real=0.02s
[2025-06-05T22:57:44.878+0000][15.253s][info ][safepoint   ] Safepoint "G1CollectForAllocation", Time since last: 8989292 ns, Reaching safepoint: 133625 ns, Cleanup: 2458 ns, At safepoint: 16092000 ns, Total: 16228083 ns
[2025-06-05T22:57:45.088+0000][15.464s][debug][safepoint   ] Safepoint synchronization initiated using futex wait barrier. (51 threads)
[2025-06-05T22:57:45.089+0000][15.464s][info ][gc,start    ] GC(64) Pause Young (Concurrent Start) (G1 Evacuation Pause)
[2025-06-05T22:57:45.089+0000][15.464s][info ][gc,task     ] GC(64) Using 2 workers of 2 for evacuation
[2025-06-05T22:57:45.097+0000][15.473s][info ][gc,phases   ] GC(64)   Pre Evacuate Collection Set: 0.2ms
[2025-06-05T22:57:45.097+0000][15.473s][info ][gc,phases   ] GC(64)   Merge Heap Roots: 0.1ms
[2025-06-05T22:57:45.097+0000][15.473s][info ][gc,phases   ] GC(64)   Evacuate Collection Set: 7.3ms
[2025-06-05T22:57:45.097+0000][15.473s][info ][gc,phases   ] GC(64)   Post Evacuate Collection Set: 0.9ms
[2025-06-05T22:57:45.097+0000][15.473s][info ][gc,phases   ] GC(64)   Other: 0.2ms
[2025-06-05T22:57:45.098+0000][15.473s][info ][gc,heap     ] GC(64) Eden regions: 129->0(130)
[2025-06-05T22:57:45.098+0000][15.473s][info ][gc,heap     ] GC(64) Survivor regions: 1->1(17)
[2025-06-05T22:57:45.098+0000][15.473s][info ][gc,heap     ] GC(64) Old regions: 117->117
[2025-06-05T22:57:45.098+0000][15.473s][info ][gc,heap     ] GC(64) Archive regions: 2->2
[2025-06-05T22:57:45.098+0000][15.473s][info ][gc,heap     ] GC(64) Humongous regions: 0->0
[2025-06-05T22:57:45.098+0000][15.473s][info ][gc,metaspace] GC(64) Metaspace: 136225K(137216K)->136225K(137216K) NonClass: 119212K(119744K)->119212K(119744K) Class: 17012K(17472K)->17012K(17472K)
[2025-06-05T22:57:45.098+0000][15.473s][info ][gc          ] GC(64) Pause Young (Concurrent Start) (G1 Evacuation Pause) 247M->118M(289M) 9.179ms
[2025-06-05T22:57:45.098+0000][15.473s][info ][gc,cpu      ] GC(64) User=0.01s Sys=0.00s Real=0.01s
[2025-06-05T22:57:45.098+0000][15.473s][info ][safepoint   ] Safepoint "G1CollectForAllocation", Time since last: 210876292 ns, Reaching safepoint: 130875 ns, Cleanup: 29125 ns, At safepoint: 9310792 ns, Total: 9470792 ns
[2025-06-05T22:57:45.098+0000][15.474s][info ][gc          ] GC(65) Concurrent Mark Cycle
[2025-06-05T22:57:45.100+0000][15.476s][info ][gc,marking  ] GC(65) Concurrent Clear Claimed Marks
[2025-06-05T22:57:45.104+0000][15.479s][info ][gc,marking  ] GC(65) Concurrent Clear Claimed Marks 3.673ms
[2025-06-05T22:57:45.104+0000][15.479s][info ][gc,marking  ] GC(65) Concurrent Scan Root Regions
[2025-06-05T22:57:45.105+0000][15.481s][info ][gc,marking  ] GC(65) Concurrent Scan Root Regions 1.144ms
[2025-06-05T22:57:45.105+0000][15.481s][info ][gc,marking  ] GC(65) Concurrent Mark
[2025-06-05T22:57:45.105+0000][15.481s][info ][gc,marking  ] GC(65) Concurrent Mark From Roots
[2025-06-05T22:57:45.105+0000][15.481s][info ][gc,task     ] GC(65) Using 1 workers of 1 for marking
[2025-06-05T22:57:45.242+0000][15.618s][info ][gc,marking  ] GC(65) Concurrent Mark From Roots 137.205ms
[2025-06-05T22:57:45.243+0000][15.618s][info ][gc,marking  ] GC(65) Concurrent Preclean
[2025-06-05T22:57:45.243+0000][15.619s][info ][gc,marking  ] GC(65) Concurrent Preclean 0.245ms
[2025-06-05T22:57:45.243+0000][15.619s][debug][safepoint   ] Safepoint synchronization initiated using futex wait barrier. (51 threads)
[2025-06-05T22:57:45.244+0000][15.619s][info ][gc,start    ] GC(65) Pause Remark
[2025-06-05T22:57:45.250+0000][15.625s][info ][gc          ] GC(65) Pause Remark 167M->167M(289M) 6.058ms
[2025-06-05T22:57:45.250+0000][15.625s][info ][gc,cpu      ] GC(65) User=0.02s Sys=0.00s Real=0.01s
[2025-06-05T22:57:45.250+0000][15.625s][info ][safepoint   ] Safepoint "G1PauseRemark", Time since last: 145148541 ns, Reaching safepoint: 495834 ns, Cleanup: 62333 ns, At safepoint: 6285583 ns, Total: 6843750 ns
[2025-06-05T22:57:45.250+0000][15.626s][info ][gc,marking  ] GC(65) Concurrent Mark 145.058ms
[2025-06-05T22:57:45.250+0000][15.626s][info ][gc,marking  ] GC(65) Concurrent Rebuild Remembered Sets
[2025-06-05T22:57:45.360+0000][15.735s][info ][gc,marking  ] GC(65) Concurrent Rebuild Remembered Sets 109.506ms
[2025-06-05T22:57:45.364+0000][15.739s][debug][safepoint   ] Safepoint synchronization initiated using futex wait barrier. (54 threads)
[2025-06-05T22:57:45.364+0000][15.740s][info ][gc,start    ] GC(65) Pause Cleanup
[2025-06-05T22:57:45.365+0000][15.740s][info ][gc          ] GC(65) Pause Cleanup 195M->195M(289M) 0.195ms
[2025-06-05T22:57:45.365+0000][15.740s][info ][gc,cpu      ] GC(65) User=0.00s Sys=0.00s Real=0.00s
[2025-06-05T22:57:45.365+0000][15.740s][info ][safepoint   ] Safepoint "G1PauseCleanup", Time since last: 113732459 ns, Reaching safepoint: 680250 ns, Cleanup: 41583 ns, At safepoint: 332917 ns, Total: 1054750 ns
[2025-06-05T22:57:45.367+0000][15.742s][info ][gc,marking  ] GC(65) Concurrent Cleanup for Next Mark
[2025-06-05T22:57:45.367+0000][15.743s][info ][gc,marking  ] GC(65) Concurrent Cleanup for Next Mark 0.374ms
[2025-06-05T22:57:45.367+0000][15.743s][info ][gc          ] GC(65) Concurrent Mark Cycle 269.374ms
[2025-06-05T22:57:45.510+0000][15.886s][debug][safepoint   ] Safepoint synchronization initiated using futex wait barrier. (54 threads)
[2025-06-05T22:57:45.511+0000][15.886s][info ][gc,start    ] GC(66) Pause Young (Prepare Mixed) (G1 Evacuation Pause)
[2025-06-05T22:57:45.511+0000][15.886s][info ][gc,task     ] GC(66) Using 2 workers of 2 for evacuation
[2025-06-05T22:57:45.519+0000][15.895s][info ][gc,phases   ] GC(66)   Pre Evacuate Collection Set: 0.1ms
[2025-06-05T22:57:45.519+0000][15.895s][info ][gc,phases   ] GC(66)   Merge Heap Roots: 0.2ms
[2025-06-05T22:57:45.519+0000][15.895s][info ][gc,phases   ] GC(66)   Evacuate Collection Set: 6.9ms
[2025-06-05T22:57:45.519+0000][15.895s][info ][gc,phases   ] GC(66)   Post Evacuate Collection Set: 1.0ms
[2025-06-05T22:57:45.519+0000][15.895s][info ][gc,phases   ] GC(66)   Other: 0.2ms
[2025-06-05T22:57:45.520+0000][15.895s][info ][gc,heap     ] GC(66) Eden regions: 130->0(8)
[2025-06-05T22:57:45.520+0000][15.895s][info ][gc,heap     ] GC(66) Survivor regions: 1->6(17)
[2025-06-05T22:57:45.520+0000][15.895s][info ][gc,heap     ] GC(66) Old regions: 117->117
[2025-06-05T22:57:45.520+0000][15.895s][info ][gc,heap     ] GC(66) Archive regions: 2->2
[2025-06-05T22:57:45.520+0000][15.895s][info ][gc,heap     ] GC(66) Humongous regions: 0->0
[2025-06-05T22:57:45.520+0000][15.895s][info ][gc,metaspace] GC(66) Metaspace: 138409K(139520K)->138409K(139520K) NonClass: 121272K(121856K)->121272K(121856K) Class: 17137K(17664K)->17137K(17664K)
[2025-06-05T22:57:45.520+0000][15.895s][info ][gc          ] GC(66) Pause Young (Prepare Mixed) (G1 Evacuation Pause) 248M->122M(289M) 9.065ms
[2025-06-05T22:57:45.520+0000][15.895s][info ][gc,cpu      ] GC(66) User=0.02s Sys=0.00s Real=0.01s
[2025-06-05T22:57:45.520+0000][15.896s][info ][safepoint   ] Safepoint "G1CollectForAllocation", Time since last: 145797416 ns, Reaching safepoint: 205167 ns, Cleanup: 39375 ns, At safepoint: 9189750 ns, Total: 9434292 ns
[2025-06-05T22:57:45.535+0000][15.911s][debug][safepoint   ] Safepoint synchronization initiated using futex wait barrier. (54 threads)
[2025-06-05T22:57:45.536+0000][15.911s][info ][gc,start    ] GC(67) Pause Young (Mixed) (G1 Evacuation Pause)
[2025-06-05T22:57:45.536+0000][15.911s][info ][gc,task     ] GC(67) Using 2 workers of 2 for evacuation
[2025-06-05T22:57:45.545+0000][15.921s][info ][gc,phases   ] GC(67)   Pre Evacuate Collection Set: 0.1ms
[2025-06-05T22:57:45.545+0000][15.921s][info ][gc,phases   ] GC(67)   Merge Heap Roots: 0.1ms
[2025-06-05T22:57:45.545+0000][15.921s][info ][gc,phases   ] GC(67)   Evacuate Collection Set: 8.2ms
[2025-06-05T22:57:45.545+0000][15.921s][info ][gc,phases   ] GC(67)   Post Evacuate Collection Set: 1.0ms
[2025-06-05T22:57:45.545+0000][15.921s][info ][gc,phases   ] GC(67)   Other: 0.2ms
[2025-06-05T22:57:45.545+0000][15.921s][info ][gc,heap     ] GC(67) Eden regions: 8->0(125)
[2025-06-05T22:57:45.546+0000][15.921s][info ][gc,heap     ] GC(67) Survivor regions: 6->1(2)
[2025-06-05T22:57:45.546+0000][15.921s][info ][gc,heap     ] GC(67) Old regions: 117->121
[2025-06-05T22:57:45.546+0000][15.921s][info ][gc,heap     ] GC(67) Archive regions: 2->2
[2025-06-05T22:57:45.546+0000][15.921s][info ][gc,heap     ] GC(67) Humongous regions: 0->0
[2025-06-05T22:57:45.546+0000][15.921s][info ][gc,metaspace] GC(67) Metaspace: 138490K(139584K)->138490K(139584K) NonClass: 121351K(121920K)->121351K(121920K) Class: 17139K(17664K)->17139K(17664K)
[2025-06-05T22:57:45.546+0000][15.921s][info ][gc          ] GC(67) Pause Young (Mixed) (G1 Evacuation Pause) 130M->122M(289M) 10.219ms
[2025-06-05T22:57:45.546+0000][15.921s][info ][gc,cpu      ] GC(67) User=0.02s Sys=0.00s Real=0.01s
[2025-06-05T22:57:45.546+0000][15.921s][info ][safepoint   ] Safepoint "G1CollectForAllocation", Time since last: 15420583 ns, Reaching safepoint: 207292 ns, Cleanup: 9292 ns, At safepoint: 10341958 ns, Total: 10558542 ns
[2025-06-05T22:57:45.854+0000][16.229s][debug][safepoint   ] Safepoint synchronization initiated using futex wait barrier. (61 threads)
[2025-06-05T22:57:45.854+0000][16.229s][info ][gc,start    ] GC(68) Pause Young (Normal) (G1 Evacuation Pause)
[2025-06-05T22:57:45.854+0000][16.230s][info ][gc,task     ] GC(68) Using 2 workers of 2 for evacuation
[2025-06-05T22:57:45.862+0000][16.238s][info ][gc,phases   ] GC(68)   Pre Evacuate Collection Set: 0.1ms
[2025-06-05T22:57:45.862+0000][16.238s][info ][gc,phases   ] GC(68)   Merge Heap Roots: 0.1ms
[2025-06-05T22:57:45.862+0000][16.238s][info ][gc,phases   ] GC(68)   Evacuate Collection Set: 6.2ms
[2025-06-05T22:57:45.863+0000][16.238s][info ][gc,phases   ] GC(68)   Post Evacuate Collection Set: 1.9ms
[2025-06-05T22:57:45.863+0000][16.238s][info ][gc,phases   ] GC(68)   Other: 0.2ms
[2025-06-05T22:57:45.863+0000][16.238s][info ][gc,heap     ] GC(68) Eden regions: 125->0(322)
[2025-06-05T22:57:45.863+0000][16.238s][info ][gc,heap     ] GC(68) Survivor regions: 1->4(16)
[2025-06-05T22:57:45.863+0000][16.238s][info ][gc,heap     ] GC(68) Old regions: 121->121
[2025-06-05T22:57:45.863+0000][16.238s][info ][gc,heap     ] GC(68) Archive regions: 2->2
[2025-06-05T22:57:45.863+0000][16.238s][info ][gc,heap     ] GC(68) Humongous regions: 0->0
[2025-06-05T22:57:45.863+0000][16.238s][info ][gc,metaspace] GC(68) Metaspace: 143169K(144256K)->143169K(144256K) NonClass: 125570K(126144K)->125570K(126144K) Class: 17598K(18112K)->17598K(18112K)
[2025-06-05T22:57:45.863+0000][16.239s][info ][gc          ] GC(68) Pause Young (Normal) (G1 Evacuation Pause) 247M->125M(544M) 9.039ms
[2025-06-05T22:57:45.863+0000][16.239s][info ][gc,cpu      ] GC(68) User=0.02s Sys=0.00s Real=0.01s
[2025-06-05T22:57:45.863+0000][16.239s][info ][safepoint   ] Safepoint "G1CollectForAllocation", Time since last: 307719459 ns, Reaching safepoint: 177083 ns, Cleanup: 70292 ns, At safepoint: 9176625 ns, Total: 9424000 ns
[2025-06-05T22:57:45.972+0000][16.348s][info ][cds,heap    ] initialize_from_archived_subgraph jdk.internal.math.FDBigInteger 0x000000080014c8e8
[2025-06-05T22:57:46.080+0000][16.456s][debug][safepoint   ] Safepoint synchronization initiated using futex wait barrier. (61 threads)
[2025-06-05T22:57:46.081+0000][16.456s][info ][safepoint   ] Safepoint "ICBufferFull", Time since last: 217278875 ns, Reaching safepoint: 165875 ns, Cleanup: 75583 ns, At safepoint: 1917 ns, Total: 243375 ns
[2025-06-05T22:57:46.189+0000][16.565s][debug][safepoint   ] Safepoint synchronization initiated using futex wait barrier. (61 threads)
[2025-06-05T22:57:46.190+0000][16.565s][info ][safepoint   ] Safepoint "ICBufferFull", Time since last: 108739625 ns, Reaching safepoint: 161500 ns, Cleanup: 102125 ns, At safepoint: 2125 ns, Total: 265750 ns
[2025-06-05T22:57:46.615+0000][16.992s][debug][safepoint   ] Safepoint synchronization initiated using futex wait barrier. (71 threads)
[2025-06-05T22:57:46.616+0000][16.992s][info ][safepoint   ] Safepoint "ICBufferFull", Time since last: 426720624 ns, Reaching safepoint: 192667 ns, Cleanup: 142208 ns, At safepoint: 1375 ns, Total: 336250 ns
[2025-06-05T22:57:46.652+0000][17.028s][debug][safepoint   ] Safepoint synchronization initiated using futex wait barrier. (71 threads)
[2025-06-05T22:57:46.652+0000][17.029s][info ][gc,start    ] GC(69) Pause Young (Normal) (G1 Evacuation Pause)
[2025-06-05T22:57:46.652+0000][17.029s][info ][gc,task     ] GC(69) Using 2 workers of 2 for evacuation
[2025-06-05T22:57:46.665+0000][17.041s][info ][gc,phases   ] GC(69)   Pre Evacuate Collection Set: 0.1ms
[2025-06-05T22:57:46.665+0000][17.041s][info ][gc,phases   ] GC(69)   Merge Heap Roots: 0.1ms
[2025-06-05T22:57:46.665+0000][17.041s][info ][gc,phases   ] GC(69)   Evacuate Collection Set: 10.6ms
[2025-06-05T22:57:46.665+0000][17.042s][info ][gc,phases   ] GC(69)   Post Evacuate Collection Set: 1.4ms
[2025-06-05T22:57:46.665+0000][17.042s][info ][gc,phases   ] GC(69)   Other: 0.2ms
[2025-06-05T22:57:46.665+0000][17.042s][info ][gc,heap     ] GC(69) Eden regions: 322->0(316)
[2025-06-05T22:57:46.665+0000][17.042s][info ][gc,heap     ] GC(69) Survivor regions: 4->10(41)
[2025-06-05T22:57:46.665+0000][17.042s][info ][gc,heap     ] GC(69) Old regions: 121->121
[2025-06-05T22:57:46.665+0000][17.042s][info ][gc,heap     ] GC(69) Archive regions: 2->2
[2025-06-05T22:57:46.665+0000][17.042s][info ][gc,heap     ] GC(69) Humongous regions: 0->0
[2025-06-05T22:57:46.665+0000][17.042s][info ][gc,metaspace] GC(69) Metaspace: 149749K(150848K)->149749K(150848K) NonClass: 131340K(131904K)->131340K(131904K) Class: 18409K(18944K)->18409K(18944K)
[2025-06-05T22:57:46.665+0000][17.042s][info ][gc          ] GC(69) Pause Young (Normal) (G1 Evacuation Pause) 447M->131M(544M) 13.272ms
[2025-06-05T22:57:46.665+0000][17.042s][info ][gc,cpu      ] GC(69) User=0.03s Sys=0.00s Real=0.02s
[2025-06-05T22:57:46.666+0000][17.042s][info ][safepoint   ] Safepoint "G1CollectForAllocation", Time since last: 36191875 ns, Reaching safepoint: 205167 ns, Cleanup: 35875 ns, At safepoint: 13483792 ns, Total: 13724834 ns
[2025-06-05T22:57:46.917+0000][17.293s][debug][safepoint   ] Safepoint synchronization initiated using futex wait barrier. (71 threads)
[2025-06-05T22:57:46.917+0000][17.294s][info ][safepoint   ] Safepoint "ICBufferFull", Time since last: 251321000 ns, Reaching safepoint: 142375 ns, Cleanup: 92875 ns, At safepoint: 7792 ns, Total: 243042 ns
[2025-06-05T22:57:47.299+0000][17.676s][debug][safepoint   ] Safepoint synchronization initiated using futex wait barrier. (71 threads)
[2025-06-05T22:57:47.300+0000][17.676s][info ][gc,start    ] GC(70) Pause Young (Normal) (G1 Evacuation Pause)
[2025-06-05T22:57:47.300+0000][17.676s][info ][gc,task     ] GC(70) Using 2 workers of 2 for evacuation
[2025-06-05T22:57:47.319+0000][17.695s][info ][gc,phases   ] GC(70)   Pre Evacuate Collection Set: 0.1ms
[2025-06-05T22:57:47.319+0000][17.696s][info ][gc,phases   ] GC(70)   Merge Heap Roots: 0.2ms
[2025-06-05T22:57:47.319+0000][17.696s][info ][gc,phases   ] GC(70)   Evacuate Collection Set: 17.3ms
[2025-06-05T22:57:47.319+0000][17.696s][info ][gc,phases   ] GC(70)   Post Evacuate Collection Set: 1.4ms
[2025-06-05T22:57:47.319+0000][17.696s][info ][gc,phases   ] GC(70)   Other: 0.2ms
[2025-06-05T22:57:47.319+0000][17.696s][info ][gc,heap     ] GC(70) Eden regions: 316->0(308)
[2025-06-05T22:57:47.319+0000][17.696s][info ][gc,heap     ] GC(70) Survivor regions: 10->18(41)
[2025-06-05T22:57:47.319+0000][17.696s][info ][gc,heap     ] GC(70) Old regions: 121->121
[2025-06-05T22:57:47.319+0000][17.696s][info ][gc,heap     ] GC(70) Archive regions: 2->2
[2025-06-05T22:57:47.319+0000][17.696s][info ][gc,heap     ] GC(70) Humongous regions: 0->0
[2025-06-05T22:57:47.319+0000][17.696s][info ][gc,metaspace] GC(70) Metaspace: 152006K(153088K)->152006K(153088K) NonClass: 133239K(133824K)->133239K(133824K) Class: 18767K(19264K)->18767K(19264K)
[2025-06-05T22:57:47.319+0000][17.696s][info ][gc          ] GC(70) Pause Young (Normal) (G1 Evacuation Pause) 447M->139M(544M) 19.722ms
[2025-06-05T22:57:47.319+0000][17.696s][info ][gc,cpu      ] GC(70) User=0.04s Sys=0.00s Real=0.02s
[2025-06-05T22:57:47.320+0000][17.696s][info ][safepoint   ] Safepoint "G1CollectForAllocation", Time since last: 382246458 ns, Reaching safepoint: 201417 ns, Cleanup: 129000 ns, At safepoint: 19876708 ns, Total: 20207125 ns
[2025-06-05T22:57:47.484+0000][17.861s][debug][safepoint   ] Safepoint synchronization initiated using futex wait barrier. (71 threads)
[2025-06-05T22:57:47.486+0000][17.862s][info ][safepoint   ] Safepoint "ICBufferFull", Time since last: 164744542 ns, Reaching safepoint: 1280541 ns, Cleanup: 109667 ns, At safepoint: 7708 ns, Total: 1397916 ns
[2025-06-05T22:57:47.973+0000][18.349s][debug][safepoint   ] Safepoint synchronization initiated using futex wait barrier. (74 threads)
[2025-06-05T22:57:47.973+0000][18.350s][info ][safepoint   ] Safepoint "ICBufferFull", Time since last: 487022292 ns, Reaching safepoint: 264209 ns, Cleanup: 157625 ns, At safepoint: 2333 ns, Total: 424167 ns
[2025-06-05T22:57:47.982+0000][18.359s][debug][safepoint   ] Safepoint synchronization initiated using futex wait barrier. (74 threads)
[2025-06-05T22:57:47.983+0000][18.359s][info ][gc,start    ] GC(71) Pause Young (Normal) (G1 Evacuation Pause)
[2025-06-05T22:57:47.983+0000][18.359s][info ][gc,task     ] GC(71) Using 2 workers of 2 for evacuation
[2025-06-05T22:57:48.017+0000][18.394s][info ][gc,phases   ] GC(71)   Pre Evacuate Collection Set: 0.1ms
[2025-06-05T22:57:48.018+0000][18.394s][info ][gc,phases   ] GC(71)   Merge Heap Roots: 0.2ms
[2025-06-05T22:57:48.018+0000][18.394s][info ][gc,phases   ] GC(71)   Evacuate Collection Set: 32.4ms
[2025-06-05T22:57:48.018+0000][18.394s][info ][gc,phases   ] GC(71)   Post Evacuate Collection Set: 1.8ms
[2025-06-05T22:57:48.018+0000][18.394s][info ][gc,phases   ] GC(71)   Other: 0.2ms
[2025-06-05T22:57:48.018+0000][18.394s][info ][gc,heap     ] GC(71) Eden regions: 308->0(302)
[2025-06-05T22:57:48.018+0000][18.394s][info ][gc,heap     ] GC(71) Survivor regions: 18->24(41)
[2025-06-05T22:57:48.018+0000][18.394s][info ][gc,heap     ] GC(71) Old regions: 121->121
[2025-06-05T22:57:48.018+0000][18.394s][info ][gc,heap     ] GC(71) Archive regions: 2->2
[2025-06-05T22:57:48.018+0000][18.395s][info ][gc,heap     ] GC(71) Humongous regions: 0->0
[2025-06-05T22:57:48.018+0000][18.395s][info ][gc,metaspace] GC(71) Metaspace: 155625K(156800K)->155625K(156800K) NonClass: 136297K(136896K)->136297K(136896K) Class: 19328K(19904K)->19328K(19904K)
[2025-06-05T22:57:48.018+0000][18.395s][info ][gc          ] GC(71) Pause Young (Normal) (G1 Evacuation Pause) 447M->145M(544M) 35.446ms
[2025-06-05T22:57:48.018+0000][18.395s][info ][gc,cpu      ] GC(71) User=0.07s Sys=0.00s Real=0.04s
[2025-06-05T22:57:48.018+0000][18.395s][info ][safepoint   ] Safepoint "G1CollectForAllocation", Time since last: 9281958 ns, Reaching safepoint: 199792 ns, Cleanup: 10542 ns, At safepoint: 35649458 ns, Total: 35859792 ns
[2025-06-05T22:57:48.185+0000][18.561s][debug][safepoint   ] Safepoint synchronization initiated using futex wait barrier. (88 threads)
[2025-06-05T22:57:48.185+0000][18.562s][info ][safepoint   ] Safepoint "ICBufferFull", Time since last: 166544708 ns, Reaching safepoint: 134750 ns, Cleanup: 118709 ns, At safepoint: 5583 ns, Total: 259042 ns
[2025-06-05T22:57:48.241+0000][18.618s][debug][safepoint   ] Safepoint synchronization initiated using futex wait barrier. (137 threads)
[2025-06-05T22:57:48.243+0000][18.619s][info ][safepoint   ] Safepoint "ICBufferFull", Time since last: 56269250 ns, Reaching safepoint: 1402792 ns, Cleanup: 120916 ns, At safepoint: 13917 ns, Total: 1537625 ns
[2025-06-05T22:57:48.566+0000][18.942s][debug][safepoint   ] Safepoint synchronization initiated using futex wait barrier. (159 threads)
[2025-06-05T22:57:48.566+0000][18.943s][info ][safepoint   ] Safepoint "ICBufferFull", Time since last: 322790292 ns, Reaching safepoint: 225792 ns, Cleanup: 111708 ns, At safepoint: 10083 ns, Total: 347583 ns
[2025-06-05T22:57:48.720+0000][19.097s][debug][safepoint   ] Safepoint synchronization initiated using futex wait barrier. (160 threads)
[2025-06-05T22:57:48.720+0000][19.097s][info ][safepoint   ] Safepoint "ICBufferFull", Time since last: 154064209 ns, Reaching safepoint: 217916 ns, Cleanup: 104000 ns, At safepoint: 10875 ns, Total: 332791 ns
[2025-06-05T22:57:48.776+0000][19.153s][debug][safepoint   ] Safepoint synchronization initiated using futex wait barrier. (162 threads)
[2025-06-05T22:57:48.776+0000][19.153s][info ][safepoint   ] Safepoint "ICBufferFull", Time since last: 55694625 ns, Reaching safepoint: 162750 ns, Cleanup: 79125 ns, At safepoint: 13625 ns, Total: 255500 ns
[2025-06-05T22:57:48.778+0000][19.155s][debug][safepoint   ] Safepoint synchronization initiated using futex wait barrier. (162 threads)
[2025-06-05T22:57:48.778+0000][19.155s][info ][gc,start    ] GC(72) Pause Young (Normal) (G1 Evacuation Pause)
[2025-06-05T22:57:48.778+0000][19.155s][info ][gc,task     ] GC(72) Using 2 workers of 2 for evacuation
[2025-06-05T22:57:48.837+0000][19.213s][info ][gc,phases   ] GC(72)   Pre Evacuate Collection Set: 0.2ms
[2025-06-05T22:57:48.837+0000][19.213s][info ][gc,phases   ] GC(72)   Merge Heap Roots: 0.3ms
[2025-06-05T22:57:48.837+0000][19.214s][info ][gc,phases   ] GC(72)   Evacuate Collection Set: 56.4ms
[2025-06-05T22:57:48.837+0000][19.214s][info ][gc,phases   ] GC(72)   Post Evacuate Collection Set: 1.6ms
[2025-06-05T22:57:48.837+0000][19.214s][info ][gc,phases   ] GC(72)   Other: 0.2ms
[2025-06-05T22:57:48.837+0000][19.214s][info ][gc,heap     ] GC(72) Eden regions: 302->0(297)
[2025-06-05T22:57:48.837+0000][19.214s][info ][gc,heap     ] GC(72) Survivor regions: 24->29(41)
[2025-06-05T22:57:48.837+0000][19.214s][info ][gc,heap     ] GC(72) Old regions: 121->125
[2025-06-05T22:57:48.837+0000][19.214s][info ][gc,heap     ] GC(72) Archive regions: 2->2
[2025-06-05T22:57:48.837+0000][19.214s][info ][gc,heap     ] GC(72) Humongous regions: 0->0
[2025-06-05T22:57:48.837+0000][19.214s][info ][gc,metaspace] GC(72) Metaspace: 161563K(162752K)->161563K(162752K) NonClass: 141472K(142080K)->141472K(142080K) Class: 20091K(20672K)->20091K(20672K)
[2025-06-05T22:57:48.837+0000][19.214s][info ][gc          ] GC(72) Pause Young (Normal) (G1 Evacuation Pause) 447M->153M(544M) 59.199ms
[2025-06-05T22:57:48.837+0000][19.214s][info ][gc,cpu      ] GC(72) User=0.06s Sys=0.00s Real=0.06s
[2025-06-05T22:57:48.838+0000][19.214s][info ][safepoint   ] Safepoint "G1CollectForAllocation", Time since last: 1682375 ns, Reaching safepoint: 52209 ns, Cleanup: 14208 ns, At safepoint: 59472833 ns, Total: 59539250 ns
[2025-06-05T22:57:48.964+0000][19.340s][debug][safepoint   ] Safepoint synchronization initiated using futex wait barrier. (171 threads)
[2025-06-05T22:57:48.964+0000][19.341s][info ][safepoint   ] Safepoint "ICBufferFull", Time since last: 126055125 ns, Reaching safepoint: 158250 ns, Cleanup: 100542 ns, At safepoint: 5792 ns, Total: 264584 ns
[2025-06-05T22:57:49.025+0000][19.402s][debug][safepoint   ] Safepoint synchronization initiated using futex wait barrier. (171 threads)
[2025-06-05T22:57:49.025+0000][19.402s][info ][safepoint   ] Safepoint "ICBufferFull", Time since last: 61198417 ns, Reaching safepoint: 201625 ns, Cleanup: 78166 ns, At safepoint: 14542 ns, Total: 294333 ns
[2025-06-05T22:57:49.178+0000][19.554s][debug][safepoint   ] Safepoint synchronization initiated using futex wait barrier. (173 threads)
[2025-06-05T22:57:49.178+0000][19.555s][info ][safepoint   ] Safepoint "ICBufferFull", Time since last: 152386917 ns, Reaching safepoint: 129000 ns, Cleanup: 97791 ns, At safepoint: 6542 ns, Total: 233333 ns
[2025-06-05T22:57:49.178+0000][19.555s][debug][safepoint   ] Safepoint synchronization initiated using futex wait barrier. (173 threads)
[2025-06-05T22:57:49.179+0000][19.555s][info ][safepoint   ] Safepoint "ICBufferFull", Time since last: 112667 ns, Reaching safepoint: 479625 ns, Cleanup: 7916 ns, At safepoint: 18167 ns, Total: 505708 ns
[2025-06-05T22:57:49.234+0000][19.611s][debug][safepoint   ] Safepoint synchronization initiated using futex wait barrier. (179 threads)
[2025-06-05T22:57:49.236+0000][19.612s][info ][safepoint   ] Safepoint "ICBufferFull", Time since last: 55698375 ns, Reaching safepoint: 1275167 ns, Cleanup: 117500 ns, At safepoint: 55750 ns, Total: 1448417 ns
[2025-06-05T22:57:49.237+0000][19.613s][debug][safepoint   ] Safepoint synchronization initiated using futex wait barrier. (179 threads)
[2025-06-05T22:57:49.237+0000][19.613s][info ][safepoint   ] Safepoint "ICBufferFull", Time since last: 718000 ns, Reaching safepoint: 148166 ns, Cleanup: 7125 ns, At safepoint: 20042 ns, Total: 175333 ns
[2025-06-05T22:57:49.237+0000][19.614s][debug][safepoint   ] Safepoint synchronization initiated using futex wait barrier. (179 threads)
[2025-06-05T22:57:49.237+0000][19.614s][debug][safepoint   ] ... found polling page loop exception at pc = 0x0000ffff6a9e62ec, stub =0x0000ffff7097ef00
[2025-06-05T22:57:49.237+0000][19.614s][debug][safepoint   ] ... found polling page loop exception at pc = 0x0000ffff6942ef04, stub =0x0000ffff7097ef00
[2025-06-05T22:57:49.238+0000][19.614s][info ][safepoint   ] Safepoint "ICBufferFull", Time since last: 394417 ns, Reaching safepoint: 503041 ns, Cleanup: 6292 ns, At safepoint: 39667 ns, Total: 549000 ns
[2025-06-05T22:57:49.331+0000][19.707s][debug][safepoint   ] ... found polling page loop exception at pc = 0x0000ffff70ffa4c8, stub =0x0000ffff7097ef00
[2025-06-05T22:57:49.337+0000][19.714s][debug][safepoint   ] Safepoint synchronization initiated using futex wait barrier. (189 threads)
[2025-06-05T22:57:49.338+0000][19.714s][info ][safepoint   ] Safepoint "ICBufferFull", Time since last: 99696583 ns, Reaching safepoint: 161375 ns, Cleanup: 112583 ns, At safepoint: 8417 ns, Total: 282375 ns
[2025-06-05T22:57:49.346+0000][19.723s][debug][safepoint   ] Safepoint synchronization initiated using futex wait barrier. (189 threads)
[2025-06-05T22:57:49.347+0000][19.724s][info ][safepoint   ] Safepoint "ICBufferFull", Time since last: 8820500 ns, Reaching safepoint: 701167 ns, Cleanup: 148708 ns, At safepoint: 13333 ns, Total: 863208 ns
[2025-06-05T22:57:49.348+0000][19.724s][debug][safepoint   ] Safepoint synchronization initiated using futex wait barrier. (189 threads)
[2025-06-05T22:57:49.349+0000][19.725s][info ][safepoint   ] Safepoint "ICBufferFull", Time since last: 220750 ns, Reaching safepoint: 1192709 ns, Cleanup: 4541 ns, At safepoint: 29542 ns, Total: 1226792 ns
[2025-06-05T22:57:49.433+0000][19.810s][debug][safepoint   ] Safepoint synchronization initiated using futex wait barrier. (189 threads)
[2025-06-05T22:57:49.433+0000][19.810s][info ][safepoint   ] Safepoint "ICBufferFull", Time since last: 84265833 ns, Reaching safepoint: 164042 ns, Cleanup: 120708 ns, At safepoint: 8792 ns, Total: 293542 ns
[2025-06-05T22:57:49.563+0000][19.940s][debug][safepoint   ] Safepoint synchronization initiated using futex wait barrier. (189 threads)
[2025-06-05T22:57:49.563+0000][19.940s][info ][safepoint   ] Safepoint "ICBufferFull", Time since last: 129621000 ns, Reaching safepoint: 200833 ns, Cleanup: 94084 ns, At safepoint: 2000 ns, Total: 296917 ns
[2025-06-05T22:57:49.829+0000][20.206s][debug][safepoint   ] Safepoint synchronization initiated using futex wait barrier. (189 threads)
[2025-06-05T22:57:49.830+0000][20.206s][info ][safepoint   ] Safepoint "ICBufferFull", Time since last: 266269833 ns, Reaching safepoint: 196459 ns, Cleanup: 111708 ns, At safepoint: 13042 ns, Total: 321209 ns
[2025-06-05T22:57:49.830+0000][20.207s][debug][safepoint   ] Safepoint synchronization initiated using futex wait barrier. (189 threads)
[2025-06-05T22:57:49.831+0000][20.207s][info ][safepoint   ] Safepoint "ICBufferFull", Time since last: 195500 ns, Reaching safepoint: 556666 ns, Cleanup: 2375 ns, At safepoint: 41750 ns, Total: 600791 ns
[2025-06-05T22:57:49.835+0000][20.212s][debug][safepoint   ] ... found polling page loop exception at pc = 0x0000ffff699f19a0, stub =0x0000ffff7097ef00
[2025-06-05T22:57:49.835+0000][20.212s][debug][safepoint   ] ... found polling page loop exception at pc = 0x0000ffff710cc648, stub =0x0000ffff7097ef00
[2025-06-05T22:57:50.121+0000][20.497s][debug][safepoint   ] Safepoint synchronization initiated using futex wait barrier. (189 threads)
[2025-06-05T22:57:50.121+0000][20.498s][info ][safepoint   ] Safepoint "ICBufferFull", Time since last: 290249625 ns, Reaching safepoint: 184125 ns, Cleanup: 74834 ns, At safepoint: 5791 ns, Total: 264750 ns
[2025-06-05T22:57:50.189+0000][20.566s][debug][safepoint   ] Safepoint synchronization initiated using futex wait barrier. (189 threads)
[2025-06-05T22:57:50.189+0000][20.566s][info ][safepoint   ] Safepoint "ICBufferFull", Time since last: 67900834 ns, Reaching safepoint: 200208 ns, Cleanup: 106583 ns, At safepoint: 7042 ns, Total: 313833 ns
[2025-06-05T22:57:50.215+0000][20.591s][debug][safepoint   ] Safepoint synchronization initiated using futex wait barrier. (189 threads)
[2025-06-05T22:57:50.215+0000][20.592s][info ][gc,start    ] GC(73) Pause Young (Normal) (G1 Evacuation Pause)
[2025-06-05T22:57:50.215+0000][20.592s][info ][gc,task     ] GC(73) Using 2 workers of 2 for evacuation
[2025-06-05T22:57:50.247+0000][20.624s][info ][gc,phases   ] GC(73)   Pre Evacuate Collection Set: 0.1ms
[2025-06-05T22:57:50.247+0000][20.624s][info ][gc,phases   ] GC(73)   Merge Heap Roots: 0.2ms
[2025-06-05T22:57:50.247+0000][20.624s][info ][gc,phases   ] GC(73)   Evacuate Collection Set: 29.6ms
[2025-06-05T22:57:50.247+0000][20.624s][info ][gc,phases   ] GC(73)   Post Evacuate Collection Set: 1.8ms
[2025-06-05T22:57:50.247+0000][20.624s][info ][gc,phases   ] GC(73)   Other: 0.3ms
[2025-06-05T22:57:50.247+0000][20.624s][info ][gc,heap     ] GC(73) Eden regions: 297->0(302)
[2025-06-05T22:57:50.248+0000][20.624s][info ][gc,heap     ] GC(73) Survivor regions: 29->23(41)
[2025-06-05T22:57:50.248+0000][20.624s][info ][gc,heap     ] GC(73) Old regions: 125->137
[2025-06-05T22:57:50.248+0000][20.624s][info ][gc,heap     ] GC(73) Archive regions: 2->2
[2025-06-05T22:57:50.248+0000][20.624s][info ][gc,heap     ] GC(73) Humongous regions: 8->0
[2025-06-05T22:57:50.248+0000][20.624s][info ][gc,metaspace] GC(73) Metaspace: 169813K(171136K)->169813K(171136K) NonClass: 148701K(149376K)->148701K(149376K) Class: 21112K(21760K)->21112K(21760K)
[2025-06-05T22:57:50.248+0000][20.624s][info ][gc          ] GC(73) Pause Young (Normal) (G1 Evacuation Pause) 458M->160M(544M) 32.649ms
[2025-06-05T22:57:50.248+0000][20.624s][info ][gc,cpu      ] GC(73) User=0.07s Sys=0.00s Real=0.03s
[2025-06-05T22:57:50.248+0000][20.625s][info ][safepoint   ] Safepoint "G1CollectForAllocation", Time since last: 25529667 ns, Reaching safepoint: 168583 ns, Cleanup: 22208 ns, At safepoint: 33061875 ns, Total: 33252666 ns
[2025-06-05T22:57:50.421+0000][20.797s][debug][safepoint   ] Safepoint synchronization initiated using futex wait barrier. (189 threads)
[2025-06-05T22:57:50.421+0000][20.798s][info ][safepoint   ] Safepoint "ICBufferFull", Time since last: 172480542 ns, Reaching safepoint: 225709 ns, Cleanup: 100125 ns, At safepoint: 2458 ns, Total: 328292 ns
[2025-06-05T22:57:50.567+0000][20.944s][debug][safepoint   ] Safepoint synchronization initiated using futex wait barrier. (189 threads)
[2025-06-05T22:57:50.567+0000][20.944s][info ][safepoint   ] Safepoint "ICBufferFull", Time since last: 146129333 ns, Reaching safepoint: 217625 ns, Cleanup: 121000 ns, At safepoint: 5000 ns, Total: 343625 ns
[2025-06-05T22:57:50.630+0000][21.007s][debug][safepoint   ] Safepoint synchronization initiated using futex wait barrier. (189 threads)
[2025-06-05T22:57:50.630+0000][21.007s][info ][safepoint   ] Safepoint "ICBufferFull", Time since last: 62725667 ns, Reaching safepoint: 205042 ns, Cleanup: 96708 ns, At safepoint: 11292 ns, Total: 313042 ns
[2025-06-05T22:57:50.657+0000][21.033s][debug][safepoint   ] Safepoint synchronization initiated using futex wait barrier. (189 threads)
[2025-06-05T22:57:50.657+0000][21.033s][info ][safepoint   ] Safepoint "ICBufferFull", Time since last: 26127500 ns, Reaching safepoint: 139791 ns, Cleanup: 118125 ns, At safepoint: 11875 ns, Total: 269791 ns
[2025-06-05T22:57:50.752+0000][21.128s][debug][safepoint   ] Safepoint synchronization initiated using futex wait barrier. (190 threads)
[2025-06-05T22:57:50.754+0000][21.131s][info ][safepoint   ] Safepoint "ICBufferFull", Time since last: 94848500 ns, Reaching safepoint: 2063625 ns, Cleanup: 143209 ns, At safepoint: 102625 ns, Total: 2309459 ns
[2025-06-05T22:57:50.909+0000][21.286s][debug][safepoint   ] Safepoint synchronization initiated using futex wait barrier. (190 threads)
[2025-06-05T22:57:50.911+0000][21.288s][info ][safepoint   ] Safepoint "ICBufferFull", Time since last: 155019125 ns, Reaching safepoint: 1773750 ns, Cleanup: 138375 ns, At safepoint: 74291 ns, Total: 1986416 ns
[2025-06-05T22:57:51.044+0000][21.421s][debug][safepoint   ] Safepoint synchronization initiated using futex wait barrier. (193 threads)
[2025-06-05T22:57:51.045+0000][21.421s][info ][safepoint   ] Safepoint "ICBufferFull", Time since last: 133164292 ns, Reaching safepoint: 255750 ns, Cleanup: 116958 ns, At safepoint: 11500 ns, Total: 384208 ns
[2025-06-05T22:57:51.468+0000][21.845s][debug][safepoint   ] Safepoint synchronization initiated using futex wait barrier. (194 threads)
[2025-06-05T22:57:51.468+0000][21.845s][info ][safepoint   ] Safepoint "ICBufferFull", Time since last: 423526792 ns, Reaching safepoint: 188042 ns, Cleanup: 125667 ns, At safepoint: 4750 ns, Total: 318459 ns
[2025-06-05T22:57:51.741+0000][22.117s][debug][safepoint   ] Safepoint synchronization initiated using futex wait barrier. (194 threads)
[2025-06-05T22:57:51.742+0000][22.118s][info ][safepoint   ] Safepoint "ICBufferFull", Time since last: 272449333 ns, Reaching safepoint: 742458 ns, Cleanup: 112209 ns, At safepoint: 20625 ns, Total: 875292 ns
[2025-06-05T22:57:51.859+0000][22.236s][debug][safepoint   ] Safepoint synchronization initiated using futex wait barrier. (195 threads)
[2025-06-05T22:57:51.860+0000][22.236s][info ][gc,start    ] GC(74) Pause Young (Normal) (G1 Evacuation Pause)
[2025-06-05T22:57:51.860+0000][22.236s][info ][gc,task     ] GC(74) Using 2 workers of 2 for evacuation
[2025-06-05T22:57:51.892+0000][22.269s][info ][gc,phases   ] GC(74)   Pre Evacuate Collection Set: 0.1ms
[2025-06-05T22:57:51.892+0000][22.269s][info ][gc,phases   ] GC(74)   Merge Heap Roots: 0.2ms
[2025-06-05T22:57:51.892+0000][22.269s][info ][gc,phases   ] GC(74)   Evacuate Collection Set: 30.0ms
[2025-06-05T22:57:51.892+0000][22.269s][info ][gc,phases   ] GC(74)   Post Evacuate Collection Set: 1.9ms
[2025-06-05T22:57:51.892+0000][22.269s][info ][gc,phases   ] GC(74)   Other: 0.4ms
[2025-06-05T22:57:51.892+0000][22.269s][info ][gc,heap     ] GC(74) Eden regions: 302->0(295)
[2025-06-05T22:57:51.892+0000][22.269s][info ][gc,heap     ] GC(74) Survivor regions: 23->24(41)
[2025-06-05T22:57:51.893+0000][22.269s][info ][gc,heap     ] GC(74) Old regions: 137->143
[2025-06-05T22:57:51.893+0000][22.269s][info ][gc,heap     ] GC(74) Archive regions: 2->2
[2025-06-05T22:57:51.893+0000][22.269s][info ][gc,heap     ] GC(74) Humongous regions: 31->0
[2025-06-05T22:57:51.893+0000][22.269s][info ][gc,metaspace] GC(74) Metaspace: 173581K(174976K)->173581K(174976K) NonClass: 152030K(152768K)->152030K(152768K) Class: 21550K(22208K)->21550K(22208K)
[2025-06-05T22:57:51.893+0000][22.270s][info ][gc          ] GC(74) Pause Young (Normal) (G1 Evacuation Pause) 493M->167M(544M) 33.445ms
[2025-06-05T22:57:51.893+0000][22.270s][info ][gc,cpu      ] GC(74) User=0.06s Sys=0.00s Real=0.03s
[2025-06-05T22:57:51.893+0000][22.270s][info ][safepoint   ] Safepoint "G1CollectForAllocation", Time since last: 117497042 ns, Reaching safepoint: 172458 ns, Cleanup: 78708 ns, At safepoint: 33953625 ns, Total: 34204791 ns
[2025-06-05T22:57:52.039+0000][22.416s][debug][safepoint   ] Safepoint synchronization initiated using futex wait barrier. (194 threads)
[2025-06-05T22:57:52.039+0000][22.416s][info ][safepoint   ] Safepoint "ICBufferFull", Time since last: 145589875 ns, Reaching safepoint: 208542 ns, Cleanup: 88042 ns, At safepoint: 6583 ns, Total: 303167 ns
[2025-06-05T22:57:52.131+0000][22.507s][debug][safepoint   ] Safepoint synchronization initiated using futex wait barrier. (194 threads)
[2025-06-05T22:57:52.131+0000][22.508s][info ][safepoint   ] Safepoint "ICBufferFull", Time since last: 91587125 ns, Reaching safepoint: 230042 ns, Cleanup: 120166 ns, At safepoint: 8084 ns, Total: 358292 ns
[2025-06-05T22:57:52.131+0000][22.508s][debug][safepoint   ] Safepoint synchronization initiated using futex wait barrier. (194 threads)
[2025-06-05T22:57:52.131+0000][22.508s][debug][safepoint   ] ... found polling page loop exception at pc = 0x0000ffff712eea68, stub =0x0000ffff7097ef00
[2025-06-05T22:57:52.133+0000][22.509s][info ][safepoint   ] Safepoint "ICBufferFull", Time since last: 136583 ns, Reaching safepoint: 1190833 ns, Cleanup: 9625 ns, At safepoint: 41250 ns, Total: 1241708 ns
[2025-06-05T22:57:52.239+0000][22.615s][debug][safepoint   ] Safepoint synchronization initiated using futex wait barrier. (195 threads)
[2025-06-05T22:57:52.239+0000][22.616s][info ][safepoint   ] Safepoint "ICBufferFull", Time since last: 106241792 ns, Reaching safepoint: 189958 ns, Cleanup: 129750 ns, At safepoint: 7084 ns, Total: 326792 ns
[2025-06-05T22:57:52.375+0000][22.751s][debug][safepoint   ] Safepoint synchronization initiated using futex wait barrier. (199 threads)
[2025-06-05T22:57:52.375+0000][22.751s][info ][safepoint   ] Safepoint "ICBufferFull", Time since last: 135307625 ns, Reaching safepoint: 197083 ns, Cleanup: 124917 ns, At safepoint: 2708 ns, Total: 324708 ns
[2025-06-05T22:57:52.610+0000][22.987s][debug][safepoint   ] Safepoint synchronization initiated using futex wait barrier. (199 threads)
[2025-06-05T22:57:52.611+0000][22.987s][info ][safepoint   ] Safepoint "ICBufferFull", Time since last: 235404084 ns, Reaching safepoint: 199708 ns, Cleanup: 112792 ns, At safepoint: 4750 ns, Total: 317250 ns
[2025-06-05T22:57:53.611+0000][23.987s][debug][safepoint   ] Safepoint synchronization initiated using futex wait barrier. (200 threads)
[2025-06-05T22:57:53.612+0000][23.988s][info ][safepoint   ] Safepoint "Cleanup", Time since last: 1000241250 ns, Reaching safepoint: 602542 ns, Cleanup: 245541 ns, At safepoint: 6250 ns, Total: 854333 ns
[2025-06-05T22:57:54.613+0000][24.989s][debug][safepoint   ] Safepoint synchronization initiated using futex wait barrier. (200 threads)
[2025-06-05T22:57:54.614+0000][24.990s][info ][safepoint   ] Safepoint "Cleanup", Time since last: 1001212584 ns, Reaching safepoint: 811250 ns, Cleanup: 50084 ns, At safepoint: 12041 ns, Total: 873375 ns
[2025-06-05T22:57:54.857+0000][25.233s][debug][safepoint   ] Safepoint synchronization initiated using futex wait barrier. (200 threads)
[2025-06-05T22:57:54.858+0000][25.234s][info ][safepoint   ] Safepoint "ICBufferFull", Time since last: 243107834 ns, Reaching safepoint: 466000 ns, Cleanup: 180041 ns, At safepoint: 10584 ns, Total: 656625 ns
[2025-06-05T22:57:54.890+0000][25.267s][debug][safepoint   ] Safepoint synchronization initiated using futex wait barrier. (200 threads)
[2025-06-05T22:57:54.890+0000][25.267s][info ][safepoint   ] Safepoint "ICBufferFull", Time since last: 32584791 ns, Reaching safepoint: 171667 ns, Cleanup: 123042 ns, At safepoint: 10083 ns, Total: 304792 ns
[2025-06-05T22:57:55.023+0000][25.400s][debug][safepoint   ] Safepoint synchronization initiated using futex wait barrier. (201 threads)
[2025-06-05T22:57:55.023+0000][25.400s][info ][safepoint   ] Safepoint "ICBufferFull", Time since last: 132689833 ns, Reaching safepoint: 185459 ns, Cleanup: 93625 ns, At safepoint: 8541 ns, Total: 287625 ns
[2025-06-05T22:57:55.116+0000][25.493s][debug][safepoint   ] Safepoint synchronization initiated using futex wait barrier. (202 threads)
[2025-06-05T22:57:55.116+0000][25.493s][info ][safepoint   ] Safepoint "ICBufferFull", Time since last: 92546167 ns, Reaching safepoint: 195083 ns, Cleanup: 90250 ns, At safepoint: 6334 ns, Total: 291667 ns
[2025-06-05T22:57:55.793+0000][26.169s][debug][safepoint   ] Safepoint synchronization initiated using futex wait barrier. (202 threads)
[2025-06-05T22:57:55.793+0000][26.170s][info ][safepoint   ] Safepoint "ICBufferFull", Time since last: 676666875 ns, Reaching safepoint: 207458 ns, Cleanup: 101750 ns, At safepoint: 6209 ns, Total: 315417 ns
[2025-06-05T22:57:55.793+0000][26.170s][debug][safepoint   ] Safepoint synchronization initiated using futex wait barrier. (202 threads)
[2025-06-05T22:57:55.795+0000][26.171s][info ][safepoint   ] Safepoint "ICBufferFull", Time since last: 258333 ns, Reaching safepoint: 1350583 ns, Cleanup: 7875 ns, At safepoint: 24750 ns, Total: 1383208 ns
[2025-06-05T22:57:55.795+0000][26.172s][debug][safepoint   ] Safepoint synchronization initiated using futex wait barrier. (202 threads)
[2025-06-05T22:57:55.795+0000][26.172s][info ][safepoint   ] Safepoint "ICBufferFull", Time since last: 191334 ns, Reaching safepoint: 83250 ns, Cleanup: 5166 ns, At safepoint: 6750 ns, Total: 95166 ns
[2025-06-05T22:57:55.795+0000][26.172s][debug][safepoint   ] Safepoint synchronization initiated using futex wait barrier. (202 threads)
[2025-06-05T22:57:55.796+0000][26.172s][info ][safepoint   ] Safepoint "ICBufferFull", Time since last: 332167 ns, Reaching safepoint: 169083 ns, Cleanup: 2042 ns, At safepoint: 6250 ns, Total: 177375 ns
[2025-06-05T22:57:56.798+0000][27.174s][debug][safepoint   ] Safepoint synchronization initiated using futex wait barrier. (202 threads)
[2025-06-05T22:57:56.799+0000][27.176s][info ][safepoint   ] Safepoint "Cleanup", Time since last: 1002108876 ns, Reaching safepoint: 1116583 ns, Cleanup: 591708 ns, At safepoint: 14917 ns, Total: 1723208 ns
[2025-06-05T22:57:57.801+0000][28.177s][debug][safepoint   ] Safepoint synchronization initiated using futex wait barrier. (202 threads)
[2025-06-05T22:57:57.802+0000][28.179s][info ][safepoint   ] Safepoint "Cleanup", Time since last: 1001173959 ns, Reaching safepoint: 1601166 ns, Cleanup: 191250 ns, At safepoint: 14625 ns, Total: 1807041 ns
[2025-06-05T22:57:58.805+0000][29.181s][debug][safepoint   ] Safepoint synchronization initiated using futex wait barrier. (205 threads)
[2025-06-05T22:57:58.811+0000][29.187s][info ][safepoint   ] Safepoint "Cleanup", Time since last: 1002121834 ns, Reaching safepoint: 5704375 ns, Cleanup: 296334 ns, At safepoint: 10125 ns, Total: 6010834 ns
[2025-06-05T22:57:59.812+0000][30.188s][debug][safepoint   ] Safepoint synchronization initiated using futex wait barrier. (205 threads)
[2025-06-05T22:57:59.812+0000][30.189s][info ][safepoint   ] Safepoint "Cleanup", Time since last: 1001226417 ns, Reaching safepoint: 206250 ns, Cleanup: 54375 ns, At safepoint: 2416 ns, Total: 263041 ns
[2025-06-05T22:58:00.813+0000][31.190s][debug][safepoint   ] Safepoint synchronization initiated using futex wait barrier. (206 threads)
[2025-06-05T22:58:00.814+0000][31.191s][info ][safepoint   ] Safepoint "Cleanup", Time since last: 1001254292 ns, Reaching safepoint: 890125 ns, Cleanup: 202500 ns, At safepoint: 18125 ns, Total: 1110750 ns
[2025-06-05T22:58:02.109+0000][32.486s][debug][safepoint   ] Safepoint synchronization initiated using futex wait barrier. (205 threads)
[2025-06-05T22:58:02.110+0000][32.486s][info ][safepoint   ] Safepoint "Cleanup", Time since last: 1294549918 ns, Reaching safepoint: 482500 ns, Cleanup: 306416 ns, At safepoint: 8459 ns, Total: 797375 ns
[2025-06-05T22:58:03.111+0000][33.488s][debug][safepoint   ] Safepoint synchronization initiated using futex wait barrier. (205 threads)
[2025-06-05T22:58:03.112+0000][33.489s][info ][safepoint   ] Safepoint "Cleanup", Time since last: 1001346084 ns, Reaching safepoint: 902458 ns, Cleanup: 118667 ns, At safepoint: 11166 ns, Total: 1032291 ns
[2025-06-05T22:58:09.118+0000][39.494s][debug][safepoint   ] Safepoint synchronization initiated using futex wait barrier. (205 threads)
[2025-06-05T22:58:09.119+0000][39.496s][info ][safepoint   ] Safepoint "Cleanup", Time since last: 6005651670 ns, Reaching safepoint: 848916 ns, Cleanup: 177459 ns, At safepoint: 132208 ns, Total: 1158583 ns
[2025-06-05T22:58:10.122+0000][40.498s][debug][safepoint   ] Safepoint synchronization initiated using futex wait barrier. (205 threads)
[2025-06-05T22:58:10.123+0000][40.499s][info ][safepoint   ] Safepoint "Cleanup", Time since last: 1002747792 ns, Reaching safepoint: 1039375 ns, Cleanup: 88167 ns, At safepoint: 13125 ns, Total: 1140667 ns
[2025-06-05T22:58:11.124+0000][41.501s][debug][safepoint   ] Safepoint synchronization initiated using futex wait barrier. (205 threads)
[2025-06-05T22:58:11.125+0000][41.502s][info ][safepoint   ] Safepoint "Cleanup", Time since last: 1001546959 ns, Reaching safepoint: 856083 ns, Cleanup: 191292 ns, At safepoint: 13625 ns, Total: 1061000 ns
[2025-06-05T22:58:12.127+0000][42.503s][debug][safepoint   ] Safepoint synchronization initiated using futex wait barrier. (205 threads)
[2025-06-05T22:58:12.127+0000][42.504s][info ][safepoint   ] Safepoint "Cleanup", Time since last: 1001413334 ns, Reaching safepoint: 297333 ns, Cleanup: 40750 ns, At safepoint: 7083 ns, Total: 345166 ns
[2025-06-05T22:58:14.129+0000][44.506s][debug][safepoint   ] Safepoint synchronization initiated using futex wait barrier. (205 threads)
[2025-06-05T22:58:14.129+0000][44.506s][info ][safepoint   ] Safepoint "Cleanup", Time since last: 2001748376 ns, Reaching safepoint: 359250 ns, Cleanup: 95625 ns, At safepoint: 4958 ns, Total: 459833 ns
[2025-06-05T22:58:15.136+0000][45.512s][debug][safepoint   ] Safepoint synchronization initiated using futex wait barrier. (205 threads)
[2025-06-05T22:58:15.137+0000][45.514s][info ][safepoint   ] Safepoint "Cleanup", Time since last: 1006088501 ns, Reaching safepoint: 1212583 ns, Cleanup: 169334 ns, At safepoint: 20666 ns, Total: 1402583 ns
[2025-06-05T22:58:15.479+0000][45.856s][debug][safepoint   ] Safepoint synchronization initiated using futex wait barrier. (205 threads)
[2025-06-05T22:58:15.480+0000][45.856s][info ][safepoint   ] Safepoint "ICBufferFull", Time since last: 342231875 ns, Reaching safepoint: 237959 ns, Cleanup: 214291 ns, At safepoint: 9042 ns, Total: 461292 ns
[2025-06-05T22:58:15.995+0000][46.372s][debug][safepoint   ] ... found polling page loop exception at pc = 0x0000ffff71029508, stub =0x0000ffff7097ef00
[2025-06-05T22:58:16.026+0000][46.403s][debug][safepoint   ] Safepoint synchronization initiated using futex wait barrier. (205 threads)
[2025-06-05T22:58:16.027+0000][46.403s][info ][safepoint   ] Safepoint "ICBufferFull", Time since last: 546609959 ns, Reaching safepoint: 197416 ns, Cleanup: 138209 ns, At safepoint: 14625 ns, Total: 350250 ns
[2025-06-05T22:58:16.538+0000][46.912s][debug][safepoint   ] Safepoint synchronization initiated using futex wait barrier. (207 threads)
[2025-06-05T22:58:16.538+0000][46.913s][info ][gc,start    ] GC(75) Pause Young (Normal) (G1 Evacuation Pause)
[2025-06-05T22:58:16.538+0000][46.913s][info ][gc,task     ] GC(75) Using 2 workers of 2 for evacuation
[2025-06-05T22:58:16.572+0000][46.947s][info ][gc,phases   ] GC(75)   Pre Evacuate Collection Set: 0.1ms
[2025-06-05T22:58:16.572+0000][46.947s][info ][gc,phases   ] GC(75)   Merge Heap Roots: 0.1ms
[2025-06-05T22:58:16.573+0000][46.947s][info ][gc,phases   ] GC(75)   Evacuate Collection Set: 32.4ms
[2025-06-05T22:58:16.573+0000][46.947s][info ][gc,phases   ] GC(75)   Post Evacuate Collection Set: 1.5ms
[2025-06-05T22:58:16.573+0000][46.947s][info ][gc,phases   ] GC(75)   Other: 0.2ms
[2025-06-05T22:58:16.573+0000][46.947s][info ][gc,heap     ] GC(75) Eden regions: 295->0(284)
[2025-06-05T22:58:16.573+0000][46.947s][info ][gc,heap     ] GC(75) Survivor regions: 24->25(40)
[2025-06-05T22:58:16.573+0000][46.947s][info ][gc,heap     ] GC(75) Old regions: 143->152
[2025-06-05T22:58:16.573+0000][46.948s][info ][gc,heap     ] GC(75) Archive regions: 2->2
[2025-06-05T22:58:16.573+0000][46.948s][info ][gc,heap     ] GC(75) Humongous regions: 0->0
[2025-06-05T22:58:16.573+0000][46.948s][info ][gc,metaspace] GC(75) Metaspace: 177866K(179328K)->177866K(179328K) NonClass: 155943K(156672K)->155943K(156672K) Class: 21923K(22656K)->21923K(22656K)
[2025-06-05T22:58:16.573+0000][46.948s][info ][gc          ] GC(75) Pause Young (Normal) (G1 Evacuation Pause) 462M->176M(544M) 34.991ms
[2025-06-05T22:58:16.573+0000][46.948s][info ][gc,cpu      ] GC(75) User=0.07s Sys=0.00s Real=0.03s
[2025-06-05T22:58:16.574+0000][46.948s][info ][safepoint   ] Safepoint "G1CollectForAllocation", Time since last: 509207875 ns, Reaching safepoint: 211291 ns, Cleanup: 69042 ns, At safepoint: 35602417 ns, Total: 35882750 ns
[2025-06-05T22:58:17.575+0000][47.950s][debug][safepoint   ] Safepoint synchronization initiated using futex wait barrier. (207 threads)
[2025-06-05T22:58:17.576+0000][47.951s][info ][safepoint   ] Safepoint "Cleanup", Time since last: 1001426167 ns, Reaching safepoint: 869583 ns, Cleanup: 228500 ns, At safepoint: 16292 ns, Total: 1114375 ns
[2025-06-05T22:58:23.583+0000][53.957s][debug][safepoint   ] Safepoint synchronization initiated using futex wait barrier. (207 threads)
[2025-06-05T22:58:23.584+0000][53.959s][info ][safepoint   ] Safepoint "Cleanup", Time since last: 6006511378 ns, Reaching safepoint: 979583 ns, Cleanup: 479667 ns, At safepoint: 15458 ns, Total: 1474708 ns
[2025-06-05T22:58:24.587+0000][54.962s][debug][safepoint   ] Safepoint synchronization initiated using futex wait barrier. (207 threads)
[2025-06-05T22:58:24.587+0000][54.962s][info ][safepoint   ] Safepoint "Cleanup", Time since last: 1002721709 ns, Reaching safepoint: 637500 ns, Cleanup: 63083 ns, At safepoint: 8167 ns, Total: 708750 ns
[2025-06-05T22:58:25.588+0000][55.963s][debug][safepoint   ] Safepoint synchronization initiated using futex wait barrier. (207 threads)
[2025-06-05T22:58:25.589+0000][55.963s][info ][safepoint   ] Safepoint "Cleanup", Time since last: 1000470542 ns, Reaching safepoint: 506792 ns, Cleanup: 101625 ns, At safepoint: 19708 ns, Total: 628125 ns
[2025-06-05T22:58:26.589+0000][56.964s][debug][safepoint   ] Safepoint synchronization initiated using futex wait barrier. (207 threads)
[2025-06-05T22:58:26.591+0000][56.965s][info ][safepoint   ] Safepoint "Cleanup", Time since last: 1000890084 ns, Reaching safepoint: 972000 ns, Cleanup: 100708 ns, At safepoint: 51708 ns, Total: 1124416 ns
[2025-06-05T22:58:27.593+0000][57.968s][debug][safepoint   ] Safepoint synchronization initiated using futex wait barrier. (207 threads)
[2025-06-05T22:58:27.594+0000][57.968s][info ][safepoint   ] Safepoint "Cleanup", Time since last: 1002756918 ns, Reaching safepoint: 249625 ns, Cleanup: 46125 ns, At safepoint: 5750 ns, Total: 301500 ns
[2025-06-05T22:58:28.595+0000][58.970s][debug][safepoint   ] Safepoint synchronization initiated using futex wait barrier. (207 threads)
[2025-06-05T22:58:28.595+0000][58.970s][info ][safepoint   ] Safepoint "Cleanup", Time since last: 1001262750 ns, Reaching safepoint: 251542 ns, Cleanup: 50458 ns, At safepoint: 3917 ns, Total: 305917 ns
[2025-06-05T22:58:29.597+0000][59.971s][debug][safepoint   ] Safepoint synchronization initiated using futex wait barrier. (207 threads)
[2025-06-05T22:58:29.597+0000][59.972s][info ][safepoint   ] Safepoint "Cleanup", Time since last: 1001450792 ns, Reaching safepoint: 117042 ns, Cleanup: 56875 ns, At safepoint: 2541 ns, Total: 176458 ns
[2025-06-05T22:58:30.684+0000][61.058s][debug][safepoint   ] Safepoint synchronization initiated using futex wait barrier. (207 threads)
[2025-06-05T22:58:30.684+0000][61.059s][info ][safepoint   ] Safepoint "Cleanup", Time since last: 1086722876 ns, Reaching safepoint: 184333 ns, Cleanup: 31042 ns, At safepoint: 3250 ns, Total: 218625 ns
[2025-06-05T22:58:36.631+0000][67.005s][debug][safepoint   ] Safepoint synchronization initiated using futex wait barrier. (206 threads)
[2025-06-05T22:58:36.631+0000][67.006s][info ][safepoint   ] Safepoint "ICBufferFull", Time since last: 5946951669 ns, Reaching safepoint: 173792 ns, Cleanup: 144000 ns, At safepoint: 12208 ns, Total: 330000 ns
[2025-06-05T22:58:37.633+0000][68.008s][debug][safepoint   ] Safepoint synchronization initiated using futex wait barrier. (206 threads)
[2025-06-05T22:58:37.634+0000][68.009s][info ][safepoint   ] Safepoint "Cleanup", Time since last: 1001767001 ns, Reaching safepoint: 881625 ns, Cleanup: 456333 ns, At safepoint: 11708 ns, Total: 1349666 ns
[2025-06-05T22:58:38.635+0000][69.010s][debug][safepoint   ] Safepoint synchronization initiated using futex wait barrier. (206 threads)
[2025-06-05T22:58:38.636+0000][69.011s][info ][safepoint   ] Safepoint "Cleanup", Time since last: 1001294168 ns, Reaching safepoint: 391166 ns, Cleanup: 46542 ns, At safepoint: 5250 ns, Total: 442958 ns
[2025-06-05T22:58:39.637+0000][70.012s][debug][safepoint   ] Safepoint synchronization initiated using futex wait barrier. (206 threads)
[2025-06-05T22:58:39.640+0000][70.014s][info ][safepoint   ] Safepoint "Cleanup", Time since last: 1001375250 ns, Reaching safepoint: 1428042 ns, Cleanup: 843458 ns, At safepoint: 63000 ns, Total: 2334500 ns
[2025-06-05T22:58:39.847+0000][70.222s][debug][safepoint   ] Safepoint synchronization initiated using futex wait barrier. (206 threads)
[2025-06-05T22:58:39.847+0000][70.222s][debug][safepoint   ] ... found polling page loop exception at pc = 0x0000ffff7174ad50, stub =0x0000ffff7097ef00
[2025-06-05T22:58:39.849+0000][70.223s][info ][gc,start    ] GC(76) Pause Young (Concurrent Start) (G1 Humongous Allocation)
[2025-06-05T22:58:39.849+0000][70.223s][info ][gc,task     ] GC(76) Using 2 workers of 2 for evacuation
[2025-06-05T22:58:39.877+0000][70.251s][info ][gc,phases   ] GC(76)   Pre Evacuate Collection Set: 0.4ms
[2025-06-05T22:58:39.877+0000][70.252s][info ][gc,phases   ] GC(76)   Merge Heap Roots: 0.1ms
[2025-06-05T22:58:39.877+0000][70.252s][info ][gc,phases   ] GC(76)   Evacuate Collection Set: 25.7ms
[2025-06-05T22:58:39.877+0000][70.252s][info ][gc,phases   ] GC(76)   Post Evacuate Collection Set: 1.5ms
[2025-06-05T22:58:39.877+0000][70.252s][info ][gc,phases   ] GC(76)   Other: 0.3ms
[2025-06-05T22:58:39.877+0000][70.252s][info ][gc,heap     ] GC(76) Eden regions: 203->0(286)
[2025-06-05T22:58:39.877+0000][70.252s][info ][gc,heap     ] GC(76) Survivor regions: 25->19(39)
[2025-06-05T22:58:39.877+0000][70.252s][info ][gc,heap     ] GC(76) Old regions: 152->160
[2025-06-05T22:58:39.877+0000][70.252s][info ][gc,heap     ] GC(76) Archive regions: 2->2
[2025-06-05T22:58:39.877+0000][70.252s][info ][gc,heap     ] GC(76) Humongous regions: 46->0
[2025-06-05T22:58:39.877+0000][70.252s][info ][gc,metaspace] GC(76) Metaspace: 178739K(180224K)->178739K(180224K) NonClass: 156798K(157568K)->156798K(157568K) Class: 21941K(22656K)->21941K(22656K)
[2025-06-05T22:58:39.877+0000][70.252s][info ][gc          ] GC(76) Pause Young (Concurrent Start) (G1 Humongous Allocation) 425M->178M(544M) 28.527ms
[2025-06-05T22:58:39.877+0000][70.252s][info ][gc,cpu      ] GC(76) User=0.06s Sys=0.00s Real=0.03s
[2025-06-05T22:58:39.877+0000][70.252s][info ][gc          ] GC(77) Concurrent Undo Cycle
[2025-06-05T22:58:39.878+0000][70.252s][info ][gc,marking  ] GC(77) Concurrent Cleanup for Next Mark
[2025-06-05T22:58:39.878+0000][70.252s][info ][safepoint   ] Safepoint "G1TryInitiateConcMark", Time since last: 207517459 ns, Reaching safepoint: 1409041 ns, Cleanup: 56500 ns, At safepoint: 28984000 ns, Total: 30449541 ns
[2025-06-05T22:58:39.880+0000][70.254s][info ][gc,marking  ] GC(77) Concurrent Cleanup for Next Mark 1.896ms
[2025-06-05T22:58:39.880+0000][70.255s][info ][gc          ] GC(77) Concurrent Undo Cycle 2.344ms
[2025-06-05T22:58:40.879+0000][71.253s][debug][safepoint   ] Safepoint synchronization initiated using futex wait barrier. (206 threads)
[2025-06-05T22:58:40.885+0000][71.259s][info ][safepoint   ] Safepoint "Cleanup", Time since last: 1000891584 ns, Reaching safepoint: 5912792 ns, Cleanup: 126917 ns, At safepoint: 18416 ns, Total: 6058125 ns
[2025-06-05T22:58:41.886+0000][72.261s][debug][safepoint   ] Safepoint synchronization initiated using futex wait barrier. (206 threads)
[2025-06-05T22:58:41.886+0000][72.261s][info ][safepoint   ] Safepoint "Cleanup", Time since last: 1001386459 ns, Reaching safepoint: 373542 ns, Cleanup: 143750 ns, At safepoint: 5166 ns, Total: 522458 ns
[2025-06-05T22:58:42.888+0000][73.263s][debug][safepoint   ] Safepoint synchronization initiated using futex wait barrier. (206 threads)
[2025-06-05T22:58:42.890+0000][73.264s][info ][safepoint   ] Safepoint "Cleanup", Time since last: 1001760418 ns, Reaching safepoint: 1028708 ns, Cleanup: 297750 ns, At safepoint: 21042 ns, Total: 1347500 ns
[2025-06-05T22:58:43.895+0000][74.270s][debug][safepoint   ] Safepoint synchronization initiated using futex wait barrier. (206 threads)
[2025-06-05T22:58:43.897+0000][74.271s][info ][safepoint   ] Safepoint "Cleanup", Time since last: 1005693625 ns, Reaching safepoint: 1404792 ns, Cleanup: 28666 ns, At safepoint: 7584 ns, Total: 1441042 ns
[2025-06-05T22:58:46.894+0000][77.282s][debug][safepoint   ] Safepoint synchronization initiated using futex wait barrier. (206 threads)
[2025-06-05T22:58:46.897+0000][77.285s][info ][safepoint   ] Safepoint "Cleanup", Time since last: 3010544126 ns, Reaching safepoint: 2440750 ns, Cleanup: 93417 ns, At safepoint: 12208 ns, Total: 2546375 ns
[2025-06-05T22:58:48.900+0000][79.288s][debug][safepoint   ] Safepoint synchronization initiated using futex wait barrier. (202 threads)
[2025-06-05T22:58:48.901+0000][79.289s][info ][safepoint   ] Safepoint "Cleanup", Time since last: 2003230292 ns, Reaching safepoint: 746250 ns, Cleanup: 264709 ns, At safepoint: 13375 ns, Total: 1024334 ns
[2025-06-05T22:58:49.902+0000][80.290s][debug][safepoint   ] Safepoint synchronization initiated using futex wait barrier. (201 threads)
[2025-06-05T22:58:49.903+0000][80.291s][info ][safepoint   ] Safepoint "Cleanup", Time since last: 1001253125 ns, Reaching safepoint: 958959 ns, Cleanup: 72416 ns, At safepoint: 11334 ns, Total: 1042709 ns
[2025-06-05T22:58:50.905+0000][81.293s][debug][safepoint   ] Safepoint synchronization initiated using futex wait barrier. (201 threads)
[2025-06-05T22:58:50.906+0000][81.294s][info ][safepoint   ] Safepoint "Cleanup", Time since last: 1001813750 ns, Reaching safepoint: 983042 ns, Cleanup: 201166 ns, At safepoint: 19084 ns, Total: 1203292 ns
[2025-06-05T22:58:51.908+0000][82.296s][debug][safepoint   ] Safepoint synchronization initiated using futex wait barrier. (201 threads)
[2025-06-05T22:58:51.909+0000][82.297s][info ][safepoint   ] Safepoint "Cleanup", Time since last: 1001486667 ns, Reaching safepoint: 895583 ns, Cleanup: 79292 ns, At safepoint: 28000 ns, Total: 1002875 ns
[2025-06-05T22:58:52.911+0000][83.299s][debug][safepoint   ] Safepoint synchronization initiated using futex wait barrier. (201 threads)
[2025-06-05T22:58:52.912+0000][83.300s][info ][safepoint   ] Safepoint "Cleanup", Time since last: 1001980459 ns, Reaching safepoint: 1343125 ns, Cleanup: 125208 ns, At safepoint: 15375 ns, Total: 1483708 ns
[2025-06-05T22:58:53.914+0000][84.301s][debug][safepoint   ] Safepoint synchronization initiated using futex wait barrier. (201 threads)
[2025-06-05T22:58:53.915+0000][84.302s][info ][safepoint   ] Safepoint "Cleanup", Time since last: 1001382834 ns, Reaching safepoint: 936500 ns, Cleanup: 70500 ns, At safepoint: 10083 ns, Total: 1017083 ns
[2025-06-05T22:58:55.919+0000][86.306s][debug][safepoint   ] Safepoint synchronization initiated using futex wait barrier. (201 threads)
[2025-06-05T22:58:55.919+0000][86.307s][info ][safepoint   ] Safepoint "Cleanup", Time since last: 2004028043 ns, Reaching safepoint: 174000 ns, Cleanup: 52416 ns, At safepoint: 3375 ns, Total: 229791 ns
[2025-06-05T22:58:56.920+0000][87.308s][debug][safepoint   ] Safepoint synchronization initiated using futex wait barrier. (201 threads)
[2025-06-05T22:58:56.920+0000][87.308s][info ][safepoint   ] Safepoint "Cleanup", Time since last: 1001194751 ns, Reaching safepoint: 172708 ns, Cleanup: 64292 ns, At safepoint: 3208 ns, Total: 240208 ns
[2025-06-05T22:58:57.922+0000][88.309s][debug][safepoint   ] Safepoint synchronization initiated using futex wait barrier. (201 threads)
[2025-06-05T22:58:57.923+0000][88.311s][info ][safepoint   ] Safepoint "Cleanup", Time since last: 1001238459 ns, Reaching safepoint: 1080750 ns, Cleanup: 40458 ns, At safepoint: 11709 ns, Total: 1132917 ns
[2025-06-05T22:59:04.930+0000][95.317s][debug][safepoint   ] Safepoint synchronization initiated using futex wait barrier. (201 threads)
[2025-06-05T22:59:04.931+0000][95.318s][info ][safepoint   ] Safepoint "Cleanup", Time since last: 7006751336 ns, Reaching safepoint: 701209 ns, Cleanup: 208583 ns, At safepoint: 15375 ns, Total: 925167 ns
[2025-06-05T22:59:05.932+0000][96.319s][debug][safepoint   ] Safepoint synchronization initiated using futex wait barrier. (201 threads)
[2025-06-05T22:59:05.932+0000][96.320s][info ][safepoint   ] Safepoint "Cleanup", Time since last: 1001190876 ns, Reaching safepoint: 511500 ns, Cleanup: 70875 ns, At safepoint: 5500 ns, Total: 587875 ns
[2025-06-05T22:59:06.934+0000][97.321s][debug][safepoint   ] Safepoint synchronization initiated using futex wait barrier. (201 threads)
[2025-06-05T22:59:06.934+0000][97.322s][info ][safepoint   ] Safepoint "Cleanup", Time since last: 1001306083 ns, Reaching safepoint: 656375 ns, Cleanup: 70125 ns, At safepoint: 10375 ns, Total: 736875 ns
[2025-06-05T22:59:07.936+0000][98.324s][debug][safepoint   ] Safepoint synchronization initiated using futex wait barrier. (201 threads)
[2025-06-05T22:59:07.938+0000][98.325s][info ][safepoint   ] Safepoint "Cleanup", Time since last: 1001978709 ns, Reaching safepoint: 1354000 ns, Cleanup: 49584 ns, At safepoint: 12875 ns, Total: 1416459 ns
[2025-06-05T22:59:08.939+0000][99.327s][debug][safepoint   ] Safepoint synchronization initiated using futex wait barrier. (201 threads)
[2025-06-05T22:59:08.940+0000][99.327s][info ][safepoint   ] Safepoint "Cleanup", Time since last: 1001232792 ns, Reaching safepoint: 501833 ns, Cleanup: 40208 ns, At safepoint: 8167 ns, Total: 550208 ns
[2025-06-05T22:59:09.941+0000][100.328s][debug][safepoint   ] Safepoint synchronization initiated using futex wait barrier. (201 threads)
[2025-06-05T22:59:09.942+0000][100.330s][info ][safepoint   ] Safepoint "Cleanup", Time since last: 1001246334 ns, Reaching safepoint: 1324500 ns, Cleanup: 82541 ns, At safepoint: 10792 ns, Total: 1417833 ns
[2025-06-05T22:59:10.944+0000][101.332s][debug][safepoint   ] Safepoint synchronization initiated using futex wait barrier. (201 threads)
[2025-06-05T22:59:10.946+0000][101.333s][info ][safepoint   ] Safepoint "Cleanup", Time since last: 1002311167 ns, Reaching safepoint: 1077542 ns, Cleanup: 155875 ns, At safepoint: 17708 ns, Total: 1251125 ns
[2025-06-05T22:59:11.949+0000][102.336s][debug][safepoint   ] Safepoint synchronization initiated using futex wait barrier. (201 threads)
[2025-06-05T22:59:11.950+0000][102.337s][info ][safepoint   ] Safepoint "Cleanup", Time since last: 1002985459 ns, Reaching safepoint: 919875 ns, Cleanup: 83208 ns, At safepoint: 41667 ns, Total: 1044750 ns
[2025-06-05T22:59:18.961+0000][109.354s][debug][safepoint   ] Safepoint synchronization initiated using futex wait barrier. (197 threads)
[2025-06-05T22:59:18.961+0000][109.355s][info ][safepoint   ] Safepoint "Cleanup", Time since last: 7016705419 ns, Reaching safepoint: 327209 ns, Cleanup: 73041 ns, At safepoint: 6500 ns, Total: 406750 ns
[2025-06-05T22:59:20.963+0000][111.356s][debug][safepoint   ] Safepoint synchronization initiated using futex wait barrier. (197 threads)
[2025-06-05T22:59:20.964+0000][111.358s][info ][safepoint   ] Safepoint "Cleanup", Time since last: 2001907793 ns, Reaching safepoint: 1099250 ns, Cleanup: 125333 ns, At safepoint: 16125 ns, Total: 1240708 ns
[2025-06-05T22:59:21.965+0000][112.358s][debug][safepoint   ] Safepoint synchronization initiated using futex wait barrier. (197 threads)
[2025-06-05T22:59:21.965+0000][112.359s][info ][safepoint   ] Safepoint "Cleanup", Time since last: 1000515459 ns, Reaching safepoint: 470459 ns, Cleanup: 92500 ns, At safepoint: 7083 ns, Total: 570042 ns
[2025-06-05T22:59:23.737+0000][114.131s][debug][safepoint   ] Safepoint synchronization initiated using futex wait barrier. (197 threads)
[2025-06-05T22:59:23.738+0000][114.131s][info ][safepoint   ] Safepoint "Cleanup", Time since last: 1772050667 ns, Reaching safepoint: 372459 ns, Cleanup: 150791 ns, At safepoint: 12667 ns, Total: 535917 ns
[2025-06-05T22:59:24.739+0000][115.132s][debug][safepoint   ] Safepoint synchronization initiated using futex wait barrier. (197 threads)
[2025-06-05T22:59:24.741+0000][115.135s][info ][safepoint   ] Safepoint "Cleanup", Time since last: 1001070417 ns, Reaching safepoint: 1998000 ns, Cleanup: 385625 ns, At safepoint: 14959 ns, Total: 2398584 ns
[2025-06-05T22:59:25.743+0000][116.137s][debug][safepoint   ] Safepoint synchronization initiated using futex wait barrier. (197 threads)
[2025-06-05T22:59:25.744+0000][116.138s][info ][safepoint   ] Safepoint "Cleanup", Time since last: 1002101708 ns, Reaching safepoint: 650334 ns, Cleanup: 66000 ns, At safepoint: 9541 ns, Total: 725875 ns
[2025-06-05T22:59:26.745+0000][117.139s][debug][safepoint   ] Safepoint synchronization initiated using futex wait barrier. (197 threads)
[2025-06-05T22:59:26.747+0000][117.140s][info ][safepoint   ] Safepoint "Cleanup", Time since last: 1001181959 ns, Reaching safepoint: 1214417 ns, Cleanup: 121250 ns, At safepoint: 31167 ns, Total: 1366834 ns
[2025-06-05T22:59:32.721+0000][123.114s][debug][safepoint   ] Safepoint synchronization initiated using futex wait barrier. (197 threads)
[2025-06-05T22:59:32.721+0000][123.115s][info ][safepoint   ] Safepoint "Cleanup", Time since last: 5974076127 ns, Reaching safepoint: 152167 ns, Cleanup: 42375 ns, At safepoint: 3167 ns, Total: 197709 ns
[2025-06-05T22:59:33.722+0000][124.115s][debug][safepoint   ] Safepoint synchronization initiated using futex wait barrier. (197 threads)
[2025-06-05T22:59:33.723+0000][124.116s][info ][safepoint   ] Safepoint "Cleanup", Time since last: 1000719709 ns, Reaching safepoint: 1019958 ns, Cleanup: 32708 ns, At safepoint: 16917 ns, Total: 1069583 ns
[2025-06-05T22:59:34.729+0000][125.122s][debug][safepoint   ] Safepoint synchronization initiated using futex wait barrier. (197 threads)
[2025-06-05T22:59:34.739+0000][125.132s][info ][safepoint   ] Safepoint "Cleanup", Time since last: 1006053209 ns, Reaching safepoint: 9575500 ns, Cleanup: 121708 ns, At safepoint: 25958 ns, Total: 9723166 ns
[2025-06-05T22:59:35.743+0000][126.137s][debug][safepoint   ] Safepoint synchronization initiated using futex wait barrier. (197 threads)
[2025-06-05T22:59:35.745+0000][126.138s][info ][safepoint   ] Safepoint "Cleanup", Time since last: 1004739167 ns, Reaching safepoint: 1396250 ns, Cleanup: 22042 ns, At safepoint: 7083 ns, Total: 1425375 ns
[2025-06-05T22:59:37.748+0000][128.141s][debug][safepoint   ] Safepoint synchronization initiated using futex wait barrier. (197 threads)
[2025-06-05T22:59:37.749+0000][128.142s][info ][safepoint   ] Safepoint "Cleanup", Time since last: 2003222626 ns, Reaching safepoint: 641667 ns, Cleanup: 176875 ns, At safepoint: 19000 ns, Total: 837542 ns
[2025-06-05T22:59:38.750+0000][129.144s][debug][safepoint   ] Safepoint synchronization initiated using futex wait barrier. (197 threads)
[2025-06-05T22:59:38.751+0000][129.144s][info ][safepoint   ] Safepoint "Cleanup", Time since last: 1001226417 ns, Reaching safepoint: 439459 ns, Cleanup: 76583 ns, At safepoint: 6583 ns, Total: 522625 ns
[2025-06-05T22:59:39.752+0000][130.145s][debug][safepoint   ] Safepoint synchronization initiated using futex wait barrier. (197 threads)
[2025-06-05T22:59:39.752+0000][130.146s][info ][safepoint   ] Safepoint "Cleanup", Time since last: 1001234126 ns, Reaching safepoint: 509250 ns, Cleanup: 38041 ns, At safepoint: 8375 ns, Total: 555666 ns
[2025-06-05T22:59:40.973+0000][131.366s][debug][safepoint   ] Safepoint synchronization initiated using futex wait barrier. (197 threads)
[2025-06-05T22:59:40.973+0000][131.366s][info ][safepoint   ] Safepoint "ICBufferFull", Time since last: 1220204126 ns, Reaching safepoint: 138250 ns, Cleanup: 96958 ns, At safepoint: 5750 ns, Total: 240958 ns
[2025-06-05T22:59:41.976+0000][132.369s][debug][safepoint   ] Safepoint synchronization initiated using futex wait barrier. (199 threads)
[2025-06-05T22:59:41.977+0000][132.371s][info ][safepoint   ] Safepoint "Cleanup", Time since last: 1002779334 ns, Reaching safepoint: 1443833 ns, Cleanup: 335417 ns, At safepoint: 14792 ns, Total: 1794042 ns
[2025-06-05T22:59:45.985+0000][136.378s][debug][safepoint   ] Safepoint synchronization initiated using futex wait barrier. (199 threads)
[2025-06-05T22:59:45.985+0000][136.378s][info ][safepoint   ] Safepoint "Cleanup", Time since last: 4007359418 ns, Reaching safepoint: 154375 ns, Cleanup: 15584 ns, At safepoint: 2750 ns, Total: 172709 ns
[2025-06-05T22:59:46.986+0000][137.381s][debug][safepoint   ] Safepoint synchronization initiated using futex wait barrier. (203 threads)
[2025-06-05T22:59:46.988+0000][137.383s][info ][safepoint   ] Safepoint "Cleanup", Time since last: 1002224708 ns, Reaching safepoint: 1607084 ns, Cleanup: 350791 ns, At safepoint: 49167 ns, Total: 2007042 ns
[2025-06-05T22:59:48.803+0000][139.198s][debug][safepoint   ] Safepoint synchronization initiated using futex wait barrier. (202 threads)
[2025-06-05T22:59:48.803+0000][139.198s][info ][gc,start    ] GC(78) Pause Young (Concurrent Start) (G1 Humongous Allocation)
[2025-06-05T22:59:48.803+0000][139.198s][info ][gc,task     ] GC(78) Using 2 workers of 2 for evacuation
[2025-06-05T22:59:48.828+0000][139.223s][info ][gc,phases   ] GC(78)   Pre Evacuate Collection Set: 0.4ms
[2025-06-05T22:59:48.829+0000][139.224s][info ][gc,phases   ] GC(78)   Merge Heap Roots: 0.1ms
[2025-06-05T22:59:48.829+0000][139.224s][info ][gc,phases   ] GC(78)   Evacuate Collection Set: 23.1ms
[2025-06-05T22:59:48.829+0000][139.224s][info ][gc,phases   ] GC(78)   Post Evacuate Collection Set: 1.3ms
[2025-06-05T22:59:48.829+0000][139.224s][info ][gc,phases   ] GC(78)   Other: 0.3ms
[2025-06-05T22:59:48.829+0000][139.224s][info ][gc,heap     ] GC(78) Eden regions: 261->0(289)
[2025-06-05T22:59:48.829+0000][139.224s][info ][gc,heap     ] GC(78) Survivor regions: 19->19(39)
[2025-06-05T22:59:48.829+0000][139.224s][info ][gc,heap     ] GC(78) Old regions: 160->160
[2025-06-05T22:59:48.829+0000][139.224s][info ][gc,heap     ] GC(78) Archive regions: 2->2
[2025-06-05T22:59:48.829+0000][139.224s][info ][gc,heap     ] GC(78) Humongous regions: 40->0
[2025-06-05T22:59:48.829+0000][139.224s][info ][gc,metaspace] GC(78) Metaspace: 180026K(181440K)->180026K(181440K) NonClass: 158046K(158784K)->158046K(158784K) Class: 21979K(22656K)->21979K(22656K)
[2025-06-05T22:59:48.829+0000][139.224s][info ][gc          ] GC(78) Pause Young (Concurrent Start) (G1 Humongous Allocation) 479M->178M(544M) 25.829ms
[2025-06-05T22:59:48.829+0000][139.224s][info ][gc,cpu      ] GC(78) User=0.05s Sys=0.00s Real=0.03s
[2025-06-05T22:59:48.829+0000][139.224s][info ][gc          ] GC(79) Concurrent Undo Cycle
[2025-06-05T22:59:48.829+0000][139.224s][info ][gc,marking  ] GC(79) Concurrent Cleanup for Next Mark
[2025-06-05T22:59:48.829+0000][139.224s][info ][safepoint   ] Safepoint "G1TryInitiateConcMark", Time since last: 1814946084 ns, Reaching safepoint: 328542 ns, Cleanup: 112125 ns, At safepoint: 26230000 ns, Total: 26670667 ns
[2025-06-05T22:59:48.830+0000][139.225s][info ][gc,marking  ] GC(79) Concurrent Cleanup for Next Mark 0.444ms
[2025-06-05T22:59:48.830+0000][139.225s][info ][gc          ] GC(79) Concurrent Undo Cycle 0.846ms
[2025-06-05T22:59:49.830+0000][140.225s][debug][safepoint   ] Safepoint synchronization initiated using futex wait barrier. (201 threads)
[2025-06-05T22:59:49.832+0000][140.227s][info ][safepoint   ] Safepoint "Cleanup", Time since last: 1001135834 ns, Reaching safepoint: 1085166 ns, Cleanup: 373334 ns, At safepoint: 21250 ns, Total: 1479750 ns
[2025-06-05T22:59:50.833+0000][141.228s][debug][safepoint   ] Safepoint synchronization initiated using futex wait barrier. (201 threads)
[2025-06-05T22:59:50.833+0000][141.228s][info ][safepoint   ] Safepoint "Cleanup", Time since last: 1001338583 ns, Reaching safepoint: 185500 ns, Cleanup: 55500 ns, At safepoint: 2375 ns, Total: 243375 ns
[2025-06-05T22:59:51.835+0000][142.229s][debug][safepoint   ] Safepoint synchronization initiated using futex wait barrier. (201 threads)
[2025-06-05T22:59:51.835+0000][142.230s][info ][safepoint   ] Safepoint "Cleanup", Time since last: 1001020584 ns, Reaching safepoint: 572750 ns, Cleanup: 70084 ns, At safepoint: 5041 ns, Total: 647875 ns
[2025-06-05T22:59:52.839+0000][143.234s][debug][safepoint   ] Safepoint synchronization initiated using futex wait barrier. (201 threads)
[2025-06-05T22:59:52.841+0000][143.236s][info ][safepoint   ] Safepoint "Cleanup", Time since last: 1003982542 ns, Reaching safepoint: 1520959 ns, Cleanup: 166458 ns, At safepoint: 21417 ns, Total: 1708834 ns
[2025-06-05T22:59:53.843+0000][144.238s][debug][safepoint   ] Safepoint synchronization initiated using futex wait barrier. (201 threads)
[2025-06-05T22:59:53.844+0000][144.239s][info ][safepoint   ] Safepoint "Cleanup", Time since last: 1002000667 ns, Reaching safepoint: 1087708 ns, Cleanup: 170875 ns, At safepoint: 14292 ns, Total: 1272875 ns
[2025-06-05T22:59:54.845+0000][145.240s][debug][safepoint   ] Safepoint synchronization initiated using futex wait barrier. (201 threads)
[2025-06-05T22:59:54.846+0000][145.241s][info ][safepoint   ] Safepoint "Cleanup", Time since last: 1001317709 ns, Reaching safepoint: 368000 ns, Cleanup: 24625 ns, At safepoint: 113375 ns, Total: 506000 ns
[2025-06-05T22:59:56.850+0000][147.245s][debug][safepoint   ] Safepoint synchronization initiated using futex wait barrier. (201 threads)
[2025-06-05T22:59:56.851+0000][147.246s][info ][safepoint   ] Safepoint "Cleanup", Time since last: 2003625626 ns, Reaching safepoint: 897166 ns, Cleanup: 90334 ns, At safepoint: 20791 ns, Total: 1008291 ns
[2025-06-05T23:00:00.857+0000][151.252s][debug][safepoint   ] Safepoint synchronization initiated using futex wait barrier. (201 threads)
[2025-06-05T23:00:00.859+0000][151.254s][info ][safepoint   ] Safepoint "Cleanup", Time since last: 4006655752 ns, Reaching safepoint: 1068042 ns, Cleanup: 270291 ns, At safepoint: 24667 ns, Total: 1363000 ns
[2025-06-05T23:00:01.860+0000][152.254s][debug][safepoint   ] Safepoint synchronization initiated using futex wait barrier. (201 threads)
[2025-06-05T23:00:01.860+0000][152.255s][info ][safepoint   ] Safepoint "Cleanup", Time since last: 1000924376 ns, Reaching safepoint: 861125 ns, Cleanup: 70458 ns, At safepoint: 17125 ns, Total: 948708 ns
[2025-06-05T23:00:02.862+0000][153.257s][debug][safepoint   ] Safepoint synchronization initiated using futex wait barrier. (201 threads)
[2025-06-05T23:00:02.864+0000][153.259s][info ][safepoint   ] Safepoint "Cleanup", Time since last: 1001962959 ns, Reaching safepoint: 1143916 ns, Cleanup: 225542 ns, At safepoint: 20333 ns, Total: 1389791 ns
[2025-06-05T23:00:03.866+0000][154.261s][debug][safepoint   ] Safepoint synchronization initiated using futex wait barrier. (201 threads)
[2025-06-05T23:00:03.868+0000][154.263s][info ][safepoint   ] Safepoint "Cleanup", Time since last: 1001842876 ns, Reaching safepoint: 2044375 ns, Cleanup: 70958 ns, At safepoint: 12709 ns, Total: 2128042 ns
[2025-06-05T23:00:04.868+0000][155.263s][debug][safepoint   ] Safepoint synchronization initiated using futex wait barrier. (201 threads)
[2025-06-05T23:00:04.869+0000][155.264s][info ][safepoint   ] Safepoint "Cleanup", Time since last: 1000525417 ns, Reaching safepoint: 1058791 ns, Cleanup: 81917 ns, At safepoint: 14667 ns, Total: 1155375 ns
[2025-06-05T23:00:05.872+0000][156.267s][debug][safepoint   ] Safepoint synchronization initiated using futex wait barrier. (201 threads)
[2025-06-05T23:00:05.873+0000][156.268s][info ][safepoint   ] Safepoint "Cleanup", Time since last: 1002964584 ns, Reaching safepoint: 530041 ns, Cleanup: 100167 ns, At safepoint: 7042 ns, Total: 637250 ns
[2025-06-05T23:00:06.875+0000][157.270s][debug][safepoint   ] Safepoint synchronization initiated using futex wait barrier. (201 threads)
[2025-06-05T23:00:06.878+0000][157.273s][info ][safepoint   ] Safepoint "Cleanup", Time since last: 1002179000 ns, Reaching safepoint: 2860042 ns, Cleanup: 102541 ns, At safepoint: 30417 ns, Total: 2993000 ns
[2025-06-05T23:00:07.881+0000][158.276s][debug][safepoint   ] Safepoint synchronization initiated using futex wait barrier. (201 threads)
[2025-06-05T23:00:07.882+0000][158.277s][info ][safepoint   ] Safepoint "Cleanup", Time since last: 1003016626 ns, Reaching safepoint: 1108000 ns, Cleanup: 93666 ns, At safepoint: 25709 ns, Total: 1227375 ns
[2025-06-05T23:00:14.894+0000][165.289s][debug][safepoint   ] Safepoint synchronization initiated using futex wait barrier. (201 threads)
[2025-06-05T23:00:14.896+0000][165.291s][info ][safepoint   ] Safepoint "Cleanup", Time since last: 7011876628 ns, Reaching safepoint: 1051667 ns, Cleanup: 325375 ns, At safepoint: 12166 ns, Total: 1389208 ns
[2025-06-05T23:00:15.898+0000][166.293s][debug][safepoint   ] Safepoint synchronization initiated using futex wait barrier. (201 threads)
[2025-06-05T23:00:15.899+0000][166.294s][info ][safepoint   ] Safepoint "Cleanup", Time since last: 1001801959 ns, Reaching safepoint: 1434083 ns, Cleanup: 59125 ns, At safepoint: 13792 ns, Total: 1507000 ns
[2025-06-05T23:00:16.902+0000][167.296s][debug][safepoint   ] Safepoint synchronization initiated using futex wait barrier. (201 threads)
[2025-06-05T23:00:16.902+0000][167.296s][info ][safepoint   ] Safepoint "Cleanup", Time since last: 1002259833 ns, Reaching safepoint: 154667 ns, Cleanup: 26708 ns, At safepoint: 3084 ns, Total: 184459 ns
[2025-06-05T23:00:18.903+0000][169.298s][debug][safepoint   ] Safepoint synchronization initiated using futex wait barrier. (201 threads)
[2025-06-05T23:00:18.904+0000][169.298s][info ][safepoint   ] Safepoint "Cleanup", Time since last: 2001714626 ns, Reaching safepoint: 174708 ns, Cleanup: 20708 ns, At safepoint: 2167 ns, Total: 197583 ns
[2025-06-05T23:00:19.905+0000][170.300s][debug][safepoint   ] Safepoint synchronization initiated using futex wait barrier. (201 threads)
[2025-06-05T23:00:19.908+0000][170.303s][info ][safepoint   ] Safepoint "Cleanup", Time since last: 1001640459 ns, Reaching safepoint: 2808250 ns, Cleanup: 66167 ns, At safepoint: 23833 ns, Total: 2898250 ns
[2025-06-05T23:00:20.911+0000][171.306s][debug][safepoint   ] Safepoint synchronization initiated using futex wait barrier. (201 threads)
[2025-06-05T23:00:20.913+0000][171.308s][info ][safepoint   ] Safepoint "Cleanup", Time since last: 1002667125 ns, Reaching safepoint: 2029000 ns, Cleanup: 181084 ns, At safepoint: 15750 ns, Total: 2225834 ns
[2025-06-05T23:00:26.925+0000][177.320s][debug][safepoint   ] Safepoint synchronization initiated using futex wait barrier. (201 threads)
[2025-06-05T23:00:26.926+0000][177.320s][info ][safepoint   ] Safepoint "Cleanup", Time since last: 6011619294 ns, Reaching safepoint: 926334 ns, Cleanup: 71958 ns, At safepoint: 24208 ns, Total: 1022500 ns
[2025-06-05T23:00:28.928+0000][179.322s][debug][safepoint   ] Safepoint synchronization initiated using futex wait barrier. (201 threads)
[2025-06-05T23:00:28.930+0000][179.324s][info ][safepoint   ] Safepoint "Cleanup", Time since last: 2002031418 ns, Reaching safepoint: 1417167 ns, Cleanup: 219750 ns, At safepoint: 201250 ns, Total: 1838167 ns
[2025-06-05T23:00:30.753+0000][181.147s][debug][safepoint   ] Safepoint synchronization initiated using futex wait barrier. (201 threads)
[2025-06-05T23:00:30.754+0000][181.149s][info ][safepoint   ] Safepoint "Cleanup", Time since last: 1823103834 ns, Reaching safepoint: 946458 ns, Cleanup: 303292 ns, At safepoint: 13458 ns, Total: 1263208 ns
[2025-06-05T23:00:31.755+0000][182.150s][debug][safepoint   ] Safepoint synchronization initiated using futex wait barrier. (201 threads)
[2025-06-05T23:00:31.756+0000][182.150s][info ][safepoint   ] Safepoint "Cleanup", Time since last: 1001029751 ns, Reaching safepoint: 519000 ns, Cleanup: 93250 ns, At safepoint: 23166 ns, Total: 635416 ns
[2025-06-05T23:00:33.758+0000][184.152s][debug][safepoint   ] Safepoint synchronization initiated using futex wait barrier. (201 threads)
[2025-06-05T23:00:33.759+0000][184.154s][info ][safepoint   ] Safepoint "Cleanup", Time since last: 2002123876 ns, Reaching safepoint: 989834 ns, Cleanup: 86375 ns, At safepoint: 26166 ns, Total: 1102375 ns
[2025-06-05T23:00:34.760+0000][185.155s][debug][safepoint   ] Safepoint synchronization initiated using futex wait barrier. (201 threads)
[2025-06-05T23:00:34.760+0000][185.155s][info ][safepoint   ] Safepoint "Cleanup", Time since last: 1001079751 ns, Reaching safepoint: 208916 ns, Cleanup: 52875 ns, At safepoint: 3667 ns, Total: 265458 ns
[2025-06-05T23:00:35.761+0000][186.155s][debug][safepoint   ] Safepoint synchronization initiated using futex wait barrier. (201 threads)
[2025-06-05T23:00:35.761+0000][186.156s][info ][safepoint   ] Safepoint "Cleanup", Time since last: 1000507792 ns, Reaching safepoint: 428250 ns, Cleanup: 92917 ns, At safepoint: 7083 ns, Total: 528250 ns
[2025-06-05T23:00:36.762+0000][187.156s][debug][safepoint   ] Safepoint synchronization initiated using futex wait barrier. (201 threads)
[2025-06-05T23:00:36.762+0000][187.157s][info ][safepoint   ] Safepoint "Cleanup", Time since last: 1000520376 ns, Reaching safepoint: 454375 ns, Cleanup: 44750 ns, At safepoint: 6416 ns, Total: 505541 ns
[2025-06-05T23:00:39.772+0000][190.167s][debug][safepoint   ] Safepoint synchronization initiated using futex wait barrier. (201 threads)
[2025-06-05T23:00:39.774+0000][190.168s][info ][safepoint   ] Safepoint "Cleanup", Time since last: 3009682002 ns, Reaching safepoint: 1668750 ns, Cleanup: 61416 ns, At safepoint: 19625 ns, Total: 1749791 ns
[2025-06-05T23:00:40.775+0000][191.170s][debug][safepoint   ] Safepoint synchronization initiated using futex wait barrier. (201 threads)
[2025-06-05T23:00:40.776+0000][191.171s][info ][safepoint   ] Safepoint "Cleanup", Time since last: 1001490043 ns, Reaching safepoint: 1245208 ns, Cleanup: 46792 ns, At safepoint: 13333 ns, Total: 1305333 ns
[2025-06-05T23:00:41.778+0000][192.173s][debug][safepoint   ] Safepoint synchronization initiated using futex wait barrier. (197 threads)
[2025-06-05T23:00:41.780+0000][192.174s][info ][safepoint   ] Safepoint "Cleanup", Time since last: 1001787959 ns, Reaching safepoint: 1044208 ns, Cleanup: 75417 ns, At safepoint: 169000 ns, Total: 1288625 ns
[2025-06-05T23:00:42.784+0000][193.179s][debug][safepoint   ] Safepoint synchronization initiated using futex wait barrier. (197 threads)
[2025-06-05T23:00:42.786+0000][193.180s][info ][safepoint   ] Safepoint "Cleanup", Time since last: 1004269584 ns, Reaching safepoint: 1466833 ns, Cleanup: 264375 ns, At safepoint: 13542 ns, Total: 1744750 ns
[2025-06-05T23:00:44.792+0000][195.186s][debug][safepoint   ] Safepoint synchronization initiated using futex wait barrier. (197 threads)
[2025-06-05T23:00:44.793+0000][195.188s][info ][safepoint   ] Safepoint "Cleanup", Time since last: 2006183084 ns, Reaching safepoint: 1263875 ns, Cleanup: 103083 ns, At safepoint: 11333 ns, Total: 1378291 ns
[2025-06-05T23:00:45.794+0000][196.189s][debug][safepoint   ] Safepoint synchronization initiated using futex wait barrier. (197 threads)
[2025-06-05T23:00:45.796+0000][196.191s][info ][safepoint   ] Safepoint "Cleanup", Time since last: 1001331668 ns, Reaching safepoint: 1341583 ns, Cleanup: 107083 ns, At safepoint: 16334 ns, Total: 1465000 ns
[2025-06-05T23:00:46.798+0000][197.193s][debug][safepoint   ] Safepoint synchronization initiated using futex wait barrier. (197 threads)
[2025-06-05T23:00:46.798+0000][197.193s][info ][safepoint   ] Safepoint "Cleanup", Time since last: 1002534083 ns, Reaching safepoint: 232208 ns, Cleanup: 41917 ns, At safepoint: 3250 ns, Total: 277375 ns
[2025-06-05T23:00:47.799+0000][198.194s][debug][safepoint   ] Safepoint synchronization initiated using futex wait barrier. (197 threads)
[2025-06-05T23:00:47.800+0000][198.195s][info ][safepoint   ] Safepoint "Cleanup", Time since last: 1000801459 ns, Reaching safepoint: 479625 ns, Cleanup: 112416 ns, At safepoint: 52042 ns, Total: 644083 ns
[2025-06-05T23:00:48.181+0000][198.576s][debug][safepoint   ] Safepoint synchronization initiated using futex wait barrier. (197 threads)
[2025-06-05T23:00:48.181+0000][198.576s][info ][safepoint   ] Safepoint "ICBufferFull", Time since last: 380789833 ns, Reaching safepoint: 212042 ns, Cleanup: 188958 ns, At safepoint: 3917 ns, Total: 404917 ns
[2025-06-05T23:00:49.329+0000][199.724s][debug][safepoint   ] Safepoint synchronization initiated using futex wait barrier. (195 threads)
[2025-06-05T23:00:49.336+0000][199.731s][info ][safepoint   ] Safepoint "Cleanup", Time since last: 1147806459 ns, Reaching safepoint: 1717125 ns, Cleanup: 5323167 ns, At safepoint: 43791 ns, Total: 7084083 ns
[2025-06-05T23:00:51.228+0000][201.623s][debug][safepoint   ] Safepoint synchronization initiated using futex wait barrier. (195 threads)
[2025-06-05T23:00:51.229+0000][201.623s][info ][safepoint   ] Safepoint "Cleanup", Time since last: 1892229668 ns, Reaching safepoint: 182750 ns, Cleanup: 34208 ns, At safepoint: 34542 ns, Total: 251500 ns
[2025-06-05T23:00:52.229+0000][202.624s][debug][safepoint   ] Safepoint synchronization initiated using futex wait barrier. (195 threads)
[2025-06-05T23:00:52.230+0000][202.625s][info ][safepoint   ] Safepoint "Cleanup", Time since last: 1000896500 ns, Reaching safepoint: 901500 ns, Cleanup: 172292 ns, At safepoint: 11500 ns, Total: 1085292 ns
[2025-06-05T23:00:53.234+0000][203.629s][debug][safepoint   ] Safepoint synchronization initiated using futex wait barrier. (195 threads)
[2025-06-05T23:00:53.236+0000][203.630s][info ][safepoint   ] Safepoint "Cleanup", Time since last: 1003734209 ns, Reaching safepoint: 851250 ns, Cleanup: 429667 ns, At safepoint: 17458 ns, Total: 1298375 ns
[2025-06-05T23:00:54.238+0000][204.633s][debug][safepoint   ] Safepoint synchronization initiated using futex wait barrier. (195 threads)
[2025-06-05T23:00:54.238+0000][204.633s][info ][safepoint   ] Safepoint "Cleanup", Time since last: 1002360584 ns, Reaching safepoint: 510041 ns, Cleanup: 43417 ns, At safepoint: 7917 ns, Total: 561375 ns
[2025-06-05T23:00:56.241+0000][206.636s][debug][safepoint   ] Safepoint synchronization initiated using futex wait barrier. (195 threads)
[2025-06-05T23:00:56.241+0000][206.636s][info ][safepoint   ] Safepoint "Cleanup", Time since last: 2002140584 ns, Reaching safepoint: 257167 ns, Cleanup: 39041 ns, At safepoint: 5834 ns, Total: 302042 ns
[2025-06-05T23:00:57.242+0000][207.637s][debug][safepoint   ] Safepoint synchronization initiated using futex wait barrier. (195 threads)
[2025-06-05T23:00:57.243+0000][207.638s][info ][safepoint   ] Safepoint "Cleanup", Time since last: 1000655250 ns, Reaching safepoint: 1133708 ns, Cleanup: 147292 ns, At safepoint: 18417 ns, Total: 1299417 ns
[2025-06-05T23:00:58.243+0000][208.638s][debug][safepoint   ] Safepoint synchronization initiated using futex wait barrier. (195 threads)
[2025-06-05T23:00:58.244+0000][208.638s][info ][safepoint   ] Safepoint "Cleanup", Time since last: 1000365250 ns, Reaching safepoint: 232917 ns, Cleanup: 57792 ns, At safepoint: 3041 ns, Total: 293750 ns
[2025-06-05T23:01:01.246+0000][211.641s][debug][safepoint   ] Safepoint synchronization initiated using futex wait barrier. (195 threads)
[2025-06-05T23:01:01.248+0000][211.643s][info ][safepoint   ] Safepoint "Cleanup", Time since last: 3002397793 ns, Reaching safepoint: 2305375 ns, Cleanup: 103709 ns, At safepoint: 22666 ns, Total: 2431750 ns
[2025-06-05T23:01:02.250+0000][212.645s][debug][safepoint   ] Safepoint synchronization initiated using futex wait barrier. (195 threads)
[2025-06-05T23:01:02.250+0000][212.645s][info ][safepoint   ] Safepoint "Cleanup", Time since last: 1001610834 ns, Reaching safepoint: 416292 ns, Cleanup: 43125 ns, At safepoint: 6125 ns, Total: 465542 ns
[2025-06-05T23:01:03.255+0000][213.649s][debug][safepoint   ] Safepoint synchronization initiated using futex wait barrier. (195 threads)
[2025-06-05T23:01:03.255+0000][213.650s][info ][safepoint   ] Safepoint "Cleanup", Time since last: 1004121375 ns, Reaching safepoint: 480959 ns, Cleanup: 29083 ns, At safepoint: 6375 ns, Total: 516417 ns
[2025-06-05T23:01:06.210+0000][216.605s][debug][safepoint   ] Safepoint synchronization initiated using futex wait barrier. (195 threads)
[2025-06-05T23:01:06.210+0000][216.605s][info ][gc,start    ] GC(80) Pause Young (Normal) (G1 Evacuation Pause)
[2025-06-05T23:01:06.211+0000][216.605s][info ][gc,task     ] GC(80) Using 2 workers of 2 for evacuation
[2025-06-05T23:01:06.229+0000][216.624s][info ][gc,phases   ] GC(80)   Pre Evacuate Collection Set: 0.1ms
[2025-06-05T23:01:06.229+0000][216.624s][info ][gc,phases   ] GC(80)   Merge Heap Roots: 0.2ms
[2025-06-05T23:01:06.229+0000][216.624s][info ][gc,phases   ] GC(80)   Evacuate Collection Set: 16.9ms
[2025-06-05T23:01:06.229+0000][216.624s][info ][gc,phases   ] GC(80)   Post Evacuate Collection Set: 1.4ms
[2025-06-05T23:01:06.229+0000][216.624s][info ][gc,phases   ] GC(80)   Other: 0.2ms
[2025-06-05T23:01:06.230+0000][216.624s][info ][gc,heap     ] GC(80) Eden regions: 289->0(289)
[2025-06-05T23:01:06.230+0000][216.625s][info ][gc,heap     ] GC(80) Survivor regions: 19->19(39)
[2025-06-05T23:01:06.230+0000][216.625s][info ][gc,heap     ] GC(80) Old regions: 160->160
[2025-06-05T23:01:06.230+0000][216.625s][info ][gc,heap     ] GC(80) Archive regions: 2->2
[2025-06-05T23:01:06.230+0000][216.625s][info ][gc,heap     ] GC(80) Humongous regions: 11->0
[2025-06-05T23:01:06.230+0000][216.625s][info ][gc,metaspace] GC(80) Metaspace: 181219K(182720K)->181219K(182720K) NonClass: 159207K(160000K)->159207K(160000K) Class: 22011K(22720K)->22011K(22720K)
[2025-06-05T23:01:06.230+0000][216.625s][info ][gc          ] GC(80) Pause Young (Normal) (G1 Evacuation Pause) 478M->179M(544M) 19.423ms
[2025-06-05T23:01:06.230+0000][216.625s][info ][gc,cpu      ] GC(80) User=0.04s Sys=0.01s Real=0.02s
[2025-06-05T23:01:06.230+0000][216.625s][info ][safepoint   ] Safepoint "G1CollectForAllocation", Time since last: 2954692585 ns, Reaching safepoint: 595083 ns, Cleanup: 80667 ns, At safepoint: 19729875 ns, Total: 20405625 ns
[2025-06-05T23:01:07.232+0000][217.627s][debug][safepoint   ] Safepoint synchronization initiated using futex wait barrier. (195 threads)
[2025-06-05T23:01:07.232+0000][217.627s][info ][safepoint   ] Safepoint "Cleanup", Time since last: 1001803917 ns, Reaching safepoint: 436625 ns, Cleanup: 49333 ns, At safepoint: 9167 ns, Total: 495125 ns
[2025-06-05T23:01:10.235+0000][220.630s][debug][safepoint   ] Safepoint synchronization initiated using futex wait barrier. (195 threads)
[2025-06-05T23:01:10.236+0000][220.631s][info ][safepoint   ] Safepoint "Cleanup", Time since last: 3002997710 ns, Reaching safepoint: 437666 ns, Cleanup: 42459 ns, At safepoint: 11125 ns, Total: 491250 ns
[2025-06-05T23:01:11.238+0000][221.633s][debug][safepoint   ] Safepoint synchronization initiated using futex wait barrier. (195 threads)
[2025-06-05T23:01:11.240+0000][221.635s][info ][safepoint   ] Safepoint "Cleanup", Time since last: 1002433875 ns, Reaching safepoint: 1824667 ns, Cleanup: 204958 ns, At safepoint: 13958 ns, Total: 2043583 ns
[2025-06-05T23:01:12.243+0000][222.638s][debug][safepoint   ] Safepoint synchronization initiated using futex wait barrier. (195 threads)
[2025-06-05T23:01:12.244+0000][222.639s][info ][safepoint   ] Safepoint "Cleanup", Time since last: 1003074168 ns, Reaching safepoint: 341750 ns, Cleanup: 26833 ns, At safepoint: 3292 ns, Total: 371875 ns
[2025-06-05T23:01:13.245+0000][223.640s][debug][safepoint   ] Safepoint synchronization initiated using futex wait barrier. (195 threads)
[2025-06-05T23:01:13.245+0000][223.640s][info ][safepoint   ] Safepoint "Cleanup", Time since last: 1000918083 ns, Reaching safepoint: 355209 ns, Cleanup: 79500 ns, At safepoint: 7583 ns, Total: 442292 ns
[2025-06-05T23:01:14.246+0000][224.641s][debug][safepoint   ] Safepoint synchronization initiated using futex wait barrier. (195 threads)
[2025-06-05T23:01:14.247+0000][224.642s][info ][safepoint   ] Safepoint "Cleanup", Time since last: 1001084667 ns, Reaching safepoint: 1038584 ns, Cleanup: 91750 ns, At safepoint: 12458 ns, Total: 1142792 ns
[2025-06-05T23:01:15.250+0000][225.645s][debug][safepoint   ] Safepoint synchronization initiated using futex wait barrier. (195 threads)
[2025-06-05T23:01:15.252+0000][225.647s][info ][safepoint   ] Safepoint "Cleanup", Time since last: 1002495417 ns, Reaching safepoint: 1495917 ns, Cleanup: 141583 ns, At safepoint: 15417 ns, Total: 1652917 ns
[2025-06-05T23:01:16.253+0000][226.647s][debug][safepoint   ] Safepoint synchronization initiated using futex wait barrier. (195 threads)
[2025-06-05T23:01:16.253+0000][226.648s][info ][safepoint   ] Safepoint "Cleanup", Time since last: 1000819292 ns, Reaching safepoint: 230375 ns, Cleanup: 80416 ns, At safepoint: 3625 ns, Total: 314416 ns
[2025-06-05T23:01:17.256+0000][227.651s][debug][safepoint   ] Safepoint synchronization initiated using futex wait barrier. (195 threads)
[2025-06-05T23:01:17.257+0000][227.652s][info ][safepoint   ] Safepoint "Cleanup", Time since last: 1003063626 ns, Reaching safepoint: 1257375 ns, Cleanup: 163541 ns, At safepoint: 13292 ns, Total: 1434208 ns
[2025-06-05T23:01:18.259+0000][228.653s][debug][safepoint   ] Safepoint synchronization initiated using futex wait barrier. (195 threads)
[2025-06-05T23:01:18.260+0000][228.654s][info ][safepoint   ] Safepoint "Cleanup", Time since last: 1001200334 ns, Reaching safepoint: 727458 ns, Cleanup: 336125 ns, At safepoint: 13958 ns, Total: 1077541 ns
[2025-06-05T23:01:19.261+0000][229.656s][debug][safepoint   ] Safepoint synchronization initiated using futex wait barrier. (195 threads)
[2025-06-05T23:01:19.262+0000][229.657s][info ][safepoint   ] Safepoint "Cleanup", Time since last: 1000985459 ns, Reaching safepoint: 1223792 ns, Cleanup: 223750 ns, At safepoint: 11833 ns, Total: 1459375 ns
[2025-06-05T23:01:20.263+0000][230.657s][debug][safepoint   ] Safepoint synchronization initiated using futex wait barrier. (195 threads)
[2025-06-05T23:01:20.264+0000][230.659s][info ][safepoint   ] Safepoint "Cleanup", Time since last: 1000555459 ns, Reaching safepoint: 971083 ns, Cleanup: 465959 ns, At safepoint: 16541 ns, Total: 1453583 ns
[2025-06-05T23:01:24.270+0000][234.664s][debug][safepoint   ] Safepoint synchronization initiated using futex wait barrier. (195 threads)
[2025-06-05T23:01:24.270+0000][234.665s][info ][safepoint   ] Safepoint "Cleanup", Time since last: 4005408419 ns, Reaching safepoint: 131708 ns, Cleanup: 41459 ns, At safepoint: 3083 ns, Total: 176250 ns
[2025-06-05T23:01:25.271+0000][235.666s][debug][safepoint   ] Safepoint synchronization initiated using futex wait barrier. (195 threads)
[2025-06-05T23:01:25.272+0000][235.667s][info ][safepoint   ] Safepoint "Cleanup", Time since last: 1001596084 ns, Reaching safepoint: 485375 ns, Cleanup: 45416 ns, At safepoint: 8625 ns, Total: 539416 ns
[2025-06-05T23:01:26.273+0000][236.668s][debug][safepoint   ] Safepoint synchronization initiated using futex wait barrier. (195 threads)
[2025-06-05T23:01:26.274+0000][236.669s][info ][safepoint   ] Safepoint "Cleanup", Time since last: 1000957251 ns, Reaching safepoint: 1165833 ns, Cleanup: 32500 ns, At safepoint: 3167 ns, Total: 1201500 ns
[2025-06-05T23:01:27.275+0000][237.669s][debug][safepoint   ] Safepoint synchronization initiated using futex wait barrier. (195 threads)
[2025-06-05T23:01:27.275+0000][237.670s][info ][safepoint   ] Safepoint "Cleanup", Time since last: 1000590084 ns, Reaching safepoint: 276250 ns, Cleanup: 17375 ns, At safepoint: 2500 ns, Total: 296125 ns
[2025-06-05T23:01:29.277+0000][239.672s][debug][safepoint   ] Safepoint synchronization initiated using futex wait barrier. (195 threads)
[2025-06-05T23:01:29.278+0000][239.673s][info ][safepoint   ] Safepoint "Cleanup", Time since last: 2002534876 ns, Reaching safepoint: 342125 ns, Cleanup: 52541 ns, At safepoint: 34167 ns, Total: 428833 ns
[2025-06-05T23:01:30.999+0000][241.393s][debug][safepoint   ] Safepoint synchronization initiated using futex wait barrier. (195 threads)
[2025-06-05T23:01:31.000+0000][241.395s][info ][safepoint   ] Safepoint "Cleanup", Time since last: 1720728501 ns, Reaching safepoint: 1536417 ns, Cleanup: 167083 ns, At safepoint: 24667 ns, Total: 1728167 ns
[2025-06-05T23:01:36.772+0000][247.167s][debug][safepoint   ] Safepoint synchronization initiated using futex wait barrier. (195 threads)
[2025-06-05T23:01:36.773+0000][247.167s][info ][safepoint   ] Safepoint "Cleanup", Time since last: 5771930752 ns, Reaching safepoint: 204000 ns, Cleanup: 67417 ns, At safepoint: 6708 ns, Total: 278125 ns
[2025-06-05T23:01:37.776+0000][248.171s][debug][safepoint   ] Safepoint synchronization initiated using futex wait barrier. (195 threads)
[2025-06-05T23:01:37.780+0000][248.174s][info ][safepoint   ] Safepoint "Cleanup", Time since last: 1003348626 ns, Reaching safepoint: 3321125 ns, Cleanup: 208375 ns, At safepoint: 225500 ns, Total: 3755000 ns
[2025-06-05T23:01:38.781+0000][249.176s][debug][safepoint   ] Safepoint synchronization initiated using futex wait barrier. (195 threads)
[2025-06-05T23:01:38.783+0000][249.177s][info ][safepoint   ] Safepoint "Cleanup", Time since last: 1001780875 ns, Reaching safepoint: 894959 ns, Cleanup: 233916 ns, At safepoint: 13250 ns, Total: 1142125 ns
[2025-06-05T23:01:40.785+0000][251.180s][debug][safepoint   ] Safepoint synchronization initiated using futex wait barrier. (195 threads)
[2025-06-05T23:01:40.785+0000][251.180s][info ][safepoint   ] Safepoint "Cleanup", Time since last: 2002162793 ns, Reaching safepoint: 398417 ns, Cleanup: 25708 ns, At safepoint: 7417 ns, Total: 431542 ns
[2025-06-05T23:01:42.787+0000][253.181s][debug][safepoint   ] Safepoint synchronization initiated using futex wait barrier. (193 threads)
[2025-06-05T23:01:42.787+0000][253.182s][info ][safepoint   ] Safepoint "Cleanup", Time since last: 2001369792 ns, Reaching safepoint: 790334 ns, Cleanup: 46708 ns, At safepoint: 5375 ns, Total: 842417 ns
[2025-06-05T23:01:43.789+0000][254.184s][debug][safepoint   ] Safepoint synchronization initiated using futex wait barrier. (193 threads)
[2025-06-05T23:01:43.790+0000][254.184s][info ][safepoint   ] Safepoint "Cleanup", Time since last: 1001400709 ns, Reaching safepoint: 729083 ns, Cleanup: 135417 ns, At safepoint: 10666 ns, Total: 875166 ns
[2025-06-05T23:01:44.792+0000][255.187s][debug][safepoint   ] Safepoint synchronization initiated using futex wait barrier. (193 threads)
[2025-06-05T23:01:44.793+0000][255.187s][info ][safepoint   ] Safepoint "Cleanup", Time since last: 1002220376 ns, Reaching safepoint: 548875 ns, Cleanup: 47333 ns, At safepoint: 6875 ns, Total: 603083 ns
[2025-06-05T23:01:46.795+0000][257.191s][debug][safepoint   ] Safepoint synchronization initiated using futex wait barrier. (193 threads)
[2025-06-05T23:01:46.796+0000][257.192s][info ][safepoint   ] Safepoint "Cleanup", Time since last: 2003750708 ns, Reaching safepoint: 977084 ns, Cleanup: 75083 ns, At safepoint: 12917 ns, Total: 1065084 ns
[2025-06-05T23:01:48.800+0000][259.196s][debug][safepoint   ] Safepoint synchronization initiated using futex wait barrier. (193 threads)
[2025-06-05T23:01:48.801+0000][259.197s][info ][safepoint   ] Safepoint "Cleanup", Time since last: 2003502834 ns, Reaching safepoint: 1047375 ns, Cleanup: 100125 ns, At safepoint: 14833 ns, Total: 1162333 ns
[2025-06-05T23:01:51.807+0000][262.203s][debug][safepoint   ] Safepoint synchronization initiated using futex wait barrier. (192 threads)
[2025-06-05T23:01:51.808+0000][262.204s][info ][safepoint   ] Safepoint "Cleanup", Time since last: 3006610043 ns, Reaching safepoint: 964875 ns, Cleanup: 63959 ns, At safepoint: 12791 ns, Total: 1041625 ns
[2025-06-05T23:01:52.811+0000][263.207s][debug][safepoint   ] Safepoint synchronization initiated using futex wait barrier. (192 threads)
[2025-06-05T23:01:52.812+0000][263.208s][info ][safepoint   ] Safepoint "Cleanup", Time since last: 1002401793 ns, Reaching safepoint: 1156666 ns, Cleanup: 417500 ns, At safepoint: 17209 ns, Total: 1591375 ns
[2025-06-05T23:01:53.814+0000][264.210s][debug][safepoint   ] Safepoint synchronization initiated using futex wait barrier. (192 threads)
[2025-06-05T23:01:53.815+0000][264.211s][info ][safepoint   ] Safepoint "Cleanup", Time since last: 1001242958 ns, Reaching safepoint: 1012709 ns, Cleanup: 70166 ns, At safepoint: 10334 ns, Total: 1093209 ns
[2025-06-05T23:01:54.817+0000][265.213s][debug][safepoint   ] Safepoint synchronization initiated using futex wait barrier. (192 threads)
[2025-06-05T23:01:54.818+0000][265.214s][info ][safepoint   ] Safepoint "Cleanup", Time since last: 1001911667 ns, Reaching safepoint: 1073417 ns, Cleanup: 73375 ns, At safepoint: 13541 ns, Total: 1160333 ns
[2025-06-05T23:01:56.255+0000][266.651s][debug][safepoint   ] Safepoint synchronization initiated using futex wait barrier. (192 threads)
[2025-06-05T23:01:56.256+0000][266.652s][info ][safepoint   ] Safepoint "Cleanup", Time since last: 1436998376 ns, Reaching safepoint: 881125 ns, Cleanup: 207417 ns, At safepoint: 12708 ns, Total: 1101250 ns
[2025-06-05T23:01:57.256+0000][267.652s][debug][safepoint   ] Safepoint synchronization initiated using futex wait barrier. (192 threads)
[2025-06-05T23:01:57.257+0000][267.653s][info ][safepoint   ] Safepoint "Cleanup", Time since last: 1000411042 ns, Reaching safepoint: 369875 ns, Cleanup: 24667 ns, At safepoint: 7291 ns, Total: 401833 ns
[2025-06-05T23:01:58.257+0000][268.653s][debug][safepoint   ] Safepoint synchronization initiated using futex wait barrier. (192 threads)
[2025-06-05T23:01:58.259+0000][268.655s][info ][safepoint   ] Safepoint "Cleanup", Time since last: 1000700293 ns, Reaching safepoint: 1156791 ns, Cleanup: 114417 ns, At safepoint: 13375 ns, Total: 1284583 ns
[2025-06-05T23:02:01.261+0000][271.657s][debug][safepoint   ] Safepoint synchronization initiated using futex wait barrier. (194 threads)
[2025-06-05T23:02:01.262+0000][271.658s][info ][safepoint   ] Safepoint "Cleanup", Time since last: 3002590335 ns, Reaching safepoint: 447833 ns, Cleanup: 193958 ns, At safepoint: 13959 ns, Total: 655750 ns
[2025-06-05T23:02:04.268+0000][274.664s][debug][safepoint   ] Safepoint synchronization initiated using futex wait barrier. (194 threads)
[2025-06-05T23:02:04.269+0000][274.665s][info ][safepoint   ] Safepoint "Cleanup", Time since last: 3006257876 ns, Reaching safepoint: 1033333 ns, Cleanup: 70584 ns, At safepoint: 10208 ns, Total: 1114125 ns
[2025-06-05T23:02:05.272+0000][275.668s][debug][safepoint   ] Safepoint synchronization initiated using futex wait barrier. (194 threads)
[2025-06-05T23:02:05.274+0000][275.670s][info ][safepoint   ] Safepoint "Cleanup", Time since last: 1002902167 ns, Reaching safepoint: 2144917 ns, Cleanup: 53333 ns, At safepoint: 8917 ns, Total: 2207167 ns
[2025-06-05T23:02:05.751+0000][276.147s][debug][safepoint   ] Safepoint synchronization initiated using futex wait barrier. (194 threads)
[2025-06-05T23:02:05.751+0000][276.147s][info ][safepoint   ] Safepoint "ICBufferFull", Time since last: 476279417 ns, Reaching safepoint: 201208 ns, Cleanup: 122375 ns, At safepoint: 7667 ns, Total: 331250 ns
[2025-06-05T23:02:05.941+0000][276.337s][debug][safepoint   ] Safepoint synchronization initiated using futex wait barrier. (194 threads)
[2025-06-05T23:02:05.941+0000][276.337s][info ][gc,start    ] GC(81) Pause Young (Normal) (G1 Evacuation Pause)
[2025-06-05T23:02:05.941+0000][276.337s][info ][gc,task     ] GC(81) Using 2 workers of 2 for evacuation
[2025-06-05T23:02:05.968+0000][276.364s][info ][gc,phases   ] GC(81)   Pre Evacuate Collection Set: 0.1ms
[2025-06-05T23:02:05.968+0000][276.364s][info ][gc,phases   ] GC(81)   Merge Heap Roots: 0.2ms
[2025-06-05T23:02:05.968+0000][276.364s][info ][gc,phases   ] GC(81)   Evacuate Collection Set: 24.6ms
[2025-06-05T23:02:05.968+0000][276.364s][info ][gc,phases   ] GC(81)   Post Evacuate Collection Set: 1.4ms
[2025-06-05T23:02:05.968+0000][276.364s][info ][gc,phases   ] GC(81)   Other: 0.3ms
[2025-06-05T23:02:05.968+0000][276.364s][info ][gc,heap     ] GC(81) Eden regions: 289->0(277)
[2025-06-05T23:02:05.968+0000][276.364s][info ][gc,heap     ] GC(81) Survivor regions: 19->25(39)
[2025-06-05T23:02:05.968+0000][276.364s][info ][gc,heap     ] GC(81) Old regions: 160->160
[2025-06-05T23:02:05.968+0000][276.364s][info ][gc,heap     ] GC(81) Archive regions: 2->2
[2025-06-05T23:02:05.968+0000][276.364s][info ][gc,heap     ] GC(81) Humongous regions: 1->0
[2025-06-05T23:02:05.968+0000][276.364s][info ][gc,metaspace] GC(81) Metaspace: 182177K(183680K)->182177K(183680K) NonClass: 160077K(160832K)->160077K(160832K) Class: 22100K(22848K)->22100K(22848K)
[2025-06-05T23:02:05.968+0000][276.364s][info ][gc          ] GC(81) Pause Young (Normal) (G1 Evacuation Pause) 469M->184M(544M) 27.075ms
[2025-06-05T23:02:05.968+0000][276.364s][info ][gc,cpu      ] GC(81) User=0.05s Sys=0.00s Real=0.03s
[2025-06-05T23:02:05.968+0000][276.364s][info ][safepoint   ] Safepoint "G1CollectForAllocation", Time since last: 189821667 ns, Reaching safepoint: 154791 ns, Cleanup: 15875 ns, At safepoint: 27431125 ns, Total: 27601791 ns
[2025-06-05T23:02:06.970+0000][277.366s][debug][safepoint   ] Safepoint synchronization initiated using futex wait barrier. (196 threads)
[2025-06-05T23:02:06.972+0000][277.368s][info ][safepoint   ] Safepoint "Cleanup", Time since last: 1001778042 ns, Reaching safepoint: 1594750 ns, Cleanup: 364167 ns, At safepoint: 15375 ns, Total: 1974292 ns
[2025-06-05T23:02:07.973+0000][278.369s][debug][safepoint   ] Safepoint synchronization initiated using futex wait barrier. (196 threads)
[2025-06-05T23:02:07.974+0000][278.370s][info ][safepoint   ] Safepoint "Cleanup", Time since last: 1001039292 ns, Reaching safepoint: 467125 ns, Cleanup: 236417 ns, At safepoint: 18875 ns, Total: 722417 ns
[2025-06-05T23:02:08.977+0000][279.373s][debug][safepoint   ] Safepoint synchronization initiated using futex wait barrier. (196 threads)
[2025-06-05T23:02:08.978+0000][279.374s][info ][safepoint   ] Safepoint "Cleanup", Time since last: 1003325417 ns, Reaching safepoint: 906208 ns, Cleanup: 83917 ns, At safepoint: 23792 ns, Total: 1013917 ns
[2025-06-05T23:02:09.980+0000][280.376s][debug][safepoint   ] Safepoint synchronization initiated using futex wait barrier. (196 threads)
[2025-06-05T23:02:09.982+0000][280.378s][info ][safepoint   ] Safepoint "Cleanup", Time since last: 1001285375 ns, Reaching safepoint: 2050917 ns, Cleanup: 73833 ns, At safepoint: 53083 ns, Total: 2177833 ns
[2025-06-05T23:02:10.983+0000][281.380s][debug][safepoint   ] Safepoint synchronization initiated using futex wait barrier. (196 threads)
[2025-06-05T23:02:10.984+0000][281.380s][info ][safepoint   ] Safepoint "Cleanup", Time since last: 1001755043 ns, Reaching safepoint: 457666 ns, Cleanup: 44459 ns, At safepoint: 10625 ns, Total: 512750 ns
[2025-06-05T23:02:11.985+0000][282.381s][debug][safepoint   ] Safepoint synchronization initiated using futex wait barrier. (196 threads)
[2025-06-05T23:02:11.985+0000][282.381s][info ][safepoint   ] Safepoint "Cleanup", Time since last: 1000960542 ns, Reaching safepoint: 286541 ns, Cleanup: 27792 ns, At safepoint: 4042 ns, Total: 318375 ns
[2025-06-05T23:02:12.986+0000][283.382s][debug][safepoint   ] Safepoint synchronization initiated using futex wait barrier. (196 threads)
[2025-06-05T23:02:12.987+0000][283.383s][info ][safepoint   ] Safepoint "Cleanup", Time since last: 1001135667 ns, Reaching safepoint: 841417 ns, Cleanup: 96208 ns, At safepoint: 14375 ns, Total: 952000 ns
[2025-06-05T23:02:20.006+0000][290.402s][debug][safepoint   ] Safepoint synchronization initiated using futex wait barrier. (196 threads)
[2025-06-05T23:02:20.007+0000][290.403s][info ][safepoint   ] Safepoint "Cleanup", Time since last: 7018947045 ns, Reaching safepoint: 187125 ns, Cleanup: 21708 ns, At safepoint: 1792 ns, Total: 210625 ns
[2025-06-05T23:02:21.008+0000][291.403s][debug][safepoint   ] Safepoint synchronization initiated using futex wait barrier. (196 threads)
[2025-06-05T23:02:21.008+0000][291.404s][info ][safepoint   ] Safepoint "Cleanup", Time since last: 1000942583 ns, Reaching safepoint: 625334 ns, Cleanup: 69916 ns, At safepoint: 8584 ns, Total: 703834 ns
[2025-06-05T23:02:22.013+0000][292.409s][debug][safepoint   ] Safepoint synchronization initiated using futex wait barrier. (196 threads)
[2025-06-05T23:02:22.014+0000][292.410s][info ][safepoint   ] Safepoint "Cleanup", Time since last: 1005077500 ns, Reaching safepoint: 720042 ns, Cleanup: 70708 ns, At safepoint: 8334 ns, Total: 799084 ns
[2025-06-05T23:02:25.021+0000][295.417s][debug][safepoint   ] Safepoint synchronization initiated using futex wait barrier. (196 threads)
[2025-06-05T23:02:25.022+0000][295.418s][info ][safepoint   ] Safepoint "Cleanup", Time since last: 3007072376 ns, Reaching safepoint: 605833 ns, Cleanup: 48500 ns, At safepoint: 59625 ns, Total: 713958 ns
[2025-06-05T23:02:26.027+0000][296.423s][debug][safepoint   ] Safepoint synchronization initiated using futex wait barrier. (196 threads)
[2025-06-05T23:02:26.027+0000][296.423s][info ][safepoint   ] Safepoint "Cleanup", Time since last: 1004726168 ns, Reaching safepoint: 567541 ns, Cleanup: 109250 ns, At safepoint: 69584 ns, Total: 746375 ns
[2025-06-05T23:02:27.030+0000][297.426s][debug][safepoint   ] Safepoint synchronization initiated using futex wait barrier. (196 threads)
[2025-06-05T23:02:27.030+0000][297.426s][info ][safepoint   ] Safepoint "Cleanup", Time since last: 1002227083 ns, Reaching safepoint: 346625 ns, Cleanup: 33875 ns, At safepoint: 6334 ns, Total: 386834 ns
[2025-06-05T23:02:34.012+0000][304.408s][debug][safepoint   ] Safepoint synchronization initiated using futex wait barrier. (196 threads)
[2025-06-05T23:02:34.012+0000][304.408s][info ][safepoint   ] Safepoint "Cleanup", Time since last: 6981979920 ns, Reaching safepoint: 248125 ns, Cleanup: 53208 ns, At safepoint: 101500 ns, Total: 402833 ns
[2025-06-05T23:02:37.016+0000][307.412s][debug][safepoint   ] Safepoint synchronization initiated using futex wait barrier. (196 threads)
[2025-06-05T23:02:37.016+0000][307.412s][info ][safepoint   ] Safepoint "Cleanup", Time since last: 3003226126 ns, Reaching safepoint: 527417 ns, Cleanup: 165833 ns, At safepoint: 10792 ns, Total: 704042 ns
[2025-06-05T23:02:38.019+0000][308.415s][debug][safepoint   ] Safepoint synchronization initiated using futex wait barrier. (196 threads)
[2025-06-05T23:02:38.020+0000][308.416s][info ][safepoint   ] Safepoint "Cleanup", Time since last: 1002646917 ns, Reaching safepoint: 821167 ns, Cleanup: 85042 ns, At safepoint: 16958 ns, Total: 923167 ns
[2025-06-05T23:02:39.021+0000][309.417s][debug][safepoint   ] Safepoint synchronization initiated using futex wait barrier. (196 threads)
[2025-06-05T23:02:39.021+0000][309.417s][info ][safepoint   ] Safepoint "Cleanup", Time since last: 1000741084 ns, Reaching safepoint: 269625 ns, Cleanup: 28583 ns, At safepoint: 6333 ns, Total: 304541 ns
[2025-06-05T23:02:40.024+0000][310.420s][debug][safepoint   ] Safepoint synchronization initiated using futex wait barrier. (196 threads)
[2025-06-05T23:02:40.025+0000][310.421s][info ][safepoint   ] Safepoint "Cleanup", Time since last: 1003014001 ns, Reaching safepoint: 1131917 ns, Cleanup: 62333 ns, At safepoint: 10208 ns, Total: 1204458 ns
[2025-06-05T23:02:41.026+0000][311.422s][debug][safepoint   ] Safepoint synchronization initiated using futex wait barrier. (196 threads)
[2025-06-05T23:02:41.026+0000][311.422s][info ][safepoint   ] Safepoint "Cleanup", Time since last: 1001066751 ns, Reaching safepoint: 197166 ns, Cleanup: 18584 ns, At safepoint: 8333 ns, Total: 224083 ns
[2025-06-05T23:02:43.030+0000][313.426s][debug][safepoint   ] Safepoint synchronization initiated using futex wait barrier. (195 threads)
[2025-06-05T23:02:43.031+0000][313.427s][info ][safepoint   ] Safepoint "Cleanup", Time since last: 2003822251 ns, Reaching safepoint: 991542 ns, Cleanup: 85750 ns, At safepoint: 15208 ns, Total: 1092500 ns
[2025-06-05T23:02:46.035+0000][316.431s][debug][safepoint   ] Safepoint synchronization initiated using futex wait barrier. (195 threads)
[2025-06-05T23:02:46.035+0000][316.431s][info ][safepoint   ] Safepoint "Cleanup", Time since last: 3003228001 ns, Reaching safepoint: 429167 ns, Cleanup: 33292 ns, At safepoint: 8958 ns, Total: 471417 ns
[2025-06-05T23:02:48.038+0000][318.433s][debug][safepoint   ] Safepoint synchronization initiated using futex wait barrier. (195 threads)
[2025-06-05T23:02:48.038+0000][318.433s][info ][safepoint   ] Safepoint "Cleanup", Time since last: 2002324042 ns, Reaching safepoint: 151125 ns, Cleanup: 22916 ns, At safepoint: 2375 ns, Total: 176416 ns
[2025-06-05T23:02:49.041+0000][319.436s][debug][safepoint   ] Safepoint synchronization initiated using futex wait barrier. (195 threads)
[2025-06-05T23:02:49.041+0000][319.437s][info ][safepoint   ] Safepoint "Cleanup", Time since last: 1002724001 ns, Reaching safepoint: 374208 ns, Cleanup: 52167 ns, At safepoint: 6333 ns, Total: 432708 ns
[2025-06-05T23:02:50.042+0000][320.437s][debug][safepoint   ] Safepoint synchronization initiated using futex wait barrier. (195 threads)
[2025-06-05T23:02:50.043+0000][320.438s][info ][safepoint   ] Safepoint "Cleanup", Time since last: 1000727376 ns, Reaching safepoint: 444458 ns, Cleanup: 30083 ns, At safepoint: 7084 ns, Total: 481625 ns
[2025-06-05T23:02:53.047+0000][323.442s][debug][safepoint   ] Safepoint synchronization initiated using futex wait barrier. (195 threads)
[2025-06-05T23:02:53.048+0000][323.444s][info ][safepoint   ] Safepoint "Cleanup", Time since last: 3003948043 ns, Reaching safepoint: 1707666 ns, Cleanup: 100209 ns, At safepoint: 18208 ns, Total: 1826083 ns
[2025-06-05T23:02:54.049+0000][324.444s][debug][safepoint   ] Safepoint synchronization initiated using futex wait barrier. (195 threads)
[2025-06-05T23:02:54.049+0000][324.445s][info ][safepoint   ] Safepoint "Cleanup", Time since last: 1000777417 ns, Reaching safepoint: 262959 ns, Cleanup: 34708 ns, At safepoint: 4167 ns, Total: 301834 ns
[2025-06-05T23:02:55.057+0000][325.452s][debug][safepoint   ] Safepoint synchronization initiated using futex wait barrier. (195 threads)
[2025-06-05T23:02:55.062+0000][325.457s][info ][safepoint   ] Safepoint "Cleanup", Time since last: 1006377542 ns, Reaching safepoint: 4912500 ns, Cleanup: 76291 ns, At safepoint: 635334 ns, Total: 5624125 ns
[2025-06-05T23:02:56.066+0000][326.461s][debug][safepoint   ] Safepoint synchronization initiated using futex wait barrier. (195 threads)
[2025-06-05T23:02:56.066+0000][326.461s][info ][safepoint   ] Safepoint "Cleanup", Time since last: 1004334459 ns, Reaching safepoint: 390416 ns, Cleanup: 47417 ns, At safepoint: 6583 ns, Total: 444416 ns
[2025-06-05T23:03:02.073+0000][332.468s][debug][safepoint   ] Safepoint synchronization initiated using futex wait barrier. (195 threads)
[2025-06-05T23:03:02.074+0000][332.470s][info ][safepoint   ] Safepoint "Cleanup", Time since last: 6006399045 ns, Reaching safepoint: 1524500 ns, Cleanup: 87041 ns, At safepoint: 9709 ns, Total: 1621250 ns
[2025-06-05T23:03:04.077+0000][334.472s][debug][safepoint   ] Safepoint synchronization initiated using futex wait barrier. (195 threads)
[2025-06-05T23:03:04.077+0000][334.473s][info ][safepoint   ] Safepoint "Cleanup", Time since last: 2002506126 ns, Reaching safepoint: 476250 ns, Cleanup: 69416 ns, At safepoint: 7875 ns, Total: 553541 ns
[2025-06-05T23:03:06.079+0000][336.475s][debug][safepoint   ] Safepoint synchronization initiated using futex wait barrier. (195 threads)
[2025-06-05T23:03:06.080+0000][336.476s][info ][safepoint   ] Safepoint "Cleanup", Time since last: 2001920418 ns, Reaching safepoint: 1044917 ns, Cleanup: 135958 ns, At safepoint: 14667 ns, Total: 1195542 ns
[2025-06-05T23:03:07.082+0000][337.477s][debug][safepoint   ] Safepoint synchronization initiated using futex wait barrier. (195 threads)
[2025-06-05T23:03:07.083+0000][337.478s][info ][safepoint   ] Safepoint "Cleanup", Time since last: 1001537042 ns, Reaching safepoint: 868791 ns, Cleanup: 43500 ns, At safepoint: 6542 ns, Total: 918833 ns
[2025-06-05T23:03:08.084+0000][338.479s][debug][safepoint   ] Safepoint synchronization initiated using futex wait barrier. (194 threads)
[2025-06-05T23:03:08.085+0000][338.480s][info ][safepoint   ] Safepoint "Cleanup", Time since last: 1001178459 ns, Reaching safepoint: 673458 ns, Cleanup: 51834 ns, At safepoint: 8333 ns, Total: 733625 ns
[2025-06-05T23:03:16.091+0000][346.486s][debug][safepoint   ] Safepoint synchronization initiated using futex wait barrier. (194 threads)
[2025-06-05T23:03:16.091+0000][346.487s][info ][safepoint   ] Safepoint "Cleanup", Time since last: 8006089254 ns, Reaching safepoint: 460250 ns, Cleanup: 78625 ns, At safepoint: 6291 ns, Total: 545166 ns
[2025-06-05T23:03:18.093+0000][348.488s][debug][safepoint   ] Safepoint synchronization initiated using futex wait barrier. (194 threads)
[2025-06-05T23:03:18.093+0000][348.489s][info ][safepoint   ] Safepoint "Cleanup", Time since last: 2001603626 ns, Reaching safepoint: 686125 ns, Cleanup: 69625 ns, At safepoint: 35791 ns, Total: 791541 ns
[2025-06-05T23:03:20.096+0000][350.491s][debug][safepoint   ] Safepoint synchronization initiated using futex wait barrier. (194 threads)
[2025-06-05T23:03:20.096+0000][350.492s][info ][safepoint   ] Safepoint "Cleanup", Time since last: 2002163251 ns, Reaching safepoint: 372542 ns, Cleanup: 28708 ns, At safepoint: 6334 ns, Total: 407584 ns
[2025-06-05T23:03:21.099+0000][351.494s][debug][safepoint   ] Safepoint synchronization initiated using futex wait barrier. (194 threads)
[2025-06-05T23:03:21.103+0000][351.498s][info ][safepoint   ] Safepoint "Cleanup", Time since last: 1002773708 ns, Reaching safepoint: 3972125 ns, Cleanup: 45834 ns, At safepoint: 23791 ns, Total: 4041750 ns
[2025-06-05T23:03:25.107+0000][355.503s][debug][safepoint   ] Safepoint synchronization initiated using futex wait barrier. (194 threads)
[2025-06-05T23:03:25.116+0000][355.512s][info ][safepoint   ] Safepoint "Cleanup", Time since last: 4004621002 ns, Reaching safepoint: 4241875 ns, Cleanup: 4235000 ns, At safepoint: 29875 ns, Total: 8506750 ns
[2025-06-05T23:03:30.133+0000][360.529s][debug][safepoint   ] Safepoint synchronization initiated using futex wait barrier. (194 threads)
[2025-06-05T23:03:30.134+0000][360.529s][info ][safepoint   ] Safepoint "Cleanup", Time since last: 5016904836 ns, Reaching safepoint: 672792 ns, Cleanup: 140583 ns, At safepoint: 10875 ns, Total: 824250 ns
[2025-06-05T23:03:31.229+0000][361.625s][debug][safepoint   ] Safepoint synchronization initiated using futex wait barrier. (194 threads)
[2025-06-05T23:03:31.230+0000][361.625s][info ][safepoint   ] Safepoint "Cleanup", Time since last: 1095339959 ns, Reaching safepoint: 557917 ns, Cleanup: 50583 ns, At safepoint: 25875 ns, Total: 634375 ns
[2025-06-05T23:03:32.231+0000][362.626s][debug][safepoint   ] Safepoint synchronization initiated using futex wait barrier. (194 threads)
[2025-06-05T23:03:32.231+0000][362.627s][info ][safepoint   ] Safepoint "Cleanup", Time since last: 1001057292 ns, Reaching safepoint: 438750 ns, Cleanup: 29333 ns, At safepoint: 8875 ns, Total: 476958 ns
[2025-06-05T23:03:34.234+0000][364.629s][debug][safepoint   ] Safepoint synchronization initiated using futex wait barrier. (194 threads)
[2025-06-05T23:03:34.234+0000][364.630s][info ][safepoint   ] Safepoint "Cleanup", Time since last: 2002413710 ns, Reaching safepoint: 587000 ns, Cleanup: 49208 ns, At safepoint: 18292 ns, Total: 654500 ns
[2025-06-05T23:03:35.236+0000][365.632s][debug][safepoint   ] Safepoint synchronization initiated using futex wait barrier. (194 threads)
[2025-06-05T23:03:35.237+0000][365.632s][info ][safepoint   ] Safepoint "Cleanup", Time since last: 1001897334 ns, Reaching safepoint: 489208 ns, Cleanup: 53750 ns, At safepoint: 9250 ns, Total: 552208 ns
[2025-06-05T23:03:36.239+0000][366.634s][debug][safepoint   ] Safepoint synchronization initiated using futex wait barrier. (194 threads)
[2025-06-05T23:03:36.239+0000][366.635s][info ][safepoint   ] Safepoint "Cleanup", Time since last: 1001882292 ns, Reaching safepoint: 683417 ns, Cleanup: 87500 ns, At safepoint: 14041 ns, Total: 784958 ns
[2025-06-05T23:03:38.242+0000][368.638s][debug][safepoint   ] Safepoint synchronization initiated using futex wait barrier. (194 threads)
[2025-06-05T23:03:38.243+0000][368.639s][info ][safepoint   ] Safepoint "Cleanup", Time since last: 2002879043 ns, Reaching safepoint: 574667 ns, Cleanup: 20583 ns, At safepoint: 5500 ns, Total: 600750 ns
[2025-06-05T23:03:44.254+0000][374.650s][debug][safepoint   ] Safepoint synchronization initiated using futex wait barrier. (193 threads)
[2025-06-05T23:03:44.255+0000][374.651s][info ][safepoint   ] Safepoint "Cleanup", Time since last: 6011686378 ns, Reaching safepoint: 438750 ns, Cleanup: 81292 ns, At safepoint: 7250 ns, Total: 527292 ns
[2025-06-05T23:03:45.256+0000][375.652s][debug][safepoint   ] Safepoint synchronization initiated using futex wait barrier. (193 threads)
[2025-06-05T23:03:45.257+0000][375.652s][info ][safepoint   ] Safepoint "Cleanup", Time since last: 1000823667 ns, Reaching safepoint: 790541 ns, Cleanup: 29959 ns, At safepoint: 6916 ns, Total: 827416 ns
[2025-06-05T23:03:46.259+0000][376.655s][debug][safepoint   ] Safepoint synchronization initiated using futex wait barrier. (193 threads)
[2025-06-05T23:03:46.259+0000][376.655s][info ][safepoint   ] Safepoint "Cleanup", Time since last: 1002299209 ns, Reaching safepoint: 376250 ns, Cleanup: 110208 ns, At safepoint: 10250 ns, Total: 496708 ns
[2025-06-05T23:03:47.262+0000][377.658s][debug][safepoint   ] Safepoint synchronization initiated using futex wait barrier. (193 threads)
[2025-06-05T23:03:47.263+0000][377.659s][info ][safepoint   ] Safepoint "Cleanup", Time since last: 1002447126 ns, Reaching safepoint: 1173666 ns, Cleanup: 81709 ns, At safepoint: 15791 ns, Total: 1271166 ns
[2025-06-05T23:03:48.265+0000][378.661s][debug][safepoint   ] Safepoint synchronization initiated using futex wait barrier. (193 threads)
[2025-06-05T23:03:48.266+0000][378.661s][info ][safepoint   ] Safepoint "Cleanup", Time since last: 1001915251 ns, Reaching safepoint: 597958 ns, Cleanup: 36625 ns, At safepoint: 12667 ns, Total: 647250 ns
[2025-06-05T23:03:49.267+0000][379.662s][debug][safepoint   ] Safepoint synchronization initiated using futex wait barrier. (193 threads)
[2025-06-05T23:03:49.267+0000][379.663s][info ][safepoint   ] Safepoint "Cleanup", Time since last: 1001043875 ns, Reaching safepoint: 405792 ns, Cleanup: 33792 ns, At safepoint: 5625 ns, Total: 445209 ns
[2025-06-05T23:03:50.267+0000][380.663s][debug][safepoint   ] Safepoint synchronization initiated using futex wait barrier. (193 threads)
[2025-06-05T23:03:50.268+0000][380.664s][info ][safepoint   ] Safepoint "Cleanup", Time since last: 1000333000 ns, Reaching safepoint: 410750 ns, Cleanup: 57125 ns, At safepoint: 40750 ns, Total: 508625 ns
[2025-06-05T23:03:56.277+0000][386.672s][debug][safepoint   ] Safepoint synchronization initiated using futex wait barrier. (193 threads)
[2025-06-05T23:03:56.278+0000][386.673s][info ][safepoint   ] Safepoint "Cleanup", Time since last: 6008559461 ns, Reaching safepoint: 1037292 ns, Cleanup: 69167 ns, At safepoint: 8791 ns, Total: 1115250 ns
[2025-06-05T23:03:58.282+0000][388.678s][debug][safepoint   ] Safepoint synchronization initiated using futex wait barrier. (193 threads)
[2025-06-05T23:03:58.283+0000][388.679s][info ][safepoint   ] Safepoint "Cleanup", Time since last: 2004386460 ns, Reaching safepoint: 1107750 ns, Cleanup: 227000 ns, At safepoint: 15166 ns, Total: 1349916 ns
[2025-06-05T23:04:01.287+0000][391.683s][debug][safepoint   ] Safepoint synchronization initiated using futex wait barrier. (193 threads)
[2025-06-05T23:04:01.288+0000][391.684s][info ][safepoint   ] Safepoint "Cleanup", Time since last: 3003502293 ns, Reaching safepoint: 1125084 ns, Cleanup: 72250 ns, At safepoint: 16958 ns, Total: 1214292 ns
[2025-06-05T23:04:02.292+0000][392.687s][debug][safepoint   ] Safepoint synchronization initiated using futex wait barrier. (193 threads)
[2025-06-05T23:04:02.292+0000][392.688s][info ][safepoint   ] Safepoint "Cleanup", Time since last: 1003547042 ns, Reaching safepoint: 195833 ns, Cleanup: 13042 ns, At safepoint: 4000 ns, Total: 212875 ns
[2025-06-05T23:04:03.295+0000][393.691s][debug][safepoint   ] Safepoint synchronization initiated using futex wait barrier. (193 threads)
[2025-06-05T23:04:03.296+0000][393.692s][info ][safepoint   ] Safepoint "Cleanup", Time since last: 1002949417 ns, Reaching safepoint: 801834 ns, Cleanup: 222208 ns, At safepoint: 14000 ns, Total: 1038042 ns
[2025-06-05T23:04:04.297+0000][394.693s][debug][safepoint   ] Safepoint synchronization initiated using futex wait barrier. (193 threads)
[2025-06-05T23:04:04.298+0000][394.694s][info ][safepoint   ] Safepoint "Cleanup", Time since last: 1000984417 ns, Reaching safepoint: 826333 ns, Cleanup: 104209 ns, At safepoint: 10541 ns, Total: 941083 ns
[2025-06-05T23:04:06.302+0000][396.697s][debug][safepoint   ] Safepoint synchronization initiated using futex wait barrier. (193 threads)
[2025-06-05T23:04:06.303+0000][396.699s][info ][safepoint   ] Safepoint "Cleanup", Time since last: 2003893210 ns, Reaching safepoint: 1352458 ns, Cleanup: 70458 ns, At safepoint: 9625 ns, Total: 1432541 ns
[2025-06-05T23:04:10.288+0000][400.684s][debug][safepoint   ] Safepoint synchronization initiated using futex wait barrier. (192 threads)
[2025-06-05T23:04:10.290+0000][400.685s][info ][gc,start    ] GC(82) Pause Young (Normal) (G1 Evacuation Pause)
[2025-06-05T23:04:10.290+0000][400.686s][info ][gc,task     ] GC(82) Using 2 workers of 2 for evacuation
[2025-06-05T23:04:10.335+0000][400.730s][info ][gc,phases   ] GC(82)   Pre Evacuate Collection Set: 0.6ms
[2025-06-05T23:04:10.335+0000][400.731s][info ][gc,phases   ] GC(82)   Merge Heap Roots: 0.4ms
[2025-06-05T23:04:10.335+0000][400.731s][info ][gc,phases   ] GC(82)   Evacuate Collection Set: 41.2ms
[2025-06-05T23:04:10.335+0000][400.731s][info ][gc,phases   ] GC(82)   Post Evacuate Collection Set: 1.7ms
[2025-06-05T23:04:10.335+0000][400.731s][info ][gc,phases   ] GC(82)   Other: 1.1ms
[2025-06-05T23:04:10.335+0000][400.731s][info ][gc,heap     ] GC(82) Eden regions: 277->0(284)
[2025-06-05T23:04:10.335+0000][400.731s][info ][gc,heap     ] GC(82) Survivor regions: 25->18(38)
[2025-06-05T23:04:10.335+0000][400.731s][info ][gc,heap     ] GC(82) Old regions: 160->167
[2025-06-05T23:04:10.335+0000][400.731s][info ][gc,heap     ] GC(82) Archive regions: 2->2
[2025-06-05T23:04:10.335+0000][400.731s][info ][gc,heap     ] GC(82) Humongous regions: 0->0
[2025-06-05T23:04:10.335+0000][400.731s][info ][gc,metaspace] GC(82) Metaspace: 182493K(184000K)->182493K(184000K) NonClass: 160378K(161152K)->160378K(161152K) Class: 22115K(22848K)->22115K(22848K)
[2025-06-05T23:04:10.335+0000][400.731s][info ][gc          ] GC(82) Pause Young (Normal) (G1 Evacuation Pause) 461M->185M(544M) 45.766ms
[2025-06-05T23:04:10.336+0000][400.731s][info ][gc,cpu      ] GC(82) User=0.09s Sys=0.00s Real=0.05s
[2025-06-05T23:04:10.336+0000][400.732s][info ][safepoint   ] Safepoint "G1CollectForAllocation", Time since last: 3984936669 ns, Reaching safepoint: 1407042 ns, Cleanup: 23375 ns, At safepoint: 46357875 ns, Total: 47788292 ns
[2025-06-05T23:04:11.337+0000][401.733s][debug][safepoint   ] Safepoint synchronization initiated using futex wait barrier. (192 threads)
[2025-06-05T23:04:11.339+0000][401.734s][info ][safepoint   ] Safepoint "Cleanup", Time since last: 1001114083 ns, Reaching safepoint: 1314709 ns, Cleanup: 242000 ns, At safepoint: 20291 ns, Total: 1577000 ns
[2025-06-05T23:04:12.341+0000][402.737s][debug][safepoint   ] Safepoint synchronization initiated using futex wait barrier. (192 threads)
[2025-06-05T23:04:12.343+0000][402.739s][info ][safepoint   ] Safepoint "Cleanup", Time since last: 1002871334 ns, Reaching safepoint: 1110209 ns, Cleanup: 199416 ns, At safepoint: 16584 ns, Total: 1326209 ns
[2025-06-05T23:04:13.343+0000][403.739s][debug][safepoint   ] Safepoint synchronization initiated using futex wait barrier. (192 threads)
[2025-06-05T23:04:13.344+0000][403.740s][info ][safepoint   ] Safepoint "Cleanup", Time since last: 1000706333 ns, Reaching safepoint: 655125 ns, Cleanup: 35542 ns, At safepoint: 8583 ns, Total: 699250 ns
[2025-06-05T23:04:15.350+0000][405.745s][debug][safepoint   ] Safepoint synchronization initiated using futex wait barrier. (192 threads)
[2025-06-05T23:04:15.350+0000][405.746s][info ][safepoint   ] Safepoint "Cleanup", Time since last: 2005481501 ns, Reaching safepoint: 524000 ns, Cleanup: 65584 ns, At safepoint: 11291 ns, Total: 600875 ns
[2025-06-05T23:04:16.352+0000][406.748s][debug][safepoint   ] Safepoint synchronization initiated using futex wait barrier. (192 threads)
[2025-06-05T23:04:16.354+0000][406.750s][info ][safepoint   ] Safepoint "Cleanup", Time since last: 1002422417 ns, Reaching safepoint: 1465334 ns, Cleanup: 72250 ns, At safepoint: 16208 ns, Total: 1553792 ns
[2025-06-05T23:04:17.316+0000][407.712s][debug][safepoint   ] Safepoint synchronization initiated using futex wait barrier. (192 threads)
[2025-06-05T23:04:17.317+0000][407.713s][info ][safepoint   ] Safepoint "ICBufferFull", Time since last: 962382667 ns, Reaching safepoint: 195667 ns, Cleanup: 136208 ns, At safepoint: 2958 ns, Total: 334833 ns
[2025-06-05T23:04:18.317+0000][408.713s][debug][safepoint   ] Safepoint synchronization initiated using futex wait barrier. (192 threads)
[2025-06-05T23:04:18.318+0000][408.714s][info ][safepoint   ] Safepoint "Cleanup", Time since last: 1000786084 ns, Reaching safepoint: 386125 ns, Cleanup: 101208 ns, At safepoint: 6584 ns, Total: 493917 ns
[2025-06-05T23:04:26.328+0000][416.724s][debug][safepoint   ] Safepoint synchronization initiated using futex wait barrier. (192 threads)
[2025-06-05T23:04:26.329+0000][416.725s][info ][safepoint   ] Safepoint "Cleanup", Time since last: 8010425087 ns, Reaching safepoint: 267875 ns, Cleanup: 27208 ns, At safepoint: 3584 ns, Total: 298667 ns
[2025-06-05T23:04:28.345+0000][418.741s][debug][safepoint   ] Safepoint synchronization initiated using futex wait barrier. (192 threads)
[2025-06-05T23:04:28.346+0000][418.742s][info ][safepoint   ] Safepoint "Cleanup", Time since last: 2016340501 ns, Reaching safepoint: 1199750 ns, Cleanup: 187041 ns, At safepoint: 18792 ns, Total: 1405583 ns
[2025-06-05T23:04:30.158+0000][420.554s][debug][safepoint   ] Safepoint synchronization initiated using futex wait barrier. (192 threads)
[2025-06-05T23:04:30.158+0000][420.554s][info ][safepoint   ] Safepoint "Cleanup", Time since last: 1811219917 ns, Reaching safepoint: 559292 ns, Cleanup: 16292 ns, At safepoint: 26375 ns, Total: 601959 ns
[2025-06-05T23:04:31.230+0000][421.626s][debug][safepoint   ] Safepoint synchronization initiated using futex wait barrier. (192 threads)
[2025-06-05T23:04:31.230+0000][421.627s][info ][safepoint   ] Safepoint "Cleanup", Time since last: 1072073959 ns, Reaching safepoint: 197375 ns, Cleanup: 12125 ns, At safepoint: 3375 ns, Total: 212875 ns
[2025-06-05T23:04:32.233+0000][422.629s][debug][safepoint   ] Safepoint synchronization initiated using futex wait barrier. (192 threads)
[2025-06-05T23:04:32.234+0000][422.630s][info ][safepoint   ] Safepoint "Cleanup", Time since last: 1002613375 ns, Reaching safepoint: 840125 ns, Cleanup: 98625 ns, At safepoint: 57333 ns, Total: 996083 ns
[2025-06-05T23:04:40.250+0000][430.646s][debug][safepoint   ] Safepoint synchronization initiated using futex wait barrier. (192 threads)
[2025-06-05T23:04:40.252+0000][430.648s][info ][safepoint   ] Safepoint "Cleanup", Time since last: 8015856796 ns, Reaching safepoint: 1205083 ns, Cleanup: 442667 ns, At safepoint: 14333 ns, Total: 1662083 ns
[2025-06-05T23:04:41.253+0000][431.649s][debug][safepoint   ] Safepoint synchronization initiated using futex wait barrier. (191 threads)
[2025-06-05T23:04:41.253+0000][431.649s][info ][safepoint   ] Safepoint "Cleanup", Time since last: 1001524834 ns, Reaching safepoint: 226625 ns, Cleanup: 28625 ns, At safepoint: 2250 ns, Total: 257500 ns
[2025-06-05T23:04:46.261+0000][436.658s][debug][safepoint   ] Safepoint synchronization initiated using futex wait barrier. (191 threads)
[2025-06-05T23:04:46.262+0000][436.658s][info ][safepoint   ] Safepoint "Cleanup", Time since last: 5008207835 ns, Reaching safepoint: 652875 ns, Cleanup: 80209 ns, At safepoint: 14791 ns, Total: 747875 ns
[2025-06-05T23:04:54.271+0000][444.667s][debug][safepoint   ] Safepoint synchronization initiated using futex wait barrier. (191 threads)
[2025-06-05T23:04:54.271+0000][444.668s][info ][safepoint   ] Safepoint "Cleanup", Time since last: 8008978296 ns, Reaching safepoint: 766916 ns, Cleanup: 61250 ns, At safepoint: 7542 ns, Total: 835708 ns
[2025-06-05T23:04:55.273+0000][445.670s][debug][safepoint   ] Safepoint synchronization initiated using futex wait barrier. (191 threads)
[2025-06-05T23:04:55.274+0000][445.671s][info ][safepoint   ] Safepoint "Cleanup", Time since last: 1001695917 ns, Reaching safepoint: 777375 ns, Cleanup: 71250 ns, At safepoint: 15833 ns, Total: 864458 ns
[2025-06-05T23:04:56.277+0000][446.674s][debug][safepoint   ] Safepoint synchronization initiated using futex wait barrier. (191 threads)
[2025-06-05T23:04:56.278+0000][446.675s][info ][safepoint   ] Safepoint "Cleanup", Time since last: 1003098001 ns, Reaching safepoint: 1073958 ns, Cleanup: 82792 ns, At safepoint: 15583 ns, Total: 1172333 ns
[2025-06-05T23:04:57.280+0000][447.676s][debug][safepoint   ] Safepoint synchronization initiated using futex wait barrier. (191 threads)
[2025-06-05T23:04:57.281+0000][447.677s][info ][safepoint   ] Safepoint "Cleanup", Time since last: 1001193001 ns, Reaching safepoint: 974708 ns, Cleanup: 84958 ns, At safepoint: 31417 ns, Total: 1091083 ns
[2025-06-05T23:04:58.282+0000][448.679s][debug][safepoint   ] Safepoint synchronization initiated using futex wait barrier. (191 threads)
[2025-06-05T23:04:58.284+0000][448.680s][info ][safepoint   ] Safepoint "Cleanup", Time since last: 1001738001 ns, Reaching safepoint: 1113000 ns, Cleanup: 45500 ns, At safepoint: 23375 ns, Total: 1181875 ns
[2025-06-05T23:04:59.285+0000][449.682s][debug][safepoint   ] Safepoint synchronization initiated using futex wait barrier. (191 threads)
[2025-06-05T23:04:59.287+0000][449.684s][info ][safepoint   ] Safepoint "Cleanup", Time since last: 1001778833 ns, Reaching safepoint: 1950667 ns, Cleanup: 101542 ns, At safepoint: 47000 ns, Total: 2099209 ns
[2025-06-05T23:05:00.289+0000][450.686s][debug][safepoint   ] Safepoint synchronization initiated using futex wait barrier. (191 threads)
[2025-06-05T23:05:00.293+0000][450.690s][info ][safepoint   ] Safepoint "Cleanup", Time since last: 1001497375 ns, Reaching safepoint: 3866667 ns, Cleanup: 148000 ns, At safepoint: 158542 ns, Total: 4173209 ns
[2025-06-05T23:05:07.302+0000][457.698s][debug][safepoint   ] Safepoint synchronization initiated using futex wait barrier. (191 threads)
[2025-06-05T23:05:07.302+0000][457.699s][info ][safepoint   ] Safepoint "Cleanup", Time since last: 7008651545 ns, Reaching safepoint: 412083 ns, Cleanup: 51375 ns, At safepoint: 22542 ns, Total: 486000 ns
[2025-06-05T23:05:08.304+0000][458.701s][debug][safepoint   ] Safepoint synchronization initiated using futex wait barrier. (190 threads)
[2025-06-05T23:05:08.305+0000][458.702s][info ][safepoint   ] Safepoint "Cleanup", Time since last: 1002140000 ns, Reaching safepoint: 869250 ns, Cleanup: 121958 ns, At safepoint: 14959 ns, Total: 1006167 ns
[2025-06-05T23:05:09.307+0000][459.704s][debug][safepoint   ] Safepoint synchronization initiated using futex wait barrier. (190 threads)
[2025-06-05T23:05:09.308+0000][459.705s][info ][safepoint   ] Safepoint "Cleanup", Time since last: 1001388208 ns, Reaching safepoint: 1482542 ns, Cleanup: 105375 ns, At safepoint: 15500 ns, Total: 1603417 ns
[2025-06-05T23:05:10.311+0000][460.708s][debug][safepoint   ] Safepoint synchronization initiated using futex wait barrier. (190 threads)
[2025-06-05T23:05:10.314+0000][460.710s][info ][safepoint   ] Safepoint "Cleanup", Time since last: 1003008501 ns, Reaching safepoint: 2140583 ns, Cleanup: 130042 ns, At safepoint: 12250 ns, Total: 2282875 ns
[2025-06-05T23:05:11.317+0000][461.714s][debug][safepoint   ] Safepoint synchronization initiated using futex wait barrier. (190 threads)
[2025-06-05T23:05:11.318+0000][461.715s][info ][safepoint   ] Safepoint "Cleanup", Time since last: 1003181750 ns, Reaching safepoint: 1083833 ns, Cleanup: 83042 ns, At safepoint: 16292 ns, Total: 1183167 ns
[2025-06-05T23:05:12.320+0000][462.716s][debug][safepoint   ] Safepoint synchronization initiated using futex wait barrier. (190 threads)
[2025-06-05T23:05:12.321+0000][462.718s][info ][safepoint   ] Safepoint "Cleanup", Time since last: 1001542000 ns, Reaching safepoint: 1107417 ns, Cleanup: 105333 ns, At safepoint: 17334 ns, Total: 1230084 ns
[2025-06-05T23:05:14.325+0000][464.722s][debug][safepoint   ] Safepoint synchronization initiated using futex wait barrier. (190 threads)
[2025-06-05T23:05:14.326+0000][464.723s][info ][safepoint   ] Safepoint "Cleanup", Time since last: 2004395584 ns, Reaching safepoint: 576625 ns, Cleanup: 28417 ns, At safepoint: 11458 ns, Total: 616500 ns
[2025-06-05T23:05:16.332+0000][466.728s][debug][safepoint   ] Safepoint synchronization initiated using futex wait barrier. (190 threads)
[2025-06-05T23:05:16.333+0000][466.729s][info ][safepoint   ] Safepoint "Cleanup", Time since last: 2005685042 ns, Reaching safepoint: 1072375 ns, Cleanup: 79083 ns, At safepoint: 15750 ns, Total: 1167208 ns
[2025-06-05T23:05:22.344+0000][472.740s][debug][safepoint   ] Safepoint synchronization initiated using futex wait barrier. (190 threads)
[2025-06-05T23:05:22.345+0000][472.742s][info ][safepoint   ] Safepoint "Cleanup", Time since last: 6010923878 ns, Reaching safepoint: 1008291 ns, Cleanup: 286209 ns, At safepoint: 19791 ns, Total: 1314291 ns
[2025-06-05T23:05:23.347+0000][473.743s][debug][safepoint   ] Safepoint synchronization initiated using futex wait barrier. (190 threads)
[2025-06-05T23:05:23.348+0000][473.745s][info ][safepoint   ] Safepoint "Cleanup", Time since last: 1001637918 ns, Reaching safepoint: 1368333 ns, Cleanup: 98708 ns, At safepoint: 20875 ns, Total: 1487916 ns
[2025-06-05T23:05:26.352+0000][476.748s][debug][safepoint   ] Safepoint synchronization initiated using futex wait barrier. (190 threads)
[2025-06-05T23:05:26.352+0000][476.749s][info ][safepoint   ] Safepoint "Cleanup", Time since last: 3003674918 ns, Reaching safepoint: 224500 ns, Cleanup: 17250 ns, At safepoint: 3584 ns, Total: 245334 ns
[2025-06-05T23:05:27.354+0000][477.751s][debug][safepoint   ] Safepoint synchronization initiated using futex wait barrier. (190 threads)
[2025-06-05T23:05:27.356+0000][477.752s][info ][safepoint   ] Safepoint "Cleanup", Time since last: 1001976917 ns, Reaching safepoint: 1293833 ns, Cleanup: 92208 ns, At safepoint: 17625 ns, Total: 1403666 ns
[2025-06-05T23:05:35.489+0000][485.886s][debug][safepoint   ] Safepoint synchronization initiated using futex wait barrier. (190 threads)
[2025-06-05T23:05:35.490+0000][485.887s][info ][safepoint   ] Safepoint "Cleanup", Time since last: 8133491338 ns, Reaching safepoint: 861875 ns, Cleanup: 90458 ns, At safepoint: 10542 ns, Total: 962875 ns
[2025-06-05T23:05:37.492+0000][487.889s][debug][safepoint   ] Safepoint synchronization initiated using futex wait barrier. (190 threads)
[2025-06-05T23:05:37.493+0000][487.889s][info ][safepoint   ] Safepoint "Cleanup", Time since last: 2002206709 ns, Reaching safepoint: 367250 ns, Cleanup: 29208 ns, At safepoint: 34709 ns, Total: 431167 ns
[2025-06-05T23:05:38.495+0000][488.891s][debug][safepoint   ] Safepoint synchronization initiated using futex wait barrier. (190 threads)
[2025-06-05T23:05:38.496+0000][488.892s][info ][safepoint   ] Safepoint "Cleanup", Time since last: 1002071125 ns, Reaching safepoint: 890000 ns, Cleanup: 128833 ns, At safepoint: 14709 ns, Total: 1033542 ns
[2025-06-05T23:05:42.499+0000][492.896s][debug][safepoint   ] Safepoint synchronization initiated using futex wait barrier. (189 threads)
[2025-06-05T23:05:42.500+0000][492.897s][info ][safepoint   ] Safepoint "Cleanup", Time since last: 4003296960 ns, Reaching safepoint: 1100667 ns, Cleanup: 58250 ns, At safepoint: 20583 ns, Total: 1179500 ns
[2025-06-05T23:05:45.503+0000][495.899s][debug][safepoint   ] Safepoint synchronization initiated using futex wait barrier. (192 threads)
[2025-06-05T23:05:45.504+0000][495.900s][info ][safepoint   ] Safepoint "Cleanup", Time since last: 3002588876 ns, Reaching safepoint: 302084 ns, Cleanup: 161458 ns, At safepoint: 4750 ns, Total: 468292 ns
[2025-06-05T23:05:46.504+0000][496.901s][debug][safepoint   ] Safepoint synchronization initiated using futex wait barrier. (192 threads)
[2025-06-05T23:05:46.505+0000][496.902s][info ][safepoint   ] Safepoint "Cleanup", Time since last: 1000936000 ns, Reaching safepoint: 1064542 ns, Cleanup: 313250 ns, At safepoint: 113000 ns, Total: 1490792 ns
[2025-06-05T23:05:48.509+0000][498.906s][debug][safepoint   ] Safepoint synchronization initiated using futex wait barrier. (192 threads)
[2025-06-05T23:05:48.510+0000][498.907s][info ][safepoint   ] Safepoint "Cleanup", Time since last: 2003535251 ns, Reaching safepoint: 1071875 ns, Cleanup: 86458 ns, At safepoint: 14709 ns, Total: 1173042 ns
[2025-06-05T23:05:49.512+0000][499.909s][debug][safepoint   ] Safepoint synchronization initiated using futex wait barrier. (192 threads)
[2025-06-05T23:05:49.514+0000][499.911s][info ][safepoint   ] Safepoint "Cleanup", Time since last: 1002514250 ns, Reaching safepoint: 1295167 ns, Cleanup: 95083 ns, At safepoint: 16292 ns, Total: 1406542 ns
[2025-06-05T23:05:51.516+0000][501.913s][debug][safepoint   ] Safepoint synchronization initiated using futex wait barrier. (192 threads)
[2025-06-05T23:05:51.516+0000][501.913s][info ][safepoint   ] Safepoint "Cleanup", Time since last: 2002326751 ns, Reaching safepoint: 162041 ns, Cleanup: 78542 ns, At safepoint: 13583 ns, Total: 254166 ns
[2025-06-05T23:05:52.517+0000][502.914s][debug][safepoint   ] Safepoint synchronization initiated using futex wait barrier. (192 threads)
[2025-06-05T23:05:52.518+0000][502.915s][info ][safepoint   ] Safepoint "Cleanup", Time since last: 1000251501 ns, Reaching safepoint: 1075083 ns, Cleanup: 203083 ns, At safepoint: 41417 ns, Total: 1319583 ns
[2025-06-05T23:05:54.521+0000][504.918s][debug][safepoint   ] Safepoint synchronization initiated using futex wait barrier. (192 threads)
[2025-06-05T23:05:54.521+0000][504.918s][info ][safepoint   ] Safepoint "Cleanup", Time since last: 2002856793 ns, Reaching safepoint: 136666 ns, Cleanup: 17209 ns, At safepoint: 2083 ns, Total: 155958 ns
[2025-06-05T23:05:55.523+0000][505.920s][debug][safepoint   ] Safepoint synchronization initiated using futex wait barrier. (192 threads)
[2025-06-05T23:05:55.525+0000][505.922s][info ][safepoint   ] Safepoint "Cleanup", Time since last: 1001872292 ns, Reaching safepoint: 2385459 ns, Cleanup: 62500 ns, At safepoint: 12000 ns, Total: 2459959 ns
[2025-06-05T23:05:56.526+0000][506.923s][debug][safepoint   ] Safepoint synchronization initiated using futex wait barrier. (192 threads)
[2025-06-05T23:05:56.528+0000][506.925s][info ][safepoint   ] Safepoint "Cleanup", Time since last: 1000507583 ns, Reaching safepoint: 1768500 ns, Cleanup: 127834 ns, At safepoint: 14166 ns, Total: 1910500 ns
[2025-06-05T23:05:57.529+0000][507.926s][debug][safepoint   ] Safepoint synchronization initiated using futex wait barrier. (192 threads)
[2025-06-05T23:05:57.530+0000][507.927s][info ][safepoint   ] Safepoint "Cleanup", Time since last: 1001191626 ns, Reaching safepoint: 1082792 ns, Cleanup: 136625 ns, At safepoint: 19625 ns, Total: 1239042 ns
[2025-06-05T23:05:58.532+0000][508.929s][debug][safepoint   ] Safepoint synchronization initiated using futex wait barrier. (192 threads)
[2025-06-05T23:05:58.533+0000][508.930s][info ][safepoint   ] Safepoint "Cleanup", Time since last: 1002145500 ns, Reaching safepoint: 217250 ns, Cleanup: 75167 ns, At safepoint: 2416 ns, Total: 294833 ns
[2025-06-05T23:05:58.685+0000][509.082s][debug][safepoint   ] Safepoint synchronization initiated using futex wait barrier. (193 threads)
[2025-06-05T23:05:58.685+0000][509.082s][info ][gc,start    ] GC(83) Pause Young (Normal) (G1 Evacuation Pause)
[2025-06-05T23:05:58.686+0000][509.083s][info ][gc,task     ] GC(83) Using 2 workers of 2 for evacuation
[2025-06-05T23:05:58.703+0000][509.100s][info ][gc,phases   ] GC(83)   Pre Evacuate Collection Set: 0.2ms
[2025-06-05T23:05:58.704+0000][509.101s][info ][gc,phases   ] GC(83)   Merge Heap Roots: 0.2ms
[2025-06-05T23:05:58.704+0000][509.101s][info ][gc,phases   ] GC(83)   Evacuate Collection Set: 16.0ms
[2025-06-05T23:05:58.704+0000][509.101s][info ][gc,phases   ] GC(83)   Post Evacuate Collection Set: 1.4ms
[2025-06-05T23:05:58.704+0000][509.101s][info ][gc,phases   ] GC(83)   Other: 0.3ms
[2025-06-05T23:05:58.704+0000][509.101s][info ][gc,heap     ] GC(83) Eden regions: 284->0(284)
[2025-06-05T23:05:58.704+0000][509.101s][info ][gc,heap     ] GC(83) Survivor regions: 18->18(38)
[2025-06-05T23:05:58.704+0000][509.101s][info ][gc,heap     ] GC(83) Old regions: 167->167
[2025-06-05T23:05:58.704+0000][509.101s][info ][gc,heap     ] GC(83) Archive regions: 2->2
[2025-06-05T23:05:58.704+0000][509.101s][info ][gc,heap     ] GC(83) Humongous regions: 19->0
[2025-06-05T23:05:58.705+0000][509.102s][info ][gc,metaspace] GC(83) Metaspace: 182784K(184320K)->182784K(184320K) NonClass: 160659K(161472K)->160659K(161472K) Class: 22125K(22848K)->22125K(22848K)
[2025-06-05T23:05:58.705+0000][509.102s][info ][gc          ] GC(83) Pause Young (Normal) (G1 Evacuation Pause) 488M->185M(544M) 19.148ms
[2025-06-05T23:05:58.705+0000][509.102s][info ][gc,cpu      ] GC(83) User=0.04s Sys=0.00s Real=0.02s
[2025-06-05T23:05:58.705+0000][509.102s][info ][safepoint   ] Safepoint "G1CollectForAllocation", Time since last: 152470292 ns, Reaching safepoint: 291333 ns, Cleanup: 46042 ns, At safepoint: 19595750 ns, Total: 19933125 ns
[2025-06-05T23:05:59.708+0000][510.105s][debug][safepoint   ] Safepoint synchronization initiated using futex wait barrier. (192 threads)
[2025-06-05T23:05:59.709+0000][510.106s][info ][safepoint   ] Safepoint "Cleanup", Time since last: 1003384542 ns, Reaching safepoint: 229667 ns, Cleanup: 53917 ns, At safepoint: 2458 ns, Total: 286042 ns
[2025-06-05T23:06:03.712+0000][514.109s][debug][safepoint   ] Safepoint synchronization initiated using futex wait barrier. (192 threads)
[2025-06-05T23:06:03.715+0000][514.112s][info ][safepoint   ] Safepoint "Cleanup", Time since last: 4003491043 ns, Reaching safepoint: 2540667 ns, Cleanup: 188750 ns, At safepoint: 12042 ns, Total: 2741459 ns
[2025-06-05T23:06:04.718+0000][515.115s][debug][safepoint   ] Safepoint synchronization initiated using futex wait barrier. (192 threads)
[2025-06-05T23:06:04.718+0000][515.115s][info ][safepoint   ] Safepoint "Cleanup", Time since last: 1002601334 ns, Reaching safepoint: 716250 ns, Cleanup: 43833 ns, At safepoint: 11250 ns, Total: 771333 ns
[2025-06-05T23:06:08.725+0000][519.122s][debug][safepoint   ] Safepoint synchronization initiated using futex wait barrier. (192 threads)
[2025-06-05T23:06:08.726+0000][519.123s][info ][safepoint   ] Safepoint "Cleanup", Time since last: 4006858835 ns, Reaching safepoint: 984959 ns, Cleanup: 106375 ns, At safepoint: 66833 ns, Total: 1158167 ns
[2025-06-05T23:06:09.728+0000][520.125s][debug][safepoint   ] Safepoint synchronization initiated using futex wait barrier. (192 threads)
[2025-06-05T23:06:09.729+0000][520.126s][info ][safepoint   ] Safepoint "Cleanup", Time since last: 1001617417 ns, Reaching safepoint: 878625 ns, Cleanup: 108583 ns, At safepoint: 13250 ns, Total: 1000458 ns
[2025-06-05T23:06:17.741+0000][528.138s][debug][safepoint   ] Safepoint synchronization initiated using futex wait barrier. (192 threads)
[2025-06-05T23:06:17.741+0000][528.138s][info ][safepoint   ] Safepoint "Cleanup", Time since last: 8012284212 ns, Reaching safepoint: 188833 ns, Cleanup: 25208 ns, At safepoint: 16709 ns, Total: 230750 ns
[2025-06-05T23:06:18.743+0000][529.140s][debug][safepoint   ] Safepoint synchronization initiated using futex wait barrier. (192 threads)
[2025-06-05T23:06:18.746+0000][529.143s][info ][safepoint   ] Safepoint "Cleanup", Time since last: 1001379000 ns, Reaching safepoint: 2239917 ns, Cleanup: 172708 ns, At safepoint: 739042 ns, Total: 3151667 ns
[2025-06-05T23:06:22.753+0000][533.150s][debug][safepoint   ] Safepoint synchronization initiated using futex wait barrier. (192 threads)
[2025-06-05T23:06:22.755+0000][533.152s][info ][safepoint   ] Safepoint "Cleanup", Time since last: 4006626418 ns, Reaching safepoint: 2427625 ns, Cleanup: 129542 ns, At safepoint: 15917 ns, Total: 2573084 ns
[2025-06-05T23:06:23.758+0000][534.155s][debug][safepoint   ] Safepoint synchronization initiated using futex wait barrier. (192 threads)
[2025-06-05T23:06:23.759+0000][534.156s][info ][safepoint   ] Safepoint "Cleanup", Time since last: 1003235875 ns, Reaching safepoint: 412167 ns, Cleanup: 33833 ns, At safepoint: 5167 ns, Total: 451167 ns
[2025-06-05T23:06:31.485+0000][541.882s][debug][safepoint   ] Safepoint synchronization initiated using futex wait barrier. (192 threads)
[2025-06-05T23:06:31.488+0000][541.885s][info ][safepoint   ] Safepoint "Cleanup", Time since last: 7726294337 ns, Reaching safepoint: 2702125 ns, Cleanup: 78791 ns, At safepoint: 7417 ns, Total: 2788333 ns
[2025-06-05T23:06:35.492+0000][545.889s][debug][safepoint   ] Safepoint synchronization initiated using futex wait barrier. (191 threads)
[2025-06-05T23:06:35.493+0000][545.890s][info ][safepoint   ] Safepoint "Cleanup", Time since last: 4004272335 ns, Reaching safepoint: 353417 ns, Cleanup: 33125 ns, At safepoint: 35542 ns, Total: 422084 ns
[2025-06-05T23:06:36.502+0000][546.899s][debug][safepoint   ] Safepoint synchronization initiated using futex wait barrier. (191 threads)
[2025-06-05T23:06:36.503+0000][546.900s][info ][safepoint   ] Safepoint "Cleanup", Time since last: 1009357333 ns, Reaching safepoint: 789750 ns, Cleanup: 248792 ns, At safepoint: 17333 ns, Total: 1055875 ns
[2025-06-05T23:06:37.507+0000][547.904s][debug][safepoint   ] Safepoint synchronization initiated using futex wait barrier. (191 threads)
[2025-06-05T23:06:37.508+0000][547.905s][info ][safepoint   ] Safepoint "Cleanup", Time since last: 1004320084 ns, Reaching safepoint: 930334 ns, Cleanup: 73166 ns, At safepoint: 17917 ns, Total: 1021417 ns
[2025-06-05T23:06:45.523+0000][555.920s][debug][safepoint   ] Safepoint synchronization initiated using futex wait barrier. (191 threads)
[2025-06-05T23:06:45.523+0000][555.920s][info ][safepoint   ] Safepoint "Cleanup", Time since last: 8014497045 ns, Reaching safepoint: 536375 ns, Cleanup: 25959 ns, At safepoint: 6166 ns, Total: 568500 ns
[2025-06-05T23:06:46.524+0000][556.921s][debug][safepoint   ] Safepoint synchronization initiated using futex wait barrier. (191 threads)
[2025-06-05T23:06:46.528+0000][556.926s][info ][safepoint   ] Safepoint "Cleanup", Time since last: 1000871042 ns, Reaching safepoint: 4046208 ns, Cleanup: 37292 ns, At safepoint: 221541 ns, Total: 4305041 ns
[2025-06-05T23:06:47.530+0000][557.927s][debug][safepoint   ] Safepoint synchronization initiated using futex wait barrier. (191 threads)
[2025-06-05T23:06:47.530+0000][557.928s][info ][safepoint   ] Safepoint "Cleanup", Time since last: 1001573751 ns, Reaching safepoint: 497625 ns, Cleanup: 30250 ns, At safepoint: 7375 ns, Total: 535250 ns
[2025-06-05T23:06:48.531+0000][558.928s][debug][safepoint   ] Safepoint synchronization initiated using futex wait barrier. (191 threads)
[2025-06-05T23:06:48.533+0000][558.931s][info ][safepoint   ] Safepoint "Cleanup", Time since last: 1000672792 ns, Reaching safepoint: 2245083 ns, Cleanup: 159417 ns, At safepoint: 21958 ns, Total: 2426458 ns
[2025-06-05T23:06:50.537+0000][560.935s][debug][safepoint   ] Safepoint synchronization initiated using futex wait barrier. (191 threads)
[2025-06-05T23:06:50.539+0000][560.936s][info ][safepoint   ] Safepoint "Cleanup", Time since last: 2003953335 ns, Reaching safepoint: 1557000 ns, Cleanup: 115958 ns, At safepoint: 15792 ns, Total: 1688750 ns
[2025-06-05T23:06:51.541+0000][561.938s][debug][safepoint   ] Safepoint synchronization initiated using futex wait barrier. (191 threads)
[2025-06-05T23:06:51.548+0000][561.945s][info ][safepoint   ] Safepoint "Cleanup", Time since last: 1001463625 ns, Reaching safepoint: 6947667 ns, Cleanup: 45166 ns, At safepoint: 21709 ns, Total: 7014542 ns
[2025-06-05T23:06:58.559+0000][568.956s][debug][safepoint   ] Safepoint synchronization initiated using futex wait barrier. (187 threads)
[2025-06-05T23:06:58.560+0000][568.958s][info ][safepoint   ] Safepoint "Cleanup", Time since last: 7011501045 ns, Reaching safepoint: 1139583 ns, Cleanup: 73375 ns, At safepoint: 15958 ns, Total: 1228916 ns
[2025-06-05T23:06:59.563+0000][569.960s][debug][safepoint   ] Safepoint synchronization initiated using futex wait barrier. (187 threads)
[2025-06-05T23:06:59.564+0000][569.961s][info ][safepoint   ] Safepoint "Cleanup", Time since last: 1002685626 ns, Reaching safepoint: 986708 ns, Cleanup: 56417 ns, At safepoint: 8583 ns, Total: 1051708 ns
[2025-06-05T23:07:01.568+0000][571.965s][debug][safepoint   ] Safepoint synchronization initiated using futex wait barrier. (187 threads)
[2025-06-05T23:07:01.569+0000][571.966s][info ][safepoint   ] Safepoint "Cleanup", Time since last: 2003499584 ns, Reaching safepoint: 1102625 ns, Cleanup: 125125 ns, At safepoint: 15750 ns, Total: 1243500 ns
[2025-06-05T23:07:03.572+0000][573.970s][debug][safepoint   ] Safepoint synchronization initiated using futex wait barrier. (187 threads)
[2025-06-05T23:07:03.574+0000][573.971s][info ][safepoint   ] Safepoint "Cleanup", Time since last: 2003654876 ns, Reaching safepoint: 1046709 ns, Cleanup: 127083 ns, At safepoint: 16375 ns, Total: 1190167 ns
[2025-06-05T23:07:04.575+0000][574.973s][debug][safepoint   ] Safepoint synchronization initiated using futex wait barrier. (187 threads)
[2025-06-05T23:07:04.576+0000][574.973s][info ][safepoint   ] Safepoint "Cleanup", Time since last: 1001772667 ns, Reaching safepoint: 462250 ns, Cleanup: 37125 ns, At safepoint: 6667 ns, Total: 506042 ns
[2025-06-05T23:07:05.577+0000][575.974s][debug][safepoint   ] Safepoint synchronization initiated using futex wait barrier. (187 threads)
[2025-06-05T23:07:05.577+0000][575.975s][info ][safepoint   ] Safepoint "Cleanup", Time since last: 1001180167 ns, Reaching safepoint: 243583 ns, Cleanup: 22000 ns, At safepoint: 4500 ns, Total: 270083 ns
[2025-06-05T23:07:12.587+0000][582.984s][debug][safepoint   ] Safepoint synchronization initiated using futex wait barrier. (187 threads)
[2025-06-05T23:07:12.587+0000][582.984s][info ][safepoint   ] Safepoint "Cleanup", Time since last: 7009224254 ns, Reaching safepoint: 460000 ns, Cleanup: 23708 ns, At safepoint: 6417 ns, Total: 490125 ns
[2025-06-05T23:07:13.588+0000][583.985s][debug][safepoint   ] Safepoint synchronization initiated using futex wait barrier. (187 threads)
[2025-06-05T23:07:13.590+0000][583.988s][info ][safepoint   ] Safepoint "Cleanup", Time since last: 1000863167 ns, Reaching safepoint: 2348500 ns, Cleanup: 127042 ns, At safepoint: 14166 ns, Total: 2489708 ns
[2025-06-05T23:07:15.596+0000][585.993s][debug][safepoint   ] Safepoint synchronization initiated using futex wait barrier. (187 threads)
[2025-06-05T23:07:15.597+0000][585.995s][info ][safepoint   ] Safepoint "Cleanup", Time since last: 2005541168 ns, Reaching safepoint: 1089333 ns, Cleanup: 75000 ns, At safepoint: 16000 ns, Total: 1180333 ns
[2025-06-05T23:07:16.598+0000][586.996s][debug][safepoint   ] Safepoint synchronization initiated using futex wait barrier. (187 threads)
[2025-06-05T23:07:16.600+0000][586.997s][info ][safepoint   ] Safepoint "Cleanup", Time since last: 1000984291 ns, Reaching safepoint: 1387000 ns, Cleanup: 95667 ns, At safepoint: 10375 ns, Total: 1493042 ns
[2025-06-05T23:07:17.603+0000][588.000s][debug][safepoint   ] Safepoint synchronization initiated using futex wait barrier. (187 threads)
[2025-06-05T23:07:17.603+0000][588.000s][info ][safepoint   ] Safepoint "Cleanup", Time since last: 1002905375 ns, Reaching safepoint: 455584 ns, Cleanup: 46000 ns, At safepoint: 7750 ns, Total: 509334 ns
[2025-06-05T23:07:19.608+0000][590.006s][debug][safepoint   ] Safepoint synchronization initiated using futex wait barrier. (187 threads)
[2025-06-05T23:07:19.609+0000][590.006s][info ][safepoint   ] Safepoint "Cleanup", Time since last: 2005199417 ns, Reaching safepoint: 450417 ns, Cleanup: 62583 ns, At safepoint: 7334 ns, Total: 520334 ns
[2025-06-05T23:07:27.626+0000][598.023s][debug][safepoint   ] Safepoint synchronization initiated using futex wait barrier. (187 threads)
[2025-06-05T23:07:27.627+0000][598.024s][info ][safepoint   ] Safepoint "Cleanup", Time since last: 8017276254 ns, Reaching safepoint: 896666 ns, Cleanup: 68167 ns, At safepoint: 18000 ns, Total: 982833 ns
[2025-06-05T23:07:33.490+0000][603.887s][debug][safepoint   ] Safepoint synchronization initiated using futex wait barrier. (187 threads)
[2025-06-05T23:07:33.491+0000][603.888s][info ][safepoint   ] Safepoint "Cleanup", Time since last: 5863024169 ns, Reaching safepoint: 350084 ns, Cleanup: 64375 ns, At safepoint: 6250 ns, Total: 420709 ns
[2025-06-05T23:07:34.495+0000][604.892s][debug][safepoint   ] Safepoint synchronization initiated using futex wait barrier. (187 threads)
[2025-06-05T23:07:34.496+0000][604.893s][info ][safepoint   ] Safepoint "Cleanup", Time since last: 1004192792 ns, Reaching safepoint: 615958 ns, Cleanup: 63834 ns, At safepoint: 12791 ns, Total: 692583 ns
[2025-06-05T23:07:36.522+0000][606.919s][debug][safepoint   ] Safepoint synchronization initiated using futex wait barrier. (186 threads)
[2025-06-05T23:07:36.525+0000][606.923s][info ][safepoint   ] Safepoint "Cleanup", Time since last: 2026110543 ns, Reaching safepoint: 3734166 ns, Cleanup: 33125 ns, At safepoint: 38625 ns, Total: 3805916 ns
[2025-06-05T23:07:41.535+0000][611.932s][debug][safepoint   ] Safepoint synchronization initiated using futex wait barrier. (186 threads)
[2025-06-05T23:07:41.535+0000][611.932s][info ][safepoint   ] Safepoint "Cleanup", Time since last: 5009091711 ns, Reaching safepoint: 435167 ns, Cleanup: 59375 ns, At safepoint: 7667 ns, Total: 502209 ns
[2025-06-05T23:07:42.538+0000][612.936s][debug][safepoint   ] Safepoint synchronization initiated using futex wait barrier. (186 threads)
[2025-06-05T23:07:42.539+0000][612.936s][info ][safepoint   ] Safepoint "Cleanup", Time since last: 1003385625 ns, Reaching safepoint: 295125 ns, Cleanup: 25667 ns, At safepoint: 5875 ns, Total: 326667 ns
[2025-06-05T23:07:43.759+0000][614.157s][debug][safepoint   ] Safepoint synchronization initiated using futex wait barrier. (186 threads)
[2025-06-05T23:07:43.761+0000][614.158s][info ][gc,start    ] GC(84) Pause Young (Normal) (G1 Evacuation Pause)
[2025-06-05T23:07:43.761+0000][614.158s][info ][gc,task     ] GC(84) Using 2 workers of 2 for evacuation
[2025-06-05T23:07:43.798+0000][614.195s][info ][gc,phases   ] GC(84)   Pre Evacuate Collection Set: 0.6ms
[2025-06-05T23:07:43.798+0000][614.195s][info ][gc,phases   ] GC(84)   Merge Heap Roots: 0.4ms
[2025-06-05T23:07:43.798+0000][614.195s][info ][gc,phases   ] GC(84)   Evacuate Collection Set: 33.9ms
[2025-06-05T23:07:43.798+0000][614.195s][info ][gc,phases   ] GC(84)   Post Evacuate Collection Set: 1.7ms
[2025-06-05T23:07:43.798+0000][614.195s][info ][gc,phases   ] GC(84)   Other: 0.6ms
[2025-06-05T23:07:43.798+0000][614.195s][info ][gc,heap     ] GC(84) Eden regions: 284->0(286)
[2025-06-05T23:07:43.798+0000][614.195s][info ][gc,heap     ] GC(84) Survivor regions: 18->17(38)
[2025-06-05T23:07:43.798+0000][614.196s][info ][gc,heap     ] GC(84) Old regions: 167->167
[2025-06-05T23:07:43.798+0000][614.196s][info ][gc,heap     ] GC(84) Archive regions: 2->2
[2025-06-05T23:07:43.798+0000][614.196s][info ][gc,heap     ] GC(84) Humongous regions: 1->0
[2025-06-05T23:07:43.798+0000][614.196s][info ][gc,metaspace] GC(84) Metaspace: 182971K(184512K)->182971K(184512K) NonClass: 160842K(161664K)->160842K(161664K) Class: 22129K(22848K)->22129K(22848K)
[2025-06-05T23:07:43.799+0000][614.196s][info ][gc          ] GC(84) Pause Young (Normal) (G1 Evacuation Pause) 470M->184M(544M) 37.885ms
[2025-06-05T23:07:43.799+0000][614.196s][info ][gc,cpu      ] GC(84) User=0.07s Sys=0.00s Real=0.04s
[2025-06-05T23:07:43.799+0000][614.196s][info ][safepoint   ] Safepoint "G1CollectForAllocation", Time since last: 1220677542 ns, Reaching safepoint: 1040333 ns, Cleanup: 20375 ns, At safepoint: 38368125 ns, Total: 39428833 ns
[2025-06-05T23:07:44.802+0000][615.199s][debug][safepoint   ] Safepoint synchronization initiated using futex wait barrier. (186 threads)
[2025-06-05T23:07:44.803+0000][615.200s][info ][safepoint   ] Safepoint "Cleanup", Time since last: 1002732876 ns, Reaching safepoint: 998375 ns, Cleanup: 91958 ns, At safepoint: 10292 ns, Total: 1100625 ns
[2025-06-05T23:07:47.806+0000][618.204s][debug][safepoint   ] Safepoint synchronization initiated using futex wait barrier. (186 threads)
[2025-06-05T23:07:47.808+0000][618.205s][info ][safepoint   ] Safepoint "Cleanup", Time since last: 3004014959 ns, Reaching safepoint: 1403291 ns, Cleanup: 93750 ns, At safepoint: 14959 ns, Total: 1512000 ns
[2025-06-05T23:07:49.811+0000][620.209s][debug][safepoint   ] Safepoint synchronization initiated using futex wait barrier. (186 threads)
[2025-06-05T23:07:49.812+0000][620.210s][info ][safepoint   ] Safepoint "Cleanup", Time since last: 2003198792 ns, Reaching safepoint: 1088250 ns, Cleanup: 85500 ns, At safepoint: 13084 ns, Total: 1186834 ns
[2025-06-05T23:07:54.818+0000][625.216s][debug][safepoint   ] Safepoint synchronization initiated using futex wait barrier. (185 threads)
[2025-06-05T23:07:54.819+0000][625.216s][info ][safepoint   ] Safepoint "Cleanup", Time since last: 5006255627 ns, Reaching safepoint: 194667 ns, Cleanup: 20208 ns, At safepoint: 4083 ns, Total: 218958 ns
[2025-06-05T23:07:58.826+0000][629.223s][debug][safepoint   ] Safepoint synchronization initiated using futex wait barrier. (185 threads)
[2025-06-05T23:07:58.827+0000][629.224s][info ][safepoint   ] Safepoint "Cleanup", Time since last: 4007151919 ns, Reaching safepoint: 908166 ns, Cleanup: 58750 ns, At safepoint: 11584 ns, Total: 978500 ns
[2025-06-05T23:07:59.828+0000][630.225s][debug][safepoint   ] Safepoint synchronization initiated using futex wait barrier. (185 threads)
[2025-06-05T23:07:59.828+0000][630.226s][info ][safepoint   ] Safepoint "Cleanup", Time since last: 1000760959 ns, Reaching safepoint: 249583 ns, Cleanup: 70500 ns, At safepoint: 6292 ns, Total: 326375 ns
[2025-06-05T23:08:01.831+0000][632.228s][debug][safepoint   ] Safepoint synchronization initiated using futex wait barrier. (185 threads)
[2025-06-05T23:08:01.831+0000][632.229s][info ][safepoint   ] Safepoint "Cleanup", Time since last: 2002705084 ns, Reaching safepoint: 458917 ns, Cleanup: 51916 ns, At safepoint: 6834 ns, Total: 517667 ns
[2025-06-05T23:08:08.841+0000][639.238s][debug][safepoint   ] Safepoint synchronization initiated using futex wait barrier. (185 threads)
[2025-06-05T23:08:08.841+0000][639.238s][info ][safepoint   ] Safepoint "Cleanup", Time since last: 7009450503 ns, Reaching safepoint: 115000 ns, Cleanup: 27625 ns, At safepoint: 2083 ns, Total: 144708 ns
[2025-06-05T23:08:09.842+0000][640.239s][debug][safepoint   ] Safepoint synchronization initiated using futex wait barrier. (185 threads)
[2025-06-05T23:08:09.844+0000][640.241s][info ][safepoint   ] Safepoint "Cleanup", Time since last: 1000954459 ns, Reaching safepoint: 1915583 ns, Cleanup: 21834 ns, At safepoint: 19083 ns, Total: 1956500 ns
[2025-06-05T23:08:10.847+0000][641.244s][debug][safepoint   ] Safepoint synchronization initiated using futex wait barrier. (185 threads)
[2025-06-05T23:08:10.848+0000][641.245s][info ][safepoint   ] Safepoint "Cleanup", Time since last: 1003203209 ns, Reaching safepoint: 886083 ns, Cleanup: 89500 ns, At safepoint: 15417 ns, Total: 991000 ns
[2025-06-05T23:08:11.849+0000][642.247s][debug][safepoint   ] Safepoint synchronization initiated using futex wait barrier. (185 threads)
[2025-06-05T23:08:11.850+0000][642.247s][info ][safepoint   ] Safepoint "Cleanup", Time since last: 1001553709 ns, Reaching safepoint: 186583 ns, Cleanup: 11667 ns, At safepoint: 3125 ns, Total: 201375 ns
[2025-06-05T23:08:14.853+0000][645.251s][debug][safepoint   ] Safepoint synchronization initiated using futex wait barrier. (185 threads)
[2025-06-05T23:08:14.854+0000][645.252s][info ][safepoint   ] Safepoint "Cleanup", Time since last: 3003659668 ns, Reaching safepoint: 943083 ns, Cleanup: 29333 ns, At safepoint: 11250 ns, Total: 983666 ns
[2025-06-05T23:08:15.855+0000][646.253s][debug][safepoint   ] Safepoint synchronization initiated using futex wait barrier. (185 threads)
[2025-06-05T23:08:15.856+0000][646.254s][info ][safepoint   ] Safepoint "Cleanup", Time since last: 1000879793 ns, Reaching safepoint: 785875 ns, Cleanup: 229583 ns, At safepoint: 9417 ns, Total: 1024875 ns
[2025-06-05T23:08:18.864+0000][649.262s][debug][safepoint   ] Safepoint synchronization initiated using futex wait barrier. (185 threads)
[2025-06-05T23:08:18.865+0000][649.263s][info ][safepoint   ] Safepoint "Cleanup", Time since last: 3008196375 ns, Reaching safepoint: 929750 ns, Cleanup: 70000 ns, At safepoint: 15500 ns, Total: 1015250 ns
[2025-06-05T23:08:22.871+0000][653.269s][debug][safepoint   ] Safepoint synchronization initiated using futex wait barrier. (185 threads)
[2025-06-05T23:08:22.872+0000][653.269s][info ][safepoint   ] Safepoint "Cleanup", Time since last: 4006083919 ns, Reaching safepoint: 218875 ns, Cleanup: 14167 ns, At safepoint: 3583 ns, Total: 236625 ns
[2025-06-05T23:08:28.886+0000][659.284s][debug][safepoint   ] Safepoint synchronization initiated using futex wait barrier. (185 threads)
[2025-06-05T23:08:28.887+0000][659.285s][info ][safepoint   ] Safepoint "Cleanup", Time since last: 6014302878 ns, Reaching safepoint: 1035250 ns, Cleanup: 61000 ns, At safepoint: 13125 ns, Total: 1109375 ns
[2025-06-05T23:08:29.890+0000][660.288s][debug][safepoint   ] Safepoint synchronization initiated using futex wait barrier. (185 threads)
[2025-06-05T23:08:29.891+0000][660.288s][info ][safepoint   ] Safepoint "Cleanup", Time since last: 1002876667 ns, Reaching safepoint: 544458 ns, Cleanup: 125459 ns, At safepoint: 11750 ns, Total: 681667 ns
[2025-06-05T23:08:33.513+0000][663.911s][debug][safepoint   ] Safepoint synchronization initiated using futex wait barrier. (185 threads)
[2025-06-05T23:08:33.514+0000][663.912s][info ][safepoint   ] Safepoint "Cleanup", Time since last: 3622413251 ns, Reaching safepoint: 1213750 ns, Cleanup: 85542 ns, At safepoint: 13833 ns, Total: 1313125 ns
[2025-06-05T23:08:37.522+0000][667.920s][debug][safepoint   ] Safepoint synchronization initiated using futex wait barrier. (185 threads)
[2025-06-05T23:08:37.524+0000][667.922s][info ][safepoint   ] Safepoint "Cleanup", Time since last: 4007601044 ns, Reaching safepoint: 2082625 ns, Cleanup: 163208 ns, At safepoint: 19375 ns, Total: 2265208 ns
[2025-06-05T23:08:40.528+0000][670.925s][debug][safepoint   ] Safepoint synchronization initiated using futex wait barrier. (185 threads)
[2025-06-05T23:08:40.529+0000][670.927s][info ][safepoint   ] Safepoint "Cleanup", Time since last: 3003553168 ns, Reaching safepoint: 1106042 ns, Cleanup: 79708 ns, At safepoint: 16000 ns, Total: 1201750 ns
[2025-06-05T23:08:41.531+0000][671.928s][debug][safepoint   ] Safepoint synchronization initiated using futex wait barrier. (185 threads)
[2025-06-05T23:08:41.532+0000][671.929s][info ][safepoint   ] Safepoint "Cleanup", Time since last: 1001837751 ns, Reaching safepoint: 599250 ns, Cleanup: 31375 ns, At safepoint: 6667 ns, Total: 637292 ns
[2025-06-05T23:08:42.533+0000][672.931s][debug][safepoint   ] Safepoint synchronization initiated using futex wait barrier. (185 threads)
[2025-06-05T23:08:42.534+0000][672.932s][info ][safepoint   ] Safepoint "Cleanup", Time since last: 1001619500 ns, Reaching safepoint: 1040375 ns, Cleanup: 68500 ns, At safepoint: 19917 ns, Total: 1128792 ns
[2025-06-05T23:08:43.536+0000][673.934s][debug][safepoint   ] Safepoint synchronization initiated using futex wait barrier. (185 threads)
[2025-06-05T23:08:43.537+0000][673.934s][info ][safepoint   ] Safepoint "Cleanup", Time since last: 1001941875 ns, Reaching safepoint: 509250 ns, Cleanup: 29417 ns, At safepoint: 17208 ns, Total: 555875 ns
[2025-06-05T23:08:48.547+0000][678.945s][debug][safepoint   ] Safepoint synchronization initiated using futex wait barrier. (185 threads)
[2025-06-05T23:08:48.548+0000][678.946s][info ][safepoint   ] Safepoint "Cleanup", Time since last: 5010557419 ns, Reaching safepoint: 551417 ns, Cleanup: 67791 ns, At safepoint: 47417 ns, Total: 666625 ns
[2025-06-05T23:08:50.551+0000][680.949s][debug][safepoint   ] Safepoint synchronization initiated using futex wait barrier. (185 threads)
[2025-06-05T23:08:50.551+0000][680.949s][info ][safepoint   ] Safepoint "Cleanup", Time since last: 2003071834 ns, Reaching safepoint: 166209 ns, Cleanup: 20333 ns, At safepoint: 2792 ns, Total: 189334 ns
[2025-06-05T23:08:51.552+0000][681.950s][debug][safepoint   ] Safepoint synchronization initiated using futex wait barrier. (184 threads)
[2025-06-05T23:08:51.553+0000][681.950s][info ][safepoint   ] Safepoint "Cleanup", Time since last: 1000822667 ns, Reaching safepoint: 430291 ns, Cleanup: 26875 ns, At safepoint: 6542 ns, Total: 463708 ns
[2025-06-05T23:08:52.553+0000][682.951s][debug][safepoint   ] Safepoint synchronization initiated using futex wait barrier. (184 threads)
[2025-06-05T23:08:52.555+0000][682.952s][info ][safepoint   ] Safepoint "Cleanup", Time since last: 1000477459 ns, Reaching safepoint: 1498916 ns, Cleanup: 30417 ns, At safepoint: 6917 ns, Total: 1536250 ns
[2025-06-05T23:08:54.560+0000][684.958s][debug][safepoint   ] Safepoint synchronization initiated using futex wait barrier. (184 threads)
[2025-06-05T23:08:54.561+0000][684.959s][info ][safepoint   ] Safepoint "Cleanup", Time since last: 2005793667 ns, Reaching safepoint: 863959 ns, Cleanup: 54250 ns, At safepoint: 11333 ns, Total: 929542 ns
[2025-06-05T23:08:55.562+0000][685.959s][debug][safepoint   ] Safepoint synchronization initiated using futex wait barrier. (184 threads)
[2025-06-05T23:08:55.563+0000][685.960s][info ][safepoint   ] Safepoint "Cleanup", Time since last: 1000479542 ns, Reaching safepoint: 924292 ns, Cleanup: 73458 ns, At safepoint: 9584 ns, Total: 1007334 ns
[2025-06-05T23:08:56.568+0000][686.965s][debug][safepoint   ] Safepoint synchronization initiated using futex wait barrier. (184 threads)
[2025-06-05T23:08:56.568+0000][686.966s][info ][safepoint   ] Safepoint "Cleanup", Time since last: 1004895833 ns, Reaching safepoint: 452750 ns, Cleanup: 58292 ns, At safepoint: 6375 ns, Total: 517417 ns
[2025-06-05T23:08:57.570+0000][687.967s][debug][safepoint   ] Safepoint synchronization initiated using futex wait barrier. (184 threads)
[2025-06-05T23:08:57.571+0000][687.969s][info ][safepoint   ] Safepoint "Cleanup", Time since last: 1001660251 ns, Reaching safepoint: 1247833 ns, Cleanup: 83542 ns, At safepoint: 12208 ns, Total: 1343583 ns
[2025-06-05T23:09:04.582+0000][694.980s][debug][safepoint   ] Safepoint synchronization initiated using futex wait barrier. (188 threads)
[2025-06-05T23:09:04.583+0000][694.981s][info ][safepoint   ] Safepoint "Cleanup", Time since last: 7010780378 ns, Reaching safepoint: 1151667 ns, Cleanup: 100000 ns, At safepoint: 3417 ns, Total: 1255084 ns
[2025-06-05T23:09:05.585+0000][695.983s][debug][safepoint   ] Safepoint synchronization initiated using futex wait barrier. (188 threads)
[2025-06-05T23:09:05.586+0000][695.984s][info ][safepoint   ] Safepoint "Cleanup", Time since last: 1001791833 ns, Reaching safepoint: 1003209 ns, Cleanup: 117916 ns, At safepoint: 18625 ns, Total: 1139750 ns
[2025-06-05T23:09:07.588+0000][697.985s][debug][safepoint   ] Safepoint synchronization initiated using futex wait barrier. (188 threads)
[2025-06-05T23:09:07.588+0000][697.986s][info ][safepoint   ] Safepoint "Cleanup", Time since last: 2001653960 ns, Reaching safepoint: 487375 ns, Cleanup: 41333 ns, At safepoint: 19125 ns, Total: 547833 ns
[2025-06-05T23:09:18.603+0000][709.002s][debug][safepoint   ] Safepoint synchronization initiated using futex wait barrier. (188 threads)
[2025-06-05T23:09:18.604+0000][709.002s][info ][safepoint   ] Safepoint "Cleanup", Time since last: 11015603380 ns, Reaching safepoint: 303333 ns, Cleanup: 28333 ns, At safepoint: 4584 ns, Total: 336250 ns
[2025-06-05T23:09:22.612+0000][713.011s][debug][safepoint   ] Safepoint synchronization initiated using futex wait barrier. (188 threads)
[2025-06-05T23:09:22.614+0000][713.013s][info ][safepoint   ] Safepoint "Cleanup", Time since last: 4008714002 ns, Reaching safepoint: 1989833 ns, Cleanup: 144875 ns, At safepoint: 17375 ns, Total: 2152083 ns
[2025-06-05T23:09:23.617+0000][714.015s][debug][safepoint   ] Safepoint synchronization initiated using futex wait barrier. (188 threads)
[2025-06-05T23:09:23.618+0000][714.016s][info ][safepoint   ] Safepoint "Cleanup", Time since last: 1002663625 ns, Reaching safepoint: 421750 ns, Cleanup: 36834 ns, At safepoint: 5125 ns, Total: 463709 ns
[2025-06-05T23:09:32.549+0000][722.948s][debug][safepoint   ] Safepoint synchronization initiated using futex wait barrier. (188 threads)
[2025-06-05T23:09:32.550+0000][722.948s][info ][safepoint   ] Safepoint "Cleanup", Time since last: 8931819504 ns, Reaching safepoint: 211208 ns, Cleanup: 19167 ns, At safepoint: 2250 ns, Total: 232625 ns
[2025-06-05T23:09:34.554+0000][724.952s][debug][safepoint   ] Safepoint synchronization initiated using futex wait barrier. (188 threads)
[2025-06-05T23:09:34.555+0000][724.953s][info ][safepoint   ] Safepoint "Cleanup", Time since last: 2004023418 ns, Reaching safepoint: 1400625 ns, Cleanup: 107250 ns, At safepoint: 17916 ns, Total: 1525791 ns
[2025-06-05T23:09:36.561+0000][726.959s][debug][safepoint   ] Safepoint synchronization initiated using futex wait barrier. (188 threads)
[2025-06-05T23:09:36.562+0000][726.960s][info ][safepoint   ] Safepoint "Cleanup", Time since last: 2005796251 ns, Reaching safepoint: 1007625 ns, Cleanup: 214250 ns, At safepoint: 22083 ns, Total: 1243958 ns
[2025-06-05T23:09:37.563+0000][727.962s][debug][safepoint   ] Safepoint synchronization initiated using futex wait barrier. (188 threads)
[2025-06-05T23:09:37.564+0000][727.963s][info ][safepoint   ] Safepoint "Cleanup", Time since last: 1001325334 ns, Reaching safepoint: 855042 ns, Cleanup: 77417 ns, At safepoint: 17791 ns, Total: 950250 ns
[2025-06-05T23:09:38.565+0000][728.963s][debug][safepoint   ] Safepoint synchronization initiated using futex wait barrier. (188 threads)
[2025-06-05T23:09:38.567+0000][728.965s][info ][safepoint   ] Safepoint "Cleanup", Time since last: 1000441876 ns, Reaching safepoint: 2113416 ns, Cleanup: 45875 ns, At safepoint: 44375 ns, Total: 2203666 ns
[2025-06-05T23:09:46.418+0000][736.816s][debug][safepoint   ] Safepoint synchronization initiated using futex wait barrier. (188 threads)
[2025-06-05T23:09:46.418+0000][736.816s][info ][gc,start    ] GC(85) Pause Young (Normal) (G1 Evacuation Pause)
[2025-06-05T23:09:46.418+0000][736.816s][info ][gc,task     ] GC(85) Using 2 workers of 2 for evacuation
[2025-06-05T23:09:46.440+0000][736.837s][info ][gc,phases   ] GC(85)   Pre Evacuate Collection Set: 0.1ms
[2025-06-05T23:09:46.440+0000][736.837s][info ][gc,phases   ] GC(85)   Merge Heap Roots: 0.1ms
[2025-06-05T23:09:46.440+0000][736.837s][info ][gc,phases   ] GC(85)   Evacuate Collection Set: 19.4ms
[2025-06-05T23:09:46.440+0000][736.838s][info ][gc,phases   ] GC(85)   Post Evacuate Collection Set: 1.5ms
[2025-06-05T23:09:46.440+0000][736.838s][info ][gc,phases   ] GC(85)   Other: 0.2ms
[2025-06-05T23:09:46.440+0000][736.838s][info ][gc,heap     ] GC(85) Eden regions: 286->0(284)
[2025-06-05T23:09:46.440+0000][736.838s][info ][gc,heap     ] GC(85) Survivor regions: 17->18(38)
[2025-06-05T23:09:46.440+0000][736.838s][info ][gc,heap     ] GC(85) Old regions: 167->167
[2025-06-05T23:09:46.440+0000][736.838s][info ][gc,heap     ] GC(85) Archive regions: 2->2
[2025-06-05T23:09:46.440+0000][736.838s][info ][gc,heap     ] GC(85) Humongous regions: 0->0
[2025-06-05T23:09:46.440+0000][736.838s][info ][gc,metaspace] GC(85) Metaspace: 183135K(184704K)->183135K(184704K) NonClass: 160997K(161792K)->160997K(161792K) Class: 22137K(22912K)->22137K(22912K)
[2025-06-05T23:09:46.440+0000][736.838s][info ][gc          ] GC(85) Pause Young (Normal) (G1 Evacuation Pause) 470M->185M(544M) 22.158ms
[2025-06-05T23:09:46.441+0000][736.838s][info ][gc,cpu      ] GC(85) User=0.05s Sys=0.00s Real=0.02s
[2025-06-05T23:09:46.441+0000][736.838s][info ][safepoint   ] Safepoint "G1CollectForAllocation", Time since last: 7850194837 ns, Reaching safepoint: 194000 ns, Cleanup: 3167 ns, At safepoint: 22505375 ns, Total: 22702542 ns
[2025-06-05T23:09:47.445+0000][737.842s][debug][safepoint   ] Safepoint synchronization initiated using futex wait barrier. (188 threads)
[2025-06-05T23:09:47.445+0000][737.843s][info ][safepoint   ] Safepoint "Cleanup", Time since last: 1004067709 ns, Reaching safepoint: 451000 ns, Cleanup: 41208 ns, At safepoint: 6750 ns, Total: 498958 ns
[2025-06-05T23:09:52.451+0000][742.848s][debug][safepoint   ] Safepoint synchronization initiated using futex wait barrier. (188 threads)
[2025-06-05T23:09:52.451+0000][742.848s][info ][safepoint   ] Safepoint "Cleanup", Time since last: 5005408586 ns, Reaching safepoint: 211458 ns, Cleanup: 8083 ns, At safepoint: 5834 ns, Total: 225375 ns
[2025-06-05T23:10:00.390+0000][750.787s][debug][safepoint   ] Safepoint synchronization initiated using futex wait barrier. (188 threads)
[2025-06-05T23:10:00.390+0000][750.788s][info ][safepoint   ] Safepoint "Cleanup", Time since last: 7938977670 ns, Reaching safepoint: 173250 ns, Cleanup: 19459 ns, At safepoint: 7166 ns, Total: 199875 ns
[2025-06-05T23:10:01.392+0000][751.789s][debug][safepoint   ] Safepoint synchronization initiated using futex wait barrier. (188 threads)
[2025-06-05T23:10:01.393+0000][751.791s][info ][safepoint   ] Safepoint "Cleanup", Time since last: 1001801126 ns, Reaching safepoint: 1152208 ns, Cleanup: 354750 ns, At safepoint: 19625 ns, Total: 1526583 ns
[2025-06-05T23:10:02.396+0000][752.793s][debug][safepoint   ] Safepoint synchronization initiated using futex wait barrier. (188 threads)
[2025-06-05T23:10:02.397+0000][752.794s][info ][safepoint   ] Safepoint "Cleanup", Time since last: 1002237792 ns, Reaching safepoint: 1113125 ns, Cleanup: 114250 ns, At safepoint: 16083 ns, Total: 1243458 ns
[2025-06-05T23:10:06.401+0000][756.799s][debug][safepoint   ] Safepoint synchronization initiated using futex wait barrier. (184 threads)
[2025-06-05T23:10:06.402+0000][756.800s][info ][safepoint   ] Safepoint "Cleanup", Time since last: 4004242211 ns, Reaching safepoint: 1087083 ns, Cleanup: 66042 ns, At safepoint: 18583 ns, Total: 1171708 ns
[2025-06-05T23:10:14.418+0000][764.815s][debug][safepoint   ] Safepoint synchronization initiated using futex wait barrier. (184 threads)
[2025-06-05T23:10:14.418+0000][764.815s][info ][safepoint   ] Safepoint "Cleanup", Time since last: 8015289546 ns, Reaching safepoint: 197833 ns, Cleanup: 18167 ns, At safepoint: 2458 ns, Total: 218458 ns
[2025-06-05T23:10:16.421+0000][766.819s][debug][safepoint   ] Safepoint synchronization initiated using futex wait barrier. (184 threads)
[2025-06-05T23:10:16.423+0000][766.821s][info ][safepoint   ] Safepoint "Cleanup", Time since last: 2003136125 ns, Reaching safepoint: 2779500 ns, Cleanup: 95625 ns, At safepoint: 13084 ns, Total: 2888209 ns
[2025-06-05T23:10:20.428+0000][770.826s][debug][safepoint   ] Safepoint synchronization initiated using futex wait barrier. (184 threads)
[2025-06-05T23:10:20.428+0000][770.826s][info ][safepoint   ] Safepoint "Cleanup", Time since last: 4004465168 ns, Reaching safepoint: 190083 ns, Cleanup: 24417 ns, At safepoint: 2958 ns, Total: 217458 ns
[2025-06-05T23:10:26.440+0000][776.838s][debug][safepoint   ] Safepoint synchronization initiated using futex wait barrier. (184 threads)
[2025-06-05T23:10:26.440+0000][776.838s][info ][safepoint   ] Safepoint "Cleanup", Time since last: 6011531670 ns, Reaching safepoint: 532167 ns, Cleanup: 29416 ns, At safepoint: 7375 ns, Total: 568958 ns
[2025-06-05T23:10:28.442+0000][778.840s][debug][safepoint   ] Safepoint synchronization initiated using futex wait barrier. (184 threads)
[2025-06-05T23:10:28.444+0000][778.842s][info ][safepoint   ] Safepoint "Cleanup", Time since last: 2002188335 ns, Reaching safepoint: 1551375 ns, Cleanup: 39958 ns, At safepoint: 8708 ns, Total: 1600041 ns
[2025-06-05T23:10:29.446+0000][779.844s][debug][safepoint   ] Safepoint synchronization initiated using futex wait barrier. (184 threads)
[2025-06-05T23:10:29.447+0000][779.845s][info ][safepoint   ] Safepoint "Cleanup", Time since last: 1001572417 ns, Reaching safepoint: 1346167 ns, Cleanup: 101458 ns, At safepoint: 17667 ns, Total: 1465292 ns
[2025-06-05T23:10:30.448+0000][780.846s][debug][safepoint   ] Safepoint synchronization initiated using futex wait barrier. (184 threads)
[2025-06-05T23:10:30.449+0000][780.847s][info ][safepoint   ] Safepoint "Cleanup", Time since last: 1001412792 ns, Reaching safepoint: 903042 ns, Cleanup: 78208 ns, At safepoint: 24959 ns, Total: 1006209 ns
[2025-06-05T23:10:31.579+0000][781.977s][debug][safepoint   ] Safepoint synchronization initiated using futex wait barrier. (184 threads)
[2025-06-05T23:10:31.580+0000][781.978s][info ][safepoint   ] Safepoint "Cleanup", Time since last: 1129811958 ns, Reaching safepoint: 678875 ns, Cleanup: 43917 ns, At safepoint: 13042 ns, Total: 735834 ns
[2025-06-05T23:10:35.587+0000][785.985s][debug][safepoint   ] Safepoint synchronization initiated using futex wait barrier. (184 threads)
[2025-06-05T23:10:35.588+0000][785.986s][info ][safepoint   ] Safepoint "Cleanup", Time since last: 4006970210 ns, Reaching safepoint: 962083 ns, Cleanup: 57500 ns, At safepoint: 9875 ns, Total: 1029458 ns
[2025-06-05T23:10:42.600+0000][792.998s][debug][safepoint   ] Safepoint synchronization initiated using futex wait barrier. (184 threads)
[2025-06-05T23:10:42.601+0000][792.999s][info ][safepoint   ] Safepoint "Cleanup", Time since last: 7011761670 ns, Reaching safepoint: 1479709 ns, Cleanup: 137708 ns, At safepoint: 21000 ns, Total: 1638417 ns
[2025-06-05T23:10:44.605+0000][795.003s][debug][safepoint   ] Safepoint synchronization initiated using futex wait barrier. (184 threads)
[2025-06-05T23:10:44.606+0000][795.004s][info ][safepoint   ] Safepoint "Cleanup", Time since last: 2003326751 ns, Reaching safepoint: 907167 ns, Cleanup: 64916 ns, At safepoint: 17334 ns, Total: 989417 ns
[2025-06-05T23:10:45.608+0000][796.006s][debug][safepoint   ] Safepoint synchronization initiated using futex wait barrier. (184 threads)
[2025-06-05T23:10:45.609+0000][796.007s][info ][safepoint   ] Safepoint "Cleanup", Time since last: 1001876792 ns, Reaching safepoint: 1055708 ns, Cleanup: 81042 ns, At safepoint: 14458 ns, Total: 1151208 ns
[2025-06-05T23:10:49.164+0000][799.562s][debug][safepoint   ] Safepoint synchronization initiated using futex wait barrier. (184 threads)
[2025-06-05T23:10:49.165+0000][799.563s][info ][safepoint   ] Safepoint "Cleanup", Time since last: 3555465376 ns, Reaching safepoint: 975500 ns, Cleanup: 206125 ns, At safepoint: 20667 ns, Total: 1202292 ns
[2025-06-05T23:10:56.178+0000][806.576s][debug][safepoint   ] Safepoint synchronization initiated using futex wait barrier. (184 threads)
[2025-06-05T23:10:56.178+0000][806.576s][info ][safepoint   ] Safepoint "Cleanup", Time since last: 7012799253 ns, Reaching safepoint: 191750 ns, Cleanup: 18917 ns, At safepoint: 2791 ns, Total: 213458 ns
[2025-06-05T23:10:57.179+0000][807.577s][debug][safepoint   ] Safepoint synchronization initiated using futex wait barrier. (184 threads)
[2025-06-05T23:10:57.180+0000][807.578s][info ][safepoint   ] Safepoint "Cleanup", Time since last: 1000933334 ns, Reaching safepoint: 398083 ns, Cleanup: 50834 ns, At safepoint: 7333 ns, Total: 456250 ns
[2025-06-05T23:10:58.183+0000][808.581s][debug][safepoint   ] Safepoint synchronization initiated using futex wait barrier. (184 threads)
[2025-06-05T23:10:58.185+0000][808.583s][info ][safepoint   ] Safepoint "Cleanup", Time since last: 1003007750 ns, Reaching safepoint: 2044959 ns, Cleanup: 139041 ns, At safepoint: 12250 ns, Total: 2196250 ns
[2025-06-05T23:11:01.189+0000][811.587s][debug][safepoint   ] Safepoint synchronization initiated using futex wait barrier. (184 threads)
[2025-06-05T23:11:01.189+0000][811.587s][info ][safepoint   ] Safepoint "Cleanup", Time since last: 3003838710 ns, Reaching safepoint: 363292 ns, Cleanup: 27750 ns, At safepoint: 6167 ns, Total: 397209 ns
[2025-06-05T23:11:02.676+0000][813.074s][debug][safepoint   ] Safepoint synchronization initiated using futex wait barrier. (184 threads)
[2025-06-05T23:11:02.677+0000][813.075s][info ][safepoint   ] Safepoint "Cleanup", Time since last: 1486518584 ns, Reaching safepoint: 1169625 ns, Cleanup: 126750 ns, At safepoint: 16541 ns, Total: 1312916 ns
[2025-06-05T23:11:10.690+0000][821.088s][debug][safepoint   ] Safepoint synchronization initiated using futex wait barrier. (184 threads)
[2025-06-05T23:11:10.691+0000][821.089s][info ][safepoint   ] Safepoint "Cleanup", Time since last: 8013351046 ns, Reaching safepoint: 862291 ns, Cleanup: 83250 ns, At safepoint: 15209 ns, Total: 960750 ns
[2025-06-05T23:11:15.698+0000][826.097s][debug][safepoint   ] Safepoint synchronization initiated using futex wait barrier. (184 threads)
[2025-06-05T23:11:15.700+0000][826.098s][info ][safepoint   ] Safepoint "Cleanup", Time since last: 5007103502 ns, Reaching safepoint: 1126417 ns, Cleanup: 97458 ns, At safepoint: 13084 ns, Total: 1236959 ns
[2025-06-05T23:11:16.700+0000][827.099s][debug][safepoint   ] Safepoint synchronization initiated using futex wait barrier. (184 threads)
[2025-06-05T23:11:16.701+0000][827.100s][info ][safepoint   ] Safepoint "Cleanup", Time since last: 1000734832 ns, Reaching safepoint: 1043250 ns, Cleanup: 79167 ns, At safepoint: 14875 ns, Total: 1137292 ns
[2025-06-05T23:11:24.713+0000][835.111s][debug][safepoint   ] Safepoint synchronization initiated using futex wait barrier. (184 threads)
[2025-06-05T23:11:24.715+0000][835.113s][info ][safepoint   ] Safepoint "Cleanup", Time since last: 8011806712 ns, Reaching safepoint: 1605042 ns, Cleanup: 55791 ns, At safepoint: 7084 ns, Total: 1667917 ns
[2025-06-05T23:11:25.716+0000][836.114s][debug][safepoint   ] Safepoint synchronization initiated using futex wait barrier. (184 threads)
[2025-06-05T23:11:25.719+0000][836.117s][info ][safepoint   ] Safepoint "Cleanup", Time since last: 1001010459 ns, Reaching safepoint: 3146000 ns, Cleanup: 86041 ns, At safepoint: 10959 ns, Total: 3243000 ns
[2025-06-05T23:11:26.721+0000][837.120s][debug][safepoint   ] Safepoint synchronization initiated using futex wait barrier. (184 threads)
[2025-06-05T23:11:26.724+0000][837.122s][info ][safepoint   ] Safepoint "Cleanup", Time since last: 1002266500 ns, Reaching safepoint: 2020958 ns, Cleanup: 87167 ns, At safepoint: 14250 ns, Total: 2122375 ns
[2025-06-05T23:11:38.616+0000][849.014s][debug][safepoint   ] Safepoint synchronization initiated using futex wait barrier. (184 threads)
[2025-06-05T23:11:38.616+0000][849.015s][info ][safepoint   ] Safepoint "Cleanup", Time since last: 11892206964 ns, Reaching safepoint: 553833 ns, Cleanup: 29834 ns, At safepoint: 17291 ns, Total: 600958 ns
[2025-06-05T23:11:40.619+0000][851.017s][debug][safepoint   ] Safepoint synchronization initiated using futex wait barrier. (184 threads)
[2025-06-05T23:11:40.620+0000][851.018s][info ][safepoint   ] Safepoint "Cleanup", Time since last: 2002152501 ns, Reaching safepoint: 902084 ns, Cleanup: 66291 ns, At safepoint: 34084 ns, Total: 1002459 ns
[2025-06-05T23:11:52.636+0000][863.035s][debug][safepoint   ] Safepoint synchronization initiated using futex wait barrier. (184 threads)
[2025-06-05T23:11:52.637+0000][863.036s][info ][safepoint   ] Safepoint "Cleanup", Time since last: 12017684046 ns, Reaching safepoint: 375292 ns, Cleanup: 53417 ns, At safepoint: 5916 ns, Total: 434625 ns
[2025-06-05T23:11:53.641+0000][864.040s][debug][safepoint   ] Safepoint synchronization initiated using futex wait barrier. (184 threads)
[2025-06-05T23:11:53.641+0000][864.040s][info ][safepoint   ] Safepoint "Cleanup", Time since last: 1004045501 ns, Reaching safepoint: 494333 ns, Cleanup: 48834 ns, At safepoint: 7208 ns, Total: 550375 ns
[2025-06-05T23:11:57.033+0000][867.432s][debug][safepoint   ] Safepoint synchronization initiated using futex wait barrier. (184 threads)
[2025-06-05T23:11:57.034+0000][867.433s][info ][gc,start    ] GC(86) Pause Young (Normal) (G1 Evacuation Pause)
[2025-06-05T23:11:57.034+0000][867.433s][info ][gc,task     ] GC(86) Using 2 workers of 2 for evacuation
[2025-06-05T23:11:57.068+0000][867.467s][info ][gc,phases   ] GC(86)   Pre Evacuate Collection Set: 0.7ms
[2025-06-05T23:11:57.068+0000][867.467s][info ][gc,phases   ] GC(86)   Merge Heap Roots: 0.7ms
[2025-06-05T23:11:57.068+0000][867.468s][info ][gc,phases   ] GC(86)   Evacuate Collection Set: 30.6ms
[2025-06-05T23:11:57.069+0000][867.468s][info ][gc,phases   ] GC(86)   Post Evacuate Collection Set: 1.8ms
[2025-06-05T23:11:57.069+0000][867.468s][info ][gc,phases   ] GC(86)   Other: 0.9ms
[2025-06-05T23:11:57.069+0000][867.468s][info ][gc,heap     ] GC(86) Eden regions: 284->0(284)
[2025-06-05T23:11:57.069+0000][867.468s][info ][gc,heap     ] GC(86) Survivor regions: 18->18(38)
[2025-06-05T23:11:57.069+0000][867.468s][info ][gc,heap     ] GC(86) Old regions: 167->167
[2025-06-05T23:11:57.069+0000][867.468s][info ][gc,heap     ] GC(86) Archive regions: 2->2
[2025-06-05T23:11:57.069+0000][867.468s][info ][gc,heap     ] GC(86) Humongous regions: 0->0
[2025-06-05T23:11:57.069+0000][867.468s][info ][gc,metaspace] GC(86) Metaspace: 183233K(184768K)->183233K(184768K) NonClass: 161095K(161856K)->161095K(161856K) Class: 22137K(22912K)->22137K(22912K)
[2025-06-05T23:11:57.069+0000][867.468s][info ][gc          ] GC(86) Pause Young (Normal) (G1 Evacuation Pause) 469M->185M(544M) 35.665ms
[2025-06-05T23:11:57.069+0000][867.469s][info ][gc,cpu      ] GC(86) User=0.07s Sys=0.00s Real=0.03s
[2025-06-05T23:11:57.070+0000][867.469s][info ][safepoint   ] Safepoint "G1CollectForAllocation", Time since last: 3391299543 ns, Reaching safepoint: 932542 ns, Cleanup: 23917 ns, At safepoint: 36373250 ns, Total: 37329709 ns
[2025-06-05T23:11:58.072+0000][868.472s][debug][safepoint   ] Safepoint synchronization initiated using futex wait barrier. (184 threads)
[2025-06-05T23:11:58.073+0000][868.472s][info ][safepoint   ] Safepoint "Cleanup", Time since last: 1002492958 ns, Reaching safepoint: 532375 ns, Cleanup: 52834 ns, At safepoint: 54041 ns, Total: 639250 ns
[2025-06-05T23:12:06.083+0000][876.482s][debug][safepoint   ] Safepoint synchronization initiated using futex wait barrier. (184 threads)
[2025-06-05T23:12:06.084+0000][876.483s][info ][safepoint   ] Safepoint "Cleanup", Time since last: 8010319879 ns, Reaching safepoint: 352459 ns, Cleanup: 31416 ns, At safepoint: 6250 ns, Total: 390125 ns
[2025-06-05T23:12:08.087+0000][878.486s][debug][safepoint   ] Safepoint synchronization initiated using futex wait barrier. (184 threads)
[2025-06-05T23:12:08.087+0000][878.486s][info ][safepoint   ] Safepoint "Cleanup", Time since last: 2002921835 ns, Reaching safepoint: 531583 ns, Cleanup: 32625 ns, At safepoint: 11458 ns, Total: 575666 ns
[2025-06-05T23:12:13.093+0000][883.492s][debug][safepoint   ] Safepoint synchronization initiated using futex wait barrier. (184 threads)
[2025-06-05T23:12:13.093+0000][883.492s][info ][safepoint   ] Safepoint "Cleanup", Time since last: 5005473628 ns, Reaching safepoint: 334833 ns, Cleanup: 23000 ns, At safepoint: 6292 ns, Total: 364125 ns
[2025-06-05T23:12:20.104+0000][890.503s][debug][safepoint   ] Safepoint synchronization initiated using futex wait barrier. (184 threads)
[2025-06-05T23:12:20.105+0000][890.504s][info ][safepoint   ] Safepoint "Cleanup", Time since last: 7011132961 ns, Reaching safepoint: 844833 ns, Cleanup: 152042 ns, At safepoint: 16042 ns, Total: 1012917 ns
[2025-06-05T23:12:22.109+0000][892.508s][debug][safepoint   ] Safepoint synchronization initiated using futex wait barrier. (184 threads)
[2025-06-05T23:12:22.110+0000][892.509s][info ][safepoint   ] Safepoint "Cleanup", Time since last: 2003273501 ns, Reaching safepoint: 918208 ns, Cleanup: 71333 ns, At safepoint: 13959 ns, Total: 1003500 ns
[2025-06-05T23:12:23.110+0000][893.509s][debug][safepoint   ] Safepoint synchronization initiated using futex wait barrier. (184 threads)
[2025-06-05T23:12:23.112+0000][893.511s][info ][safepoint   ] Safepoint "Cleanup", Time since last: 1000715083 ns, Reaching safepoint: 1628750 ns, Cleanup: 69584 ns, At safepoint: 11708 ns, Total: 1710042 ns
[2025-06-05T23:12:26.119+0000][896.518s][debug][safepoint   ] Safepoint synchronization initiated using futex wait barrier. (184 threads)
[2025-06-05T23:12:26.120+0000][896.519s][info ][safepoint   ] Safepoint "Cleanup", Time since last: 3006979335 ns, Reaching safepoint: 591083 ns, Cleanup: 41833 ns, At safepoint: 8042 ns, Total: 640958 ns
[2025-06-05T23:12:31.640+0000][902.039s][debug][safepoint   ] Safepoint synchronization initiated using futex wait barrier. (184 threads)
[2025-06-05T23:12:31.641+0000][902.040s][info ][safepoint   ] Safepoint "Cleanup", Time since last: 5520611378 ns, Reaching safepoint: 558000 ns, Cleanup: 32166 ns, At safepoint: 11375 ns, Total: 601541 ns
[2025-06-05T23:12:34.646+0000][905.045s][debug][safepoint   ] Safepoint synchronization initiated using futex wait barrier. (184 threads)
[2025-06-05T23:12:34.647+0000][905.046s][info ][safepoint   ] Safepoint "Cleanup", Time since last: 3005060544 ns, Reaching safepoint: 747583 ns, Cleanup: 46167 ns, At safepoint: 19000 ns, Total: 812750 ns
[2025-06-05T23:12:38.654+0000][909.052s][debug][safepoint   ] Safepoint synchronization initiated using futex wait barrier. (184 threads)
[2025-06-05T23:12:38.654+0000][909.053s][info ][safepoint   ] Safepoint "Cleanup", Time since last: 4006477626 ns, Reaching safepoint: 626334 ns, Cleanup: 32041 ns, At safepoint: 7750 ns, Total: 666125 ns
[2025-06-05T23:12:39.656+0000][910.054s][debug][safepoint   ] Safepoint synchronization initiated using futex wait barrier. (184 threads)
[2025-06-05T23:12:39.657+0000][910.056s][info ][safepoint   ] Safepoint "Cleanup", Time since last: 1001486459 ns, Reaching safepoint: 1539000 ns, Cleanup: 69417 ns, At safepoint: 16208 ns, Total: 1624625 ns
[2025-06-05T23:12:42.666+0000][913.065s][debug][safepoint   ] Safepoint synchronization initiated using futex wait barrier. (184 threads)
[2025-06-05T23:12:42.667+0000][913.066s][info ][safepoint   ] Safepoint "Cleanup", Time since last: 3009166668 ns, Reaching safepoint: 923875 ns, Cleanup: 95709 ns, At safepoint: 11750 ns, Total: 1031334 ns
[2025-06-05T23:12:43.669+0000][914.068s][debug][safepoint   ] Safepoint synchronization initiated using futex wait barrier. (184 threads)
[2025-06-05T23:12:43.669+0000][914.068s][info ][safepoint   ] Safepoint "Cleanup", Time since last: 1001338709 ns, Reaching safepoint: 502791 ns, Cleanup: 20917 ns, At safepoint: 6250 ns, Total: 529958 ns
[2025-06-05T23:12:47.675+0000][918.074s][debug][safepoint   ] Safepoint synchronization initiated using futex wait barrier. (184 threads)
[2025-06-05T23:12:47.677+0000][918.076s][info ][safepoint   ] Safepoint "Cleanup", Time since last: 4006350584 ns, Reaching safepoint: 1991125 ns, Cleanup: 23000 ns, At safepoint: 6000 ns, Total: 2020125 ns
[2025-06-05T23:12:54.700+0000][925.099s][debug][safepoint   ] Safepoint synchronization initiated using futex wait barrier. (184 threads)
[2025-06-05T23:12:54.702+0000][925.102s][info ][safepoint   ] Safepoint "Cleanup", Time since last: 7022880462 ns, Reaching safepoint: 2089750 ns, Cleanup: 66583 ns, At safepoint: 29208 ns, Total: 2185541 ns
[2025-06-05T23:13:02.717+0000][933.116s][debug][safepoint   ] Safepoint synchronization initiated using futex wait barrier. (184 threads)
[2025-06-05T23:13:02.718+0000][933.117s][info ][safepoint   ] Safepoint "Cleanup", Time since last: 8014362546 ns, Reaching safepoint: 787333 ns, Cleanup: 67834 ns, At safepoint: 8916 ns, Total: 864083 ns
[2025-06-05T23:13:03.719+0000][934.118s][debug][safepoint   ] Safepoint synchronization initiated using futex wait barrier. (184 threads)
[2025-06-05T23:13:03.719+0000][934.118s][info ][safepoint   ] Safepoint "Cleanup", Time since last: 1000972667 ns, Reaching safepoint: 657917 ns, Cleanup: 36833 ns, At safepoint: 11209 ns, Total: 705959 ns
[2025-06-05T23:13:04.723+0000][935.122s][debug][safepoint   ] Safepoint synchronization initiated using futex wait barrier. (184 threads)
[2025-06-05T23:13:04.724+0000][935.123s][info ][safepoint   ] Safepoint "Cleanup", Time since last: 1003463084 ns, Reaching safepoint: 831916 ns, Cleanup: 70209 ns, At safepoint: 9583 ns, Total: 911708 ns
[2025-06-05T23:13:15.741+0000][946.140s][debug][safepoint   ] Safepoint synchronization initiated using futex wait barrier. (184 threads)
[2025-06-05T23:13:15.741+0000][946.141s][info ][safepoint   ] Safepoint "Cleanup", Time since last: 11017356422 ns, Reaching safepoint: 343583 ns, Cleanup: 55917 ns, At safepoint: 6292 ns, Total: 405792 ns
[2025-06-05T23:13:16.744+0000][947.143s][debug][safepoint   ] Safepoint synchronization initiated using futex wait barrier. (184 threads)
[2025-06-05T23:13:16.745+0000][947.144s][info ][safepoint   ] Safepoint "Cleanup", Time since last: 1002112625 ns, Reaching safepoint: 1033375 ns, Cleanup: 146875 ns, At safepoint: 33458 ns, Total: 1213708 ns
[2025-06-05T23:13:17.748+0000][948.147s][debug][safepoint   ] Safepoint synchronization initiated using futex wait barrier. (184 threads)
[2025-06-05T23:13:17.749+0000][948.148s][info ][safepoint   ] Safepoint "Cleanup", Time since last: 1003198709 ns, Reaching safepoint: 440916 ns, Cleanup: 30292 ns, At safepoint: 6333 ns, Total: 477541 ns
[2025-06-05T23:13:20.752+0000][951.151s][debug][safepoint   ] Safepoint synchronization initiated using futex wait barrier. (184 threads)
[2025-06-05T23:13:20.752+0000][951.151s][info ][safepoint   ] Safepoint "Cleanup", Time since last: 3003044919 ns, Reaching safepoint: 295958 ns, Cleanup: 20500 ns, At safepoint: 4792 ns, Total: 321250 ns
[2025-06-05T23:13:21.753+0000][952.152s][debug][safepoint   ] Safepoint synchronization initiated using futex wait barrier. (184 threads)
[2025-06-05T23:13:21.753+0000][952.152s][info ][safepoint   ] Safepoint "Cleanup", Time since last: 1000607667 ns, Reaching safepoint: 616083 ns, Cleanup: 30667 ns, At safepoint: 13958 ns, Total: 660708 ns
[2025-06-05T23:13:29.766+0000][960.165s][debug][safepoint   ] Safepoint synchronization initiated using futex wait barrier. (184 threads)
[2025-06-05T23:13:29.769+0000][960.168s][info ][safepoint   ] Safepoint "Cleanup", Time since last: 8012460712 ns, Reaching safepoint: 2922792 ns, Cleanup: 166583 ns, At safepoint: 17042 ns, Total: 3106417 ns
[2025-06-05T23:13:31.650+0000][962.049s][debug][safepoint   ] Safepoint synchronization initiated using futex wait barrier. (184 threads)
[2025-06-05T23:13:31.650+0000][962.049s][info ][safepoint   ] Safepoint "Cleanup", Time since last: 1880836709 ns, Reaching safepoint: 372333 ns, Cleanup: 40959 ns, At safepoint: 6541 ns, Total: 419833 ns
[2025-06-05T23:13:36.658+0000][967.056s][debug][safepoint   ] Safepoint synchronization initiated using futex wait barrier. (184 threads)
[2025-06-05T23:13:36.659+0000][967.057s][info ][safepoint   ] Safepoint "Cleanup", Time since last: 5007401295 ns, Reaching safepoint: 881000 ns, Cleanup: 66291 ns, At safepoint: 15042 ns, Total: 962333 ns
[2025-06-05T23:13:46.671+0000][977.070s][debug][safepoint   ] Safepoint synchronization initiated using futex wait barrier. (184 threads)
[2025-06-05T23:13:46.672+0000][977.071s][info ][safepoint   ] Safepoint "Cleanup", Time since last: 10012772212 ns, Reaching safepoint: 519125 ns, Cleanup: 52167 ns, At safepoint: 11000 ns, Total: 582292 ns
[2025-06-05T23:13:48.673+0000][979.072s][debug][safepoint   ] Safepoint synchronization initiated using futex wait barrier. (184 threads)
[2025-06-05T23:13:48.675+0000][979.075s][info ][safepoint   ] Safepoint "Cleanup", Time since last: 2001398376 ns, Reaching safepoint: 2424083 ns, Cleanup: 7250 ns, At safepoint: 2125 ns, Total: 2433458 ns
[2025-06-05T23:13:49.676+0000][980.075s][debug][safepoint   ] Safepoint synchronization initiated using futex wait barrier. (184 threads)
[2025-06-05T23:13:49.676+0000][980.076s][info ][safepoint   ] Safepoint "Cleanup", Time since last: 1000756709 ns, Reaching safepoint: 251917 ns, Cleanup: 26416 ns, At safepoint: 4209 ns, Total: 282542 ns
[2025-06-05T23:13:50.678+0000][981.077s][debug][safepoint   ] Safepoint synchronization initiated using futex wait barrier. (184 threads)
[2025-06-05T23:13:50.679+0000][981.079s][info ][safepoint   ] Safepoint "Cleanup", Time since last: 1001653500 ns, Reaching safepoint: 1348792 ns, Cleanup: 30208 ns, At safepoint: 5625 ns, Total: 1384625 ns
[2025-06-05T23:13:57.693+0000][988.092s][debug][safepoint   ] Safepoint synchronization initiated using futex wait barrier. (184 threads)
[2025-06-05T23:13:57.693+0000][988.093s][info ][safepoint   ] Safepoint "Cleanup", Time since last: 7013844504 ns, Reaching safepoint: 171625 ns, Cleanup: 16708 ns, At safepoint: 4458 ns, Total: 192791 ns
[2025-06-05T23:13:58.695+0000][989.094s][debug][safepoint   ] Safepoint synchronization initiated using futex wait barrier. (184 threads)
[2025-06-05T23:13:58.696+0000][989.095s][info ][safepoint   ] Safepoint "Cleanup", Time since last: 1001088292 ns, Reaching safepoint: 1042750 ns, Cleanup: 92709 ns, At safepoint: 14625 ns, Total: 1150084 ns
[2025-06-05T23:14:00.699+0000][991.099s][debug][safepoint   ] Safepoint synchronization initiated using futex wait barrier. (184 threads)
[2025-06-05T23:14:00.700+0000][991.099s][info ][safepoint   ] Safepoint "Cleanup", Time since last: 2003572417 ns, Reaching safepoint: 791667 ns, Cleanup: 36250 ns, At safepoint: 7458 ns, Total: 835375 ns
[2025-06-05T23:14:02.703+0000][993.102s][debug][safepoint   ] Safepoint synchronization initiated using futex wait barrier. (184 threads)
[2025-06-05T23:14:02.704+0000][993.103s][info ][safepoint   ] Safepoint "Cleanup", Time since last: 2003004626 ns, Reaching safepoint: 902584 ns, Cleanup: 78833 ns, At safepoint: 35250 ns, Total: 1016667 ns
[2025-06-05T23:14:03.707+0000][994.106s][debug][safepoint   ] Safepoint synchronization initiated using futex wait barrier. (184 threads)
[2025-06-05T23:14:03.707+0000][994.106s][info ][safepoint   ] Safepoint "Cleanup", Time since last: 1002460625 ns, Reaching safepoint: 439625 ns, Cleanup: 67500 ns, At safepoint: 7292 ns, Total: 514417 ns
[2025-06-05T23:14:05.712+0000][996.111s][debug][safepoint   ] Safepoint synchronization initiated using futex wait barrier. (184 threads)
[2025-06-05T23:14:05.712+0000][996.111s][info ][safepoint   ] Safepoint "Cleanup", Time since last: 2004436376 ns, Reaching safepoint: 413417 ns, Cleanup: 22041 ns, At safepoint: 6042 ns, Total: 441500 ns
[2025-06-05T23:14:08.163+0000][998.562s][debug][safepoint   ] Safepoint synchronization initiated using futex wait barrier. (184 threads)
[2025-06-05T23:14:08.164+0000][998.563s][info ][gc,start    ] GC(87) Pause Young (Normal) (G1 Evacuation Pause)
[2025-06-05T23:14:08.164+0000][998.563s][info ][gc,task     ] GC(87) Using 2 workers of 2 for evacuation
[2025-06-05T23:14:08.190+0000][998.590s][info ][gc,phases   ] GC(87)   Pre Evacuate Collection Set: 0.4ms
[2025-06-05T23:14:08.191+0000][998.590s][info ][gc,phases   ] GC(87)   Merge Heap Roots: 0.4ms
[2025-06-05T23:14:08.191+0000][998.590s][info ][gc,phases   ] GC(87)   Evacuate Collection Set: 23.9ms
[2025-06-05T23:14:08.191+0000][998.590s][info ][gc,phases   ] GC(87)   Post Evacuate Collection Set: 1.4ms
[2025-06-05T23:14:08.191+0000][998.590s][info ][gc,phases   ] GC(87)   Other: 0.6ms
[2025-06-05T23:14:08.191+0000][998.590s][info ][gc,heap     ] GC(87) Eden regions: 284->0(293)
[2025-06-05T23:14:08.191+0000][998.590s][info ][gc,heap     ] GC(87) Survivor regions: 18->9(38)
[2025-06-05T23:14:08.191+0000][998.590s][info ][gc,heap     ] GC(87) Old regions: 167->176
[2025-06-05T23:14:08.191+0000][998.590s][info ][gc,heap     ] GC(87) Archive regions: 2->2
[2025-06-05T23:14:08.191+0000][998.590s][info ][gc,heap     ] GC(87) Humongous regions: 0->0
[2025-06-05T23:14:08.191+0000][998.590s][info ][gc,metaspace] GC(87) Metaspace: 183435K(184960K)->183435K(184960K) NonClass: 161293K(162048K)->161293K(162048K) Class: 22142K(22912K)->22142K(22912K)
[2025-06-05T23:14:08.191+0000][998.590s][info ][gc          ] GC(87) Pause Young (Normal) (G1 Evacuation Pause) 469M->185M(544M) 27.730ms
[2025-06-05T23:14:08.191+0000][998.591s][info ][gc,cpu      ] GC(87) User=0.05s Sys=0.00s Real=0.02s
[2025-06-05T23:14:08.192+0000][998.591s][info ][safepoint   ] Safepoint "G1CollectForAllocation", Time since last: 2450774293 ns, Reaching safepoint: 683042 ns, Cleanup: 9708 ns, At safepoint: 28147625 ns, Total: 28840375 ns
[2025-06-05T23:14:12.198+0000][1002.597s][debug][safepoint   ] Safepoint synchronization initiated using futex wait barrier. (184 threads)
[2025-06-05T23:14:12.200+0000][1002.600s][info ][safepoint   ] Safepoint "Cleanup", Time since last: 4005984168 ns, Reaching safepoint: 2614667 ns, Cleanup: 94792 ns, At safepoint: 12500 ns, Total: 2721959 ns
[2025-06-05T23:14:14.204+0000][1004.604s][debug][safepoint   ] Safepoint synchronization initiated using futex wait barrier. (184 threads)
[2025-06-05T23:14:14.206+0000][1004.605s][info ][safepoint   ] Safepoint "Cleanup", Time since last: 2003972584 ns, Reaching safepoint: 1111958 ns, Cleanup: 85875 ns, At safepoint: 18834 ns, Total: 1216667 ns
[2025-06-05T23:14:18.210+0000][1008.610s][debug][safepoint   ] Safepoint synchronization initiated using futex wait barrier. (184 threads)
[2025-06-05T23:14:18.211+0000][1008.610s][info ][safepoint   ] Safepoint "Cleanup", Time since last: 4004976293 ns, Reaching safepoint: 386500 ns, Cleanup: 29208 ns, At safepoint: 27750 ns, Total: 443458 ns
[2025-06-05T23:14:26.226+0000][1016.625s][debug][safepoint   ] Safepoint synchronization initiated using futex wait barrier. (184 threads)
[2025-06-05T23:14:26.227+0000][1016.626s][info ][safepoint   ] Safepoint "Cleanup", Time since last: 8015176504 ns, Reaching safepoint: 605084 ns, Cleanup: 129875 ns, At safepoint: 9916 ns, Total: 744875 ns
[2025-06-05T23:14:27.228+0000][1017.627s][debug][safepoint   ] Safepoint synchronization initiated using futex wait barrier. (184 threads)
[2025-06-05T23:14:27.229+0000][1017.628s][info ][safepoint   ] Safepoint "Cleanup", Time since last: 1001172251 ns, Reaching safepoint: 909916 ns, Cleanup: 74000 ns, At safepoint: 12792 ns, Total: 996708 ns
[2025-06-05T23:14:28.230+0000][1018.629s][debug][safepoint   ] Safepoint synchronization initiated using futex wait barrier. (184 threads)
[2025-06-05T23:14:28.231+0000][1018.630s][info ][safepoint   ] Safepoint "Cleanup", Time since last: 1001162875 ns, Reaching safepoint: 644209 ns, Cleanup: 35791 ns, At safepoint: 11375 ns, Total: 691375 ns
[2025-06-05T23:14:39.689+0000][1030.088s][debug][safepoint   ] Safepoint synchronization initiated using futex wait barrier. (184 threads)
[2025-06-05T23:14:39.691+0000][1030.090s][info ][safepoint   ] Safepoint "Cleanup", Time since last: 11458027839 ns, Reaching safepoint: 1670250 ns, Cleanup: 90875 ns, At safepoint: 15000 ns, Total: 1776125 ns
[2025-06-05T23:14:41.694+0000][1032.094s][debug][safepoint   ] Safepoint synchronization initiated using futex wait barrier. (184 threads)
[2025-06-05T23:14:41.696+0000][1032.095s][info ][safepoint   ] Safepoint "Cleanup", Time since last: 2003772751 ns, Reaching safepoint: 1004042 ns, Cleanup: 73000 ns, At safepoint: 14333 ns, Total: 1091375 ns
[2025-06-05T23:14:42.697+0000][1033.096s][debug][safepoint   ] Safepoint synchronization initiated using futex wait barrier. (184 threads)
[2025-06-05T23:14:42.698+0000][1033.097s][info ][safepoint   ] Safepoint "Cleanup", Time since last: 1001150084 ns, Reaching safepoint: 1084042 ns, Cleanup: 110166 ns, At safepoint: 12792 ns, Total: 1207000 ns
[2025-06-05T23:14:43.702+0000][1034.101s][debug][safepoint   ] Safepoint synchronization initiated using futex wait barrier. (184 threads)
[2025-06-05T23:14:43.703+0000][1034.102s][info ][safepoint   ] Safepoint "Cleanup", Time since last: 1004312084 ns, Reaching safepoint: 419000 ns, Cleanup: 36792 ns, At safepoint: 7875 ns, Total: 463667 ns
[2025-06-05T23:14:44.703+0000][1035.103s][debug][safepoint   ] Safepoint synchronization initiated using futex wait barrier. (184 threads)
[2025-06-05T23:14:44.704+0000][1035.103s][info ][safepoint   ] Safepoint "Cleanup", Time since last: 1000626083 ns, Reaching safepoint: 407750 ns, Cleanup: 58584 ns, At safepoint: 5208 ns, Total: 471542 ns
[2025-06-05T23:14:45.705+0000][1036.104s][debug][safepoint   ] Safepoint synchronization initiated using futex wait barrier. (184 threads)
[2025-06-05T23:14:45.706+0000][1036.105s][info ][safepoint   ] Safepoint "Cleanup", Time since last: 1000979500 ns, Reaching safepoint: 1276042 ns, Cleanup: 36542 ns, At safepoint: 13291 ns, Total: 1325875 ns
[2025-06-05T23:14:48.711+0000][1039.110s][debug][safepoint   ] Safepoint synchronization initiated using futex wait barrier. (184 threads)
[2025-06-05T23:14:48.712+0000][1039.111s][info ][safepoint   ] Safepoint "Cleanup", Time since last: 3005167418 ns, Reaching safepoint: 396417 ns, Cleanup: 24125 ns, At safepoint: 8083 ns, Total: 428625 ns
[2025-06-05T23:14:53.721+0000][1044.120s][debug][safepoint   ] Safepoint synchronization initiated using futex wait barrier. (184 threads)
[2025-06-05T23:14:53.722+0000][1044.121s][info ][safepoint   ] Safepoint "Cleanup", Time since last: 5008883336 ns, Reaching safepoint: 1574250 ns, Cleanup: 93958 ns, At safepoint: 32667 ns, Total: 1700875 ns
[2025-06-05T23:14:55.725+0000][1046.124s][debug][safepoint   ] Safepoint synchronization initiated using futex wait barrier. (184 threads)
[2025-06-05T23:14:55.726+0000][1046.125s][info ][safepoint   ] Safepoint "Cleanup", Time since last: 2002721334 ns, Reaching safepoint: 1192000 ns, Cleanup: 72292 ns, At safepoint: 37833 ns, Total: 1302125 ns
[2025-06-05T23:14:58.732+0000][1049.131s][debug][safepoint   ] Safepoint synchronization initiated using futex wait barrier. (184 threads)
[2025-06-05T23:14:58.733+0000][1049.132s][info ][safepoint   ] Safepoint "Cleanup", Time since last: 3005341251 ns, Reaching safepoint: 900000 ns, Cleanup: 44334 ns, At safepoint: 14333 ns, Total: 958667 ns
[2025-06-05T23:15:09.746+0000][1060.145s][debug][safepoint   ] Safepoint synchronization initiated using futex wait barrier. (184 threads)
[2025-06-05T23:15:09.747+0000][1060.146s][info ][safepoint   ] Safepoint "Cleanup", Time since last: 11013140255 ns, Reaching safepoint: 1028625 ns, Cleanup: 85959 ns, At safepoint: 12250 ns, Total: 1126834 ns
[2025-06-05T23:15:11.761+0000][1062.160s][debug][safepoint   ] Safepoint synchronization initiated using futex wait barrier. (184 threads)
[2025-06-05T23:15:11.761+0000][1062.161s][info ][safepoint   ] Safepoint "Cleanup", Time since last: 2014120876 ns, Reaching safepoint: 302000 ns, Cleanup: 33208 ns, At safepoint: 5917 ns, Total: 341125 ns
[2025-06-05T23:15:12.764+0000][1063.163s][debug][safepoint   ] Safepoint synchronization initiated using futex wait barrier. (184 threads)
[2025-06-05T23:15:12.765+0000][1063.164s][info ][safepoint   ] Safepoint "Cleanup", Time since last: 1002778708 ns, Reaching safepoint: 429667 ns, Cleanup: 39750 ns, At safepoint: 6917 ns, Total: 476334 ns
[2025-06-05T23:15:13.766+0000][1064.165s][debug][safepoint   ] Safepoint synchronization initiated using futex wait barrier. (184 threads)
[2025-06-05T23:15:13.767+0000][1064.166s][info ][safepoint   ] Safepoint "Cleanup", Time since last: 1000864250 ns, Reaching safepoint: 1148709 ns, Cleanup: 95791 ns, At safepoint: 16667 ns, Total: 1261167 ns
[2025-06-05T23:15:16.772+0000][1067.171s][debug][safepoint   ] Safepoint synchronization initiated using futex wait barrier. (184 threads)
[2025-06-05T23:15:16.772+0000][1067.171s][info ][safepoint   ] Safepoint "Cleanup", Time since last: 3004938042 ns, Reaching safepoint: 471709 ns, Cleanup: 32208 ns, At safepoint: 8458 ns, Total: 512375 ns
[2025-06-05T23:15:22.783+0000][1073.182s][debug][safepoint   ] Safepoint synchronization initiated using futex wait barrier. (184 threads)
[2025-06-05T23:15:22.784+0000][1073.183s][info ][safepoint   ] Safepoint "Cleanup", Time since last: 6010925128 ns, Reaching safepoint: 500667 ns, Cleanup: 28167 ns, At safepoint: 10875 ns, Total: 539709 ns
[2025-06-05T23:15:23.784+0000][1074.183s][debug][safepoint   ] Safepoint synchronization initiated using futex wait barrier. (184 threads)
[2025-06-05T23:15:23.785+0000][1074.184s][info ][safepoint   ] Safepoint "Cleanup", Time since last: 1000556458 ns, Reaching safepoint: 425625 ns, Cleanup: 19875 ns, At safepoint: 6084 ns, Total: 451584 ns
[2025-06-05T23:15:25.789+0000][1076.188s][debug][safepoint   ] Safepoint synchronization initiated using futex wait barrier. (184 threads)
[2025-06-05T23:15:25.790+0000][1076.189s][info ][safepoint   ] Safepoint "Cleanup", Time since last: 2004657834 ns, Reaching safepoint: 484167 ns, Cleanup: 24875 ns, At safepoint: 6125 ns, Total: 515167 ns
[2025-06-05T23:15:27.794+0000][1078.194s][debug][safepoint   ] Safepoint synchronization initiated using futex wait barrier. (184 threads)
[2025-06-05T23:15:27.797+0000][1078.196s][info ][safepoint   ] Safepoint "Cleanup", Time since last: 2004714792 ns, Reaching safepoint: 1975250 ns, Cleanup: 162959 ns, At safepoint: 16291 ns, Total: 2154500 ns
[2025-06-05T23:15:28.798+0000][1079.198s][debug][safepoint   ] Safepoint synchronization initiated using futex wait barrier. (184 threads)
[2025-06-05T23:15:28.800+0000][1079.199s][info ][safepoint   ] Safepoint "Cleanup", Time since last: 1001680167 ns, Reaching safepoint: 1379084 ns, Cleanup: 76333 ns, At safepoint: 43083 ns, Total: 1498500 ns
[2025-06-05T23:15:35.164+0000][1085.563s][debug][safepoint   ] Safepoint synchronization initiated using futex wait barrier. (184 threads)
[2025-06-05T23:15:35.164+0000][1085.564s][info ][safepoint   ] Safepoint "Cleanup", Time since last: 6364399545 ns, Reaching safepoint: 162333 ns, Cleanup: 12875 ns, At safepoint: 5834 ns, Total: 181042 ns
[2025-06-05T23:15:36.168+0000][1086.567s][debug][safepoint   ] Safepoint synchronization initiated using futex wait barrier. (184 threads)
[2025-06-05T23:15:36.169+0000][1086.568s][info ][safepoint   ] Safepoint "Cleanup", Time since last: 1003350417 ns, Reaching safepoint: 980333 ns, Cleanup: 92084 ns, At safepoint: 16416 ns, Total: 1088833 ns
[2025-06-05T23:15:41.177+0000][1091.576s][debug][safepoint   ] Safepoint synchronization initiated using futex wait barrier. (184 threads)
[2025-06-05T23:15:41.178+0000][1091.577s][info ][safepoint   ] Safepoint "Cleanup", Time since last: 5008408044 ns, Reaching safepoint: 412500 ns, Cleanup: 26750 ns, At safepoint: 6292 ns, Total: 445542 ns
[2025-06-05T23:15:49.190+0000][1099.590s][debug][safepoint   ] Safepoint synchronization initiated using futex wait barrier. (184 threads)
[2025-06-05T23:15:49.191+0000][1099.590s][info ][safepoint   ] Safepoint "Cleanup", Time since last: 8012800503 ns, Reaching safepoint: 333042 ns, Cleanup: 28458 ns, At safepoint: 5667 ns, Total: 367167 ns
[2025-06-05T23:15:55.200+0000][1105.600s][debug][safepoint   ] Safepoint synchronization initiated using futex wait barrier. (184 threads)
[2025-06-05T23:15:55.201+0000][1105.600s][info ][safepoint   ] Safepoint "Cleanup", Time since last: 6009803919 ns, Reaching safepoint: 508250 ns, Cleanup: 38042 ns, At safepoint: 11042 ns, Total: 557334 ns
[2025-06-05T23:16:03.216+0000][1113.616s][debug][safepoint   ] Safepoint synchronization initiated using futex wait barrier. (184 threads)
[2025-06-05T23:16:03.217+0000][1113.617s][info ][safepoint   ] Safepoint "Cleanup", Time since last: 8015089212 ns, Reaching safepoint: 1073833 ns, Cleanup: 83959 ns, At safepoint: 15791 ns, Total: 1173583 ns
[2025-06-05T23:16:17.301+0000][1127.702s][debug][safepoint   ] Safepoint synchronization initiated using futex wait barrier. (184 threads)
[2025-06-05T23:16:17.302+0000][1127.703s][info ][safepoint   ] Safepoint "Cleanup", Time since last: 14085470757 ns, Reaching safepoint: 1039541 ns, Cleanup: 61125 ns, At safepoint: 11792 ns, Total: 1112458 ns
[2025-06-05T23:16:19.305+0000][1129.707s][debug][safepoint   ] Safepoint synchronization initiated using futex wait barrier. (184 threads)
[2025-06-05T23:16:19.305+0000][1129.707s][info ][safepoint   ] Safepoint "Cleanup", Time since last: 2003247251 ns, Reaching safepoint: 160083 ns, Cleanup: 21459 ns, At safepoint: 2666 ns, Total: 184208 ns
[2025-06-05T23:16:22.316+0000][1132.717s][debug][safepoint   ] Safepoint synchronization initiated using futex wait barrier. (184 threads)
[2025-06-05T23:16:22.317+0000][1132.718s][info ][safepoint   ] Safepoint "Cleanup", Time since last: 3010740127 ns, Reaching safepoint: 481333 ns, Cleanup: 33958 ns, At safepoint: 5209 ns, Total: 520500 ns
[2025-06-05T23:16:22.794+0000][1133.195s][debug][safepoint   ] Safepoint synchronization initiated using futex wait barrier. (184 threads)
[2025-06-05T23:16:22.795+0000][1133.196s][debug][safepoint   ] ... found polling page loop exception at pc = 0x0000ffff7151c7f4, stub =0x0000ffff7097ef00
[2025-06-05T23:16:22.795+0000][1133.196s][info ][gc,start    ] GC(88) Pause Young (Normal) (G1 Evacuation Pause)
[2025-06-05T23:16:22.795+0000][1133.197s][info ][gc,task     ] GC(88) Using 2 workers of 2 for evacuation
[2025-06-05T23:16:22.818+0000][1133.219s][info ][gc,phases   ] GC(88)   Pre Evacuate Collection Set: 0.3ms
[2025-06-05T23:16:22.818+0000][1133.219s][info ][gc,phases   ] GC(88)   Merge Heap Roots: 0.3ms
[2025-06-05T23:16:22.818+0000][1133.219s][info ][gc,phases   ] GC(88)   Evacuate Collection Set: 20.0ms
[2025-06-05T23:16:22.818+0000][1133.219s][info ][gc,phases   ] GC(88)   Post Evacuate Collection Set: 1.7ms
[2025-06-05T23:16:22.818+0000][1133.219s][info ][gc,phases   ] GC(88)   Other: 0.6ms
[2025-06-05T23:16:22.818+0000][1133.220s][info ][gc,heap     ] GC(88) Eden regions: 293->0(294)
[2025-06-05T23:16:22.818+0000][1133.220s][info ][gc,heap     ] GC(88) Survivor regions: 9->8(38)
[2025-06-05T23:16:22.818+0000][1133.220s][info ][gc,heap     ] GC(88) Old regions: 176->177
[2025-06-05T23:16:22.818+0000][1133.220s][info ][gc,heap     ] GC(88) Archive regions: 2->2
[2025-06-05T23:16:22.818+0000][1133.220s][info ][gc,heap     ] GC(88) Humongous regions: 0->0
[2025-06-05T23:16:22.818+0000][1133.220s][info ][gc,metaspace] GC(88) Metaspace: 183484K(185024K)->183484K(185024K) NonClass: 161339K(162112K)->161339K(162112K) Class: 22144K(22912K)->22144K(22912K)
[2025-06-05T23:16:22.819+0000][1133.220s][info ][gc          ] GC(88) Pause Young (Normal) (G1 Evacuation Pause) 478M->185M(544M) 23.539ms
[2025-06-05T23:16:22.819+0000][1133.220s][info ][gc,cpu      ] GC(88) User=0.05s Sys=0.00s Real=0.02s
[2025-06-05T23:16:22.819+0000][1133.220s][info ][safepoint   ] Safepoint "G1CollectForAllocation", Time since last: 477310708 ns, Reaching safepoint: 897500 ns, Cleanup: 18667 ns, At safepoint: 24125417 ns, Total: 25041584 ns
[2025-06-05T23:16:23.823+0000][1134.225s][debug][safepoint   ] Safepoint synchronization initiated using futex wait barrier. (184 threads)
[2025-06-05T23:16:23.825+0000][1134.226s][info ][safepoint   ] Safepoint "Cleanup", Time since last: 1004288292 ns, Reaching safepoint: 1746875 ns, Cleanup: 93833 ns, At safepoint: 11292 ns, Total: 1852000 ns
[2025-06-05T23:16:31.760+0000][1142.161s][debug][safepoint   ] Safepoint synchronization initiated using futex wait barrier. (184 threads)
[2025-06-05T23:16:31.760+0000][1142.161s][info ][safepoint   ] Safepoint "Cleanup", Time since last: 7934412628 ns, Reaching safepoint: 505042 ns, Cleanup: 41500 ns, At safepoint: 6792 ns, Total: 553334 ns
[2025-06-05T23:16:36.766+0000][1147.167s][debug][safepoint   ] Safepoint synchronization initiated using futex wait barrier. (184 threads)
[2025-06-05T23:16:36.767+0000][1147.168s][info ][safepoint   ] Safepoint "Cleanup", Time since last: 5005772252 ns, Reaching safepoint: 1092750 ns, Cleanup: 86584 ns, At safepoint: 13125 ns, Total: 1192459 ns
[2025-06-05T23:16:45.784+0000][1156.185s][debug][safepoint   ] Safepoint synchronization initiated using futex wait barrier. (184 threads)
[2025-06-05T23:16:45.785+0000][1156.186s][info ][safepoint   ] Safepoint "Cleanup", Time since last: 9016460879 ns, Reaching safepoint: 936000 ns, Cleanup: 89958 ns, At safepoint: 12375 ns, Total: 1038333 ns
[2025-06-05T23:16:46.789+0000][1157.188s][debug][safepoint   ] Safepoint synchronization initiated using futex wait barrier. (184 threads)
[2025-06-05T23:16:46.789+0000][1157.188s][info ][safepoint   ] Safepoint "Cleanup", Time since last: 1002261417 ns, Reaching safepoint: 198958 ns, Cleanup: 14792 ns, At safepoint: 2458 ns, Total: 216208 ns
[2025-06-05T23:16:53.802+0000][1164.202s][debug][safepoint   ] Safepoint synchronization initiated using futex wait barrier. (184 threads)
[2025-06-05T23:16:53.804+0000][1164.204s][info ][safepoint   ] Safepoint "Cleanup", Time since last: 7013630087 ns, Reaching safepoint: 1488208 ns, Cleanup: 79584 ns, At safepoint: 14125 ns, Total: 1581917 ns
[2025-06-05T23:16:58.811+0000][1169.210s][debug][safepoint   ] Safepoint synchronization initiated using futex wait barrier. (184 threads)
[2025-06-05T23:16:58.811+0000][1169.210s][info ][safepoint   ] Safepoint "Cleanup", Time since last: 5006624210 ns, Reaching safepoint: 241792 ns, Cleanup: 12542 ns, At safepoint: 8958 ns, Total: 263292 ns
[2025-06-05T23:17:02.820+0000][1173.220s][debug][safepoint   ] Safepoint synchronization initiated using futex wait barrier. (184 threads)
[2025-06-05T23:17:02.822+0000][1173.222s][info ][safepoint   ] Safepoint "Cleanup", Time since last: 4009045252 ns, Reaching safepoint: 1894000 ns, Cleanup: 111917 ns, At safepoint: 14166 ns, Total: 2020083 ns
[2025-06-05T23:17:12.837+0000][1183.236s][debug][safepoint   ] Safepoint synchronization initiated using futex wait barrier. (184 threads)
[2025-06-05T23:17:12.837+0000][1183.237s][info ][safepoint   ] Safepoint "Cleanup", Time since last: 10014729130 ns, Reaching safepoint: 342333 ns, Cleanup: 32209 ns, At safepoint: 4666 ns, Total: 379208 ns
[2025-06-05T23:17:17.842+0000][1188.243s][debug][safepoint   ] Safepoint synchronization initiated using futex wait barrier. (184 threads)
[2025-06-05T23:17:17.843+0000][1188.244s][info ][safepoint   ] Safepoint "Cleanup", Time since last: 5005867752 ns, Reaching safepoint: 1114625 ns, Cleanup: 103333 ns, At safepoint: 41834 ns, Total: 1259792 ns
[2025-06-05T23:17:18.845+0000][1189.246s][debug][safepoint   ] Safepoint synchronization initiated using futex wait barrier. (184 threads)
[2025-06-05T23:17:18.846+0000][1189.246s][info ][safepoint   ] Safepoint "Cleanup", Time since last: 1002091083 ns, Reaching safepoint: 220542 ns, Cleanup: 16583 ns, At safepoint: 16334 ns, Total: 253459 ns
[2025-06-05T23:17:26.859+0000][1197.260s][debug][safepoint   ] Safepoint synchronization initiated using futex wait barrier. (184 threads)
[2025-06-05T23:17:26.860+0000][1197.260s][info ][safepoint   ] Safepoint "Cleanup", Time since last: 8013806212 ns, Reaching safepoint: 240833 ns, Cleanup: 25083 ns, At safepoint: 3000 ns, Total: 268916 ns
[2025-06-05T23:17:28.863+0000][1199.263s][debug][safepoint   ] Safepoint synchronization initiated using futex wait barrier. (184 threads)
[2025-06-05T23:17:28.863+0000][1199.263s][info ][safepoint   ] Safepoint "Cleanup", Time since last: 2002855168 ns, Reaching safepoint: 231875 ns, Cleanup: 23625 ns, At safepoint: 3125 ns, Total: 258625 ns
[2025-06-05T23:17:32.001+0000][1202.401s][debug][safepoint   ] Safepoint synchronization initiated using futex wait barrier. (184 threads)
[2025-06-05T23:17:32.001+0000][1202.402s][info ][safepoint   ] Safepoint "Cleanup", Time since last: 3137947293 ns, Reaching safepoint: 345250 ns, Cleanup: 44500 ns, At safepoint: 7167 ns, Total: 396917 ns
[2025-06-05T23:17:33.003+0000][1203.404s][debug][safepoint   ] Safepoint synchronization initiated using futex wait barrier. (184 threads)
[2025-06-05T23:17:33.005+0000][1203.405s][info ][safepoint   ] Safepoint "Cleanup", Time since last: 1002249625 ns, Reaching safepoint: 1106584 ns, Cleanup: 56083 ns, At safepoint: 15917 ns, Total: 1178584 ns
[2025-06-05T23:17:36.008+0000][1206.409s][debug][safepoint   ] Safepoint synchronization initiated using futex wait barrier. (184 threads)
[2025-06-05T23:17:36.009+0000][1206.409s][info ][safepoint   ] Safepoint "Cleanup", Time since last: 3003486210 ns, Reaching safepoint: 512000 ns, Cleanup: 24833 ns, At safepoint: 95958 ns, Total: 632791 ns
[2025-06-05T23:17:41.017+0000][1211.418s][debug][safepoint   ] Safepoint synchronization initiated using futex wait barrier. (184 threads)
[2025-06-05T23:17:41.018+0000][1211.419s][info ][safepoint   ] Safepoint "Cleanup", Time since last: 5008354878 ns, Reaching safepoint: 1046750 ns, Cleanup: 93416 ns, At safepoint: 13834 ns, Total: 1154000 ns
[2025-06-05T23:17:42.019+0000][1212.420s][debug][safepoint   ] Safepoint synchronization initiated using futex wait barrier. (184 threads)
[2025-06-05T23:17:42.021+0000][1212.421s][info ][safepoint   ] Safepoint "Cleanup", Time since last: 1000803875 ns, Reaching safepoint: 1545958 ns, Cleanup: 102292 ns, At safepoint: 18250 ns, Total: 1666500 ns
[2025-06-05T23:17:47.029+0000][1217.429s][debug][safepoint   ] Safepoint synchronization initiated using futex wait barrier. (184 threads)
[2025-06-05T23:17:47.029+0000][1217.430s][info ][safepoint   ] Safepoint "Cleanup", Time since last: 5008207543 ns, Reaching safepoint: 372834 ns, Cleanup: 27791 ns, At safepoint: 25167 ns, Total: 425792 ns
[2025-06-05T23:17:48.029+0000][1218.430s][debug][safepoint   ] Safepoint synchronization initiated using futex wait barrier. (184 threads)
[2025-06-05T23:17:48.030+0000][1218.431s][info ][safepoint   ] Safepoint "Cleanup", Time since last: 1000498001 ns, Reaching safepoint: 399541 ns, Cleanup: 36417 ns, At safepoint: 9292 ns, Total: 445250 ns
[2025-06-05T23:17:49.032+0000][1219.433s][debug][safepoint   ] Safepoint synchronization initiated using futex wait barrier. (184 threads)
[2025-06-05T23:17:49.032+0000][1219.433s][info ][safepoint   ] Safepoint "Cleanup", Time since last: 1001812583 ns, Reaching safepoint: 508125 ns, Cleanup: 91084 ns, At safepoint: 11791 ns, Total: 611000 ns
[2025-06-05T23:17:55.045+0000][1225.446s][debug][safepoint   ] Safepoint synchronization initiated using futex wait barrier. (184 threads)
[2025-06-05T23:17:55.046+0000][1225.447s][info ][safepoint   ] Safepoint "Cleanup", Time since last: 6012840878 ns, Reaching safepoint: 1174250 ns, Cleanup: 61917 ns, At safepoint: 14625 ns, Total: 1250792 ns
[2025-06-05T23:18:00.057+0000][1230.458s][debug][safepoint   ] Safepoint synchronization initiated using futex wait barrier. (184 threads)
[2025-06-05T23:18:00.058+0000][1230.458s][info ][safepoint   ] Safepoint "Cleanup", Time since last: 5010900336 ns, Reaching safepoint: 196375 ns, Cleanup: 17333 ns, At safepoint: 6250 ns, Total: 219958 ns
[2025-06-05T23:18:01.059+0000][1231.459s][debug][safepoint   ] Safepoint synchronization initiated using futex wait barrier. (184 threads)
[2025-06-05T23:18:01.061+0000][1231.462s][info ][safepoint   ] Safepoint "Cleanup", Time since last: 1001064000 ns, Reaching safepoint: 2207792 ns, Cleanup: 39458 ns, At safepoint: 9375 ns, Total: 2256625 ns
[2025-06-05T23:18:09.071+0000][1239.472s][debug][safepoint   ] Safepoint synchronization initiated using futex wait barrier. (184 threads)
[2025-06-05T23:18:09.073+0000][1239.474s][info ][safepoint   ] Safepoint "Cleanup", Time since last: 8010031004 ns, Reaching safepoint: 1915792 ns, Cleanup: 87500 ns, At safepoint: 18125 ns, Total: 2021417 ns
[2025-06-05T23:18:37.257+0000][1267.658s][debug][safepoint   ] Safepoint synchronization initiated using futex wait barrier. (184 threads)
[2025-06-05T23:18:37.258+0000][1267.659s][info ][safepoint   ] Safepoint "Cleanup", Time since last: 28184450346 ns, Reaching safepoint: 530417 ns, Cleanup: 33833 ns, At safepoint: 11333 ns, Total: 575583 ns
[2025-06-05T23:18:38.261+0000][1268.662s][debug][safepoint   ] Safepoint synchronization initiated using futex wait barrier. (184 threads)
[2025-06-05T23:18:38.262+0000][1268.663s][info ][safepoint   ] Safepoint "Cleanup", Time since last: 1003273626 ns, Reaching safepoint: 722875 ns, Cleanup: 39417 ns, At safepoint: 29416 ns, Total: 791708 ns
[2025-06-05T23:18:39.869+0000][1270.270s][debug][safepoint   ] Safepoint synchronization initiated using futex wait barrier. (184 threads)
[2025-06-05T23:18:39.871+0000][1270.272s][info ][gc,start    ] GC(89) Pause Young (Normal) (G1 Evacuation Pause)
[2025-06-05T23:18:39.872+0000][1270.273s][info ][gc,task     ] GC(89) Using 2 workers of 2 for evacuation
[2025-06-05T23:18:39.893+0000][1270.294s][info ][gc,phases   ] GC(89)   Pre Evacuate Collection Set: 0.5ms
[2025-06-05T23:18:39.893+0000][1270.294s][info ][gc,phases   ] GC(89)   Merge Heap Roots: 0.3ms
[2025-06-05T23:18:39.893+0000][1270.294s][info ][gc,phases   ] GC(89)   Evacuate Collection Set: 17.8ms
[2025-06-05T23:18:39.893+0000][1270.294s][info ][gc,phases   ] GC(89)   Post Evacuate Collection Set: 1.9ms
[2025-06-05T23:18:39.893+0000][1270.294s][info ][gc,phases   ] GC(89)   Other: 1.3ms
[2025-06-05T23:18:39.894+0000][1270.295s][info ][gc,heap     ] GC(89) Eden regions: 294->0(293)
[2025-06-05T23:18:39.894+0000][1270.295s][info ][gc,heap     ] GC(89) Survivor regions: 8->8(38)
[2025-06-05T23:18:39.894+0000][1270.295s][info ][gc,heap     ] GC(89) Old regions: 177->178
[2025-06-05T23:18:39.894+0000][1270.295s][info ][gc,heap     ] GC(89) Archive regions: 2->2
[2025-06-05T23:18:39.894+0000][1270.295s][info ][gc,heap     ] GC(89) Humongous regions: 0->0
[2025-06-05T23:18:39.894+0000][1270.295s][info ][gc,metaspace] GC(89) Metaspace: 183523K(185088K)->183523K(185088K) NonClass: 161378K(162176K)->161378K(162176K) Class: 22145K(22912K)->22145K(22912K)
[2025-06-05T23:18:39.894+0000][1270.295s][info ][gc          ] GC(89) Pause Young (Normal) (G1 Evacuation Pause) 479M->186M(544M) 23.032ms
[2025-06-05T23:18:39.894+0000][1270.295s][info ][gc,cpu      ] GC(89) User=0.04s Sys=0.00s Real=0.02s
[2025-06-05T23:18:39.894+0000][1270.296s][info ][safepoint   ] Safepoint "G1CollectForAllocation", Time since last: 1607355584 ns, Reaching safepoint: 1801750 ns, Cleanup: 10792 ns, At safepoint: 23543833 ns, Total: 25356375 ns
[2025-06-05T23:18:41.899+0000][1272.300s][debug][safepoint   ] Safepoint synchronization initiated using futex wait barrier. (184 threads)
[2025-06-05T23:18:41.900+0000][1272.302s][info ][safepoint   ] Safepoint "Cleanup", Time since last: 2004716460 ns, Reaching safepoint: 1219500 ns, Cleanup: 38708 ns, At safepoint: 11583 ns, Total: 1269791 ns
[2025-06-05T23:18:42.901+0000][1273.302s][debug][safepoint   ] Safepoint synchronization initiated using futex wait barrier. (184 threads)
[2025-06-05T23:18:42.901+0000][1273.302s][debug][safepoint   ] ... found polling page loop exception at pc = 0x0000ffff718b28c4, stub =0x0000ffff7097ef00
[2025-06-05T23:18:42.902+0000][1273.303s][info ][safepoint   ] Safepoint "Cleanup", Time since last: 1000609917 ns, Reaching safepoint: 1143167 ns, Cleanup: 33375 ns, At safepoint: 24917 ns, Total: 1201459 ns
[2025-06-05T23:18:43.904+0000][1274.305s][debug][safepoint   ] Safepoint synchronization initiated using futex wait barrier. (188 threads)
[2025-06-05T23:18:43.905+0000][1274.306s][info ][safepoint   ] Safepoint "Cleanup", Time since last: 1001898000 ns, Reaching safepoint: 425750 ns, Cleanup: 188750 ns, At safepoint: 8959 ns, Total: 623459 ns
[2025-06-05T23:18:50.917+0000][1281.317s][debug][safepoint   ] Safepoint synchronization initiated using futex wait barrier. (188 threads)
[2025-06-05T23:18:50.918+0000][1281.318s][info ][safepoint   ] Safepoint "Cleanup", Time since last: 7011509086 ns, Reaching safepoint: 763916 ns, Cleanup: 45000 ns, At safepoint: 7292 ns, Total: 816208 ns
[2025-06-05T23:18:53.921+0000][1284.322s][debug][safepoint   ] Safepoint synchronization initiated using futex wait barrier. (188 threads)
[2025-06-05T23:18:53.922+0000][1284.323s][info ][safepoint   ] Safepoint "Cleanup", Time since last: 3003752668 ns, Reaching safepoint: 886000 ns, Cleanup: 64708 ns, At safepoint: 11459 ns, Total: 962167 ns
[2025-06-05T23:18:56.927+0000][1287.328s][debug][safepoint   ] Safepoint synchronization initiated using futex wait barrier. (188 threads)
[2025-06-05T23:18:56.928+0000][1287.328s][info ][safepoint   ] Safepoint "Cleanup", Time since last: 3004563418 ns, Reaching safepoint: 490833 ns, Cleanup: 435209 ns, At safepoint: 11666 ns, Total: 937708 ns
[2025-06-05T23:19:04.942+0000][1295.343s][debug][safepoint   ] Safepoint synchronization initiated using futex wait barrier. (188 threads)
[2025-06-05T23:19:04.943+0000][1295.344s][info ][safepoint   ] Safepoint "Cleanup", Time since last: 8014406129 ns, Reaching safepoint: 1040500 ns, Cleanup: 87292 ns, At safepoint: 14500 ns, Total: 1142292 ns
[2025-06-05T23:19:18.966+0000][1309.367s][debug][safepoint   ] Safepoint synchronization initiated using futex wait barrier. (188 threads)
[2025-06-05T23:19:18.967+0000][1309.369s][info ][safepoint   ] Safepoint "Cleanup", Time since last: 14023420006 ns, Reaching safepoint: 1167458 ns, Cleanup: 59250 ns, At safepoint: 13417 ns, Total: 1240125 ns
[2025-06-05T23:19:19.969+0000][1310.370s][debug][safepoint   ] Safepoint synchronization initiated using futex wait barrier. (188 threads)
[2025-06-05T23:19:19.969+0000][1310.371s][info ][safepoint   ] Safepoint "Cleanup", Time since last: 1001275834 ns, Reaching safepoint: 401791 ns, Cleanup: 239875 ns, At safepoint: 5167 ns, Total: 646833 ns
[2025-06-05T23:19:22.974+0000][1313.375s][debug][safepoint   ] Safepoint synchronization initiated using futex wait barrier. (188 threads)
[2025-06-05T23:19:22.974+0000][1313.376s][info ][safepoint   ] Safepoint "Cleanup", Time since last: 3004622918 ns, Reaching safepoint: 421000 ns, Cleanup: 36292 ns, At safepoint: 6541 ns, Total: 463833 ns
[2025-06-05T23:19:26.979+0000][1317.380s][debug][safepoint   ] Safepoint synchronization initiated using futex wait barrier. (188 threads)
[2025-06-05T23:19:26.979+0000][1317.381s][debug][safepoint   ] ... found polling page loop exception at pc = 0x0000ffff718b28c4, stub =0x0000ffff7097ef00
[2025-06-05T23:19:26.980+0000][1317.381s][info ][safepoint   ] Safepoint "Cleanup", Time since last: 4004814294 ns, Reaching safepoint: 743625 ns, Cleanup: 9708 ns, At safepoint: 16000 ns, Total: 769333 ns
[2025-06-05T23:19:27.981+0000][1318.382s][debug][safepoint   ] Safepoint synchronization initiated using futex wait barrier. (189 threads)
[2025-06-05T23:19:27.982+0000][1318.384s][info ][safepoint   ] Safepoint "Cleanup", Time since last: 1001155959 ns, Reaching safepoint: 1148000 ns, Cleanup: 119500 ns, At safepoint: 14750 ns, Total: 1282250 ns
[2025-06-05T23:19:33.275+0000][1323.676s][debug][safepoint   ] Safepoint synchronization initiated using futex wait barrier. (189 threads)
[2025-06-05T23:19:33.276+0000][1323.677s][info ][safepoint   ] Safepoint "Cleanup", Time since last: 5292668128 ns, Reaching safepoint: 920583 ns, Cleanup: 128042 ns, At safepoint: 13291 ns, Total: 1061916 ns
[2025-06-05T23:19:34.278+0000][1324.680s][debug][safepoint   ] Safepoint synchronization initiated using futex wait barrier. (189 threads)
[2025-06-05T23:19:34.279+0000][1324.680s][info ][safepoint   ] Safepoint "Cleanup", Time since last: 1002194292 ns, Reaching safepoint: 439667 ns, Cleanup: 45500 ns, At safepoint: 7125 ns, Total: 492292 ns
[2025-06-05T23:19:36.281+0000][1326.682s][debug][safepoint   ] Safepoint synchronization initiated using futex wait barrier. (189 threads)
[2025-06-05T23:19:36.285+0000][1326.686s][info ][safepoint   ] Safepoint "Cleanup", Time since last: 2002166043 ns, Reaching safepoint: 3519875 ns, Cleanup: 65625 ns, At safepoint: 34916 ns, Total: 3620416 ns
[2025-06-05T23:19:38.288+0000][1328.690s][debug][safepoint   ] Safepoint synchronization initiated using futex wait barrier. (189 threads)
[2025-06-05T23:19:38.289+0000][1328.690s][info ][safepoint   ] Safepoint "Cleanup", Time since last: 2003874418 ns, Reaching safepoint: 439125 ns, Cleanup: 44792 ns, At safepoint: 7208 ns, Total: 491125 ns
[2025-06-05T23:19:41.237+0000][1331.638s][debug][safepoint   ] Safepoint synchronization initiated using futex wait barrier. (189 threads)
[2025-06-05T23:19:41.237+0000][1331.638s][info ][safepoint   ] Safepoint "G1TryInitiateConcMark", Time since last: 2947894585 ns, Reaching safepoint: 182666 ns, Cleanup: 48625 ns, At safepoint: 18542 ns, Total: 249833 ns
[2025-06-05T23:19:41.237+0000][1331.639s][debug][safepoint   ] Safepoint synchronization initiated using futex wait barrier. (189 threads)
[2025-06-05T23:19:41.237+0000][1331.639s][info ][gc,start    ] GC(90) Pause Young (Concurrent Start) (G1 Humongous Allocation)
[2025-06-05T23:19:41.237+0000][1331.639s][info ][gc,task     ] GC(90) Using 2 workers of 2 for evacuation
[2025-06-05T23:19:41.248+0000][1331.649s][info ][gc,phases   ] GC(90)   Pre Evacuate Collection Set: 0.4ms
[2025-06-05T23:19:41.248+0000][1331.650s][info ][gc,phases   ] GC(90)   Merge Heap Roots: 0.2ms
[2025-06-05T23:19:41.248+0000][1331.650s][info ][gc,phases   ] GC(90)   Evacuate Collection Set: 8.4ms
[2025-06-05T23:19:41.248+0000][1331.650s][info ][gc,phases   ] GC(90)   Post Evacuate Collection Set: 1.4ms
[2025-06-05T23:19:41.249+0000][1331.650s][info ][gc,phases   ] GC(90)   Other: 0.3ms
[2025-06-05T23:19:41.249+0000][1331.650s][info ][gc,heap     ] GC(90) Eden regions: 280->0(291)
[2025-06-05T23:19:41.249+0000][1331.650s][info ][gc,heap     ] GC(90) Survivor regions: 8->7(38)
[2025-06-05T23:19:41.249+0000][1331.650s][info ][gc,heap     ] GC(90) Old regions: 178->179
[2025-06-05T23:19:41.249+0000][1331.650s][info ][gc,heap     ] GC(90) Archive regions: 2->2
[2025-06-05T23:19:41.249+0000][1331.650s][info ][gc,heap     ] GC(90) Humongous regions: 24->3
[2025-06-05T23:19:41.249+0000][1331.650s][info ][gc,metaspace] GC(90) Metaspace: 183657K(185216K)->183657K(185216K) NonClass: 161504K(162304K)->161504K(162304K) Class: 22153K(22912K)->22153K(22912K)
[2025-06-05T23:19:41.249+0000][1331.650s][info ][gc          ] GC(90) Pause Young (Concurrent Start) (G1 Humongous Allocation) 489M->189M(544M) 11.428ms
[2025-06-05T23:19:41.249+0000][1331.650s][info ][gc,cpu      ] GC(90) User=0.02s Sys=0.00s Real=0.01s
[2025-06-05T23:19:41.249+0000][1331.650s][info ][safepoint   ] Safepoint "G1TryInitiateConcMark", Time since last: 160708 ns, Reaching safepoint: 109375 ns, Cleanup: 3792 ns, At safepoint: 11668042 ns, Total: 11781209 ns
[2025-06-05T23:19:41.249+0000][1331.650s][info ][gc          ] GC(91) Concurrent Undo Cycle
[2025-06-05T23:19:41.249+0000][1331.651s][info ][gc,marking  ] GC(91) Concurrent Cleanup for Next Mark
[2025-06-05T23:19:41.250+0000][1331.651s][info ][gc,marking  ] GC(91) Concurrent Cleanup for Next Mark 0.637ms
[2025-06-05T23:19:41.250+0000][1331.651s][info ][gc          ] GC(91) Concurrent Undo Cycle 1.055ms
[2025-06-05T23:19:42.250+0000][1332.651s][debug][safepoint   ] Safepoint synchronization initiated using futex wait barrier. (189 threads)
[2025-06-05T23:19:42.250+0000][1332.652s][info ][safepoint   ] Safepoint "Cleanup", Time since last: 1000924417 ns, Reaching safepoint: 301125 ns, Cleanup: 24666 ns, At safepoint: 6250 ns, Total: 332041 ns
[2025-06-05T23:19:43.253+0000][1333.655s][debug][safepoint   ] Safepoint synchronization initiated using futex wait barrier. (189 threads)
[2025-06-05T23:19:43.256+0000][1333.657s][info ][safepoint   ] Safepoint "Cleanup", Time since last: 1003030584 ns, Reaching safepoint: 2711500 ns, Cleanup: 78125 ns, At safepoint: 11167 ns, Total: 2800792 ns
[2025-06-05T23:19:46.261+0000][1336.662s][debug][safepoint   ] Safepoint synchronization initiated using futex wait barrier. (189 threads)
[2025-06-05T23:19:46.261+0000][1336.663s][info ][safepoint   ] Safepoint "Cleanup", Time since last: 3004891710 ns, Reaching safepoint: 262791 ns, Cleanup: 31792 ns, At safepoint: 3083 ns, Total: 297666 ns
[2025-06-05T23:19:47.262+0000][1337.663s][debug][safepoint   ] Safepoint synchronization initiated using futex wait barrier. (189 threads)
[2025-06-05T23:19:47.263+0000][1337.665s][info ][safepoint   ] Safepoint "Cleanup", Time since last: 1000720584 ns, Reaching safepoint: 1183958 ns, Cleanup: 35334 ns, At safepoint: 12875 ns, Total: 1232167 ns
[2025-06-05T23:19:49.266+0000][1339.668s][debug][safepoint   ] Safepoint synchronization initiated using futex wait barrier. (189 threads)
[2025-06-05T23:19:49.267+0000][1339.669s][info ][safepoint   ] Safepoint "Cleanup", Time since last: 2003010751 ns, Reaching safepoint: 1028916 ns, Cleanup: 78875 ns, At safepoint: 13209 ns, Total: 1121000 ns
[2025-06-05T23:19:56.280+0000][1346.681s][debug][safepoint   ] Safepoint synchronization initiated using futex wait barrier. (189 threads)
[2025-06-05T23:19:56.282+0000][1346.684s][info ][safepoint   ] Safepoint "Cleanup", Time since last: 7012369253 ns, Reaching safepoint: 2348167 ns, Cleanup: 163208 ns, At safepoint: 23083 ns, Total: 2534458 ns
[2025-06-05T23:20:00.289+0000][1350.690s][debug][safepoint   ] Safepoint synchronization initiated using futex wait barrier. (189 threads)
[2025-06-05T23:20:00.289+0000][1350.691s][info ][safepoint   ] Safepoint "Cleanup", Time since last: 4006857794 ns, Reaching safepoint: 180541 ns, Cleanup: 41125 ns, At safepoint: 2584 ns, Total: 224250 ns
[2025-06-05T23:20:02.295+0000][1352.696s][debug][safepoint   ] Safepoint synchronization initiated using futex wait barrier. (189 threads)
[2025-06-05T23:20:02.296+0000][1352.698s][info ][safepoint   ] Safepoint "Cleanup", Time since last: 2005670376 ns, Reaching safepoint: 1179458 ns, Cleanup: 81875 ns, At safepoint: 14500 ns, Total: 1275833 ns
[2025-06-05T23:20:06.305+0000][1356.706s][debug][safepoint   ] Safepoint synchronization initiated using futex wait barrier. (189 threads)
[2025-06-05T23:20:06.306+0000][1356.707s][info ][safepoint   ] Safepoint "Cleanup", Time since last: 4008858127 ns, Reaching safepoint: 545958 ns, Cleanup: 37542 ns, At safepoint: 10708 ns, Total: 594208 ns
[2025-06-05T23:20:14.320+0000][1364.721s][debug][safepoint   ] Safepoint synchronization initiated using futex wait barrier. (189 threads)
[2025-06-05T23:20:14.321+0000][1364.723s][info ][safepoint   ] Safepoint "Cleanup", Time since last: 8014317212 ns, Reaching safepoint: 1059959 ns, Cleanup: 81500 ns, At safepoint: 17458 ns, Total: 1158917 ns
[2025-06-05T23:20:20.331+0000][1370.733s][debug][safepoint   ] Safepoint synchronization initiated using futex wait barrier. (189 threads)
[2025-06-05T23:20:20.334+0000][1370.735s][info ][safepoint   ] Safepoint "Cleanup", Time since last: 6010240336 ns, Reaching safepoint: 1094458 ns, Cleanup: 976708 ns, At safepoint: 22084 ns, Total: 2093250 ns
[2025-06-05T23:20:27.346+0000][1377.748s][debug][safepoint   ] Safepoint synchronization initiated using futex wait barrier. (185 threads)
[2025-06-05T23:20:27.348+0000][1377.749s][info ][safepoint   ] Safepoint "Cleanup", Time since last: 7012617545 ns, Reaching safepoint: 1284916 ns, Cleanup: 35000 ns, At safepoint: 10792 ns, Total: 1330708 ns
[2025-06-05T23:20:28.350+0000][1378.751s][debug][safepoint   ] Safepoint synchronization initiated using futex wait barrier. (185 threads)
[2025-06-05T23:20:28.351+0000][1378.752s][info ][safepoint   ] Safepoint "Cleanup", Time since last: 1002015626 ns, Reaching safepoint: 1322083 ns, Cleanup: 120958 ns, At safepoint: 30542 ns, Total: 1473583 ns
[2025-06-05T23:20:35.280+0000][1385.681s][debug][safepoint   ] Safepoint synchronization initiated using futex wait barrier. (185 threads)
[2025-06-05T23:20:35.282+0000][1385.683s][info ][safepoint   ] Safepoint "Cleanup", Time since last: 6929019336 ns, Reaching safepoint: 1565334 ns, Cleanup: 50458 ns, At safepoint: 11250 ns, Total: 1627042 ns
[2025-06-05T23:20:42.294+0000][1392.695s][debug][safepoint   ] Safepoint synchronization initiated using futex wait barrier. (185 threads)
[2025-06-05T23:20:42.296+0000][1392.697s][info ][safepoint   ] Safepoint "Cleanup", Time since last: 7012381212 ns, Reaching safepoint: 1702416 ns, Cleanup: 132500 ns, At safepoint: 13667 ns, Total: 1848583 ns
[2025-06-05T23:20:59.329+0000][1409.730s][debug][safepoint   ] Safepoint synchronization initiated using futex wait barrier. (185 threads)
[2025-06-05T23:20:59.332+0000][1409.733s][info ][safepoint   ] Safepoint "Cleanup", Time since last: 17033104841 ns, Reaching safepoint: 2666208 ns, Cleanup: 51000 ns, At safepoint: 8792 ns, Total: 2726000 ns
[2025-06-05T23:21:10.353+0000][1420.754s][debug][safepoint   ] Safepoint synchronization initiated using futex wait barrier. (185 threads)
[2025-06-05T23:21:10.356+0000][1420.757s][info ][safepoint   ] Safepoint "Cleanup", Time since last: 11020965922 ns, Reaching safepoint: 2532583 ns, Cleanup: 133459 ns, At safepoint: 53000 ns, Total: 2719042 ns
[2025-06-05T23:21:24.376+0000][1434.778s][debug][safepoint   ] Safepoint synchronization initiated using futex wait barrier. (185 threads)
[2025-06-05T23:21:24.379+0000][1434.781s][info ][safepoint   ] Safepoint "Cleanup", Time since last: 14021576589 ns, Reaching safepoint: 2136542 ns, Cleanup: 98417 ns, At safepoint: 18291 ns, Total: 2253250 ns
[2025-06-05T23:21:25.381+0000][1435.783s][debug][safepoint   ] Safepoint synchronization initiated using futex wait barrier. (185 threads)
[2025-06-05T23:21:25.382+0000][1435.784s][info ][safepoint   ] Safepoint "Cleanup", Time since last: 1002779917 ns, Reaching safepoint: 326917 ns, Cleanup: 28167 ns, At safepoint: 7333 ns, Total: 362417 ns
[2025-06-05T23:21:25.749+0000][1436.151s][debug][safepoint   ] Safepoint synchronization initiated using futex wait barrier. (185 threads)
[2025-06-05T23:21:25.749+0000][1436.151s][debug][safepoint   ] ... found polling page loop exception at pc = 0x0000ffff71755684, stub =0x0000ffff7097ef00
[2025-06-05T23:21:25.749+0000][1436.151s][info ][gc,start    ] GC(92) Pause Young (Normal) (G1 Evacuation Pause)
[2025-06-05T23:21:25.749+0000][1436.151s][info ][gc,task     ] GC(92) Using 2 workers of 2 for evacuation
[2025-06-05T23:21:25.764+0000][1436.166s][info ][gc,phases   ] GC(92)   Pre Evacuate Collection Set: 0.1ms
[2025-06-05T23:21:25.764+0000][1436.166s][info ][gc,phases   ] GC(92)   Merge Heap Roots: 0.1ms
[2025-06-05T23:21:25.764+0000][1436.166s][info ][gc,phases   ] GC(92)   Evacuate Collection Set: 12.2ms
[2025-06-05T23:21:25.764+0000][1436.166s][info ][gc,phases   ] GC(92)   Post Evacuate Collection Set: 1.7ms
[2025-06-05T23:21:25.764+0000][1436.166s][info ][gc,phases   ] GC(92)   Other: 0.2ms
[2025-06-05T23:21:25.764+0000][1436.166s][info ][gc,heap     ] GC(92) Eden regions: 291->0(299)
[2025-06-05T23:21:25.764+0000][1436.166s][info ][gc,heap     ] GC(92) Survivor regions: 7->1(38)
[2025-06-05T23:21:25.764+0000][1436.166s][info ][gc,heap     ] GC(92) Old regions: 179->184
[2025-06-05T23:21:25.764+0000][1436.166s][info ][gc,heap     ] GC(92) Archive regions: 2->2
[2025-06-05T23:21:25.764+0000][1436.166s][info ][gc,heap     ] GC(92) Humongous regions: 19->0
[2025-06-05T23:21:25.764+0000][1436.166s][info ][gc,metaspace] GC(92) Metaspace: 183762K(185344K)->183762K(185344K) NonClass: 161604K(162432K)->161604K(162432K) Class: 22157K(22912K)->22157K(22912K)
[2025-06-05T23:21:25.765+0000][1436.166s][info ][gc          ] GC(92) Pause Young (Normal) (G1 Evacuation Pause) 496M->185M(544M) 15.173ms
[2025-06-05T23:21:25.765+0000][1436.166s][info ][gc,cpu      ] GC(92) User=0.03s Sys=0.00s Real=0.01s
[2025-06-05T23:21:25.765+0000][1436.167s][info ][safepoint   ] Safepoint "G1CollectForAllocation", Time since last: 367030834 ns, Reaching safepoint: 453958 ns, Cleanup: 6458 ns, At safepoint: 15394917 ns, Total: 15855333 ns
[2025-06-05T23:21:38.530+0000][1448.931s][debug][safepoint   ] Safepoint synchronization initiated using futex wait barrier. (184 threads)
[2025-06-05T23:21:38.532+0000][1448.933s][info ][safepoint   ] Safepoint "Cleanup", Time since last: 12764782756 ns, Reaching safepoint: 1895042 ns, Cleanup: 100708 ns, At safepoint: 26875 ns, Total: 2022625 ns
[2025-06-05T23:21:40.536+0000][1450.938s][debug][safepoint   ] Safepoint synchronization initiated using futex wait barrier. (184 threads)
[2025-06-05T23:21:40.538+0000][1450.940s][info ][safepoint   ] Safepoint "Cleanup", Time since last: 2004334084 ns, Reaching safepoint: 2173334 ns, Cleanup: 75250 ns, At safepoint: 19041 ns, Total: 2267625 ns
[2025-06-05T23:21:52.557+0000][1462.959s][debug][safepoint   ] Safepoint synchronization initiated using futex wait barrier. (184 threads)
[2025-06-05T23:21:52.558+0000][1462.960s][info ][safepoint   ] Safepoint "Cleanup", Time since last: 12018581338 ns, Reaching safepoint: 1023042 ns, Cleanup: 108750 ns, At safepoint: 14875 ns, Total: 1146667 ns
[2025-06-05T23:21:56.562+0000][1466.963s][debug][safepoint   ] Safepoint synchronization initiated using futex wait barrier. (184 threads)
[2025-06-05T23:21:56.562+0000][1466.964s][info ][safepoint   ] Safepoint "Cleanup", Time since last: 4003551585 ns, Reaching safepoint: 413250 ns, Cleanup: 29834 ns, At safepoint: 5500 ns, Total: 448584 ns
[2025-06-05T23:22:06.574+0000][1476.975s][debug][safepoint   ] Safepoint synchronization initiated using futex wait barrier. (184 threads)
[2025-06-05T23:22:06.575+0000][1476.977s][info ][safepoint   ] Safepoint "Cleanup", Time since last: 10011748629 ns, Reaching safepoint: 1630334 ns, Cleanup: 69750 ns, At safepoint: 10416 ns, Total: 1710500 ns
[2025-06-05T23:22:20.599+0000][1491.001s][debug][safepoint   ] Safepoint synchronization initiated using futex wait barrier. (184 threads)
[2025-06-05T23:22:20.602+0000][1491.004s][info ][safepoint   ] Safepoint "Cleanup", Time since last: 14023785882 ns, Reaching safepoint: 2873583 ns, Cleanup: 78125 ns, At safepoint: 18208 ns, Total: 2969916 ns
[2025-06-05T23:22:34.542+0000][1504.944s][debug][safepoint   ] Safepoint synchronization initiated using futex wait barrier. (184 threads)
[2025-06-05T23:22:34.543+0000][1504.944s][info ][safepoint   ] Safepoint "Cleanup", Time since last: 13939741215 ns, Reaching safepoint: 511000 ns, Cleanup: 54042 ns, At safepoint: 14333 ns, Total: 579375 ns
[2025-06-05T23:22:42.554+0000][1512.956s][debug][safepoint   ] Safepoint synchronization initiated using futex wait barrier. (184 threads)
[2025-06-05T23:22:42.557+0000][1512.958s][info ][safepoint   ] Safepoint "Cleanup", Time since last: 8011494338 ns, Reaching safepoint: 2418708 ns, Cleanup: 62417 ns, At safepoint: 10166 ns, Total: 2491291 ns
[2025-06-05T23:22:47.564+0000][1517.966s][debug][safepoint   ] Safepoint synchronization initiated using futex wait barrier. (184 threads)
[2025-06-05T23:22:47.565+0000][1517.967s][info ][safepoint   ] Safepoint "Cleanup", Time since last: 5008139335 ns, Reaching safepoint: 316417 ns, Cleanup: 43458 ns, At safepoint: 5000 ns, Total: 364875 ns
[2025-06-05T23:22:49.568+0000][1519.970s][debug][safepoint   ] Safepoint synchronization initiated using futex wait barrier. (184 threads)
[2025-06-05T23:22:49.569+0000][1519.971s][info ][safepoint   ] Safepoint "Cleanup", Time since last: 2003627460 ns, Reaching safepoint: 931666 ns, Cleanup: 60834 ns, At safepoint: 15583 ns, Total: 1008083 ns
[2025-06-05T23:23:01.587+0000][1531.988s][debug][safepoint   ] Safepoint synchronization initiated using futex wait barrier. (184 threads)
[2025-06-05T23:23:01.587+0000][1531.989s][info ][safepoint   ] Safepoint "Cleanup", Time since last: 12017061422 ns, Reaching safepoint: 635334 ns, Cleanup: 18875 ns, At safepoint: 2750 ns, Total: 656959 ns
[2025-06-05T23:23:15.608+0000][1546.010s][debug][safepoint   ] Safepoint synchronization initiated using futex wait barrier. (184 threads)
[2025-06-05T23:23:15.609+0000][1546.011s][info ][safepoint   ] Safepoint "Cleanup", Time since last: 14020436006 ns, Reaching safepoint: 938625 ns, Cleanup: 34167 ns, At safepoint: 11500 ns, Total: 984292 ns
[2025-06-05T23:23:16.610+0000][1547.012s][debug][safepoint   ] Safepoint synchronization initiated using futex wait barrier. (184 threads)
[2025-06-05T23:23:16.611+0000][1547.013s][info ][safepoint   ] Safepoint "Cleanup", Time since last: 1001790292 ns, Reaching safepoint: 614291 ns, Cleanup: 69167 ns, At safepoint: 7875 ns, Total: 691333 ns
[2025-06-05T23:23:29.629+0000][1560.031s][debug][safepoint   ] Safepoint synchronization initiated using futex wait barrier. (184 threads)
[2025-06-05T23:23:29.629+0000][1560.031s][info ][safepoint   ] Safepoint "Cleanup", Time since last: 13017676589 ns, Reaching safepoint: 553667 ns, Cleanup: 37792 ns, At safepoint: 11666 ns, Total: 603125 ns
[2025-06-05T23:23:43.555+0000][1573.957s][debug][safepoint   ] Safepoint synchronization initiated using futex wait barrier. (184 threads)
[2025-06-05T23:23:43.557+0000][1573.959s][info ][safepoint   ] Safepoint "Cleanup", Time since last: 13926145715 ns, Reaching safepoint: 1402542 ns, Cleanup: 52792 ns, At safepoint: 27875 ns, Total: 1483209 ns
[2025-06-05T23:23:47.764+0000][1578.167s][debug][safepoint   ] Safepoint synchronization initiated using futex wait barrier. (184 threads)
[2025-06-05T23:23:47.766+0000][1578.168s][info ][gc,start    ] GC(93) Pause Young (Normal) (G1 Evacuation Pause)
[2025-06-05T23:23:47.766+0000][1578.168s][info ][gc,task     ] GC(93) Using 2 workers of 2 for evacuation
[2025-06-05T23:23:47.777+0000][1578.179s][info ][gc,phases   ] GC(93)   Pre Evacuate Collection Set: 0.5ms
[2025-06-05T23:23:47.777+0000][1578.179s][info ][gc,phases   ] GC(93)   Merge Heap Roots: 0.3ms
[2025-06-05T23:23:47.777+0000][1578.179s][info ][gc,phases   ] GC(93)   Evacuate Collection Set: 6.6ms
[2025-06-05T23:23:47.777+0000][1578.179s][info ][gc,phases   ] GC(93)   Post Evacuate Collection Set: 2.8ms
[2025-06-05T23:23:47.777+0000][1578.180s][info ][gc,phases   ] GC(93)   Other: 0.8ms
[2025-06-05T23:23:47.777+0000][1578.180s][info ][gc,heap     ] GC(93) Eden regions: 299->0(298)
[2025-06-05T23:23:47.777+0000][1578.180s][info ][gc,heap     ] GC(93) Survivor regions: 1->1(38)
[2025-06-05T23:23:47.777+0000][1578.180s][info ][gc,heap     ] GC(93) Old regions: 184->185
[2025-06-05T23:23:47.777+0000][1578.180s][info ][gc,heap     ] GC(93) Archive regions: 2->2
[2025-06-05T23:23:47.778+0000][1578.180s][info ][gc,heap     ] GC(93) Humongous regions: 0->0
[2025-06-05T23:23:47.778+0000][1578.180s][info ][gc,metaspace] GC(93) Metaspace: 183805K(185344K)->183805K(185344K) NonClass: 161647K(162432K)->161647K(162432K) Class: 22157K(22912K)->22157K(22912K)
[2025-06-05T23:23:47.778+0000][1578.180s][info ][gc          ] GC(93) Pause Young (Normal) (G1 Evacuation Pause) 484M->186M(544M) 11.936ms
[2025-06-05T23:23:47.778+0000][1578.180s][info ][gc,cpu      ] GC(93) User=0.02s Sys=0.00s Real=0.01s
[2025-06-05T23:23:47.779+0000][1578.181s][info ][safepoint   ] Safepoint "G1CollectForAllocation", Time since last: 4207717251 ns, Reaching safepoint: 1264000 ns, Cleanup: 13416 ns, At safepoint: 12968209 ns, Total: 14245625 ns
[2025-06-05T23:23:48.782+0000][1579.184s][debug][safepoint   ] Safepoint synchronization initiated using futex wait barrier. (184 threads)
[2025-06-05T23:23:48.782+0000][1579.185s][info ][safepoint   ] Safepoint "Cleanup", Time since last: 1002904334 ns, Reaching safepoint: 661166 ns, Cleanup: 97917 ns, At safepoint: 14458 ns, Total: 773541 ns
[2025-06-05T23:23:57.796+0000][1588.199s][debug][safepoint   ] Safepoint synchronization initiated using futex wait barrier. (184 threads)
[2025-06-05T23:23:57.797+0000][1588.199s][info ][safepoint   ] Safepoint "Cleanup", Time since last: 9014186880 ns, Reaching safepoint: 591375 ns, Cleanup: 44000 ns, At safepoint: 10750 ns, Total: 646125 ns
[2025-06-05T23:24:26.186+0000][1616.588s][debug][safepoint   ] Safepoint synchronization initiated using futex wait barrier. (184 threads)
[2025-06-05T23:24:26.187+0000][1616.588s][info ][safepoint   ] Safepoint "Cleanup", Time since last: 28388501304 ns, Reaching safepoint: 419333 ns, Cleanup: 67750 ns, At safepoint: 10709 ns, Total: 497792 ns
[2025-06-05T23:24:27.320+0000][1617.722s][debug][safepoint   ] Safepoint synchronization initiated using futex wait barrier. (185 threads)
[2025-06-05T23:24:27.321+0000][1617.722s][info ][safepoint   ] Safepoint "Cleanup", Time since last: 1133325375 ns, Reaching safepoint: 414417 ns, Cleanup: 225750 ns, At safepoint: 9167 ns, Total: 649334 ns
[2025-06-05T23:24:30.326+0000][1620.728s][debug][safepoint   ] Safepoint synchronization initiated using futex wait barrier. (185 threads)
[2025-06-05T23:24:30.326+0000][1620.728s][info ][safepoint   ] Safepoint "Cleanup", Time since last: 3005254251 ns, Reaching safepoint: 424000 ns, Cleanup: 29500 ns, At safepoint: 6958 ns, Total: 460458 ns
[2025-06-05T23:24:31.329+0000][1621.731s][debug][safepoint   ] Safepoint synchronization initiated using futex wait barrier. (185 threads)
[2025-06-05T23:24:31.330+0000][1621.732s][info ][safepoint   ] Safepoint "Cleanup", Time since last: 1002558126 ns, Reaching safepoint: 1145708 ns, Cleanup: 51917 ns, At safepoint: 9083 ns, Total: 1206708 ns
[2025-06-05T23:24:39.771+0000][1630.173s][debug][safepoint   ] Safepoint synchronization initiated using futex wait barrier. (185 threads)
[2025-06-05T23:24:39.772+0000][1630.174s][info ][safepoint   ] Safepoint "Cleanup", Time since last: 8441020838 ns, Reaching safepoint: 1247250 ns, Cleanup: 193583 ns, At safepoint: 13792 ns, Total: 1454625 ns
[2025-06-05T23:24:40.774+0000][1631.176s][debug][safepoint   ] Safepoint synchronization initiated using futex wait barrier. (185 threads)
[2025-06-05T23:24:40.777+0000][1631.178s][info ][safepoint   ] Safepoint "Cleanup", Time since last: 1001723167 ns, Reaching safepoint: 2343458 ns, Cleanup: 73458 ns, At safepoint: 14417 ns, Total: 2431333 ns
[2025-06-05T23:24:53.819+0000][1644.222s][debug][safepoint   ] Safepoint synchronization initiated using futex wait barrier. (185 threads)
[2025-06-05T23:24:53.823+0000][1644.226s][info ][safepoint   ] Safepoint "Cleanup", Time since last: 13043405547 ns, Reaching safepoint: 3614709 ns, Cleanup: 104166 ns, At safepoint: 20000 ns, Total: 3738875 ns
[2025-06-05T23:24:58.831+0000][1649.233s][debug][safepoint   ] Safepoint synchronization initiated using futex wait barrier. (188 threads)
[2025-06-05T23:24:58.831+0000][1649.234s][info ][safepoint   ] Safepoint "Cleanup", Time since last: 5007597419 ns, Reaching safepoint: 448292 ns, Cleanup: 120792 ns, At safepoint: 14333 ns, Total: 583417 ns
[2025-06-05T23:25:06.846+0000][1657.248s][debug][safepoint   ] Safepoint synchronization initiated using futex wait barrier. (188 threads)
[2025-06-05T23:25:06.847+0000][1657.249s][info ][safepoint   ] Safepoint "Cleanup", Time since last: 8014610129 ns, Reaching safepoint: 645417 ns, Cleanup: 39125 ns, At safepoint: 9500 ns, Total: 694042 ns
[2025-06-05T23:25:07.849+0000][1658.251s][debug][safepoint   ] Safepoint synchronization initiated using futex wait barrier. (188 threads)
[2025-06-05T23:25:07.850+0000][1658.252s][info ][safepoint   ] Safepoint "Cleanup", Time since last: 1001889333 ns, Reaching safepoint: 845375 ns, Cleanup: 135000 ns, At safepoint: 9250 ns, Total: 989625 ns
[2025-06-05T23:25:10.856+0000][1661.259s][debug][safepoint   ] Safepoint synchronization initiated using futex wait barrier. (189 threads)
[2025-06-05T23:25:10.857+0000][1661.259s][info ][safepoint   ] Safepoint "Cleanup", Time since last: 3006726460 ns, Reaching safepoint: 192792 ns, Cleanup: 39208 ns, At safepoint: 5417 ns, Total: 237417 ns
[2025-06-05T23:25:11.857+0000][1662.259s][debug][safepoint   ] Safepoint synchronization initiated using futex wait barrier. (189 threads)
[2025-06-05T23:25:11.858+0000][1662.260s][info ][safepoint   ] Safepoint "Cleanup", Time since last: 1000327417 ns, Reaching safepoint: 849750 ns, Cleanup: 135500 ns, At safepoint: 27792 ns, Total: 1013042 ns
[2025-06-05T23:25:15.862+0000][1666.265s][debug][safepoint   ] Safepoint synchronization initiated using futex wait barrier. (189 threads)
[2025-06-05T23:25:15.869+0000][1666.271s][info ][safepoint   ] Safepoint "Cleanup", Time since last: 4004319751 ns, Reaching safepoint: 6237709 ns, Cleanup: 75666 ns, At safepoint: 19750 ns, Total: 6333125 ns
[2025-06-05T23:25:16.871+0000][1667.273s][debug][safepoint   ] Safepoint synchronization initiated using futex wait barrier. (189 threads)
[2025-06-05T23:25:16.872+0000][1667.274s][info ][safepoint   ] Safepoint "Cleanup", Time since last: 1002531083 ns, Reaching safepoint: 816709 ns, Cleanup: 60166 ns, At safepoint: 10625 ns, Total: 887500 ns
[2025-06-05T23:25:21.877+0000][1672.280s][debug][safepoint   ] Safepoint synchronization initiated using futex wait barrier. (189 threads)
[2025-06-05T23:25:21.878+0000][1672.281s][info ][safepoint   ] Safepoint "Cleanup", Time since last: 5005721336 ns, Reaching safepoint: 835708 ns, Cleanup: 27959 ns, At safepoint: 17375 ns, Total: 881042 ns
[2025-06-05T23:25:24.885+0000][1675.287s][debug][safepoint   ] Safepoint synchronization initiated using futex wait barrier. (189 threads)
[2025-06-05T23:25:24.886+0000][1675.289s][info ][safepoint   ] Safepoint "Cleanup", Time since last: 3006303126 ns, Reaching safepoint: 1305917 ns, Cleanup: 60625 ns, At safepoint: 16208 ns, Total: 1382750 ns
[2025-06-05T23:25:27.890+0000][1678.293s][debug][safepoint   ] Safepoint synchronization initiated using futex wait barrier. (189 threads)
[2025-06-05T23:25:27.891+0000][1678.293s][info ][safepoint   ] Safepoint "Cleanup", Time since last: 3003899710 ns, Reaching safepoint: 660542 ns, Cleanup: 78166 ns, At safepoint: 29542 ns, Total: 768250 ns
[2025-06-05T23:25:34.986+0000][1685.388s][debug][safepoint   ] Safepoint synchronization initiated using futex wait barrier. (189 threads)
[2025-06-05T23:25:34.986+0000][1685.389s][info ][safepoint   ] Safepoint "Cleanup", Time since last: 7094984128 ns, Reaching safepoint: 264209 ns, Cleanup: 18666 ns, At safepoint: 5209 ns, Total: 288084 ns
[2025-06-05T23:25:36.989+0000][1687.392s][debug][safepoint   ] Safepoint synchronization initiated using futex wait barrier. (189 threads)
[2025-06-05T23:25:36.991+0000][1687.393s][info ][safepoint   ] Safepoint "Cleanup", Time since last: 2003513084 ns, Reaching safepoint: 1124667 ns, Cleanup: 116000 ns, At safepoint: 15291 ns, Total: 1255958 ns
[2025-06-05T23:25:40.996+0000][1691.398s][debug][safepoint   ] Safepoint synchronization initiated using futex wait barrier. (189 threads)
[2025-06-05T23:25:40.996+0000][1691.399s][info ][safepoint   ] Safepoint "Cleanup", Time since last: 4005063294 ns, Reaching safepoint: 206208 ns, Cleanup: 16125 ns, At safepoint: 3959 ns, Total: 226292 ns
[2025-06-05T23:25:49.007+0000][1699.410s][debug][safepoint   ] Safepoint synchronization initiated using futex wait barrier. (189 threads)
[2025-06-05T23:25:49.008+0000][1699.411s][info ][safepoint   ] Safepoint "Cleanup", Time since last: 8011759836 ns, Reaching safepoint: 251958 ns, Cleanup: 22750 ns, At safepoint: 3334 ns, Total: 278042 ns
[2025-06-05T23:25:50.009+0000][1700.412s][debug][safepoint   ] Safepoint synchronization initiated using futex wait barrier. (189 threads)
[2025-06-05T23:25:50.010+0000][1700.413s][info ][safepoint   ] Safepoint "Cleanup", Time since last: 1001159417 ns, Reaching safepoint: 1055541 ns, Cleanup: 71334 ns, At safepoint: 17083 ns, Total: 1143958 ns
[2025-06-05T23:25:51.458+0000][1701.861s][debug][safepoint   ] Safepoint synchronization initiated using futex wait barrier. (189 threads)
[2025-06-05T23:25:51.459+0000][1701.862s][info ][gc,start    ] GC(94) Pause Young (Normal) (G1 Evacuation Pause)
[2025-06-05T23:25:51.459+0000][1701.862s][info ][gc,task     ] GC(94) Using 2 workers of 2 for evacuation
[2025-06-05T23:25:51.472+0000][1701.875s][info ][gc,phases   ] GC(94)   Pre Evacuate Collection Set: 0.7ms
[2025-06-05T23:25:51.472+0000][1701.875s][info ][gc,phases   ] GC(94)   Merge Heap Roots: 0.2ms
[2025-06-05T23:25:51.473+0000][1701.876s][info ][gc,phases   ] GC(94)   Evacuate Collection Set: 7.9ms
[2025-06-05T23:25:51.473+0000][1701.876s][info ][gc,phases   ] GC(94)   Post Evacuate Collection Set: 3.6ms
[2025-06-05T23:25:51.473+0000][1701.876s][info ][gc,phases   ] GC(94)   Other: 0.7ms
[2025-06-05T23:25:51.473+0000][1701.876s][info ][gc,heap     ] GC(94) Eden regions: 298->0(298)
[2025-06-05T23:25:51.473+0000][1701.876s][info ][gc,heap     ] GC(94) Survivor regions: 1->1(38)
[2025-06-05T23:25:51.473+0000][1701.876s][info ][gc,heap     ] GC(94) Old regions: 185->186
[2025-06-05T23:25:51.473+0000][1701.876s][info ][gc,heap     ] GC(94) Archive regions: 2->2
[2025-06-05T23:25:51.473+0000][1701.876s][info ][gc,heap     ] GC(94) Humongous regions: 0->0
[2025-06-05T23:25:51.473+0000][1701.876s][info ][gc,metaspace] GC(94) Metaspace: 184002K(185536K)->184002K(185536K) NonClass: 161834K(162624K)->161834K(162624K) Class: 22167K(22912K)->22167K(22912K)
[2025-06-05T23:25:51.473+0000][1701.876s][info ][gc          ] GC(94) Pause Young (Normal) (G1 Evacuation Pause) 484M->186M(544M) 14.313ms
[2025-06-05T23:25:51.474+0000][1701.877s][info ][gc,cpu      ] GC(94) User=0.02s Sys=0.00s Real=0.01s
[2025-06-05T23:25:51.474+0000][1701.877s][info ][safepoint   ] Safepoint "G1CollectForAllocation", Time since last: 1447866376 ns, Reaching safepoint: 1023708 ns, Cleanup: 19625 ns, At safepoint: 14898500 ns, Total: 15941833 ns
[2025-06-05T23:25:52.476+0000][1702.879s][debug][safepoint   ] Safepoint synchronization initiated using futex wait barrier. (189 threads)
[2025-06-05T23:25:52.476+0000][1702.879s][info ][safepoint   ] Safepoint "Cleanup", Time since last: 1002123084 ns, Reaching safepoint: 402167 ns, Cleanup: 44458 ns, At safepoint: 6417 ns, Total: 453042 ns
[2025-06-05T23:26:03.492+0000][1713.895s][debug][safepoint   ] Safepoint synchronization initiated using futex wait barrier. (188 threads)
[2025-06-05T23:26:03.494+0000][1713.897s][info ][safepoint   ] Safepoint "Cleanup", Time since last: 11015857338 ns, Reaching safepoint: 1177000 ns, Cleanup: 99084 ns, At safepoint: 15416 ns, Total: 1291500 ns
[2025-06-05T23:26:06.496+0000][1716.899s][debug][safepoint   ] Safepoint synchronization initiated using futex wait barrier. (188 threads)
[2025-06-05T23:26:06.499+0000][1716.902s][info ][safepoint   ] Safepoint "Cleanup", Time since last: 3002809210 ns, Reaching safepoint: 2796708 ns, Cleanup: 54584 ns, At safepoint: 8875 ns, Total: 2860167 ns
[2025-06-05T23:26:17.517+0000][1727.921s][debug][safepoint   ] Safepoint synchronization initiated using futex wait barrier. (185 threads)
[2025-06-05T23:26:17.519+0000][1727.922s][info ][safepoint   ] Safepoint "Cleanup", Time since last: 11018668463 ns, Reaching safepoint: 1470458 ns, Cleanup: 35167 ns, At safepoint: 10458 ns, Total: 1516083 ns
[2025-06-05T23:26:18.522+0000][1728.925s][debug][safepoint   ] Safepoint synchronization initiated using futex wait barrier. (185 threads)
[2025-06-05T23:26:18.522+0000][1728.926s][info ][safepoint   ] Safepoint "Cleanup", Time since last: 1002600917 ns, Reaching safepoint: 812125 ns, Cleanup: 33584 ns, At safepoint: 10791 ns, Total: 856500 ns
[2025-06-05T23:26:21.528+0000][1731.931s][debug][safepoint   ] Safepoint synchronization initiated using futex wait barrier. (185 threads)
[2025-06-05T23:26:21.529+0000][1731.932s][info ][safepoint   ] Safepoint "Cleanup", Time since last: 3005508294 ns, Reaching safepoint: 536708 ns, Cleanup: 24667 ns, At safepoint: 6541 ns, Total: 567916 ns
[2025-06-05T23:26:26.534+0000][1736.937s][debug][safepoint   ] Safepoint synchronization initiated using futex wait barrier. (185 threads)
[2025-06-05T23:26:26.535+0000][1736.938s][info ][safepoint   ] Safepoint "Cleanup", Time since last: 5005507628 ns, Reaching safepoint: 944291 ns, Cleanup: 43959 ns, At safepoint: 6958 ns, Total: 995208 ns
[2025-06-05T23:26:31.541+0000][1741.945s][debug][safepoint   ] Safepoint synchronization initiated using futex wait barrier. (185 threads)
[2025-06-05T23:26:31.542+0000][1741.946s][info ][safepoint   ] Safepoint "Cleanup", Time since last: 5006443377 ns, Reaching safepoint: 655167 ns, Cleanup: 166083 ns, At safepoint: 17500 ns, Total: 838750 ns
[2025-06-05T23:26:33.047+0000][1743.451s][debug][safepoint   ] Safepoint synchronization initiated using futex wait barrier. (185 threads)
[2025-06-05T23:26:33.049+0000][1743.452s][info ][safepoint   ] Safepoint "Cleanup", Time since last: 1504983126 ns, Reaching safepoint: 1681792 ns, Cleanup: 74666 ns, At safepoint: 11417 ns, Total: 1767875 ns
[2025-06-05T23:26:34.050+0000][1744.453s][debug][safepoint   ] Safepoint synchronization initiated using futex wait barrier. (185 threads)
[2025-06-05T23:26:34.051+0000][1744.454s][info ][safepoint   ] Safepoint "Cleanup", Time since last: 1000821501 ns, Reaching safepoint: 642000 ns, Cleanup: 51875 ns, At safepoint: 7250 ns, Total: 701125 ns
[2025-06-05T23:26:45.065+0000][1755.468s][debug][safepoint   ] Safepoint synchronization initiated using futex wait barrier. (185 threads)
[2025-06-05T23:26:45.065+0000][1755.469s][info ][safepoint   ] Safepoint "Cleanup", Time since last: 11013926088 ns, Reaching safepoint: 821750 ns, Cleanup: 79458 ns, At safepoint: 12750 ns, Total: 913958 ns
[2025-06-05T23:26:53.077+0000][1763.481s][debug][safepoint   ] Safepoint synchronization initiated using futex wait barrier. (187 threads)
[2025-06-05T23:26:53.078+0000][1763.481s][info ][safepoint   ] Safepoint "Cleanup", Time since last: 8011713254 ns, Reaching safepoint: 888625 ns, Cleanup: 60125 ns, At safepoint: 11000 ns, Total: 959750 ns
[2025-06-05T23:26:54.079+0000][1764.483s][debug][safepoint   ] Safepoint synchronization initiated using futex wait barrier. (187 threads)
[2025-06-05T23:26:54.080+0000][1764.483s][info ][safepoint   ] Safepoint "Cleanup", Time since last: 1001162583 ns, Reaching safepoint: 539375 ns, Cleanup: 31125 ns, At safepoint: 12125 ns, Total: 582625 ns
[2025-06-05T23:26:59.086+0000][1769.489s][debug][safepoint   ] Safepoint synchronization initiated using futex wait barrier. (187 threads)
[2025-06-05T23:26:59.087+0000][1769.491s][info ][safepoint   ] Safepoint "Cleanup", Time since last: 5005979503 ns, Reaching safepoint: 1565958 ns, Cleanup: 25458 ns, At safepoint: 24834 ns, Total: 1616250 ns
[2025-06-05T23:27:01.090+0000][1771.493s][debug][safepoint   ] Safepoint synchronization initiated using futex wait barrier. (185 threads)
[2025-06-05T23:27:01.091+0000][1771.494s][info ][safepoint   ] Safepoint "Cleanup", Time since last: 2002664709 ns, Reaching safepoint: 343125 ns, Cleanup: 30125 ns, At safepoint: 6000 ns, Total: 379250 ns
[2025-06-05T23:27:02.092+0000][1772.495s][debug][safepoint   ] Safepoint synchronization initiated using futex wait barrier. (185 threads)
[2025-06-05T23:27:02.092+0000][1772.496s][info ][safepoint   ] Safepoint "Cleanup", Time since last: 1001334209 ns, Reaching safepoint: 353167 ns, Cleanup: 25333 ns, At safepoint: 6458 ns, Total: 384958 ns
[2025-06-05T23:27:04.094+0000][1774.497s][debug][safepoint   ] Safepoint synchronization initiated using futex wait barrier. (187 threads)
[2025-06-05T23:27:04.094+0000][1774.497s][info ][safepoint   ] Safepoint "Cleanup", Time since last: 2001650543 ns, Reaching safepoint: 244333 ns, Cleanup: 15917 ns, At safepoint: 3667 ns, Total: 263917 ns
[2025-06-05T23:27:05.096+0000][1775.499s][debug][safepoint   ] Safepoint synchronization initiated using futex wait barrier. (187 threads)
[2025-06-05T23:27:05.096+0000][1775.500s][info ][safepoint   ] Safepoint "Cleanup", Time since last: 1001465208 ns, Reaching safepoint: 545334 ns, Cleanup: 38958 ns, At safepoint: 10292 ns, Total: 594584 ns
[2025-06-05T23:27:08.102+0000][1778.505s][debug][safepoint   ] Safepoint synchronization initiated using futex wait barrier. (187 threads)
[2025-06-05T23:27:08.103+0000][1778.506s][info ][safepoint   ] Safepoint "Cleanup", Time since last: 3005721543 ns, Reaching safepoint: 1100583 ns, Cleanup: 24042 ns, At safepoint: 49333 ns, Total: 1173958 ns
[2025-06-05T23:27:09.105+0000][1779.509s][debug][safepoint   ] Safepoint synchronization initiated using futex wait barrier. (188 threads)
[2025-06-05T23:27:09.108+0000][1779.511s][info ][safepoint   ] Safepoint "Cleanup", Time since last: 1002080376 ns, Reaching safepoint: 2217708 ns, Cleanup: 169000 ns, At safepoint: 13917 ns, Total: 2400625 ns
[2025-06-05T23:27:13.114+0000][1783.517s][debug][safepoint   ] Safepoint synchronization initiated using futex wait barrier. (185 threads)
[2025-06-05T23:27:13.115+0000][1783.518s][info ][safepoint   ] Safepoint "Cleanup", Time since last: 4006022376 ns, Reaching safepoint: 1253917 ns, Cleanup: 111042 ns, At safepoint: 13375 ns, Total: 1378334 ns
[2025-06-05T23:27:14.116+0000][1784.520s][debug][safepoint   ] Safepoint synchronization initiated using futex wait barrier. (185 threads)
[2025-06-05T23:27:14.117+0000][1784.520s][info ][safepoint   ] Safepoint "Cleanup", Time since last: 1001278792 ns, Reaching safepoint: 624250 ns, Cleanup: 49708 ns, At safepoint: 8375 ns, Total: 682333 ns
[2025-06-05T23:27:18.123+0000][1788.527s][debug][safepoint   ] Safepoint synchronization initiated using futex wait barrier. (185 threads)
[2025-06-05T23:27:18.125+0000][1788.528s][info ][safepoint   ] Safepoint "Cleanup", Time since last: 4006683794 ns, Reaching safepoint: 1019041 ns, Cleanup: 102917 ns, At safepoint: 14958 ns, Total: 1136916 ns
[2025-06-05T23:27:19.126+0000][1789.530s][debug][safepoint   ] Safepoint synchronization initiated using futex wait barrier. (187 threads)
[2025-06-05T23:27:19.129+0000][1789.532s][info ][safepoint   ] Safepoint "Cleanup", Time since last: 1001641626 ns, Reaching safepoint: 2478875 ns, Cleanup: 92166 ns, At safepoint: 9459 ns, Total: 2580500 ns
[2025-06-05T23:27:27.141+0000][1797.544s][debug][safepoint   ] Safepoint synchronization initiated using futex wait barrier. (187 threads)
[2025-06-05T23:27:27.142+0000][1797.545s][info ][safepoint   ] Safepoint "Cleanup", Time since last: 8012129129 ns, Reaching safepoint: 508166 ns, Cleanup: 122375 ns, At safepoint: 11792 ns, Total: 642333 ns
[2025-06-05T23:27:28.143+0000][1798.546s][debug][safepoint   ] Safepoint synchronization initiated using futex wait barrier. (187 threads)
[2025-06-05T23:27:28.143+0000][1798.547s][info ][safepoint   ] Safepoint "Cleanup", Time since last: 1001234500 ns, Reaching safepoint: 225667 ns, Cleanup: 16250 ns, At safepoint: 2125 ns, Total: 244042 ns
[2025-06-05T23:27:41.074+0000][1811.478s][debug][safepoint   ] Safepoint synchronization initiated using futex wait barrier. (185 threads)
[2025-06-05T23:27:41.075+0000][1811.479s][info ][safepoint   ] Safepoint "Cleanup", Time since last: 12931187173 ns, Reaching safepoint: 924000 ns, Cleanup: 90208 ns, At safepoint: 15584 ns, Total: 1029792 ns
[2025-06-05T23:27:45.081+0000][1815.484s][debug][safepoint   ] Safepoint synchronization initiated using futex wait barrier. (185 threads)
[2025-06-05T23:27:45.082+0000][1815.486s][info ][safepoint   ] Safepoint "Cleanup", Time since last: 4005573210 ns, Reaching safepoint: 1100666 ns, Cleanup: 77292 ns, At safepoint: 12208 ns, Total: 1190166 ns
[2025-06-05T23:27:47.086+0000][1817.488s][debug][safepoint   ] Safepoint synchronization initiated using futex wait barrier. (185 threads)
[2025-06-05T23:27:47.086+0000][1817.489s][info ][safepoint   ] Safepoint "Cleanup", Time since last: 2002736834 ns, Reaching safepoint: 813792 ns, Cleanup: 97083 ns, At safepoint: 42042 ns, Total: 952917 ns
[2025-06-05T23:27:50.090+0000][1820.493s][debug][safepoint   ] Safepoint synchronization initiated using futex wait barrier. (185 threads)
[2025-06-05T23:27:50.091+0000][1820.494s][info ][safepoint   ] Safepoint "Cleanup", Time since last: 3003572876 ns, Reaching safepoint: 966750 ns, Cleanup: 76834 ns, At safepoint: 14708 ns, Total: 1058292 ns
[2025-06-05T23:27:54.096+0000][1824.499s][debug][safepoint   ] Safepoint synchronization initiated using futex wait barrier. (188 threads)
[2025-06-05T23:27:54.098+0000][1824.500s][info ][safepoint   ] Safepoint "Cleanup", Time since last: 4005347210 ns, Reaching safepoint: 885167 ns, Cleanup: 149375 ns, At safepoint: 23000 ns, Total: 1057542 ns
[2025-06-05T23:27:55.099+0000][1825.502s][debug][safepoint   ] Safepoint synchronization initiated using futex wait barrier. (188 threads)
[2025-06-05T23:27:55.100+0000][1825.503s][info ][safepoint   ] Safepoint "Cleanup", Time since last: 1001296084 ns, Reaching safepoint: 854708 ns, Cleanup: 88375 ns, At safepoint: 14292 ns, Total: 957375 ns
[2025-06-05T23:27:59.898+0000][1830.301s][debug][safepoint   ] Safepoint synchronization initiated using futex wait barrier. (188 threads)
[2025-06-05T23:27:59.898+0000][1830.301s][info ][gc,start    ] GC(95) Pause Young (Normal) (G1 Evacuation Pause)
[2025-06-05T23:27:59.899+0000][1830.301s][info ][gc,task     ] GC(95) Using 2 workers of 2 for evacuation
[2025-06-05T23:27:59.906+0000][1830.309s][info ][gc,phases   ] GC(95)   Pre Evacuate Collection Set: 0.1ms
[2025-06-05T23:27:59.907+0000][1830.309s][info ][gc,phases   ] GC(95)   Merge Heap Roots: 0.1ms
[2025-06-05T23:27:59.907+0000][1830.309s][info ][gc,phases   ] GC(95)   Evacuate Collection Set: 6.2ms
[2025-06-05T23:27:59.907+0000][1830.309s][info ][gc,phases   ] GC(95)   Post Evacuate Collection Set: 1.5ms
[2025-06-05T23:27:59.907+0000][1830.309s][info ][gc,phases   ] GC(95)   Other: 0.2ms
[2025-06-05T23:27:59.907+0000][1830.310s][info ][gc,heap     ] GC(95) Eden regions: 298->0(292)
[2025-06-05T23:27:59.907+0000][1830.310s][info ][gc,heap     ] GC(95) Survivor regions: 1->4(38)
[2025-06-05T23:27:59.907+0000][1830.310s][info ][gc,heap     ] GC(95) Old regions: 186->186
[2025-06-05T23:27:59.907+0000][1830.310s][info ][gc,heap     ] GC(95) Archive regions: 2->2
[2025-06-05T23:27:59.907+0000][1830.310s][info ][gc,heap     ] GC(95) Humongous regions: 0->0
[2025-06-05T23:27:59.907+0000][1830.310s][info ][gc,metaspace] GC(95) Metaspace: 184158K(185664K)->184158K(185664K) NonClass: 161990K(162752K)->161990K(162752K) Class: 22168K(22912K)->22168K(22912K)
[2025-06-05T23:27:59.907+0000][1830.310s][info ][gc          ] GC(95) Pause Young (Normal) (G1 Evacuation Pause) 484M->189M(544M) 8.524ms
[2025-06-05T23:27:59.907+0000][1830.310s][info ][gc,cpu      ] GC(95) User=0.02s Sys=0.00s Real=0.00s
[2025-06-05T23:27:59.907+0000][1830.310s][info ][safepoint   ] Safepoint "G1CollectForAllocation", Time since last: 4798246460 ns, Reaching safepoint: 425292 ns, Cleanup: 7208 ns, At safepoint: 8753375 ns, Total: 9185875 ns
[2025-06-05T23:28:00.909+0000][1831.312s][debug][safepoint   ] Safepoint synchronization initiated using futex wait barrier. (189 threads)
[2025-06-05T23:28:00.911+0000][1831.314s][info ][safepoint   ] Safepoint "Cleanup", Time since last: 1002237376 ns, Reaching safepoint: 1006666 ns, Cleanup: 332334 ns, At safepoint: 82666 ns, Total: 1421666 ns
[2025-06-05T23:28:06.918+0000][1837.321s][debug][safepoint   ] Safepoint synchronization initiated using futex wait barrier. (189 threads)
[2025-06-05T23:28:06.920+0000][1837.323s][info ][safepoint   ] Safepoint "Cleanup", Time since last: 6007347087 ns, Reaching safepoint: 1698458 ns, Cleanup: 74167 ns, At safepoint: 9125 ns, Total: 1781750 ns
[2025-06-05T23:28:08.473+0000][1838.875s][debug][safepoint   ] Safepoint synchronization initiated using futex wait barrier. (189 threads)
[2025-06-05T23:28:08.473+0000][1838.876s][info ][safepoint   ] Safepoint "Cleanup", Time since last: 1552582417 ns, Reaching safepoint: 177000 ns, Cleanup: 9500 ns, At safepoint: 5042 ns, Total: 191542 ns
[2025-06-05T23:28:09.476+0000][1839.879s][debug][safepoint   ] Safepoint synchronization initiated using futex wait barrier. (189 threads)
[2025-06-05T23:28:09.478+0000][1839.880s][info ][safepoint   ] Safepoint "Cleanup", Time since last: 1003626417 ns, Reaching safepoint: 1071083 ns, Cleanup: 137583 ns, At safepoint: 16084 ns, Total: 1224750 ns
[2025-06-05T23:28:10.479+0000][1840.881s][debug][safepoint   ] Safepoint synchronization initiated using futex wait barrier. (189 threads)
[2025-06-05T23:28:10.479+0000][1840.882s][info ][safepoint   ] Safepoint "Cleanup", Time since last: 1000976292 ns, Reaching safepoint: 335042 ns, Cleanup: 27041 ns, At safepoint: 18292 ns, Total: 380375 ns
[2025-06-05T23:28:15.485+0000][1845.888s][debug][safepoint   ] Safepoint synchronization initiated using futex wait barrier. (189 threads)
[2025-06-05T23:28:15.486+0000][1845.889s][info ][safepoint   ] Safepoint "Cleanup", Time since last: 5006168086 ns, Reaching safepoint: 834791 ns, Cleanup: 73750 ns, At safepoint: 10375 ns, Total: 918916 ns
[2025-06-05T23:28:22.491+0000][1852.895s][debug][safepoint   ] Safepoint synchronization initiated using futex wait barrier. (189 threads)
[2025-06-05T23:28:22.493+0000][1852.896s][info ][safepoint   ] Safepoint "Cleanup", Time since last: 7005740378 ns, Reaching safepoint: 992292 ns, Cleanup: 157125 ns, At safepoint: 15458 ns, Total: 1164875 ns
[2025-06-05T23:28:28.499+0000][1858.902s][debug][safepoint   ] Safepoint synchronization initiated using futex wait barrier. (189 threads)
[2025-06-05T23:28:28.499+0000][1858.902s][info ][safepoint   ] Safepoint "Cleanup", Time since last: 6006460253 ns, Reaching safepoint: 201458 ns, Cleanup: 15042 ns, At safepoint: 7333 ns, Total: 223833 ns
[2025-06-05T23:28:29.501+0000][1859.904s][debug][safepoint   ] Safepoint synchronization initiated using futex wait barrier. (189 threads)
[2025-06-05T23:28:29.502+0000][1859.905s][info ][safepoint   ] Safepoint "Cleanup", Time since last: 1001300001 ns, Reaching safepoint: 935708 ns, Cleanup: 62792 ns, At safepoint: 15583 ns, Total: 1014083 ns
[2025-06-05T23:28:37.097+0000][1867.500s][debug][safepoint   ] Safepoint synchronization initiated using futex wait barrier. (189 threads)
[2025-06-05T23:28:37.097+0000][1867.500s][info ][safepoint   ] Safepoint "Cleanup", Time since last: 7595131420 ns, Reaching safepoint: 563000 ns, Cleanup: 44542 ns, At safepoint: 10708 ns, Total: 618250 ns
[2025-06-05T23:28:42.101+0000][1872.505s][debug][safepoint   ] Safepoint synchronization initiated using futex wait barrier. (189 threads)
[2025-06-05T23:28:42.102+0000][1872.505s][info ][safepoint   ] Safepoint "Cleanup", Time since last: 5004160336 ns, Reaching safepoint: 265208 ns, Cleanup: 17959 ns, At safepoint: 4041 ns, Total: 287208 ns
[2025-06-05T23:28:51.115+0000][1881.518s][debug][safepoint   ] Safepoint synchronization initiated using futex wait barrier. (189 threads)
[2025-06-05T23:28:51.116+0000][1881.519s][info ][safepoint   ] Safepoint "Cleanup", Time since last: 9013239837 ns, Reaching safepoint: 1003375 ns, Cleanup: 52292 ns, At safepoint: 31250 ns, Total: 1086917 ns
[2025-06-05T23:29:04.134+0000][1894.538s][debug][safepoint   ] Safepoint synchronization initiated using futex wait barrier. (185 threads)
[2025-06-05T23:29:04.135+0000][1894.538s][info ][safepoint   ] Safepoint "Cleanup", Time since last: 13018568215 ns, Reaching safepoint: 195041 ns, Cleanup: 15625 ns, At safepoint: 1875 ns, Total: 212541 ns
[2025-06-05T23:29:05.137+0000][1895.540s][debug][safepoint   ] Safepoint synchronization initiated using futex wait barrier. (185 threads)
[2025-06-05T23:29:05.138+0000][1895.541s][info ][safepoint   ] Safepoint "Cleanup", Time since last: 1001871751 ns, Reaching safepoint: 923541 ns, Cleanup: 40334 ns, At safepoint: 6541 ns, Total: 970416 ns
[2025-06-05T23:29:06.139+0000][1896.543s][debug][safepoint   ] Safepoint synchronization initiated using futex wait barrier. (185 threads)
[2025-06-05T23:29:06.140+0000][1896.543s][info ][safepoint   ] Safepoint "Cleanup", Time since last: 1001627876 ns, Reaching safepoint: 513666 ns, Cleanup: 31709 ns, At safepoint: 11750 ns, Total: 557125 ns
[2025-06-05T23:29:07.141+0000][1897.544s][debug][safepoint   ] Safepoint synchronization initiated using futex wait barrier. (185 threads)
[2025-06-05T23:29:07.141+0000][1897.545s][info ][safepoint   ] Safepoint "Cleanup", Time since last: 1001343542 ns, Reaching safepoint: 321125 ns, Cleanup: 22625 ns, At safepoint: 6292 ns, Total: 350042 ns
[2025-06-05T23:29:18.159+0000][1908.563s][debug][safepoint   ] Safepoint synchronization initiated using futex wait barrier. (185 threads)
[2025-06-05T23:29:18.159+0000][1908.563s][info ][safepoint   ] Safepoint "Cleanup", Time since last: 11018420587 ns, Reaching safepoint: 153792 ns, Cleanup: 23083 ns, At safepoint: 2917 ns, Total: 179792 ns
[2025-06-05T23:29:19.160+0000][1909.565s][debug][safepoint   ] Safepoint synchronization initiated using futex wait barrier. (185 threads)
[2025-06-05T23:29:19.161+0000][1909.565s][info ][safepoint   ] Safepoint "Cleanup", Time since last: 1001194000 ns, Reaching safepoint: 404125 ns, Cleanup: 31250 ns, At safepoint: 8250 ns, Total: 443625 ns
[2025-06-05T23:29:24.166+0000][1914.570s][debug][safepoint   ] Safepoint synchronization initiated using futex wait barrier. (186 threads)
[2025-06-05T23:29:24.167+0000][1914.571s][info ][safepoint   ] Safepoint "Cleanup", Time since last: 5005395878 ns, Reaching safepoint: 823541 ns, Cleanup: 23959 ns, At safepoint: 14833 ns, Total: 862333 ns
[2025-06-05T23:29:25.169+0000][1915.573s][debug][safepoint   ] Safepoint synchronization initiated using futex wait barrier. (186 threads)
[2025-06-05T23:29:25.169+0000][1915.574s][info ][safepoint   ] Safepoint "Cleanup", Time since last: 1001984584 ns, Reaching safepoint: 340292 ns, Cleanup: 40208 ns, At safepoint: 8875 ns, Total: 389375 ns
[2025-06-05T23:29:33.092+0000][1923.496s][debug][safepoint   ] Safepoint synchronization initiated using futex wait barrier. (186 threads)
[2025-06-05T23:29:33.093+0000][1923.497s][info ][safepoint   ] Safepoint "Cleanup", Time since last: 7922711587 ns, Reaching safepoint: 929917 ns, Cleanup: 96166 ns, At safepoint: 10959 ns, Total: 1037042 ns
[2025-06-05T23:29:35.095+0000][1925.499s][debug][safepoint   ] Safepoint synchronization initiated using futex wait barrier. (186 threads)
[2025-06-05T23:29:35.096+0000][1925.501s][info ][safepoint   ] Safepoint "Cleanup", Time since last: 2002073709 ns, Reaching safepoint: 998250 ns, Cleanup: 135208 ns, At safepoint: 16167 ns, Total: 1149625 ns
[2025-06-05T23:29:42.104+0000][1932.508s][debug][safepoint   ] Safepoint synchronization initiated using futex wait barrier. (188 threads)
[2025-06-05T23:29:42.105+0000][1932.509s][info ][safepoint   ] Safepoint "Cleanup", Time since last: 7007516212 ns, Reaching safepoint: 1204958 ns, Cleanup: 109583 ns, At safepoint: 13667 ns, Total: 1328208 ns
[2025-06-05T23:29:46.112+0000][1936.516s][debug][safepoint   ] Safepoint synchronization initiated using futex wait barrier. (188 threads)
[2025-06-05T23:29:46.112+0000][1936.517s][info ][safepoint   ] Safepoint "Cleanup", Time since last: 4006687627 ns, Reaching safepoint: 431750 ns, Cleanup: 26042 ns, At safepoint: 4166 ns, Total: 461958 ns
[2025-06-05T23:29:47.114+0000][1937.518s][debug][safepoint   ] Safepoint synchronization initiated using futex wait barrier. (189 threads)
[2025-06-05T23:29:47.115+0000][1937.519s][info ][safepoint   ] Safepoint "Cleanup", Time since last: 1001359417 ns, Reaching safepoint: 865291 ns, Cleanup: 95584 ns, At safepoint: 12416 ns, Total: 973291 ns
[2025-06-05T23:29:48.117+0000][1938.521s][debug][safepoint   ] Safepoint synchronization initiated using futex wait barrier. (189 threads)
[2025-06-05T23:29:48.118+0000][1938.522s][info ][safepoint   ] Safepoint "Cleanup", Time since last: 1001631751 ns, Reaching safepoint: 1414042 ns, Cleanup: 76875 ns, At safepoint: 51750 ns, Total: 1542667 ns
[2025-06-05T23:29:55.371+0000][1945.775s][debug][safepoint   ] Safepoint synchronization initiated using futex wait barrier. (189 threads)
[2025-06-05T23:29:55.373+0000][1945.777s][info ][gc,start    ] GC(96) Pause Young (Normal) (G1 Evacuation Pause)
[2025-06-05T23:29:55.374+0000][1945.777s][info ][gc,task     ] GC(96) Using 2 workers of 2 for evacuation
[2025-06-05T23:29:55.385+0000][1945.789s][info ][gc,phases   ] GC(96)   Pre Evacuate Collection Set: 0.5ms
[2025-06-05T23:29:55.386+0000][1945.789s][info ][gc,phases   ] GC(96)   Merge Heap Roots: 0.4ms
[2025-06-05T23:29:55.386+0000][1945.790s][info ][gc,phases   ] GC(96)   Evacuate Collection Set: 6.9ms
[2025-06-05T23:29:55.386+0000][1945.790s][info ][gc,phases   ] GC(96)   Post Evacuate Collection Set: 3.3ms
[2025-06-05T23:29:55.386+0000][1945.790s][info ][gc,phases   ] GC(96)   Other: 1.1ms
[2025-06-05T23:29:55.386+0000][1945.790s][info ][gc,heap     ] GC(96) Eden regions: 292->0(295)
[2025-06-05T23:29:55.386+0000][1945.790s][info ][gc,heap     ] GC(96) Survivor regions: 4->2(37)
[2025-06-05T23:29:55.386+0000][1945.790s][info ][gc,heap     ] GC(96) Old regions: 186->186
[2025-06-05T23:29:55.387+0000][1945.790s][info ][gc,heap     ] GC(96) Archive regions: 2->2
[2025-06-05T23:29:55.387+0000][1945.790s][info ][gc,heap     ] GC(96) Humongous regions: 0->0
[2025-06-05T23:29:55.387+0000][1945.790s][info ][gc,metaspace] GC(96) Metaspace: 184441K(186048K)->184441K(186048K) NonClass: 162268K(163072K)->162268K(163072K) Class: 22172K(22976K)->22172K(22976K)
[2025-06-05T23:29:55.387+0000][1945.791s][info ][gc          ] GC(96) Pause Young (Normal) (G1 Evacuation Pause) 481M->188M(544M) 13.644ms
[2025-06-05T23:29:55.387+0000][1945.791s][info ][gc,cpu      ] GC(96) User=0.02s Sys=0.00s Real=0.01s
[2025-06-05T23:29:55.387+0000][1945.791s][info ][safepoint   ] Safepoint "G1CollectForAllocation", Time since last: 7252766586 ns, Reaching safepoint: 1972417 ns, Cleanup: 21167 ns, At safepoint: 14162416 ns, Total: 16156000 ns
[2025-06-05T23:30:00.396+0000][1950.800s][debug][safepoint   ] Safepoint synchronization initiated using futex wait barrier. (189 threads)
[2025-06-05T23:30:00.397+0000][1950.800s][info ][safepoint   ] Safepoint "Cleanup", Time since last: 5009028253 ns, Reaching safepoint: 269833 ns, Cleanup: 47792 ns, At safepoint: 7333 ns, Total: 324958 ns
[2025-06-05T23:30:14.416+0000][1964.820s][debug][safepoint   ] Safepoint synchronization initiated using futex wait barrier. (189 threads)
[2025-06-05T23:30:14.417+0000][1964.821s][info ][safepoint   ] Safepoint "Cleanup", Time since last: 14019212173 ns, Reaching safepoint: 853792 ns, Cleanup: 63250 ns, At safepoint: 15417 ns, Total: 932459 ns
[2025-06-05T23:30:16.422+0000][1966.825s][debug][safepoint   ] Safepoint synchronization initiated using futex wait barrier. (189 threads)
[2025-06-05T23:30:16.422+0000][1966.826s][info ][safepoint   ] Safepoint "Cleanup", Time since last: 2004839626 ns, Reaching safepoint: 399875 ns, Cleanup: 26708 ns, At safepoint: 6125 ns, Total: 432708 ns
[2025-06-05T23:30:24.434+0000][1974.838s][debug][safepoint   ] Safepoint synchronization initiated using futex wait barrier. (189 threads)
[2025-06-05T23:30:24.437+0000][1974.841s][info ][safepoint   ] Safepoint "Cleanup", Time since last: 8012611378 ns, Reaching safepoint: 2550709 ns, Cleanup: 81166 ns, At safepoint: 16125 ns, Total: 2648000 ns
[2025-06-05T23:30:28.443+0000][1978.847s][debug][safepoint   ] Safepoint synchronization initiated using futex wait barrier. (189 threads)
[2025-06-05T23:30:28.444+0000][1978.848s][info ][safepoint   ] Safepoint "Cleanup", Time since last: 4005579585 ns, Reaching safepoint: 1317292 ns, Cleanup: 30542 ns, At safepoint: 7458 ns, Total: 1355292 ns
[2025-06-05T23:30:32.142+0000][1982.546s][debug][safepoint   ] Safepoint synchronization initiated using futex wait barrier. (189 threads)
[2025-06-05T23:30:32.143+0000][1982.547s][info ][safepoint   ] Safepoint "Cleanup", Time since last: 3698459585 ns, Reaching safepoint: 490084 ns, Cleanup: 71583 ns, At safepoint: 20833 ns, Total: 582500 ns
[2025-06-05T23:30:34.147+0000][1984.551s][debug][safepoint   ] Safepoint synchronization initiated using futex wait barrier. (189 threads)
[2025-06-05T23:30:34.148+0000][1984.552s][info ][safepoint   ] Safepoint "Cleanup", Time since last: 2004155543 ns, Reaching safepoint: 1082583 ns, Cleanup: 85667 ns, At safepoint: 18708 ns, Total: 1186958 ns
[2025-06-05T23:30:35.151+0000][1985.555s][debug][safepoint   ] Safepoint synchronization initiated using futex wait barrier. (189 threads)
[2025-06-05T23:30:35.153+0000][1985.557s][info ][safepoint   ] Safepoint "Cleanup", Time since last: 1003002709 ns, Reaching safepoint: 1292208 ns, Cleanup: 72625 ns, At safepoint: 14459 ns, Total: 1379292 ns
[2025-06-05T23:30:37.155+0000][1987.559s][debug][safepoint   ] Safepoint synchronization initiated using futex wait barrier. (189 threads)
[2025-06-05T23:30:37.156+0000][1987.560s][info ][safepoint   ] Safepoint "Cleanup", Time since last: 2001958709 ns, Reaching safepoint: 1005125 ns, Cleanup: 97250 ns, At safepoint: 13917 ns, Total: 1116292 ns
[2025-06-05T23:30:42.160+0000][1992.564s][debug][safepoint   ] Safepoint synchronization initiated using futex wait barrier. (188 threads)
[2025-06-05T23:30:42.161+0000][1992.565s][info ][safepoint   ] Safepoint "Cleanup", Time since last: 5004549710 ns, Reaching safepoint: 380459 ns, Cleanup: 24291 ns, At safepoint: 5792 ns, Total: 410542 ns
[2025-06-05T23:30:53.173+0000][2003.578s][debug][safepoint   ] Safepoint synchronization initiated using futex wait barrier. (188 threads)
[2025-06-05T23:30:53.173+0000][2003.578s][info ][safepoint   ] Safepoint "Cleanup", Time since last: 11012736088 ns, Reaching safepoint: 265167 ns, Cleanup: 61583 ns, At safepoint: 3709 ns, Total: 330459 ns
[2025-06-05T23:30:56.177+0000][2006.581s][debug][safepoint   ] Safepoint synchronization initiated using futex wait barrier. (188 threads)
[2025-06-05T23:30:56.178+0000][2006.582s][info ][safepoint   ] Safepoint "Cleanup", Time since last: 3003411834 ns, Reaching safepoint: 921000 ns, Cleanup: 48084 ns, At safepoint: 20666 ns, Total: 989750 ns
[2025-06-05T23:31:02.187+0000][2012.591s][debug][safepoint   ] Safepoint synchronization initiated using futex wait barrier. (188 threads)
[2025-06-05T23:31:02.187+0000][2012.592s][info ][safepoint   ] Safepoint "Cleanup", Time since last: 6009137503 ns, Reaching safepoint: 224167 ns, Cleanup: 50000 ns, At safepoint: 2250 ns, Total: 276417 ns
[2025-06-05T23:31:03.188+0000][2013.592s][debug][safepoint   ] Safepoint synchronization initiated using futex wait barrier. (188 threads)
[2025-06-05T23:31:03.189+0000][2013.593s][info ][safepoint   ] Safepoint "Cleanup", Time since last: 1000644417 ns, Reaching safepoint: 882042 ns, Cleanup: 64291 ns, At safepoint: 12167 ns, Total: 958500 ns
[2025-06-05T23:31:09.208+0000][2019.613s][debug][safepoint   ] Safepoint synchronization initiated using futex wait barrier. (188 threads)
[2025-06-05T23:31:09.211+0000][2019.616s][info ][safepoint   ] Safepoint "Cleanup", Time since last: 6019392378 ns, Reaching safepoint: 3183542 ns, Cleanup: 55541 ns, At safepoint: 25000 ns, Total: 3264083 ns
[2025-06-05T23:31:10.214+0000][2020.618s][debug][safepoint   ] Safepoint synchronization initiated using futex wait barrier. (188 threads)
[2025-06-05T23:31:10.216+0000][2020.621s][info ][safepoint   ] Safepoint "Cleanup", Time since last: 1002161001 ns, Reaching safepoint: 2451791 ns, Cleanup: 97292 ns, At safepoint: 13125 ns, Total: 2562208 ns
[2025-06-05T23:31:19.979+0000][2030.384s][debug][safepoint   ] Safepoint synchronization initiated using futex wait barrier. (188 threads)
[2025-06-05T23:31:19.980+0000][2030.384s][info ][safepoint   ] Safepoint "ICBufferFull", Time since last: 9763447754 ns, Reaching safepoint: 210333 ns, Cleanup: 160125 ns, At safepoint: 5375 ns, Total: 375833 ns
[2025-06-05T23:31:20.984+0000][2031.389s][debug][safepoint   ] Safepoint synchronization initiated using futex wait barrier. (189 threads)
[2025-06-05T23:31:20.987+0000][2031.391s][info ][safepoint   ] Safepoint "Cleanup", Time since last: 1004032334 ns, Reaching safepoint: 2592125 ns, Cleanup: 126542 ns, At safepoint: 20666 ns, Total: 2739333 ns
[2025-06-05T23:31:25.000+0000][2035.405s][debug][safepoint   ] Safepoint synchronization initiated using futex wait barrier. (189 threads)
[2025-06-05T23:31:25.001+0000][2035.406s][info ][safepoint   ] Safepoint "Cleanup", Time since last: 4013413669 ns, Reaching safepoint: 1201125 ns, Cleanup: 84042 ns, At safepoint: 13791 ns, Total: 1298958 ns
[2025-06-05T23:31:27.005+0000][2037.410s][debug][safepoint   ] Safepoint synchronization initiated using futex wait barrier. (189 threads)
[2025-06-05T23:31:27.006+0000][2037.411s][info ][safepoint   ] Safepoint "Cleanup", Time since last: 2003540793 ns, Reaching safepoint: 1063208 ns, Cleanup: 61458 ns, At safepoint: 12875 ns, Total: 1137541 ns
[2025-06-05T23:31:30.010+0000][2040.415s][debug][safepoint   ] Safepoint synchronization initiated using futex wait barrier. (189 threads)
[2025-06-05T23:31:30.011+0000][2040.415s][debug][safepoint   ] ... found polling page loop exception at pc = 0x0000ffff7151b998, stub =0x0000ffff7097ef00
[2025-06-05T23:31:30.012+0000][2040.416s][info ][safepoint   ] Safepoint "Cleanup", Time since last: 3004103252 ns, Reaching safepoint: 1537333 ns, Cleanup: 43875 ns, At safepoint: 32875 ns, Total: 1614083 ns
[2025-06-05T23:31:34.178+0000][2044.583s][debug][safepoint   ] Safepoint synchronization initiated using futex wait barrier. (189 threads)
[2025-06-05T23:31:34.180+0000][2044.585s][info ][safepoint   ] Safepoint "Cleanup", Time since last: 4166272044 ns, Reaching safepoint: 1423667 ns, Cleanup: 822500 ns, At safepoint: 22708 ns, Total: 2268875 ns
[2025-06-05T23:31:35.182+0000][2045.587s][debug][safepoint   ] Safepoint synchronization initiated using futex wait barrier. (189 threads)
[2025-06-05T23:31:35.183+0000][2045.588s][info ][safepoint   ] Safepoint "Cleanup", Time since last: 1001932000 ns, Reaching safepoint: 979250 ns, Cleanup: 57334 ns, At safepoint: 13166 ns, Total: 1049750 ns
[2025-06-05T23:31:37.186+0000][2047.590s][debug][safepoint   ] Safepoint synchronization initiated using futex wait barrier. (189 threads)
[2025-06-05T23:31:37.187+0000][2047.591s][info ][safepoint   ] Safepoint "Cleanup", Time since last: 2002581543 ns, Reaching safepoint: 839250 ns, Cleanup: 67833 ns, At safepoint: 11709 ns, Total: 918792 ns
[2025-06-05T23:31:38.188+0000][2048.592s][debug][safepoint   ] Safepoint synchronization initiated using futex wait barrier. (189 threads)
[2025-06-05T23:31:38.188+0000][2048.593s][info ][safepoint   ] Safepoint "Cleanup", Time since last: 1001081792 ns, Reaching safepoint: 480125 ns, Cleanup: 35750 ns, At safepoint: 8500 ns, Total: 524375 ns
[2025-06-05T23:31:39.191+0000][2049.596s][debug][safepoint   ] Safepoint synchronization initiated using futex wait barrier. (189 threads)
[2025-06-05T23:31:39.192+0000][2049.597s][info ][safepoint   ] Safepoint "Cleanup", Time since last: 1002605750 ns, Reaching safepoint: 1069500 ns, Cleanup: 61375 ns, At safepoint: 12625 ns, Total: 1143500 ns
[2025-06-05T23:31:40.194+0000][2050.599s][debug][safepoint   ] Safepoint synchronization initiated using futex wait barrier. (189 threads)
[2025-06-05T23:31:40.195+0000][2050.600s][info ][safepoint   ] Safepoint "Cleanup", Time since last: 1002156709 ns, Reaching safepoint: 998500 ns, Cleanup: 69958 ns, At safepoint: 13250 ns, Total: 1081708 ns
[2025-06-05T23:31:43.201+0000][2053.606s][debug][safepoint   ] Safepoint synchronization initiated using futex wait barrier. (189 threads)
[2025-06-05T23:31:43.202+0000][2053.606s][info ][safepoint   ] Safepoint "Cleanup", Time since last: 3005711252 ns, Reaching safepoint: 620083 ns, Cleanup: 50250 ns, At safepoint: 81542 ns, Total: 751875 ns
[2025-06-05T23:31:44.203+0000][2054.608s][debug][safepoint   ] Safepoint synchronization initiated using futex wait barrier. (189 threads)
[2025-06-05T23:31:44.204+0000][2054.609s][info ][safepoint   ] Safepoint "Cleanup", Time since last: 1001541500 ns, Reaching safepoint: 844125 ns, Cleanup: 65709 ns, At safepoint: 12791 ns, Total: 922625 ns
[2025-06-05T23:31:49.209+0000][2059.615s][debug][safepoint   ] Safepoint synchronization initiated using futex wait barrier. (189 threads)
[2025-06-05T23:31:49.211+0000][2059.616s][info ][safepoint   ] Safepoint "Cleanup", Time since last: 5005769711 ns, Reaching safepoint: 1100416 ns, Cleanup: 80125 ns, At safepoint: 15625 ns, Total: 1196166 ns
[2025-06-05T23:31:52.216+0000][2062.621s][debug][safepoint   ] Safepoint synchronization initiated using futex wait barrier. (189 threads)
[2025-06-05T23:31:52.219+0000][2062.624s][info ][safepoint   ] Safepoint "Cleanup", Time since last: 3005339044 ns, Reaching safepoint: 3048708 ns, Cleanup: 66833 ns, At safepoint: 14625 ns, Total: 3130166 ns
[2025-06-05T23:31:54.221+0000][2064.627s][debug][safepoint   ] Safepoint synchronization initiated using futex wait barrier. (186 threads)
[2025-06-05T23:31:54.222+0000][2064.627s][info ][safepoint   ] Safepoint "Cleanup", Time since last: 2002312293 ns, Reaching safepoint: 386875 ns, Cleanup: 23708 ns, At safepoint: 6500 ns, Total: 417083 ns
[2025-06-05T23:31:55.224+0000][2065.630s][debug][safepoint   ] Safepoint synchronization initiated using futex wait barrier. (186 threads)
[2025-06-05T23:31:55.225+0000][2065.631s][info ][safepoint   ] Safepoint "Cleanup", Time since last: 1002768542 ns, Reaching safepoint: 833042 ns, Cleanup: 65917 ns, At safepoint: 10791 ns, Total: 909750 ns
[2025-06-05T23:31:56.226+0000][2066.631s][debug][safepoint   ] Safepoint synchronization initiated using futex wait barrier. (186 threads)
[2025-06-05T23:31:56.226+0000][2066.632s][info ][safepoint   ] Safepoint "Cleanup", Time since last: 1000513542 ns, Reaching safepoint: 412542 ns, Cleanup: 32583 ns, At safepoint: 4917 ns, Total: 450042 ns
[2025-06-05T23:31:57.230+0000][2067.635s][debug][safepoint   ] Safepoint synchronization initiated using futex wait barrier. (186 threads)
[2025-06-05T23:31:57.232+0000][2067.637s][info ][safepoint   ] Safepoint "Cleanup", Time since last: 1003228834 ns, Reaching safepoint: 2234458 ns, Cleanup: 95625 ns, At safepoint: 19000 ns, Total: 2349083 ns
[2025-06-05T23:31:58.235+0000][2068.640s][debug][safepoint   ] Safepoint synchronization initiated using futex wait barrier. (186 threads)
[2025-06-05T23:31:58.236+0000][2068.641s][info ][safepoint   ] Safepoint "Cleanup", Time since last: 1003079209 ns, Reaching safepoint: 611667 ns, Cleanup: 37291 ns, At safepoint: 14209 ns, Total: 663167 ns
[2025-06-05T23:32:02.902+0000][2073.308s][debug][safepoint   ] Safepoint synchronization initiated using futex wait barrier. (186 threads)
[2025-06-05T23:32:02.903+0000][2073.308s][info ][gc,start    ] GC(97) Pause Young (Normal) (G1 Evacuation Pause)
[2025-06-05T23:32:02.903+0000][2073.309s][info ][gc,task     ] GC(97) Using 2 workers of 2 for evacuation
[2025-06-05T23:32:02.912+0000][2073.317s][info ][gc,phases   ] GC(97)   Pre Evacuate Collection Set: 0.5ms
[2025-06-05T23:32:02.912+0000][2073.317s][info ][gc,phases   ] GC(97)   Merge Heap Roots: 0.2ms
[2025-06-05T23:32:02.912+0000][2073.317s][info ][gc,phases   ] GC(97)   Evacuate Collection Set: 5.8ms
[2025-06-05T23:32:02.912+0000][2073.317s][info ][gc,phases   ] GC(97)   Post Evacuate Collection Set: 1.4ms
[2025-06-05T23:32:02.912+0000][2073.317s][info ][gc,phases   ] GC(97)   Other: 0.7ms
[2025-06-05T23:32:02.912+0000][2073.317s][info ][gc,heap     ] GC(97) Eden regions: 295->0(295)
[2025-06-05T23:32:02.912+0000][2073.317s][info ][gc,heap     ] GC(97) Survivor regions: 2->2(38)
[2025-06-05T23:32:02.912+0000][2073.318s][info ][gc,heap     ] GC(97) Old regions: 186->186
[2025-06-05T23:32:02.912+0000][2073.318s][info ][gc,heap     ] GC(97) Archive regions: 2->2
[2025-06-05T23:32:02.912+0000][2073.318s][info ][gc,heap     ] GC(97) Humongous regions: 0->0
[2025-06-05T23:32:02.912+0000][2073.318s][info ][gc,metaspace] GC(97) Metaspace: 184667K(186240K)->184667K(186240K) NonClass: 162466K(163264K)->162466K(163264K) Class: 22200K(22976K)->22200K(22976K)
[2025-06-05T23:32:02.912+0000][2073.318s][info ][gc          ] GC(97) Pause Young (Normal) (G1 Evacuation Pause) 483M->188M(544M) 9.338ms
[2025-06-05T23:32:02.912+0000][2073.318s][info ][gc,cpu      ] GC(97) User=0.01s Sys=0.00s Real=0.01s
[2025-06-05T23:32:02.913+0000][2073.318s][info ][safepoint   ] Safepoint "G1CollectForAllocation", Time since last: 4666718835 ns, Reaching safepoint: 581084 ns, Cleanup: 7750 ns, At safepoint: 9600958 ns, Total: 10189792 ns
[2025-06-05T23:32:05.918+0000][2076.323s][debug][safepoint   ] Safepoint synchronization initiated using futex wait barrier. (186 threads)
[2025-06-05T23:32:05.919+0000][2076.324s][info ][safepoint   ] Safepoint "Cleanup", Time since last: 3005561376 ns, Reaching safepoint: 382542 ns, Cleanup: 38875 ns, At safepoint: 7333 ns, Total: 428750 ns
[2025-06-05T23:32:10.929+0000][2081.334s][debug][safepoint   ] Safepoint synchronization initiated using futex wait barrier. (186 threads)
[2025-06-05T23:32:10.930+0000][2081.336s][info ][safepoint   ] Safepoint "Cleanup", Time since last: 5010392544 ns, Reaching safepoint: 1476292 ns, Cleanup: 28375 ns, At safepoint: 9083 ns, Total: 1513750 ns
[2025-06-05T23:32:22.952+0000][2093.356s][debug][safepoint   ] Safepoint synchronization initiated using futex wait barrier. (185 threads)
[2025-06-05T23:32:22.953+0000][2093.357s][info ][safepoint   ] Safepoint "Cleanup", Time since last: 12020531131 ns, Reaching safepoint: 982083 ns, Cleanup: 77792 ns, At safepoint: 16708 ns, Total: 1076583 ns
[2025-06-05T23:32:33.406+0000][2103.811s][debug][safepoint   ] Safepoint synchronization initiated using futex wait barrier. (185 threads)
[2025-06-05T23:32:33.407+0000][2103.812s][info ][safepoint   ] Safepoint "Cleanup", Time since last: 10453083755 ns, Reaching safepoint: 1469875 ns, Cleanup: 29917 ns, At safepoint: 8833 ns, Total: 1508625 ns
[2025-06-05T23:32:34.410+0000][2104.814s][debug][safepoint   ] Safepoint synchronization initiated using futex wait barrier. (185 threads)
[2025-06-05T23:32:34.411+0000][2104.815s][info ][safepoint   ] Safepoint "Cleanup", Time since last: 1002334500 ns, Reaching safepoint: 607750 ns, Cleanup: 74709 ns, At safepoint: 15291 ns, Total: 697750 ns
[2025-06-05T23:32:44.428+0000][2114.833s][debug][safepoint   ] Safepoint synchronization initiated using futex wait barrier. (185 threads)
[2025-06-05T23:32:44.430+0000][2114.834s][info ][safepoint   ] Safepoint "Cleanup", Time since last: 10017830213 ns, Reaching safepoint: 1382250 ns, Cleanup: 36292 ns, At safepoint: 30208 ns, Total: 1448750 ns
[2025-06-05T23:32:47.440+0000][2117.845s][debug][safepoint   ] Safepoint synchronization initiated using futex wait barrier. (185 threads)
[2025-06-05T23:32:47.441+0000][2117.846s][info ][safepoint   ] Safepoint "Cleanup", Time since last: 3010254793 ns, Reaching safepoint: 1748250 ns, Cleanup: 44125 ns, At safepoint: 28208 ns, Total: 1820583 ns
[2025-06-05T23:32:54.452+0000][2124.857s][debug][safepoint   ] Safepoint synchronization initiated using futex wait barrier. (185 threads)
[2025-06-05T23:32:54.453+0000][2124.858s][info ][safepoint   ] Safepoint "Cleanup", Time since last: 7010494212 ns, Reaching safepoint: 634625 ns, Cleanup: 30541 ns, At safepoint: 10959 ns, Total: 676125 ns
[2025-06-05T23:32:59.458+0000][2129.863s][debug][safepoint   ] Safepoint synchronization initiated using futex wait barrier. (185 threads)
[2025-06-05T23:32:59.461+0000][2129.866s][info ][safepoint   ] Safepoint "Cleanup", Time since last: 5005611085 ns, Reaching safepoint: 3012209 ns, Cleanup: 19250 ns, At safepoint: 6875 ns, Total: 3038334 ns
[2025-06-05T23:33:01.464+0000][2131.869s][debug][safepoint   ] Safepoint synchronization initiated using futex wait barrier. (185 threads)
[2025-06-05T23:33:01.465+0000][2131.870s][info ][safepoint   ] Safepoint "Cleanup", Time since last: 2003153792 ns, Reaching safepoint: 894584 ns, Cleanup: 113333 ns, At safepoint: 14167 ns, Total: 1022084 ns
[2025-06-05T23:33:02.466+0000][2132.872s][debug][safepoint   ] Safepoint synchronization initiated using futex wait barrier. (185 threads)
[2025-06-05T23:33:02.469+0000][2132.874s][info ][safepoint   ] Safepoint "Cleanup", Time since last: 1001099333 ns, Reaching safepoint: 2543125 ns, Cleanup: 97792 ns, At safepoint: 13208 ns, Total: 2654125 ns
[2025-06-05T23:33:04.474+0000][2134.879s][debug][safepoint   ] Safepoint synchronization initiated using futex wait barrier. (185 threads)
[2025-06-05T23:33:04.475+0000][2134.880s][info ][safepoint   ] Safepoint "Cleanup", Time since last: 2005021918 ns, Reaching safepoint: 836250 ns, Cleanup: 77542 ns, At safepoint: 9000 ns, Total: 922792 ns
[2025-06-05T23:33:06.477+0000][2136.882s][debug][safepoint   ] Safepoint synchronization initiated using futex wait barrier. (189 threads)
[2025-06-05T23:33:06.479+0000][2136.884s][info ][safepoint   ] Safepoint "Cleanup", Time since last: 2002271959 ns, Reaching safepoint: 1031500 ns, Cleanup: 150083 ns, At safepoint: 14084 ns, Total: 1195667 ns
[2025-06-05T23:33:08.305+0000][2138.710s][debug][safepoint   ] Safepoint synchronization initiated using futex wait barrier. (189 threads)
[2025-06-05T23:33:08.307+0000][2138.712s][info ][safepoint   ] Safepoint "Cleanup", Time since last: 1826334209 ns, Reaching safepoint: 1735542 ns, Cleanup: 248625 ns, At safepoint: 14625 ns, Total: 1998792 ns
[2025-06-05T23:33:11.315+0000][2141.720s][debug][safepoint   ] Safepoint synchronization initiated using futex wait barrier. (190 threads)
[2025-06-05T23:33:11.316+0000][2141.721s][info ][safepoint   ] Safepoint "Cleanup", Time since last: 3008372709 ns, Reaching safepoint: 694417 ns, Cleanup: 97083 ns, At safepoint: 10292 ns, Total: 801792 ns
[2025-06-05T23:33:16.325+0000][2146.730s][debug][safepoint   ] Safepoint synchronization initiated using futex wait barrier. (190 threads)
[2025-06-05T23:33:16.326+0000][2146.731s][info ][safepoint   ] Safepoint "Cleanup", Time since last: 5008553836 ns, Reaching safepoint: 1552625 ns, Cleanup: 74458 ns, At safepoint: 18708 ns, Total: 1645791 ns
[2025-06-05T23:33:17.327+0000][2147.732s][debug][safepoint   ] Safepoint synchronization initiated using futex wait barrier. (190 threads)
[2025-06-05T23:33:17.332+0000][2147.738s][info ][safepoint   ] Safepoint "Cleanup", Time since last: 1000927334 ns, Reaching safepoint: 5245166 ns, Cleanup: 84625 ns, At safepoint: 18250 ns, Total: 5348041 ns
[2025-06-05T23:33:19.658+0000][2150.063s][debug][safepoint   ] ... found polling page loop exception at pc = 0x0000ffff7151cefc, stub =0x0000ffff7097ef00
[2025-06-05T23:33:19.659+0000][2150.065s][debug][safepoint   ] Safepoint synchronization initiated using futex wait barrier. (190 threads)
[2025-06-05T23:33:19.659+0000][2150.065s][info ][safepoint   ] Safepoint "Cleanup", Time since last: 2327081085 ns, Reaching safepoint: 119500 ns, Cleanup: 15250 ns, At safepoint: 7083 ns, Total: 141833 ns
[2025-06-05T23:33:23.964+0000][2154.369s][debug][safepoint   ] Safepoint synchronization initiated using futex wait barrier. (190 threads)
[2025-06-05T23:33:23.967+0000][2154.372s][info ][safepoint   ] Safepoint "Cleanup", Time since last: 4304559585 ns, Reaching safepoint: 2120750 ns, Cleanup: 355292 ns, At safepoint: 19125 ns, Total: 2495167 ns
[2025-06-05T23:33:35.639+0000][2166.044s][debug][safepoint   ] Safepoint synchronization initiated using futex wait barrier. (190 threads)
[2025-06-05T23:33:35.643+0000][2166.048s][info ][safepoint   ] Safepoint "Cleanup", Time since last: 11672455506 ns, Reaching safepoint: 3618875 ns, Cleanup: 40916 ns, At safepoint: 5709 ns, Total: 3665500 ns
[2025-06-05T23:33:57.682+0000][2188.088s][debug][safepoint   ] Safepoint synchronization initiated using futex wait barrier. (190 threads)
[2025-06-05T23:33:57.686+0000][2188.091s][info ][safepoint   ] Safepoint "Cleanup", Time since last: 22039630010 ns, Reaching safepoint: 3763125 ns, Cleanup: 85333 ns, At safepoint: 15750 ns, Total: 3864208 ns
[2025-06-05T23:33:58.688+0000][2189.093s][debug][safepoint   ] Safepoint synchronization initiated using futex wait barrier. (190 threads)
[2025-06-05T23:33:58.689+0000][2189.094s][info ][safepoint   ] Safepoint "Cleanup", Time since last: 1001954334 ns, Reaching safepoint: 527958 ns, Cleanup: 45334 ns, At safepoint: 8833 ns, Total: 582125 ns
[2025-06-05T23:33:59.691+0000][2190.096s][debug][safepoint   ] Safepoint synchronization initiated using futex wait barrier. (190 threads)
[2025-06-05T23:33:59.693+0000][2190.098s][info ][safepoint   ] Safepoint "Cleanup", Time since last: 1002088250 ns, Reaching safepoint: 2294292 ns, Cleanup: 69208 ns, At safepoint: 16667 ns, Total: 2380167 ns
[2025-06-05T23:34:02.701+0000][2193.106s][debug][safepoint   ] Safepoint synchronization initiated using futex wait barrier. (190 threads)
[2025-06-05T23:34:02.701+0000][2193.106s][info ][safepoint   ] Safepoint "Cleanup", Time since last: 3007518543 ns, Reaching safepoint: 175625 ns, Cleanup: 14042 ns, At safepoint: 2041 ns, Total: 191708 ns
[2025-06-05T23:34:03.703+0000][2194.108s][debug][safepoint   ] Safepoint synchronization initiated using futex wait barrier. (190 threads)
[2025-06-05T23:34:03.704+0000][2194.109s][info ][safepoint   ] Safepoint "Cleanup", Time since last: 1001655834 ns, Reaching safepoint: 1134750 ns, Cleanup: 84584 ns, At safepoint: 17041 ns, Total: 1236375 ns
[2025-06-05T23:34:04.707+0000][2195.112s][debug][safepoint   ] Safepoint synchronization initiated using futex wait barrier. (190 threads)
[2025-06-05T23:34:04.709+0000][2195.114s][info ][safepoint   ] Safepoint "Cleanup", Time since last: 1003094501 ns, Reaching safepoint: 2059041 ns, Cleanup: 78292 ns, At safepoint: 15500 ns, Total: 2152833 ns
[2025-06-05T23:34:11.722+0000][2202.127s][debug][safepoint   ] Safepoint synchronization initiated using futex wait barrier. (186 threads)
[2025-06-05T23:34:11.722+0000][2202.127s][info ][safepoint   ] Safepoint "Cleanup", Time since last: 7012360003 ns, Reaching safepoint: 715917 ns, Cleanup: 68042 ns, At safepoint: 11750 ns, Total: 795709 ns
[2025-06-05T23:34:13.010+0000][2203.415s][debug][safepoint   ] Safepoint synchronization initiated using futex wait barrier. (186 threads)
[2025-06-05T23:34:13.011+0000][2203.416s][info ][gc,start    ] GC(98) Pause Young (Normal) (G1 Evacuation Pause)
[2025-06-05T23:34:13.011+0000][2203.416s][info ][gc,task     ] GC(98) Using 2 workers of 2 for evacuation
[2025-06-05T23:34:13.023+0000][2203.429s][info ][gc,phases   ] GC(98)   Pre Evacuate Collection Set: 1.1ms
[2025-06-05T23:34:13.024+0000][2203.429s][info ][gc,phases   ] GC(98)   Merge Heap Roots: 0.3ms
[2025-06-05T23:34:13.024+0000][2203.429s][info ][gc,phases   ] GC(98)   Evacuate Collection Set: 8.0ms
[2025-06-05T23:34:13.024+0000][2203.429s][info ][gc,phases   ] GC(98)   Post Evacuate Collection Set: 2.7ms
[2025-06-05T23:34:13.024+0000][2203.429s][info ][gc,phases   ] GC(98)   Other: 0.9ms
[2025-06-05T23:34:13.024+0000][2203.429s][info ][gc,heap     ] GC(98) Eden regions: 295->0(295)
[2025-06-05T23:34:13.024+0000][2203.429s][info ][gc,heap     ] GC(98) Survivor regions: 2->3(38)
[2025-06-05T23:34:13.024+0000][2203.429s][info ][gc,heap     ] GC(98) Old regions: 186->186
[2025-06-05T23:34:13.024+0000][2203.429s][info ][gc,heap     ] GC(98) Archive regions: 2->2
[2025-06-05T23:34:13.024+0000][2203.430s][info ][gc,heap     ] GC(98) Humongous regions: 0->0
[2025-06-05T23:34:13.024+0000][2203.430s][info ][gc,metaspace] GC(98) Metaspace: 184767K(186368K)->184767K(186368K) NonClass: 162560K(163392K)->162560K(163392K) Class: 22206K(22976K)->22206K(22976K)
[2025-06-05T23:34:13.025+0000][2203.430s][info ][gc          ] GC(98) Pause Young (Normal) (G1 Evacuation Pause) 483M->188M(544M) 14.000ms
[2025-06-05T23:34:13.025+0000][2203.430s][info ][gc,cpu      ] GC(98) User=0.03s Sys=0.01s Real=0.01s
[2025-06-05T23:34:13.025+0000][2203.430s][info ][safepoint   ] Safepoint "G1CollectForAllocation", Time since last: 1287231334 ns, Reaching safepoint: 854291 ns, Cleanup: 19875 ns, At safepoint: 14774750 ns, Total: 15648916 ns
[2025-06-05T23:34:28.046+0000][2218.451s][debug][safepoint   ] Safepoint synchronization initiated using futex wait barrier. (186 threads)
[2025-06-05T23:34:28.047+0000][2218.452s][info ][safepoint   ] Safepoint "Cleanup", Time since last: 15020574840 ns, Reaching safepoint: 967625 ns, Cleanup: 93875 ns, At safepoint: 12334 ns, Total: 1073834 ns
[2025-06-05T23:34:36.685+0000][2227.090s][debug][safepoint   ] Safepoint synchronization initiated using futex wait barrier. (186 threads)
[2025-06-05T23:34:36.687+0000][2227.092s][info ][safepoint   ] Safepoint "Cleanup", Time since last: 8637788087 ns, Reaching safepoint: 2155667 ns, Cleanup: 64708 ns, At safepoint: 28042 ns, Total: 2248417 ns
[2025-06-05T23:35:34.916+0000][2285.322s][debug][safepoint   ] Safepoint synchronization initiated using futex wait barrier. (185 threads)
[2025-06-05T23:35:34.917+0000][2285.323s][info ][safepoint   ] Safepoint "Cleanup", Time since last: 58229541818 ns, Reaching safepoint: 1337875 ns, Cleanup: 71458 ns, At safepoint: 12292 ns, Total: 1421625 ns
[2025-06-05T23:35:36.920+0000][2287.326s][debug][safepoint   ] Safepoint synchronization initiated using futex wait barrier. (185 threads)
[2025-06-05T23:35:36.921+0000][2287.327s][info ][safepoint   ] Safepoint "Cleanup", Time since last: 2002654417 ns, Reaching safepoint: 1307334 ns, Cleanup: 37791 ns, At safepoint: 17000 ns, Total: 1362125 ns
[2025-06-05T23:35:48.941+0000][2299.347s][debug][safepoint   ] Safepoint synchronization initiated using futex wait barrier. (185 threads)
[2025-06-05T23:35:48.941+0000][2299.347s][info ][safepoint   ] Safepoint "Cleanup", Time since last: 12019567214 ns, Reaching safepoint: 158500 ns, Cleanup: 14333 ns, At safepoint: 2583 ns, Total: 175416 ns
[2025-06-05T23:36:28.008+0000][2338.414s][debug][safepoint   ] Safepoint synchronization initiated using futex wait barrier. (185 threads)
[2025-06-05T23:36:28.011+0000][2338.417s][info ][safepoint   ] Safepoint "Cleanup", Time since last: 39067649602 ns, Reaching safepoint: 2399291 ns, Cleanup: 91500 ns, At safepoint: 19709 ns, Total: 2510500 ns
[2025-06-05T23:36:34.051+0000][2344.457s][debug][safepoint   ] Safepoint synchronization initiated using futex wait barrier. (185 threads)
[2025-06-05T23:36:34.051+0000][2344.457s][info ][gc,start    ] GC(99) Pause Young (Normal) (G1 Evacuation Pause)
[2025-06-05T23:36:34.051+0000][2344.457s][info ][gc,task     ] GC(99) Using 2 workers of 2 for evacuation
[2025-06-05T23:36:34.058+0000][2344.464s][info ][gc,phases   ] GC(99)   Pre Evacuate Collection Set: 0.3ms
[2025-06-05T23:36:34.058+0000][2344.464s][info ][gc,phases   ] GC(99)   Merge Heap Roots: 0.3ms
[2025-06-05T23:36:34.058+0000][2344.464s][info ][gc,phases   ] GC(99)   Evacuate Collection Set: 4.0ms
[2025-06-05T23:36:34.059+0000][2344.465s][info ][gc,phases   ] GC(99)   Post Evacuate Collection Set: 1.6ms
[2025-06-05T23:36:34.059+0000][2344.465s][info ][gc,phases   ] GC(99)   Other: 0.4ms
[2025-06-05T23:36:34.059+0000][2344.465s][info ][gc,heap     ] GC(99) Eden regions: 295->0(295)
[2025-06-05T23:36:34.059+0000][2344.465s][info ][gc,heap     ] GC(99) Survivor regions: 3->3(38)
[2025-06-05T23:36:34.059+0000][2344.465s][info ][gc,heap     ] GC(99) Old regions: 186->186
[2025-06-05T23:36:34.059+0000][2344.465s][info ][gc,heap     ] GC(99) Archive regions: 2->2
[2025-06-05T23:36:34.059+0000][2344.465s][info ][gc,heap     ] GC(99) Humongous regions: 0->0
[2025-06-05T23:36:34.059+0000][2344.465s][info ][gc,metaspace] GC(99) Metaspace: 184814K(186368K)->184814K(186368K) NonClass: 162608K(163392K)->162608K(163392K) Class: 22206K(22976K)->22206K(22976K)
[2025-06-05T23:36:34.059+0000][2344.465s][info ][gc          ] GC(99) Pause Young (Normal) (G1 Evacuation Pause) 483M->188M(544M) 8.151ms
[2025-06-05T23:36:34.060+0000][2344.466s][info ][gc,cpu      ] GC(99) User=0.01s Sys=0.00s Real=0.01s
[2025-06-05T23:36:34.060+0000][2344.466s][info ][safepoint   ] Safepoint "G1CollectForAllocation", Time since last: 6039672336 ns, Reaching safepoint: 611750 ns, Cleanup: 28833 ns, At safepoint: 8755250 ns, Total: 9395833 ns
[2025-06-05T23:36:35.063+0000][2345.469s][debug][safepoint   ] Safepoint synchronization initiated using futex wait barrier. (185 threads)
[2025-06-05T23:36:35.064+0000][2345.470s][info ][safepoint   ] Safepoint "Cleanup", Time since last: 1002866667 ns, Reaching safepoint: 1033917 ns, Cleanup: 95875 ns, At safepoint: 14333 ns, Total: 1144125 ns
[2025-06-05T23:36:36.066+0000][2346.472s][debug][safepoint   ] Safepoint synchronization initiated using futex wait barrier. (185 threads)
[2025-06-05T23:36:36.066+0000][2346.472s][info ][safepoint   ] Safepoint "Cleanup", Time since last: 1001974292 ns, Reaching safepoint: 454417 ns, Cleanup: 26750 ns, At safepoint: 10083 ns, Total: 491250 ns
[2025-06-05T23:36:46.078+0000][2356.484s][debug][safepoint   ] Safepoint synchronization initiated using futex wait barrier. (185 threads)
[2025-06-05T23:36:46.079+0000][2356.485s][info ][safepoint   ] Safepoint "Cleanup", Time since last: 10011773380 ns, Reaching safepoint: 1036709 ns, Cleanup: 93416 ns, At safepoint: 12625 ns, Total: 1142750 ns
[2025-06-05T23:37:01.093+0000][2371.499s][debug][safepoint   ] Safepoint synchronization initiated using futex wait barrier. (185 threads)
[2025-06-05T23:37:01.095+0000][2371.501s][info ][safepoint   ] Safepoint "Cleanup", Time since last: 15014079631 ns, Reaching safepoint: 1082000 ns, Cleanup: 40334 ns, At safepoint: 11125 ns, Total: 1133459 ns
[2025-06-05T23:37:05.102+0000][2375.508s][debug][safepoint   ] Safepoint synchronization initiated using futex wait barrier. (185 threads)
[2025-06-05T23:37:05.103+0000][2375.509s][info ][safepoint   ] Safepoint "Cleanup", Time since last: 4007413085 ns, Reaching safepoint: 481833 ns, Cleanup: 56417 ns, At safepoint: 11417 ns, Total: 549667 ns
[2025-06-05T23:37:08.106+0000][2378.512s][debug][safepoint   ] Safepoint synchronization initiated using futex wait barrier. (189 threads)
[2025-06-05T23:37:08.107+0000][2378.513s][info ][safepoint   ] Safepoint "Cleanup", Time since last: 3003805918 ns, Reaching safepoint: 860666 ns, Cleanup: 131792 ns, At safepoint: 18625 ns, Total: 1011083 ns
[2025-06-05T23:37:12.116+0000][2382.522s][debug][safepoint   ] Safepoint synchronization initiated using futex wait barrier. (190 threads)
[2025-06-05T23:37:12.116+0000][2382.522s][info ][safepoint   ] Safepoint "Cleanup", Time since last: 4008335002 ns, Reaching safepoint: 594542 ns, Cleanup: 52500 ns, At safepoint: 17583 ns, Total: 664625 ns
[2025-06-05T23:37:13.118+0000][2383.524s][debug][safepoint   ] Safepoint synchronization initiated using futex wait barrier. (190 threads)
[2025-06-05T23:37:13.119+0000][2383.525s][info ][safepoint   ] Safepoint "Cleanup", Time since last: 1001601250 ns, Reaching safepoint: 1380417 ns, Cleanup: 81833 ns, At safepoint: 19875 ns, Total: 1482125 ns
[2025-06-05T23:37:18.128+0000][2388.534s][debug][safepoint   ] Safepoint synchronization initiated using futex wait barrier. (190 threads)
[2025-06-05T23:37:18.128+0000][2388.535s][info ][safepoint   ] Safepoint "Cleanup", Time since last: 5008915919 ns, Reaching safepoint: 433375 ns, Cleanup: 37417 ns, At safepoint: 8500 ns, Total: 479292 ns
[2025-06-05T23:37:21.131+0000][2391.538s][debug][safepoint   ] Safepoint synchronization initiated using futex wait barrier. (190 threads)
[2025-06-05T23:37:21.132+0000][2391.539s][info ][safepoint   ] Safepoint "Cleanup", Time since last: 3002878376 ns, Reaching safepoint: 816833 ns, Cleanup: 78334 ns, At safepoint: 7125 ns, Total: 902292 ns
[2025-06-05T23:37:26.139+0000][2396.545s][debug][safepoint   ] Safepoint synchronization initiated using futex wait barrier. (190 threads)
[2025-06-05T23:37:26.140+0000][2396.546s][info ][safepoint   ] Safepoint "Cleanup", Time since last: 5006824502 ns, Reaching safepoint: 789917 ns, Cleanup: 27333 ns, At safepoint: 12708 ns, Total: 829958 ns
[2025-06-05T23:37:27.142+0000][2397.548s][debug][safepoint   ] Safepoint synchronization initiated using futex wait barrier. (190 threads)
[2025-06-05T23:37:27.143+0000][2397.550s][info ][safepoint   ] Safepoint "Cleanup", Time since last: 1001922876 ns, Reaching safepoint: 1246083 ns, Cleanup: 97917 ns, At safepoint: 35500 ns, Total: 1379500 ns
[2025-06-05T23:37:28.145+0000][2398.552s][debug][safepoint   ] Safepoint synchronization initiated using futex wait barrier. (190 threads)
[2025-06-05T23:37:28.147+0000][2398.553s][info ][safepoint   ] Safepoint "Cleanup", Time since last: 1002305292 ns, Reaching safepoint: 1316583 ns, Cleanup: 83417 ns, At safepoint: 15500 ns, Total: 1415500 ns
[2025-06-05T23:37:32.983+0000][2403.390s][debug][safepoint   ] Safepoint synchronization initiated using futex wait barrier. (190 threads)
[2025-06-05T23:37:32.984+0000][2403.390s][info ][safepoint   ] Safepoint "Cleanup", Time since last: 4836420627 ns, Reaching safepoint: 334084 ns, Cleanup: 36958 ns, At safepoint: 3167 ns, Total: 374209 ns
[2025-06-05T23:37:40.993+0000][2411.400s][debug][safepoint   ] Safepoint synchronization initiated using futex wait barrier. (190 threads)
[2025-06-05T23:37:40.995+0000][2411.401s][info ][safepoint   ] Safepoint "Cleanup", Time since last: 8009508920 ns, Reaching safepoint: 1700542 ns, Cleanup: 102250 ns, At safepoint: 20000 ns, Total: 1822792 ns
[2025-06-05T23:37:46.003+0000][2416.409s][debug][safepoint   ] Safepoint synchronization initiated using futex wait barrier. (190 threads)
[2025-06-05T23:37:46.004+0000][2416.410s][info ][safepoint   ] Safepoint "Cleanup", Time since last: 5007767502 ns, Reaching safepoint: 1095500 ns, Cleanup: 82542 ns, At safepoint: 16708 ns, Total: 1194750 ns
[2025-06-05T23:37:49.010+0000][2419.416s][debug][safepoint   ] Safepoint synchronization initiated using futex wait barrier. (190 threads)
[2025-06-05T23:37:49.012+0000][2419.418s][info ][safepoint   ] Safepoint "Cleanup", Time since last: 3005278584 ns, Reaching safepoint: 2580292 ns, Cleanup: 77958 ns, At safepoint: 21709 ns, Total: 2679959 ns
[2025-06-05T23:38:01.033+0000][2431.439s][debug][safepoint   ] Safepoint synchronization initiated using futex wait barrier. (190 threads)
[2025-06-05T23:38:01.034+0000][2431.440s][info ][safepoint   ] Safepoint "Cleanup", Time since last: 12020714755 ns, Reaching safepoint: 1238417 ns, Cleanup: 86792 ns, At safepoint: 21125 ns, Total: 1346334 ns
[2025-06-05T23:38:10.055+0000][2440.462s][debug][safepoint   ] Safepoint synchronization initiated using futex wait barrier. (190 threads)
[2025-06-05T23:38:10.062+0000][2440.468s][info ][safepoint   ] Safepoint "Cleanup", Time since last: 9021104546 ns, Reaching safepoint: 6060333 ns, Cleanup: 27792 ns, At safepoint: 88625 ns, Total: 6176750 ns
[2025-06-05T23:38:14.068+0000][2444.474s][debug][safepoint   ] Safepoint synchronization initiated using futex wait barrier. (186 threads)
[2025-06-05T23:38:14.069+0000][2444.475s][info ][safepoint   ] Safepoint "Cleanup", Time since last: 4005950335 ns, Reaching safepoint: 1246417 ns, Cleanup: 69250 ns, At safepoint: 22791 ns, Total: 1338458 ns
[2025-06-05T23:38:15.071+0000][2445.477s][debug][safepoint   ] Safepoint synchronization initiated using futex wait barrier. (186 threads)
[2025-06-05T23:38:15.073+0000][2445.479s][info ][safepoint   ] Safepoint "Cleanup", Time since last: 1002342167 ns, Reaching safepoint: 1476125 ns, Cleanup: 71750 ns, At safepoint: 15709 ns, Total: 1563584 ns
[2025-06-05T23:38:43.046+0000][2473.452s][debug][safepoint   ] Safepoint synchronization initiated using futex wait barrier. (186 threads)
[2025-06-05T23:38:43.048+0000][2473.454s][info ][gc,start    ] GC(100) Pause Young (Normal) (G1 Evacuation Pause)
[2025-06-05T23:38:43.048+0000][2473.455s][info ][gc,task     ] GC(100) Using 2 workers of 2 for evacuation
[2025-06-05T23:38:43.061+0000][2473.467s][info ][gc,phases   ] GC(100)   Pre Evacuate Collection Set: 0.4ms
[2025-06-05T23:38:43.062+0000][2473.468s][info ][gc,phases   ] GC(100)   Merge Heap Roots: 0.3ms
[2025-06-05T23:38:43.062+0000][2473.468s][info ][gc,phases   ] GC(100)   Evacuate Collection Set: 8.1ms
[2025-06-05T23:38:43.062+0000][2473.468s][info ][gc,phases   ] GC(100)   Post Evacuate Collection Set: 2.9ms
[2025-06-05T23:38:43.062+0000][2473.468s][info ][gc,phases   ] GC(100)   Other: 1.5ms
[2025-06-05T23:38:43.062+0000][2473.469s][info ][gc,heap     ] GC(100) Eden regions: 295->0(295)
[2025-06-05T23:38:43.062+0000][2473.469s][info ][gc,heap     ] GC(100) Survivor regions: 3->3(38)
[2025-06-05T23:38:43.063+0000][2473.469s][info ][gc,heap     ] GC(100) Old regions: 186->186
[2025-06-05T23:38:43.063+0000][2473.469s][info ][gc,heap     ] GC(100) Archive regions: 2->2
[2025-06-05T23:38:43.063+0000][2473.469s][info ][gc,heap     ] GC(100) Humongous regions: 0->0
[2025-06-05T23:38:43.063+0000][2473.469s][info ][gc,metaspace] GC(100) Metaspace: 184929K(186560K)->184929K(186560K) NonClass: 162716K(163520K)->162716K(163520K) Class: 22212K(23040K)->22212K(23040K)
[2025-06-05T23:38:43.063+0000][2473.469s][info ][gc          ] GC(100) Pause Young (Normal) (G1 Evacuation Pause) 483M->188M(544M) 14.816ms
[2025-06-05T23:38:43.063+0000][2473.469s][info ][gc,cpu      ] GC(100) User=0.03s Sys=0.00s Real=0.01s
[2025-06-05T23:38:43.063+0000][2473.470s][info ][safepoint   ] Safepoint "G1CollectForAllocation", Time since last: 27973248971 ns, Reaching safepoint: 2157792 ns, Cleanup: 17833 ns, At safepoint: 15380583 ns, Total: 17556208 ns
[2025-06-05T23:38:49.069+0000][2479.475s][debug][safepoint   ] Safepoint synchronization initiated using futex wait barrier. (186 threads)
[2025-06-05T23:38:49.070+0000][2479.476s][info ][safepoint   ] Safepoint "Cleanup", Time since last: 6005758336 ns, Reaching safepoint: 387417 ns, Cleanup: 28917 ns, At safepoint: 6041 ns, Total: 422375 ns
[2025-06-05T23:38:52.074+0000][2482.481s][debug][safepoint   ] Safepoint synchronization initiated using futex wait barrier. (189 threads)
[2025-06-05T23:38:52.075+0000][2482.482s][info ][safepoint   ] Safepoint "Cleanup", Time since last: 3004840168 ns, Reaching safepoint: 759792 ns, Cleanup: 94542 ns, At safepoint: 11291 ns, Total: 865625 ns
[2025-06-05T23:38:56.083+0000][2486.490s][debug][safepoint   ] Safepoint synchronization initiated using futex wait barrier. (189 threads)
[2025-06-05T23:38:56.084+0000][2486.490s][debug][safepoint   ] ... found polling page loop exception at pc = 0x0000ffff718b28c4, stub =0x0000ffff7097ef00
[2025-06-05T23:38:56.085+0000][2486.492s][info ][safepoint   ] Safepoint "Cleanup", Time since last: 4008091211 ns, Reaching safepoint: 1686625 ns, Cleanup: 17083 ns, At safepoint: 287500 ns, Total: 1991208 ns
[2025-06-05T23:38:57.086+0000][2487.492s][debug][safepoint   ] Safepoint synchronization initiated using futex wait barrier. (190 threads)
[2025-06-05T23:38:57.087+0000][2487.494s][info ][safepoint   ] Safepoint "Cleanup", Time since last: 1000761875 ns, Reaching safepoint: 987875 ns, Cleanup: 174792 ns, At safepoint: 15000 ns, Total: 1177667 ns
[2025-06-05T23:39:03.095+0000][2493.501s][debug][safepoint   ] Safepoint synchronization initiated using futex wait barrier. (190 threads)
[2025-06-05T23:39:03.096+0000][2493.502s][info ][safepoint   ] Safepoint "Cleanup", Time since last: 6007718086 ns, Reaching safepoint: 563584 ns, Cleanup: 61875 ns, At safepoint: 5750 ns, Total: 631209 ns
[2025-06-05T23:39:18.122+0000][2508.528s][debug][safepoint   ] Safepoint synchronization initiated using futex wait barrier. (191 threads)
[2025-06-05T23:39:18.122+0000][2508.529s][info ][safepoint   ] Safepoint "Cleanup", Time since last: 15026323131 ns, Reaching safepoint: 820042 ns, Cleanup: 63917 ns, At safepoint: 12250 ns, Total: 896209 ns
[2025-06-05T23:40:02.332+0000][2552.739s][debug][safepoint   ] Safepoint synchronization initiated using futex wait barrier. (187 threads)
[2025-06-05T23:40:02.336+0000][2552.743s][info ][safepoint   ] Safepoint "Cleanup", Time since last: 44210004145 ns, Reaching safepoint: 3692750 ns, Cleanup: 79792 ns, At safepoint: 118042 ns, Total: 3890584 ns
[2025-06-05T23:40:24.373+0000][2574.781s][debug][safepoint   ] Safepoint synchronization initiated using futex wait barrier. (187 threads)
[2025-06-05T23:40:24.376+0000][2574.783s][info ][safepoint   ] Safepoint "Cleanup", Time since last: 22037833760 ns, Reaching safepoint: 2290625 ns, Cleanup: 32000 ns, At safepoint: 8791 ns, Total: 2331416 ns
[2025-06-05T23:40:27.383+0000][2577.791s][debug][safepoint   ] Safepoint synchronization initiated using futex wait barrier. (187 threads)
[2025-06-05T23:40:27.383+0000][2577.791s][info ][safepoint   ] Safepoint "Cleanup", Time since last: 3007320752 ns, Reaching safepoint: 542542 ns, Cleanup: 77083 ns, At safepoint: 12833 ns, Total: 632458 ns
[2025-06-05T23:40:28.386+0000][2578.794s][debug][safepoint   ] Safepoint synchronization initiated using futex wait barrier. (187 threads)
[2025-06-05T23:40:28.387+0000][2578.795s][info ][safepoint   ] Safepoint "Cleanup", Time since last: 1002995959 ns, Reaching safepoint: 763292 ns, Cleanup: 130083 ns, At safepoint: 14000 ns, Total: 907375 ns
[2025-06-05T23:40:55.582+0000][2605.989s][debug][safepoint   ] Safepoint synchronization initiated using futex wait barrier. (187 threads)
[2025-06-05T23:40:55.584+0000][2605.991s][info ][gc,start    ] GC(101) Pause Young (Normal) (G1 Evacuation Pause)
[2025-06-05T23:40:55.584+0000][2605.991s][info ][gc,task     ] GC(101) Using 2 workers of 2 for evacuation
[2025-06-05T23:40:55.589+0000][2605.996s][info ][gc,phases   ] GC(101)   Pre Evacuate Collection Set: 0.1ms
[2025-06-05T23:40:55.589+0000][2605.996s][info ][gc,phases   ] GC(101)   Merge Heap Roots: 0.1ms
[2025-06-05T23:40:55.589+0000][2605.996s][info ][gc,phases   ] GC(101)   Evacuate Collection Set: 3.2ms
[2025-06-05T23:40:55.589+0000][2605.996s][info ][gc,phases   ] GC(101)   Post Evacuate Collection Set: 1.4ms
[2025-06-05T23:40:55.589+0000][2605.996s][info ][gc,phases   ] GC(101)   Other: 0.3ms
[2025-06-05T23:40:55.589+0000][2605.996s][info ][gc,heap     ] GC(101) Eden regions: 295->0(297)
[2025-06-05T23:40:55.589+0000][2605.996s][info ][gc,heap     ] GC(101) Survivor regions: 3->2(38)
[2025-06-05T23:40:55.589+0000][2605.996s][info ][gc,heap     ] GC(101) Old regions: 186->186
[2025-06-05T23:40:55.590+0000][2605.997s][info ][gc,heap     ] GC(101) Archive regions: 2->2
[2025-06-05T23:40:55.590+0000][2605.997s][info ][gc,heap     ] GC(101) Humongous regions: 0->0
[2025-06-05T23:40:55.590+0000][2605.997s][info ][gc,metaspace] GC(101) Metaspace: 185060K(186688K)->185060K(186688K) NonClass: 162841K(163648K)->162841K(163648K) Class: 22219K(23040K)->22219K(23040K)
[2025-06-05T23:40:55.590+0000][2605.997s][info ][gc          ] GC(101) Pause Young (Normal) (G1 Evacuation Pause) 483M->188M(544M) 6.002ms
[2025-06-05T23:40:55.590+0000][2605.997s][info ][gc,cpu      ] GC(101) User=0.01s Sys=0.00s Real=0.01s
[2025-06-05T23:40:55.590+0000][2605.997s][info ][safepoint   ] Safepoint "G1CollectForAllocation", Time since last: 27193672846 ns, Reaching safepoint: 2003875 ns, Cleanup: 5375 ns, At safepoint: 6220500 ns, Total: 8229750 ns
[2025-06-05T23:40:56.591+0000][2606.998s][debug][safepoint   ] Safepoint synchronization initiated using futex wait barrier. (186 threads)
[2025-06-05T23:40:56.593+0000][2607.000s][info ][safepoint   ] Safepoint "Cleanup", Time since last: 1001064875 ns, Reaching safepoint: 2258459 ns, Cleanup: 76083 ns, At safepoint: 13333 ns, Total: 2347875 ns
[2025-06-05T23:41:09.617+0000][2620.024s][debug][safepoint   ] Safepoint synchronization initiated using futex wait barrier. (186 threads)
[2025-06-05T23:41:09.618+0000][2620.025s][info ][safepoint   ] Safepoint "Cleanup", Time since last: 13023784340 ns, Reaching safepoint: 617625 ns, Cleanup: 40458 ns, At safepoint: 19083 ns, Total: 677166 ns
[2025-06-05T23:41:37.387+0000][2647.794s][debug][safepoint   ] Safepoint synchronization initiated using futex wait barrier. (186 threads)
[2025-06-05T23:41:37.387+0000][2647.794s][info ][safepoint   ] Safepoint "Cleanup", Time since last: 27769359180 ns, Reaching safepoint: 183208 ns, Cleanup: 16167 ns, At safepoint: 2416 ns, Total: 201791 ns
[2025-06-05T23:41:42.400+0000][2652.807s][debug][safepoint   ] Safepoint synchronization initiated using futex wait barrier. (186 threads)
[2025-06-05T23:41:42.401+0000][2652.808s][info ][safepoint   ] Safepoint "Cleanup", Time since last: 5012646044 ns, Reaching safepoint: 835209 ns, Cleanup: 40916 ns, At safepoint: 5875 ns, Total: 882000 ns
[2025-06-05T23:41:59.436+0000][2669.844s][debug][safepoint   ] Safepoint synchronization initiated using futex wait barrier. (190 threads)
[2025-06-05T23:41:59.438+0000][2669.846s][info ][safepoint   ] Safepoint "Cleanup", Time since last: 17036197508 ns, Reaching safepoint: 1290042 ns, Cleanup: 101000 ns, At safepoint: 5500 ns, Total: 1396542 ns
[2025-06-05T23:42:05.446+0000][2675.854s][debug][safepoint   ] Safepoint synchronization initiated using futex wait barrier. (190 threads)
[2025-06-05T23:42:05.446+0000][2675.854s][info ][safepoint   ] Safepoint "Cleanup", Time since last: 6007961878 ns, Reaching safepoint: 161166 ns, Cleanup: 17084 ns, At safepoint: 3166 ns, Total: 181416 ns
[2025-06-05T23:42:13.462+0000][2683.869s][debug][safepoint   ] Safepoint synchronization initiated using futex wait barrier. (191 threads)
[2025-06-05T23:42:13.462+0000][2683.870s][info ][safepoint   ] Safepoint "Cleanup", Time since last: 8015762879 ns, Reaching safepoint: 437292 ns, Cleanup: 273292 ns, At safepoint: 7541 ns, Total: 718125 ns
[2025-06-05T23:42:15.015+0000][2685.422s][debug][safepoint   ] Safepoint synchronization initiated using futex wait barrier. (190 threads)
[2025-06-05T23:42:15.015+0000][2685.423s][info ][safepoint   ] Safepoint "Cleanup", Time since last: 1552189959 ns, Reaching safepoint: 171375 ns, Cleanup: 8959 ns, At safepoint: 4541 ns, Total: 184875 ns
[2025-06-05T23:42:16.016+0000][2686.423s][debug][safepoint   ] Safepoint synchronization initiated using futex wait barrier. (190 threads)
[2025-06-05T23:42:16.017+0000][2686.425s][info ][safepoint   ] Safepoint "Cleanup", Time since last: 1000857209 ns, Reaching safepoint: 1083000 ns, Cleanup: 186542 ns, At safepoint: 28333 ns, Total: 1297875 ns
[2025-06-05T23:42:20.021+0000][2690.429s][debug][safepoint   ] Safepoint synchronization initiated using futex wait barrier. (190 threads)
[2025-06-05T23:42:20.022+0000][2690.430s][info ][safepoint   ] Safepoint "Cleanup", Time since last: 4004211501 ns, Reaching safepoint: 1167333 ns, Cleanup: 159125 ns, At safepoint: 20625 ns, Total: 1347083 ns
[2025-06-05T23:42:24.142+0000][2694.550s][debug][safepoint   ] Safepoint synchronization initiated using futex wait barrier. (190 threads)
[2025-06-05T23:42:24.143+0000][2694.551s][info ][gc,start    ] GC(102) Pause Young (Normal) (G1 Evacuation Pause)
[2025-06-05T23:42:24.143+0000][2694.551s][info ][gc,task     ] GC(102) Using 2 workers of 2 for evacuation
[2025-06-05T23:42:24.149+0000][2694.557s][info ][gc,phases   ] GC(102)   Pre Evacuate Collection Set: 0.4ms
[2025-06-05T23:42:24.149+0000][2694.557s][info ][gc,phases   ] GC(102)   Merge Heap Roots: 0.3ms
[2025-06-05T23:42:24.149+0000][2694.558s][info ][gc,phases   ] GC(102)   Evacuate Collection Set: 4.2ms
[2025-06-05T23:42:24.149+0000][2694.558s][info ][gc,phases   ] GC(102)   Post Evacuate Collection Set: 1.2ms
[2025-06-05T23:42:24.150+0000][2694.558s][info ][gc,phases   ] GC(102)   Other: 0.4ms
[2025-06-05T23:42:24.150+0000][2694.558s][info ][gc,heap     ] GC(102) Eden regions: 297->0(297)
[2025-06-05T23:42:24.150+0000][2694.558s][info ][gc,heap     ] GC(102) Survivor regions: 2->2(38)
[2025-06-05T23:42:24.150+0000][2694.558s][info ][gc,heap     ] GC(102) Old regions: 186->186
[2025-06-05T23:42:24.150+0000][2694.558s][info ][gc,heap     ] GC(102) Archive regions: 2->2
[2025-06-05T23:42:24.150+0000][2694.558s][info ][gc,heap     ] GC(102) Humongous regions: 20->0
[2025-06-05T23:42:24.150+0000][2694.558s][info ][gc,metaspace] GC(102) Metaspace: 185143K(186752K)->185143K(186752K) NonClass: 162924K(163712K)->162924K(163712K) Class: 22219K(23040K)->22219K(23040K)
[2025-06-05T23:42:24.150+0000][2694.558s][info ][gc          ] GC(102) Pause Young (Normal) (G1 Evacuation Pause) 505M->188M(544M) 7.042ms
[2025-06-05T23:42:24.150+0000][2694.558s][info ][gc,cpu      ] GC(102) User=0.01s Sys=0.00s Real=0.01s
[2025-06-05T23:42:24.150+0000][2694.558s][info ][safepoint   ] Safepoint "G1CollectForAllocation", Time since last: 4119857461 ns, Reaching safepoint: 707416 ns, Cleanup: 8209 ns, At safepoint: 7323166 ns, Total: 8038791 ns
[2025-06-05T23:42:25.152+0000][2695.560s][debug][safepoint   ] Safepoint synchronization initiated using futex wait barrier. (190 threads)
[2025-06-05T23:42:25.154+0000][2695.562s][info ][safepoint   ] Safepoint "Cleanup", Time since last: 1001927376 ns, Reaching safepoint: 2127500 ns, Cleanup: 71500 ns, At safepoint: 17917 ns, Total: 2216917 ns
[2025-06-05T23:42:33.167+0000][2703.575s][debug][safepoint   ] Safepoint synchronization initiated using futex wait barrier. (190 threads)
[2025-06-05T23:42:33.167+0000][2703.575s][info ][safepoint   ] Safepoint "Cleanup", Time since last: 8012876253 ns, Reaching safepoint: 203667 ns, Cleanup: 13292 ns, At safepoint: 3583 ns, Total: 220542 ns
[2025-06-05T23:42:34.627+0000][2705.035s][debug][safepoint   ] Safepoint synchronization initiated using futex wait barrier. (191 threads)
[2025-06-05T23:42:34.628+0000][2705.036s][info ][safepoint   ] Safepoint "Cleanup", Time since last: 1459389001 ns, Reaching safepoint: 736791 ns, Cleanup: 169084 ns, At safepoint: 19291 ns, Total: 925166 ns
[2025-06-05T23:42:37.633+0000][2708.041s][debug][safepoint   ] Safepoint synchronization initiated using futex wait barrier. (191 threads)
[2025-06-05T23:42:37.633+0000][2708.041s][info ][safepoint   ] Safepoint "Cleanup", Time since last: 3004990585 ns, Reaching safepoint: 558500 ns, Cleanup: 35708 ns, At safepoint: 9500 ns, Total: 603708 ns
[2025-06-05T23:42:39.640+0000][2710.048s][debug][safepoint   ] Safepoint synchronization initiated using futex wait barrier. (191 threads)
[2025-06-05T23:42:39.641+0000][2710.050s][info ][safepoint   ] Safepoint "Cleanup", Time since last: 2006808335 ns, Reaching safepoint: 1312666 ns, Cleanup: 82667 ns, At safepoint: 15792 ns, Total: 1411125 ns
[2025-06-05T23:42:45.650+0000][2716.058s][debug][safepoint   ] Safepoint synchronization initiated using futex wait barrier. (191 threads)
[2025-06-05T23:42:45.652+0000][2716.060s][info ][safepoint   ] Safepoint "Cleanup", Time since last: 6008229669 ns, Reaching safepoint: 1831750 ns, Cleanup: 87542 ns, At safepoint: 12292 ns, Total: 1931584 ns
[2025-06-05T23:42:47.654+0000][2718.062s][debug][safepoint   ] Safepoint synchronization initiated using futex wait barrier. (191 threads)
[2025-06-05T23:42:47.655+0000][2718.063s][info ][safepoint   ] Safepoint "Cleanup", Time since last: 2002107666 ns, Reaching safepoint: 948584 ns, Cleanup: 98041 ns, At safepoint: 11292 ns, Total: 1057917 ns
[2025-06-05T23:42:56.665+0000][2727.073s][debug][safepoint   ] Safepoint synchronization initiated using futex wait barrier. (191 threads)
[2025-06-05T23:42:56.666+0000][2727.074s][info ][safepoint   ] Safepoint "Cleanup", Time since last: 9009791671 ns, Reaching safepoint: 995083 ns, Cleanup: 74542 ns, At safepoint: 10042 ns, Total: 1079667 ns
[2025-06-05T23:43:01.672+0000][2732.080s][debug][safepoint   ] Safepoint synchronization initiated using futex wait barrier. (191 threads)
[2025-06-05T23:43:01.674+0000][2732.082s][info ][safepoint   ] Safepoint "Cleanup", Time since last: 5006542335 ns, Reaching safepoint: 1527042 ns, Cleanup: 34250 ns, At safepoint: 12125 ns, Total: 1573417 ns
[2025-06-05T23:43:16.696+0000][2747.104s][debug][safepoint   ] Safepoint synchronization initiated using futex wait barrier. (191 threads)
[2025-06-05T23:43:16.698+0000][2747.106s][info ][safepoint   ] Safepoint "Cleanup", Time since last: 15022325424 ns, Reaching safepoint: 2110083 ns, Cleanup: 23833 ns, At safepoint: 7000 ns, Total: 2140916 ns
[2025-06-05T23:43:31.725+0000][2762.133s][debug][safepoint   ] Safepoint synchronization initiated using futex wait barrier. (191 threads)
[2025-06-05T23:43:31.726+0000][2762.134s][info ][safepoint   ] Safepoint "Cleanup", Time since last: 15027107715 ns, Reaching safepoint: 485792 ns, Cleanup: 36042 ns, At safepoint: 11166 ns, Total: 533000 ns
[2025-06-05T23:43:57.681+0000][2788.089s][debug][safepoint   ] Safepoint synchronization initiated using futex wait barrier. (187 threads)
[2025-06-05T23:43:57.682+0000][2788.090s][info ][safepoint   ] Safepoint "Cleanup", Time since last: 25955470470 ns, Reaching safepoint: 969750 ns, Cleanup: 89667 ns, At safepoint: 8125 ns, Total: 1067542 ns
[2025-06-05T23:44:11.711+0000][2802.119s][debug][safepoint   ] Safepoint synchronization initiated using futex wait barrier. (187 threads)
[2025-06-05T23:44:11.712+0000][2802.120s][info ][safepoint   ] Safepoint "Cleanup", Time since last: 14028759798 ns, Reaching safepoint: 772917 ns, Cleanup: 97250 ns, At safepoint: 72125 ns, Total: 942292 ns
[2025-06-05T23:44:13.717+0000][2804.125s][debug][safepoint   ] Safepoint synchronization initiated using futex wait barrier. (187 threads)
[2025-06-05T23:44:13.718+0000][2804.126s][info ][safepoint   ] Safepoint "Cleanup", Time since last: 2005252084 ns, Reaching safepoint: 512209 ns, Cleanup: 40041 ns, At safepoint: 11584 ns, Total: 563834 ns
[2025-06-05T23:44:24.735+0000][2815.143s][debug][safepoint   ] Safepoint synchronization initiated using futex wait barrier. (187 threads)
[2025-06-05T23:44:24.737+0000][2815.145s][info ][safepoint   ] Safepoint "Cleanup", Time since last: 11017377671 ns, Reaching safepoint: 1536417 ns, Cleanup: 23708 ns, At safepoint: 8000 ns, Total: 1568125 ns
[2025-06-05T23:44:26.739+0000][2817.147s][debug][safepoint   ] Safepoint synchronization initiated using futex wait barrier. (187 threads)
[2025-06-05T23:44:26.739+0000][2817.147s][info ][safepoint   ] Safepoint "Cleanup", Time since last: 2001860710 ns, Reaching safepoint: 641333 ns, Cleanup: 30333 ns, At safepoint: 11542 ns, Total: 683208 ns
[2025-06-05T23:44:38.135+0000][2828.543s][debug][safepoint   ] Safepoint synchronization initiated using futex wait barrier. (186 threads)
[2025-06-05T23:44:38.137+0000][2828.545s][info ][gc,start    ] GC(103) Pause Young (Normal) (G1 Evacuation Pause)
[2025-06-05T23:44:38.138+0000][2828.546s][info ][gc,task     ] GC(103) Using 2 workers of 2 for evacuation
[2025-06-05T23:44:38.152+0000][2828.560s][info ][gc,phases   ] GC(103)   Pre Evacuate Collection Set: 0.7ms
[2025-06-05T23:44:38.153+0000][2828.561s][info ][gc,phases   ] GC(103)   Merge Heap Roots: 0.3ms
[2025-06-05T23:44:38.153+0000][2828.561s][info ][gc,phases   ] GC(103)   Evacuate Collection Set: 9.9ms
[2025-06-05T23:44:38.153+0000][2828.561s][info ][gc,phases   ] GC(103)   Post Evacuate Collection Set: 3.2ms
[2025-06-05T23:44:38.153+0000][2828.561s][info ][gc,phases   ] GC(103)   Other: 1.0ms
[2025-06-05T23:44:38.153+0000][2828.561s][info ][gc,heap     ] GC(103) Eden regions: 297->0(297)
[2025-06-05T23:44:38.153+0000][2828.561s][info ][gc,heap     ] GC(103) Survivor regions: 2->2(38)
[2025-06-05T23:44:38.153+0000][2828.561s][info ][gc,heap     ] GC(103) Old regions: 186->186
[2025-06-05T23:44:38.153+0000][2828.561s][info ][gc,heap     ] GC(103) Archive regions: 2->2
[2025-06-05T23:44:38.153+0000][2828.562s][info ][gc,heap     ] GC(103) Humongous regions: 0->0
[2025-06-05T23:44:38.154+0000][2828.562s][info ][gc,metaspace] GC(103) Metaspace: 185290K(186880K)->185290K(186880K) NonClass: 163071K(163840K)->163071K(163840K) Class: 22219K(23040K)->22219K(23040K)
[2025-06-05T23:44:38.154+0000][2828.562s][info ][gc          ] GC(103) Pause Young (Normal) (G1 Evacuation Pause) 485M->188M(544M) 16.382ms
[2025-06-05T23:44:38.154+0000][2828.562s][info ][gc,cpu      ] GC(103) User=0.03s Sys=0.00s Real=0.02s
[2025-06-05T23:44:38.154+0000][2828.562s][info ][safepoint   ] Safepoint "G1CollectForAllocation", Time since last: 11395954005 ns, Reaching safepoint: 1716625 ns, Cleanup: 26584 ns, At safepoint: 16847708 ns, Total: 18590917 ns
[2025-06-05T23:44:39.155+0000][2829.563s][debug][safepoint   ] Safepoint synchronization initiated using futex wait barrier. (186 threads)
[2025-06-05T23:44:39.156+0000][2829.564s][info ][safepoint   ] Safepoint "Cleanup", Time since last: 1000954792 ns, Reaching safepoint: 1067000 ns, Cleanup: 55042 ns, At safepoint: 6458 ns, Total: 1128500 ns
[2025-06-05T23:44:53.178+0000][2843.586s][debug][safepoint   ] Safepoint synchronization initiated using futex wait barrier. (186 threads)
[2025-06-05T23:44:53.178+0000][2843.586s][info ][safepoint   ] Safepoint "Cleanup", Time since last: 14021428506 ns, Reaching safepoint: 532959 ns, Cleanup: 36208 ns, At safepoint: 21125 ns, Total: 590292 ns
[2025-06-05T23:45:07.202+0000][2857.610s][debug][safepoint   ] Safepoint synchronization initiated using futex wait barrier. (186 threads)
[2025-06-05T23:45:07.204+0000][2857.612s][info ][safepoint   ] Safepoint "Cleanup", Time since last: 14023705923 ns, Reaching safepoint: 2168875 ns, Cleanup: 97250 ns, At safepoint: 74084 ns, Total: 2340209 ns
[2025-06-05T23:45:21.229+0000][2871.638s][debug][safepoint   ] Safepoint synchronization initiated using futex wait barrier. (186 threads)
[2025-06-05T23:45:21.230+0000][2871.639s][info ][safepoint   ] Safepoint "Cleanup", Time since last: 14025813881 ns, Reaching safepoint: 991833 ns, Cleanup: 98250 ns, At safepoint: 13250 ns, Total: 1103333 ns
[2025-06-05T23:45:24.235+0000][2874.644s][debug][safepoint   ] Safepoint synchronization initiated using futex wait barrier. (190 threads)
[2025-06-05T23:45:24.236+0000][2874.645s][info ][safepoint   ] Safepoint "Cleanup", Time since last: 3004697418 ns, Reaching safepoint: 1135250 ns, Cleanup: 148208 ns, At safepoint: 17792 ns, Total: 1301250 ns
[2025-06-05T23:45:40.673+0000][2891.082s][debug][safepoint   ] Safepoint synchronization initiated using futex wait barrier. (190 threads)
[2025-06-05T23:45:40.675+0000][2891.083s][info ][safepoint   ] Safepoint "Cleanup", Time since last: 16436770300 ns, Reaching safepoint: 1284833 ns, Cleanup: 99708 ns, At safepoint: 17417 ns, Total: 1401958 ns
[2025-06-05T23:45:45.687+0000][2896.096s][debug][safepoint   ] Safepoint synchronization initiated using futex wait barrier. (191 threads)
[2025-06-05T23:45:45.688+0000][2896.097s][info ][safepoint   ] Safepoint "Cleanup", Time since last: 5012604461 ns, Reaching safepoint: 646166 ns, Cleanup: 50709 ns, At safepoint: 9833 ns, Total: 706708 ns
[2025-06-05T23:45:48.693+0000][2899.102s][debug][safepoint   ] Safepoint synchronization initiated using futex wait barrier. (191 threads)
[2025-06-05T23:45:48.693+0000][2899.102s][info ][safepoint   ] Safepoint "Cleanup", Time since last: 3005068959 ns, Reaching safepoint: 270208 ns, Cleanup: 21834 ns, At safepoint: 4208 ns, Total: 296250 ns
[2025-06-05T23:45:50.702+0000][2901.110s][debug][safepoint   ] Safepoint synchronization initiated using futex wait barrier. (191 threads)
[2025-06-05T23:45:50.702+0000][2901.111s][info ][safepoint   ] Safepoint "Cleanup", Time since last: 2008394209 ns, Reaching safepoint: 877375 ns, Cleanup: 72917 ns, At safepoint: 9583 ns, Total: 959875 ns
[2025-06-05T23:46:10.728+0000][2921.136s][debug][safepoint   ] Safepoint synchronization initiated using futex wait barrier. (191 threads)
[2025-06-05T23:46:10.728+0000][2921.137s][info ][safepoint   ] Safepoint "Cleanup", Time since last: 20025072343 ns, Reaching safepoint: 802667 ns, Cleanup: 25792 ns, At safepoint: 8958 ns, Total: 837417 ns
[2025-06-05T23:46:30.755+0000][2941.164s][debug][safepoint   ] Safepoint synchronization initiated using futex wait barrier. (191 threads)
[2025-06-05T23:46:30.760+0000][2941.170s][info ][safepoint   ] Safepoint "Cleanup", Time since last: 20026718258 ns, Reaching safepoint: 5548584 ns, Cleanup: 63000 ns, At safepoint: 16208 ns, Total: 5627792 ns
[2025-06-05T23:46:38.783+0000][2949.193s][debug][safepoint   ] Safepoint synchronization initiated using futex wait barrier. (191 threads)
[2025-06-05T23:46:38.784+0000][2949.193s][info ][gc,start    ] GC(104) Pause Young (Normal) (G1 Evacuation Pause)
[2025-06-05T23:46:38.784+0000][2949.193s][info ][gc,task     ] GC(104) Using 2 workers of 2 for evacuation
[2025-06-05T23:46:38.793+0000][2949.202s][info ][gc,phases   ] GC(104)   Pre Evacuate Collection Set: 0.3ms
[2025-06-05T23:46:38.793+0000][2949.202s][info ][gc,phases   ] GC(104)   Merge Heap Roots: 0.2ms
[2025-06-05T23:46:38.793+0000][2949.202s][info ][gc,phases   ] GC(104)   Evacuate Collection Set: 5.8ms
[2025-06-05T23:46:38.793+0000][2949.203s][info ][gc,phases   ] GC(104)   Post Evacuate Collection Set: 2.0ms
[2025-06-05T23:46:38.793+0000][2949.203s][info ][gc,phases   ] GC(104)   Other: 0.5ms
[2025-06-05T23:46:38.794+0000][2949.203s][info ][gc,heap     ] GC(104) Eden regions: 297->0(297)
[2025-06-05T23:46:38.794+0000][2949.203s][info ][gc,heap     ] GC(104) Survivor regions: 2->2(38)
[2025-06-05T23:46:38.794+0000][2949.203s][info ][gc,heap     ] GC(104) Old regions: 186->186
[2025-06-05T23:46:38.794+0000][2949.203s][info ][gc,heap     ] GC(104) Archive regions: 2->2
[2025-06-05T23:46:38.794+0000][2949.203s][info ][gc,heap     ] GC(104) Humongous regions: 0->0
[2025-06-05T23:46:38.794+0000][2949.204s][info ][gc,metaspace] GC(104) Metaspace: 185363K(186944K)->185363K(186944K) NonClass: 163141K(163904K)->163141K(163904K) Class: 22221K(23040K)->22221K(23040K)
[2025-06-05T23:46:38.794+0000][2949.204s][info ][gc          ] GC(104) Pause Young (Normal) (G1 Evacuation Pause) 485M->188M(544M) 10.361ms
[2025-06-05T23:46:38.794+0000][2949.204s][info ][gc,cpu      ] GC(104) User=0.02s Sys=0.01s Real=0.01s
[2025-06-05T23:46:38.795+0000][2949.204s][info ][safepoint   ] Safepoint "G1CollectForAllocation", Time since last: 8023184754 ns, Reaching safepoint: 459125 ns, Cleanup: 8917 ns, At safepoint: 10788208 ns, Total: 11256250 ns
[2025-06-05T23:47:12.843+0000][2983.253s][debug][safepoint   ] Safepoint synchronization initiated using futex wait barrier. (187 threads)
[2025-06-05T23:47:12.845+0000][2983.255s][info ][safepoint   ] Safepoint "Cleanup", Time since last: 34048520016 ns, Reaching safepoint: 1942708 ns, Cleanup: 32459 ns, At safepoint: 9750 ns, Total: 1984917 ns
[2025-06-05T23:47:29.874+0000][3000.283s][debug][safepoint   ] Safepoint synchronization initiated using futex wait barrier. (187 threads)
[2025-06-05T23:47:29.874+0000][3000.283s][info ][safepoint   ] Safepoint "Cleanup", Time since last: 17028208132 ns, Reaching safepoint: 388125 ns, Cleanup: 46084 ns, At safepoint: 6875 ns, Total: 441084 ns
[2025-06-05T23:47:42.733+0000][3013.142s][debug][safepoint   ] Safepoint synchronization initiated using futex wait barrier. (187 threads)
[2025-06-05T23:47:42.733+0000][3013.143s][info ][safepoint   ] Safepoint "Cleanup", Time since last: 12859070756 ns, Reaching safepoint: 386333 ns, Cleanup: 26709 ns, At safepoint: 6250 ns, Total: 419292 ns
[2025-06-05T23:47:46.738+0000][3017.147s][debug][safepoint   ] Safepoint synchronization initiated using futex wait barrier. (186 threads)
[2025-06-05T23:47:46.739+0000][3017.148s][info ][safepoint   ] Safepoint "Cleanup", Time since last: 4004458335 ns, Reaching safepoint: 777458 ns, Cleanup: 62833 ns, At safepoint: 16125 ns, Total: 856416 ns
[2025-06-05T23:47:51.746+0000][3022.155s][debug][safepoint   ] Safepoint synchronization initiated using futex wait barrier. (186 threads)
[2025-06-05T23:47:51.746+0000][3022.156s][info ][safepoint   ] Safepoint "Cleanup", Time since last: 5007337503 ns, Reaching safepoint: 356625 ns, Cleanup: 16416 ns, At safepoint: 7125 ns, Total: 380166 ns
[2025-06-05T23:47:54.752+0000][3025.161s][debug][safepoint   ] Safepoint synchronization initiated using futex wait barrier. (186 threads)
[2025-06-05T23:47:54.753+0000][3025.162s][info ][safepoint   ] Safepoint "Cleanup", Time since last: 3005335293 ns, Reaching safepoint: 1023959 ns, Cleanup: 165000 ns, At safepoint: 17958 ns, Total: 1206917 ns
[2025-06-05T23:48:39.741+0000][3070.151s][debug][safepoint   ] Safepoint synchronization initiated using futex wait barrier. (186 threads)
[2025-06-05T23:48:39.748+0000][3070.158s][info ][safepoint   ] Safepoint "Cleanup", Time since last: 44988597937 ns, Reaching safepoint: 6743084 ns, Cleanup: 34875 ns, At safepoint: 23000 ns, Total: 6800959 ns
[2025-06-05T23:49:01.676+0000][3092.086s][debug][safepoint   ] Safepoint synchronization initiated using futex wait barrier. (188 threads)
[2025-06-05T23:49:01.677+0000][3092.086s][info ][gc,start    ] GC(105) Pause Young (Normal) (G1 Evacuation Pause)
[2025-06-05T23:49:01.677+0000][3092.086s][info ][gc,task     ] GC(105) Using 2 workers of 2 for evacuation
[2025-06-05T23:49:01.683+0000][3092.093s][info ][gc,phases   ] GC(105)   Pre Evacuate Collection Set: 0.1ms
[2025-06-05T23:49:01.683+0000][3092.093s][info ][gc,phases   ] GC(105)   Merge Heap Roots: 0.1ms
[2025-06-05T23:49:01.683+0000][3092.093s][info ][gc,phases   ] GC(105)   Evacuate Collection Set: 4.0ms
[2025-06-05T23:49:01.683+0000][3092.093s][info ][gc,phases   ] GC(105)   Post Evacuate Collection Set: 1.8ms
[2025-06-05T23:49:01.683+0000][3092.093s][info ][gc,phases   ] GC(105)   Other: 0.3ms
[2025-06-05T23:49:01.683+0000][3092.093s][info ][gc,heap     ] GC(105) Eden regions: 297->0(297)
[2025-06-05T23:49:01.683+0000][3092.093s][info ][gc,heap     ] GC(105) Survivor regions: 2->1(38)
[2025-06-05T23:49:01.683+0000][3092.093s][info ][gc,heap     ] GC(105) Old regions: 186->187
[2025-06-05T23:49:01.683+0000][3092.093s][info ][gc,heap     ] GC(105) Archive regions: 2->2
[2025-06-05T23:49:01.683+0000][3092.093s][info ][gc,heap     ] GC(105) Humongous regions: 0->0
[2025-06-05T23:49:01.683+0000][3092.093s][info ][gc,metaspace] GC(105) Metaspace: 185407K(187072K)->185407K(187072K) NonClass: 163185K(164032K)->163185K(164032K) Class: 22221K(23040K)->22221K(23040K)
[2025-06-05T23:49:01.684+0000][3092.093s][info ][gc          ] GC(105) Pause Young (Normal) (G1 Evacuation Pause) 485M->188M(544M) 7.069ms
[2025-06-05T23:49:01.684+0000][3092.094s][info ][gc,cpu      ] GC(105) User=0.01s Sys=0.00s Real=0.01s
[2025-06-05T23:49:01.684+0000][3092.094s][info ][safepoint   ] Safepoint "G1CollectForAllocation", Time since last: 21928529926 ns, Reaching safepoint: 150875 ns, Cleanup: 11500 ns, At safepoint: 7598417 ns, Total: 7760792 ns
[2025-06-05T23:49:02.687+0000][3093.097s][debug][safepoint   ] Safepoint synchronization initiated using futex wait barrier. (190 threads)
[2025-06-05T23:49:02.689+0000][3093.098s][info ][safepoint   ] Safepoint "Cleanup", Time since last: 1003153000 ns, Reaching safepoint: 1164667 ns, Cleanup: 132333 ns, At safepoint: 15500 ns, Total: 1312500 ns
[2025-06-05T23:49:03.691+0000][3094.101s][debug][safepoint   ] Safepoint synchronization initiated using futex wait barrier. (190 threads)
[2025-06-05T23:49:03.691+0000][3094.101s][info ][safepoint   ] Safepoint "Cleanup", Time since last: 1002142793 ns, Reaching safepoint: 185375 ns, Cleanup: 17583 ns, At safepoint: 2625 ns, Total: 205583 ns
[2025-06-05T23:49:06.694+0000][3097.104s][debug][safepoint   ] Safepoint synchronization initiated using futex wait barrier. (191 threads)
[2025-06-05T23:49:06.695+0000][3097.105s][info ][safepoint   ] Safepoint "Cleanup", Time since last: 3003270335 ns, Reaching safepoint: 1014500 ns, Cleanup: 50625 ns, At safepoint: 17333 ns, Total: 1082458 ns
[2025-06-05T23:49:15.719+0000][3106.129s][debug][safepoint   ] Safepoint synchronization initiated using futex wait barrier. (191 threads)
[2025-06-05T23:49:15.720+0000][3106.130s][info ][safepoint   ] Safepoint "Cleanup", Time since last: 9023435713 ns, Reaching safepoint: 1074125 ns, Cleanup: 145166 ns, At safepoint: 18292 ns, Total: 1237583 ns
[2025-06-05T23:49:19.724+0000][3110.134s][debug][safepoint   ] Safepoint synchronization initiated using futex wait barrier. (191 threads)
[2025-06-05T23:49:19.726+0000][3110.136s][info ][safepoint   ] Safepoint "Cleanup", Time since last: 4004415960 ns, Reaching safepoint: 1394292 ns, Cleanup: 88791 ns, At safepoint: 13292 ns, Total: 1496375 ns
[2025-06-05T23:55:33.055+0000][3147.222s][debug][safepoint   ] Safepoint synchronization initiated using futex wait barrier. (182 threads)
[2025-06-05T23:55:33.056+0000][3147.222s][info ][safepoint   ] Safepoint "Cleanup", Time since last: 37085859601 ns, Reaching safepoint: 866833 ns, Cleanup: 34375 ns, At safepoint: 9292 ns, Total: 910500 ns
[2025-06-05T23:55:35.071+0000][3149.238s][debug][safepoint   ] Safepoint synchronization initiated using futex wait barrier. (183 threads)
[2025-06-05T23:55:35.073+0000][3149.239s][info ][safepoint   ] Safepoint "Cleanup", Time since last: 2015249167 ns, Reaching safepoint: 1463750 ns, Cleanup: 118459 ns, At safepoint: 11875 ns, Total: 1594084 ns
[2025-06-05T23:57:41.914+0000][3219.318s][debug][safepoint   ] Safepoint synchronization initiated using futex wait barrier. (174 threads)
[2025-06-05T23:57:41.915+0000][3219.320s][info ][safepoint   ] Safepoint "Cleanup", Time since last: 70078934490 ns, Reaching safepoint: 1444417 ns, Cleanup: 61208 ns, At safepoint: 12417 ns, Total: 1518042 ns
[2025-06-06T00:29:33.083+0000][3232.341s][debug][safepoint   ] Safepoint synchronization initiated using futex wait barrier. (172 threads)
[2025-06-06T00:29:33.085+0000][3232.344s][info ][safepoint   ] Safepoint "Cleanup", Time since last: 13021719381 ns, Reaching safepoint: 2392542 ns, Cleanup: 213000 ns, At safepoint: 16666 ns, Total: 2622208 ns
[2025-06-06T00:55:45.370+0000][3319.904s][debug][safepoint   ] Safepoint synchronization initiated using futex wait barrier. (168 threads)
[2025-06-06T00:55:45.372+0000][3319.905s][info ][gc,start    ] GC(106) Pause Young (Normal) (G1 Evacuation Pause)
[2025-06-06T00:55:45.372+0000][3319.905s][info ][gc,task     ] GC(106) Using 2 workers of 2 for evacuation
[2025-06-06T00:55:45.387+0000][3319.921s][info ][gc,phases   ] GC(106)   Pre Evacuate Collection Set: 0.9ms
[2025-06-06T00:55:45.387+0000][3319.921s][info ][gc,phases   ] GC(106)   Merge Heap Roots: 2.5ms
[2025-06-06T00:55:45.387+0000][3319.921s][info ][gc,phases   ] GC(106)   Evacuate Collection Set: 9.4ms
[2025-06-06T00:55:45.387+0000][3319.921s][info ][gc,phases   ] GC(106)   Post Evacuate Collection Set: 2.2ms
[2025-06-06T00:55:45.387+0000][3319.921s][info ][gc,phases   ] GC(106)   Other: 0.6ms
[2025-06-06T00:55:45.388+0000][3319.921s][info ][gc,heap     ] GC(106) Eden regions: 297->0(297)
[2025-06-06T00:55:45.388+0000][3319.921s][info ][gc,heap     ] GC(106) Survivor regions: 1->1(38)
[2025-06-06T00:55:45.388+0000][3319.921s][info ][gc,heap     ] GC(106) Old regions: 187->187
[2025-06-06T00:55:45.388+0000][3319.921s][info ][gc,heap     ] GC(106) Archive regions: 2->2
[2025-06-06T00:55:45.388+0000][3319.921s][info ][gc,heap     ] GC(106) Humongous regions: 0->0
[2025-06-06T00:55:45.388+0000][3319.921s][info ][gc,metaspace] GC(106) Metaspace: 185487K(187136K)->185487K(187136K) NonClass: 163261K(164096K)->163261K(164096K) Class: 22225K(23040K)->22225K(23040K)
[2025-06-06T00:55:45.388+0000][3319.921s][info ][gc          ] GC(106) Pause Young (Normal) (G1 Evacuation Pause) 485M->188M(544M) 16.246ms
[2025-06-06T00:55:45.388+0000][3319.922s][info ][gc,cpu      ] GC(106) User=0.02s Sys=0.00s Real=0.02s
[2025-06-06T00:55:45.388+0000][3319.922s][info ][safepoint   ] Safepoint "G1CollectForAllocation", Time since last: 87559696415 ns, Reaching safepoint: 1325292 ns, Cleanup: 8208 ns, At safepoint: 16491167 ns, Total: 17824667 ns
[2025-06-06T00:59:19.458+0000][3533.989s][debug][safepoint   ] Safepoint synchronization initiated using futex wait barrier. (172 threads)
[2025-06-06T00:59:19.460+0000][3533.991s][info ][safepoint   ] Safepoint "Cleanup", Time since last: 214067078931 ns, Reaching safepoint: 1992500 ns, Cleanup: 30417 ns, At safepoint: 9958 ns, Total: 2032875 ns
[2025-06-06T00:59:53.510+0000][3568.041s][debug][safepoint   ] Safepoint synchronization initiated using futex wait barrier. (170 threads)
[2025-06-06T00:59:53.511+0000][3568.042s][info ][safepoint   ] Safepoint "Cleanup", Time since last: 34050345266 ns, Reaching safepoint: 483042 ns, Cleanup: 21333 ns, At safepoint: 5458 ns, Total: 509833 ns
[2025-06-06T00:59:54.512+0000][3569.042s][debug][safepoint   ] Safepoint synchronization initiated using futex wait barrier. (170 threads)
[2025-06-06T00:59:54.512+0000][3569.043s][info ][safepoint   ] Safepoint "Cleanup", Time since last: 1000819959 ns, Reaching safepoint: 466583 ns, Cleanup: 31500 ns, At safepoint: 6959 ns, Total: 505042 ns
[2025-06-06T00:59:58.517+0000][3573.047s][debug][safepoint   ] Safepoint synchronization initiated using futex wait barrier. (170 threads)
[2025-06-06T00:59:58.518+0000][3573.049s][info ][safepoint   ] Safepoint "Cleanup", Time since last: 4004509960 ns, Reaching safepoint: 1038958 ns, Cleanup: 134167 ns, At safepoint: 11833 ns, Total: 1184958 ns
[2025-06-06T01:00:06.529+0000][3581.060s][debug][safepoint   ] Safepoint synchronization initiated using futex wait barrier. (170 threads)
[2025-06-06T01:00:06.530+0000][3581.061s][info ][safepoint   ] Safepoint "Cleanup", Time since last: 8011512087 ns, Reaching safepoint: 419750 ns, Cleanup: 29000 ns, At safepoint: 6667 ns, Total: 455417 ns
[2025-06-06T01:00:16.811+0000][3591.342s][debug][safepoint   ] Safepoint synchronization initiated using futex wait barrier. (170 threads)
[2025-06-06T01:00:16.813+0000][3591.343s][info ][gc,start    ] GC(107) Pause Young (Normal) (G1 Evacuation Pause)
[2025-06-06T01:00:16.813+0000][3591.344s][info ][gc,task     ] GC(107) Using 2 workers of 2 for evacuation
[2025-06-06T01:00:16.826+0000][3591.357s][info ][gc,phases   ] GC(107)   Pre Evacuate Collection Set: 0.7ms
[2025-06-06T01:00:16.826+0000][3591.357s][info ][gc,phases   ] GC(107)   Merge Heap Roots: 0.3ms
[2025-06-06T01:00:16.827+0000][3591.357s][info ][gc,phases   ] GC(107)   Evacuate Collection Set: 8.8ms
[2025-06-06T01:00:16.827+0000][3591.358s][info ][gc,phases   ] GC(107)   Post Evacuate Collection Set: 3.0ms
[2025-06-06T01:00:16.827+0000][3591.358s][info ][gc,phases   ] GC(107)   Other: 1.1ms
[2025-06-06T01:00:16.827+0000][3591.358s][info ][gc,heap     ] GC(107) Eden regions: 297->0(296)
[2025-06-06T01:00:16.827+0000][3591.358s][info ][gc,heap     ] GC(107) Survivor regions: 1->2(38)
[2025-06-06T01:00:16.827+0000][3591.358s][info ][gc,heap     ] GC(107) Old regions: 187->187
[2025-06-06T01:00:16.827+0000][3591.358s][info ][gc,heap     ] GC(107) Archive regions: 2->2
[2025-06-06T01:00:16.827+0000][3591.358s][info ][gc,heap     ] GC(107) Humongous regions: 0->0
[2025-06-06T01:00:16.827+0000][3591.358s][info ][gc,metaspace] GC(107) Metaspace: 185499K(187136K)->185499K(187136K) NonClass: 163274K(164096K)->163274K(164096K) Class: 22225K(23040K)->22225K(23040K)
[2025-06-06T01:00:16.827+0000][3591.358s][info ][gc          ] GC(107) Pause Young (Normal) (G1 Evacuation Pause) 485M->189M(544M) 14.922ms
[2025-06-06T01:00:16.828+0000][3591.358s][info ][gc,cpu      ] GC(107) User=0.03s Sys=0.00s Real=0.01s
[2025-06-06T01:00:16.828+0000][3591.359s][info ][safepoint   ] Safepoint "G1CollectForAllocation", Time since last: 10281408462 ns, Reaching safepoint: 1077000 ns, Cleanup: 27417 ns, At safepoint: 15739792 ns, Total: 16844209 ns
[2025-06-06T01:00:17.829+0000][3592.359s][debug][safepoint   ] Safepoint synchronization initiated using futex wait barrier. (169 threads)
[2025-06-06T01:00:17.829+0000][3592.360s][info ][safepoint   ] Safepoint "Cleanup", Time since last: 1000637875 ns, Reaching safepoint: 726292 ns, Cleanup: 58375 ns, At safepoint: 10833 ns, Total: 795500 ns
[2025-06-06T01:00:45.469+0000][3620.000s][debug][safepoint   ] Safepoint synchronization initiated using futex wait barrier. (173 threads)
[2025-06-06T01:00:45.472+0000][3620.002s][info ][safepoint   ] Safepoint "Cleanup", Time since last: 27639256471 ns, Reaching safepoint: 2298792 ns, Cleanup: 136666 ns, At safepoint: 13792 ns, Total: 2449250 ns
[2025-06-06T01:01:05.510+0000][3640.040s][debug][safepoint   ] Safepoint synchronization initiated using futex wait barrier. (172 threads)
[2025-06-06T01:01:05.511+0000][3640.042s][info ][safepoint   ] Safepoint "Cleanup", Time since last: 20038051593 ns, Reaching safepoint: 1505792 ns, Cleanup: 82625 ns, At safepoint: 15333 ns, Total: 1603750 ns
[2025-06-06T01:01:45.547+0000][3680.077s][debug][safepoint   ] Safepoint synchronization initiated using futex wait barrier. (171 threads)
[2025-06-06T01:01:45.549+0000][3680.079s][info ][safepoint   ] Safepoint "Cleanup", Time since last: 40035442185 ns, Reaching safepoint: 1898166 ns, Cleanup: 61584 ns, At safepoint: 8708 ns, Total: 1968458 ns
[2025-06-06T01:04:42.835+0000][3857.363s][debug][safepoint   ] Safepoint synchronization initiated using futex wait barrier. (169 threads)
[2025-06-06T01:04:42.838+0000][3857.365s][info ][safepoint   ] Safepoint "Cleanup", Time since last: 177283896706 ns, Reaching safepoint: 2446750 ns, Cleanup: 79125 ns, At safepoint: 19167 ns, Total: 2545042 ns
[2025-06-06T01:04:45.783+0000][3860.311s][debug][safepoint   ] Safepoint synchronization initiated using futex wait barrier. (168 threads)
[2025-06-06T01:04:45.784+0000][3860.311s][info ][gc,start    ] GC(108) Pause Young (Normal) (G1 Evacuation Pause)
[2025-06-06T01:04:45.784+0000][3860.312s][info ][gc,task     ] GC(108) Using 2 workers of 2 for evacuation
[2025-06-06T01:04:45.799+0000][3860.326s][info ][gc,phases   ] GC(108)   Pre Evacuate Collection Set: 0.7ms
[2025-06-06T01:04:45.799+0000][3860.327s][info ][gc,phases   ] GC(108)   Merge Heap Roots: 0.3ms
[2025-06-06T01:04:45.800+0000][3860.327s][info ][gc,phases   ] GC(108)   Evacuate Collection Set: 9.4ms
[2025-06-06T01:04:45.800+0000][3860.327s][info ][gc,phases   ] GC(108)   Post Evacuate Collection Set: 3.9ms
[2025-06-06T01:04:45.800+0000][3860.327s][info ][gc,phases   ] GC(108)   Other: 1.0ms
[2025-06-06T01:04:45.800+0000][3860.327s][info ][gc,heap     ] GC(108) Eden regions: 296->0(295)
[2025-06-06T01:04:45.800+0000][3860.328s][info ][gc,heap     ] GC(108) Survivor regions: 2->2(38)
[2025-06-06T01:04:45.800+0000][3860.328s][info ][gc,heap     ] GC(108) Old regions: 187->188
[2025-06-06T01:04:45.800+0000][3860.328s][info ][gc,heap     ] GC(108) Archive regions: 2->2
[2025-06-06T01:04:45.800+0000][3860.328s][info ][gc,heap     ] GC(108) Humongous regions: 0->0
[2025-06-06T01:04:45.801+0000][3860.328s][info ][gc,metaspace] GC(108) Metaspace: 185537K(187136K)->185537K(187136K) NonClass: 163308K(164096K)->163308K(164096K) Class: 22228K(23040K)->22228K(23040K)
[2025-06-06T01:04:45.801+0000][3860.328s][info ][gc          ] GC(108) Pause Young (Normal) (G1 Evacuation Pause) 485M->189M(544M) 16.757ms
[2025-06-06T01:04:45.801+0000][3860.328s][info ][gc,cpu      ] GC(108) User=0.03s Sys=0.00s Real=0.01s
[2025-06-06T01:04:45.801+0000][3860.328s][info ][safepoint   ] Safepoint "G1CollectForAllocation", Time since last: 2945000209 ns, Reaching safepoint: 647167 ns, Cleanup: 25042 ns, At safepoint: 17332708 ns, Total: 18004917 ns
[2025-06-06T01:07:03.199+0000][3997.725s][debug][safepoint   ] Safepoint synchronization initiated using futex wait barrier. (169 threads)
[2025-06-06T01:07:03.200+0000][3997.726s][info ][safepoint   ] Safepoint "Cleanup", Time since last: 137396948312 ns, Reaching safepoint: 833416 ns, Cleanup: 53875 ns, At safepoint: 8875 ns, Total: 896166 ns
[2025-06-06T01:08:05.326+0000][4059.851s][debug][safepoint   ] Safepoint synchronization initiated using futex wait barrier. (168 threads)
[2025-06-06T01:08:05.328+0000][4059.853s][info ][safepoint   ] Safepoint "Cleanup", Time since last: 62125085403 ns, Reaching safepoint: 1629959 ns, Cleanup: 40916 ns, At safepoint: 11375 ns, Total: 1682250 ns
[2025-06-06T01:09:17.892+0000][4132.416s][debug][safepoint   ] Safepoint synchronization initiated using futex wait barrier. (168 threads)
[2025-06-06T01:09:17.895+0000][4132.420s][info ][gc,start    ] GC(109) Pause Young (Normal) (G1 Evacuation Pause)
[2025-06-06T01:09:17.895+0000][4132.420s][info ][gc,task     ] GC(109) Using 2 workers of 2 for evacuation
[2025-06-06T01:09:17.905+0000][4132.430s][info ][gc,phases   ] GC(109)   Pre Evacuate Collection Set: 0.4ms
[2025-06-06T01:09:17.906+0000][4132.430s][info ][gc,phases   ] GC(109)   Merge Heap Roots: 0.4ms
[2025-06-06T01:09:17.906+0000][4132.430s][info ][gc,phases   ] GC(109)   Evacuate Collection Set: 5.6ms
[2025-06-06T01:09:17.906+0000][4132.431s][info ][gc,phases   ] GC(109)   Post Evacuate Collection Set: 3.1ms
[2025-06-06T01:09:17.906+0000][4132.431s][info ][gc,phases   ] GC(109)   Other: 1.0ms
[2025-06-06T01:09:17.906+0000][4132.431s][info ][gc,heap     ] GC(109) Eden regions: 295->0(295)
[2025-06-06T01:09:17.907+0000][4132.431s][info ][gc,heap     ] GC(109) Survivor regions: 2->2(38)
[2025-06-06T01:09:17.907+0000][4132.431s][info ][gc,heap     ] GC(109) Old regions: 188->188
[2025-06-06T01:09:17.907+0000][4132.431s][info ][gc,heap     ] GC(109) Archive regions: 2->2
[2025-06-06T01:09:17.907+0000][4132.431s][info ][gc,heap     ] GC(109) Humongous regions: 0->0
[2025-06-06T01:09:17.907+0000][4132.432s][info ][gc,metaspace] GC(109) Metaspace: 185538K(187136K)->185538K(187136K) NonClass: 163309K(164096K)->163309K(164096K) Class: 22228K(23040K)->22228K(23040K)
[2025-06-06T01:09:17.907+0000][4132.432s][info ][gc          ] GC(109) Pause Young (Normal) (G1 Evacuation Pause) 484M->189M(544M) 12.165ms
[2025-06-06T01:09:17.907+0000][4132.432s][info ][gc,cpu      ] GC(109) User=0.02s Sys=0.00s Real=0.02s
[2025-06-06T01:09:17.908+0000][4132.432s][info ][safepoint   ] Safepoint "G1CollectForAllocation", Time since last: 72563300825 ns, Reaching safepoint: 2881958 ns, Cleanup: 15042 ns, At safepoint: 13210542 ns, Total: 16107542 ns
[2025-06-06T01:11:53.250+0000][4287.773s][debug][safepoint   ] Safepoint synchronization initiated using futex wait barrier. (168 threads)
[2025-06-06T01:11:53.254+0000][4287.777s][info ][safepoint   ] Safepoint "Cleanup", Time since last: 155340591904 ns, Reaching safepoint: 3790458 ns, Cleanup: 134792 ns, At safepoint: 14458 ns, Total: 3939708 ns
[2025-06-06T01:13:51.892+0000][4406.413s][debug][safepoint   ] Safepoint synchronization initiated using futex wait barrier. (169 threads)
[2025-06-06T01:13:51.895+0000][4406.417s][info ][gc,start    ] GC(110) Pause Young (Normal) (G1 Evacuation Pause)
[2025-06-06T01:13:51.896+0000][4406.417s][info ][gc,task     ] GC(110) Using 2 workers of 2 for evacuation
[2025-06-06T01:13:51.905+0000][4406.426s][info ][gc,phases   ] GC(110)   Pre Evacuate Collection Set: 0.4ms
[2025-06-06T01:13:51.905+0000][4406.427s][info ][gc,phases   ] GC(110)   Merge Heap Roots: 0.2ms
[2025-06-06T01:13:51.906+0000][4406.427s][info ][gc,phases   ] GC(110)   Evacuate Collection Set: 5.5ms
[2025-06-06T01:13:51.906+0000][4406.427s][info ][gc,phases   ] GC(110)   Post Evacuate Collection Set: 3.0ms
[2025-06-06T01:13:51.906+0000][4406.427s][info ][gc,phases   ] GC(110)   Other: 1.0ms
[2025-06-06T01:13:51.906+0000][4406.427s][info ][gc,heap     ] GC(110) Eden regions: 295->0(295)
[2025-06-06T01:13:51.906+0000][4406.427s][info ][gc,heap     ] GC(110) Survivor regions: 2->2(38)
[2025-06-06T01:13:51.906+0000][4406.427s][info ][gc,heap     ] GC(110) Old regions: 188->188
[2025-06-06T01:13:51.906+0000][4406.428s][info ][gc,heap     ] GC(110) Archive regions: 2->2
[2025-06-06T01:13:51.906+0000][4406.428s][info ][gc,heap     ] GC(110) Humongous regions: 0->0
[2025-06-06T01:13:51.906+0000][4406.428s][info ][gc,metaspace] GC(110) Metaspace: 185538K(187136K)->185538K(187136K) NonClass: 163309K(164096K)->163309K(164096K) Class: 22228K(23040K)->22228K(23040K)
[2025-06-06T01:13:51.907+0000][4406.428s][info ][gc          ] GC(110) Pause Young (Normal) (G1 Evacuation Pause) 484M->189M(544M) 11.435ms
[2025-06-06T01:13:51.907+0000][4406.428s][info ][gc,cpu      ] GC(110) User=0.02s Sys=0.00s Real=0.01s
[2025-06-06T01:13:51.907+0000][4406.428s][info ][safepoint   ] Safepoint "G1CollectForAllocation", Time since last: 118636377179 ns, Reaching safepoint: 2976000 ns, Cleanup: 22000 ns, At safepoint: 11838083 ns, Total: 14836083 ns
[2025-06-06T01:13:52.908+0000][4407.430s][debug][safepoint   ] Safepoint synchronization initiated using futex wait barrier. (169 threads)
[2025-06-06T01:13:52.909+0000][4407.431s][info ][safepoint   ] Safepoint "Cleanup", Time since last: 1001601292 ns, Reaching safepoint: 667750 ns, Cleanup: 47209 ns, At safepoint: 8708 ns, Total: 723667 ns
[2025-06-06T01:14:56.826+0000][4471.346s][debug][safepoint   ] Safepoint synchronization initiated using futex wait barrier. (169 threads)
[2025-06-06T01:14:56.827+0000][4471.348s][info ][safepoint   ] Safepoint "Cleanup", Time since last: 63915826572 ns, Reaching safepoint: 1356416 ns, Cleanup: 66709 ns, At safepoint: 10458 ns, Total: 1433583 ns
[2025-06-06T01:18:26.289+0000][4680.807s][debug][safepoint   ] Safepoint synchronization initiated using futex wait barrier. (169 threads)
[2025-06-06T01:18:26.294+0000][4680.813s][info ][gc,start    ] GC(111) Pause Young (Normal) (G1 Evacuation Pause)
[2025-06-06T01:18:26.295+0000][4680.813s][info ][gc,task     ] GC(111) Using 2 workers of 2 for evacuation
[2025-06-06T01:18:26.304+0000][4680.822s][info ][gc,phases   ] GC(111)   Pre Evacuate Collection Set: 0.3ms
[2025-06-06T01:18:26.304+0000][4680.823s][info ][gc,phases   ] GC(111)   Merge Heap Roots: 0.2ms
[2025-06-06T01:18:26.304+0000][4680.823s][info ][gc,phases   ] GC(111)   Evacuate Collection Set: 5.3ms
[2025-06-06T01:18:26.305+0000][4680.823s][info ][gc,phases   ] GC(111)   Post Evacuate Collection Set: 2.9ms
[2025-06-06T01:18:26.305+0000][4680.823s][info ][gc,phases   ] GC(111)   Other: 1.1ms
[2025-06-06T01:18:26.305+0000][4680.823s][info ][gc,heap     ] GC(111) Eden regions: 295->0(295)
[2025-06-06T01:18:26.305+0000][4680.823s][info ][gc,heap     ] GC(111) Survivor regions: 2->2(38)
[2025-06-06T01:18:26.305+0000][4680.823s][info ][gc,heap     ] GC(111) Old regions: 188->188
[2025-06-06T01:18:26.305+0000][4680.823s][info ][gc,heap     ] GC(111) Archive regions: 2->2
[2025-06-06T01:18:26.305+0000][4680.823s][info ][gc,heap     ] GC(111) Humongous regions: 0->0
[2025-06-06T01:18:26.305+0000][4680.823s][info ][gc,metaspace] GC(111) Metaspace: 185539K(187136K)->185539K(187136K) NonClass: 163311K(164096K)->163311K(164096K) Class: 22228K(23040K)->22228K(23040K)
[2025-06-06T01:18:26.305+0000][4680.824s][info ][gc          ] GC(111) Pause Young (Normal) (G1 Evacuation Pause) 484M->189M(544M) 11.041ms
[2025-06-06T01:18:26.306+0000][4680.824s][info ][gc,cpu      ] GC(111) User=0.02s Sys=0.00s Real=0.01s
[2025-06-06T01:18:26.306+0000][4680.824s][info ][safepoint   ] Safepoint "G1CollectForAllocation", Time since last: 209458936762 ns, Reaching safepoint: 5683875 ns, Cleanup: 21500 ns, At safepoint: 11413917 ns, Total: 17119292 ns
[2025-06-06T01:23:00.135+0000][4954.651s][debug][safepoint   ] Safepoint synchronization initiated using futex wait barrier. (168 threads)
[2025-06-06T01:23:00.137+0000][4954.653s][info ][gc,start    ] GC(112) Pause Young (Normal) (G1 Evacuation Pause)
[2025-06-06T01:23:00.137+0000][4954.653s][info ][gc,task     ] GC(112) Using 2 workers of 2 for evacuation
[2025-06-06T01:23:00.146+0000][4954.662s][info ][gc,phases   ] GC(112)   Pre Evacuate Collection Set: 0.7ms
[2025-06-06T01:23:00.146+0000][4954.662s][info ][gc,phases   ] GC(112)   Merge Heap Roots: 0.5ms
[2025-06-06T01:23:00.146+0000][4954.662s][info ][gc,phases   ] GC(112)   Evacuate Collection Set: 4.8ms
[2025-06-06T01:23:00.146+0000][4954.662s][info ][gc,phases   ] GC(112)   Post Evacuate Collection Set: 2.6ms
[2025-06-06T01:23:00.146+0000][4954.662s][info ][gc,phases   ] GC(112)   Other: 0.8ms
[2025-06-06T01:23:00.147+0000][4954.662s][info ][gc,heap     ] GC(112) Eden regions: 295->0(295)
[2025-06-06T01:23:00.147+0000][4954.663s][info ][gc,heap     ] GC(112) Survivor regions: 2->2(38)
[2025-06-06T01:23:00.147+0000][4954.663s][info ][gc,heap     ] GC(112) Old regions: 188->188
[2025-06-06T01:23:00.147+0000][4954.663s][info ][gc,heap     ] GC(112) Archive regions: 2->2
[2025-06-06T01:23:00.147+0000][4954.663s][info ][gc,heap     ] GC(112) Humongous regions: 0->0
[2025-06-06T01:23:00.147+0000][4954.663s][info ][gc,metaspace] GC(112) Metaspace: 185540K(187136K)->185540K(187136K) NonClass: 163311K(164096K)->163311K(164096K) Class: 22228K(23040K)->22228K(23040K)
[2025-06-06T01:23:00.147+0000][4954.663s][info ][gc          ] GC(112) Pause Young (Normal) (G1 Evacuation Pause) 484M->189M(544M) 10.671ms
[2025-06-06T01:23:00.147+0000][4954.663s][info ][gc,cpu      ] GC(112) User=0.02s Sys=0.00s Real=0.01s
[2025-06-06T01:23:00.148+0000][4954.664s][info ][safepoint   ] Safepoint "G1CollectForAllocation", Time since last: 273827259082 ns, Reaching safepoint: 1262125 ns, Cleanup: 20125 ns, At safepoint: 11142792 ns, Total: 12425042 ns
[2025-06-06T01:23:01.149+0000][4955.665s][debug][safepoint   ] Safepoint synchronization initiated using futex wait barrier. (168 threads)
[2025-06-06T01:23:01.151+0000][4955.666s][info ][safepoint   ] Safepoint "Cleanup", Time since last: 1001870417 ns, Reaching safepoint: 977917 ns, Cleanup: 104791 ns, At safepoint: 10042 ns, Total: 1092750 ns
[2025-06-06T01:26:38.584+0000][5173.098s][debug][safepoint   ] Safepoint synchronization initiated using futex wait barrier. (168 threads)
[2025-06-06T01:26:38.588+0000][5173.101s][info ][safepoint   ] Safepoint "Cleanup", Time since last: 217431180559 ns, Reaching safepoint: 3195416 ns, Cleanup: 62125 ns, At safepoint: 8459 ns, Total: 3266000 ns
[2025-06-06T01:27:35.069+0000][5229.581s][debug][safepoint   ] Safepoint synchronization initiated using futex wait barrier. (168 threads)
[2025-06-06T01:27:35.069+0000][5229.582s][info ][gc,start    ] GC(113) Pause Young (Normal) (G1 Evacuation Pause)
[2025-06-06T01:27:35.069+0000][5229.582s][info ][gc,task     ] GC(113) Using 2 workers of 2 for evacuation
[2025-06-06T01:27:35.076+0000][5229.589s][info ][gc,phases   ] GC(113)   Pre Evacuate Collection Set: 0.2ms
[2025-06-06T01:27:35.076+0000][5229.589s][info ][gc,phases   ] GC(113)   Merge Heap Roots: 0.1ms
[2025-06-06T01:27:35.077+0000][5229.589s][info ][gc,phases   ] GC(113)   Evacuate Collection Set: 3.8ms
[2025-06-06T01:27:35.077+0000][5229.589s][info ][gc,phases   ] GC(113)   Post Evacuate Collection Set: 2.4ms
[2025-06-06T01:27:35.077+0000][5229.589s][info ][gc,phases   ] GC(113)   Other: 0.4ms
[2025-06-06T01:27:35.077+0000][5229.589s][info ][gc,heap     ] GC(113) Eden regions: 295->0(295)
[2025-06-06T01:27:35.077+0000][5229.590s][info ][gc,heap     ] GC(113) Survivor regions: 2->2(38)
[2025-06-06T01:27:35.077+0000][5229.590s][info ][gc,heap     ] GC(113) Old regions: 188->188
[2025-06-06T01:27:35.077+0000][5229.590s][info ][gc,heap     ] GC(113) Archive regions: 2->2
[2025-06-06T01:27:35.077+0000][5229.590s][info ][gc,heap     ] GC(113) Humongous regions: 0->0
[2025-06-06T01:27:35.078+0000][5229.590s][info ][gc,metaspace] GC(113) Metaspace: 185547K(187136K)->185547K(187136K) NonClass: 163318K(164096K)->163318K(164096K) Class: 22228K(23040K)->22228K(23040K)
[2025-06-06T01:27:35.078+0000][5229.590s][info ][gc          ] GC(113) Pause Young (Normal) (G1 Evacuation Pause) 484M->189M(544M) 8.484ms
[2025-06-06T01:27:35.078+0000][5229.590s][info ][gc,cpu      ] GC(113) User=0.01s Sys=0.00s Real=0.00s
[2025-06-06T01:27:35.078+0000][5229.590s][info ][safepoint   ] Safepoint "G1CollectForAllocation", Time since last: 56480289151 ns, Reaching safepoint: 376458 ns, Cleanup: 7208 ns, At safepoint: 8786292 ns, Total: 9169958 ns
[2025-06-06T01:29:27.149+0000][5341.660s][debug][safepoint   ] Safepoint synchronization initiated using futex wait barrier. (170 threads)
[2025-06-06T01:29:27.151+0000][5341.661s][info ][safepoint   ] Safepoint "Cleanup", Time since last: 112069785967 ns, Reaching safepoint: 1134084 ns, Cleanup: 73583 ns, At safepoint: 11917 ns, Total: 1219584 ns
[2025-06-06T01:29:37.067+0000][5351.578s][debug][safepoint   ] Safepoint synchronization initiated using futex wait barrier. (170 threads)
[2025-06-06T01:29:37.069+0000][5351.580s][info ][safepoint   ] Safepoint "Cleanup", Time since last: 9916257379 ns, Reaching safepoint: 1847542 ns, Cleanup: 65500 ns, At safepoint: 16167 ns, Total: 1929209 ns
[2025-06-06T01:29:40.075+0000][5354.586s][debug][safepoint   ] Safepoint synchronization initiated using futex wait barrier. (170 threads)
[2025-06-06T01:29:40.076+0000][5354.587s][info ][safepoint   ] Safepoint "Cleanup", Time since last: 3006308001 ns, Reaching safepoint: 949709 ns, Cleanup: 77916 ns, At safepoint: 13209 ns, Total: 1040834 ns
[2025-06-06T01:32:07.777+0000][5502.286s][debug][safepoint   ] Safepoint synchronization initiated using futex wait barrier. (168 threads)
[2025-06-06T01:32:07.778+0000][5502.287s][info ][gc,start    ] GC(114) Pause Young (Normal) (G1 Evacuation Pause)
[2025-06-06T01:32:07.778+0000][5502.287s][info ][gc,task     ] GC(114) Using 2 workers of 2 for evacuation
[2025-06-06T01:32:07.787+0000][5502.296s][info ][gc,phases   ] GC(114)   Pre Evacuate Collection Set: 0.5ms
[2025-06-06T01:32:07.787+0000][5502.297s][info ][gc,phases   ] GC(114)   Merge Heap Roots: 0.2ms
[2025-06-06T01:32:07.788+0000][5502.297s][info ][gc,phases   ] GC(114)   Evacuate Collection Set: 5.1ms
[2025-06-06T01:32:07.788+0000][5502.297s][info ][gc,phases   ] GC(114)   Post Evacuate Collection Set: 2.8ms
[2025-06-06T01:32:07.788+0000][5502.297s][info ][gc,phases   ] GC(114)   Other: 0.6ms
[2025-06-06T01:32:07.788+0000][5502.297s][info ][gc,heap     ] GC(114) Eden regions: 295->0(295)
[2025-06-06T01:32:07.788+0000][5502.297s][info ][gc,heap     ] GC(114) Survivor regions: 2->2(38)
[2025-06-06T01:32:07.788+0000][5502.297s][info ][gc,heap     ] GC(114) Old regions: 188->188
[2025-06-06T01:32:07.788+0000][5502.298s][info ][gc,heap     ] GC(114) Archive regions: 2->2
[2025-06-06T01:32:07.789+0000][5502.298s][info ][gc,heap     ] GC(114) Humongous regions: 0->0
[2025-06-06T01:32:07.789+0000][5502.298s][info ][gc,metaspace] GC(114) Metaspace: 185558K(187136K)->185558K(187136K) NonClass: 163329K(164096K)->163329K(164096K) Class: 22228K(23040K)->22228K(23040K)
[2025-06-06T01:32:07.789+0000][5502.298s][info ][gc          ] GC(114) Pause Young (Normal) (G1 Evacuation Pause) 484M->189M(544M) 10.930ms
[2025-06-06T01:32:07.789+0000][5502.298s][info ][gc,cpu      ] GC(114) User=0.01s Sys=0.00s Real=0.01s
[2025-06-06T01:32:07.789+0000][5502.298s][info ][safepoint   ] Safepoint "G1CollectForAllocation", Time since last: 147698886400 ns, Reaching safepoint: 1026125 ns, Cleanup: 17917 ns, At safepoint: 11388416 ns, Total: 12432458 ns
[2025-06-06T01:32:56.889+0000][5551.397s][debug][safepoint   ] Safepoint synchronization initiated using futex wait barrier. (168 threads)
[2025-06-06T01:32:56.890+0000][5551.399s][info ][safepoint   ] Safepoint "Cleanup", Time since last: 49099215440 ns, Reaching safepoint: 1293500 ns, Cleanup: 29041 ns, At safepoint: 7459 ns, Total: 1330000 ns
[2025-06-06T01:33:45.988+0000][5600.496s][debug][safepoint   ] Safepoint synchronization initiated using futex wait barrier. (168 threads)
[2025-06-06T01:33:45.990+0000][5600.497s][info ][safepoint   ] Safepoint "Cleanup", Time since last: 49097438813 ns, Reaching safepoint: 1142167 ns, Cleanup: 66250 ns, At safepoint: 10500 ns, Total: 1218917 ns
[2025-06-06T01:34:18.060+0000][5632.568s][debug][safepoint   ] Safepoint synchronization initiated using futex wait barrier. (168 threads)
[2025-06-06T01:34:18.064+0000][5632.572s][info ][safepoint   ] Safepoint "Cleanup", Time since last: 32070758973 ns, Reaching safepoint: 3299042 ns, Cleanup: 22583 ns, At safepoint: 20208 ns, Total: 3341833 ns
[2025-06-06T01:34:19.070+0000][5633.578s][debug][safepoint   ] Safepoint synchronization initiated using futex wait barrier. (168 threads)
[2025-06-06T01:34:19.074+0000][5633.582s][info ][safepoint   ] Safepoint "Cleanup", Time since last: 1006165751 ns, Reaching safepoint: 4532583 ns, Cleanup: 75167 ns, At safepoint: 17541 ns, Total: 4625291 ns
[2025-06-06T01:34:54.078+0000][5668.586s][debug][safepoint   ] Safepoint synchronization initiated using futex wait barrier. (169 threads)
[2025-06-06T01:34:54.079+0000][5668.587s][info ][safepoint   ] Safepoint "Cleanup", Time since last: 35003741267 ns, Reaching safepoint: 1070500 ns, Cleanup: 85833 ns, At safepoint: 20292 ns, Total: 1176625 ns
[2025-06-06T01:36:19.271+0000][5753.777s][debug][safepoint   ] Safepoint synchronization initiated using futex wait barrier. (169 threads)
[2025-06-06T01:36:19.275+0000][5753.781s][info ][safepoint   ] Safepoint "Cleanup", Time since last: 85189385290 ns, Reaching safepoint: 3852916 ns, Cleanup: 75125 ns, At safepoint: 19709 ns, Total: 3947750 ns
[2025-06-06T01:36:41.987+0000][5776.492s][debug][safepoint   ] Safepoint synchronization initiated using futex wait barrier. (169 threads)
[2025-06-06T01:36:41.988+0000][5776.494s][info ][gc,start    ] GC(115) Pause Young (Normal) (G1 Evacuation Pause)
[2025-06-06T01:36:41.988+0000][5776.494s][info ][gc,task     ] GC(115) Using 2 workers of 2 for evacuation
[2025-06-06T01:36:42.001+0000][5776.506s][info ][gc,phases   ] GC(115)   Pre Evacuate Collection Set: 0.8ms
[2025-06-06T01:36:42.001+0000][5776.507s][info ][gc,phases   ] GC(115)   Merge Heap Roots: 0.4ms
[2025-06-06T01:36:42.001+0000][5776.507s][info ][gc,phases   ] GC(115)   Evacuate Collection Set: 7.7ms
[2025-06-06T01:36:42.001+0000][5776.507s][info ][gc,phases   ] GC(115)   Post Evacuate Collection Set: 3.1ms
[2025-06-06T01:36:42.002+0000][5776.507s][info ][gc,phases   ] GC(115)   Other: 0.8ms
[2025-06-06T01:36:42.002+0000][5776.508s][info ][gc,heap     ] GC(115) Eden regions: 295->0(295)
[2025-06-06T01:36:42.002+0000][5776.508s][info ][gc,heap     ] GC(115) Survivor regions: 2->2(38)
[2025-06-06T01:36:42.002+0000][5776.508s][info ][gc,heap     ] GC(115) Old regions: 188->188
[2025-06-06T01:36:42.002+0000][5776.508s][info ][gc,heap     ] GC(115) Archive regions: 2->2
[2025-06-06T01:36:42.002+0000][5776.508s][info ][gc,heap     ] GC(115) Humongous regions: 0->0
[2025-06-06T01:36:42.002+0000][5776.508s][info ][gc,metaspace] GC(115) Metaspace: 185569K(187136K)->185569K(187136K) NonClass: 163340K(164096K)->163340K(164096K) Class: 22228K(23040K)->22228K(23040K)
[2025-06-06T01:36:42.002+0000][5776.508s][info ][gc          ] GC(115) Pause Young (Normal) (G1 Evacuation Pause) 484M->189M(544M) 14.540ms
[2025-06-06T01:36:42.003+0000][5776.509s][info ][gc,cpu      ] GC(115) User=0.02s Sys=0.00s Real=0.01s
[2025-06-06T01:36:42.003+0000][5776.509s][info ][safepoint   ] Safepoint "G1CollectForAllocation", Time since last: 22711807760 ns, Reaching safepoint: 1173834 ns, Cleanup: 17458 ns, At safepoint: 15076583 ns, Total: 16267875 ns
[2025-06-06T01:36:54.034+0000][5788.542s][debug][safepoint   ] Safepoint synchronization initiated using futex wait barrier. (168 threads)
[2025-06-06T01:36:54.036+0000][5788.543s][info ][safepoint   ] Safepoint "Cleanup", Time since last: 12033113713 ns, Reaching safepoint: 1203959 ns, Cleanup: 84916 ns, At safepoint: 14042 ns, Total: 1302917 ns
[2025-06-06T01:38:45.629+0000][5900.134s][debug][safepoint   ] Safepoint synchronization initiated using futex wait barrier. (167 threads)
[2025-06-06T01:38:45.630+0000][5900.135s][info ][safepoint   ] Safepoint "Cleanup", Time since last: 111591192842 ns, Reaching safepoint: 998333 ns, Cleanup: 53750 ns, At safepoint: 32000 ns, Total: 1084083 ns
[2025-06-06T01:41:15.974+0000][6050.477s][debug][safepoint   ] Safepoint synchronization initiated using futex wait barrier. (169 threads)
[2025-06-06T01:41:15.977+0000][6050.480s][info ][gc,start    ] GC(116) Pause Young (Normal) (G1 Evacuation Pause)
[2025-06-06T01:41:15.977+0000][6050.481s][info ][gc,task     ] GC(116) Using 2 workers of 2 for evacuation
[2025-06-06T01:41:15.985+0000][6050.489s][info ][gc,phases   ] GC(116)   Pre Evacuate Collection Set: 0.4ms
[2025-06-06T01:41:15.986+0000][6050.489s][info ][gc,phases   ] GC(116)   Merge Heap Roots: 0.2ms
[2025-06-06T01:41:15.986+0000][6050.489s][info ][gc,phases   ] GC(116)   Evacuate Collection Set: 4.0ms
[2025-06-06T01:41:15.986+0000][6050.489s][info ][gc,phases   ] GC(116)   Post Evacuate Collection Set: 2.9ms
[2025-06-06T01:41:15.986+0000][6050.489s][info ][gc,phases   ] GC(116)   Other: 0.8ms
[2025-06-06T01:41:15.986+0000][6050.489s][info ][gc,heap     ] GC(116) Eden regions: 295->0(297)
[2025-06-06T01:41:15.986+0000][6050.489s][info ][gc,heap     ] GC(116) Survivor regions: 2->1(38)
[2025-06-06T01:41:15.986+0000][6050.490s][info ][gc,heap     ] GC(116) Old regions: 188->188
[2025-06-06T01:41:15.986+0000][6050.490s][info ][gc,heap     ] GC(116) Archive regions: 2->2
[2025-06-06T01:41:15.987+0000][6050.490s][info ][gc,heap     ] GC(116) Humongous regions: 0->0
[2025-06-06T01:41:15.987+0000][6050.490s][info ][gc,metaspace] GC(116) Metaspace: 185570K(187136K)->185570K(187136K) NonClass: 163341K(164096K)->163341K(164096K) Class: 22228K(23040K)->22228K(23040K)
[2025-06-06T01:41:15.987+0000][6050.490s][info ][gc          ] GC(116) Pause Young (Normal) (G1 Evacuation Pause) 484M->189M(544M) 9.527ms
[2025-06-06T01:41:15.987+0000][6050.490s][info ][gc,cpu      ] GC(116) User=0.01s Sys=0.00s Real=0.01s
[2025-06-06T01:41:15.987+0000][6050.490s][info ][safepoint   ] Safepoint "G1CollectForAllocation", Time since last: 150341439194 ns, Reaching safepoint: 3455125 ns, Cleanup: 27125 ns, At safepoint: 9959500 ns, Total: 13441750 ns
[2025-06-06T01:57:31.311+0000][6208.930s][debug][safepoint   ] Safepoint synchronization initiated using futex wait barrier. (168 threads)
[2025-06-06T01:57:31.315+0000][6208.934s][info ][safepoint   ] Safepoint "Cleanup", Time since last: 158439326864 ns, Reaching safepoint: 4227583 ns, Cleanup: 86042 ns, At safepoint: 15500 ns, Total: 4329125 ns
[2025-06-06T01:59:43.625+0000][6341.243s][debug][safepoint   ] Safepoint synchronization initiated using futex wait barrier. (168 threads)
[2025-06-06T01:59:43.626+0000][6341.244s][info ][gc,start    ] GC(117) Pause Young (Normal) (G1 Evacuation Pause)
[2025-06-06T01:59:43.626+0000][6341.244s][info ][gc,task     ] GC(117) Using 2 workers of 2 for evacuation
[2025-06-06T01:59:43.640+0000][6341.258s][info ][gc,phases   ] GC(117)   Pre Evacuate Collection Set: 0.9ms
[2025-06-06T01:59:43.640+0000][6341.258s][info ][gc,phases   ] GC(117)   Merge Heap Roots: 0.3ms
[2025-06-06T01:59:43.641+0000][6341.258s][info ][gc,phases   ] GC(117)   Evacuate Collection Set: 6.9ms
[2025-06-06T01:59:43.641+0000][6341.259s][info ][gc,phases   ] GC(117)   Post Evacuate Collection Set: 3.9ms
[2025-06-06T01:59:43.641+0000][6341.259s][info ][gc,phases   ] GC(117)   Other: 1.9ms
[2025-06-06T01:59:43.641+0000][6341.259s][info ][gc,heap     ] GC(117) Eden regions: 297->0(295)
[2025-06-06T01:59:43.641+0000][6341.259s][info ][gc,heap     ] GC(117) Survivor regions: 1->2(38)
[2025-06-06T01:59:43.641+0000][6341.259s][info ][gc,heap     ] GC(117) Old regions: 188->188
[2025-06-06T01:59:43.641+0000][6341.259s][info ][gc,heap     ] GC(117) Archive regions: 2->2
[2025-06-06T01:59:43.641+0000][6341.259s][info ][gc,heap     ] GC(117) Humongous regions: 0->0
[2025-06-06T01:59:43.641+0000][6341.259s][info ][gc,metaspace] GC(117) Metaspace: 185575K(187200K)->185575K(187200K) NonClass: 163346K(164160K)->163346K(164160K) Class: 22228K(23040K)->22228K(23040K)
[2025-06-06T01:59:43.642+0000][6341.259s][info ][gc          ] GC(117) Pause Young (Normal) (G1 Evacuation Pause) 486M->189M(544M) 15.509ms
[2025-06-06T01:59:43.642+0000][6341.260s][info ][gc,cpu      ] GC(117) User=0.03s Sys=0.00s Real=0.01s
[2025-06-06T01:59:43.642+0000][6341.260s][info ][safepoint   ] Safepoint "G1CollectForAllocation", Time since last: 132308615643 ns, Reaching safepoint: 1132250 ns, Cleanup: 29291 ns, At safepoint: 16477417 ns, Total: 17638958 ns
[2025-06-06T01:59:44.644+0000][6342.262s][debug][safepoint   ] Safepoint synchronization initiated using futex wait barrier. (168 threads)
[2025-06-06T01:59:44.645+0000][6342.263s][info ][safepoint   ] Safepoint "Cleanup", Time since last: 1001805542 ns, Reaching safepoint: 1197083 ns, Cleanup: 121709 ns, At safepoint: 10791 ns, Total: 1329583 ns
[2025-06-06T02:04:15.755+0000][6613.369s][debug][safepoint   ] Safepoint synchronization initiated using futex wait barrier. (169 threads)
[2025-06-06T02:04:15.758+0000][6613.372s][info ][gc,start    ] GC(118) Pause Young (Normal) (G1 Evacuation Pause)
[2025-06-06T02:04:15.758+0000][6613.373s][info ][gc,task     ] GC(118) Using 2 workers of 2 for evacuation
[2025-06-06T02:04:15.767+0000][6613.381s][info ][gc,phases   ] GC(118)   Pre Evacuate Collection Set: 0.6ms
[2025-06-06T02:04:15.767+0000][6613.382s][info ][gc,phases   ] GC(118)   Merge Heap Roots: 0.2ms
[2025-06-06T02:04:15.767+0000][6613.382s][info ][gc,phases   ] GC(118)   Evacuate Collection Set: 4.3ms
[2025-06-06T02:04:15.767+0000][6613.382s][info ][gc,phases   ] GC(118)   Post Evacuate Collection Set: 3.0ms
[2025-06-06T02:04:15.767+0000][6613.382s][info ][gc,phases   ] GC(118)   Other: 0.8ms
[2025-06-06T02:04:15.767+0000][6613.382s][info ][gc,heap     ] GC(118) Eden regions: 295->0(297)
[2025-06-06T02:04:15.768+0000][6613.382s][info ][gc,heap     ] GC(118) Survivor regions: 2->1(38)
[2025-06-06T02:04:15.768+0000][6613.382s][info ][gc,heap     ] GC(118) Old regions: 188->188
[2025-06-06T02:04:15.768+0000][6613.382s][info ][gc,heap     ] GC(118) Archive regions: 2->2
[2025-06-06T02:04:15.768+0000][6613.382s][info ][gc,heap     ] GC(118) Humongous regions: 0->0
[2025-06-06T02:04:15.768+0000][6613.383s][info ][gc,metaspace] GC(118) Metaspace: 185576K(187200K)->185576K(187200K) NonClass: 163347K(164160K)->163347K(164160K) Class: 22228K(23040K)->22228K(23040K)
[2025-06-06T02:04:15.768+0000][6613.383s][info ][gc          ] GC(118) Pause Young (Normal) (G1 Evacuation Pause) 484M->189M(544M) 10.496ms
[2025-06-06T02:04:15.768+0000][6613.383s][info ][gc,cpu      ] GC(118) User=0.02s Sys=0.00s Real=0.01s
[2025-06-06T02:04:15.769+0000][6613.384s][info ][safepoint   ] Safepoint "G1CollectForAllocation", Time since last: 271106155916 ns, Reaching safepoint: 2643958 ns, Cleanup: 48042 ns, At safepoint: 11574250 ns, Total: 14266250 ns
[2025-06-06T02:04:16.770+0000][6614.385s][debug][safepoint   ] Safepoint synchronization initiated using futex wait barrier. (169 threads)
[2025-06-06T02:04:16.777+0000][6614.392s][info ][safepoint   ] Safepoint "Cleanup", Time since last: 1000954792 ns, Reaching safepoint: 7282541 ns, Cleanup: 78542 ns, At safepoint: 26917 ns, Total: 7388000 ns
[2025-06-06T02:08:53.492+0000][6891.103s][debug][safepoint   ] Safepoint synchronization initiated using futex wait barrier. (168 threads)
[2025-06-06T02:08:53.493+0000][6891.104s][info ][gc,start    ] GC(119) Pause Young (Normal) (G1 Evacuation Pause)
[2025-06-06T02:08:53.493+0000][6891.105s][info ][gc,task     ] GC(119) Using 2 workers of 2 for evacuation
[2025-06-06T02:08:53.501+0000][6891.112s][info ][gc,phases   ] GC(119)   Pre Evacuate Collection Set: 0.4ms
[2025-06-06T02:08:53.501+0000][6891.112s][info ][gc,phases   ] GC(119)   Merge Heap Roots: 0.2ms
[2025-06-06T02:08:53.501+0000][6891.112s][info ][gc,phases   ] GC(119)   Evacuate Collection Set: 2.9ms
[2025-06-06T02:08:53.501+0000][6891.112s][info ][gc,phases   ] GC(119)   Post Evacuate Collection Set: 3.0ms
[2025-06-06T02:08:53.501+0000][6891.113s][info ][gc,phases   ] GC(119)   Other: 1.2ms
[2025-06-06T02:08:53.501+0000][6891.113s][info ][gc,heap     ] GC(119) Eden regions: 297->0(297)
[2025-06-06T02:08:53.502+0000][6891.113s][info ][gc,heap     ] GC(119) Survivor regions: 1->1(38)
[2025-06-06T02:08:53.502+0000][6891.113s][info ][gc,heap     ] GC(119) Old regions: 188->188
[2025-06-06T02:08:53.502+0000][6891.113s][info ][gc,heap     ] GC(119) Archive regions: 2->2
[2025-06-06T02:08:53.502+0000][6891.113s][info ][gc,heap     ] GC(119) Humongous regions: 0->0
[2025-06-06T02:08:53.502+0000][6891.113s][info ][gc,metaspace] GC(119) Metaspace: 185576K(187200K)->185576K(187200K) NonClass: 163347K(164160K)->163347K(164160K) Class: 22228K(23040K)->22228K(23040K)
[2025-06-06T02:08:53.502+0000][6891.113s][info ][gc          ] GC(119) Pause Young (Normal) (G1 Evacuation Pause) 486M->189M(544M) 9.182ms
[2025-06-06T02:08:53.502+0000][6891.114s][info ][gc,cpu      ] GC(119) User=0.01s Sys=0.00s Real=0.01s
[2025-06-06T02:08:53.502+0000][6891.114s][info ][safepoint   ] Safepoint "G1CollectForAllocation", Time since last: 276711109584 ns, Reaching safepoint: 839041 ns, Cleanup: 37584 ns, At safepoint: 9650041 ns, Total: 10526666 ns
[2025-06-06T02:13:28.962+0000][7166.570s][debug][safepoint   ] Safepoint synchronization initiated using futex wait barrier. (169 threads)
[2025-06-06T02:13:28.965+0000][7166.573s][info ][gc,start    ] GC(120) Pause Young (Normal) (G1 Evacuation Pause)
[2025-06-06T02:13:28.965+0000][7166.573s][info ][gc,task     ] GC(120) Using 2 workers of 2 for evacuation
[2025-06-06T02:13:28.972+0000][7166.580s][info ][gc,phases   ] GC(120)   Pre Evacuate Collection Set: 0.3ms
[2025-06-06T02:13:28.972+0000][7166.580s][info ][gc,phases   ] GC(120)   Merge Heap Roots: 0.2ms
[2025-06-06T02:13:28.972+0000][7166.580s][info ][gc,phases   ] GC(120)   Evacuate Collection Set: 2.9ms
[2025-06-06T02:13:28.972+0000][7166.580s][info ][gc,phases   ] GC(120)   Post Evacuate Collection Set: 3.0ms
[2025-06-06T02:13:28.972+0000][7166.580s][info ][gc,phases   ] GC(120)   Other: 0.7ms
[2025-06-06T02:13:28.972+0000][7166.581s][info ][gc,heap     ] GC(120) Eden regions: 297->0(296)
[2025-06-06T02:13:28.972+0000][7166.581s][info ][gc,heap     ] GC(120) Survivor regions: 1->1(38)
[2025-06-06T02:13:28.972+0000][7166.581s][info ][gc,heap     ] GC(120) Old regions: 188->188
[2025-06-06T02:13:28.973+0000][7166.581s][info ][gc,heap     ] GC(120) Archive regions: 2->2
[2025-06-06T02:13:28.973+0000][7166.581s][info ][gc,heap     ] GC(120) Humongous regions: 0->0
[2025-06-06T02:13:28.973+0000][7166.581s][info ][gc,metaspace] GC(120) Metaspace: 185583K(187264K)->185583K(187264K) NonClass: 163355K(164224K)->163355K(164224K) Class: 22228K(23040K)->22228K(23040K)
[2025-06-06T02:13:28.973+0000][7166.581s][info ][gc          ] GC(120) Pause Young (Normal) (G1 Evacuation Pause) 486M->189M(544M) 8.341ms
[2025-06-06T02:13:28.973+0000][7166.581s][info ][gc,cpu      ] GC(120) User=0.01s Sys=0.00s Real=0.01s
[2025-06-06T02:13:28.973+0000][7166.582s][info ][safepoint   ] Safepoint "G1CollectForAllocation", Time since last: 275456036252 ns, Reaching safepoint: 2954209 ns, Cleanup: 17791 ns, At safepoint: 8969709 ns, Total: 11941709 ns
[2025-06-06T02:14:23.092+0000][7220.700s][debug][safepoint   ] Safepoint synchronization initiated using futex wait barrier. (172 threads)
[2025-06-06T02:14:23.093+0000][7220.700s][info ][safepoint   ] Safepoint "Cleanup", Time since last: 54117909400 ns, Reaching safepoint: 611000 ns, Cleanup: 43167 ns, At safepoint: 10125 ns, Total: 664292 ns
[2025-06-06T02:18:04.173+0000][7441.779s][debug][safepoint   ] Safepoint synchronization initiated using futex wait barrier. (171 threads)
[2025-06-06T02:18:04.175+0000][7441.781s][info ][gc,start    ] GC(121) Pause Young (Normal) (G1 Evacuation Pause)
[2025-06-06T02:18:04.176+0000][7441.781s][info ][gc,task     ] GC(121) Using 2 workers of 2 for evacuation
[2025-06-06T02:18:04.181+0000][7441.786s][info ][gc,phases   ] GC(121)   Pre Evacuate Collection Set: 0.3ms
[2025-06-06T02:18:04.181+0000][7441.786s][info ][gc,phases   ] GC(121)   Merge Heap Roots: 0.1ms
[2025-06-06T02:18:04.181+0000][7441.786s][info ][gc,phases   ] GC(121)   Evacuate Collection Set: 2.6ms
[2025-06-06T02:18:04.181+0000][7441.786s][info ][gc,phases   ] GC(121)   Post Evacuate Collection Set: 1.8ms
[2025-06-06T02:18:04.181+0000][7441.786s][info ][gc,phases   ] GC(121)   Other: 0.6ms
[2025-06-06T02:18:04.181+0000][7441.786s][info ][gc,heap     ] GC(121) Eden regions: 296->0(296)
[2025-06-06T02:18:04.181+0000][7441.787s][info ][gc,heap     ] GC(121) Survivor regions: 1->1(38)
[2025-06-06T02:18:04.181+0000][7441.787s][info ][gc,heap     ] GC(121) Old regions: 188->188
[2025-06-06T02:18:04.182+0000][7441.787s][info ][gc,heap     ] GC(121) Archive regions: 2->2
[2025-06-06T02:18:04.182+0000][7441.787s][info ][gc,heap     ] GC(121) Humongous regions: 0->0
[2025-06-06T02:18:04.182+0000][7441.787s][info ][gc,metaspace] GC(121) Metaspace: 185585K(187264K)->185585K(187264K) NonClass: 163356K(164224K)->163356K(164224K) Class: 22228K(23040K)->22228K(23040K)
[2025-06-06T02:18:04.182+0000][7441.787s][info ][gc          ] GC(121) Pause Young (Normal) (G1 Evacuation Pause) 485M->189M(544M) 6.483ms
[2025-06-06T02:18:04.182+0000][7441.787s][info ][gc,cpu      ] GC(121) User=0.01s Sys=0.00s Real=0.01s
[2025-06-06T02:18:04.182+0000][7441.787s][info ][safepoint   ] Safepoint "G1CollectForAllocation", Time since last: 221078369726 ns, Reaching safepoint: 1896041 ns, Cleanup: 8625 ns, At safepoint: 6791417 ns, Total: 8696083 ns
[2025-06-06T02:22:40.446+0000][7718.049s][debug][safepoint   ] Safepoint synchronization initiated using futex wait barrier. (168 threads)
[2025-06-06T02:22:40.448+0000][7718.051s][info ][gc,start    ] GC(122) Pause Young (Normal) (G1 Evacuation Pause)
[2025-06-06T02:22:40.449+0000][7718.051s][info ][gc,task     ] GC(122) Using 2 workers of 2 for evacuation
[2025-06-06T02:22:40.458+0000][7718.060s][info ][gc,phases   ] GC(122)   Pre Evacuate Collection Set: 1.5ms
[2025-06-06T02:22:40.458+0000][7718.061s][info ][gc,phases   ] GC(122)   Merge Heap Roots: 0.4ms
[2025-06-06T02:22:40.459+0000][7718.061s][info ][gc,phases   ] GC(122)   Evacuate Collection Set: 3.8ms
[2025-06-06T02:22:40.459+0000][7718.061s][info ][gc,phases   ] GC(122)   Post Evacuate Collection Set: 3.0ms
[2025-06-06T02:22:40.459+0000][7718.061s][info ][gc,phases   ] GC(122)   Other: 1.0ms
[2025-06-06T02:22:40.459+0000][7718.061s][info ][gc,heap     ] GC(122) Eden regions: 296->0(297)
[2025-06-06T02:22:40.459+0000][7718.061s][info ][gc,heap     ] GC(122) Survivor regions: 1->1(38)
[2025-06-06T02:22:40.459+0000][7718.062s][info ][gc,heap     ] GC(122) Old regions: 188->188
[2025-06-06T02:22:40.459+0000][7718.062s][info ][gc,heap     ] GC(122) Archive regions: 2->2
[2025-06-06T02:22:40.460+0000][7718.062s][info ][gc,heap     ] GC(122) Humongous regions: 0->0
[2025-06-06T02:22:40.460+0000][7718.062s][info ][gc,metaspace] GC(122) Metaspace: 185612K(187264K)->185612K(187264K) NonClass: 163383K(164224K)->163383K(164224K) Class: 22228K(23040K)->22228K(23040K)
[2025-06-06T02:22:40.460+0000][7718.062s][info ][gc          ] GC(122) Pause Young (Normal) (G1 Evacuation Pause) 485M->189M(544M) 11.420ms
[2025-06-06T02:22:40.460+0000][7718.062s][info ][gc,cpu      ] GC(122) User=0.01s Sys=0.00s Real=0.02s
[2025-06-06T02:22:40.460+0000][7718.063s][info ][safepoint   ] Safepoint "G1CollectForAllocation", Time since last: 276261248667 ns, Reaching safepoint: 1994042 ns, Cleanup: 29292 ns, At safepoint: 12038416 ns, Total: 14061750 ns
[2025-06-06T02:27:17.970+0000][7995.570s][debug][safepoint   ] Safepoint synchronization initiated using futex wait barrier. (170 threads)
[2025-06-06T02:27:17.975+0000][7995.574s][info ][gc,start    ] GC(123) Pause Young (Normal) (G1 Evacuation Pause)
[2025-06-06T02:27:17.976+0000][7995.575s][info ][gc,task     ] GC(123) Using 2 workers of 2 for evacuation
[2025-06-06T02:27:17.983+0000][7995.582s][info ][gc,phases   ] GC(123)   Pre Evacuate Collection Set: 0.4ms
[2025-06-06T02:27:17.983+0000][7995.582s][info ][gc,phases   ] GC(123)   Merge Heap Roots: 0.2ms
[2025-06-06T02:27:17.983+0000][7995.582s][info ][gc,phases   ] GC(123)   Evacuate Collection Set: 3.1ms
[2025-06-06T02:27:17.983+0000][7995.583s][info ][gc,phases   ] GC(123)   Post Evacuate Collection Set: 2.9ms
[2025-06-06T02:27:17.984+0000][7995.583s][info ][gc,phases   ] GC(123)   Other: 1.4ms
[2025-06-06T02:27:17.984+0000][7995.583s][info ][gc,heap     ] GC(123) Eden regions: 297->0(297)
[2025-06-06T02:27:17.984+0000][7995.583s][info ][gc,heap     ] GC(123) Survivor regions: 1->1(38)
[2025-06-06T02:27:17.984+0000][7995.583s][info ][gc,heap     ] GC(123) Old regions: 188->188
[2025-06-06T02:27:17.984+0000][7995.583s][info ][gc,heap     ] GC(123) Archive regions: 2->2
[2025-06-06T02:27:17.984+0000][7995.583s][info ][gc,heap     ] GC(123) Humongous regions: 0->0
[2025-06-06T02:27:17.984+0000][7995.583s][info ][gc,metaspace] GC(123) Metaspace: 185618K(187264K)->185618K(187264K) NonClass: 163389K(164224K)->163389K(164224K) Class: 22228K(23040K)->22228K(23040K)
[2025-06-06T02:27:17.984+0000][7995.584s][info ][gc          ] GC(123) Pause Young (Normal) (G1 Evacuation Pause) 486M->189M(544M) 9.376ms
[2025-06-06T02:27:17.985+0000][7995.584s][info ][gc,cpu      ] GC(123) User=0.02s Sys=0.01s Real=0.01s
[2025-06-06T02:27:17.985+0000][7995.584s][info ][safepoint   ] Safepoint "G1CollectForAllocation", Time since last: 277506601668 ns, Reaching safepoint: 4694875 ns, Cleanup: 30417 ns, At safepoint: 9955750 ns, Total: 14681042 ns
[2025-06-06T02:29:16.999+0000][8114.596s][debug][safepoint   ] Safepoint synchronization initiated using futex wait barrier. (169 threads)
[2025-06-06T02:29:17.001+0000][8114.599s][info ][safepoint   ] Safepoint "Cleanup", Time since last: 119012449388 ns, Reaching safepoint: 2717917 ns, Cleanup: 77458 ns, At safepoint: 10792 ns, Total: 2806167 ns
[2025-06-06T02:31:55.401+0000][8272.997s][debug][safepoint   ] Safepoint synchronization initiated using futex wait barrier. (169 threads)
[2025-06-06T02:31:55.402+0000][8272.998s][info ][gc,start    ] GC(124) Pause Young (Normal) (G1 Evacuation Pause)
[2025-06-06T02:31:55.402+0000][8272.998s][info ][gc,task     ] GC(124) Using 2 workers of 2 for evacuation
[2025-06-06T02:31:55.407+0000][8273.003s][info ][gc,phases   ] GC(124)   Pre Evacuate Collection Set: 0.4ms
[2025-06-06T02:31:55.407+0000][8273.003s][info ][gc,phases   ] GC(124)   Merge Heap Roots: 0.1ms
[2025-06-06T02:31:55.407+0000][8273.003s][info ][gc,phases   ] GC(124)   Evacuate Collection Set: 1.9ms
[2025-06-06T02:31:55.407+0000][8273.003s][info ][gc,phases   ] GC(124)   Post Evacuate Collection Set: 2.1ms
[2025-06-06T02:31:55.407+0000][8273.003s][info ][gc,phases   ] GC(124)   Other: 0.6ms
[2025-06-06T02:31:55.407+0000][8273.003s][info ][gc,heap     ] GC(124) Eden regions: 297->0(297)
[2025-06-06T02:31:55.407+0000][8273.003s][info ][gc,heap     ] GC(124) Survivor regions: 1->1(38)
[2025-06-06T02:31:55.407+0000][8273.003s][info ][gc,heap     ] GC(124) Old regions: 188->188
[2025-06-06T02:31:55.408+0000][8273.003s][info ][gc,heap     ] GC(124) Archive regions: 2->2
[2025-06-06T02:31:55.408+0000][8273.003s][info ][gc,heap     ] GC(124) Humongous regions: 0->0
[2025-06-06T02:31:55.408+0000][8273.003s][info ][gc,metaspace] GC(124) Metaspace: 185619K(187264K)->185619K(187264K) NonClass: 163390K(164224K)->163390K(164224K) Class: 22228K(23040K)->22228K(23040K)
[2025-06-06T02:31:55.408+0000][8273.004s][info ][gc          ] GC(124) Pause Young (Normal) (G1 Evacuation Pause) 486M->189M(544M) 5.778ms
[2025-06-06T02:31:55.408+0000][8273.004s][info ][gc,cpu      ] GC(124) User=0.01s Sys=0.00s Real=0.01s
[2025-06-06T02:31:55.408+0000][8273.004s][info ][safepoint   ] Safepoint "G1CollectForAllocation", Time since last: 158397377821 ns, Reaching safepoint: 1025000 ns, Cleanup: 23792 ns, At safepoint: 6105833 ns, Total: 7154625 ns
[2025-06-06T02:31:56.413+0000][8274.009s][debug][safepoint   ] Safepoint synchronization initiated using futex wait barrier. (169 threads)
[2025-06-06T02:31:56.414+0000][8274.010s][info ][safepoint   ] Safepoint "Cleanup", Time since last: 1003518709 ns, Reaching safepoint: 2635250 ns, Cleanup: 54333 ns, At safepoint: 12959 ns, Total: 2702542 ns
[2025-06-06T02:36:33.086+0000][8550.678s][debug][safepoint   ] Safepoint synchronization initiated using futex wait barrier. (169 threads)
[2025-06-06T02:36:33.088+0000][8550.680s][info ][gc,start    ] GC(125) Pause Young (Normal) (G1 Evacuation Pause)
[2025-06-06T02:36:33.088+0000][8550.680s][info ][gc,task     ] GC(125) Using 2 workers of 2 for evacuation
[2025-06-06T02:36:33.096+0000][8550.688s][info ][gc,phases   ] GC(125)   Pre Evacuate Collection Set: 0.6ms
[2025-06-06T02:36:33.096+0000][8550.689s][info ][gc,phases   ] GC(125)   Merge Heap Roots: 0.2ms
[2025-06-06T02:36:33.096+0000][8550.689s][info ][gc,phases   ] GC(125)   Evacuate Collection Set: 3.5ms
[2025-06-06T02:36:33.096+0000][8550.689s][info ][gc,phases   ] GC(125)   Post Evacuate Collection Set: 3.2ms
[2025-06-06T02:36:33.097+0000][8550.689s][info ][gc,phases   ] GC(125)   Other: 0.7ms
[2025-06-06T02:36:33.097+0000][8550.689s][info ][gc,heap     ] GC(125) Eden regions: 297->0(297)
[2025-06-06T02:36:33.097+0000][8550.689s][info ][gc,heap     ] GC(125) Survivor regions: 1->1(38)
[2025-06-06T02:36:33.097+0000][8550.689s][info ][gc,heap     ] GC(125) Old regions: 188->188
[2025-06-06T02:36:33.097+0000][8550.690s][info ][gc,heap     ] GC(125) Archive regions: 2->2
[2025-06-06T02:36:33.097+0000][8550.690s][info ][gc,heap     ] GC(125) Humongous regions: 0->0
[2025-06-06T02:36:33.097+0000][8550.690s][info ][gc,metaspace] GC(125) Metaspace: 185619K(187264K)->185619K(187264K) NonClass: 163390K(164224K)->163390K(164224K) Class: 22228K(23040K)->22228K(23040K)
[2025-06-06T02:36:33.097+0000][8550.690s][info ][gc          ] GC(125) Pause Young (Normal) (G1 Evacuation Pause) 486M->189M(544M) 9.665ms
[2025-06-06T02:36:33.098+0000][8550.690s][info ][gc,cpu      ] GC(125) User=0.01s Sys=0.00s Real=0.01s
[2025-06-06T02:36:33.098+0000][8550.690s][info ][safepoint   ] Safepoint "G1CollectForAllocation", Time since last: 276668455419 ns, Reaching safepoint: 1659333 ns, Cleanup: 22167 ns, At safepoint: 10208541 ns, Total: 11890041 ns
[2025-06-06T02:36:50.136+0000][8567.728s][debug][safepoint   ] Safepoint synchronization initiated using futex wait barrier. (169 threads)
[2025-06-06T02:36:50.136+0000][8567.729s][info ][safepoint   ] Safepoint "Cleanup", Time since last: 17038091800 ns, Reaching safepoint: 566958 ns, Cleanup: 41584 ns, At safepoint: 6583 ns, Total: 615125 ns
[2025-06-06T02:39:22.234+0000][8719.825s][debug][safepoint   ] Safepoint synchronization initiated using futex wait barrier. (169 threads)
[2025-06-06T02:39:22.237+0000][8719.828s][info ][safepoint   ] Safepoint "Cleanup", Time since last: 152095557862 ns, Reaching safepoint: 3480584 ns, Cleanup: 73166 ns, At safepoint: 12250 ns, Total: 3566000 ns
[2025-06-06T02:40:04.343+0000][8761.934s][debug][safepoint   ] Safepoint synchronization initiated using futex wait barrier. (168 threads)
[2025-06-06T02:40:04.344+0000][8761.935s][info ][safepoint   ] Safepoint "Cleanup", Time since last: 42105477394 ns, Reaching safepoint: 1356167 ns, Cleanup: 23916 ns, At safepoint: 6000 ns, Total: 1386083 ns
[2025-06-06T02:41:10.372+0000][8827.962s][debug][safepoint   ] Safepoint synchronization initiated using futex wait barrier. (169 threads)
[2025-06-06T02:41:10.374+0000][8827.964s][info ][gc,start    ] GC(126) Pause Young (Normal) (G1 Evacuation Pause)
[2025-06-06T02:41:10.374+0000][8827.964s][info ][gc,task     ] GC(126) Using 2 workers of 2 for evacuation
[2025-06-06T02:41:10.381+0000][8827.971s][info ][gc,phases   ] GC(126)   Pre Evacuate Collection Set: 0.5ms
[2025-06-06T02:41:10.382+0000][8827.971s][info ][gc,phases   ] GC(126)   Merge Heap Roots: 0.3ms
[2025-06-06T02:41:10.382+0000][8827.972s][info ][gc,phases   ] GC(126)   Evacuate Collection Set: 3.0ms
[2025-06-06T02:41:10.382+0000][8827.972s][info ][gc,phases   ] GC(126)   Post Evacuate Collection Set: 2.8ms
[2025-06-06T02:41:10.382+0000][8827.972s][info ][gc,phases   ] GC(126)   Other: 0.9ms
[2025-06-06T02:41:10.382+0000][8827.972s][info ][gc,heap     ] GC(126) Eden regions: 297->0(297)
[2025-06-06T02:41:10.382+0000][8827.972s][info ][gc,heap     ] GC(126) Survivor regions: 1->1(38)
[2025-06-06T02:41:10.382+0000][8827.972s][info ][gc,heap     ] GC(126) Old regions: 188->188
[2025-06-06T02:41:10.383+0000][8827.972s][info ][gc,heap     ] GC(126) Archive regions: 2->2
[2025-06-06T02:41:10.383+0000][8827.972s][info ][gc,heap     ] GC(126) Humongous regions: 0->0
[2025-06-06T02:41:10.383+0000][8827.973s][info ][gc,metaspace] GC(126) Metaspace: 185619K(187264K)->185619K(187264K) NonClass: 163390K(164224K)->163390K(164224K) Class: 22228K(23040K)->22228K(23040K)
[2025-06-06T02:41:10.383+0000][8827.973s][info ][gc          ] GC(126) Pause Young (Normal) (G1 Evacuation Pause) 486M->189M(544M) 8.771ms
[2025-06-06T02:41:10.383+0000][8827.973s][info ][gc,cpu      ] GC(126) User=0.02s Sys=0.00s Real=0.01s
[2025-06-06T02:41:10.383+0000][8827.973s][info ][safepoint   ] Safepoint "G1CollectForAllocation", Time since last: 66027217322 ns, Reaching safepoint: 1473125 ns, Cleanup: 35292 ns, At safepoint: 9407083 ns, Total: 10915500 ns
[2025-06-06T02:41:11.386+0000][8828.976s][debug][safepoint   ] Safepoint synchronization initiated using futex wait barrier. (169 threads)
[2025-06-06T02:41:11.386+0000][8828.976s][info ][safepoint   ] Safepoint "Cleanup", Time since last: 1002641042 ns, Reaching safepoint: 421167 ns, Cleanup: 46042 ns, At safepoint: 9458 ns, Total: 476667 ns
[2025-06-06T02:43:14.669+0000][8952.257s][debug][safepoint   ] Safepoint synchronization initiated using futex wait barrier. (171 threads)
[2025-06-06T02:43:14.671+0000][8952.259s][info ][safepoint   ] Safepoint "Cleanup", Time since last: 123281068056 ns, Reaching safepoint: 1999625 ns, Cleanup: 55042 ns, At safepoint: 9708 ns, Total: 2064375 ns
[2025-06-06T02:45:45.904+0000][9103.491s][debug][safepoint   ] Safepoint synchronization initiated using futex wait barrier. (168 threads)
[2025-06-06T02:45:45.904+0000][9103.491s][info ][gc,start    ] GC(127) Pause Young (Normal) (G1 Evacuation Pause)
[2025-06-06T02:45:45.905+0000][9103.492s][info ][gc,task     ] GC(127) Using 2 workers of 2 for evacuation
[2025-06-06T02:45:45.913+0000][9103.500s][info ][gc,phases   ] GC(127)   Pre Evacuate Collection Set: 0.5ms
[2025-06-06T02:45:45.913+0000][9103.500s][info ][gc,phases   ] GC(127)   Merge Heap Roots: 0.2ms
[2025-06-06T02:45:45.914+0000][9103.500s][info ][gc,phases   ] GC(127)   Evacuate Collection Set: 4.2ms
[2025-06-06T02:45:45.914+0000][9103.501s][info ][gc,phases   ] GC(127)   Post Evacuate Collection Set: 3.0ms
[2025-06-06T02:45:45.914+0000][9103.501s][info ][gc,phases   ] GC(127)   Other: 0.7ms
[2025-06-06T02:45:45.914+0000][9103.501s][info ][gc,heap     ] GC(127) Eden regions: 297->0(296)
[2025-06-06T02:45:45.914+0000][9103.501s][info ][gc,heap     ] GC(127) Survivor regions: 1->1(38)
[2025-06-06T02:45:45.914+0000][9103.501s][info ][gc,heap     ] GC(127) Old regions: 188->188
[2025-06-06T02:45:45.914+0000][9103.501s][info ][gc,heap     ] GC(127) Archive regions: 2->2
[2025-06-06T02:45:45.914+0000][9103.501s][info ][gc,heap     ] GC(127) Humongous regions: 0->0
[2025-06-06T02:45:45.915+0000][9103.502s][info ][gc,metaspace] GC(127) Metaspace: 185642K(187264K)->185642K(187264K) NonClass: 163413K(164224K)->163413K(164224K) Class: 22228K(23040K)->22228K(23040K)
[2025-06-06T02:45:45.915+0000][9103.502s][info ][gc          ] GC(127) Pause Young (Normal) (G1 Evacuation Pause) 486M->189M(544M) 10.269ms
[2025-06-06T02:45:45.915+0000][9103.502s][info ][gc,cpu      ] GC(127) User=0.01s Sys=0.00s Real=0.01s
[2025-06-06T02:45:45.915+0000][9103.502s][info ][safepoint   ] Safepoint "G1CollectForAllocation", Time since last: 151231199070 ns, Reaching safepoint: 797541 ns, Cleanup: 15042 ns, At safepoint: 10793083 ns, Total: 11605666 ns
[2025-06-06T02:50:22.611+0000][9380.195s][debug][safepoint   ] Safepoint synchronization initiated using futex wait barrier. (168 threads)
[2025-06-06T02:50:22.614+0000][9380.198s][info ][gc,start    ] GC(128) Pause Young (Normal) (G1 Evacuation Pause)
[2025-06-06T02:50:22.615+0000][9380.199s][info ][gc,task     ] GC(128) Using 2 workers of 2 for evacuation
[2025-06-06T02:50:22.623+0000][9380.207s][info ][gc,phases   ] GC(128)   Pre Evacuate Collection Set: 0.8ms
[2025-06-06T02:50:22.623+0000][9380.207s][info ][gc,phases   ] GC(128)   Merge Heap Roots: 0.2ms
[2025-06-06T02:50:22.623+0000][9380.207s][info ][gc,phases   ] GC(128)   Evacuate Collection Set: 3.8ms
[2025-06-06T02:50:22.624+0000][9380.208s][info ][gc,phases   ] GC(128)   Post Evacuate Collection Set: 3.0ms
[2025-06-06T02:50:22.624+0000][9380.208s][info ][gc,phases   ] GC(128)   Other: 1.1ms
[2025-06-06T02:50:22.624+0000][9380.208s][info ][gc,heap     ] GC(128) Eden regions: 296->0(296)
[2025-06-06T02:50:22.624+0000][9380.208s][info ][gc,heap     ] GC(128) Survivor regions: 1->1(38)
[2025-06-06T02:50:22.624+0000][9380.208s][info ][gc,heap     ] GC(128) Old regions: 188->188
[2025-06-06T02:50:22.624+0000][9380.208s][info ][gc,heap     ] GC(128) Archive regions: 2->2
[2025-06-06T02:50:22.624+0000][9380.208s][info ][gc,heap     ] GC(128) Humongous regions: 0->0
[2025-06-06T02:50:22.624+0000][9380.208s][info ][gc,metaspace] GC(128) Metaspace: 185645K(187264K)->185645K(187264K) NonClass: 163416K(164224K)->163416K(164224K) Class: 22228K(23040K)->22228K(23040K)
[2025-06-06T02:50:22.625+0000][9380.208s][info ][gc          ] GC(128) Pause Young (Normal) (G1 Evacuation Pause) 485M->189M(544M) 10.124ms
[2025-06-06T02:50:22.625+0000][9380.209s][info ][gc,cpu      ] GC(128) User=0.01s Sys=0.00s Real=0.01s
[2025-06-06T02:50:22.625+0000][9380.209s][info ][safepoint   ] Safepoint "G1CollectForAllocation", Time since last: 276692703335 ns, Reaching safepoint: 3112958 ns, Cleanup: 30292 ns, At safepoint: 10749250 ns, Total: 13892500 ns
[2025-06-06T02:54:59.146+0000][9656.727s][debug][safepoint   ] Safepoint synchronization initiated using futex wait barrier. (168 threads)
[2025-06-06T02:54:59.149+0000][9656.729s][info ][gc,start    ] GC(129) Pause Young (Normal) (G1 Evacuation Pause)
[2025-06-06T02:54:59.150+0000][9656.730s][info ][gc,task     ] GC(129) Using 2 workers of 2 for evacuation
[2025-06-06T02:54:59.157+0000][9656.737s][info ][gc,phases   ] GC(129)   Pre Evacuate Collection Set: 0.4ms
[2025-06-06T02:54:59.157+0000][9656.737s][info ][gc,phases   ] GC(129)   Merge Heap Roots: 0.2ms
[2025-06-06T02:54:59.157+0000][9656.737s][info ][gc,phases   ] GC(129)   Evacuate Collection Set: 3.1ms
[2025-06-06T02:54:59.157+0000][9656.738s][info ][gc,phases   ] GC(129)   Post Evacuate Collection Set: 3.0ms
[2025-06-06T02:54:59.158+0000][9656.738s][info ][gc,phases   ] GC(129)   Other: 1.4ms
[2025-06-06T02:54:59.158+0000][9656.738s][info ][gc,heap     ] GC(129) Eden regions: 296->0(297)
[2025-06-06T02:54:59.158+0000][9656.738s][info ][gc,heap     ] GC(129) Survivor regions: 1->1(38)
[2025-06-06T02:54:59.158+0000][9656.738s][info ][gc,heap     ] GC(129) Old regions: 188->188
[2025-06-06T02:54:59.158+0000][9656.738s][info ][gc,heap     ] GC(129) Archive regions: 2->2
[2025-06-06T02:54:59.158+0000][9656.738s][info ][gc,heap     ] GC(129) Humongous regions: 0->0
[2025-06-06T02:54:59.158+0000][9656.738s][info ][gc,metaspace] GC(129) Metaspace: 185649K(187264K)->185649K(187264K) NonClass: 163420K(164224K)->163420K(164224K) Class: 22228K(23040K)->22228K(23040K)
[2025-06-06T02:54:59.159+0000][9656.739s][info ][gc          ] GC(129) Pause Young (Normal) (G1 Evacuation Pause) 485M->189M(544M) 9.600ms
[2025-06-06T02:54:59.159+0000][9656.739s][info ][gc,cpu      ] GC(129) User=0.02s Sys=0.00s Real=0.01s
[2025-06-06T02:54:59.159+0000][9656.739s][info ][safepoint   ] Safepoint "G1CollectForAllocation", Time since last: 276517751919 ns, Reaching safepoint: 2315667 ns, Cleanup: 22125 ns, At safepoint: 10263208 ns, Total: 12601000 ns
[2025-06-06T02:59:24.797+0000][9922.374s][debug][safepoint   ] Safepoint synchronization initiated using futex wait barrier. (170 threads)
[2025-06-06T02:59:24.804+0000][9922.382s][info ][safepoint   ] Safepoint "Cleanup", Time since last: 265635353704 ns, Reaching safepoint: 7047708 ns, Cleanup: 58125 ns, At safepoint: 13708 ns, Total: 7119541 ns
[2025-06-06T02:59:36.648+0000][9934.225s][debug][safepoint   ] Safepoint synchronization initiated using futex wait barrier. (169 threads)
[2025-06-06T02:59:36.649+0000][9934.227s][info ][gc,start    ] GC(130) Pause Young (Normal) (G1 Evacuation Pause)
[2025-06-06T02:59:36.650+0000][9934.227s][info ][gc,task     ] GC(130) Using 2 workers of 2 for evacuation
[2025-06-06T02:59:36.656+0000][9934.234s][info ][gc,phases   ] GC(130)   Pre Evacuate Collection Set: 0.4ms
[2025-06-06T02:59:36.657+0000][9934.234s][info ][gc,phases   ] GC(130)   Merge Heap Roots: 0.2ms
[2025-06-06T02:59:36.657+0000][9934.234s][info ][gc,phases   ] GC(130)   Evacuate Collection Set: 2.9ms
[2025-06-06T02:59:36.657+0000][9934.234s][info ][gc,phases   ] GC(130)   Post Evacuate Collection Set: 3.0ms
[2025-06-06T02:59:36.657+0000][9934.234s][info ][gc,phases   ] GC(130)   Other: 0.7ms
[2025-06-06T02:59:36.657+0000][9934.235s][info ][gc,heap     ] GC(130) Eden regions: 297->0(297)
[2025-06-06T02:59:36.657+0000][9934.235s][info ][gc,heap     ] GC(130) Survivor regions: 1->1(38)
[2025-06-06T02:59:36.658+0000][9934.235s][info ][gc,heap     ] GC(130) Old regions: 188->188
[2025-06-06T02:59:36.658+0000][9934.235s][info ][gc,heap     ] GC(130) Archive regions: 2->2
[2025-06-06T02:59:36.658+0000][9934.235s][info ][gc,heap     ] GC(130) Humongous regions: 0->0
[2025-06-06T02:59:36.658+0000][9934.235s][info ][gc,metaspace] GC(130) Metaspace: 185649K(187264K)->185649K(187264K) NonClass: 163420K(164224K)->163420K(164224K) Class: 22228K(23040K)->22228K(23040K)
[2025-06-06T02:59:36.658+0000][9934.235s][info ][gc          ] GC(130) Pause Young (Normal) (G1 Evacuation Pause) 486M->189M(544M) 8.653ms
[2025-06-06T02:59:36.658+0000][9934.235s][info ][gc,cpu      ] GC(130) User=0.01s Sys=0.00s Real=0.01s
[2025-06-06T02:59:36.658+0000][9934.236s][info ][safepoint   ] Safepoint "G1CollectForAllocation", Time since last: 11843854006 ns, Reaching safepoint: 1040000 ns, Cleanup: 19125 ns, At safepoint: 9064208 ns, Total: 10123333 ns
[2025-06-06T03:04:13.643+0000][10211.218s][debug][safepoint   ] Safepoint synchronization initiated using futex wait barrier. (169 threads)
[2025-06-06T03:04:13.647+0000][10211.222s][info ][gc,start    ] GC(131) Pause Young (Normal) (G1 Evacuation Pause)
[2025-06-06T03:04:13.648+0000][10211.222s][info ][gc,task     ] GC(131) Using 2 workers of 2 for evacuation
[2025-06-06T03:04:13.658+0000][10211.232s][info ][gc,phases   ] GC(131)   Pre Evacuate Collection Set: 2.1ms
[2025-06-06T03:04:13.658+0000][10211.233s][info ][gc,phases   ] GC(131)   Merge Heap Roots: 0.5ms
[2025-06-06T03:04:13.659+0000][10211.233s][info ][gc,phases   ] GC(131)   Evacuate Collection Set: 3.3ms
[2025-06-06T03:04:13.659+0000][10211.233s][info ][gc,phases   ] GC(131)   Post Evacuate Collection Set: 3.0ms
[2025-06-06T03:04:13.659+0000][10211.233s][info ][gc,phases   ] GC(131)   Other: 1.6ms
[2025-06-06T03:04:13.659+0000][10211.234s][info ][gc,heap     ] GC(131) Eden regions: 297->0(297)
[2025-06-06T03:04:13.659+0000][10211.234s][info ][gc,heap     ] GC(131) Survivor regions: 1->1(38)
[2025-06-06T03:04:13.659+0000][10211.234s][info ][gc,heap     ] GC(131) Old regions: 188->188
[2025-06-06T03:04:13.659+0000][10211.234s][info ][gc,heap     ] GC(131) Archive regions: 2->2
[2025-06-06T03:04:13.659+0000][10211.234s][info ][gc,heap     ] GC(131) Humongous regions: 0->0
[2025-06-06T03:04:13.659+0000][10211.234s][info ][gc,metaspace] GC(131) Metaspace: 185649K(187264K)->185649K(187264K) NonClass: 163420K(164224K)->163420K(164224K) Class: 22228K(23040K)->22228K(23040K)
[2025-06-06T03:04:13.660+0000][10211.234s][info ][gc          ] GC(131) Pause Young (Normal) (G1 Evacuation Pause) 486M->189M(544M) 12.315ms
[2025-06-06T03:04:13.660+0000][10211.234s][info ][gc,cpu      ] GC(131) User=0.02s Sys=0.00s Real=0.01s
[2025-06-06T03:04:13.660+0000][10211.235s][info ][safepoint   ] Safepoint "G1CollectForAllocation", Time since last: 276982484459 ns, Reaching safepoint: 3692625 ns, Cleanup: 30708 ns, At safepoint: 12844834 ns, Total: 16568167 ns
[2025-06-06T03:08:50.540+0000][10488.111s][debug][safepoint   ] Safepoint synchronization initiated using futex wait barrier. (170 threads)
[2025-06-06T03:08:50.543+0000][10488.114s][info ][gc,start    ] GC(132) Pause Young (Normal) (G1 Evacuation Pause)
[2025-06-06T03:08:50.544+0000][10488.115s][info ][gc,task     ] GC(132) Using 2 workers of 2 for evacuation
[2025-06-06T03:08:50.551+0000][10488.122s][info ][gc,phases   ] GC(132)   Pre Evacuate Collection Set: 0.4ms
[2025-06-06T03:08:50.551+0000][10488.122s][info ][gc,phases   ] GC(132)   Merge Heap Roots: 0.2ms
[2025-06-06T03:08:50.551+0000][10488.122s][info ][gc,phases   ] GC(132)   Evacuate Collection Set: 3.1ms
[2025-06-06T03:08:50.551+0000][10488.122s][info ][gc,phases   ] GC(132)   Post Evacuate Collection Set: 3.1ms
[2025-06-06T03:08:50.551+0000][10488.122s][info ][gc,phases   ] GC(132)   Other: 0.8ms
[2025-06-06T03:08:50.552+0000][10488.122s][info ][gc,heap     ] GC(132) Eden regions: 297->0(297)
[2025-06-06T03:08:50.552+0000][10488.122s][info ][gc,heap     ] GC(132) Survivor regions: 1->1(38)
[2025-06-06T03:08:50.552+0000][10488.123s][info ][gc,heap     ] GC(132) Old regions: 188->188
[2025-06-06T03:08:50.552+0000][10488.123s][info ][gc,heap     ] GC(132) Archive regions: 2->2
[2025-06-06T03:08:50.552+0000][10488.123s][info ][gc,heap     ] GC(132) Humongous regions: 0->0
[2025-06-06T03:08:50.552+0000][10488.123s][info ][gc,metaspace] GC(132) Metaspace: 185649K(187264K)->185649K(187264K) NonClass: 163420K(164224K)->163420K(164224K) Class: 22228K(23040K)->22228K(23040K)
[2025-06-06T03:08:50.552+0000][10488.123s][info ][gc          ] GC(132) Pause Young (Normal) (G1 Evacuation Pause) 486M->189M(544M) 8.779ms
[2025-06-06T03:08:50.552+0000][10488.123s][info ][gc,cpu      ] GC(132) User=0.02s Sys=0.00s Real=0.01s
[2025-06-06T03:08:50.553+0000][10488.123s][info ][safepoint   ] Safepoint "G1CollectForAllocation", Time since last: 276876535958 ns, Reaching safepoint: 2921584 ns, Cleanup: 33041 ns, At safepoint: 9382917 ns, Total: 12337542 ns
[2025-06-06T03:09:04.597+0000][10502.168s][debug][safepoint   ] Safepoint synchronization initiated using futex wait barrier. (170 threads)
[2025-06-06T03:09:04.598+0000][10502.169s][info ][safepoint   ] Safepoint "Cleanup", Time since last: 14044315297 ns, Reaching safepoint: 1011459 ns, Cleanup: 80416 ns, At safepoint: 13834 ns, Total: 1105709 ns
[2025-06-06T03:11:34.723+0000][10652.292s][debug][safepoint   ] Safepoint synchronization initiated using futex wait barrier. (168 threads)
[2025-06-06T03:11:34.727+0000][10652.296s][info ][safepoint   ] Safepoint "Cleanup", Time since last: 150122989526 ns, Reaching safepoint: 3908125 ns, Cleanup: 55375 ns, At safepoint: 9584 ns, Total: 3973084 ns
[2025-06-06T03:12:02.799+0000][10680.369s][debug][safepoint   ] Safepoint synchronization initiated using futex wait barrier. (170 threads)
[2025-06-06T03:12:02.801+0000][10680.370s][info ][safepoint   ] Safepoint "Cleanup", Time since last: 28073057430 ns, Reaching safepoint: 1302916 ns, Cleanup: 85334 ns, At safepoint: 16291 ns, Total: 1404541 ns
[2025-06-06T03:13:25.584+0000][10763.152s][debug][safepoint   ] Safepoint synchronization initiated using futex wait barrier. (169 threads)
[2025-06-06T03:13:25.587+0000][10763.155s][info ][gc,start    ] GC(133) Pause Young (Normal) (G1 Evacuation Pause)
[2025-06-06T03:13:25.588+0000][10763.156s][info ][gc,task     ] GC(133) Using 2 workers of 2 for evacuation
[2025-06-06T03:13:25.595+0000][10763.163s][info ][gc,phases   ] GC(133)   Pre Evacuate Collection Set: 0.4ms
[2025-06-06T03:13:25.595+0000][10763.163s][info ][gc,phases   ] GC(133)   Merge Heap Roots: 0.2ms
[2025-06-06T03:13:25.595+0000][10763.163s][info ][gc,phases   ] GC(133)   Evacuate Collection Set: 2.9ms
[2025-06-06T03:13:25.596+0000][10763.164s][info ][gc,phases   ] GC(133)   Post Evacuate Collection Set: 2.9ms
[2025-06-06T03:13:25.596+0000][10763.164s][info ][gc,phases   ] GC(133)   Other: 2.0ms
[2025-06-06T03:13:25.596+0000][10763.164s][info ][gc,heap     ] GC(133) Eden regions: 297->0(296)
[2025-06-06T03:13:25.596+0000][10763.164s][info ][gc,heap     ] GC(133) Survivor regions: 1->1(38)
[2025-06-06T03:13:25.596+0000][10763.164s][info ][gc,heap     ] GC(133) Old regions: 188->188
[2025-06-06T03:13:25.596+0000][10763.164s][info ][gc,heap     ] GC(133) Archive regions: 2->2
[2025-06-06T03:13:25.596+0000][10763.164s][info ][gc,heap     ] GC(133) Humongous regions: 0->0
[2025-06-06T03:13:25.597+0000][10763.165s][info ][gc,metaspace] GC(133) Metaspace: 185672K(187264K)->185672K(187264K) NonClass: 163443K(164224K)->163443K(164224K) Class: 22228K(23040K)->22228K(23040K)
[2025-06-06T03:13:25.597+0000][10763.165s][info ][gc          ] GC(133) Pause Young (Normal) (G1 Evacuation Pause) 486M->189M(544M) 9.770ms
[2025-06-06T03:13:25.597+0000][10763.165s][info ][gc,cpu      ] GC(133) User=0.01s Sys=0.00s Real=0.01s
[2025-06-06T03:13:25.597+0000][10763.165s][info ][safepoint   ] Safepoint "G1CollectForAllocation", Time since last: 82781608455 ns, Reaching safepoint: 2575583 ns, Cleanup: 21000 ns, At safepoint: 10677667 ns, Total: 13274250 ns
[2025-06-06T03:14:22.749+0000][10820.317s][debug][safepoint   ] Safepoint synchronization initiated using futex wait barrier. (172 threads)
[2025-06-06T03:14:22.752+0000][10820.319s][info ][safepoint   ] Safepoint "Cleanup", Time since last: 57151573401 ns, Reaching safepoint: 2464834 ns, Cleanup: 96458 ns, At safepoint: 9417 ns, Total: 2570709 ns
[2025-06-06T03:16:23.553+0000][10941.119s][debug][safepoint   ] Safepoint synchronization initiated using futex wait barrier. (171 threads)
[2025-06-06T03:16:23.557+0000][10941.123s][info ][safepoint   ] Safepoint "Cleanup", Time since last: 120800051513 ns, Reaching safepoint: 3303750 ns, Cleanup: 70292 ns, At safepoint: 11917 ns, Total: 3385959 ns
[2025-06-06T03:16:24.560+0000][10942.126s][debug][safepoint   ] Safepoint synchronization initiated using futex wait barrier. (171 threads)
[2025-06-06T03:16:24.561+0000][10942.126s][info ][safepoint   ] Safepoint "Cleanup", Time since last: 1002827833 ns, Reaching safepoint: 822542 ns, Cleanup: 25583 ns, At safepoint: 7625 ns, Total: 855750 ns
[2025-06-06T03:17:15.669+0000][10993.235s][debug][safepoint   ] Safepoint synchronization initiated using futex wait barrier. (170 threads)
[2025-06-06T03:17:15.670+0000][10993.236s][info ][safepoint   ] Safepoint "Cleanup", Time since last: 51108192482 ns, Reaching safepoint: 1045458 ns, Cleanup: 68084 ns, At safepoint: 12083 ns, Total: 1125625 ns
[2025-06-06T03:18:01.182+0000][11038.747s][debug][safepoint   ] Safepoint synchronization initiated using futex wait barrier. (169 threads)
[2025-06-06T03:18:01.183+0000][11038.748s][info ][gc,start    ] GC(134) Pause Young (Normal) (G1 Evacuation Pause)
[2025-06-06T03:18:01.184+0000][11038.749s][info ][gc,task     ] GC(134) Using 2 workers of 2 for evacuation
[2025-06-06T03:18:01.191+0000][11038.756s][info ][gc,phases   ] GC(134)   Pre Evacuate Collection Set: 0.4ms
[2025-06-06T03:18:01.192+0000][11038.756s][info ][gc,phases   ] GC(134)   Merge Heap Roots: 0.2ms
[2025-06-06T03:18:01.192+0000][11038.757s][info ][gc,phases   ] GC(134)   Evacuate Collection Set: 3.2ms
[2025-06-06T03:18:01.192+0000][11038.757s][info ][gc,phases   ] GC(134)   Post Evacuate Collection Set: 3.0ms
[2025-06-06T03:18:01.192+0000][11038.757s][info ][gc,phases   ] GC(134)   Other: 1.3ms
[2025-06-06T03:18:01.192+0000][11038.757s][info ][gc,heap     ] GC(134) Eden regions: 296->0(296)
[2025-06-06T03:18:01.192+0000][11038.757s][info ][gc,heap     ] GC(134) Survivor regions: 1->1(38)
[2025-06-06T03:18:01.193+0000][11038.757s][info ][gc,heap     ] GC(134) Old regions: 188->188
[2025-06-06T03:18:01.193+0000][11038.757s][info ][gc,heap     ] GC(134) Archive regions: 2->2
[2025-06-06T03:18:01.193+0000][11038.758s][info ][gc,heap     ] GC(134) Humongous regions: 0->0
[2025-06-06T03:18:01.193+0000][11038.758s][info ][gc,metaspace] GC(134) Metaspace: 185676K(187264K)->185676K(187264K) NonClass: 163446K(164224K)->163446K(164224K) Class: 22229K(23040K)->22229K(23040K)
[2025-06-06T03:18:01.193+0000][11038.758s][info ][gc          ] GC(134) Pause Young (Normal) (G1 Evacuation Pause) 485M->189M(544M) 9.589ms
[2025-06-06T03:18:01.193+0000][11038.758s][info ][gc,cpu      ] GC(134) User=0.01s Sys=0.00s Real=0.01s
[2025-06-06T03:18:01.194+0000][11038.758s][info ][safepoint   ] Safepoint "G1CollectForAllocation", Time since last: 45510979437 ns, Reaching safepoint: 1130083 ns, Cleanup: 19000 ns, At safepoint: 10545250 ns, Total: 11694333 ns
[2025-06-06T03:22:36.717+0000][11313.861s][debug][safepoint   ] Safepoint synchronization initiated using futex wait barrier. (167 threads)
[2025-06-06T03:22:36.720+0000][11313.864s][info ][gc,start    ] GC(135) Pause Young (Normal) (G1 Evacuation Pause)
[2025-06-06T03:22:36.721+0000][11313.865s][info ][gc,task     ] GC(135) Using 2 workers of 2 for evacuation
[2025-06-06T03:22:36.731+0000][11313.875s][info ][gc,phases   ] GC(135)   Pre Evacuate Collection Set: 0.9ms
[2025-06-06T03:22:36.731+0000][11313.875s][info ][gc,phases   ] GC(135)   Merge Heap Roots: 0.4ms
[2025-06-06T03:22:36.731+0000][11313.876s][info ][gc,phases   ] GC(135)   Evacuate Collection Set: 5.0ms
[2025-06-06T03:22:36.732+0000][11313.876s][info ][gc,phases   ] GC(135)   Post Evacuate Collection Set: 3.5ms
[2025-06-06T03:22:36.732+0000][11313.876s][info ][gc,phases   ] GC(135)   Other: 1.1ms
[2025-06-06T03:22:36.732+0000][11313.876s][info ][gc,heap     ] GC(135) Eden regions: 296->0(297)
[2025-06-06T03:22:36.732+0000][11313.876s][info ][gc,heap     ] GC(135) Survivor regions: 1->1(38)
[2025-06-06T03:22:36.732+0000][11313.876s][info ][gc,heap     ] GC(135) Old regions: 188->188
[2025-06-06T03:22:36.732+0000][11313.876s][info ][gc,heap     ] GC(135) Archive regions: 2->2
[2025-06-06T03:22:36.732+0000][11313.876s][info ][gc,heap     ] GC(135) Humongous regions: 0->0
[2025-06-06T03:22:36.732+0000][11313.876s][info ][gc,metaspace] GC(135) Metaspace: 185676K(187264K)->185676K(187264K) NonClass: 163446K(164224K)->163446K(164224K) Class: 22229K(23040K)->22229K(23040K)
[2025-06-06T03:22:36.733+0000][11313.877s][info ][gc          ] GC(135) Pause Young (Normal) (G1 Evacuation Pause) 485M->189M(544M) 12.157ms
[2025-06-06T03:22:36.733+0000][11313.877s][info ][gc,cpu      ] GC(135) User=0.02s Sys=0.00s Real=0.01s
[2025-06-06T03:22:36.733+0000][11313.877s][info ][safepoint   ] Safepoint "G1CollectForAllocation", Time since last: 275102717919 ns, Reaching safepoint: 3101250 ns, Cleanup: 27333 ns, At safepoint: 12607500 ns, Total: 15736083 ns
[2025-06-06T03:27:05.061+0000][11582.202s][debug][safepoint   ] Safepoint synchronization initiated using futex wait barrier. (168 threads)
[2025-06-06T03:27:05.063+0000][11582.204s][info ][gc,start    ] GC(136) Pause Young (Normal) (G1 Evacuation Pause)
[2025-06-06T03:27:05.064+0000][11582.204s][info ][gc,task     ] GC(136) Using 2 workers of 2 for evacuation
[2025-06-06T03:27:05.071+0000][11582.212s][info ][gc,phases   ] GC(136)   Pre Evacuate Collection Set: 0.4ms
[2025-06-06T03:27:05.071+0000][11582.212s][info ][gc,phases   ] GC(136)   Merge Heap Roots: 0.2ms
[2025-06-06T03:27:05.072+0000][11582.212s][info ][gc,phases   ] GC(136)   Evacuate Collection Set: 3.1ms
[2025-06-06T03:27:05.072+0000][11582.212s][info ][gc,phases   ] GC(136)   Post Evacuate Collection Set: 3.0ms
[2025-06-06T03:27:05.072+0000][11582.212s][info ][gc,phases   ] GC(136)   Other: 1.1ms
[2025-06-06T03:27:05.072+0000][11582.213s][info ][gc,heap     ] GC(136) Eden regions: 297->0(297)
[2025-06-06T03:27:05.072+0000][11582.213s][info ][gc,heap     ] GC(136) Survivor regions: 1->1(38)
[2025-06-06T03:27:05.072+0000][11582.213s][info ][gc,heap     ] GC(136) Old regions: 188->188
[2025-06-06T03:27:05.072+0000][11582.213s][info ][gc,heap     ] GC(136) Archive regions: 2->2
[2025-06-06T03:27:05.072+0000][11582.213s][info ][gc,heap     ] GC(136) Humongous regions: 0->0
[2025-06-06T03:27:05.073+0000][11582.213s][info ][gc,metaspace] GC(136) Metaspace: 185676K(187264K)->185676K(187264K) NonClass: 163447K(164224K)->163447K(164224K) Class: 22229K(23040K)->22229K(23040K)
[2025-06-06T03:27:05.073+0000][11582.213s][info ][gc          ] GC(136) Pause Young (Normal) (G1 Evacuation Pause) 486M->189M(544M) 9.238ms
[2025-06-06T03:27:05.073+0000][11582.213s][info ][gc,cpu      ] GC(136) User=0.01s Sys=0.00s Real=0.01s
[2025-06-06T03:27:05.073+0000][11582.214s][info ][safepoint   ] Safepoint "G1CollectForAllocation", Time since last: 268324645372 ns, Reaching safepoint: 2333584 ns, Cleanup: 20000 ns, At safepoint: 9653833 ns, Total: 12007417 ns
[2025-06-06T03:31:32.383+0000][11849.521s][debug][safepoint   ] Safepoint synchronization initiated using futex wait barrier. (169 threads)
[2025-06-06T03:31:32.386+0000][11849.524s][info ][gc,start    ] GC(137) Pause Young (Normal) (G1 Evacuation Pause)
[2025-06-06T03:31:32.386+0000][11849.524s][info ][gc,task     ] GC(137) Using 2 workers of 2 for evacuation
[2025-06-06T03:31:32.396+0000][11849.534s][info ][gc,phases   ] GC(137)   Pre Evacuate Collection Set: 0.6ms
[2025-06-06T03:31:32.396+0000][11849.534s][info ][gc,phases   ] GC(137)   Merge Heap Roots: 0.4ms
[2025-06-06T03:31:32.396+0000][11849.534s][info ][gc,phases   ] GC(137)   Evacuate Collection Set: 4.2ms
[2025-06-06T03:31:32.396+0000][11849.535s][info ][gc,phases   ] GC(137)   Post Evacuate Collection Set: 4.3ms
[2025-06-06T03:31:32.397+0000][11849.535s][info ][gc,phases   ] GC(137)   Other: 0.7ms
[2025-06-06T03:31:32.397+0000][11849.535s][info ][gc,heap     ] GC(137) Eden regions: 297->0(297)
[2025-06-06T03:31:32.397+0000][11849.535s][info ][gc,heap     ] GC(137) Survivor regions: 1->1(38)
[2025-06-06T03:31:32.397+0000][11849.535s][info ][gc,heap     ] GC(137) Old regions: 188->188
[2025-06-06T03:31:32.397+0000][11849.535s][info ][gc,heap     ] GC(137) Archive regions: 2->2
[2025-06-06T03:31:32.397+0000][11849.535s][info ][gc,heap     ] GC(137) Humongous regions: 0->0
[2025-06-06T03:31:32.397+0000][11849.535s][info ][gc,metaspace] GC(137) Metaspace: 185680K(187264K)->185680K(187264K) NonClass: 163450K(164224K)->163450K(164224K) Class: 22229K(23040K)->22229K(23040K)
[2025-06-06T03:31:32.397+0000][11849.536s][info ][gc          ] GC(137) Pause Young (Normal) (G1 Evacuation Pause) 486M->189M(544M) 11.585ms
[2025-06-06T03:31:32.398+0000][11849.536s][info ][gc,cpu      ] GC(137) User=0.02s Sys=0.00s Real=0.01s
[2025-06-06T03:31:32.398+0000][11849.536s][info ][safepoint   ] Safepoint "G1CollectForAllocation", Time since last: 267307153038 ns, Reaching safepoint: 2985959 ns, Cleanup: 27791 ns, At safepoint: 12653834 ns, Total: 15667584 ns
[2025-06-06T03:35:59.555+0000][12116.690s][debug][safepoint   ] Safepoint synchronization initiated using futex wait barrier. (168 threads)
[2025-06-06T03:35:59.555+0000][12116.690s][info ][gc,start    ] GC(138) Pause Young (Normal) (G1 Evacuation Pause)
[2025-06-06T03:35:59.555+0000][12116.690s][info ][gc,task     ] GC(138) Using 2 workers of 2 for evacuation
[2025-06-06T03:35:59.558+0000][12116.693s][info ][gc,phases   ] GC(138)   Pre Evacuate Collection Set: 0.2ms
[2025-06-06T03:35:59.558+0000][12116.693s][info ][gc,phases   ] GC(138)   Merge Heap Roots: 0.1ms
[2025-06-06T03:35:59.558+0000][12116.693s][info ][gc,phases   ] GC(138)   Evacuate Collection Set: 1.2ms
[2025-06-06T03:35:59.558+0000][12116.693s][info ][gc,phases   ] GC(138)   Post Evacuate Collection Set: 1.3ms
[2025-06-06T03:35:59.558+0000][12116.693s][info ][gc,phases   ] GC(138)   Other: 0.3ms
[2025-06-06T03:35:59.558+0000][12116.693s][info ][gc,heap     ] GC(138) Eden regions: 297->0(297)
[2025-06-06T03:35:59.559+0000][12116.693s][info ][gc,heap     ] GC(138) Survivor regions: 1->1(38)
[2025-06-06T03:35:59.559+0000][12116.694s][info ][gc,heap     ] GC(138) Old regions: 188->188
[2025-06-06T03:35:59.559+0000][12116.694s][info ][gc,heap     ] GC(138) Archive regions: 2->2
[2025-06-06T03:35:59.559+0000][12116.694s][info ][gc,heap     ] GC(138) Humongous regions: 0->0
[2025-06-06T03:35:59.559+0000][12116.694s][info ][gc,metaspace] GC(138) Metaspace: 185681K(187264K)->185681K(187264K) NonClass: 163451K(164224K)->163451K(164224K) Class: 22229K(23040K)->22229K(23040K)
[2025-06-06T03:35:59.559+0000][12116.694s][info ][gc          ] GC(138) Pause Young (Normal) (G1 Evacuation Pause) 486M->189M(544M) 3.851ms
[2025-06-06T03:35:59.559+0000][12116.694s][info ][gc,cpu      ] GC(138) User=0.01s Sys=0.00s Real=0.01s
[2025-06-06T03:35:59.559+0000][12116.694s][info ][safepoint   ] Safepoint "G1CollectForAllocation", Time since last: 267153206330 ns, Reaching safepoint: 338000 ns, Cleanup: 7584 ns, At safepoint: 4284000 ns, Total: 4629584 ns
[2025-06-06T03:40:26.075+0000][12383.207s][debug][safepoint   ] Safepoint synchronization initiated using futex wait barrier. (167 threads)
[2025-06-06T03:40:26.076+0000][12383.208s][info ][gc,start    ] GC(139) Pause Young (Normal) (G1 Evacuation Pause)
[2025-06-06T03:40:26.076+0000][12383.208s][info ][gc,task     ] GC(139) Using 2 workers of 2 for evacuation
[2025-06-06T03:40:26.084+0000][12383.216s][info ][gc,phases   ] GC(139)   Pre Evacuate Collection Set: 0.5ms
[2025-06-06T03:40:26.084+0000][12383.216s][info ][gc,phases   ] GC(139)   Merge Heap Roots: 0.4ms
[2025-06-06T03:40:26.084+0000][12383.217s][info ][gc,phases   ] GC(139)   Evacuate Collection Set: 3.1ms
[2025-06-06T03:40:26.085+0000][12383.217s][info ][gc,phases   ] GC(139)   Post Evacuate Collection Set: 3.1ms
[2025-06-06T03:40:26.085+0000][12383.217s][info ][gc,phases   ] GC(139)   Other: 0.8ms
[2025-06-06T03:40:26.085+0000][12383.217s][info ][gc,heap     ] GC(139) Eden regions: 297->0(297)
[2025-06-06T03:40:26.085+0000][12383.217s][info ][gc,heap     ] GC(139) Survivor regions: 1->1(38)
[2025-06-06T03:40:26.085+0000][12383.217s][info ][gc,heap     ] GC(139) Old regions: 188->188
[2025-06-06T03:40:26.085+0000][12383.217s][info ][gc,heap     ] GC(139) Archive regions: 2->2
[2025-06-06T03:40:26.085+0000][12383.217s][info ][gc,heap     ] GC(139) Humongous regions: 0->0
[2025-06-06T03:40:26.085+0000][12383.217s][info ][gc,metaspace] GC(139) Metaspace: 185684K(187264K)->185684K(187264K) NonClass: 163455K(164224K)->163455K(164224K) Class: 22229K(23040K)->22229K(23040K)
[2025-06-06T03:40:26.086+0000][12383.218s][info ][gc          ] GC(139) Pause Young (Normal) (G1 Evacuation Pause) 486M->189M(544M) 9.503ms
[2025-06-06T03:40:26.086+0000][12383.218s][info ][gc,cpu      ] GC(139) User=0.02s Sys=0.00s Real=0.01s
[2025-06-06T03:40:26.086+0000][12383.218s][info ][safepoint   ] Safepoint "G1CollectForAllocation", Time since last: 266512654955 ns, Reaching safepoint: 1040292 ns, Cleanup: 24917 ns, At safepoint: 10059375 ns, Total: 11124584 ns
[2025-06-06T03:40:49.072+0000][12406.204s][debug][safepoint   ] Safepoint synchronization initiated using futex wait barrier. (171 threads)
[2025-06-06T03:40:49.073+0000][12406.205s][info ][safepoint   ] Safepoint "Cleanup", Time since last: 22986172719 ns, Reaching safepoint: 1118583 ns, Cleanup: 87667 ns, At safepoint: 18292 ns, Total: 1224542 ns
[2025-06-06T03:41:13.135+0000][12430.266s][debug][safepoint   ] Safepoint synchronization initiated using futex wait barrier. (171 threads)
[2025-06-06T03:41:13.136+0000][12430.268s][info ][safepoint   ] Safepoint "Cleanup", Time since last: 24061032760 ns, Reaching safepoint: 1132500 ns, Cleanup: 78208 ns, At safepoint: 13459 ns, Total: 1224167 ns
[2025-06-06T03:42:26.317+0000][12503.448s][debug][safepoint   ] Safepoint synchronization initiated using futex wait barrier. (170 threads)
[2025-06-06T03:42:26.318+0000][12503.449s][info ][safepoint   ] Safepoint "Cleanup", Time since last: 73180172032 ns, Reaching safepoint: 980750 ns, Cleanup: 73500 ns, At safepoint: 26250 ns, Total: 1080500 ns
[2025-06-06T03:42:36.335+0000][12513.466s][debug][safepoint   ] Safepoint synchronization initiated using futex wait barrier. (168 threads)
[2025-06-06T03:42:36.336+0000][12513.467s][info ][safepoint   ] Safepoint "Cleanup", Time since last: 10016921172 ns, Reaching safepoint: 1224791 ns, Cleanup: 107334 ns, At safepoint: 15625 ns, Total: 1347750 ns
[2025-06-06T03:44:53.566+0000][12650.696s][debug][safepoint   ] Safepoint synchronization initiated using futex wait barrier. (168 threads)
[2025-06-06T03:44:53.567+0000][12650.696s][info ][gc,start    ] GC(140) Pause Young (Normal) (G1 Evacuation Pause)
[2025-06-06T03:44:53.567+0000][12650.696s][info ][gc,task     ] GC(140) Using 2 workers of 2 for evacuation
[2025-06-06T03:44:53.571+0000][12650.700s][info ][gc,phases   ] GC(140)   Pre Evacuate Collection Set: 0.2ms
[2025-06-06T03:44:53.571+0000][12650.700s][info ][gc,phases   ] GC(140)   Merge Heap Roots: 0.1ms
[2025-06-06T03:44:53.571+0000][12650.700s][info ][gc,phases   ] GC(140)   Evacuate Collection Set: 2.0ms
[2025-06-06T03:44:53.571+0000][12650.700s][info ][gc,phases   ] GC(140)   Post Evacuate Collection Set: 1.2ms
[2025-06-06T03:44:53.571+0000][12650.700s][info ][gc,phases   ] GC(140)   Other: 0.4ms
[2025-06-06T03:44:53.571+0000][12650.701s][info ][gc,heap     ] GC(140) Eden regions: 297->0(296)
[2025-06-06T03:44:53.571+0000][12650.701s][info ][gc,heap     ] GC(140) Survivor regions: 1->1(38)
[2025-06-06T03:44:53.571+0000][12650.701s][info ][gc,heap     ] GC(140) Old regions: 188->188
[2025-06-06T03:44:53.571+0000][12650.701s][info ][gc,heap     ] GC(140) Archive regions: 2->2
[2025-06-06T03:44:53.571+0000][12650.701s][info ][gc,heap     ] GC(140) Humongous regions: 0->0
[2025-06-06T03:44:53.572+0000][12650.701s][info ][gc,metaspace] GC(140) Metaspace: 185698K(187264K)->185698K(187264K) NonClass: 163468K(164224K)->163468K(164224K) Class: 22229K(23040K)->22229K(23040K)
[2025-06-06T03:44:53.572+0000][12650.701s][info ][gc          ] GC(140) Pause Young (Normal) (G1 Evacuation Pause) 486M->189M(544M) 4.692ms
[2025-06-06T03:44:53.572+0000][12650.701s][info ][gc,cpu      ] GC(140) User=0.01s Sys=0.00s Real=0.00s
[2025-06-06T03:44:53.572+0000][12650.701s][info ][safepoint   ] Safepoint "G1CollectForAllocation", Time since last: 137228445104 ns, Reaching safepoint: 546000 ns, Cleanup: 8375 ns, At safepoint: 4910042 ns, Total: 5464417 ns
[2025-06-06T03:47:05.585+0000][12782.713s][debug][safepoint   ] Safepoint synchronization initiated using futex wait barrier. (167 threads)
[2025-06-06T03:47:05.586+0000][12782.714s][info ][safepoint   ] Safepoint "Cleanup", Time since last: 132011590226 ns, Reaching safepoint: 1067917 ns, Cleanup: 157417 ns, At safepoint: 14541 ns, Total: 1239875 ns
[2025-06-06T03:49:23.076+0000][12920.202s][debug][safepoint   ] Safepoint synchronization initiated using futex wait barrier. (168 threads)
[2025-06-06T03:49:23.077+0000][12920.204s][info ][gc,start    ] GC(141) Pause Young (Normal) (G1 Evacuation Pause)
[2025-06-06T03:49:23.078+0000][12920.204s][info ][gc,task     ] GC(141) Using 2 workers of 2 for evacuation
[2025-06-06T03:49:23.084+0000][12920.211s][info ][gc,phases   ] GC(141)   Pre Evacuate Collection Set: 1.0ms
[2025-06-06T03:49:23.085+0000][12920.211s][info ][gc,phases   ] GC(141)   Merge Heap Roots: 0.3ms
[2025-06-06T03:49:23.085+0000][12920.211s][info ][gc,phases   ] GC(141)   Evacuate Collection Set: 2.4ms
[2025-06-06T03:49:23.085+0000][12920.211s][info ][gc,phases   ] GC(141)   Post Evacuate Collection Set: 2.6ms
[2025-06-06T03:49:23.085+0000][12920.212s][info ][gc,phases   ] GC(141)   Other: 0.8ms
[2025-06-06T03:49:23.085+0000][12920.212s][info ][gc,heap     ] GC(141) Eden regions: 296->0(296)
[2025-06-06T03:49:23.085+0000][12920.212s][info ][gc,heap     ] GC(141) Survivor regions: 1->1(38)
[2025-06-06T03:49:23.085+0000][12920.212s][info ][gc,heap     ] GC(141) Old regions: 188->188
[2025-06-06T03:49:23.086+0000][12920.212s][info ][gc,heap     ] GC(141) Archive regions: 2->2
[2025-06-06T03:49:23.086+0000][12920.212s][info ][gc,heap     ] GC(141) Humongous regions: 0->0
[2025-06-06T03:49:23.086+0000][12920.212s][info ][gc,metaspace] GC(141) Metaspace: 185698K(187264K)->185698K(187264K) NonClass: 163468K(164224K)->163468K(164224K) Class: 22229K(23040K)->22229K(23040K)
[2025-06-06T03:49:23.086+0000][12920.212s][info ][gc          ] GC(141) Pause Young (Normal) (G1 Evacuation Pause) 485M->189M(544M) 8.616ms
[2025-06-06T03:49:23.086+0000][12920.212s][info ][gc,cpu      ] GC(141) User=0.01s Sys=0.00s Real=0.01s
[2025-06-06T03:49:23.086+0000][12920.213s][info ][safepoint   ] Safepoint "G1CollectForAllocation", Time since last: 137488424521 ns, Reaching safepoint: 1193000 ns, Cleanup: 30334 ns, At safepoint: 9052000 ns, Total: 10275334 ns
[2025-06-06T03:53:56.710+0000][13193.833s][debug][safepoint   ] Safepoint synchronization initiated using futex wait barrier. (168 threads)
[2025-06-06T03:53:56.713+0000][13193.836s][info ][gc,start    ] GC(142) Pause Young (Normal) (G1 Evacuation Pause)
[2025-06-06T03:53:56.713+0000][13193.836s][info ][gc,task     ] GC(142) Using 2 workers of 2 for evacuation
[2025-06-06T03:53:56.720+0000][13193.843s][info ][gc,phases   ] GC(142)   Pre Evacuate Collection Set: 0.3ms
[2025-06-06T03:53:56.720+0000][13193.843s][info ][gc,phases   ] GC(142)   Merge Heap Roots: 0.2ms
[2025-06-06T03:53:56.721+0000][13193.843s][info ][gc,phases   ] GC(142)   Evacuate Collection Set: 3.1ms
[2025-06-06T03:53:56.721+0000][13193.843s][info ][gc,phases   ] GC(142)   Post Evacuate Collection Set: 3.0ms
[2025-06-06T03:53:56.721+0000][13193.844s][info ][gc,phases   ] GC(142)   Other: 0.8ms
[2025-06-06T03:53:56.721+0000][13193.844s][info ][gc,heap     ] GC(142) Eden regions: 296->0(297)
[2025-06-06T03:53:56.721+0000][13193.844s][info ][gc,heap     ] GC(142) Survivor regions: 1->1(38)
[2025-06-06T03:53:56.721+0000][13193.844s][info ][gc,heap     ] GC(142) Old regions: 188->188
[2025-06-06T03:53:56.721+0000][13193.844s][info ][gc,heap     ] GC(142) Archive regions: 2->2
[2025-06-06T03:53:56.721+0000][13193.844s][info ][gc,heap     ] GC(142) Humongous regions: 0->0
[2025-06-06T03:53:56.721+0000][13193.844s][info ][gc,metaspace] GC(142) Metaspace: 185698K(187264K)->185698K(187264K) NonClass: 163468K(164224K)->163468K(164224K) Class: 22229K(23040K)->22229K(23040K)
[2025-06-06T03:53:56.722+0000][13193.844s][info ][gc          ] GC(142) Pause Young (Normal) (G1 Evacuation Pause) 485M->189M(544M) 8.639ms
[2025-06-06T03:53:56.722+0000][13193.844s][info ][gc,cpu      ] GC(142) User=0.02s Sys=0.00s Real=0.01s
[2025-06-06T03:53:56.722+0000][13193.845s][info ][safepoint   ] Safepoint "G1CollectForAllocation", Time since last: 273620258708 ns, Reaching safepoint: 2609167 ns, Cleanup: 30292 ns, At safepoint: 9101083 ns, Total: 11740542 ns
[2025-06-06T03:55:46.164+0000][13303.286s][debug][safepoint   ] Safepoint synchronization initiated using futex wait barrier. (167 threads)
[2025-06-06T03:55:46.167+0000][13303.289s][info ][safepoint   ] Safepoint "Cleanup", Time since last: 109441329675 ns, Reaching safepoint: 2892875 ns, Cleanup: 56958 ns, At safepoint: 13417 ns, Total: 2963250 ns
[2025-06-06T03:58:30.853+0000][13467.972s][debug][safepoint   ] Safepoint synchronization initiated using futex wait barrier. (169 threads)
[2025-06-06T03:58:30.854+0000][13467.973s][info ][gc,start    ] GC(143) Pause Young (Normal) (G1 Evacuation Pause)
[2025-06-06T03:58:30.854+0000][13467.973s][info ][gc,task     ] GC(143) Using 2 workers of 2 for evacuation
[2025-06-06T03:58:30.863+0000][13467.982s][info ][gc,phases   ] GC(143)   Pre Evacuate Collection Set: 0.4ms
[2025-06-06T03:58:30.863+0000][13467.982s][info ][gc,phases   ] GC(143)   Merge Heap Roots: 0.2ms
[2025-06-06T03:58:30.863+0000][13467.982s][info ][gc,phases   ] GC(143)   Evacuate Collection Set: 4.6ms
[2025-06-06T03:58:30.863+0000][13467.983s][info ][gc,phases   ] GC(143)   Post Evacuate Collection Set: 3.0ms
[2025-06-06T03:58:30.864+0000][13467.983s][info ][gc,phases   ] GC(143)   Other: 0.7ms
[2025-06-06T03:58:30.864+0000][13467.983s][info ][gc,heap     ] GC(143) Eden regions: 297->0(297)
[2025-06-06T03:58:30.864+0000][13467.983s][info ][gc,heap     ] GC(143) Survivor regions: 1->1(38)
[2025-06-06T03:58:30.864+0000][13467.983s][info ][gc,heap     ] GC(143) Old regions: 188->188
[2025-06-06T03:58:30.864+0000][13467.983s][info ][gc,heap     ] GC(143) Archive regions: 2->2
[2025-06-06T03:58:30.864+0000][13467.983s][info ][gc,heap     ] GC(143) Humongous regions: 0->0
[2025-06-06T03:58:30.864+0000][13467.983s][info ][gc,metaspace] GC(143) Metaspace: 185699K(187264K)->185699K(187264K) NonClass: 163469K(164224K)->163469K(164224K) Class: 22229K(23040K)->22229K(23040K)
[2025-06-06T03:58:30.864+0000][13467.984s][info ][gc          ] GC(143) Pause Young (Normal) (G1 Evacuation Pause) 486M->189M(544M) 10.318ms
[2025-06-06T03:58:30.865+0000][13467.984s][info ][gc,cpu      ] GC(143) User=0.01s Sys=0.00s Real=0.01s
[2025-06-06T03:58:30.865+0000][13467.984s][info ][safepoint   ] Safepoint "G1CollectForAllocation", Time since last: 164682778284 ns, Reaching safepoint: 1412000 ns, Cleanup: 9875 ns, At safepoint: 10723041 ns, Total: 12144916 ns
[2025-06-06T04:03:04.765+0000][13741.882s][debug][safepoint   ] Safepoint synchronization initiated using futex wait barrier. (169 threads)
[2025-06-06T04:03:04.766+0000][13741.883s][info ][gc,start    ] GC(144) Pause Young (Normal) (G1 Evacuation Pause)
[2025-06-06T04:03:04.767+0000][13741.883s][info ][gc,task     ] GC(144) Using 2 workers of 2 for evacuation
[2025-06-06T04:03:04.772+0000][13741.889s][info ][gc,phases   ] GC(144)   Pre Evacuate Collection Set: 0.3ms
[2025-06-06T04:03:04.772+0000][13741.889s][info ][gc,phases   ] GC(144)   Merge Heap Roots: 0.2ms
[2025-06-06T04:03:04.772+0000][13741.889s][info ][gc,phases   ] GC(144)   Evacuate Collection Set: 2.4ms
[2025-06-06T04:03:04.772+0000][13741.889s][info ][gc,phases   ] GC(144)   Post Evacuate Collection Set: 2.2ms
[2025-06-06T04:03:04.773+0000][13741.889s][info ][gc,phases   ] GC(144)   Other: 0.5ms
[2025-06-06T04:03:04.773+0000][13741.890s][info ][gc,heap     ] GC(144) Eden regions: 297->0(297)
[2025-06-06T04:03:04.773+0000][13741.890s][info ][gc,heap     ] GC(144) Survivor regions: 1->1(38)
[2025-06-06T04:03:04.773+0000][13741.890s][info ][gc,heap     ] GC(144) Old regions: 188->188
[2025-06-06T04:03:04.773+0000][13741.890s][info ][gc,heap     ] GC(144) Archive regions: 2->2
[2025-06-06T04:03:04.773+0000][13741.890s][info ][gc,heap     ] GC(144) Humongous regions: 0->0
[2025-06-06T04:03:04.773+0000][13741.890s][info ][gc,metaspace] GC(144) Metaspace: 185699K(187328K)->185699K(187328K) NonClass: 163469K(164288K)->163469K(164288K) Class: 22229K(23040K)->22229K(23040K)
[2025-06-06T04:03:04.773+0000][13741.890s][info ][gc          ] GC(144) Pause Young (Normal) (G1 Evacuation Pause) 486M->189M(544M) 7.015ms
[2025-06-06T04:03:04.774+0000][13741.890s][info ][gc,cpu      ] GC(144) User=0.01s Sys=0.00s Real=0.00s
[2025-06-06T04:03:04.774+0000][13741.891s][info ][safepoint   ] Safepoint "G1CollectForAllocation", Time since last: 273897851416 ns, Reaching safepoint: 1502834 ns, Cleanup: 9625 ns, At safepoint: 7352291 ns, Total: 8864750 ns
[2025-06-06T04:03:55.896+0000][13793.012s][debug][safepoint   ] Safepoint synchronization initiated using futex wait barrier. (169 threads)
[2025-06-06T04:03:55.898+0000][13793.014s][info ][safepoint   ] Safepoint "Cleanup", Time since last: 51121090649 ns, Reaching safepoint: 2047583 ns, Cleanup: 31250 ns, At safepoint: 10167 ns, Total: 2089000 ns
[2025-06-06T04:04:08.934+0000][13806.049s][debug][safepoint   ] Safepoint synchronization initiated using futex wait barrier. (169 threads)
[2025-06-06T04:04:08.936+0000][13806.051s][info ][safepoint   ] Safepoint "Cleanup", Time since last: 13035751214 ns, Reaching safepoint: 1958000 ns, Cleanup: 37042 ns, At safepoint: 12583 ns, Total: 2007625 ns
[2025-06-06T04:07:39.223+0000][14016.337s][debug][safepoint   ] Safepoint synchronization initiated using futex wait barrier. (168 threads)
[2025-06-06T04:07:39.225+0000][14016.339s][info ][gc,start    ] GC(145) Pause Young (Normal) (G1 Evacuation Pause)
[2025-06-06T04:07:39.225+0000][14016.339s][info ][gc,task     ] GC(145) Using 2 workers of 2 for evacuation
[2025-06-06T04:07:39.231+0000][14016.345s][info ][gc,phases   ] GC(145)   Pre Evacuate Collection Set: 0.3ms
[2025-06-06T04:07:39.232+0000][14016.345s][info ][gc,phases   ] GC(145)   Merge Heap Roots: 0.2ms
[2025-06-06T04:07:39.232+0000][14016.345s][info ][gc,phases   ] GC(145)   Evacuate Collection Set: 2.7ms
[2025-06-06T04:07:39.232+0000][14016.345s][info ][gc,phases   ] GC(145)   Post Evacuate Collection Set: 2.4ms
[2025-06-06T04:07:39.232+0000][14016.345s][info ][gc,phases   ] GC(145)   Other: 0.5ms
[2025-06-06T04:07:39.232+0000][14016.346s][info ][gc,heap     ] GC(145) Eden regions: 297->0(297)
[2025-06-06T04:07:39.232+0000][14016.346s][info ][gc,heap     ] GC(145) Survivor regions: 1->1(38)
[2025-06-06T04:07:39.232+0000][14016.346s][info ][gc,heap     ] GC(145) Old regions: 188->188
[2025-06-06T04:07:39.232+0000][14016.346s][info ][gc,heap     ] GC(145) Archive regions: 2->2
[2025-06-06T04:07:39.233+0000][14016.346s][info ][gc,heap     ] GC(145) Humongous regions: 0->0
[2025-06-06T04:07:39.233+0000][14016.346s][info ][gc,metaspace] GC(145) Metaspace: 185699K(187328K)->185699K(187328K) NonClass: 163469K(164288K)->163469K(164288K) Class: 22229K(23040K)->22229K(23040K)
[2025-06-06T04:07:39.233+0000][14016.346s][info ][gc          ] GC(145) Pause Young (Normal) (G1 Evacuation Pause) 486M->189M(544M) 7.554ms
[2025-06-06T04:07:39.233+0000][14016.346s][info ][gc,cpu      ] GC(145) User=0.01s Sys=0.00s Real=0.01s
[2025-06-06T04:07:39.233+0000][14016.347s][info ][safepoint   ] Safepoint "G1CollectForAllocation", Time since last: 210285223428 ns, Reaching safepoint: 1909917 ns, Cleanup: 14167 ns, At safepoint: 7896916 ns, Total: 9821000 ns
[2025-06-06T06:22:09.555+0000][14170.802s][debug][safepoint   ] Safepoint synchronization initiated using futex wait barrier. (169 threads)
[2025-06-06T06:22:09.559+0000][14170.806s][info ][safepoint   ] Safepoint "Cleanup", Time since last: 154455738820 ns, Reaching safepoint: 3711542 ns, Cleanup: 77750 ns, At safepoint: 14416 ns, Total: 3803708 ns
[2025-06-06T09:12:36.701+0000][14213.854s][debug][safepoint   ] Safepoint synchronization initiated using futex wait barrier. (167 threads)
[2025-06-06T09:12:36.704+0000][14213.856s][info ][safepoint   ] Safepoint "Cleanup", Time since last: 43047728187 ns, Reaching safepoint: 2552541 ns, Cleanup: 70625 ns, At safepoint: 12792 ns, Total: 2635958 ns
[2025-06-06T10:54:52.491+0000][14251.988s][debug][safepoint   ] Safepoint synchronization initiated using futex wait barrier. (170 threads)
[2025-06-06T10:54:52.493+0000][14251.990s][info ][safepoint   ] Safepoint "Cleanup", Time since last: 38131141101 ns, Reaching safepoint: 2722458 ns, Cleanup: 44542 ns, At safepoint: 21250 ns, Total: 2788250 ns
[2025-06-06T10:54:53.496+0000][14252.993s][debug][safepoint   ] Safepoint synchronization initiated using futex wait barrier. (170 threads)
[2025-06-06T10:54:53.496+0000][14252.993s][info ][safepoint   ] Safepoint "Cleanup", Time since last: 1002241542 ns, Reaching safepoint: 780750 ns, Cleanup: 31625 ns, At safepoint: 7000 ns, Total: 819375 ns
[2025-06-06T11:47:07.251+0000][14293.545s][debug][safepoint   ] Safepoint synchronization initiated using futex wait barrier. (168 threads)
[2025-06-06T11:47:07.253+0000][14293.546s][info ][gc,start    ] GC(146) Pause Young (Normal) (G1 Evacuation Pause)
[2025-06-06T11:47:07.253+0000][14293.547s][info ][gc,task     ] GC(146) Using 2 workers of 2 for evacuation
[2025-06-06T11:47:07.261+0000][14293.555s][info ][gc,phases   ] GC(146)   Pre Evacuate Collection Set: 0.5ms
[2025-06-06T11:47:07.262+0000][14293.556s][info ][gc,phases   ] GC(146)   Merge Heap Roots: 0.2ms
[2025-06-06T11:47:07.262+0000][14293.556s][info ][gc,phases   ] GC(146)   Evacuate Collection Set: 4.3ms
[2025-06-06T11:47:07.262+0000][14293.556s][info ][gc,phases   ] GC(146)   Post Evacuate Collection Set: 3.1ms
[2025-06-06T11:47:07.262+0000][14293.556s][info ][gc,phases   ] GC(146)   Other: 1.0ms
[2025-06-06T11:47:07.262+0000][14293.556s][info ][gc,heap     ] GC(146) Eden regions: 297->0(295)
[2025-06-06T11:47:07.263+0000][14293.556s][info ][gc,heap     ] GC(146) Survivor regions: 1->2(38)
[2025-06-06T11:47:07.263+0000][14293.556s][info ][gc,heap     ] GC(146) Old regions: 188->188
[2025-06-06T11:47:07.263+0000][14293.557s][info ][gc,heap     ] GC(146) Archive regions: 2->2
[2025-06-06T11:47:07.263+0000][14293.557s][info ][gc,heap     ] GC(146) Humongous regions: 0->0
[2025-06-06T11:47:07.263+0000][14293.557s][info ][gc,metaspace] GC(146) Metaspace: 185721K(187328K)->185721K(187328K) NonClass: 163491K(164288K)->163491K(164288K) Class: 22229K(23040K)->22229K(23040K)
[2025-06-06T11:47:07.263+0000][14293.557s][info ][gc          ] GC(146) Pause Young (Normal) (G1 Evacuation Pause) 486M->189M(544M) 10.562ms
[2025-06-06T11:47:07.263+0000][14293.557s][info ][gc,cpu      ] GC(146) User=0.01s Sys=0.00s Real=0.01s
[2025-06-06T11:47:07.264+0000][14293.558s][info ][safepoint   ] Safepoint "G1CollectForAllocation", Time since last: 40551648519 ns, Reaching safepoint: 1086625 ns, Cleanup: 25208 ns, At safepoint: 11373250 ns, Total: 12485083 ns
[2025-06-06T16:07:26.149+0000][14564.984s][debug][safepoint   ] Safepoint synchronization initiated using futex wait barrier. (171 threads)
[2025-06-06T16:07:26.151+0000][14564.987s][info ][gc,start    ] GC(147) Pause Young (Normal) (G1 Evacuation Pause)
[2025-06-06T16:07:26.152+0000][14564.988s][info ][gc,task     ] GC(147) Using 2 workers of 2 for evacuation
[2025-06-06T16:07:26.163+0000][14564.999s][info ][gc,phases   ] GC(147)   Pre Evacuate Collection Set: 0.6ms
[2025-06-06T16:07:26.163+0000][14564.999s][info ][gc,phases   ] GC(147)   Merge Heap Roots: 0.2ms
[2025-06-06T16:07:26.163+0000][14564.999s][info ][gc,phases   ] GC(147)   Evacuate Collection Set: 5.9ms
[2025-06-06T16:07:26.163+0000][14564.999s][info ][gc,phases   ] GC(147)   Post Evacuate Collection Set: 3.7ms
[2025-06-06T16:07:26.164+0000][14564.999s][info ][gc,phases   ] GC(147)   Other: 1.4ms
[2025-06-06T16:07:26.164+0000][14564.999s][info ][gc,heap     ] GC(147) Eden regions: 295->0(295)
[2025-06-06T16:07:26.164+0000][14564.999s][info ][gc,heap     ] GC(147) Survivor regions: 2->2(38)
[2025-06-06T16:07:26.164+0000][14565.000s][info ][gc,heap     ] GC(147) Old regions: 188->188
[2025-06-06T16:07:26.164+0000][14565.000s][info ][gc,heap     ] GC(147) Archive regions: 2->2
[2025-06-06T16:07:26.164+0000][14565.000s][info ][gc,heap     ] GC(147) Humongous regions: 0->0
[2025-06-06T16:07:26.164+0000][14565.000s][info ][gc,metaspace] GC(147) Metaspace: 185724K(187328K)->185724K(187328K) NonClass: 163495K(164288K)->163495K(164288K) Class: 22229K(23040K)->22229K(23040K)
[2025-06-06T16:07:26.164+0000][14565.000s][info ][gc          ] GC(147) Pause Young (Normal) (G1 Evacuation Pause) 484M->189M(544M) 13.099ms
[2025-06-06T16:07:26.164+0000][14565.000s][info ][gc,cpu      ] GC(147) User=0.02s Sys=0.00s Real=0.01s
[2025-06-06T16:07:26.165+0000][14565.000s][info ][safepoint   ] Safepoint "G1CollectForAllocation", Time since last: 271426883625 ns, Reaching safepoint: 2271291 ns, Cleanup: 17917 ns, At safepoint: 13579417 ns, Total: 15868625 ns
[2025-06-06T16:09:05.329+0000][14664.166s][debug][safepoint   ] Safepoint synchronization initiated using futex wait barrier. (170 threads)
[2025-06-06T16:09:05.332+0000][14664.168s][info ][safepoint   ] Safepoint "Cleanup", Time since last: 99165231044 ns, Reaching safepoint: 2767334 ns, Cleanup: 69000 ns, At safepoint: 16416 ns, Total: 2852750 ns
[2025-06-06T16:10:01.709+0000][14720.546s][debug][safepoint   ] Safepoint synchronization initiated using futex wait barrier. (170 threads)
[2025-06-06T16:10:01.711+0000][14720.547s][info ][safepoint   ] Safepoint "Cleanup", Time since last: 56377133777 ns, Reaching safepoint: 1693583 ns, Cleanup: 28375 ns, At safepoint: 6375 ns, Total: 1728333 ns
[2025-06-06T16:11:51.751+0000][14830.589s][debug][safepoint   ] Safepoint synchronization initiated using futex wait barrier. (170 threads)
[2025-06-06T16:11:51.754+0000][14830.592s][info ][gc,start    ] GC(148) Pause Young (Normal) (G1 Evacuation Pause)
[2025-06-06T16:11:51.754+0000][14830.592s][info ][gc,task     ] GC(148) Using 2 workers of 2 for evacuation
[2025-06-06T16:11:51.763+0000][14830.601s][info ][gc,phases   ] GC(148)   Pre Evacuate Collection Set: 0.5ms
[2025-06-06T16:11:51.763+0000][14830.601s][info ][gc,phases   ] GC(148)   Merge Heap Roots: 0.2ms
[2025-06-06T16:11:51.763+0000][14830.601s][info ][gc,phases   ] GC(148)   Evacuate Collection Set: 4.4ms
[2025-06-06T16:11:51.763+0000][14830.601s][info ][gc,phases   ] GC(148)   Post Evacuate Collection Set: 2.9ms
[2025-06-06T16:11:51.763+0000][14830.601s][info ][gc,phases   ] GC(148)   Other: 1.0ms
[2025-06-06T16:11:51.763+0000][14830.602s][info ][gc,heap     ] GC(148) Eden regions: 295->0(295)
[2025-06-06T16:11:51.764+0000][14830.602s][info ][gc,heap     ] GC(148) Survivor regions: 2->2(38)
[2025-06-06T16:11:51.764+0000][14830.602s][info ][gc,heap     ] GC(148) Old regions: 188->188
[2025-06-06T16:11:51.764+0000][14830.602s][info ][gc,heap     ] GC(148) Archive regions: 2->2
[2025-06-06T16:11:51.764+0000][14830.602s][info ][gc,heap     ] GC(148) Humongous regions: 0->0
[2025-06-06T16:11:51.764+0000][14830.602s][info ][gc,metaspace] GC(148) Metaspace: 185726K(187328K)->185726K(187328K) NonClass: 163497K(164288K)->163497K(164288K) Class: 22229K(23040K)->22229K(23040K)
[2025-06-06T16:11:51.764+0000][14830.602s][info ][gc          ] GC(148) Pause Young (Normal) (G1 Evacuation Pause) 484M->189M(544M) 10.443ms
[2025-06-06T16:11:51.764+0000][14830.602s][info ][gc,cpu      ] GC(148) User=0.01s Sys=0.00s Real=0.01s
[2025-06-06T16:11:51.765+0000][14830.603s][info ][safepoint   ] Safepoint "G1CollectForAllocation", Time since last: 110042002884 ns, Reaching safepoint: 2322292 ns, Cleanup: 25792 ns, At safepoint: 10927541 ns, Total: 13275625 ns
[2025-06-06T16:16:17.278+0000][15096.119s][debug][safepoint   ] Safepoint synchronization initiated using futex wait barrier. (168 threads)
[2025-06-06T16:16:17.281+0000][15096.122s][info ][gc,start    ] GC(149) Pause Young (Normal) (G1 Evacuation Pause)
[2025-06-06T16:16:17.281+0000][15096.122s][info ][gc,task     ] GC(149) Using 2 workers of 2 for evacuation
[2025-06-06T16:16:17.288+0000][15096.129s][info ][gc,phases   ] GC(149)   Pre Evacuate Collection Set: 0.3ms
[2025-06-06T16:16:17.289+0000][15096.130s][info ][gc,phases   ] GC(149)   Merge Heap Roots: 0.2ms
[2025-06-06T16:16:17.289+0000][15096.130s][info ][gc,phases   ] GC(149)   Evacuate Collection Set: 3.5ms
[2025-06-06T16:16:17.289+0000][15096.130s][info ][gc,phases   ] GC(149)   Post Evacuate Collection Set: 2.9ms
[2025-06-06T16:16:17.289+0000][15096.130s][info ][gc,phases   ] GC(149)   Other: 0.7ms
[2025-06-06T16:16:17.289+0000][15096.130s][info ][gc,heap     ] GC(149) Eden regions: 295->0(295)
[2025-06-06T16:16:17.289+0000][15096.130s][info ][gc,heap     ] GC(149) Survivor regions: 2->2(38)
[2025-06-06T16:16:17.290+0000][15096.131s][info ][gc,heap     ] GC(149) Old regions: 188->188
[2025-06-06T16:16:17.290+0000][15096.131s][info ][gc,heap     ] GC(149) Archive regions: 2->2
[2025-06-06T16:16:17.290+0000][15096.131s][info ][gc,heap     ] GC(149) Humongous regions: 0->0
[2025-06-06T16:16:17.290+0000][15096.131s][info ][gc,metaspace] GC(149) Metaspace: 185726K(187328K)->185726K(187328K) NonClass: 163497K(164288K)->163497K(164288K) Class: 22229K(23040K)->22229K(23040K)
[2025-06-06T16:16:17.290+0000][15096.131s][info ][gc          ] GC(149) Pause Young (Normal) (G1 Evacuation Pause) 484M->189M(544M) 9.046ms
[2025-06-06T16:16:17.290+0000][15096.131s][info ][gc,cpu      ] GC(149) User=0.01s Sys=0.00s Real=0.01s
[2025-06-06T16:16:17.290+0000][15096.131s][info ][safepoint   ] Safepoint "G1CollectForAllocation", Time since last: 265516365411 ns, Reaching safepoint: 2903625 ns, Cleanup: 22917 ns, At safepoint: 9651792 ns, Total: 12578334 ns
[2025-06-06T16:20:43.814+0000][15362.657s][debug][safepoint   ] Safepoint synchronization initiated using futex wait barrier. (169 threads)
[2025-06-06T16:20:43.816+0000][15362.659s][info ][gc,start    ] GC(150) Pause Young (Normal) (G1 Evacuation Pause)
[2025-06-06T16:20:43.816+0000][15362.660s][info ][gc,task     ] GC(150) Using 2 workers of 2 for evacuation
[2025-06-06T16:20:43.820+0000][15362.663s][info ][gc,phases   ] GC(150)   Pre Evacuate Collection Set: 0.4ms
[2025-06-06T16:20:43.820+0000][15362.663s][info ][gc,phases   ] GC(150)   Merge Heap Roots: 0.1ms
[2025-06-06T16:20:43.820+0000][15362.663s][info ][gc,phases   ] GC(150)   Evacuate Collection Set: 1.6ms
[2025-06-06T16:20:43.820+0000][15362.663s][info ][gc,phases   ] GC(150)   Post Evacuate Collection Set: 1.1ms
[2025-06-06T16:20:43.820+0000][15362.663s][info ][gc,phases   ] GC(150)   Other: 0.5ms
[2025-06-06T16:20:43.820+0000][15362.663s][info ][gc,heap     ] GC(150) Eden regions: 295->0(297)
[2025-06-06T16:20:43.820+0000][15362.664s][info ][gc,heap     ] GC(150) Survivor regions: 2->1(38)
[2025-06-06T16:20:43.820+0000][15362.664s][info ][gc,heap     ] GC(150) Old regions: 188->188
[2025-06-06T16:20:43.820+0000][15362.664s][info ][gc,heap     ] GC(150) Archive regions: 2->2
[2025-06-06T16:20:43.820+0000][15362.664s][info ][gc,heap     ] GC(150) Humongous regions: 0->0
[2025-06-06T16:20:43.821+0000][15362.664s][info ][gc,metaspace] GC(150) Metaspace: 185743K(187392K)->185743K(187392K) NonClass: 163514K(164352K)->163514K(164352K) Class: 22229K(23040K)->22229K(23040K)
[2025-06-06T16:20:43.821+0000][15362.664s][info ][gc          ] GC(150) Pause Young (Normal) (G1 Evacuation Pause) 484M->189M(544M) 4.357ms
[2025-06-06T16:20:43.821+0000][15362.664s][info ][gc,cpu      ] GC(150) User=0.01s Sys=0.00s Real=0.01s
[2025-06-06T16:20:43.821+0000][15362.664s][info ][safepoint   ] Safepoint "G1CollectForAllocation", Time since last: 266525891705 ns, Reaching safepoint: 1966083 ns, Cleanup: 17125 ns, At safepoint: 4556042 ns, Total: 6539250 ns
[2025-06-06T16:21:01.860+0000][15380.703s][debug][safepoint   ] Safepoint synchronization initiated using futex wait barrier. (169 threads)
[2025-06-06T16:21:01.862+0000][15380.705s][info ][safepoint   ] Safepoint "Cleanup", Time since last: 18039543842 ns, Reaching safepoint: 1141625 ns, Cleanup: 95000 ns, At safepoint: 12166 ns, Total: 1248791 ns
[2025-06-06T16:22:14.826+0000][15453.632s][debug][safepoint   ] Safepoint synchronization initiated using futex wait barrier. (169 threads)
[2025-06-06T16:22:14.827+0000][15453.633s][info ][safepoint   ] Safepoint "Cleanup", Time since last: 72927772700 ns, Reaching safepoint: 786292 ns, Cleanup: 57416 ns, At safepoint: 13292 ns, Total: 857000 ns
[2025-06-06T16:25:11.355+0000][15630.161s][debug][safepoint   ] Safepoint synchronization initiated using futex wait barrier. (170 threads)
[2025-06-06T16:25:11.360+0000][15630.166s][info ][gc,start    ] GC(151) Pause Young (Normal) (G1 Evacuation Pause)
[2025-06-06T16:25:11.360+0000][15630.166s][info ][gc,task     ] GC(151) Using 2 workers of 2 for evacuation
[2025-06-06T16:25:11.367+0000][15630.173s][info ][gc,phases   ] GC(151)   Pre Evacuate Collection Set: 0.4ms
[2025-06-06T16:25:11.367+0000][15630.173s][info ][gc,phases   ] GC(151)   Merge Heap Roots: 0.2ms
[2025-06-06T16:25:11.367+0000][15630.173s][info ][gc,phases   ] GC(151)   Evacuate Collection Set: 3.6ms
[2025-06-06T16:25:11.367+0000][15630.173s][info ][gc,phases   ] GC(151)   Post Evacuate Collection Set: 2.8ms
[2025-06-06T16:25:11.368+0000][15630.173s][info ][gc,phases   ] GC(151)   Other: 0.7ms
[2025-06-06T16:25:11.368+0000][15630.173s][info ][gc,heap     ] GC(151) Eden regions: 297->0(297)
[2025-06-06T16:25:11.368+0000][15630.174s][info ][gc,heap     ] GC(151) Survivor regions: 1->1(38)
[2025-06-06T16:25:11.368+0000][15630.174s][info ][gc,heap     ] GC(151) Old regions: 188->188
[2025-06-06T16:25:11.368+0000][15630.174s][info ][gc,heap     ] GC(151) Archive regions: 2->2
[2025-06-06T16:25:11.368+0000][15630.174s][info ][gc,heap     ] GC(151) Humongous regions: 0->0
[2025-06-06T16:25:11.368+0000][15630.174s][info ][gc,metaspace] GC(151) Metaspace: 185780K(187392K)->185780K(187392K) NonClass: 163550K(164352K)->163550K(164352K) Class: 22229K(23040K)->22229K(23040K)
[2025-06-06T16:25:11.368+0000][15630.174s][info ][gc          ] GC(151) Pause Young (Normal) (G1 Evacuation Pause) 486M->189M(544M) 8.284ms
[2025-06-06T16:25:11.368+0000][15630.174s][info ][gc,cpu      ] GC(151) User=0.02s Sys=0.00s Real=0.01s
[2025-06-06T16:25:11.368+0000][15630.174s][info ][safepoint   ] Safepoint "G1CollectForAllocation", Time since last: 176527916873 ns, Reaching safepoint: 4098333 ns, Cleanup: 23625 ns, At safepoint: 8614167 ns, Total: 12736125 ns
[2025-06-06T16:29:39.516+0000][15898.321s][debug][safepoint   ] Safepoint synchronization initiated using futex wait barrier. (169 threads)
[2025-06-06T16:29:39.519+0000][15898.325s][info ][gc,start    ] GC(152) Pause Young (Normal) (G1 Evacuation Pause)
[2025-06-06T16:29:39.519+0000][15898.325s][info ][gc,task     ] GC(152) Using 2 workers of 2 for evacuation
[2025-06-06T16:29:39.528+0000][15898.333s][info ][gc,phases   ] GC(152)   Pre Evacuate Collection Set: 0.4ms
[2025-06-06T16:29:39.528+0000][15898.333s][info ][gc,phases   ] GC(152)   Merge Heap Roots: 0.2ms
[2025-06-06T16:29:39.528+0000][15898.333s][info ][gc,phases   ] GC(152)   Evacuate Collection Set: 4.5ms
[2025-06-06T16:29:39.528+0000][15898.334s][info ][gc,phases   ] GC(152)   Post Evacuate Collection Set: 3.1ms
[2025-06-06T16:29:39.528+0000][15898.334s][info ][gc,phases   ] GC(152)   Other: 0.6ms
[2025-06-06T16:29:39.528+0000][15898.334s][info ][gc,heap     ] GC(152) Eden regions: 297->0(295)
[2025-06-06T16:29:39.528+0000][15898.334s][info ][gc,heap     ] GC(152) Survivor regions: 1->2(38)
[2025-06-06T16:29:39.528+0000][15898.334s][info ][gc,heap     ] GC(152) Old regions: 188->188
[2025-06-06T16:29:39.528+0000][15898.334s][info ][gc,heap     ] GC(152) Archive regions: 2->2
[2025-06-06T16:29:39.528+0000][15898.334s][info ][gc,heap     ] GC(152) Humongous regions: 0->0
[2025-06-06T16:29:39.529+0000][15898.334s][info ][gc,metaspace] GC(152) Metaspace: 185780K(187392K)->185780K(187392K) NonClass: 163550K(164352K)->163550K(164352K) Class: 22229K(23040K)->22229K(23040K)
[2025-06-06T16:29:39.529+0000][15898.334s][info ][gc          ] GC(152) Pause Young (Normal) (G1 Evacuation Pause) 486M->189M(544M) 9.791ms
[2025-06-06T16:29:39.529+0000][15898.334s][info ][gc,cpu      ] GC(152) User=0.01s Sys=0.00s Real=0.01s
[2025-06-06T16:29:39.529+0000][15898.335s][info ][safepoint   ] Safepoint "G1CollectForAllocation", Time since last: 268146139998 ns, Reaching safepoint: 4217375 ns, Cleanup: 23292 ns, At safepoint: 10173083 ns, Total: 14413750 ns
[2025-06-06T16:30:45.582+0000][15964.388s][debug][safepoint   ] Safepoint synchronization initiated using futex wait barrier. (170 threads)
[2025-06-06T16:30:45.583+0000][15964.389s][info ][safepoint   ] Safepoint "Cleanup", Time since last: 66053047280 ns, Reaching safepoint: 1128541 ns, Cleanup: 86959 ns, At safepoint: 17833 ns, Total: 1233333 ns
[2025-06-06T16:31:03.612+0000][15982.418s][debug][safepoint   ] Safepoint synchronization initiated using futex wait barrier. (170 threads)
[2025-06-06T16:31:03.613+0000][15982.419s][info ][safepoint   ] Safepoint "Cleanup", Time since last: 18028805592 ns, Reaching safepoint: 1016042 ns, Cleanup: 71708 ns, At safepoint: 16333 ns, Total: 1104083 ns
[2025-06-06T16:31:41.608+0000][16020.413s][debug][safepoint   ] Safepoint synchronization initiated using futex wait barrier. (170 threads)
[2025-06-06T16:31:41.609+0000][16020.414s][info ][safepoint   ] Safepoint "Cleanup", Time since last: 37994310392 ns, Reaching safepoint: 930292 ns, Cleanup: 65458 ns, At safepoint: 11708 ns, Total: 1007458 ns
[2025-06-06T16:31:55.632+0000][16034.437s][debug][safepoint   ] Safepoint synchronization initiated using futex wait barrier. (170 threads)
[2025-06-06T16:31:55.633+0000][16034.438s][info ][safepoint   ] Safepoint "Cleanup", Time since last: 14022561090 ns, Reaching safepoint: 1243292 ns, Cleanup: 93417 ns, At safepoint: 12791 ns, Total: 1349500 ns
[2025-06-06T16:34:03.329+0000][16162.134s][debug][safepoint   ] Safepoint synchronization initiated using futex wait barrier. (168 threads)
[2025-06-06T16:34:03.334+0000][16162.139s][info ][gc,start    ] GC(153) Pause Young (Normal) (G1 Evacuation Pause)
[2025-06-06T16:34:03.334+0000][16162.140s][info ][gc,task     ] GC(153) Using 2 workers of 2 for evacuation
[2025-06-06T16:34:03.343+0000][16162.148s][info ][gc,phases   ] GC(153)   Pre Evacuate Collection Set: 0.5ms
[2025-06-06T16:34:03.343+0000][16162.148s][info ][gc,phases   ] GC(153)   Merge Heap Roots: 0.2ms
[2025-06-06T16:34:03.343+0000][16162.148s][info ][gc,phases   ] GC(153)   Evacuate Collection Set: 3.8ms
[2025-06-06T16:34:03.343+0000][16162.149s][info ][gc,phases   ] GC(153)   Post Evacuate Collection Set: 3.2ms
[2025-06-06T16:34:03.343+0000][16162.149s][info ][gc,phases   ] GC(153)   Other: 2.2ms
[2025-06-06T16:34:03.343+0000][16162.149s][info ][gc,heap     ] GC(153) Eden regions: 295->0(296)
[2025-06-06T16:34:03.344+0000][16162.149s][info ][gc,heap     ] GC(153) Survivor regions: 2->1(38)
[2025-06-06T16:34:03.344+0000][16162.149s][info ][gc,heap     ] GC(153) Old regions: 188->188
[2025-06-06T16:34:03.344+0000][16162.149s][info ][gc,heap     ] GC(153) Archive regions: 2->2
[2025-06-06T16:34:03.344+0000][16162.149s][info ][gc,heap     ] GC(153) Humongous regions: 0->0
[2025-06-06T16:34:03.344+0000][16162.149s][info ][gc,metaspace] GC(153) Metaspace: 185785K(187392K)->185785K(187392K) NonClass: 163556K(164352K)->163556K(164352K) Class: 22229K(23040K)->22229K(23040K)
[2025-06-06T16:34:03.344+0000][16162.149s][info ][gc          ] GC(153) Pause Young (Normal) (G1 Evacuation Pause) 484M->189M(544M) 10.206ms
[2025-06-06T16:34:03.344+0000][16162.150s][info ][gc,cpu      ] GC(153) User=0.02s Sys=0.00s Real=0.01s
[2025-06-06T16:34:03.344+0000][16162.150s][info ][safepoint   ] Safepoint "G1CollectForAllocation", Time since last: 127696415684 ns, Reaching safepoint: 3543208 ns, Cleanup: 29209 ns, At safepoint: 11743708 ns, Total: 15316125 ns
[2025-06-06T16:38:29.771+0000][16428.575s][debug][safepoint   ] Safepoint synchronization initiated using futex wait barrier. (169 threads)
[2025-06-06T16:38:29.772+0000][16428.577s][info ][gc,start    ] GC(154) Pause Young (Normal) (G1 Evacuation Pause)
[2025-06-06T16:38:29.773+0000][16428.577s][info ][gc,task     ] GC(154) Using 2 workers of 2 for evacuation
[2025-06-06T16:38:29.781+0000][16428.586s][info ][gc,phases   ] GC(154)   Pre Evacuate Collection Set: 0.7ms
[2025-06-06T16:38:29.781+0000][16428.586s][info ][gc,phases   ] GC(154)   Merge Heap Roots: 0.7ms
[2025-06-06T16:38:29.781+0000][16428.586s][info ][gc,phases   ] GC(154)   Evacuate Collection Set: 3.3ms
[2025-06-06T16:38:29.782+0000][16428.586s][info ][gc,phases   ] GC(154)   Post Evacuate Collection Set: 3.2ms
[2025-06-06T16:38:29.782+0000][16428.586s][info ][gc,phases   ] GC(154)   Other: 0.7ms
[2025-06-06T16:38:29.782+0000][16428.587s][info ][gc,heap     ] GC(154) Eden regions: 296->0(295)
[2025-06-06T16:38:29.782+0000][16428.587s][info ][gc,heap     ] GC(154) Survivor regions: 1->2(38)
[2025-06-06T16:38:29.782+0000][16428.587s][info ][gc,heap     ] GC(154) Old regions: 188->188
[2025-06-06T16:38:29.782+0000][16428.587s][info ][gc,heap     ] GC(154) Archive regions: 2->2
[2025-06-06T16:38:29.782+0000][16428.587s][info ][gc,heap     ] GC(154) Humongous regions: 0->0
[2025-06-06T16:38:29.782+0000][16428.587s][info ][gc,metaspace] GC(154) Metaspace: 185792K(187392K)->185792K(187392K) NonClass: 163563K(164352K)->163563K(164352K) Class: 22229K(23040K)->22229K(23040K)
[2025-06-06T16:38:29.783+0000][16428.587s][info ][gc          ] GC(154) Pause Young (Normal) (G1 Evacuation Pause) 485M->189M(544M) 10.187ms
[2025-06-06T16:38:29.783+0000][16428.587s][info ][gc,cpu      ] GC(154) User=0.01s Sys=0.00s Real=0.01s
[2025-06-06T16:38:29.783+0000][16428.588s][info ][safepoint   ] Safepoint "G1CollectForAllocation", Time since last: 266425759162 ns, Reaching safepoint: 1485042 ns, Cleanup: 23875 ns, At safepoint: 10813041 ns, Total: 12321958 ns
[2025-06-06T16:38:54.826+0000][16453.630s][debug][safepoint   ] Safepoint synchronization initiated using futex wait barrier. (170 threads)
[2025-06-06T16:38:54.826+0000][16453.631s][info ][safepoint   ] Safepoint "Cleanup", Time since last: 25042509553 ns, Reaching safepoint: 497750 ns, Cleanup: 51167 ns, At safepoint: 9708 ns, Total: 558625 ns
[2025-06-06T16:42:57.130+0000][16695.865s][debug][safepoint   ] Safepoint synchronization initiated using futex wait barrier. (169 threads)
[2025-06-06T16:42:57.132+0000][16695.867s][info ][gc,start    ] GC(155) Pause Young (Normal) (G1 Evacuation Pause)
[2025-06-06T16:42:57.132+0000][16695.867s][info ][gc,task     ] GC(155) Using 2 workers of 2 for evacuation
[2025-06-06T16:42:57.137+0000][16695.872s][info ][gc,phases   ] GC(155)   Pre Evacuate Collection Set: 0.3ms
[2025-06-06T16:42:57.137+0000][16695.872s][info ][gc,phases   ] GC(155)   Merge Heap Roots: 0.2ms
[2025-06-06T16:42:57.137+0000][16695.872s][info ][gc,phases   ] GC(155)   Evacuate Collection Set: 2.5ms
[2025-06-06T16:42:57.137+0000][16695.872s][info ][gc,phases   ] GC(155)   Post Evacuate Collection Set: 1.7ms
[2025-06-06T16:42:57.137+0000][16695.872s][info ][gc,phases   ] GC(155)   Other: 0.5ms
[2025-06-06T16:42:57.137+0000][16695.872s][info ][gc,heap     ] GC(155) Eden regions: 295->0(297)
[2025-06-06T16:42:57.137+0000][16695.872s][info ][gc,heap     ] GC(155) Survivor regions: 2->1(38)
[2025-06-06T16:42:57.138+0000][16695.873s][info ][gc,heap     ] GC(155) Old regions: 188->188
[2025-06-06T16:42:57.138+0000][16695.873s][info ][gc,heap     ] GC(155) Archive regions: 2->2
[2025-06-06T16:42:57.138+0000][16695.873s][info ][gc,heap     ] GC(155) Humongous regions: 0->0
[2025-06-06T16:42:57.138+0000][16695.873s][info ][gc,metaspace] GC(155) Metaspace: 185792K(187392K)->185792K(187392K) NonClass: 163563K(164352K)->163563K(164352K) Class: 22229K(23040K)->22229K(23040K)
[2025-06-06T16:42:57.138+0000][16695.873s][info ][gc          ] GC(155) Pause Young (Normal) (G1 Evacuation Pause) 484M->189M(544M) 5.957ms
[2025-06-06T16:42:57.138+0000][16695.873s][info ][gc,cpu      ] GC(155) User=0.01s Sys=0.00s Real=0.01s
[2025-06-06T16:42:57.138+0000][16695.873s][info ][safepoint   ] Safepoint "G1CollectForAllocation", Time since last: 242234476026 ns, Reaching safepoint: 1386084 ns, Cleanup: 9125 ns, At safepoint: 6257916 ns, Total: 7653125 ns
[2025-06-06T16:47:26.066+0000][16964.793s][debug][safepoint   ] Safepoint synchronization initiated using futex wait barrier. (169 threads)
[2025-06-06T16:47:26.068+0000][16964.794s][info ][gc,start    ] GC(156) Pause Young (Normal) (G1 Evacuation Pause)
[2025-06-06T16:47:26.068+0000][16964.795s][info ][gc,task     ] GC(156) Using 2 workers of 2 for evacuation
[2025-06-06T16:47:26.076+0000][16964.802s][info ][gc,phases   ] GC(156)   Pre Evacuate Collection Set: 1.1ms
[2025-06-06T16:47:26.076+0000][16964.803s][info ][gc,phases   ] GC(156)   Merge Heap Roots: 0.3ms
[2025-06-06T16:47:26.076+0000][16964.803s][info ][gc,phases   ] GC(156)   Evacuate Collection Set: 3.2ms
[2025-06-06T16:47:26.076+0000][16964.803s][info ][gc,phases   ] GC(156)   Post Evacuate Collection Set: 2.8ms
[2025-06-06T16:47:26.076+0000][16964.803s][info ][gc,phases   ] GC(156)   Other: 0.6ms
[2025-06-06T16:47:26.076+0000][16964.803s][info ][gc,heap     ] GC(156) Eden regions: 297->0(295)
[2025-06-06T16:47:26.076+0000][16964.803s][info ][gc,heap     ] GC(156) Survivor regions: 1->2(38)
[2025-06-06T16:47:26.076+0000][16964.803s][info ][gc,heap     ] GC(156) Old regions: 188->188
[2025-06-06T16:47:26.076+0000][16964.803s][info ][gc,heap     ] GC(156) Archive regions: 2->2
[2025-06-06T16:47:26.076+0000][16964.803s][info ][gc,heap     ] GC(156) Humongous regions: 0->0
[2025-06-06T16:47:26.076+0000][16964.803s][info ][gc,metaspace] GC(156) Metaspace: 185793K(187392K)->185793K(187392K) NonClass: 163563K(164352K)->163563K(164352K) Class: 22229K(23040K)->22229K(23040K)
[2025-06-06T16:47:26.077+0000][16964.803s][info ][gc          ] GC(156) Pause Young (Normal) (G1 Evacuation Pause) 486M->189M(544M) 8.888ms
[2025-06-06T16:47:26.077+0000][16964.804s][info ][gc,cpu      ] GC(156) User=0.01s Sys=0.00s Real=0.01s
[2025-06-06T16:47:26.077+0000][16964.804s][info ][safepoint   ] Safepoint "G1CollectForAllocation", Time since last: 268919247624 ns, Reaching safepoint: 2135041 ns, Cleanup: 13709 ns, At safepoint: 9271541 ns, Total: 11420291 ns
[2025-06-06T16:47:47.112+0000][16985.839s][debug][safepoint   ] Safepoint synchronization initiated using futex wait barrier. (174 threads)
[2025-06-06T16:47:47.113+0000][16985.840s][info ][safepoint   ] Safepoint "Cleanup", Time since last: 21035214343 ns, Reaching safepoint: 796959 ns, Cleanup: 152875 ns, At safepoint: 6833 ns, Total: 956667 ns
[2025-06-06T16:48:01.133+0000][16999.860s][debug][safepoint   ] Safepoint synchronization initiated using futex wait barrier. (174 threads)
[2025-06-06T16:48:01.134+0000][16999.861s][info ][safepoint   ] Safepoint "Cleanup", Time since last: 14020288715 ns, Reaching safepoint: 1339667 ns, Cleanup: 31333 ns, At safepoint: 7500 ns, Total: 1378500 ns
[2025-06-06T16:50:56.990+0000][17175.711s][debug][safepoint   ] Safepoint synchronization initiated using futex wait barrier. (174 threads)
[2025-06-06T16:50:56.991+0000][17175.712s][info ][safepoint   ] Safepoint "Cleanup", Time since last: 175849347206 ns, Reaching safepoint: 1245500 ns, Cleanup: 163333 ns, At safepoint: 11042 ns, Total: 1419875 ns
[2025-06-06T16:50:57.993+0000][17176.714s][debug][safepoint   ] Safepoint synchronization initiated using futex wait barrier. (176 threads)
[2025-06-06T16:50:57.994+0000][17176.715s][info ][safepoint   ] Safepoint "Cleanup", Time since last: 1001345042 ns, Reaching safepoint: 1435000 ns, Cleanup: 124000 ns, At safepoint: 23375 ns, Total: 1582375 ns
[2025-06-06T16:51:10.037+0000][17188.757s][debug][safepoint   ] Safepoint synchronization initiated using futex wait barrier. (176 threads)
[2025-06-06T16:51:10.037+0000][17188.757s][info ][safepoint   ] Safepoint "Cleanup", Time since last: 12041990464 ns, Reaching safepoint: 162500 ns, Cleanup: 13625 ns, At safepoint: 4042 ns, Total: 180167 ns
[2025-06-06T16:51:12.044+0000][17190.764s][debug][safepoint   ] Safepoint synchronization initiated using futex wait barrier. (176 threads)
[2025-06-06T16:51:12.045+0000][17190.765s][info ][safepoint   ] Safepoint "Cleanup", Time since last: 2006332334 ns, Reaching safepoint: 806083 ns, Cleanup: 78667 ns, At safepoint: 10500 ns, Total: 895250 ns
[2025-06-06T16:51:14.755+0000][17193.475s][debug][safepoint   ] Safepoint synchronization initiated using futex wait barrier. (176 threads)
[2025-06-06T16:51:14.758+0000][17193.478s][info ][gc,start    ] GC(157) Pause Young (Normal) (G1 Evacuation Pause)
[2025-06-06T16:51:14.758+0000][17193.478s][info ][gc,task     ] GC(157) Using 2 workers of 2 for evacuation
[2025-06-06T16:51:14.768+0000][17193.488s][info ][gc,phases   ] GC(157)   Pre Evacuate Collection Set: 0.3ms
[2025-06-06T16:51:14.768+0000][17193.488s][info ][gc,phases   ] GC(157)   Merge Heap Roots: 0.2ms
[2025-06-06T16:51:14.768+0000][17193.488s][info ][gc,phases   ] GC(157)   Evacuate Collection Set: 5.7ms
[2025-06-06T16:51:14.768+0000][17193.488s][info ][gc,phases   ] GC(157)   Post Evacuate Collection Set: 3.3ms
[2025-06-06T16:51:14.769+0000][17193.489s][info ][gc,phases   ] GC(157)   Other: 0.8ms
[2025-06-06T16:51:14.769+0000][17193.489s][info ][gc,heap     ] GC(157) Eden regions: 295->0(295)
[2025-06-06T16:51:14.769+0000][17193.489s][info ][gc,heap     ] GC(157) Survivor regions: 2->2(38)
[2025-06-06T16:51:14.769+0000][17193.489s][info ][gc,heap     ] GC(157) Old regions: 188->188
[2025-06-06T16:51:14.769+0000][17193.489s][info ][gc,heap     ] GC(157) Archive regions: 2->2
[2025-06-06T16:51:14.769+0000][17193.489s][info ][gc,heap     ] GC(157) Humongous regions: 0->0
[2025-06-06T16:51:14.769+0000][17193.489s][info ][gc,metaspace] GC(157) Metaspace: 185847K(187456K)->185847K(187456K) NonClass: 163610K(164416K)->163610K(164416K) Class: 22237K(23040K)->22237K(23040K)
[2025-06-06T16:51:14.770+0000][17193.490s][info ][gc          ] GC(157) Pause Young (Normal) (G1 Evacuation Pause) 484M->189M(544M) 11.773ms
[2025-06-06T16:51:14.770+0000][17193.490s][info ][gc,cpu      ] GC(157) User=0.02s Sys=0.00s Real=0.01s
[2025-06-06T16:51:14.770+0000][17193.490s][info ][safepoint   ] Safepoint "G1CollectForAllocation", Time since last: 2710271043 ns, Reaching safepoint: 2729250 ns, Cleanup: 19458 ns, At safepoint: 12237292 ns, Total: 14986000 ns
[2025-06-06T16:51:37.829+0000][17216.548s][debug][safepoint   ] Safepoint synchronization initiated using futex wait barrier. (176 threads)
[2025-06-06T16:51:37.829+0000][17216.548s][info ][safepoint   ] Safepoint "Cleanup", Time since last: 23057928052 ns, Reaching safepoint: 419750 ns, Cleanup: 39625 ns, At safepoint: 13583 ns, Total: 472958 ns
[2025-06-06T16:51:38.831+0000][17217.550s][debug][safepoint   ] Safepoint synchronization initiated using futex wait barrier. (176 threads)
[2025-06-06T16:51:38.833+0000][17217.552s][info ][safepoint   ] Safepoint "Cleanup", Time since last: 1001514834 ns, Reaching safepoint: 1862583 ns, Cleanup: 74625 ns, At safepoint: 22834 ns, Total: 1960042 ns
[2025-06-06T16:51:39.834+0000][17218.553s][debug][safepoint   ] Safepoint synchronization initiated using futex wait barrier. (176 threads)
[2025-06-06T16:51:39.835+0000][17218.554s][info ][safepoint   ] Safepoint "Cleanup", Time since last: 1001552250 ns, Reaching safepoint: 403250 ns, Cleanup: 31417 ns, At safepoint: 4666 ns, Total: 439333 ns
[2025-06-06T16:51:42.839+0000][17221.558s][debug][safepoint   ] Safepoint synchronization initiated using futex wait barrier. (176 threads)
[2025-06-06T16:51:42.841+0000][17221.560s][info ][safepoint   ] Safepoint "Cleanup", Time since last: 3004361169 ns, Reaching safepoint: 1926000 ns, Cleanup: 73833 ns, At safepoint: 14042 ns, Total: 2013875 ns
[2025-06-06T16:51:56.873+0000][17235.592s][debug][safepoint   ] Safepoint synchronization initiated using futex wait barrier. (176 threads)
[2025-06-06T16:51:56.874+0000][17235.593s][info ][safepoint   ] Safepoint "Cleanup", Time since last: 14031817173 ns, Reaching safepoint: 1375167 ns, Cleanup: 84833 ns, At safepoint: 34083 ns, Total: 1494083 ns
[2025-06-06T16:52:05.893+0000][17244.612s][debug][safepoint   ] Safepoint synchronization initiated using futex wait barrier. (175 threads)
[2025-06-06T16:52:05.894+0000][17244.612s][info ][safepoint   ] Safepoint "Cleanup", Time since last: 9018143754 ns, Reaching safepoint: 520792 ns, Cleanup: 43792 ns, At safepoint: 9000 ns, Total: 573584 ns
[2025-06-06T16:52:07.304+0000][17246.022s][debug][safepoint   ] Safepoint synchronization initiated using futex wait barrier. (175 threads)
[2025-06-06T16:52:07.304+0000][17246.023s][info ][safepoint   ] Safepoint "Cleanup", Time since last: 1410202917 ns, Reaching safepoint: 201208 ns, Cleanup: 8417 ns, At safepoint: 5500 ns, Total: 215125 ns
[2025-06-06T16:52:08.306+0000][17247.024s][debug][safepoint   ] Safepoint synchronization initiated using futex wait barrier. (175 threads)
[2025-06-06T16:52:08.309+0000][17247.027s][info ][safepoint   ] Safepoint "Cleanup", Time since last: 1001921875 ns, Reaching safepoint: 2507250 ns, Cleanup: 293667 ns, At safepoint: 26000 ns, Total: 2826917 ns
[2025-06-06T16:52:11.312+0000][17250.030s][debug][safepoint   ] Safepoint synchronization initiated using futex wait barrier. (175 threads)
[2025-06-06T16:52:11.313+0000][17250.031s][info ][safepoint   ] Safepoint "Cleanup", Time since last: 3003140835 ns, Reaching safepoint: 818750 ns, Cleanup: 34792 ns, At safepoint: 8833 ns, Total: 862375 ns
[2025-06-06T16:52:12.314+0000][17251.032s][debug][safepoint   ] Safepoint synchronization initiated using futex wait barrier. (175 threads)
[2025-06-06T16:52:12.314+0000][17251.033s][info ][safepoint   ] Safepoint "Cleanup", Time since last: 1000926167 ns, Reaching safepoint: 296917 ns, Cleanup: 47708 ns, At safepoint: 6583 ns, Total: 351208 ns
[2025-06-06T16:52:19.934+0000][17258.652s][debug][safepoint   ] Safepoint synchronization initiated using futex wait barrier. (175 threads)
[2025-06-06T16:52:19.935+0000][17258.653s][info ][safepoint   ] Safepoint "Cleanup", Time since last: 7619372296 ns, Reaching safepoint: 1407625 ns, Cleanup: 43250 ns, At safepoint: 9750 ns, Total: 1460625 ns
[2025-06-06T16:52:21.940+0000][17260.658s][debug][safepoint   ] Safepoint synchronization initiated using futex wait barrier. (175 threads)
[2025-06-06T16:52:21.940+0000][17260.659s][info ][safepoint   ] Safepoint "Cleanup", Time since last: 2004611667 ns, Reaching safepoint: 515834 ns, Cleanup: 31875 ns, At safepoint: 9625 ns, Total: 557334 ns
[2025-06-06T16:52:26.950+0000][17265.668s][debug][safepoint   ] Safepoint synchronization initiated using futex wait barrier. (175 threads)
[2025-06-06T16:52:26.952+0000][17265.670s][info ][safepoint   ] Safepoint "Cleanup", Time since last: 5009752127 ns, Reaching safepoint: 2000750 ns, Cleanup: 80208 ns, At safepoint: 14292 ns, Total: 2095250 ns
[2025-06-06T16:52:38.979+0000][17277.697s][debug][safepoint   ] Safepoint synchronization initiated using futex wait barrier. (175 threads)
[2025-06-06T16:52:38.980+0000][17277.698s][info ][safepoint   ] Safepoint "Cleanup", Time since last: 12026116338 ns, Reaching safepoint: 1109292 ns, Cleanup: 33166 ns, At safepoint: 9917 ns, Total: 1152375 ns
[2025-06-06T16:53:30.231+0000][17328.948s][debug][safepoint   ] Safepoint synchronization initiated using futex wait barrier. (177 threads)
[2025-06-06T16:53:30.233+0000][17328.950s][info ][gc,start    ] GC(158) Pause Young (Normal) (G1 Evacuation Pause)
[2025-06-06T16:53:30.233+0000][17328.950s][info ][gc,task     ] GC(158) Using 2 workers of 2 for evacuation
[2025-06-06T16:53:30.243+0000][17328.960s][info ][gc,phases   ] GC(158)   Pre Evacuate Collection Set: 0.6ms
[2025-06-06T16:53:30.244+0000][17328.961s][info ][gc,phases   ] GC(158)   Merge Heap Roots: 0.2ms
[2025-06-06T16:53:30.244+0000][17328.961s][info ][gc,phases   ] GC(158)   Evacuate Collection Set: 6.2ms
[2025-06-06T16:53:30.244+0000][17328.961s][info ][gc,phases   ] GC(158)   Post Evacuate Collection Set: 3.1ms
[2025-06-06T16:53:30.244+0000][17328.961s][info ][gc,phases   ] GC(158)   Other: 0.8ms
[2025-06-06T16:53:30.244+0000][17328.961s][info ][gc,heap     ] GC(158) Eden regions: 295->0(295)
[2025-06-06T16:53:30.244+0000][17328.961s][info ][gc,heap     ] GC(158) Survivor regions: 2->2(38)
[2025-06-06T16:53:30.245+0000][17328.962s][info ][gc,heap     ] GC(158) Old regions: 188->188
[2025-06-06T16:53:30.245+0000][17328.962s][info ][gc,heap     ] GC(158) Archive regions: 2->2
[2025-06-06T16:53:30.245+0000][17328.962s][info ][gc,heap     ] GC(158) Humongous regions: 0->0
[2025-06-06T16:53:30.245+0000][17328.962s][info ][gc,metaspace] GC(158) Metaspace: 185905K(187520K)->185905K(187520K) NonClass: 163668K(164480K)->163668K(164480K) Class: 22237K(23040K)->22237K(23040K)
[2025-06-06T16:53:30.245+0000][17328.962s][info ][gc          ] GC(158) Pause Young (Normal) (G1 Evacuation Pause) 484M->189M(544M) 12.288ms
[2025-06-06T16:53:30.245+0000][17328.962s][info ][gc,cpu      ] GC(158) User=0.02s Sys=0.00s Real=0.02s
[2025-06-06T16:53:30.245+0000][17328.962s][info ][safepoint   ] Safepoint "G1CollectForAllocation", Time since last: 51250815524 ns, Reaching safepoint: 1060792 ns, Cleanup: 105708 ns, At safepoint: 12843167 ns, Total: 14009667 ns
[2025-06-06T16:54:18.191+0000][17376.906s][debug][safepoint   ] Safepoint synchronization initiated using futex wait barrier. (178 threads)
[2025-06-06T16:54:18.191+0000][17376.906s][info ][safepoint   ] Safepoint "Cleanup", Time since last: 47943184980 ns, Reaching safepoint: 390166 ns, Cleanup: 29084 ns, At safepoint: 6250 ns, Total: 425500 ns
[2025-06-06T16:54:26.205+0000][17384.920s][debug][safepoint   ] Safepoint synchronization initiated using futex wait barrier. (178 threads)
[2025-06-06T16:54:26.209+0000][17384.924s][info ][safepoint   ] Safepoint "Cleanup", Time since last: 8014131420 ns, Reaching safepoint: 3843750 ns, Cleanup: 94542 ns, At safepoint: 15375 ns, Total: 3953667 ns
[2025-06-06T16:54:39.240+0000][17397.955s][debug][safepoint   ] Safepoint synchronization initiated using futex wait barrier. (178 threads)
[2025-06-06T16:54:39.241+0000][17397.955s][debug][safepoint   ] ... found polling page loop exception at pc = 0x0000ffff723fcc44, stub =0x0000ffff7097ef00
[2025-06-06T16:54:39.242+0000][17397.957s][info ][safepoint   ] Safepoint "Cleanup", Time since last: 13030318256 ns, Reaching safepoint: 2091792 ns, Cleanup: 33041 ns, At safepoint: 19500 ns, Total: 2144333 ns
[2025-06-06T16:55:37.492+0000][17456.205s][debug][safepoint   ] Safepoint synchronization initiated using futex wait barrier. (178 threads)
[2025-06-06T16:55:37.495+0000][17456.207s][info ][safepoint   ] Safepoint "Cleanup", Time since last: 58247878069 ns, Reaching safepoint: 2661791 ns, Cleanup: 75917 ns, At safepoint: 13208 ns, Total: 2750916 ns
[2025-06-06T16:55:43.674+0000][17462.386s][debug][safepoint   ] Safepoint synchronization initiated using futex wait barrier. (178 threads)
[2025-06-06T16:55:43.675+0000][17462.388s][info ][gc,start    ] GC(159) Pause Young (Normal) (G1 Evacuation Pause)
[2025-06-06T16:55:43.675+0000][17462.388s][info ][gc,task     ] GC(159) Using 2 workers of 2 for evacuation
[2025-06-06T16:55:43.685+0000][17462.398s][info ][gc,phases   ] GC(159)   Pre Evacuate Collection Set: 0.4ms
[2025-06-06T16:55:43.685+0000][17462.398s][info ][gc,phases   ] GC(159)   Merge Heap Roots: 0.2ms
[2025-06-06T16:55:43.686+0000][17462.398s][info ][gc,phases   ] GC(159)   Evacuate Collection Set: 5.7ms
[2025-06-06T16:55:43.686+0000][17462.398s][info ][gc,phases   ] GC(159)   Post Evacuate Collection Set: 3.1ms
[2025-06-06T16:55:43.686+0000][17462.398s][info ][gc,phases   ] GC(159)   Other: 0.8ms
[2025-06-06T16:55:43.686+0000][17462.398s][info ][gc,heap     ] GC(159) Eden regions: 295->0(295)
[2025-06-06T16:55:43.686+0000][17462.399s][info ][gc,heap     ] GC(159) Survivor regions: 2->2(38)
[2025-06-06T16:55:43.686+0000][17462.399s][info ][gc,heap     ] GC(159) Old regions: 188->188
[2025-06-06T16:55:43.686+0000][17462.399s][info ][gc,heap     ] GC(159) Archive regions: 2->2
[2025-06-06T16:55:43.686+0000][17462.399s][info ][gc,heap     ] GC(159) Humongous regions: 0->0
[2025-06-06T16:55:43.687+0000][17462.399s][info ][gc,metaspace] GC(159) Metaspace: 185912K(187584K)->185912K(187584K) NonClass: 163675K(164544K)->163675K(164544K) Class: 22237K(23040K)->22237K(23040K)
[2025-06-06T16:55:43.687+0000][17462.399s][info ][gc          ] GC(159) Pause Young (Normal) (G1 Evacuation Pause) 484M->189M(544M) 11.541ms
[2025-06-06T16:55:43.687+0000][17462.399s][info ][gc,cpu      ] GC(159) User=0.02s Sys=0.00s Real=0.01s
[2025-06-06T16:55:43.687+0000][17462.399s][info ][safepoint   ] Safepoint "G1CollectForAllocation", Time since last: 6178783087 ns, Reaching safepoint: 1235208 ns, Cleanup: 34083 ns, At safepoint: 12033375 ns, Total: 13302666 ns
[2025-06-06T16:56:07.747+0000][17486.458s][debug][safepoint   ] Safepoint synchronization initiated using futex wait barrier. (178 threads)
[2025-06-06T16:56:07.748+0000][17486.459s][info ][safepoint   ] Safepoint "Cleanup", Time since last: 24058460844 ns, Reaching safepoint: 949750 ns, Cleanup: 96917 ns, At safepoint: 11791 ns, Total: 1058458 ns
[2025-06-06T16:56:31.510+0000][17510.221s][debug][safepoint   ] Safepoint synchronization initiated using futex wait barrier. (178 threads)
[2025-06-06T16:56:31.510+0000][17510.222s][info ][safepoint   ] Safepoint "Cleanup", Time since last: 23761998928 ns, Reaching safepoint: 553209 ns, Cleanup: 81833 ns, At safepoint: 11542 ns, Total: 646584 ns
[2025-06-06T16:56:34.515+0000][17513.226s][debug][safepoint   ] Safepoint synchronization initiated using futex wait barrier. (178 threads)
[2025-06-06T16:56:34.516+0000][17513.227s][info ][safepoint   ] Safepoint "Cleanup", Time since last: 3004205251 ns, Reaching safepoint: 1047375 ns, Cleanup: 65250 ns, At safepoint: 11375 ns, Total: 1124000 ns
[2025-06-06T16:57:16.541+0000][17555.251s][debug][safepoint   ] Safepoint synchronization initiated using futex wait barrier. (178 threads)
[2025-06-06T16:57:16.542+0000][17555.251s][info ][safepoint   ] Safepoint "Cleanup", Time since last: 42023711311 ns, Reaching safepoint: 366625 ns, Cleanup: 23000 ns, At safepoint: 5958 ns, Total: 395583 ns
[2025-06-06T16:57:41.589+0000][17580.298s][debug][safepoint   ] Safepoint synchronization initiated using futex wait barrier. (178 threads)
[2025-06-06T16:57:41.590+0000][17580.299s][info ][safepoint   ] Safepoint "Cleanup", Time since last: 25047419012 ns, Reaching safepoint: 884041 ns, Cleanup: 83167 ns, At safepoint: 18500 ns, Total: 985708 ns
[2025-06-06T16:58:00.222+0000][17598.931s][debug][safepoint   ] Safepoint synchronization initiated using futex wait barrier. (178 threads)
[2025-06-06T16:58:00.222+0000][17598.931s][info ][gc,start    ] GC(160) Pause Young (Normal) (G1 Evacuation Pause)
[2025-06-06T16:58:00.222+0000][17598.931s][info ][gc,task     ] GC(160) Using 2 workers of 2 for evacuation
[2025-06-06T16:58:00.232+0000][17598.941s][info ][gc,phases   ] GC(160)   Pre Evacuate Collection Set: 0.3ms
[2025-06-06T16:58:00.232+0000][17598.941s][info ][gc,phases   ] GC(160)   Merge Heap Roots: 0.2ms
[2025-06-06T16:58:00.232+0000][17598.941s][info ][gc,phases   ] GC(160)   Evacuate Collection Set: 5.6ms
[2025-06-06T16:58:00.232+0000][17598.942s][info ][gc,phases   ] GC(160)   Post Evacuate Collection Set: 2.9ms
[2025-06-06T16:58:00.233+0000][17598.942s][info ][gc,phases   ] GC(160)   Other: 0.7ms
[2025-06-06T16:58:00.233+0000][17598.942s][info ][gc,heap     ] GC(160) Eden regions: 295->0(295)
[2025-06-06T16:58:00.233+0000][17598.942s][info ][gc,heap     ] GC(160) Survivor regions: 2->2(38)
[2025-06-06T16:58:00.233+0000][17598.942s][info ][gc,heap     ] GC(160) Old regions: 188->188
[2025-06-06T16:58:00.233+0000][17598.942s][info ][gc,heap     ] GC(160) Archive regions: 2->2
[2025-06-06T16:58:00.233+0000][17598.942s][info ][gc,heap     ] GC(160) Humongous regions: 0->0
[2025-06-06T16:58:00.233+0000][17598.942s][info ][gc,metaspace] GC(160) Metaspace: 185926K(187584K)->185926K(187584K) NonClass: 163689K(164544K)->163689K(164544K) Class: 22237K(23040K)->22237K(23040K)
[2025-06-06T16:58:00.233+0000][17598.942s][info ][gc          ] GC(160) Pause Young (Normal) (G1 Evacuation Pause) 484M->189M(544M) 11.215ms
[2025-06-06T16:58:00.233+0000][17598.943s][info ][gc,cpu      ] GC(160) User=0.02s Sys=0.00s Real=0.01s
[2025-06-06T16:58:00.234+0000][17598.943s][info ][safepoint   ] Safepoint "G1CollectForAllocation", Time since last: 18631288967 ns, Reaching safepoint: 387417 ns, Cleanup: 19083 ns, At safepoint: 12250959 ns, Total: 12657459 ns
[2025-06-06T16:58:09.253+0000][17607.961s][debug][safepoint   ] Safepoint synchronization initiated using futex wait barrier. (178 threads)
[2025-06-06T16:58:09.254+0000][17607.963s][info ][safepoint   ] Safepoint "Cleanup", Time since last: 9018094212 ns, Reaching safepoint: 1125083 ns, Cleanup: 102292 ns, At safepoint: 16375 ns, Total: 1243750 ns
[2025-06-06T16:58:38.661+0000][17637.368s][debug][safepoint   ] Safepoint synchronization initiated using futex wait barrier. (178 threads)
[2025-06-06T16:58:38.664+0000][17637.371s][info ][safepoint   ] Safepoint "Cleanup", Time since last: 29405500805 ns, Reaching safepoint: 2657000 ns, Cleanup: 231625 ns, At safepoint: 113500 ns, Total: 3002125 ns
[2025-06-06T16:58:51.717+0000][17650.424s][debug][safepoint   ] Safepoint synchronization initiated using futex wait barrier. (178 threads)
[2025-06-06T16:58:51.718+0000][17650.425s][info ][safepoint   ] Safepoint "Cleanup", Time since last: 13053119298 ns, Reaching safepoint: 955625 ns, Cleanup: 58833 ns, At safepoint: 19375 ns, Total: 1033833 ns
[2025-06-06T16:59:32.682+0000][17691.389s][debug][safepoint   ] Safepoint synchronization initiated using futex wait barrier. (178 threads)
[2025-06-06T16:59:32.683+0000][17691.390s][info ][safepoint   ] Safepoint "Cleanup", Time since last: 40963651561 ns, Reaching safepoint: 876875 ns, Cleanup: 59792 ns, At safepoint: 17375 ns, Total: 954042 ns
[2025-06-06T16:59:53.748+0000][17712.454s][debug][safepoint   ] Safepoint synchronization initiated using futex wait barrier. (180 threads)
[2025-06-06T16:59:53.749+0000][17712.455s][info ][safepoint   ] Safepoint "Cleanup", Time since last: 21063725301 ns, Reaching safepoint: 1045125 ns, Cleanup: 87833 ns, At safepoint: 13875 ns, Total: 1146833 ns
[2025-06-06T17:00:00.758+0000][17719.464s][debug][safepoint   ] Safepoint synchronization initiated using futex wait barrier. (178 threads)
[2025-06-06T17:00:00.759+0000][17719.465s][info ][safepoint   ] Safepoint "Cleanup", Time since last: 7009248587 ns, Reaching safepoint: 847916 ns, Cleanup: 60000 ns, At safepoint: 14584 ns, Total: 922500 ns
[2025-06-06T17:00:01.760+0000][17720.466s][debug][safepoint   ] Safepoint synchronization initiated using futex wait barrier. (178 threads)
[2025-06-06T17:00:01.762+0000][17720.467s][info ][safepoint   ] Safepoint "Cleanup", Time since last: 1001390375 ns, Reaching safepoint: 1023459 ns, Cleanup: 61333 ns, At safepoint: 19625 ns, Total: 1104417 ns
[2025-06-06T17:00:15.668+0000][17734.373s][debug][safepoint   ] Safepoint synchronization initiated using futex wait barrier. (178 threads)
[2025-06-06T17:00:15.669+0000][17734.374s][info ][safepoint   ] Safepoint "Cleanup", Time since last: 13905823589 ns, Reaching safepoint: 317875 ns, Cleanup: 28375 ns, At safepoint: 4042 ns, Total: 350292 ns
[2025-06-06T17:00:17.061+0000][17735.766s][debug][safepoint   ] Safepoint synchronization initiated using futex wait barrier. (178 threads)
[2025-06-06T17:00:17.062+0000][17735.767s][info ][gc,start    ] GC(161) Pause Young (Normal) (G1 Evacuation Pause)
[2025-06-06T17:00:17.062+0000][17735.767s][info ][gc,task     ] GC(161) Using 2 workers of 2 for evacuation
[2025-06-06T17:00:17.072+0000][17735.777s][info ][gc,phases   ] GC(161)   Pre Evacuate Collection Set: 0.4ms
[2025-06-06T17:00:17.072+0000][17735.777s][info ][gc,phases   ] GC(161)   Merge Heap Roots: 0.4ms
[2025-06-06T17:00:17.072+0000][17735.777s][info ][gc,phases   ] GC(161)   Evacuate Collection Set: 5.5ms
[2025-06-06T17:00:17.072+0000][17735.777s][info ][gc,phases   ] GC(161)   Post Evacuate Collection Set: 2.8ms
[2025-06-06T17:00:17.072+0000][17735.777s][info ][gc,phases   ] GC(161)   Other: 0.9ms
[2025-06-06T17:00:17.072+0000][17735.777s][info ][gc,heap     ] GC(161) Eden regions: 295->0(295)
[2025-06-06T17:00:17.073+0000][17735.777s][info ][gc,heap     ] GC(161) Survivor regions: 2->2(38)
[2025-06-06T17:00:17.073+0000][17735.778s][info ][gc,heap     ] GC(161) Old regions: 188->188
[2025-06-06T17:00:17.073+0000][17735.778s][info ][gc,heap     ] GC(161) Archive regions: 2->2
[2025-06-06T17:00:17.073+0000][17735.778s][info ][gc,heap     ] GC(161) Humongous regions: 0->0
[2025-06-06T17:00:17.073+0000][17735.778s][info ][gc,metaspace] GC(161) Metaspace: 185967K(187648K)->185967K(187648K) NonClass: 163730K(164608K)->163730K(164608K) Class: 22237K(23040K)->22237K(23040K)
[2025-06-06T17:00:17.073+0000][17735.778s][info ][gc          ] GC(161) Pause Young (Normal) (G1 Evacuation Pause) 484M->189M(544M) 11.094ms
[2025-06-06T17:00:17.073+0000][17735.778s][info ][gc,cpu      ] GC(161) User=0.02s Sys=0.00s Real=0.01s
[2025-06-06T17:00:17.073+0000][17735.778s][info ][safepoint   ] Safepoint "G1CollectForAllocation", Time since last: 1392701584 ns, Reaching safepoint: 437125 ns, Cleanup: 17500 ns, At safepoint: 11574083 ns, Total: 12028708 ns
[2025-06-06T17:00:28.098+0000][17746.803s][debug][safepoint   ] Safepoint synchronization initiated using futex wait barrier. (178 threads)
[2025-06-06T17:00:28.098+0000][17746.803s][info ][safepoint   ] Safepoint "Cleanup", Time since last: 11024300214 ns, Reaching safepoint: 518083 ns, Cleanup: 57083 ns, At safepoint: 14167 ns, Total: 589333 ns
[2025-06-06T17:00:56.177+0000][17774.881s][debug][safepoint   ] Safepoint synchronization initiated using futex wait barrier. (180 threads)
[2025-06-06T17:00:56.177+0000][17774.882s][info ][safepoint   ] Safepoint "Cleanup", Time since last: 28078025305 ns, Reaching safepoint: 216041 ns, Cleanup: 19750 ns, At safepoint: 4084 ns, Total: 239875 ns
[2025-06-06T17:01:01.188+0000][17779.892s][debug][safepoint   ] Safepoint synchronization initiated using futex wait barrier. (178 threads)
[2025-06-06T17:01:01.189+0000][17779.893s][info ][safepoint   ] Safepoint "Cleanup", Time since last: 5010671669 ns, Reaching safepoint: 623333 ns, Cleanup: 54542 ns, At safepoint: 18625 ns, Total: 696500 ns
[2025-06-06T17:01:10.210+0000][17788.914s][debug][safepoint   ] Safepoint synchronization initiated using futex wait barrier. (178 threads)
[2025-06-06T17:01:10.212+0000][17788.915s][info ][safepoint   ] Safepoint "Cleanup", Time since last: 9020797670 ns, Reaching safepoint: 1134458 ns, Cleanup: 80792 ns, At safepoint: 19333 ns, Total: 1234583 ns
[2025-06-06T17:02:11.842+0000][17850.551s][debug][safepoint   ] Safepoint synchronization initiated using futex wait barrier. (178 threads)
[2025-06-06T17:02:11.844+0000][17850.553s][info ][safepoint   ] Safepoint "Cleanup", Time since last: 61636513945 ns, Reaching safepoint: 1884458 ns, Cleanup: 35125 ns, At safepoint: 7917 ns, Total: 1927500 ns
[2025-06-06T17:02:19.956+0000][17858.666s][debug][safepoint   ] Safepoint synchronization initiated using futex wait barrier. (178 threads)
[2025-06-06T17:02:19.956+0000][17858.666s][info ][safepoint   ] Safepoint "Cleanup", Time since last: 8112134671 ns, Reaching safepoint: 746333 ns, Cleanup: 58375 ns, At safepoint: 12500 ns, Total: 817208 ns
[2025-06-06T17:02:30.987+0000][17869.697s][debug][safepoint   ] Safepoint synchronization initiated using futex wait barrier. (178 threads)
[2025-06-06T17:02:30.988+0000][17869.698s][info ][gc,start    ] GC(162) Pause Young (Normal) (G1 Evacuation Pause)
[2025-06-06T17:02:30.988+0000][17869.698s][info ][gc,task     ] GC(162) Using 2 workers of 2 for evacuation
[2025-06-06T17:02:30.999+0000][17869.709s][info ][gc,phases   ] GC(162)   Pre Evacuate Collection Set: 0.5ms
[2025-06-06T17:02:31.000+0000][17869.709s][info ][gc,phases   ] GC(162)   Merge Heap Roots: 0.2ms
[2025-06-06T17:02:31.000+0000][17869.710s][info ][gc,phases   ] GC(162)   Evacuate Collection Set: 6.7ms
[2025-06-06T17:02:31.000+0000][17869.710s][info ][gc,phases   ] GC(162)   Post Evacuate Collection Set: 3.1ms
[2025-06-06T17:02:31.000+0000][17869.710s][info ][gc,phases   ] GC(162)   Other: 0.7ms
[2025-06-06T17:02:31.000+0000][17869.710s][info ][gc,heap     ] GC(162) Eden regions: 295->0(295)
[2025-06-06T17:02:31.000+0000][17869.710s][info ][gc,heap     ] GC(162) Survivor regions: 2->2(38)
[2025-06-06T17:02:31.000+0000][17869.710s][info ][gc,heap     ] GC(162) Old regions: 188->188
[2025-06-06T17:02:31.001+0000][17869.710s][info ][gc,heap     ] GC(162) Archive regions: 2->2
[2025-06-06T17:02:31.001+0000][17869.710s][info ][gc,heap     ] GC(162) Humongous regions: 0->0
[2025-06-06T17:02:31.001+0000][17869.711s][info ][gc,metaspace] GC(162) Metaspace: 185980K(187648K)->185980K(187648K) NonClass: 163743K(164608K)->163743K(164608K) Class: 22237K(23040K)->22237K(23040K)
[2025-06-06T17:02:31.001+0000][17869.711s][info ][gc          ] GC(162) Pause Young (Normal) (G1 Evacuation Pause) 484M->189M(544M) 12.840ms
[2025-06-06T17:02:31.001+0000][17869.711s][info ][gc,cpu      ] GC(162) User=0.02s Sys=0.00s Real=0.01s
[2025-06-06T17:02:31.001+0000][17869.711s][info ][safepoint   ] Safepoint "G1CollectForAllocation", Time since last: 11030330463 ns, Reaching safepoint: 1089709 ns, Cleanup: 27458 ns, At safepoint: 13271500 ns, Total: 14388667 ns
[2025-06-06T17:02:32.002+0000][17870.712s][debug][safepoint   ] Safepoint synchronization initiated using futex wait barrier. (178 threads)
[2025-06-06T17:02:32.003+0000][17870.713s][info ][safepoint   ] Safepoint "Cleanup", Time since last: 1000538751 ns, Reaching safepoint: 1097041 ns, Cleanup: 86917 ns, At safepoint: 15167 ns, Total: 1199125 ns
[2025-06-06T17:03:56.140+0000][17954.848s][debug][safepoint   ] Safepoint synchronization initiated using futex wait barrier. (178 threads)
[2025-06-06T17:03:56.141+0000][17954.849s][info ][safepoint   ] Safepoint "Cleanup", Time since last: 84135047414 ns, Reaching safepoint: 1044125 ns, Cleanup: 77541 ns, At safepoint: 16542 ns, Total: 1138208 ns
[2025-06-06T17:04:44.927+0000][18003.633s][debug][safepoint   ] Safepoint synchronization initiated using futex wait barrier. (178 threads)
[2025-06-06T17:04:44.928+0000][18003.634s][info ][gc,start    ] GC(163) Pause Young (Normal) (G1 Evacuation Pause)
[2025-06-06T17:04:44.928+0000][18003.635s][info ][gc,task     ] GC(163) Using 2 workers of 2 for evacuation
[2025-06-06T17:04:44.938+0000][18003.644s][info ][gc,phases   ] GC(163)   Pre Evacuate Collection Set: 0.5ms
[2025-06-06T17:04:44.938+0000][18003.645s][info ][gc,phases   ] GC(163)   Merge Heap Roots: 0.2ms
[2025-06-06T17:04:44.939+0000][18003.645s][info ][gc,phases   ] GC(163)   Evacuate Collection Set: 5.9ms
[2025-06-06T17:04:44.939+0000][18003.645s][info ][gc,phases   ] GC(163)   Post Evacuate Collection Set: 2.9ms
[2025-06-06T17:04:44.939+0000][18003.645s][info ][gc,phases   ] GC(163)   Other: 0.8ms
[2025-06-06T17:04:44.939+0000][18003.645s][info ][gc,heap     ] GC(163) Eden regions: 295->0(295)
[2025-06-06T17:04:44.939+0000][18003.645s][info ][gc,heap     ] GC(163) Survivor regions: 2->2(38)
[2025-06-06T17:04:44.939+0000][18003.646s][info ][gc,heap     ] GC(163) Old regions: 188->188
[2025-06-06T17:04:44.939+0000][18003.646s][info ][gc,heap     ] GC(163) Archive regions: 2->2
[2025-06-06T17:04:44.940+0000][18003.646s][info ][gc,heap     ] GC(163) Humongous regions: 0->0
[2025-06-06T17:04:44.940+0000][18003.646s][info ][gc,metaspace] GC(163) Metaspace: 185982K(187648K)->185982K(187648K) NonClass: 163745K(164608K)->163745K(164608K) Class: 22237K(23040K)->22237K(23040K)
[2025-06-06T17:04:44.940+0000][18003.646s][info ][gc          ] GC(163) Pause Young (Normal) (G1 Evacuation Pause) 484M->189M(544M) 11.817ms
[2025-06-06T17:04:44.940+0000][18003.646s][info ][gc,cpu      ] GC(163) User=0.02s Sys=0.00s Real=0.01s
[2025-06-06T17:04:44.940+0000][18003.646s][info ][safepoint   ] Safepoint "G1CollectForAllocation", Time since last: 48784037230 ns, Reaching safepoint: 1224667 ns, Cleanup: 21375 ns, At safepoint: 12230875 ns, Total: 13476917 ns
[2025-06-06T17:04:52.971+0000][18011.677s][debug][safepoint   ] Safepoint synchronization initiated using futex wait barrier. (178 threads)
[2025-06-06T17:04:52.971+0000][18011.677s][info ][safepoint   ] Safepoint "Cleanup", Time since last: 8030447671 ns, Reaching safepoint: 365541 ns, Cleanup: 31625 ns, At safepoint: 7250 ns, Total: 404416 ns
[2025-06-06T17:05:01.984+0000][18020.690s][debug][safepoint   ] Safepoint synchronization initiated using futex wait barrier. (179 threads)
[2025-06-06T17:05:01.985+0000][18020.691s][info ][safepoint   ] Safepoint "Cleanup", Time since last: 9012511921 ns, Reaching safepoint: 1467000 ns, Cleanup: 77584 ns, At safepoint: 13708 ns, Total: 1558292 ns
[2025-06-06T17:05:55.360+0000][18074.065s][debug][safepoint   ] Safepoint synchronization initiated using futex wait barrier. (179 threads)
[2025-06-06T17:05:55.360+0000][18074.065s][info ][safepoint   ] Safepoint "Cleanup", Time since last: 53373216815 ns, Reaching safepoint: 216750 ns, Cleanup: 23667 ns, At safepoint: 4333 ns, Total: 244750 ns
[2025-06-06T17:06:59.396+0000][18138.099s][debug][safepoint   ] Safepoint synchronization initiated using futex wait barrier. (179 threads)
[2025-06-06T17:06:59.398+0000][18138.101s][info ][safepoint   ] Safepoint "Cleanup", Time since last: 64034313821 ns, Reaching safepoint: 1474917 ns, Cleanup: 100041 ns, At safepoint: 19167 ns, Total: 1594125 ns
[2025-06-06T17:07:00.298+0000][18139.001s][debug][safepoint   ] Safepoint synchronization initiated using futex wait barrier. (179 threads)
[2025-06-06T17:07:00.299+0000][18139.002s][info ][gc,start    ] GC(164) Pause Young (Normal) (G1 Evacuation Pause)
[2025-06-06T17:07:00.299+0000][18139.002s][info ][gc,task     ] GC(164) Using 2 workers of 2 for evacuation
[2025-06-06T17:07:00.309+0000][18139.012s][info ][gc,phases   ] GC(164)   Pre Evacuate Collection Set: 0.7ms
[2025-06-06T17:07:00.309+0000][18139.012s][info ][gc,phases   ] GC(164)   Merge Heap Roots: 0.2ms
[2025-06-06T17:07:00.309+0000][18139.012s][info ][gc,phases   ] GC(164)   Evacuate Collection Set: 5.3ms
[2025-06-06T17:07:00.309+0000][18139.012s][info ][gc,phases   ] GC(164)   Post Evacuate Collection Set: 3.2ms
[2025-06-06T17:07:00.309+0000][18139.012s][info ][gc,phases   ] GC(164)   Other: 0.6ms
[2025-06-06T17:07:00.309+0000][18139.012s][info ][gc,heap     ] GC(164) Eden regions: 295->0(295)
[2025-06-06T17:07:00.310+0000][18139.012s][info ][gc,heap     ] GC(164) Survivor regions: 2->2(38)
[2025-06-06T17:07:00.310+0000][18139.013s][info ][gc,heap     ] GC(164) Old regions: 188->188
[2025-06-06T17:07:00.310+0000][18139.013s][info ][gc,heap     ] GC(164) Archive regions: 2->2
[2025-06-06T17:07:00.310+0000][18139.013s][info ][gc,heap     ] GC(164) Humongous regions: 0->0
[2025-06-06T17:07:00.310+0000][18139.013s][info ][gc,metaspace] GC(164) Metaspace: 185982K(187648K)->185982K(187648K) NonClass: 163745K(164608K)->163745K(164608K) Class: 22237K(23040K)->22237K(23040K)
[2025-06-06T17:07:00.310+0000][18139.013s][info ][gc          ] GC(164) Pause Young (Normal) (G1 Evacuation Pause) 484M->189M(544M) 10.976ms
[2025-06-06T17:07:00.310+0000][18139.013s][info ][gc,cpu      ] GC(164) User=0.02s Sys=0.00s Real=0.01s
[2025-06-06T17:07:00.310+0000][18139.013s][info ][safepoint   ] Safepoint "G1CollectForAllocation", Time since last: 900633334 ns, Reaching safepoint: 329750 ns, Cleanup: 13708 ns, At safepoint: 11617167 ns, Total: 11960625 ns
[2025-06-06T17:07:01.312+0000][18140.015s][debug][safepoint   ] Safepoint synchronization initiated using futex wait barrier. (179 threads)
[2025-06-06T17:07:01.313+0000][18140.016s][info ][safepoint   ] Safepoint "Cleanup", Time since last: 1001185375 ns, Reaching safepoint: 977917 ns, Cleanup: 84000 ns, At safepoint: 15042 ns, Total: 1076959 ns
[2025-06-06T17:08:36.395+0000][18235.096s][debug][safepoint   ] Safepoint synchronization initiated using futex wait barrier. (179 threads)
[2025-06-06T17:08:36.396+0000][18235.096s][info ][safepoint   ] Safepoint "Cleanup", Time since last: 95080180793 ns, Reaching safepoint: 509959 ns, Cleanup: 49375 ns, At safepoint: 32041 ns, Total: 591375 ns
[2025-06-06T17:09:09.474+0000][18268.173s][debug][safepoint   ] Safepoint synchronization initiated using futex wait barrier. (179 threads)
[2025-06-06T17:09:09.475+0000][18268.174s][info ][safepoint   ] Safepoint "Cleanup", Time since last: 33076764474 ns, Reaching safepoint: 1114708 ns, Cleanup: 43709 ns, At safepoint: 9500 ns, Total: 1167917 ns
[2025-06-06T17:09:10.478+0000][18269.177s][debug][safepoint   ] Safepoint synchronization initiated using futex wait barrier. (179 threads)
[2025-06-06T17:09:10.478+0000][18269.177s][info ][safepoint   ] Safepoint "Cleanup", Time since last: 1002719458 ns, Reaching safepoint: 229417 ns, Cleanup: 19250 ns, At safepoint: 4792 ns, Total: 253459 ns
[2025-06-06T17:09:10.746+0000][18269.445s][debug][safepoint   ] Safepoint synchronization initiated using futex wait barrier. (179 threads)
[2025-06-06T17:09:10.746+0000][18269.446s][info ][gc,start    ] GC(165) Pause Young (Normal) (G1 Evacuation Pause)
[2025-06-06T17:09:10.746+0000][18269.446s][info ][gc,task     ] GC(165) Using 2 workers of 2 for evacuation
[2025-06-06T17:09:10.750+0000][18269.450s][info ][gc,phases   ] GC(165)   Pre Evacuate Collection Set: 0.2ms
[2025-06-06T17:09:10.751+0000][18269.450s][info ][gc,phases   ] GC(165)   Merge Heap Roots: 0.1ms
[2025-06-06T17:09:10.751+0000][18269.450s][info ][gc,phases   ] GC(165)   Evacuate Collection Set: 2.6ms
[2025-06-06T17:09:10.751+0000][18269.450s][info ][gc,phases   ] GC(165)   Post Evacuate Collection Set: 1.3ms
[2025-06-06T17:09:10.751+0000][18269.450s][info ][gc,phases   ] GC(165)   Other: 0.2ms
[2025-06-06T17:09:10.751+0000][18269.450s][info ][gc,heap     ] GC(165) Eden regions: 295->0(295)
[2025-06-06T17:09:10.751+0000][18269.450s][info ][gc,heap     ] GC(165) Survivor regions: 2->2(38)
[2025-06-06T17:09:10.751+0000][18269.450s][info ][gc,heap     ] GC(165) Old regions: 188->188
[2025-06-06T17:09:10.751+0000][18269.450s][info ][gc,heap     ] GC(165) Archive regions: 2->2
[2025-06-06T17:09:10.751+0000][18269.450s][info ][gc,heap     ] GC(165) Humongous regions: 0->0
[2025-06-06T17:09:10.751+0000][18269.451s][info ][gc,metaspace] GC(165) Metaspace: 186033K(187648K)->186033K(187648K) NonClass: 163795K(164608K)->163795K(164608K) Class: 22237K(23040K)->22237K(23040K)
[2025-06-06T17:09:10.751+0000][18269.451s][info ][gc          ] GC(165) Pause Young (Normal) (G1 Evacuation Pause) 484M->190M(544M) 5.181ms
[2025-06-06T17:09:10.751+0000][18269.451s][info ][gc,cpu      ] GC(165) User=0.01s Sys=0.00s Real=0.00s
[2025-06-06T17:09:10.752+0000][18269.451s][info ][safepoint   ] Safepoint "G1CollectForAllocation", Time since last: 268046625 ns, Reaching safepoint: 148666 ns, Cleanup: 4709 ns, At safepoint: 5492625 ns, Total: 5646000 ns
[2025-06-06T17:09:18.487+0000][18277.186s][debug][safepoint   ] Safepoint synchronization initiated using futex wait barrier. (179 threads)
[2025-06-06T17:09:18.488+0000][18277.187s][info ][safepoint   ] Safepoint "Cleanup", Time since last: 7735263087 ns, Reaching safepoint: 650416 ns, Cleanup: 62875 ns, At safepoint: 10709 ns, Total: 724000 ns
[2025-06-06T17:09:37.530+0000][18296.229s][debug][safepoint   ] Safepoint synchronization initiated using futex wait barrier. (179 threads)
[2025-06-06T17:09:37.532+0000][18296.230s][info ][safepoint   ] Safepoint "Cleanup", Time since last: 19041790675 ns, Reaching safepoint: 1574000 ns, Cleanup: 74083 ns, At safepoint: 19625 ns, Total: 1667708 ns
[2025-06-06T17:09:46.546+0000][18305.245s][debug][safepoint   ] Safepoint synchronization initiated using futex wait barrier. (179 threads)
[2025-06-06T17:09:46.547+0000][18305.246s][info ][safepoint   ] Safepoint "Cleanup", Time since last: 9014139380 ns, Reaching safepoint: 860541 ns, Cleanup: 101209 ns, At safepoint: 17958 ns, Total: 979708 ns
[2025-06-06T17:09:48.549+0000][18307.248s][debug][safepoint   ] Safepoint synchronization initiated using futex wait barrier. (179 threads)
[2025-06-06T17:09:48.551+0000][18307.249s][info ][safepoint   ] Safepoint "Cleanup", Time since last: 2002106917 ns, Reaching safepoint: 1421959 ns, Cleanup: 85125 ns, At safepoint: 28041 ns, Total: 1535125 ns
[2025-06-06T17:10:00.585+0000][18319.283s][debug][safepoint   ] Safepoint synchronization initiated using futex wait barrier. (179 threads)
[2025-06-06T17:10:00.586+0000][18319.284s][info ][safepoint   ] Safepoint "Cleanup", Time since last: 12033999131 ns, Reaching safepoint: 1143250 ns, Cleanup: 53167 ns, At safepoint: 15375 ns, Total: 1211792 ns
[2025-06-06T17:10:05.594+0000][18324.291s][debug][safepoint   ] Safepoint synchronization initiated using futex wait barrier. (179 threads)
[2025-06-06T17:10:05.594+0000][18324.292s][info ][safepoint   ] Safepoint "Cleanup", Time since last: 5006807876 ns, Reaching safepoint: 290542 ns, Cleanup: 25250 ns, At safepoint: 5458 ns, Total: 321250 ns
[2025-06-06T17:10:16.519+0000][18335.217s][debug][safepoint   ] Safepoint synchronization initiated using futex wait barrier. (179 threads)
[2025-06-06T17:10:16.523+0000][18335.221s][info ][safepoint   ] Safepoint "Cleanup", Time since last: 10925431589 ns, Reaching safepoint: 4018292 ns, Cleanup: 72875 ns, At safepoint: 14916 ns, Total: 4106083 ns
[2025-06-06T17:10:28.543+0000][18347.241s][debug][safepoint   ] Safepoint synchronization initiated using futex wait barrier. (179 threads)
[2025-06-06T17:10:28.544+0000][18347.242s][info ][safepoint   ] Safepoint "Cleanup", Time since last: 12019942923 ns, Reaching safepoint: 625500 ns, Cleanup: 55000 ns, At safepoint: 7791 ns, Total: 688291 ns
[2025-06-06T17:10:34.229+0000][18352.927s][debug][safepoint   ] Safepoint synchronization initiated using futex wait barrier. (179 threads)
[2025-06-06T17:10:34.229+0000][18352.927s][info ][gc,start    ] GC(166) Pause Young (Concurrent Start) (G1 Humongous Allocation)
[2025-06-06T17:10:34.230+0000][18352.927s][info ][gc,task     ] GC(166) Using 2 workers of 2 for evacuation
[2025-06-06T17:10:34.236+0000][18352.934s][info ][gc,phases   ] GC(166)   Pre Evacuate Collection Set: 0.7ms
[2025-06-06T17:10:34.236+0000][18352.934s][info ][gc,phases   ] GC(166)   Merge Heap Roots: 0.1ms
[2025-06-06T17:10:34.236+0000][18352.934s][info ][gc,phases   ] GC(166)   Evacuate Collection Set: 3.8ms
[2025-06-06T17:10:34.236+0000][18352.934s][info ][gc,phases   ] GC(166)   Post Evacuate Collection Set: 1.4ms
[2025-06-06T17:10:34.236+0000][18352.934s][info ][gc,phases   ] GC(166)   Other: 0.6ms
[2025-06-06T17:10:34.237+0000][18352.934s][info ][gc,heap     ] GC(166) Eden regions: 238->0(293)
[2025-06-06T17:10:34.237+0000][18352.934s][info ][gc,heap     ] GC(166) Survivor regions: 2->2(38)
[2025-06-06T17:10:34.237+0000][18352.934s][info ][gc,heap     ] GC(166) Old regions: 188->188
[2025-06-06T17:10:34.237+0000][18352.934s][info ][gc,heap     ] GC(166) Archive regions: 2->2
[2025-06-06T17:10:34.237+0000][18352.934s][info ][gc,heap     ] GC(166) Humongous regions: 20->2
[2025-06-06T17:10:34.237+0000][18352.934s][info ][gc,metaspace] GC(166) Metaspace: 186151K(187776K)->186151K(187776K) NonClass: 163912K(164736K)->163912K(164736K) Class: 22238K(23040K)->22238K(23040K)
[2025-06-06T17:10:34.237+0000][18352.935s][info ][gc          ] GC(166) Pause Young (Concurrent Start) (G1 Humongous Allocation) 447M->192M(544M) 7.433ms
[2025-06-06T17:10:34.237+0000][18352.935s][info ][gc,cpu      ] GC(166) User=0.01s Sys=0.00s Real=0.01s
[2025-06-06T17:10:34.237+0000][18352.935s][info ][gc          ] GC(167) Concurrent Undo Cycle
[2025-06-06T17:10:34.237+0000][18352.935s][info ][gc,marking  ] GC(167) Concurrent Cleanup for Next Mark
[2025-06-06T17:10:34.237+0000][18352.935s][info ][safepoint   ] Safepoint "G1TryInitiateConcMark", Time since last: 5685080045 ns, Reaching safepoint: 187541 ns, Cleanup: 68500 ns, At safepoint: 7727667 ns, Total: 7983708 ns
[2025-06-06T17:10:34.240+0000][18352.938s][info ][gc,marking  ] GC(167) Concurrent Cleanup for Next Mark 2.650ms
[2025-06-06T17:10:34.240+0000][18352.938s][info ][gc          ] GC(167) Concurrent Undo Cycle 3.109ms
[2025-06-06T17:10:35.238+0000][18353.935s][debug][safepoint   ] Safepoint synchronization initiated using futex wait barrier. (187 threads)
[2025-06-06T17:10:35.238+0000][18353.936s][info ][safepoint   ] Safepoint "Cleanup", Time since last: 1000512459 ns, Reaching safepoint: 216291 ns, Cleanup: 78334 ns, At safepoint: 6208 ns, Total: 300833 ns
[2025-06-06T17:10:36.248+0000][18354.945s][debug][safepoint   ] Safepoint synchronization initiated using futex wait barrier. (187 threads)
[2025-06-06T17:10:36.253+0000][18354.950s][info ][safepoint   ] Safepoint "Cleanup", Time since last: 1009345875 ns, Reaching safepoint: 4381250 ns, Cleanup: 388542 ns, At safepoint: 27625 ns, Total: 4797417 ns
[2025-06-06T17:10:40.260+0000][18358.956s][debug][safepoint   ] Safepoint synchronization initiated using futex wait barrier. (187 threads)
[2025-06-06T17:10:40.260+0000][18358.957s][info ][safepoint   ] Safepoint "Cleanup", Time since last: 4006510960 ns, Reaching safepoint: 659917 ns, Cleanup: 57875 ns, At safepoint: 11333 ns, Total: 729125 ns
[2025-06-06T17:10:42.265+0000][18360.962s][debug][safepoint   ] Safepoint synchronization initiated using futex wait barrier. (187 threads)
[2025-06-06T17:10:42.266+0000][18360.963s][info ][safepoint   ] Safepoint "Cleanup", Time since last: 2004610709 ns, Reaching safepoint: 903917 ns, Cleanup: 224875 ns, At safepoint: 264917 ns, Total: 1393709 ns
[2025-06-06T17:10:44.270+0000][18362.967s][debug][safepoint   ] Safepoint synchronization initiated using futex wait barrier. (187 threads)
[2025-06-06T17:10:44.272+0000][18362.968s][info ][safepoint   ] Safepoint "Cleanup", Time since last: 2004082667 ns, Reaching safepoint: 1010917 ns, Cleanup: 139167 ns, At safepoint: 17250 ns, Total: 1167334 ns
[2025-06-06T17:10:45.273+0000][18363.970s][debug][safepoint   ] Safepoint synchronization initiated using futex wait barrier. (187 threads)
[2025-06-06T17:10:45.276+0000][18363.972s][info ][safepoint   ] Safepoint "Cleanup", Time since last: 1001545792 ns, Reaching safepoint: 2161167 ns, Cleanup: 300625 ns, At safepoint: 12666 ns, Total: 2474458 ns
[2025-06-06T17:10:46.279+0000][18364.975s][debug][safepoint   ] Safepoint synchronization initiated using futex wait barrier. (187 threads)
[2025-06-06T17:10:46.280+0000][18364.976s][info ][safepoint   ] Safepoint "Cleanup", Time since last: 1003091667 ns, Reaching safepoint: 844959 ns, Cleanup: 41166 ns, At safepoint: 8000 ns, Total: 894125 ns
[2025-06-06T17:10:47.283+0000][18365.979s][debug][safepoint   ] Safepoint synchronization initiated using futex wait barrier. (187 threads)
[2025-06-06T17:10:47.283+0000][18365.980s][info ][safepoint   ] Safepoint "Cleanup", Time since last: 1003122543 ns, Reaching safepoint: 233500 ns, Cleanup: 41500 ns, At safepoint: 3833 ns, Total: 278833 ns
[2025-06-06T17:10:48.284+0000][18366.980s][debug][safepoint   ] Safepoint synchronization initiated using futex wait barrier. (187 threads)
[2025-06-06T17:10:48.284+0000][18366.981s][info ][safepoint   ] Safepoint "Cleanup", Time since last: 1000755959 ns, Reaching safepoint: 403833 ns, Cleanup: 42958 ns, At safepoint: 8250 ns, Total: 455041 ns
[2025-06-06T17:10:56.296+0000][18374.992s][debug][safepoint   ] Safepoint synchronization initiated using futex wait barrier. (187 threads)
[2025-06-06T17:10:56.296+0000][18374.993s][info ][safepoint   ] Safepoint "Cleanup", Time since last: 8011435588 ns, Reaching safepoint: 549083 ns, Cleanup: 56542 ns, At safepoint: 6708 ns, Total: 612333 ns
[2025-06-06T17:10:57.298+0000][18375.995s][debug][safepoint   ] Safepoint synchronization initiated using futex wait barrier. (187 threads)
[2025-06-06T17:10:57.298+0000][18375.995s][info ][safepoint   ] Safepoint "Cleanup", Time since last: 1001618667 ns, Reaching safepoint: 172708 ns, Cleanup: 15334 ns, At safepoint: 2291 ns, Total: 190333 ns
[2025-06-06T17:11:10.324+0000][18389.021s][debug][safepoint   ] Safepoint synchronization initiated using futex wait barrier. (187 threads)
[2025-06-06T17:11:10.325+0000][18389.022s][info ][safepoint   ] Safepoint "Cleanup", Time since last: 13026041631 ns, Reaching safepoint: 1101041 ns, Cleanup: 80209 ns, At safepoint: 13583 ns, Total: 1194833 ns
[2025-06-06T17:11:35.788+0000][18414.484s][debug][safepoint   ] Safepoint synchronization initiated using futex wait barrier. (187 threads)
[2025-06-06T17:11:35.789+0000][18414.485s][info ][safepoint   ] Safepoint "Cleanup", Time since last: 25462264178 ns, Reaching safepoint: 706833 ns, Cleanup: 54292 ns, At safepoint: 9041 ns, Total: 770166 ns
[2025-06-06T17:11:42.797+0000][18421.493s][debug][safepoint   ] Safepoint synchronization initiated using futex wait barrier. (187 threads)
[2025-06-06T17:11:42.798+0000][18421.494s][info ][safepoint   ] Safepoint "Cleanup", Time since last: 7008394045 ns, Reaching safepoint: 871709 ns, Cleanup: 56333 ns, At safepoint: 9917 ns, Total: 937959 ns
[2025-06-06T17:12:03.817+0000][18442.514s][debug][safepoint   ] Safepoint synchronization initiated using futex wait barrier. (186 threads)
[2025-06-06T17:12:03.821+0000][18442.517s][info ][gc,start    ] GC(168) Pause Young (Normal) (G1 Evacuation Pause)
[2025-06-06T17:12:03.821+0000][18442.518s][info ][gc,task     ] GC(168) Using 2 workers of 2 for evacuation
[2025-06-06T17:12:03.847+0000][18442.543s][info ][gc,phases   ] GC(168)   Pre Evacuate Collection Set: 1.3ms
[2025-06-06T17:12:03.847+0000][18442.543s][info ][gc,phases   ] GC(168)   Merge Heap Roots: 0.4ms
[2025-06-06T17:12:03.847+0000][18442.544s][info ][gc,phases   ] GC(168)   Evacuate Collection Set: 18.8ms
[2025-06-06T17:12:03.847+0000][18442.544s][info ][gc,phases   ] GC(168)   Post Evacuate Collection Set: 4.5ms
[2025-06-06T17:12:03.848+0000][18442.544s][info ][gc,phases   ] GC(168)   Other: 1.4ms
[2025-06-06T17:12:03.848+0000][18442.544s][info ][gc,heap     ] GC(168) Eden regions: 293->0(295)
[2025-06-06T17:12:03.848+0000][18442.544s][info ][gc,heap     ] GC(168) Survivor regions: 2->2(37)
[2025-06-06T17:12:03.848+0000][18442.544s][info ][gc,heap     ] GC(168) Old regions: 188->188
[2025-06-06T17:12:03.848+0000][18442.544s][info ][gc,heap     ] GC(168) Archive regions: 2->2
[2025-06-06T17:12:03.848+0000][18442.544s][info ][gc,heap     ] GC(168) Humongous regions: 12->0
[2025-06-06T17:12:03.848+0000][18442.544s][info ][gc,metaspace] GC(168) Metaspace: 186231K(187840K)->186231K(187840K) NonClass: 163984K(164800K)->163984K(164800K) Class: 22247K(23040K)->22247K(23040K)
[2025-06-06T17:12:03.848+0000][18442.545s][info ][gc          ] GC(168) Pause Young (Normal) (G1 Evacuation Pause) 495M->190M(544M) 27.574ms
[2025-06-06T17:12:03.848+0000][18442.545s][info ][gc,cpu      ] GC(168) User=0.05s Sys=0.00s Real=0.03s
[2025-06-06T17:12:03.849+0000][18442.545s][info ][safepoint   ] Safepoint "G1CollectForAllocation", Time since last: 21019324218 ns, Reaching safepoint: 3036458 ns, Cleanup: 31417 ns, At safepoint: 28664917 ns, Total: 31732792 ns
[2025-06-06T17:12:04.850+0000][18443.547s][debug][safepoint   ] Safepoint synchronization initiated using futex wait barrier. (186 threads)
[2025-06-06T17:12:04.852+0000][18443.548s][info ][safepoint   ] Safepoint "Cleanup", Time since last: 1001164375 ns, Reaching safepoint: 1255292 ns, Cleanup: 110792 ns, At safepoint: 16958 ns, Total: 1383042 ns
[2025-06-06T17:12:05.856+0000][18444.551s][debug][safepoint   ] Safepoint synchronization initiated using futex wait barrier. (186 threads)
[2025-06-06T17:12:05.858+0000][18444.553s][info ][safepoint   ] Safepoint "Cleanup", Time since last: 1003201875 ns, Reaching safepoint: 1878042 ns, Cleanup: 131125 ns, At safepoint: 56583 ns, Total: 2065750 ns
[2025-06-06T17:12:12.872+0000][18451.567s][debug][safepoint   ] Safepoint synchronization initiated using futex wait barrier. (186 threads)
[2025-06-06T17:12:12.873+0000][18451.568s][info ][safepoint   ] Safepoint "Cleanup", Time since last: 7014215795 ns, Reaching safepoint: 872792 ns, Cleanup: 61708 ns, At safepoint: 10708 ns, Total: 945208 ns
[2025-06-06T17:13:01.840+0000][18500.534s][debug][safepoint   ] Safepoint synchronization initiated using futex wait barrier. (185 threads)
[2025-06-06T17:13:01.843+0000][18500.537s][info ][safepoint   ] Safepoint "Cleanup", Time since last: 48965965606 ns, Reaching safepoint: 2966167 ns, Cleanup: 100917 ns, At safepoint: 13291 ns, Total: 3080375 ns
[2025-06-06T17:13:02.845+0000][18501.540s][debug][safepoint   ] Safepoint synchronization initiated using futex wait barrier. (185 threads)
[2025-06-06T17:13:02.846+0000][18501.540s][info ][safepoint   ] Safepoint "Cleanup", Time since last: 1002281668 ns, Reaching safepoint: 383500 ns, Cleanup: 37375 ns, At safepoint: 5833 ns, Total: 426708 ns
[2025-06-06T17:13:15.804+0000][18514.497s][debug][safepoint   ] Safepoint synchronization initiated using futex wait barrier. (185 threads)
[2025-06-06T17:13:15.805+0000][18514.498s][info ][safepoint   ] Safepoint "Cleanup", Time since last: 12956894089 ns, Reaching safepoint: 1073083 ns, Cleanup: 51208 ns, At safepoint: 94042 ns, Total: 1218333 ns
[2025-06-06T17:13:17.808+0000][18516.501s][debug][safepoint   ] Safepoint synchronization initiated using futex wait barrier. (185 threads)
[2025-06-06T17:13:17.809+0000][18516.503s][info ][safepoint   ] Safepoint "Cleanup", Time since last: 2003121418 ns, Reaching safepoint: 1264375 ns, Cleanup: 19333 ns, At safepoint: 4375 ns, Total: 1288083 ns
[2025-06-06T17:13:25.820+0000][18524.513s][debug][safepoint   ] Safepoint synchronization initiated using futex wait barrier. (185 threads)
[2025-06-06T17:13:25.821+0000][18524.515s][info ][safepoint   ] Safepoint "Cleanup", Time since last: 8010647754 ns, Reaching safepoint: 1425583 ns, Cleanup: 80375 ns, At safepoint: 16042 ns, Total: 1522000 ns
[2025-06-06T17:13:29.830+0000][18528.523s][debug][safepoint   ] Safepoint synchronization initiated using futex wait barrier. (185 threads)
[2025-06-06T17:13:29.830+0000][18528.523s][info ][safepoint   ] Safepoint "Cleanup", Time since last: 4008197169 ns, Reaching safepoint: 375500 ns, Cleanup: 29000 ns, At safepoint: 6041 ns, Total: 410541 ns
[2025-06-06T17:13:43.851+0000][18542.543s][debug][safepoint   ] Safepoint synchronization initiated using futex wait barrier. (185 threads)
[2025-06-06T17:13:43.853+0000][18542.545s][info ][safepoint   ] Safepoint "Cleanup", Time since last: 14019862465 ns, Reaching safepoint: 1829291 ns, Cleanup: 37750 ns, At safepoint: 70584 ns, Total: 1937625 ns
[2025-06-06T17:14:11.898+0000][18570.590s][debug][safepoint   ] Safepoint synchronization initiated using futex wait barrier. (184 threads)
[2025-06-06T17:14:11.899+0000][18570.591s][info ][safepoint   ] Safepoint "Cleanup", Time since last: 28044858595 ns, Reaching safepoint: 1009250 ns, Cleanup: 28042 ns, At safepoint: 6875 ns, Total: 1044167 ns
[2025-06-06T17:14:15.828+0000][18574.520s][debug][safepoint   ] Safepoint synchronization initiated using futex wait barrier. (184 threads)
[2025-06-06T17:14:15.828+0000][18574.521s][info ][gc,start    ] GC(169) Pause Young (Normal) (G1 Evacuation Pause)
[2025-06-06T17:14:15.829+0000][18574.521s][info ][gc,task     ] GC(169) Using 2 workers of 2 for evacuation
[2025-06-06T17:14:15.838+0000][18574.530s][info ][gc,phases   ] GC(169)   Pre Evacuate Collection Set: 0.4ms
[2025-06-06T17:14:15.838+0000][18574.531s][info ][gc,phases   ] GC(169)   Merge Heap Roots: 0.2ms
[2025-06-06T17:14:15.838+0000][18574.531s][info ][gc,phases   ] GC(169)   Evacuate Collection Set: 5.7ms
[2025-06-06T17:14:15.838+0000][18574.531s][info ][gc,phases   ] GC(169)   Post Evacuate Collection Set: 2.9ms
[2025-06-06T17:14:15.839+0000][18574.531s][info ][gc,phases   ] GC(169)   Other: 0.5ms
[2025-06-06T17:14:15.839+0000][18574.531s][info ][gc,heap     ] GC(169) Eden regions: 295->0(295)
[2025-06-06T17:14:15.839+0000][18574.531s][info ][gc,heap     ] GC(169) Survivor regions: 2->2(38)
[2025-06-06T17:14:15.839+0000][18574.531s][info ][gc,heap     ] GC(169) Old regions: 188->188
[2025-06-06T17:14:15.839+0000][18574.531s][info ][gc,heap     ] GC(169) Archive regions: 2->2
[2025-06-06T17:14:15.839+0000][18574.531s][info ][gc,heap     ] GC(169) Humongous regions: 0->0
[2025-06-06T17:14:15.839+0000][18574.531s][info ][gc,metaspace] GC(169) Metaspace: 186242K(187840K)->186242K(187840K) NonClass: 163995K(164800K)->163995K(164800K) Class: 22247K(23040K)->22247K(23040K)
[2025-06-06T17:14:15.839+0000][18574.531s][info ][gc          ] GC(169) Pause Young (Normal) (G1 Evacuation Pause) 485M->190M(544M) 10.504ms
[2025-06-06T17:14:15.839+0000][18574.531s][info ][gc,cpu      ] GC(169) User=0.02s Sys=0.00s Real=0.02s
[2025-06-06T17:14:15.839+0000][18574.531s][info ][safepoint   ] Safepoint "G1CollectForAllocation", Time since last: 3929009793 ns, Reaching safepoint: 442834 ns, Cleanup: 18291 ns, At safepoint: 10899001 ns, Total: 11360126 ns
[2025-06-06T17:14:16.840+0000][18575.532s][debug][safepoint   ] Safepoint synchronization initiated using futex wait barrier. (184 threads)
[2025-06-06T17:14:16.840+0000][18575.533s][info ][safepoint   ] Safepoint "Cleanup", Time since last: 1000773583 ns, Reaching safepoint: 376000 ns, Cleanup: 47167 ns, At safepoint: 4583 ns, Total: 427750 ns
[2025-06-06T17:14:25.851+0000][18584.544s][debug][safepoint   ] Safepoint synchronization initiated using futex wait barrier. (184 threads)
[2025-06-06T17:14:25.852+0000][18584.545s][info ][safepoint   ] Safepoint "Cleanup", Time since last: 9010859838 ns, Reaching safepoint: 1080542 ns, Cleanup: 70166 ns, At safepoint: 10375 ns, Total: 1161083 ns
[2025-06-06T17:14:27.855+0000][18586.547s][debug][safepoint   ] Safepoint synchronization initiated using futex wait barrier. (184 threads)
[2025-06-06T17:14:27.856+0000][18586.549s][info ][safepoint   ] Safepoint "Cleanup", Time since last: 2002205293 ns, Reaching safepoint: 1534500 ns, Cleanup: 86208 ns, At safepoint: 17334 ns, Total: 1638042 ns
[2025-06-06T17:14:54.935+0000][18613.626s][debug][safepoint   ] Safepoint synchronization initiated using futex wait barrier. (183 threads)
[2025-06-06T17:14:54.935+0000][18613.627s][info ][safepoint   ] Safepoint "Cleanup", Time since last: 27077960970 ns, Reaching safepoint: 425375 ns, Cleanup: 33584 ns, At safepoint: 6875 ns, Total: 465834 ns
[2025-06-06T17:15:07.959+0000][18626.649s][debug][safepoint   ] Safepoint synchronization initiated using futex wait barrier. (186 threads)
[2025-06-06T17:15:07.960+0000][18626.651s][info ][safepoint   ] Safepoint "Cleanup", Time since last: 13022515005 ns, Reaching safepoint: 969875 ns, Cleanup: 146250 ns, At safepoint: 12083 ns, Total: 1128208 ns
[2025-06-06T17:16:21.250+0000][18699.939s][debug][safepoint   ] Safepoint synchronization initiated using futex wait barrier. (182 threads)
[2025-06-06T17:16:21.252+0000][18699.941s][info ][gc,start    ] GC(170) Pause Young (Normal) (G1 Evacuation Pause)
[2025-06-06T17:16:21.252+0000][18699.942s][info ][gc,task     ] GC(170) Using 2 workers of 2 for evacuation
[2025-06-06T17:16:21.259+0000][18699.948s][info ][gc,phases   ] GC(170)   Pre Evacuate Collection Set: 0.4ms
[2025-06-06T17:16:21.259+0000][18699.948s][info ][gc,phases   ] GC(170)   Merge Heap Roots: 0.4ms
[2025-06-06T17:16:21.259+0000][18699.948s][info ][gc,phases   ] GC(170)   Evacuate Collection Set: 3.7ms
[2025-06-06T17:16:21.259+0000][18699.948s][info ][gc,phases   ] GC(170)   Post Evacuate Collection Set: 1.4ms
[2025-06-06T17:16:21.259+0000][18699.948s][info ][gc,phases   ] GC(170)   Other: 1.1ms
[2025-06-06T17:16:21.259+0000][18699.948s][info ][gc,heap     ] GC(170) Eden regions: 295->0(295)
[2025-06-06T17:16:21.259+0000][18699.948s][info ][gc,heap     ] GC(170) Survivor regions: 2->2(38)
[2025-06-06T17:16:21.259+0000][18699.948s][info ][gc,heap     ] GC(170) Old regions: 188->188
[2025-06-06T17:16:21.259+0000][18699.949s][info ][gc,heap     ] GC(170) Archive regions: 2->2
[2025-06-06T17:16:21.260+0000][18699.949s][info ][gc,heap     ] GC(170) Humongous regions: 0->0
[2025-06-06T17:16:21.260+0000][18699.949s][info ][gc,metaspace] GC(170) Metaspace: 186250K(187840K)->186250K(187840K) NonClass: 164002K(164800K)->164002K(164800K) Class: 22247K(23040K)->22247K(23040K)
[2025-06-06T17:16:21.260+0000][18699.949s][info ][gc          ] GC(170) Pause Young (Normal) (G1 Evacuation Pause) 485M->190M(544M) 7.793ms
[2025-06-06T17:16:21.260+0000][18699.949s][info ][gc,cpu      ] GC(170) User=0.01s Sys=0.00s Real=0.01s
[2025-06-06T17:16:21.260+0000][18699.949s][info ][safepoint   ] Safepoint "G1CollectForAllocation", Time since last: 73288567242 ns, Reaching safepoint: 1733292 ns, Cleanup: 6292 ns, At safepoint: 8472166 ns, Total: 10211750 ns
[2025-06-06T17:17:09.340+0000][18748.027s][debug][safepoint   ] Safepoint synchronization initiated using futex wait barrier. (181 threads)
[2025-06-06T17:17:09.341+0000][18748.028s][info ][safepoint   ] Safepoint "Cleanup", Time since last: 48077180147 ns, Reaching safepoint: 1844792 ns, Cleanup: 35333 ns, At safepoint: 8792 ns, Total: 1888917 ns
[2025-06-06T17:17:10.344+0000][18749.031s][debug][safepoint   ] Safepoint synchronization initiated using futex wait barrier. (187 threads)
[2025-06-06T17:17:10.349+0000][18749.036s][info ][safepoint   ] Safepoint "Cleanup", Time since last: 1002467542 ns, Reaching safepoint: 5044542 ns, Cleanup: 281208 ns, At safepoint: 11417 ns, Total: 5337167 ns
[2025-06-06T17:17:22.145+0000][18760.832s][debug][safepoint   ] Safepoint synchronization initiated using futex wait barrier. (188 threads)
[2025-06-06T17:17:22.148+0000][18760.835s][info ][safepoint   ] Safepoint "Cleanup", Time since last: 11796025047 ns, Reaching safepoint: 2512708 ns, Cleanup: 206458 ns, At safepoint: 11959 ns, Total: 2731125 ns
[2025-06-06T17:17:24.151+0000][18762.838s][debug][safepoint   ] Safepoint synchronization initiated using futex wait barrier. (188 threads)
[2025-06-06T17:17:24.152+0000][18762.839s][info ][safepoint   ] Safepoint "Cleanup", Time since last: 2002742584 ns, Reaching safepoint: 1580667 ns, Cleanup: 141000 ns, At safepoint: 23791 ns, Total: 1745458 ns
[2025-06-06T17:17:27.158+0000][18765.845s][debug][safepoint   ] Safepoint synchronization initiated using futex wait barrier. (188 threads)
[2025-06-06T17:17:27.159+0000][18765.846s][info ][safepoint   ] Safepoint "Cleanup", Time since last: 3005063419 ns, Reaching safepoint: 1021166 ns, Cleanup: 158167 ns, At safepoint: 15875 ns, Total: 1195208 ns
[2025-06-06T17:17:29.163+0000][18767.850s][debug][safepoint   ] Safepoint synchronization initiated using futex wait barrier. (191 threads)
[2025-06-06T17:17:29.165+0000][18767.852s][info ][safepoint   ] Safepoint "Cleanup", Time since last: 2003833543 ns, Reaching safepoint: 1262125 ns, Cleanup: 213625 ns, At safepoint: 969291 ns, Total: 2445041 ns
[2025-06-06T17:17:36.175+0000][18774.861s][debug][safepoint   ] Safepoint synchronization initiated using futex wait barrier. (191 threads)
[2025-06-06T17:17:36.178+0000][18774.864s][info ][safepoint   ] Safepoint "Cleanup", Time since last: 7009397878 ns, Reaching safepoint: 2254292 ns, Cleanup: 64292 ns, At safepoint: 14166 ns, Total: 2332750 ns
[2025-06-06T17:17:41.188+0000][18779.874s][debug][safepoint   ] Safepoint synchronization initiated using futex wait barrier. (191 threads)
[2025-06-06T17:17:41.188+0000][18779.875s][info ][safepoint   ] Safepoint "Cleanup", Time since last: 5010101544 ns, Reaching safepoint: 598125 ns, Cleanup: 35542 ns, At safepoint: 13167 ns, Total: 646834 ns
[2025-06-06T17:17:42.611+0000][18781.297s][debug][safepoint   ] Safepoint synchronization initiated using futex wait barrier. (191 threads)
[2025-06-06T17:17:42.613+0000][18781.299s][info ][gc,start    ] GC(171) Pause Young (Normal) (G1 Evacuation Pause)
[2025-06-06T17:17:42.613+0000][18781.299s][info ][gc,task     ] GC(171) Using 2 workers of 2 for evacuation
[2025-06-06T17:17:42.624+0000][18781.310s][info ][gc,phases   ] GC(171)   Pre Evacuate Collection Set: 0.8ms
[2025-06-06T17:17:42.625+0000][18781.311s][info ][gc,phases   ] GC(171)   Merge Heap Roots: 0.4ms
[2025-06-06T17:17:42.625+0000][18781.311s][info ][gc,phases   ] GC(171)   Evacuate Collection Set: 6.7ms
[2025-06-06T17:17:42.625+0000][18781.311s][info ][gc,phases   ] GC(171)   Post Evacuate Collection Set: 2.8ms
[2025-06-06T17:17:42.625+0000][18781.311s][info ][gc,phases   ] GC(171)   Other: 1.3ms
[2025-06-06T17:17:42.625+0000][18781.311s][info ][gc,heap     ] GC(171) Eden regions: 295->0(293)
[2025-06-06T17:17:42.625+0000][18781.311s][info ][gc,heap     ] GC(171) Survivor regions: 2->3(38)
[2025-06-06T17:17:42.625+0000][18781.312s][info ][gc,heap     ] GC(171) Old regions: 188->188
[2025-06-06T17:17:42.626+0000][18781.312s][info ][gc,heap     ] GC(171) Archive regions: 2->2
[2025-06-06T17:17:42.626+0000][18781.312s][info ][gc,heap     ] GC(171) Humongous regions: 20->0
[2025-06-06T17:17:42.626+0000][18781.312s][info ][gc,metaspace] GC(171) Metaspace: 186324K(187968K)->186324K(187968K) NonClass: 164067K(164864K)->164067K(164864K) Class: 22256K(23104K)->22256K(23104K)
[2025-06-06T17:17:42.626+0000][18781.312s][info ][gc          ] GC(171) Pause Young (Normal) (G1 Evacuation Pause) 505M->191M(544M) 13.218ms
[2025-06-06T17:17:42.626+0000][18781.312s][info ][gc,cpu      ] GC(171) User=0.02s Sys=0.00s Real=0.02s
[2025-06-06T17:17:42.626+0000][18781.313s][info ][safepoint   ] Safepoint "G1CollectForAllocation", Time since last: 1422457334 ns, Reaching safepoint: 1534875 ns, Cleanup: 40375 ns, At safepoint: 14011875 ns, Total: 15587125 ns
[2025-06-06T17:17:46.632+0000][18785.319s][debug][safepoint   ] Safepoint synchronization initiated using futex wait barrier. (191 threads)
[2025-06-06T17:17:46.634+0000][18785.320s][info ][safepoint   ] Safepoint "Cleanup", Time since last: 4006079543 ns, Reaching safepoint: 1143417 ns, Cleanup: 113292 ns, At safepoint: 20333 ns, Total: 1277042 ns
[2025-06-06T17:17:48.638+0000][18787.324s][debug][safepoint   ] Safepoint synchronization initiated using futex wait barrier. (192 threads)
[2025-06-06T17:17:48.640+0000][18787.326s][info ][safepoint   ] Safepoint "Cleanup", Time since last: 2004191001 ns, Reaching safepoint: 1652666 ns, Cleanup: 106042 ns, At safepoint: 14542 ns, Total: 1773250 ns
[2025-06-06T17:18:25.401+0000][18824.087s][debug][safepoint   ] Safepoint synchronization initiated using futex wait barrier. (192 threads)
[2025-06-06T17:18:25.402+0000][18824.088s][info ][safepoint   ] Safepoint "Cleanup", Time since last: 36761414517 ns, Reaching safepoint: 924042 ns, Cleanup: 183958 ns, At safepoint: 32792 ns, Total: 1140792 ns
[2025-06-06T17:19:47.765+0000][18906.449s][debug][safepoint   ] Safepoint synchronization initiated using futex wait barrier. (188 threads)
[2025-06-06T17:19:47.767+0000][18906.451s][info ][gc,start    ] GC(172) Pause Young (Normal) (G1 Evacuation Pause)
[2025-06-06T17:19:47.767+0000][18906.451s][info ][gc,task     ] GC(172) Using 2 workers of 2 for evacuation
[2025-06-06T17:19:47.780+0000][18906.464s][info ][gc,phases   ] GC(172)   Pre Evacuate Collection Set: 0.5ms
[2025-06-06T17:19:47.780+0000][18906.464s][info ][gc,phases   ] GC(172)   Merge Heap Roots: 0.2ms
[2025-06-06T17:19:47.780+0000][18906.464s][info ][gc,phases   ] GC(172)   Evacuate Collection Set: 7.9ms
[2025-06-06T17:19:47.781+0000][18906.465s][info ][gc,phases   ] GC(172)   Post Evacuate Collection Set: 3.6ms
[2025-06-06T17:19:47.781+0000][18906.465s][info ][gc,phases   ] GC(172)   Other: 0.7ms
[2025-06-06T17:19:47.781+0000][18906.465s][info ][gc,heap     ] GC(172) Eden regions: 293->0(293)
[2025-06-06T17:19:47.781+0000][18906.465s][info ][gc,heap     ] GC(172) Survivor regions: 3->3(37)
[2025-06-06T17:19:47.781+0000][18906.465s][info ][gc,heap     ] GC(172) Old regions: 188->188
[2025-06-06T17:19:47.781+0000][18906.465s][info ][gc,heap     ] GC(172) Archive regions: 2->2
[2025-06-06T17:19:47.781+0000][18906.465s][info ][gc,heap     ] GC(172) Humongous regions: 0->0
[2025-06-06T17:19:47.781+0000][18906.465s][info ][gc,metaspace] GC(172) Metaspace: 186352K(188032K)->186352K(188032K) NonClass: 164096K(164928K)->164096K(164928K) Class: 22256K(23104K)->22256K(23104K)
[2025-06-06T17:19:47.781+0000][18906.465s][info ][gc          ] GC(172) Pause Young (Normal) (G1 Evacuation Pause) 484M->191M(544M) 14.465ms
[2025-06-06T17:19:47.782+0000][18906.466s][info ][gc,cpu      ] GC(172) User=0.03s Sys=0.00s Real=0.02s
[2025-06-06T17:19:47.782+0000][18906.466s][info ][safepoint   ] Safepoint "G1CollectForAllocation", Time since last: 82360624204 ns, Reaching safepoint: 1735375 ns, Cleanup: 12583 ns, At safepoint: 15122209 ns, Total: 16870167 ns
[2025-06-06T17:21:38.171+0000][19016.852s][debug][safepoint   ] Safepoint synchronization initiated using futex wait barrier. (185 threads)
[2025-06-06T17:21:38.174+0000][19016.855s][info ][safepoint   ] Safepoint "Cleanup", Time since last: 110386321133 ns, Reaching safepoint: 2528083 ns, Cleanup: 411084 ns, At safepoint: 19166 ns, Total: 2958333 ns
[2025-06-06T17:22:02.725+0000][19041.406s][debug][safepoint   ] Safepoint synchronization initiated using futex wait barrier. (184 threads)
[2025-06-06T17:22:02.726+0000][19041.407s][info ][gc,start    ] GC(173) Pause Young (Normal) (G1 Evacuation Pause)
[2025-06-06T17:22:02.726+0000][19041.407s][info ][gc,task     ] GC(173) Using 2 workers of 2 for evacuation
[2025-06-06T17:22:02.738+0000][19041.419s][info ][gc,phases   ] GC(173)   Pre Evacuate Collection Set: 0.7ms
[2025-06-06T17:22:02.739+0000][19041.420s][info ][gc,phases   ] GC(173)   Merge Heap Roots: 0.4ms
[2025-06-06T17:22:02.739+0000][19041.420s][info ][gc,phases   ] GC(173)   Evacuate Collection Set: 7.1ms
[2025-06-06T17:22:02.739+0000][19041.420s][info ][gc,phases   ] GC(173)   Post Evacuate Collection Set: 3.0ms
[2025-06-06T17:22:02.739+0000][19041.420s][info ][gc,phases   ] GC(173)   Other: 0.8ms
[2025-06-06T17:22:02.739+0000][19041.420s][info ][gc,heap     ] GC(173) Eden regions: 293->0(294)
[2025-06-06T17:22:02.739+0000][19041.420s][info ][gc,heap     ] GC(173) Survivor regions: 3->2(37)
[2025-06-06T17:22:02.739+0000][19041.420s][info ][gc,heap     ] GC(173) Old regions: 188->189
[2025-06-06T17:22:02.740+0000][19041.421s][info ][gc,heap     ] GC(173) Archive regions: 2->2
[2025-06-06T17:22:02.740+0000][19041.421s][info ][gc,heap     ] GC(173) Humongous regions: 0->0
[2025-06-06T17:22:02.740+0000][19041.421s][info ][gc,metaspace] GC(173) Metaspace: 186353K(188032K)->186353K(188032K) NonClass: 164097K(164928K)->164097K(164928K) Class: 22256K(23104K)->22256K(23104K)
[2025-06-06T17:22:02.740+0000][19041.421s][info ][gc          ] GC(173) Pause Young (Normal) (G1 Evacuation Pause) 484M->191M(544M) 13.671ms
[2025-06-06T17:22:02.740+0000][19041.421s][info ][gc,cpu      ] GC(173) User=0.03s Sys=0.00s Real=0.02s
[2025-06-06T17:22:02.740+0000][19041.421s][info ][safepoint   ] Safepoint "G1CollectForAllocation", Time since last: 24550807471 ns, Reaching safepoint: 1149916 ns, Cleanup: 18000 ns, At safepoint: 14142917 ns, Total: 15310833 ns
[2025-06-06T17:22:05.748+0000][19044.428s][debug][safepoint   ] Safepoint synchronization initiated using futex wait barrier. (184 threads)
[2025-06-06T17:22:05.749+0000][19044.430s][info ][safepoint   ] Safepoint "Cleanup", Time since last: 3006424043 ns, Reaching safepoint: 1796291 ns, Cleanup: 90000 ns, At safepoint: 15334 ns, Total: 1901625 ns
[2025-06-06T17:22:16.159+0000][19054.839s][debug][safepoint   ] Safepoint synchronization initiated using futex wait barrier. (184 threads)
[2025-06-06T17:22:16.160+0000][19054.840s][info ][safepoint   ] Safepoint "Cleanup", Time since last: 10409170755 ns, Reaching safepoint: 1015166 ns, Cleanup: 68250 ns, At safepoint: 11834 ns, Total: 1095250 ns
[2025-06-06T17:22:26.187+0000][19064.867s][debug][safepoint   ] Safepoint synchronization initiated using futex wait barrier. (184 threads)
[2025-06-06T17:22:26.188+0000][19064.868s][info ][safepoint   ] Safepoint "Cleanup", Time since last: 10026959213 ns, Reaching safepoint: 981708 ns, Cleanup: 97667 ns, At safepoint: 14666 ns, Total: 1094041 ns
[2025-06-06T17:22:31.196+0000][19069.877s][debug][safepoint   ] Safepoint synchronization initiated using futex wait barrier. (184 threads)
[2025-06-06T17:22:31.197+0000][19069.877s][info ][safepoint   ] Safepoint "Cleanup", Time since last: 5008631711 ns, Reaching safepoint: 579875 ns, Cleanup: 44833 ns, At safepoint: 16084 ns, Total: 640792 ns
[2025-06-06T17:23:26.158+0000][19124.857s][debug][safepoint   ] Safepoint synchronization initiated using futex wait barrier. (183 threads)
[2025-06-06T17:23:26.161+0000][19124.860s][info ][safepoint   ] Safepoint "Cleanup", Time since last: 54979584442 ns, Reaching safepoint: 2549166 ns, Cleanup: 187875 ns, At safepoint: 29292 ns, Total: 2766333 ns
[2025-06-06T17:24:06.217+0000][19164.919s][debug][safepoint   ] Safepoint synchronization initiated using futex wait barrier. (182 threads)
[2025-06-06T17:24:06.217+0000][19164.920s][info ][safepoint   ] Safepoint "Cleanup", Time since last: 40059562018 ns, Reaching safepoint: 381125 ns, Cleanup: 25542 ns, At safepoint: 6583 ns, Total: 413250 ns
[2025-06-06T17:24:10.227+0000][19168.929s][debug][safepoint   ] Safepoint synchronization initiated using futex wait barrier. (186 threads)
[2025-06-06T17:24:10.228+0000][19168.931s][info ][safepoint   ] Safepoint "Cleanup", Time since last: 4009732960 ns, Reaching safepoint: 1030042 ns, Cleanup: 178583 ns, At safepoint: 16583 ns, Total: 1225208 ns
[2025-06-06T17:24:13.095+0000][19171.797s][debug][safepoint   ] Safepoint synchronization initiated using futex wait barrier. (186 threads)
[2025-06-06T17:24:13.095+0000][19171.798s][info ][gc,start    ] GC(174) Pause Young (Normal) (G1 Evacuation Pause)
[2025-06-06T17:24:13.095+0000][19171.798s][info ][gc,task     ] GC(174) Using 2 workers of 2 for evacuation
[2025-06-06T17:24:13.103+0000][19171.805s][info ][gc,phases   ] GC(174)   Pre Evacuate Collection Set: 0.3ms
[2025-06-06T17:24:13.103+0000][19171.805s][info ][gc,phases   ] GC(174)   Merge Heap Roots: 0.1ms
[2025-06-06T17:24:13.103+0000][19171.805s][info ][gc,phases   ] GC(174)   Evacuate Collection Set: 4.5ms
[2025-06-06T17:24:13.103+0000][19171.806s][info ][gc,phases   ] GC(174)   Post Evacuate Collection Set: 2.0ms
[2025-06-06T17:24:13.103+0000][19171.806s][info ][gc,phases   ] GC(174)   Other: 0.5ms
[2025-06-06T17:24:13.103+0000][19171.806s][info ][gc,heap     ] GC(174) Eden regions: 294->0(294)
[2025-06-06T17:24:13.103+0000][19171.806s][info ][gc,heap     ] GC(174) Survivor regions: 2->2(37)
[2025-06-06T17:24:13.103+0000][19171.806s][info ][gc,heap     ] GC(174) Old regions: 189->189
[2025-06-06T17:24:13.104+0000][19171.806s][info ][gc,heap     ] GC(174) Archive regions: 2->2
[2025-06-06T17:24:13.104+0000][19171.806s][info ][gc,heap     ] GC(174) Humongous regions: 0->0
[2025-06-06T17:24:13.104+0000][19171.806s][info ][gc,metaspace] GC(174) Metaspace: 186381K(188032K)->186381K(188032K) NonClass: 164125K(164928K)->164125K(164928K) Class: 22256K(23104K)->22256K(23104K)
[2025-06-06T17:24:13.104+0000][19171.806s][info ][gc          ] GC(174) Pause Young (Normal) (G1 Evacuation Pause) 485M->191M(544M) 8.556ms
[2025-06-06T17:24:13.104+0000][19171.806s][info ][gc,cpu      ] GC(174) User=0.01s Sys=0.00s Real=0.01s
[2025-06-06T17:24:13.104+0000][19171.807s][info ][safepoint   ] Safepoint "G1CollectForAllocation", Time since last: 2866758335 ns, Reaching safepoint: 370917 ns, Cleanup: 16125 ns, At safepoint: 8964958 ns, Total: 9352000 ns
[2025-06-06T17:24:16.110+0000][19174.812s][debug][safepoint   ] Safepoint synchronization initiated using futex wait barrier. (186 threads)
[2025-06-06T17:24:16.110+0000][19174.812s][info ][safepoint   ] Safepoint "Cleanup", Time since last: 3005582752 ns, Reaching safepoint: 158916 ns, Cleanup: 13334 ns, At safepoint: 6625 ns, Total: 178875 ns
[2025-06-06T17:25:25.228+0000][19243.927s][debug][safepoint   ] Safepoint synchronization initiated using futex wait barrier. (182 threads)
[2025-06-06T17:25:25.229+0000][19243.928s][info ][safepoint   ] Safepoint "Cleanup", Time since last: 69114920656 ns, Reaching safepoint: 606834 ns, Cleanup: 48583 ns, At safepoint: 6500 ns, Total: 661917 ns
[2025-06-06T17:25:32.242+0000][19250.941s][debug][safepoint   ] Safepoint synchronization initiated using futex wait barrier. (185 threads)
[2025-06-06T17:25:32.242+0000][19250.942s][info ][safepoint   ] Safepoint "Cleanup", Time since last: 7013403712 ns, Reaching safepoint: 363791 ns, Cleanup: 21959 ns, At safepoint: 6166 ns, Total: 391916 ns
[2025-06-06T17:26:27.049+0000][19305.748s][debug][safepoint   ] Safepoint synchronization initiated using futex wait barrier. (182 threads)
[2025-06-06T17:26:27.051+0000][19305.750s][info ][gc,start    ] GC(175) Pause Young (Normal) (G1 Evacuation Pause)
[2025-06-06T17:26:27.052+0000][19305.750s][info ][gc,task     ] GC(175) Using 2 workers of 2 for evacuation
[2025-06-06T17:26:27.063+0000][19305.761s][info ][gc,phases   ] GC(175)   Pre Evacuate Collection Set: 0.6ms
[2025-06-06T17:26:27.064+0000][19305.762s][info ][gc,phases   ] GC(175)   Merge Heap Roots: 0.4ms
[2025-06-06T17:26:27.064+0000][19305.762s][info ][gc,phases   ] GC(175)   Evacuate Collection Set: 6.8ms
[2025-06-06T17:26:27.064+0000][19305.762s][info ][gc,phases   ] GC(175)   Post Evacuate Collection Set: 3.2ms
[2025-06-06T17:26:27.064+0000][19305.762s][info ][gc,phases   ] GC(175)   Other: 1.0ms
[2025-06-06T17:26:27.064+0000][19305.763s][info ][gc,heap     ] GC(175) Eden regions: 294->0(294)
[2025-06-06T17:26:27.064+0000][19305.763s][info ][gc,heap     ] GC(175) Survivor regions: 2->2(37)
[2025-06-06T17:26:27.065+0000][19305.763s][info ][gc,heap     ] GC(175) Old regions: 189->189
[2025-06-06T17:26:27.065+0000][19305.763s][info ][gc,heap     ] GC(175) Archive regions: 2->2
[2025-06-06T17:26:27.065+0000][19305.763s][info ][gc,heap     ] GC(175) Humongous regions: 0->0
[2025-06-06T17:26:27.065+0000][19305.763s][info ][gc,metaspace] GC(175) Metaspace: 186403K(188032K)->186403K(188032K) NonClass: 164146K(164928K)->164146K(164928K) Class: 22256K(23104K)->22256K(23104K)
[2025-06-06T17:26:27.065+0000][19305.763s][info ][gc          ] GC(175) Pause Young (Normal) (G1 Evacuation Pause) 485M->191M(544M) 13.746ms
[2025-06-06T17:26:27.065+0000][19305.764s][info ][gc,cpu      ] GC(175) User=0.02s Sys=0.00s Real=0.02s
[2025-06-06T17:26:27.065+0000][19305.764s][info ][safepoint   ] Safepoint "G1CollectForAllocation", Time since last: 54805949733 ns, Reaching safepoint: 1614584 ns, Cleanup: 76208 ns, At safepoint: 14287542 ns, Total: 15978334 ns
[2025-06-06T17:26:46.092+0000][19324.790s][debug][safepoint   ] Safepoint synchronization initiated using futex wait barrier. (182 threads)
[2025-06-06T17:26:46.092+0000][19324.791s][info ][safepoint   ] Safepoint "Cleanup", Time since last: 19026562383 ns, Reaching safepoint: 368250 ns, Cleanup: 48959 ns, At safepoint: 6041 ns, Total: 423250 ns
[2025-06-06T17:28:06.753+0000][19405.449s][debug][safepoint   ] Safepoint synchronization initiated using futex wait barrier. (182 threads)
[2025-06-06T17:28:06.756+0000][19405.452s][info ][safepoint   ] Safepoint "Cleanup", Time since last: 80657817037 ns, Reaching safepoint: 3078000 ns, Cleanup: 51209 ns, At safepoint: 61791 ns, Total: 3191000 ns
[2025-06-06T17:28:38.130+0000][19436.826s][debug][safepoint   ] Safepoint synchronization initiated using futex wait barrier. (182 threads)
[2025-06-06T17:28:38.131+0000][19436.827s][info ][gc,start    ] GC(176) Pause Young (Normal) (G1 Evacuation Pause)
[2025-06-06T17:28:38.131+0000][19436.827s][info ][gc,task     ] GC(176) Using 2 workers of 2 for evacuation
[2025-06-06T17:28:38.143+0000][19436.839s][info ][gc,phases   ] GC(176)   Pre Evacuate Collection Set: 0.3ms
[2025-06-06T17:28:38.144+0000][19436.839s][info ][gc,phases   ] GC(176)   Merge Heap Roots: 0.2ms
[2025-06-06T17:28:38.144+0000][19436.840s][info ][gc,phases   ] GC(176)   Evacuate Collection Set: 7.8ms
[2025-06-06T17:28:38.144+0000][19436.840s][info ][gc,phases   ] GC(176)   Post Evacuate Collection Set: 3.2ms
[2025-06-06T17:28:38.144+0000][19436.840s][info ][gc,phases   ] GC(176)   Other: 0.7ms
[2025-06-06T17:28:38.144+0000][19436.840s][info ][gc,heap     ] GC(176) Eden regions: 294->0(293)
[2025-06-06T17:28:38.145+0000][19436.840s][info ][gc,heap     ] GC(176) Survivor regions: 2->2(37)
[2025-06-06T17:28:38.145+0000][19436.840s][info ][gc,heap     ] GC(176) Old regions: 189->190
[2025-06-06T17:28:38.145+0000][19436.840s][info ][gc,heap     ] GC(176) Archive regions: 2->2
[2025-06-06T17:28:38.145+0000][19436.841s][info ][gc,heap     ] GC(176) Humongous regions: 0->0
[2025-06-06T17:28:38.145+0000][19436.841s][info ][gc,metaspace] GC(176) Metaspace: 186412K(188096K)->186412K(188096K) NonClass: 164156K(164992K)->164156K(164992K) Class: 22256K(23104K)->22256K(23104K)
[2025-06-06T17:28:38.145+0000][19436.841s][info ][gc          ] GC(176) Pause Young (Normal) (G1 Evacuation Pause) 485M->191M(544M) 14.038ms
[2025-06-06T17:28:38.145+0000][19436.841s][info ][gc,cpu      ] GC(176) User=0.03s Sys=0.00s Real=0.01s
[2025-06-06T17:28:38.146+0000][19436.841s][info ][safepoint   ] Safepoint "G1CollectForAllocation", Time since last: 31374311098 ns, Reaching safepoint: 577667 ns, Cleanup: 16083 ns, At safepoint: 14732042 ns, Total: 15325792 ns
[2025-06-06T17:29:15.200+0000][19473.895s][debug][safepoint   ] Safepoint synchronization initiated using futex wait barrier. (182 threads)
[2025-06-06T17:29:15.202+0000][19473.897s][info ][safepoint   ] Safepoint "Cleanup", Time since last: 37053678559 ns, Reaching safepoint: 1958167 ns, Cleanup: 46458 ns, At safepoint: 9375 ns, Total: 2014000 ns
[2025-06-06T17:29:16.203+0000][19474.898s][debug][safepoint   ] Safepoint synchronization initiated using futex wait barrier. (184 threads)
[2025-06-06T17:29:16.204+0000][19474.899s][info ][safepoint   ] Safepoint "Cleanup", Time since last: 1001343084 ns, Reaching safepoint: 426958 ns, Cleanup: 37917 ns, At safepoint: 5583 ns, Total: 470458 ns
[2025-06-06T17:29:46.141+0000][19504.835s][debug][safepoint   ] Safepoint synchronization initiated using futex wait barrier. (182 threads)
[2025-06-06T17:29:46.143+0000][19504.837s][info ][safepoint   ] Safepoint "Cleanup", Time since last: 29936247222 ns, Reaching safepoint: 2323125 ns, Cleanup: 72917 ns, At safepoint: 9958 ns, Total: 2406000 ns
[2025-06-06T17:29:56.156+0000][19514.851s][debug][safepoint   ] Safepoint synchronization initiated using futex wait barrier. (182 threads)
[2025-06-06T17:29:56.157+0000][19514.851s][info ][safepoint   ] Safepoint "Cleanup", Time since last: 10013369963 ns, Reaching safepoint: 348042 ns, Cleanup: 51708 ns, At safepoint: 5209 ns, Total: 404959 ns
[2025-06-06T17:30:03.167+0000][19521.861s][debug][safepoint   ] Safepoint synchronization initiated using futex wait barrier. (182 threads)
[2025-06-06T17:30:03.169+0000][19521.864s][info ][safepoint   ] Safepoint "Cleanup", Time since last: 7010143253 ns, Reaching safepoint: 2159292 ns, Cleanup: 78500 ns, At safepoint: 14208 ns, Total: 2252000 ns
[2025-06-06T17:30:38.125+0000][19556.819s][debug][safepoint   ] Safepoint synchronization initiated using futex wait barrier. (182 threads)
[2025-06-06T17:30:38.125+0000][19556.819s][info ][safepoint   ] Safepoint "Cleanup", Time since last: 34954922682 ns, Reaching safepoint: 214167 ns, Cleanup: 22667 ns, At safepoint: 5458 ns, Total: 242292 ns
[2025-06-06T17:30:51.898+0000][19570.591s][debug][safepoint   ] Safepoint synchronization initiated using futex wait barrier. (184 threads)
[2025-06-06T17:30:51.898+0000][19570.592s][info ][gc,start    ] GC(177) Pause Young (Normal) (G1 Evacuation Pause)
[2025-06-06T17:30:51.898+0000][19570.592s][info ][gc,task     ] GC(177) Using 2 workers of 2 for evacuation
[2025-06-06T17:30:51.906+0000][19570.599s][info ][gc,phases   ] GC(177)   Pre Evacuate Collection Set: 0.2ms
[2025-06-06T17:30:51.906+0000][19570.600s][info ][gc,phases   ] GC(177)   Merge Heap Roots: 0.1ms
[2025-06-06T17:30:51.906+0000][19570.600s][info ][gc,phases   ] GC(177)   Evacuate Collection Set: 4.7ms
[2025-06-06T17:30:51.906+0000][19570.600s][info ][gc,phases   ] GC(177)   Post Evacuate Collection Set: 2.5ms
[2025-06-06T17:30:51.906+0000][19570.600s][info ][gc,phases   ] GC(177)   Other: 0.3ms
[2025-06-06T17:30:51.906+0000][19570.600s][info ][gc,heap     ] GC(177) Eden regions: 293->0(293)
[2025-06-06T17:30:51.906+0000][19570.600s][info ][gc,heap     ] GC(177) Survivor regions: 2->2(37)
[2025-06-06T17:30:51.906+0000][19570.600s][info ][gc,heap     ] GC(177) Old regions: 190->190
[2025-06-06T17:30:51.906+0000][19570.600s][info ][gc,heap     ] GC(177) Archive regions: 2->2
[2025-06-06T17:30:51.907+0000][19570.600s][info ][gc,heap     ] GC(177) Humongous regions: 0->0
[2025-06-06T17:30:51.907+0000][19570.600s][info ][gc,metaspace] GC(177) Metaspace: 186459K(188096K)->186459K(188096K) NonClass: 164203K(164992K)->164203K(164992K) Class: 22256K(23104K)->22256K(23104K)
[2025-06-06T17:30:51.907+0000][19570.600s][info ][gc          ] GC(177) Pause Young (Normal) (G1 Evacuation Pause) 484M->191M(544M) 8.743ms
[2025-06-06T17:30:51.907+0000][19570.600s][info ][gc,cpu      ] GC(177) User=0.01s Sys=0.00s Real=0.00s
[2025-06-06T17:30:51.907+0000][19570.601s][info ][safepoint   ] Safepoint "G1CollectForAllocation", Time since last: 13772424090 ns, Reaching safepoint: 207500 ns, Cleanup: 7917 ns, At safepoint: 9075416 ns, Total: 9290833 ns
[2025-06-06T17:30:52.909+0000][19571.602s][debug][safepoint   ] Safepoint synchronization initiated using futex wait barrier. (184 threads)
[2025-06-06T17:30:52.910+0000][19571.604s][info ][safepoint   ] Safepoint "Cleanup", Time since last: 1001518501 ns, Reaching safepoint: 1444750 ns, Cleanup: 116916 ns, At safepoint: 11292 ns, Total: 1572958 ns
[2025-06-06T17:31:30.350+0000][19609.043s][debug][safepoint   ] Safepoint synchronization initiated using futex wait barrier. (182 threads)
[2025-06-06T17:31:30.353+0000][19609.046s][info ][safepoint   ] Safepoint "Cleanup", Time since last: 37439570434 ns, Reaching safepoint: 2552334 ns, Cleanup: 88208 ns, At safepoint: 17542 ns, Total: 2658084 ns
[2025-06-06T17:31:46.379+0000][19625.071s][debug][safepoint   ] Safepoint synchronization initiated using futex wait barrier. (182 threads)
[2025-06-06T17:31:46.380+0000][19625.073s][info ][safepoint   ] Safepoint "Cleanup", Time since last: 16025312465 ns, Reaching safepoint: 1504750 ns, Cleanup: 32708 ns, At safepoint: 7292 ns, Total: 1544750 ns
[2025-06-06T17:31:48.384+0000][19627.076s][debug][safepoint   ] Safepoint synchronization initiated using futex wait barrier. (182 threads)
[2025-06-06T17:31:48.385+0000][19627.077s][info ][safepoint   ] Safepoint "Cleanup", Time since last: 2003485459 ns, Reaching safepoint: 994667 ns, Cleanup: 212458 ns, At safepoint: 26583 ns, Total: 1233708 ns
[2025-06-06T17:31:56.397+0000][19635.090s][debug][safepoint   ] Safepoint synchronization initiated using futex wait barrier. (182 threads)
[2025-06-06T17:31:56.397+0000][19635.090s][info ][safepoint   ] Safepoint "Cleanup", Time since last: 8012183712 ns, Reaching safepoint: 379209 ns, Cleanup: 28250 ns, At safepoint: 6500 ns, Total: 413959 ns
[2025-06-06T17:32:06.416+0000][19645.108s][debug][safepoint   ] Safepoint synchronization initiated using futex wait barrier. (182 threads)
[2025-06-06T17:32:06.418+0000][19645.110s][info ][safepoint   ] Safepoint "Cleanup", Time since last: 10018438629 ns, Reaching safepoint: 1388375 ns, Cleanup: 22292 ns, At safepoint: 7333 ns, Total: 1418000 ns
[2025-06-06T17:33:02.710+0000][19701.402s][debug][safepoint   ] Safepoint synchronization initiated using futex wait barrier. (182 threads)
[2025-06-06T17:33:02.712+0000][19701.404s][info ][gc,start    ] GC(178) Pause Young (Normal) (G1 Evacuation Pause)
[2025-06-06T17:33:02.713+0000][19701.404s][info ][gc,task     ] GC(178) Using 2 workers of 2 for evacuation
[2025-06-06T17:33:02.720+0000][19701.412s][info ][gc,phases   ] GC(178)   Pre Evacuate Collection Set: 0.3ms
[2025-06-06T17:33:02.720+0000][19701.412s][info ][gc,phases   ] GC(178)   Merge Heap Roots: 0.1ms
[2025-06-06T17:33:02.720+0000][19701.412s][info ][gc,phases   ] GC(178)   Evacuate Collection Set: 5.5ms
[2025-06-06T17:33:02.721+0000][19701.412s][info ][gc,phases   ] GC(178)   Post Evacuate Collection Set: 1.5ms
[2025-06-06T17:33:02.721+0000][19701.412s][info ][gc,phases   ] GC(178)   Other: 0.5ms
[2025-06-06T17:33:02.721+0000][19701.412s][info ][gc,heap     ] GC(178) Eden regions: 293->0(291)
[2025-06-06T17:33:02.721+0000][19701.412s][info ][gc,heap     ] GC(178) Survivor regions: 2->3(37)
[2025-06-06T17:33:02.721+0000][19701.412s][info ][gc,heap     ] GC(178) Old regions: 190->190
[2025-06-06T17:33:02.721+0000][19701.412s][info ][gc,heap     ] GC(178) Archive regions: 2->2
[2025-06-06T17:33:02.721+0000][19701.412s][info ][gc,heap     ] GC(178) Humongous regions: 0->0
[2025-06-06T17:33:02.721+0000][19701.412s][info ][gc,metaspace] GC(178) Metaspace: 186475K(188096K)->186475K(188096K) NonClass: 164219K(164992K)->164219K(164992K) Class: 22256K(23104K)->22256K(23104K)
[2025-06-06T17:33:02.721+0000][19701.412s][info ][gc          ] GC(178) Pause Young (Normal) (G1 Evacuation Pause) 484M->192M(544M) 8.464ms
[2025-06-06T17:33:02.721+0000][19701.412s][info ][gc,cpu      ] GC(178) User=0.02s Sys=0.00s Real=0.01s
[2025-06-06T17:33:02.721+0000][19701.412s][info ][safepoint   ] Safepoint "G1CollectForAllocation", Time since last: 56291613526 ns, Reaching safepoint: 2116875 ns, Cleanup: 17417 ns, At safepoint: 8770458 ns, Total: 10904750 ns
[2025-06-06T17:33:45.631+0000][19744.323s][debug][safepoint   ] Safepoint synchronization initiated using futex wait barrier. (182 threads)
[2025-06-06T17:33:45.632+0000][19744.324s][info ][safepoint   ] Safepoint "Cleanup", Time since last: 42910405520 ns, Reaching safepoint: 896583 ns, Cleanup: 97292 ns, At safepoint: 11875 ns, Total: 1005750 ns
[2025-06-06T17:33:55.646+0000][19754.338s][debug][safepoint   ] Safepoint synchronization initiated using futex wait barrier. (182 threads)
[2025-06-06T17:33:55.648+0000][19754.339s][info ][safepoint   ] Safepoint "Cleanup", Time since last: 10014092088 ns, Reaching safepoint: 1257583 ns, Cleanup: 84958 ns, At safepoint: 42334 ns, Total: 1384875 ns
[2025-06-06T17:34:28.616+0000][19787.307s][debug][safepoint   ] Safepoint synchronization initiated using futex wait barrier. (182 threads)
[2025-06-06T17:34:28.617+0000][19787.308s][info ][safepoint   ] Safepoint "Cleanup", Time since last: 32967464557 ns, Reaching safepoint: 1107541 ns, Cleanup: 78834 ns, At safepoint: 15583 ns, Total: 1201958 ns
[2025-06-06T17:34:56.667+0000][19815.356s][debug][safepoint   ] Safepoint synchronization initiated using futex wait barrier. (182 threads)
[2025-06-06T17:34:56.670+0000][19815.359s][info ][safepoint   ] Safepoint "Cleanup", Time since last: 28047733180 ns, Reaching safepoint: 3009708 ns, Cleanup: 51167 ns, At safepoint: 15875 ns, Total: 3076750 ns
[2025-06-06T17:35:14.148+0000][19832.837s][debug][safepoint   ] Safepoint synchronization initiated using futex wait barrier. (182 threads)
[2025-06-06T17:35:14.151+0000][19832.840s][info ][gc,start    ] GC(179) Pause Young (Normal) (G1 Evacuation Pause)
[2025-06-06T17:35:14.151+0000][19832.841s][info ][gc,task     ] GC(179) Using 2 workers of 2 for evacuation
[2025-06-06T17:35:14.162+0000][19832.851s][info ][gc,phases   ] GC(179)   Pre Evacuate Collection Set: 0.4ms
[2025-06-06T17:35:14.162+0000][19832.851s][info ][gc,phases   ] GC(179)   Merge Heap Roots: 0.2ms
[2025-06-06T17:35:14.162+0000][19832.851s][info ][gc,phases   ] GC(179)   Evacuate Collection Set: 6.4ms
[2025-06-06T17:35:14.163+0000][19832.852s][info ][gc,phases   ] GC(179)   Post Evacuate Collection Set: 3.0ms
[2025-06-06T17:35:14.163+0000][19832.852s][info ][gc,phases   ] GC(179)   Other: 1.0ms
[2025-06-06T17:35:14.163+0000][19832.852s][info ][gc,heap     ] GC(179) Eden regions: 291->0(291)
[2025-06-06T17:35:14.163+0000][19832.852s][info ][gc,heap     ] GC(179) Survivor regions: 3->3(37)
[2025-06-06T17:35:14.163+0000][19832.852s][info ][gc,heap     ] GC(179) Old regions: 190->190
[2025-06-06T17:35:14.163+0000][19832.852s][info ][gc,heap     ] GC(179) Archive regions: 2->2
[2025-06-06T17:35:14.163+0000][19832.852s][info ][gc,heap     ] GC(179) Humongous regions: 0->0
[2025-06-06T17:35:14.163+0000][19832.852s][info ][gc,metaspace] GC(179) Metaspace: 186477K(188096K)->186477K(188096K) NonClass: 164221K(164992K)->164221K(164992K) Class: 22256K(23104K)->22256K(23104K)
[2025-06-06T17:35:14.164+0000][19832.853s][info ][gc          ] GC(179) Pause Young (Normal) (G1 Evacuation Pause) 483M->192M(544M) 12.394ms
[2025-06-06T17:35:14.164+0000][19832.853s][info ][gc,cpu      ] GC(179) User=0.02s Sys=0.00s Real=0.02s
[2025-06-06T17:35:14.164+0000][19832.853s][info ][safepoint   ] Safepoint "G1CollectForAllocation", Time since last: 17478425549 ns, Reaching safepoint: 2738875 ns, Cleanup: 25708 ns, At safepoint: 12880000 ns, Total: 15644583 ns
[2025-06-06T17:36:05.925+0000][19884.614s][debug][safepoint   ] Safepoint synchronization initiated using futex wait barrier. (182 threads)
[2025-06-06T17:36:05.926+0000][19884.616s][info ][safepoint   ] Safepoint "Cleanup", Time since last: 51761520565 ns, Reaching safepoint: 1314500 ns, Cleanup: 35417 ns, At safepoint: 5917 ns, Total: 1355834 ns
[2025-06-06T17:36:13.943+0000][19892.632s][debug][safepoint   ] Safepoint synchronization initiated using futex wait barrier. (182 threads)
[2025-06-06T17:36:13.945+0000][19892.634s][info ][safepoint   ] Safepoint "Cleanup", Time since last: 8016555170 ns, Reaching safepoint: 1832417 ns, Cleanup: 107791 ns, At safepoint: 13500 ns, Total: 1953708 ns
[2025-06-06T17:36:16.954+0000][19895.644s][debug][safepoint   ] Safepoint synchronization initiated using futex wait barrier. (182 threads)
[2025-06-06T17:36:16.954+0000][19895.644s][info ][safepoint   ] Safepoint "Cleanup", Time since last: 3009374585 ns, Reaching safepoint: 378542 ns, Cleanup: 22417 ns, At safepoint: 6166 ns, Total: 407125 ns
[2025-06-06T17:37:01.963+0000][19940.651s][debug][safepoint   ] Safepoint synchronization initiated using futex wait barrier. (182 threads)
[2025-06-06T17:37:01.964+0000][19940.652s][info ][safepoint   ] Safepoint "Cleanup", Time since last: 45006738688 ns, Reaching safepoint: 797000 ns, Cleanup: 43708 ns, At safepoint: 5292 ns, Total: 846000 ns
[2025-06-06T17:37:26.418+0000][19965.104s][debug][safepoint   ] Safepoint synchronization initiated using futex wait barrier. (182 threads)
[2025-06-06T17:37:26.419+0000][19965.105s][info ][gc,start    ] GC(180) Pause Young (Normal) (G1 Evacuation Pause)
[2025-06-06T17:37:26.419+0000][19965.106s][info ][gc,task     ] GC(180) Using 2 workers of 2 for evacuation
[2025-06-06T17:37:26.429+0000][19965.116s][info ][gc,phases   ] GC(180)   Pre Evacuate Collection Set: 0.4ms
[2025-06-06T17:37:26.430+0000][19965.116s][info ][gc,phases   ] GC(180)   Merge Heap Roots: 0.2ms
[2025-06-06T17:37:26.430+0000][19965.116s][info ][gc,phases   ] GC(180)   Evacuate Collection Set: 6.3ms
[2025-06-06T17:37:26.430+0000][19965.116s][info ][gc,phases   ] GC(180)   Post Evacuate Collection Set: 2.9ms
[2025-06-06T17:37:26.430+0000][19965.116s][info ][gc,phases   ] GC(180)   Other: 0.7ms
[2025-06-06T17:37:26.430+0000][19965.116s][info ][gc,heap     ] GC(180) Eden regions: 291->0(293)
[2025-06-06T17:37:26.430+0000][19965.116s][info ][gc,heap     ] GC(180) Survivor regions: 3->2(37)
[2025-06-06T17:37:26.430+0000][19965.117s][info ][gc,heap     ] GC(180) Old regions: 190->190
[2025-06-06T17:37:26.430+0000][19965.117s][info ][gc,heap     ] GC(180) Archive regions: 2->2
[2025-06-06T17:37:26.430+0000][19965.117s][info ][gc,heap     ] GC(180) Humongous regions: 0->0
[2025-06-06T17:37:26.431+0000][19965.117s][info ][gc,metaspace] GC(180) Metaspace: 186479K(188096K)->186479K(188096K) NonClass: 164222K(164992K)->164222K(164992K) Class: 22256K(23104K)->22256K(23104K)
[2025-06-06T17:37:26.431+0000][19965.117s][info ][gc          ] GC(180) Pause Young (Normal) (G1 Evacuation Pause) 483M->192M(544M) 11.900ms
[2025-06-06T17:37:26.431+0000][19965.117s][info ][gc,cpu      ] GC(180) User=0.01s Sys=0.00s Real=0.01s
[2025-06-06T17:37:26.431+0000][19965.117s][info ][safepoint   ] Safepoint "G1CollectForAllocation", Time since last: 24452423552 ns, Reaching safepoint: 1081167 ns, Cleanup: 20583 ns, At safepoint: 12336292 ns, Total: 13438042 ns
[2025-06-06T17:37:36.447+0000][19975.134s][debug][safepoint   ] Safepoint synchronization initiated using futex wait barrier. (182 threads)
[2025-06-06T17:37:36.450+0000][19975.137s][info ][safepoint   ] Safepoint "Cleanup", Time since last: 10016270087 ns, Reaching safepoint: 3278500 ns, Cleanup: 32459 ns, At safepoint: 7708 ns, Total: 3318667 ns
[2025-06-06T17:38:06.498+0000][20005.184s][debug][safepoint   ] Safepoint synchronization initiated using futex wait barrier. (182 threads)
[2025-06-06T17:38:06.501+0000][20005.186s][info ][safepoint   ] Safepoint "Cleanup", Time since last: 30046639097 ns, Reaching safepoint: 2549166 ns, Cleanup: 86667 ns, At safepoint: 12125 ns, Total: 2647958 ns
[2025-06-06T17:38:28.195+0000][20026.880s][debug][safepoint   ] Safepoint synchronization initiated using futex wait barrier. (186 threads)
[2025-06-06T17:38:28.198+0000][20026.884s][info ][safepoint   ] Safepoint "Cleanup", Time since last: 21694046760 ns, Reaching safepoint: 3037875 ns, Cleanup: 81500 ns, At safepoint: 11167 ns, Total: 3130542 ns
[2025-06-06T17:38:28.766+0000][20027.452s][debug][safepoint   ] Safepoint synchronization initiated using futex wait barrier. (187 threads)
[2025-06-06T17:38:28.802+0000][20027.488s][info ][safepoint   ] Safepoint "ICBufferFull", Time since last: 568484250 ns, Reaching safepoint: 35353167 ns, Cleanup: 183792 ns, At safepoint: 140916 ns, Total: 35677875 ns
[2025-06-06T17:38:28.802+0000][20027.488s][debug][safepoint   ] Safepoint synchronization initiated using futex wait barrier. (187 threads)
[2025-06-06T17:38:28.804+0000][20027.489s][info ][safepoint   ] Safepoint "ICBufferFull", Time since last: 320792 ns, Reaching safepoint: 1406625 ns, Cleanup: 12458 ns, At safepoint: 18750 ns, Total: 1437833 ns
[2025-06-06T17:38:28.804+0000][20027.490s][debug][safepoint   ] Safepoint synchronization initiated using futex wait barrier. (187 threads)
[2025-06-06T17:38:28.804+0000][20027.490s][debug][safepoint   ] ... found polling page loop exception at pc = 0x0000ffff6b9c5a08, stub =0x0000ffff7097ef00
[2025-06-06T17:38:28.804+0000][20027.490s][debug][safepoint   ] ... found polling page loop exception at pc = 0x0000ffff6b9c5a08, stub =0x0000ffff7097ef00
[2025-06-06T17:38:28.804+0000][20027.490s][info ][safepoint   ] Safepoint "ICBufferFull", Time since last: 237167 ns, Reaching safepoint: 504708 ns, Cleanup: 7167 ns, At safepoint: 16000 ns, Total: 527875 ns
[2025-06-06T17:38:28.805+0000][20027.490s][debug][safepoint   ] Safepoint synchronization initiated using futex wait barrier. (187 threads)
[2025-06-06T17:38:28.805+0000][20027.491s][debug][safepoint   ] ... found polling page loop exception at pc = 0x0000ffff72435d44, stub =0x0000ffff7097ef00
[2025-06-06T17:38:28.805+0000][20027.491s][info ][safepoint   ] Safepoint "ICBufferFull", Time since last: 212958 ns, Reaching safepoint: 781250 ns, Cleanup: 14500 ns, At safepoint: 37709 ns, Total: 833459 ns
[2025-06-06T17:38:28.806+0000][20027.492s][debug][safepoint   ] ... found polling page loop exception at pc = 0x0000ffff7212c0b4, stub =0x0000ffff7097ef00
[2025-06-06T17:38:28.807+0000][20027.493s][debug][safepoint   ] Safepoint synchronization initiated using futex wait barrier. (187 threads)
[2025-06-06T17:38:28.808+0000][20027.494s][debug][safepoint   ] ... found polling page loop exception at pc = 0x0000ffff71142070, stub =0x0000ffff7097ef00
[2025-06-06T17:38:28.808+0000][20027.494s][info ][safepoint   ] Safepoint "ICBufferFull", Time since last: 2006625 ns, Reaching safepoint: 1003875 ns, Cleanup: 26166 ns, At safepoint: 24167 ns, Total: 1054208 ns
[2025-06-06T17:38:29.810+0000][20028.496s][debug][safepoint   ] Safepoint synchronization initiated using futex wait barrier. (187 threads)
[2025-06-06T17:38:29.814+0000][20028.500s][info ][safepoint   ] Safepoint "Cleanup", Time since last: 1001458750 ns, Reaching safepoint: 3915709 ns, Cleanup: 146166 ns, At safepoint: 42375 ns, Total: 4104250 ns
[2025-06-06T17:38:32.817+0000][20031.503s][debug][safepoint   ] Safepoint synchronization initiated using futex wait barrier. (187 threads)
[2025-06-06T17:38:32.818+0000][20031.504s][info ][safepoint   ] Safepoint "Cleanup", Time since last: 3003297210 ns, Reaching safepoint: 504917 ns, Cleanup: 55375 ns, At safepoint: 29416 ns, Total: 589708 ns
[2025-06-06T17:38:32.943+0000][20031.629s][debug][safepoint   ] Safepoint synchronization initiated using futex wait barrier. (187 threads)
[2025-06-06T17:38:32.943+0000][20031.629s][info ][gc,start    ] GC(181) Pause Young (Normal) (G1 Evacuation Pause)
[2025-06-06T17:38:32.943+0000][20031.629s][info ][gc,task     ] GC(181) Using 2 workers of 2 for evacuation
[2025-06-06T17:38:32.955+0000][20031.641s][info ][gc,phases   ] GC(181)   Pre Evacuate Collection Set: 0.1ms
[2025-06-06T17:38:32.955+0000][20031.641s][info ][gc,phases   ] GC(181)   Merge Heap Roots: 0.1ms
[2025-06-06T17:38:32.955+0000][20031.641s][info ][gc,phases   ] GC(181)   Evacuate Collection Set: 9.7ms
[2025-06-06T17:38:32.955+0000][20031.641s][info ][gc,phases   ] GC(181)   Post Evacuate Collection Set: 1.5ms
[2025-06-06T17:38:32.955+0000][20031.641s][info ][gc,phases   ] GC(181)   Other: 0.2ms
[2025-06-06T17:38:32.955+0000][20031.641s][info ][gc,heap     ] GC(181) Eden regions: 293->0(285)
[2025-06-06T17:38:32.955+0000][20031.641s][info ][gc,heap     ] GC(181) Survivor regions: 2->6(37)
[2025-06-06T17:38:32.955+0000][20031.641s][info ][gc,heap     ] GC(181) Old regions: 190->190
[2025-06-06T17:38:32.955+0000][20031.641s][info ][gc,heap     ] GC(181) Archive regions: 2->2
[2025-06-06T17:38:32.955+0000][20031.641s][info ][gc,heap     ] GC(181) Humongous regions: 0->0
[2025-06-06T17:38:32.955+0000][20031.641s][info ][gc,metaspace] GC(181) Metaspace: 186758K(188352K)->186758K(188352K) NonClass: 164472K(165248K)->164472K(165248K) Class: 22285K(23104K)->22285K(23104K)
[2025-06-06T17:38:32.956+0000][20031.641s][info ][gc          ] GC(181) Pause Young (Normal) (G1 Evacuation Pause) 485M->196M(544M) 12.456ms
[2025-06-06T17:38:32.956+0000][20031.641s][info ][gc,cpu      ] GC(181) User=0.03s Sys=0.00s Real=0.02s
[2025-06-06T17:38:32.956+0000][20031.642s][info ][safepoint   ] Safepoint "G1CollectForAllocation", Time since last: 124933792 ns, Reaching safepoint: 177750 ns, Cleanup: 10917 ns, At safepoint: 12697333 ns, Total: 12886000 ns
[2025-06-06T17:38:33.957+0000][20032.643s][debug][safepoint   ] Safepoint synchronization initiated using futex wait barrier. (186 threads)
[2025-06-06T17:38:33.957+0000][20032.643s][info ][safepoint   ] Safepoint "Cleanup", Time since last: 1000934084 ns, Reaching safepoint: 237542 ns, Cleanup: 64333 ns, At safepoint: 5167 ns, Total: 307042 ns
[2025-06-06T17:38:37.963+0000][20036.648s][debug][safepoint   ] Safepoint synchronization initiated using futex wait barrier. (186 threads)
[2025-06-06T17:38:37.963+0000][20036.648s][info ][safepoint   ] Safepoint "Cleanup", Time since last: 4004854335 ns, Reaching safepoint: 295250 ns, Cleanup: 22666 ns, At safepoint: 6250 ns, Total: 324166 ns
[2025-06-06T17:38:46.981+0000][20045.666s][debug][safepoint   ] Safepoint synchronization initiated using futex wait barrier. (186 threads)
[2025-06-06T17:38:46.983+0000][20045.668s][info ][safepoint   ] Safepoint "Cleanup", Time since last: 9018340755 ns, Reaching safepoint: 1296458 ns, Cleanup: 154625 ns, At safepoint: 15958 ns, Total: 1467041 ns
[2025-06-06T17:38:47.986+0000][20046.671s][debug][safepoint   ] Safepoint synchronization initiated using futex wait barrier. (186 threads)
[2025-06-06T17:38:47.986+0000][20046.671s][info ][safepoint   ] Safepoint "Cleanup", Time since last: 1002762167 ns, Reaching safepoint: 318667 ns, Cleanup: 15667 ns, At safepoint: 3041 ns, Total: 337375 ns
[2025-06-06T17:38:48.988+0000][20047.673s][debug][safepoint   ] Safepoint synchronization initiated using futex wait barrier. (186 threads)
[2025-06-06T17:38:48.989+0000][20047.674s][info ][safepoint   ] Safepoint "Cleanup", Time since last: 1001967042 ns, Reaching safepoint: 1449875 ns, Cleanup: 60167 ns, At safepoint: 14667 ns, Total: 1524709 ns
[2025-06-06T17:38:49.991+0000][20048.676s][debug][safepoint   ] Safepoint synchronization initiated using futex wait barrier. (186 threads)
[2025-06-06T17:38:49.992+0000][20048.676s][info ][safepoint   ] Safepoint "Cleanup", Time since last: 1001624167 ns, Reaching safepoint: 430250 ns, Cleanup: 30292 ns, At safepoint: 10750 ns, Total: 471292 ns
[2025-06-06T17:38:51.997+0000][20050.682s][debug][safepoint   ] Safepoint synchronization initiated using futex wait barrier. (186 threads)
[2025-06-06T17:38:51.997+0000][20050.682s][info ][safepoint   ] Safepoint "Cleanup", Time since last: 2005113292 ns, Reaching safepoint: 355209 ns, Cleanup: 32208 ns, At safepoint: 4458 ns, Total: 391875 ns
[2025-06-06T17:39:02.015+0000][20060.700s][debug][safepoint   ] Safepoint synchronization initiated using futex wait barrier. (186 threads)
[2025-06-06T17:39:02.016+0000][20060.701s][info ][safepoint   ] Safepoint "Cleanup", Time since last: 10017583630 ns, Reaching safepoint: 945250 ns, Cleanup: 102333 ns, At safepoint: 13125 ns, Total: 1060708 ns
[2025-06-06T17:39:06.022+0000][20064.706s][debug][safepoint   ] Safepoint synchronization initiated using futex wait barrier. (186 threads)
[2025-06-06T17:39:06.022+0000][20064.706s][info ][safepoint   ] Safepoint "Cleanup", Time since last: 4005529168 ns, Reaching safepoint: 206417 ns, Cleanup: 18750 ns, At safepoint: 4292 ns, Total: 229459 ns
[2025-06-06T17:39:15.039+0000][20073.723s][debug][safepoint   ] Safepoint synchronization initiated using futex wait barrier. (186 threads)
[2025-06-06T17:39:15.041+0000][20073.725s][info ][safepoint   ] Safepoint "Cleanup", Time since last: 9016238546 ns, Reaching safepoint: 1917291 ns, Cleanup: 79917 ns, At safepoint: 16333 ns, Total: 2013541 ns
[2025-06-06T17:39:42.244+0000][20100.927s][debug][safepoint   ] Safepoint synchronization initiated using futex wait barrier. (183 threads)
[2025-06-06T17:39:42.245+0000][20100.929s][info ][safepoint   ] Safepoint "Cleanup", Time since last: 27202730471 ns, Reaching safepoint: 1518833 ns, Cleanup: 89375 ns, At safepoint: 14125 ns, Total: 1622333 ns
[2025-06-06T17:40:10.288+0000][20128.971s][debug][safepoint   ] Safepoint synchronization initiated using futex wait barrier. (183 threads)
[2025-06-06T17:40:10.290+0000][20128.973s][info ][safepoint   ] Safepoint "Cleanup", Time since last: 28042437304 ns, Reaching safepoint: 1716084 ns, Cleanup: 30833 ns, At safepoint: 8500 ns, Total: 1755417 ns
[2025-06-06T17:40:11.419+0000][20130.103s][debug][safepoint   ] Safepoint synchronization initiated using futex wait barrier. (183 threads)
[2025-06-06T17:40:11.420+0000][20130.103s][info ][gc,start    ] GC(182) Pause Young (Normal) (G1 Evacuation Pause)
[2025-06-06T17:40:11.420+0000][20130.103s][info ][gc,task     ] GC(182) Using 2 workers of 2 for evacuation
[2025-06-06T17:40:11.429+0000][20130.113s][info ][gc,phases   ] GC(182)   Pre Evacuate Collection Set: 0.1ms
[2025-06-06T17:40:11.430+0000][20130.113s][info ][gc,phases   ] GC(182)   Merge Heap Roots: 0.1ms
[2025-06-06T17:40:11.430+0000][20130.113s][info ][gc,phases   ] GC(182)   Evacuate Collection Set: 7.9ms
[2025-06-06T17:40:11.430+0000][20130.113s][info ][gc,phases   ] GC(182)   Post Evacuate Collection Set: 1.4ms
[2025-06-06T17:40:11.430+0000][20130.113s][info ][gc,phases   ] GC(182)   Other: 0.2ms
[2025-06-06T17:40:11.430+0000][20130.113s][info ][gc,heap     ] GC(182) Eden regions: 285->0(284)
[2025-06-06T17:40:11.430+0000][20130.113s][info ][gc,heap     ] GC(182) Survivor regions: 6->6(37)
[2025-06-06T17:40:11.430+0000][20130.113s][info ][gc,heap     ] GC(182) Old regions: 190->191
[2025-06-06T17:40:11.430+0000][20130.113s][info ][gc,heap     ] GC(182) Archive regions: 2->2
[2025-06-06T17:40:11.430+0000][20130.113s][info ][gc,heap     ] GC(182) Humongous regions: 1->0
[2025-06-06T17:40:11.430+0000][20130.113s][info ][gc,metaspace] GC(182) Metaspace: 186820K(188416K)->186820K(188416K) NonClass: 164522K(165312K)->164522K(165312K) Class: 22297K(23104K)->22297K(23104K)
[2025-06-06T17:40:11.430+0000][20130.113s][info ][gc          ] GC(182) Pause Young (Normal) (G1 Evacuation Pause) 482M->196M(544M) 10.359ms
[2025-06-06T17:40:11.430+0000][20130.113s][info ][gc,cpu      ] GC(182) User=0.02s Sys=0.00s Real=0.01s
[2025-06-06T17:40:11.430+0000][20130.113s][info ][safepoint   ] Safepoint "G1CollectForAllocation", Time since last: 1129344459 ns, Reaching safepoint: 206083 ns, Cleanup: 6125 ns, At safepoint: 10620917 ns, Total: 10833125 ns
[2025-06-06T17:40:38.261+0000][20156.944s][debug][safepoint   ] Safepoint synchronization initiated using futex wait barrier. (182 threads)
[2025-06-06T17:40:38.262+0000][20156.946s][info ][safepoint   ] Safepoint "Cleanup", Time since last: 26830766929 ns, Reaching safepoint: 1369083 ns, Cleanup: 22167 ns, At safepoint: 6083 ns, Total: 1397333 ns
[2025-06-06T17:40:52.284+0000][20170.967s][debug][safepoint   ] Safepoint synchronization initiated using futex wait barrier. (182 threads)
[2025-06-06T17:40:52.284+0000][20170.968s][info ][safepoint   ] Safepoint "Cleanup", Time since last: 14021577007 ns, Reaching safepoint: 634250 ns, Cleanup: 45750 ns, At safepoint: 8750 ns, Total: 688750 ns
[2025-06-06T17:41:19.269+0000][20197.952s][debug][safepoint   ] Safepoint synchronization initiated using futex wait barrier. (186 threads)
[2025-06-06T17:41:19.271+0000][20197.954s][info ][safepoint   ] Safepoint "Cleanup", Time since last: 26984221178 ns, Reaching safepoint: 1666417 ns, Cleanup: 47750 ns, At safepoint: 4667 ns, Total: 1718834 ns
[2025-06-06T17:41:34.286+0000][20212.969s][debug][safepoint   ] Safepoint synchronization initiated using futex wait barrier. (186 threads)
[2025-06-06T17:41:34.288+0000][20212.971s][info ][safepoint   ] Safepoint "Cleanup", Time since last: 15015101840 ns, Reaching safepoint: 1947250 ns, Cleanup: 76292 ns, At safepoint: 13750 ns, Total: 2037292 ns
[2025-06-06T17:41:38.295+0000][20216.977s][debug][safepoint   ] Safepoint synchronization initiated using futex wait barrier. (186 threads)
[2025-06-06T17:41:38.296+0000][20216.978s][info ][safepoint   ] Safepoint "Cleanup", Time since last: 4006601834 ns, Reaching safepoint: 804042 ns, Cleanup: 53333 ns, At safepoint: 6375 ns, Total: 863750 ns
[2025-06-06T17:41:46.306+0000][20224.989s][debug][safepoint   ] Safepoint synchronization initiated using futex wait barrier. (186 threads)
[2025-06-06T17:41:46.308+0000][20224.990s][info ][safepoint   ] Safepoint "Cleanup", Time since last: 8010479671 ns, Reaching safepoint: 1369333 ns, Cleanup: 23917 ns, At safepoint: 7917 ns, Total: 1401167 ns
[2025-06-06T17:41:48.310+0000][20226.993s][debug][safepoint   ] Safepoint synchronization initiated using futex wait barrier. (186 threads)
[2025-06-06T17:41:48.311+0000][20226.994s][info ][safepoint   ] Safepoint "Cleanup", Time since last: 2002634792 ns, Reaching safepoint: 611458 ns, Cleanup: 55750 ns, At safepoint: 8709 ns, Total: 675917 ns
[2025-06-06T17:42:01.578+0000][20240.261s][debug][safepoint   ] Safepoint synchronization initiated using futex wait barrier. (186 threads)
[2025-06-06T17:42:01.578+0000][20240.261s][info ][gc,start    ] GC(183) Pause Young (Normal) (G1 Evacuation Pause)
[2025-06-06T17:42:01.578+0000][20240.261s][info ][gc,task     ] GC(183) Using 2 workers of 2 for evacuation
[2025-06-06T17:42:01.588+0000][20240.271s][info ][gc,phases   ] GC(183)   Pre Evacuate Collection Set: 0.2ms
[2025-06-06T17:42:01.589+0000][20240.271s][info ][gc,phases   ] GC(183)   Merge Heap Roots: 0.1ms
[2025-06-06T17:42:01.589+0000][20240.271s][info ][gc,phases   ] GC(183)   Evacuate Collection Set: 7.9ms
[2025-06-06T17:42:01.589+0000][20240.271s][info ][gc,phases   ] GC(183)   Post Evacuate Collection Set: 1.5ms
[2025-06-06T17:42:01.589+0000][20240.271s][info ][gc,phases   ] GC(183)   Other: 0.3ms
[2025-06-06T17:42:01.589+0000][20240.271s][info ][gc,heap     ] GC(183) Eden regions: 284->0(284)
[2025-06-06T17:42:01.589+0000][20240.271s][info ][gc,heap     ] GC(183) Survivor regions: 6->6(37)
[2025-06-06T17:42:01.589+0000][20240.271s][info ][gc,heap     ] GC(183) Old regions: 191->191
[2025-06-06T17:42:01.589+0000][20240.272s][info ][gc,heap     ] GC(183) Archive regions: 2->2
[2025-06-06T17:42:01.589+0000][20240.272s][info ][gc,heap     ] GC(183) Humongous regions: 1->0
[2025-06-06T17:42:01.589+0000][20240.272s][info ][gc,metaspace] GC(183) Metaspace: 186864K(188544K)->186864K(188544K) NonClass: 164563K(165440K)->164563K(165440K) Class: 22300K(23104K)->22300K(23104K)
[2025-06-06T17:42:01.589+0000][20240.272s][info ][gc          ] GC(183) Pause Young (Normal) (G1 Evacuation Pause) 481M->197M(544M) 10.890ms
[2025-06-06T17:42:01.589+0000][20240.272s][info ][gc,cpu      ] GC(183) User=0.02s Sys=0.00s Real=0.02s
[2025-06-06T17:42:01.590+0000][20240.272s][info ][safepoint   ] Safepoint "G1CollectForAllocation", Time since last: 13267055381 ns, Reaching safepoint: 161292 ns, Cleanup: 5708 ns, At safepoint: 11493875 ns, Total: 11660875 ns
[2025-06-06T17:42:02.593+0000][20241.275s][debug][safepoint   ] Safepoint synchronization initiated using futex wait barrier. (186 threads)
[2025-06-06T17:42:02.594+0000][20241.277s][info ][safepoint   ] Safepoint "Cleanup", Time since last: 1003014751 ns, Reaching safepoint: 1079666 ns, Cleanup: 173500 ns, At safepoint: 16167 ns, Total: 1269333 ns
[2025-06-06T17:42:09.607+0000][20248.288s][debug][safepoint   ] Safepoint synchronization initiated using futex wait barrier. (186 threads)
[2025-06-06T17:42:09.609+0000][20248.290s][info ][safepoint   ] Safepoint "Cleanup", Time since last: 7011828086 ns, Reaching safepoint: 1699625 ns, Cleanup: 149625 ns, At safepoint: 9208 ns, Total: 1858458 ns
[2025-06-06T17:42:15.621+0000][20254.302s][debug][safepoint   ] Safepoint synchronization initiated using futex wait barrier. (186 threads)
[2025-06-06T17:42:15.622+0000][20254.303s][info ][safepoint   ] Safepoint "Cleanup", Time since last: 6011735170 ns, Reaching safepoint: 1162458 ns, Cleanup: 121292 ns, At safepoint: 12125 ns, Total: 1295875 ns
[2025-06-06T17:42:30.762+0000][20269.443s][debug][safepoint   ] Safepoint synchronization initiated using futex wait barrier. (184 threads)
[2025-06-06T17:42:30.762+0000][20269.443s][info ][safepoint   ] Safepoint "Cleanup", Time since last: 15139538924 ns, Reaching safepoint: 412333 ns, Cleanup: 30458 ns, At safepoint: 20042 ns, Total: 462833 ns
[2025-06-06T17:42:31.764+0000][20270.445s][debug][safepoint   ] Safepoint synchronization initiated using futex wait barrier. (184 threads)
[2025-06-06T17:42:31.764+0000][20270.446s][info ][safepoint   ] Safepoint "Cleanup", Time since last: 1001646834 ns, Reaching safepoint: 447250 ns, Cleanup: 211292 ns, At safepoint: 8708 ns, Total: 667250 ns
[2025-06-06T17:42:35.683+0000][20274.453s][debug][safepoint   ] Safepoint synchronization initiated using futex wait barrier. (184 threads)
[2025-06-06T17:42:35.684+0000][20274.454s][info ][safepoint   ] Safepoint "Cleanup", Time since last: 4007814710 ns, Reaching safepoint: 412833 ns, Cleanup: 90084 ns, At safepoint: 8625 ns, Total: 511542 ns
[2025-06-06T17:42:36.685+0000][20275.456s][debug][safepoint   ] Safepoint synchronization initiated using futex wait barrier. (184 threads)
[2025-06-06T17:42:36.686+0000][20275.457s][info ][safepoint   ] Safepoint "Cleanup", Time since last: 1001631708 ns, Reaching safepoint: 1121792 ns, Cleanup: 70750 ns, At safepoint: 15375 ns, Total: 1207917 ns
[2025-06-06T17:42:39.689+0000][20278.460s][debug][safepoint   ] Safepoint synchronization initiated using futex wait barrier. (187 threads)
[2025-06-06T17:42:39.690+0000][20278.460s][info ][safepoint   ] Safepoint "Cleanup", Time since last: 3002797918 ns, Reaching safepoint: 843042 ns, Cleanup: 55958 ns, At safepoint: 10583 ns, Total: 909583 ns
[2025-06-06T17:42:40.692+0000][20279.462s][debug][safepoint   ] Safepoint synchronization initiated using futex wait barrier. (187 threads)
[2025-06-06T17:42:40.693+0000][20279.463s][info ][safepoint   ] Safepoint "Cleanup", Time since last: 1001417709 ns, Reaching safepoint: 911834 ns, Cleanup: 112666 ns, At safepoint: 10875 ns, Total: 1035375 ns
[2025-06-06T17:42:43.695+0000][20282.465s][debug][safepoint   ] Safepoint synchronization initiated using futex wait barrier. (188 threads)
[2025-06-06T17:42:43.696+0000][20282.466s][info ][safepoint   ] Safepoint "Cleanup", Time since last: 3002581377 ns, Reaching safepoint: 736500 ns, Cleanup: 151583 ns, At safepoint: 33000 ns, Total: 921083 ns
[2025-06-06T17:42:51.707+0000][20290.478s][debug][safepoint   ] Safepoint synchronization initiated using futex wait barrier. (188 threads)
[2025-06-06T17:42:51.709+0000][20290.479s][info ][safepoint   ] Safepoint "Cleanup", Time since last: 8011123795 ns, Reaching safepoint: 1240334 ns, Cleanup: 80208 ns, At safepoint: 21042 ns, Total: 1341584 ns
[2025-06-06T17:43:01.722+0000][20300.492s][debug][safepoint   ] Safepoint synchronization initiated using futex wait barrier. (188 threads)
[2025-06-06T17:43:01.722+0000][20300.493s][info ][safepoint   ] Safepoint "Cleanup", Time since last: 10013339171 ns, Reaching safepoint: 364125 ns, Cleanup: 55750 ns, At safepoint: 6084 ns, Total: 425959 ns
[2025-06-06T17:43:10.734+0000][20309.504s][debug][safepoint   ] Safepoint synchronization initiated using futex wait barrier. (188 threads)
[2025-06-06T17:43:10.735+0000][20309.505s][info ][safepoint   ] Safepoint "Cleanup", Time since last: 9011052128 ns, Reaching safepoint: 1124333 ns, Cleanup: 66709 ns, At safepoint: 11250 ns, Total: 1202292 ns
[2025-06-06T17:43:35.079+0000][20333.849s][debug][safepoint   ] Safepoint synchronization initiated using futex wait barrier. (188 threads)
[2025-06-06T17:43:35.082+0000][20333.852s][info ][gc,start    ] GC(184) Pause Young (Normal) (G1 Evacuation Pause)
[2025-06-06T17:43:35.083+0000][20333.853s][info ][gc,task     ] GC(184) Using 2 workers of 2 for evacuation
[2025-06-06T17:43:35.101+0000][20333.871s][info ][gc,phases   ] GC(184)   Pre Evacuate Collection Set: 0.5ms
[2025-06-06T17:43:35.101+0000][20333.871s][info ][gc,phases   ] GC(184)   Merge Heap Roots: 0.3ms
[2025-06-06T17:43:35.101+0000][20333.871s][info ][gc,phases   ] GC(184)   Evacuate Collection Set: 15.2ms
[2025-06-06T17:43:35.101+0000][20333.871s][info ][gc,phases   ] GC(184)   Post Evacuate Collection Set: 1.8ms
[2025-06-06T17:43:35.101+0000][20333.871s][info ][gc,phases   ] GC(184)   Other: 1.1ms
[2025-06-06T17:43:35.101+0000][20333.871s][info ][gc,heap     ] GC(184) Eden regions: 284->0(282)
[2025-06-06T17:43:35.101+0000][20333.871s][info ][gc,heap     ] GC(184) Survivor regions: 6->7(37)
[2025-06-06T17:43:35.102+0000][20333.871s][info ][gc,heap     ] GC(184) Old regions: 191->191
[2025-06-06T17:43:35.102+0000][20333.872s][info ][gc,heap     ] GC(184) Archive regions: 2->2
[2025-06-06T17:43:35.102+0000][20333.872s][info ][gc,heap     ] GC(184) Humongous regions: 2->0
[2025-06-06T17:43:35.102+0000][20333.872s][info ][gc,metaspace] GC(184) Metaspace: 186970K(188672K)->186970K(188672K) NonClass: 164656K(165504K)->164656K(165504K) Class: 22313K(23168K)->22313K(23168K)
[2025-06-06T17:43:35.102+0000][20333.872s][info ][gc          ] GC(184) Pause Young (Normal) (G1 Evacuation Pause) 483M->197M(544M) 19.597ms
[2025-06-06T17:43:35.102+0000][20333.872s][info ][gc,cpu      ] GC(184) User=0.04s Sys=0.00s Real=0.02s
[2025-06-06T17:43:35.102+0000][20333.872s][info ][safepoint   ] Safepoint "G1CollectForAllocation", Time since last: 24343710220 ns, Reaching safepoint: 3189166 ns, Cleanup: 39625 ns, At safepoint: 20193167 ns, Total: 23421958 ns
[2025-06-06T17:43:44.116+0000][20342.887s][debug][safepoint   ] Safepoint synchronization initiated using futex wait barrier. (184 threads)
[2025-06-06T17:43:44.118+0000][20342.888s][info ][safepoint   ] Safepoint "Cleanup", Time since last: 9014692837 ns, Reaching safepoint: 1635417 ns, Cleanup: 47083 ns, At safepoint: 10167 ns, Total: 1692667 ns
[2025-06-06T17:43:58.138+0000][20356.908s][debug][safepoint   ] Safepoint synchronization initiated using futex wait barrier. (184 threads)
[2025-06-06T17:43:58.139+0000][20356.909s][info ][safepoint   ] Safepoint "Cleanup", Time since last: 14019907673 ns, Reaching safepoint: 607167 ns, Cleanup: 37875 ns, At safepoint: 18041 ns, Total: 663083 ns
[2025-06-06T17:44:08.155+0000][20366.926s][debug][safepoint   ] Safepoint synchronization initiated using futex wait barrier. (184 threads)
[2025-06-06T17:44:08.156+0000][20366.927s][info ][safepoint   ] Safepoint "Cleanup", Time since last: 10017050504 ns, Reaching safepoint: 1011125 ns, Cleanup: 69292 ns, At safepoint: 12875 ns, Total: 1093292 ns
[2025-06-06T17:44:21.251+0000][20380.022s][debug][safepoint   ] Safepoint synchronization initiated using futex wait barrier. (184 threads)
[2025-06-06T17:44:21.251+0000][20380.023s][info ][safepoint   ] Safepoint "Cleanup", Time since last: 13094752006 ns, Reaching safepoint: 736292 ns, Cleanup: 67958 ns, At safepoint: 8500 ns, Total: 812750 ns
[2025-06-06T17:44:38.293+0000][20397.064s][debug][safepoint   ] Safepoint synchronization initiated using futex wait barrier. (184 threads)
[2025-06-06T17:44:38.296+0000][20397.066s][info ][safepoint   ] Safepoint "Cleanup", Time since last: 17040980632 ns, Reaching safepoint: 2566209 ns, Cleanup: 71333 ns, At safepoint: 15583 ns, Total: 2653125 ns
[2025-06-06T17:44:41.300+0000][20400.070s][debug][safepoint   ] Safepoint synchronization initiated using futex wait barrier. (184 threads)
[2025-06-06T17:44:41.300+0000][20400.071s][info ][safepoint   ] Safepoint "Cleanup", Time since last: 3003913293 ns, Reaching safepoint: 430792 ns, Cleanup: 46375 ns, At safepoint: 7250 ns, Total: 484417 ns
[2025-06-06T17:44:52.316+0000][20411.087s][debug][safepoint   ] Safepoint synchronization initiated using futex wait barrier. (182 threads)
[2025-06-06T17:44:52.318+0000][20411.088s][info ][safepoint   ] Safepoint "Cleanup", Time since last: 11015992089 ns, Reaching safepoint: 1377125 ns, Cleanup: 156208 ns, At safepoint: 16625 ns, Total: 1549958 ns
[2025-06-06T17:45:03.347+0000][20422.118s][debug][safepoint   ] Safepoint synchronization initiated using futex wait barrier. (182 threads)
[2025-06-06T17:45:03.351+0000][20422.121s][info ][safepoint   ] Safepoint "Cleanup", Time since last: 11029358130 ns, Reaching safepoint: 3599459 ns, Cleanup: 37458 ns, At safepoint: 9042 ns, Total: 3645959 ns
[2025-06-06T17:45:31.351+0000][20450.122s][debug][safepoint   ] Safepoint synchronization initiated using futex wait barrier. (182 threads)
[2025-06-06T17:45:31.358+0000][20450.128s][info ][safepoint   ] Safepoint "Cleanup", Time since last: 28000604429 ns, Reaching safepoint: 4738333 ns, Cleanup: 1662959 ns, At safepoint: 26333 ns, Total: 6427625 ns
[2025-06-06T17:45:39.567+0000][20458.338s][debug][safepoint   ] Safepoint synchronization initiated using futex wait barrier. (182 threads)
[2025-06-06T17:45:39.567+0000][20458.339s][info ][gc,start    ] GC(185) Pause Young (Normal) (G1 Evacuation Pause)
[2025-06-06T17:45:39.568+0000][20458.339s][info ][gc,task     ] GC(185) Using 2 workers of 2 for evacuation
[2025-06-06T17:45:39.580+0000][20458.351s][info ][gc,phases   ] GC(185)   Pre Evacuate Collection Set: 0.2ms
[2025-06-06T17:45:39.583+0000][20458.354s][info ][gc,phases   ] GC(185)   Merge Heap Roots: 0.1ms
[2025-06-06T17:45:39.583+0000][20458.354s][info ][gc,phases   ] GC(185)   Evacuate Collection Set: 9.9ms
[2025-06-06T17:45:39.583+0000][20458.354s][info ][gc,phases   ] GC(185)   Post Evacuate Collection Set: 1.8ms
[2025-06-06T17:45:39.583+0000][20458.355s][info ][gc,phases   ] GC(185)   Other: 0.3ms
[2025-06-06T17:45:39.583+0000][20458.355s][info ][gc,heap     ] GC(185) Eden regions: 282->0(284)
[2025-06-06T17:45:39.583+0000][20458.355s][info ][gc,heap     ] GC(185) Survivor regions: 7->6(37)
[2025-06-06T17:45:39.584+0000][20458.355s][info ][gc,heap     ] GC(185) Old regions: 191->191
[2025-06-06T17:45:39.584+0000][20458.355s][info ][gc,heap     ] GC(185) Archive regions: 2->2
[2025-06-06T17:45:39.584+0000][20458.355s][info ][gc,heap     ] GC(185) Humongous regions: 0->0
[2025-06-06T17:45:39.584+0000][20458.355s][info ][gc,metaspace] GC(185) Metaspace: 186972K(188672K)->186972K(188672K) NonClass: 164659K(165504K)->164659K(165504K) Class: 22313K(23168K)->22313K(23168K)
[2025-06-06T17:45:39.584+0000][20458.355s][info ][gc          ] GC(185) Pause Young (Normal) (G1 Evacuation Pause) 479M->197M(544M) 16.660ms
[2025-06-06T17:45:39.584+0000][20458.356s][info ][gc,cpu      ] GC(185) User=0.02s Sys=0.00s Real=0.02s
[2025-06-06T17:45:39.584+0000][20458.356s][info ][safepoint   ] Safepoint "G1CollectForAllocation", Time since last: 8210155878 ns, Reaching safepoint: 222000 ns, Cleanup: 9417 ns, At safepoint: 17073125 ns, Total: 17304542 ns
[2025-06-06T17:46:31.369+0000][20510.140s][debug][safepoint   ] Safepoint synchronization initiated using futex wait barrier. (182 threads)
[2025-06-06T17:46:31.371+0000][20510.142s][info ][safepoint   ] Safepoint "Cleanup", Time since last: 51784546274 ns, Reaching safepoint: 1575375 ns, Cleanup: 53667 ns, At safepoint: 7375 ns, Total: 1636417 ns
[2025-06-06T17:47:45.683+0000][20584.455s][debug][safepoint   ] Safepoint synchronization initiated using futex wait barrier. (182 threads)
[2025-06-06T17:47:45.687+0000][20584.459s][info ][gc,start    ] GC(186) Pause Young (Normal) (G1 Evacuation Pause)
[2025-06-06T17:47:45.687+0000][20584.459s][info ][gc,task     ] GC(186) Using 2 workers of 2 for evacuation
[2025-06-06T17:47:45.708+0000][20584.481s][info ][gc,phases   ] GC(186)   Pre Evacuate Collection Set: 0.5ms
[2025-06-06T17:47:45.709+0000][20584.481s][info ][gc,phases   ] GC(186)   Merge Heap Roots: 0.4ms
[2025-06-06T17:47:45.709+0000][20584.481s][info ][gc,phases   ] GC(186)   Evacuate Collection Set: 17.0ms
[2025-06-06T17:47:45.709+0000][20584.481s][info ][gc,phases   ] GC(186)   Post Evacuate Collection Set: 3.0ms
[2025-06-06T17:47:45.709+0000][20584.482s][info ][gc,phases   ] GC(186)   Other: 1.4ms
[2025-06-06T17:47:45.710+0000][20584.482s][info ][gc,heap     ] GC(186) Eden regions: 284->0(284)
[2025-06-06T17:47:45.710+0000][20584.482s][info ][gc,heap     ] GC(186) Survivor regions: 6->6(37)
[2025-06-06T17:47:45.710+0000][20584.482s][info ][gc,heap     ] GC(186) Old regions: 191->191
[2025-06-06T17:47:45.710+0000][20584.482s][info ][gc,heap     ] GC(186) Archive regions: 2->2
[2025-06-06T17:47:45.710+0000][20584.482s][info ][gc,heap     ] GC(186) Humongous regions: 0->0
[2025-06-06T17:47:45.710+0000][20584.482s][info ][gc,metaspace] GC(186) Metaspace: 186975K(188672K)->186975K(188672K) NonClass: 164661K(165504K)->164661K(165504K) Class: 22313K(23168K)->22313K(23168K)
[2025-06-06T17:47:45.710+0000][20584.482s][info ][gc          ] GC(186) Pause Young (Normal) (G1 Evacuation Pause) 481M->197M(544M) 23.549ms
[2025-06-06T17:47:45.710+0000][20584.483s][info ][gc,cpu      ] GC(186) User=0.04s Sys=0.00s Real=0.03s
[2025-06-06T17:47:45.711+0000][20584.483s][info ][safepoint   ] Safepoint "G1CollectForAllocation", Time since last: 74313548950 ns, Reaching safepoint: 2729542 ns, Cleanup: 32375 ns, At safepoint: 25024833 ns, Total: 27786750 ns
[2025-06-06T17:47:46.712+0000][20585.484s][debug][safepoint   ] Safepoint synchronization initiated using futex wait barrier. (182 threads)
[2025-06-06T17:47:46.713+0000][20585.485s][info ][safepoint   ] Safepoint "Cleanup", Time since last: 1001213626 ns, Reaching safepoint: 609500 ns, Cleanup: 116291 ns, At safepoint: 13709 ns, Total: 739500 ns
[2025-06-06T17:48:05.733+0000][20604.505s][debug][safepoint   ] Safepoint synchronization initiated using futex wait barrier. (182 threads)
[2025-06-06T17:48:05.735+0000][20604.507s][info ][safepoint   ] Safepoint "Cleanup", Time since last: 19019807884 ns, Reaching safepoint: 1796125 ns, Cleanup: 44375 ns, At safepoint: 9583 ns, Total: 1850083 ns
[2025-06-06T17:49:06.508+0000][20665.280s][debug][safepoint   ] Safepoint synchronization initiated using futex wait barrier. (182 threads)
[2025-06-06T17:49:06.510+0000][20665.282s][info ][safepoint   ] Safepoint "Cleanup", Time since last: 60773084526 ns, Reaching safepoint: 2240542 ns, Cleanup: 51667 ns, At safepoint: 19125 ns, Total: 2311334 ns
[2025-06-06T17:49:52.535+0000][20711.307s][debug][safepoint   ] Safepoint synchronization initiated using futex wait barrier. (183 threads)
[2025-06-06T17:49:52.536+0000][20711.308s][info ][gc,start    ] GC(187) Pause Young (Normal) (G1 Evacuation Pause)
[2025-06-06T17:49:52.536+0000][20711.308s][info ][gc,task     ] GC(187) Using 2 workers of 2 for evacuation
[2025-06-06T17:49:52.545+0000][20711.317s][info ][gc,phases   ] GC(187)   Pre Evacuate Collection Set: 0.1ms
[2025-06-06T17:49:52.545+0000][20711.317s][info ][gc,phases   ] GC(187)   Merge Heap Roots: 0.1ms
[2025-06-06T17:49:52.545+0000][20711.317s][info ][gc,phases   ] GC(187)   Evacuate Collection Set: 7.6ms
[2025-06-06T17:49:52.545+0000][20711.317s][info ][gc,phases   ] GC(187)   Post Evacuate Collection Set: 1.3ms
[2025-06-06T17:49:52.545+0000][20711.318s][info ][gc,phases   ] GC(187)   Other: 0.3ms
[2025-06-06T17:49:52.545+0000][20711.318s][info ][gc,heap     ] GC(187) Eden regions: 284->0(284)
[2025-06-06T17:49:52.545+0000][20711.318s][info ][gc,heap     ] GC(187) Survivor regions: 6->6(37)
[2025-06-06T17:49:52.545+0000][20711.318s][info ][gc,heap     ] GC(187) Old regions: 191->191
[2025-06-06T17:49:52.545+0000][20711.318s][info ][gc,heap     ] GC(187) Archive regions: 2->2
[2025-06-06T17:49:52.545+0000][20711.318s][info ][gc,heap     ] GC(187) Humongous regions: 0->0
[2025-06-06T17:49:52.546+0000][20711.318s][info ][gc,metaspace] GC(187) Metaspace: 186980K(188672K)->186980K(188672K) NonClass: 164666K(165504K)->164666K(165504K) Class: 22313K(23168K)->22313K(23168K)
[2025-06-06T17:49:52.546+0000][20711.318s][info ][gc          ] GC(187) Pause Young (Normal) (G1 Evacuation Pause) 481M->197M(544M) 9.920ms
[2025-06-06T17:49:52.546+0000][20711.318s][info ][gc,cpu      ] GC(187) User=0.02s Sys=0.00s Real=0.01s
[2025-06-06T17:49:52.546+0000][20711.318s][info ][safepoint   ] Safepoint "G1CollectForAllocation", Time since last: 46025030520 ns, Reaching safepoint: 521084 ns, Cleanup: 8083 ns, At safepoint: 10151375 ns, Total: 10680542 ns
[2025-06-06T17:50:10.581+0000][20729.354s][debug][safepoint   ] Safepoint synchronization initiated using futex wait barrier. (183 threads)
[2025-06-06T17:50:10.582+0000][20729.355s][info ][safepoint   ] Safepoint "Cleanup", Time since last: 18036089883 ns, Reaching safepoint: 583500 ns, Cleanup: 50875 ns, At safepoint: 6416 ns, Total: 640791 ns
[2025-06-06T17:50:29.361+0000][20748.134s][debug][safepoint   ] Safepoint synchronization initiated using futex wait barrier. (183 threads)
[2025-06-06T17:50:29.364+0000][20748.137s][info ][safepoint   ] Safepoint "Cleanup", Time since last: 18779011801 ns, Reaching safepoint: 2780875 ns, Cleanup: 28042 ns, At safepoint: 7416 ns, Total: 2816333 ns
[2025-06-06T17:50:30.365+0000][20749.138s][debug][safepoint   ] Safepoint synchronization initiated using futex wait barrier. (183 threads)
[2025-06-06T17:50:30.366+0000][20749.139s][info ][safepoint   ] Safepoint "Cleanup", Time since last: 1001350668 ns, Reaching safepoint: 522041 ns, Cleanup: 274417 ns, At safepoint: 8375 ns, Total: 804833 ns
[2025-06-06T17:50:43.404+0000][20762.176s][debug][safepoint   ] Safepoint synchronization initiated using futex wait barrier. (183 threads)
[2025-06-06T17:50:43.405+0000][20762.177s][info ][safepoint   ] Safepoint "Cleanup", Time since last: 13037634089 ns, Reaching safepoint: 762041 ns, Cleanup: 127334 ns, At safepoint: 13458 ns, Total: 902833 ns
[2025-06-06T17:50:44.406+0000][20763.179s][debug][safepoint   ] Safepoint synchronization initiated using futex wait barrier. (189 threads)
[2025-06-06T17:50:44.407+0000][20763.179s][info ][safepoint   ] Safepoint "Cleanup", Time since last: 1001385584 ns, Reaching safepoint: 658417 ns, Cleanup: 123708 ns, At safepoint: 8292 ns, Total: 790417 ns
[2025-06-06T17:50:52.423+0000][20771.195s][debug][safepoint   ] Safepoint synchronization initiated using futex wait barrier. (189 threads)
[2025-06-06T17:50:52.424+0000][20771.197s][info ][safepoint   ] Safepoint "Cleanup", Time since last: 8016069795 ns, Reaching safepoint: 1278167 ns, Cleanup: 36541 ns, At safepoint: 8625 ns, Total: 1323333 ns
[2025-06-06T17:50:56.895+0000][20775.667s][debug][safepoint   ] Safepoint synchronization initiated using futex wait barrier. (190 threads)
[2025-06-06T17:50:56.896+0000][20775.669s][info ][gc,start    ] GC(188) Pause Young (Normal) (G1 Evacuation Pause)
[2025-06-06T17:50:56.897+0000][20775.670s][info ][gc,task     ] GC(188) Using 2 workers of 2 for evacuation
[2025-06-06T17:50:56.920+0000][20775.692s][info ][gc,phases   ] GC(188)   Pre Evacuate Collection Set: 0.7ms
[2025-06-06T17:50:56.920+0000][20775.693s][info ][gc,phases   ] GC(188)   Merge Heap Roots: 0.5ms
[2025-06-06T17:50:56.920+0000][20775.693s][info ][gc,phases   ] GC(188)   Evacuate Collection Set: 18.9ms
[2025-06-06T17:50:56.920+0000][20775.693s][info ][gc,phases   ] GC(188)   Post Evacuate Collection Set: 2.2ms
[2025-06-06T17:50:56.920+0000][20775.693s][info ][gc,phases   ] GC(188)   Other: 1.3ms
[2025-06-06T17:50:56.920+0000][20775.693s][info ][gc,heap     ] GC(188) Eden regions: 284->0(283)
[2025-06-06T17:50:56.921+0000][20775.693s][info ][gc,heap     ] GC(188) Survivor regions: 6->6(37)
[2025-06-06T17:50:56.921+0000][20775.693s][info ][gc,heap     ] GC(188) Old regions: 191->192
[2025-06-06T17:50:56.921+0000][20775.693s][info ][gc,heap     ] GC(188) Archive regions: 2->2
[2025-06-06T17:50:56.921+0000][20775.694s][info ][gc,heap     ] GC(188) Humongous regions: 21->0
[2025-06-06T17:50:56.921+0000][20775.694s][info ][gc,metaspace] GC(188) Metaspace: 187069K(188800K)->187069K(188800K) NonClass: 164747K(165632K)->164747K(165632K) Class: 22322K(23168K)->22322K(23168K)
[2025-06-06T17:50:56.921+0000][20775.694s][info ][gc          ] GC(188) Pause Young (Normal) (G1 Evacuation Pause) 502M->198M(544M) 24.894ms
[2025-06-06T17:50:56.921+0000][20775.694s][info ][gc,cpu      ] GC(188) User=0.05s Sys=0.00s Real=0.03s
[2025-06-06T17:50:56.922+0000][20775.694s][info ][safepoint   ] Safepoint "G1CollectForAllocation", Time since last: 4470524503 ns, Reaching safepoint: 1383250 ns, Cleanup: 19500 ns, At safepoint: 25722416 ns, Total: 27125166 ns
[2025-06-06T17:50:58.923+0000][20777.696s][debug][safepoint   ] Safepoint synchronization initiated using futex wait barrier. (190 threads)
[2025-06-06T17:50:58.924+0000][20777.696s][info ][safepoint   ] Safepoint "Cleanup", Time since last: 2001322418 ns, Reaching safepoint: 644000 ns, Cleanup: 39708 ns, At safepoint: 6959 ns, Total: 690667 ns
[2025-06-06T17:51:07.936+0000][20786.709s][debug][safepoint   ] Safepoint synchronization initiated using futex wait barrier. (190 threads)
[2025-06-06T17:51:07.937+0000][20786.710s][info ][safepoint   ] Safepoint "Cleanup", Time since last: 9012612670 ns, Reaching safepoint: 877875 ns, Cleanup: 33667 ns, At safepoint: 10292 ns, Total: 921834 ns
[2025-06-06T17:51:35.640+0000][20814.413s][debug][safepoint   ] Safepoint synchronization initiated using futex wait barrier. (190 threads)
[2025-06-06T17:51:35.641+0000][20814.414s][info ][safepoint   ] Safepoint "Cleanup", Time since last: 27703253471 ns, Reaching safepoint: 1017208 ns, Cleanup: 83042 ns, At safepoint: 12458 ns, Total: 1112708 ns
[2025-06-06T17:51:38.644+0000][20817.417s][debug][safepoint   ] Safepoint synchronization initiated using futex wait barrier. (190 threads)
[2025-06-06T17:51:38.650+0000][20817.423s][info ][safepoint   ] Safepoint "Cleanup", Time since last: 3002833543 ns, Reaching safepoint: 5951667 ns, Cleanup: 10667 ns, At safepoint: 2625 ns, Total: 5964959 ns
[2025-06-06T17:51:39.651+0000][20818.424s][debug][safepoint   ] Safepoint synchronization initiated using futex wait barrier. (190 threads)
[2025-06-06T17:51:39.651+0000][20818.425s][info ][safepoint   ] Safepoint "Cleanup", Time since last: 1001096458 ns, Reaching safepoint: 300375 ns, Cleanup: 19250 ns, At safepoint: 13125 ns, Total: 332750 ns
[2025-06-06T17:51:56.678+0000][20835.451s][debug][safepoint   ] Safepoint synchronization initiated using futex wait barrier. (192 threads)
[2025-06-06T17:51:56.679+0000][20835.452s][info ][safepoint   ] Safepoint "Cleanup", Time since last: 17026863842 ns, Reaching safepoint: 593083 ns, Cleanup: 38292 ns, At safepoint: 7750 ns, Total: 639125 ns
[2025-06-06T17:52:06.695+0000][20845.468s][debug][safepoint   ] Safepoint synchronization initiated using futex wait barrier. (192 threads)
[2025-06-06T17:52:06.695+0000][20845.469s][info ][safepoint   ] Safepoint "Cleanup", Time since last: 10016241545 ns, Reaching safepoint: 567750 ns, Cleanup: 63125 ns, At safepoint: 7750 ns, Total: 638625 ns
[2025-06-06T17:52:13.719+0000][20852.493s][debug][safepoint   ] Safepoint synchronization initiated using futex wait barrier. (192 threads)
[2025-06-06T17:52:13.720+0000][20852.493s][info ][safepoint   ] Safepoint "Cleanup", Time since last: 7023701545 ns, Reaching safepoint: 393792 ns, Cleanup: 68208 ns, At safepoint: 12209 ns, Total: 474209 ns
[2025-06-06T17:52:15.722+0000][20854.496s][debug][safepoint   ] Safepoint synchronization initiated using futex wait barrier. (192 threads)
[2025-06-06T17:52:15.723+0000][20854.497s][info ][safepoint   ] Safepoint "Cleanup", Time since last: 2002736626 ns, Reaching safepoint: 842666 ns, Cleanup: 83375 ns, At safepoint: 11500 ns, Total: 937541 ns
[2025-06-06T17:52:21.843+0000][20860.616s][debug][safepoint   ] Safepoint synchronization initiated using futex wait barrier. (192 threads)
[2025-06-06T17:52:21.843+0000][20860.617s][info ][safepoint   ] Safepoint "Cleanup", Time since last: 6119332295 ns, Reaching safepoint: 607958 ns, Cleanup: 70750 ns, At safepoint: 8667 ns, Total: 687375 ns
[2025-06-06T17:52:39.657+0000][20878.431s][debug][safepoint   ] Safepoint synchronization initiated using futex wait barrier. (192 threads)
[2025-06-06T17:52:39.657+0000][20878.431s][info ][gc,start    ] GC(189) Pause Young (Normal) (G1 Evacuation Pause)
[2025-06-06T17:52:39.657+0000][20878.431s][info ][gc,task     ] GC(189) Using 2 workers of 2 for evacuation
[2025-06-06T17:52:39.717+0000][20878.491s][info ][gc,phases   ] GC(189)   Pre Evacuate Collection Set: 0.2ms
[2025-06-06T17:52:39.718+0000][20878.491s][info ][gc,phases   ] GC(189)   Merge Heap Roots: 0.2ms
[2025-06-06T17:52:39.718+0000][20878.491s][info ][gc,phases   ] GC(189)   Evacuate Collection Set: 57.7ms
[2025-06-06T17:52:39.718+0000][20878.491s][info ][gc,phases   ] GC(189)   Post Evacuate Collection Set: 1.5ms
[2025-06-06T17:52:39.718+0000][20878.492s][info ][gc,phases   ] GC(189)   Other: 0.4ms
[2025-06-06T17:52:39.718+0000][20878.492s][info ][gc,heap     ] GC(189) Eden regions: 283->0(283)
[2025-06-06T17:52:39.718+0000][20878.492s][info ][gc,heap     ] GC(189) Survivor regions: 6->6(37)
[2025-06-06T17:52:39.718+0000][20878.492s][info ][gc,heap     ] GC(189) Old regions: 192->192
[2025-06-06T17:52:39.718+0000][20878.492s][info ][gc,heap     ] GC(189) Archive regions: 2->2
[2025-06-06T17:52:39.718+0000][20878.492s][info ][gc,heap     ] GC(189) Humongous regions: 0->0
[2025-06-06T17:52:39.718+0000][20878.492s][info ][gc,metaspace] GC(189) Metaspace: 187093K(188800K)->187093K(188800K) NonClass: 164771K(165632K)->164771K(165632K) Class: 22322K(23168K)->22322K(23168K)
[2025-06-06T17:52:39.718+0000][20878.492s][info ][gc          ] GC(189) Pause Young (Normal) (G1 Evacuation Pause) 481M->198M(544M) 60.978ms
[2025-06-06T17:52:39.718+0000][20878.492s][info ][gc,cpu      ] GC(189) User=0.02s Sys=0.00s Real=0.07s
[2025-06-06T17:52:39.719+0000][20878.492s][info ][safepoint   ] Safepoint "G1CollectForAllocation", Time since last: 17813654424 ns, Reaching safepoint: 468000 ns, Cleanup: 24792 ns, At safepoint: 61437666 ns, Total: 61930458 ns
[2025-06-06T17:52:43.726+0000][20882.500s][debug][safepoint   ] Safepoint synchronization initiated using futex wait barrier. (192 threads)
[2025-06-06T17:52:43.727+0000][20882.501s][info ][safepoint   ] Safepoint "Cleanup", Time since last: 4007182794 ns, Reaching safepoint: 1014583 ns, Cleanup: 124084 ns, At safepoint: 12708 ns, Total: 1151375 ns
[2025-06-06T17:52:59.754+0000][20898.528s][debug][safepoint   ] Safepoint synchronization initiated using futex wait barrier. (189 threads)
[2025-06-06T17:52:59.755+0000][20898.529s][info ][safepoint   ] Safepoint "Cleanup", Time since last: 16026793591 ns, Reaching safepoint: 1165875 ns, Cleanup: 102667 ns, At safepoint: 14500 ns, Total: 1283042 ns
[2025-06-06T17:53:11.779+0000][20910.553s][debug][safepoint   ] Safepoint synchronization initiated using futex wait barrier. (189 threads)
[2025-06-06T17:53:11.783+0000][20910.556s][info ][safepoint   ] Safepoint "Cleanup", Time since last: 12024026755 ns, Reaching safepoint: 3225000 ns, Cleanup: 53583 ns, At safepoint: 7542 ns, Total: 3286125 ns
[2025-06-06T17:53:18.795+0000][20917.569s][debug][safepoint   ] Safepoint synchronization initiated using futex wait barrier. (189 threads)
[2025-06-06T17:53:18.796+0000][20917.569s][info ][safepoint   ] Safepoint "Cleanup", Time since last: 7012578753 ns, Reaching safepoint: 551875 ns, Cleanup: 65833 ns, At safepoint: 8292 ns, Total: 626000 ns
[2025-06-06T17:53:25.886+0000][20924.659s][debug][safepoint   ] Safepoint synchronization initiated using futex wait barrier. (189 threads)
[2025-06-06T17:53:25.886+0000][20924.660s][info ][safepoint   ] Safepoint "Cleanup", Time since last: 7089889420 ns, Reaching safepoint: 468958 ns, Cleanup: 56500 ns, At safepoint: 7000 ns, Total: 532458 ns
[2025-06-06T17:53:39.907+0000][20938.681s][debug][safepoint   ] Safepoint synchronization initiated using futex wait barrier. (189 threads)
[2025-06-06T17:53:39.907+0000][20938.681s][info ][safepoint   ] Safepoint "Cleanup", Time since last: 14021118173 ns, Reaching safepoint: 466333 ns, Cleanup: 45209 ns, At safepoint: 11416 ns, Total: 522958 ns
[2025-06-06T17:54:11.953+0000][20970.728s][debug][safepoint   ] Safepoint synchronization initiated using futex wait barrier. (187 threads)
[2025-06-06T17:54:11.954+0000][20970.728s][info ][safepoint   ] Safepoint "Cleanup", Time since last: 32046156765 ns, Reaching safepoint: 755417 ns, Cleanup: 44792 ns, At safepoint: 11750 ns, Total: 811959 ns
[2025-06-06T17:54:26.957+0000][20985.732s][debug][safepoint   ] Safepoint synchronization initiated using futex wait barrier. (187 threads)
[2025-06-06T17:54:26.958+0000][20985.733s][info ][safepoint   ] Safepoint "Cleanup", Time since last: 15003663882 ns, Reaching safepoint: 620917 ns, Cleanup: 52666 ns, At safepoint: 6917 ns, Total: 680500 ns
[2025-06-06T17:54:27.060+0000][20985.835s][debug][safepoint   ] Safepoint synchronization initiated using futex wait barrier. (187 threads)
[2025-06-06T17:54:27.061+0000][20985.835s][info ][gc,start    ] GC(190) Pause Young (Normal) (G1 Evacuation Pause)
[2025-06-06T17:54:27.061+0000][20985.835s][info ][gc,task     ] GC(190) Using 2 workers of 2 for evacuation
[2025-06-06T17:54:27.079+0000][20985.853s][info ][gc,phases   ] GC(190)   Pre Evacuate Collection Set: 0.3ms
[2025-06-06T17:54:27.079+0000][20985.854s][info ][gc,phases   ] GC(190)   Merge Heap Roots: 0.3ms
[2025-06-06T17:54:27.079+0000][20985.854s][info ][gc,phases   ] GC(190)   Evacuate Collection Set: 14.3ms
[2025-06-06T17:54:27.079+0000][20985.854s][info ][gc,phases   ] GC(190)   Post Evacuate Collection Set: 2.8ms
[2025-06-06T17:54:27.079+0000][20985.854s][info ][gc,phases   ] GC(190)   Other: 0.6ms
[2025-06-06T17:54:27.079+0000][20985.854s][info ][gc,heap     ] GC(190) Eden regions: 283->0(283)
[2025-06-06T17:54:27.079+0000][20985.854s][info ][gc,heap     ] GC(190) Survivor regions: 6->6(37)
[2025-06-06T17:54:27.079+0000][20985.854s][info ][gc,heap     ] GC(190) Old regions: 192->192
[2025-06-06T17:54:27.079+0000][20985.854s][info ][gc,heap     ] GC(190) Archive regions: 2->2
[2025-06-06T17:54:27.080+0000][20985.854s][info ][gc,heap     ] GC(190) Humongous regions: 5->0
[2025-06-06T17:54:27.080+0000][20985.854s][info ][gc,metaspace] GC(190) Metaspace: 187096K(188800K)->187096K(188800K) NonClass: 164773K(165632K)->164773K(165632K) Class: 22323K(23168K)->22323K(23168K)
[2025-06-06T17:54:27.080+0000][20985.854s][info ][gc          ] GC(190) Pause Young (Normal) (G1 Evacuation Pause) 486M->197M(544M) 19.106ms
[2025-06-06T17:54:27.080+0000][20985.854s][info ][gc,cpu      ] GC(190) User=0.04s Sys=0.00s Real=0.02s
[2025-06-06T17:54:27.080+0000][20985.855s][info ][safepoint   ] Safepoint "G1CollectForAllocation", Time since last: 101948208 ns, Reaching safepoint: 322875 ns, Cleanup: 12500 ns, At safepoint: 19933042 ns, Total: 20268417 ns
[2025-06-06T17:55:11.144+0000][21029.918s][debug][safepoint   ] Safepoint synchronization initiated using futex wait barrier. (189 threads)
[2025-06-06T17:55:11.144+0000][21029.919s][info ][safepoint   ] Safepoint "Cleanup", Time since last: 44063483811 ns, Reaching safepoint: 426542 ns, Cleanup: 79958 ns, At safepoint: 8542 ns, Total: 515042 ns
[2025-06-06T17:56:31.295+0000][21110.070s][debug][safepoint   ] Safepoint synchronization initiated using futex wait barrier. (186 threads)
[2025-06-06T17:56:31.295+0000][21110.070s][info ][gc,start    ] GC(191) Pause Young (Normal) (G1 Evacuation Pause)
[2025-06-06T17:56:31.295+0000][21110.070s][info ][gc,task     ] GC(191) Using 2 workers of 2 for evacuation
[2025-06-06T17:56:31.307+0000][21110.082s][info ][gc,phases   ] GC(191)   Pre Evacuate Collection Set: 0.3ms
[2025-06-06T17:56:31.307+0000][21110.082s][info ][gc,phases   ] GC(191)   Merge Heap Roots: 0.2ms
[2025-06-06T17:56:31.307+0000][21110.082s][info ][gc,phases   ] GC(191)   Evacuate Collection Set: 9.5ms
[2025-06-06T17:56:31.307+0000][21110.082s][info ][gc,phases   ] GC(191)   Post Evacuate Collection Set: 1.4ms
[2025-06-06T17:56:31.307+0000][21110.082s][info ][gc,phases   ] GC(191)   Other: 0.6ms
[2025-06-06T17:56:31.307+0000][21110.083s][info ][gc,heap     ] GC(191) Eden regions: 283->0(285)
[2025-06-06T17:56:31.307+0000][21110.083s][info ][gc,heap     ] GC(191) Survivor regions: 6->3(37)
[2025-06-06T17:56:31.308+0000][21110.083s][info ][gc,heap     ] GC(191) Old regions: 192->196
[2025-06-06T17:56:31.308+0000][21110.083s][info ][gc,heap     ] GC(191) Archive regions: 2->2
[2025-06-06T17:56:31.308+0000][21110.083s][info ][gc,heap     ] GC(191) Humongous regions: 0->0
[2025-06-06T17:56:31.308+0000][21110.083s][info ][gc,metaspace] GC(191) Metaspace: 187097K(188800K)->187097K(188800K) NonClass: 164773K(165632K)->164773K(165632K) Class: 22323K(23168K)->22323K(23168K)
[2025-06-06T17:56:31.308+0000][21110.083s][info ][gc          ] GC(191) Pause Young (Normal) (G1 Evacuation Pause) 480M->198M(544M) 12.608ms
[2025-06-06T17:56:31.308+0000][21110.083s][info ][gc,cpu      ] GC(191) User=0.02s Sys=0.00s Real=0.02s
[2025-06-06T17:56:31.308+0000][21110.083s][info ][safepoint   ] Safepoint "G1CollectForAllocation", Time since last: 80150726745 ns, Reaching safepoint: 425792 ns, Cleanup: 30250 ns, At safepoint: 13078958 ns, Total: 13535000 ns
[2025-06-06T17:56:35.318+0000][21114.093s][debug][safepoint   ] Safepoint synchronization initiated using futex wait barrier. (186 threads)
[2025-06-06T17:56:35.320+0000][21114.095s][info ][safepoint   ] Safepoint "Cleanup", Time since last: 4009491335 ns, Reaching safepoint: 1908084 ns, Cleanup: 92083 ns, At safepoint: 7958 ns, Total: 2008125 ns
[2025-06-06T17:56:41.332+0000][21120.107s][debug][safepoint   ] Safepoint synchronization initiated using futex wait barrier. (187 threads)
[2025-06-06T17:56:41.334+0000][21120.109s][info ][safepoint   ] Safepoint "Cleanup", Time since last: 6012477669 ns, Reaching safepoint: 1338083 ns, Cleanup: 97917 ns, At safepoint: 13958 ns, Total: 1449958 ns
[2025-06-06T17:56:56.357+0000][21135.131s][debug][safepoint   ] Safepoint synchronization initiated using futex wait barrier. (186 threads)
[2025-06-06T17:56:56.358+0000][21135.132s][info ][safepoint   ] Safepoint "Cleanup", Time since last: 15022749966 ns, Reaching safepoint: 1019541 ns, Cleanup: 68125 ns, At safepoint: 12834 ns, Total: 1100500 ns
[2025-06-06T17:57:37.011+0000][21175.787s][debug][safepoint   ] Safepoint synchronization initiated using futex wait barrier. (185 threads)
[2025-06-06T17:57:37.013+0000][21175.789s][info ][safepoint   ] Safepoint "Cleanup", Time since last: 40654077518 ns, Reaching safepoint: 2204959 ns, Cleanup: 221916 ns, At safepoint: 30625 ns, Total: 2457500 ns
[2025-06-06T17:57:52.035+0000][21190.810s][debug][safepoint   ] Safepoint synchronization initiated using futex wait barrier. (185 threads)
[2025-06-06T17:57:52.035+0000][21190.811s][info ][safepoint   ] Safepoint "Cleanup", Time since last: 15021409716 ns, Reaching safepoint: 550625 ns, Cleanup: 24667 ns, At safepoint: 31208 ns, Total: 606500 ns
[2025-06-06T17:58:18.077+0000][21216.852s][debug][safepoint   ] Safepoint synchronization initiated using futex wait barrier. (184 threads)
[2025-06-06T17:58:18.077+0000][21216.852s][info ][safepoint   ] Safepoint "Cleanup", Time since last: 26041181720 ns, Reaching safepoint: 186250 ns, Cleanup: 18959 ns, At safepoint: 4958 ns, Total: 210167 ns
[2025-06-06T17:58:36.353+0000][21235.129s][debug][safepoint   ] Safepoint synchronization initiated using futex wait barrier. (186 threads)
[2025-06-06T17:58:36.353+0000][21235.129s][info ][gc,start    ] GC(192) Pause Young (Normal) (G1 Evacuation Pause)
[2025-06-06T17:58:36.354+0000][21235.130s][info ][gc,task     ] GC(192) Using 2 workers of 2 for evacuation
[2025-06-06T17:58:36.361+0000][21235.137s][info ][gc,phases   ] GC(192)   Pre Evacuate Collection Set: 0.3ms
[2025-06-06T17:58:36.362+0000][21235.138s][info ][gc,phases   ] GC(192)   Merge Heap Roots: 0.2ms
[2025-06-06T17:58:36.362+0000][21235.138s][info ][gc,phases   ] GC(192)   Evacuate Collection Set: 5.4ms
[2025-06-06T17:58:36.362+0000][21235.138s][info ][gc,phases   ] GC(192)   Post Evacuate Collection Set: 1.7ms
[2025-06-06T17:58:36.362+0000][21235.138s][info ][gc,phases   ] GC(192)   Other: 0.5ms
[2025-06-06T17:58:36.362+0000][21235.138s][info ][gc,heap     ] GC(192) Eden regions: 285->0(287)
[2025-06-06T17:58:36.362+0000][21235.138s][info ][gc,heap     ] GC(192) Survivor regions: 3->2(36)
[2025-06-06T17:58:36.362+0000][21235.138s][info ][gc,heap     ] GC(192) Old regions: 196->196
[2025-06-06T17:58:36.362+0000][21235.138s][info ][gc,heap     ] GC(192) Archive regions: 2->2
[2025-06-06T17:58:36.362+0000][21235.138s][info ][gc,heap     ] GC(192) Humongous regions: 0->0
[2025-06-06T17:58:36.362+0000][21235.138s][info ][gc,metaspace] GC(192) Metaspace: 187146K(188864K)->187146K(188864K) NonClass: 164815K(165696K)->164815K(165696K) Class: 22331K(23168K)->22331K(23168K)
[2025-06-06T17:58:36.362+0000][21235.138s][info ][gc          ] GC(192) Pause Young (Normal) (G1 Evacuation Pause) 483M->198M(544M) 8.898ms
[2025-06-06T17:58:36.362+0000][21235.138s][info ][gc,cpu      ] GC(192) User=0.02s Sys=0.00s Real=0.01s
[2025-06-06T17:58:36.363+0000][21235.139s][info ][safepoint   ] Safepoint "G1CollectForAllocation", Time since last: 18276550924 ns, Reaching safepoint: 269792 ns, Cleanup: 9500 ns, At safepoint: 9512208 ns, Total: 9791500 ns
[2025-06-06T17:58:37.812+0000][21236.588s][debug][safepoint   ] Safepoint synchronization initiated using futex wait barrier. (186 threads)
[2025-06-06T17:58:37.812+0000][21236.588s][info ][safepoint   ] Safepoint "Cleanup", Time since last: 1449278501 ns, Reaching safepoint: 176125 ns, Cleanup: 18167 ns, At safepoint: 8416 ns, Total: 202708 ns
[2025-06-06T17:58:38.815+0000][21237.591s][debug][safepoint   ] Safepoint synchronization initiated using futex wait barrier. (186 threads)
[2025-06-06T17:58:38.816+0000][21237.592s][info ][safepoint   ] Safepoint "Cleanup", Time since last: 1002393668 ns, Reaching safepoint: 860375 ns, Cleanup: 161625 ns, At safepoint: 12166 ns, Total: 1034166 ns
[2025-06-06T17:58:47.828+0000][21246.604s][debug][safepoint   ] Safepoint synchronization initiated using futex wait barrier. (184 threads)
[2025-06-06T17:58:47.830+0000][21246.606s][info ][safepoint   ] Safepoint "Cleanup", Time since last: 9012755296 ns, Reaching safepoint: 987834 ns, Cleanup: 69666 ns, At safepoint: 17792 ns, Total: 1075292 ns
[2025-06-06T17:59:03.857+0000][21262.633s][debug][safepoint   ] Safepoint synchronization initiated using futex wait barrier. (184 threads)
[2025-06-06T17:59:03.859+0000][21262.635s][info ][safepoint   ] Safepoint "Cleanup", Time since last: 16027443424 ns, Reaching safepoint: 1434000 ns, Cleanup: 335625 ns, At safepoint: 19125 ns, Total: 1788750 ns
[2025-06-06T17:59:30.050+0000][21288.826s][debug][safepoint   ] Safepoint synchronization initiated using futex wait barrier. (184 threads)
[2025-06-06T17:59:30.053+0000][21288.829s][info ][safepoint   ] Safepoint "Cleanup", Time since last: 26190840096 ns, Reaching safepoint: 3457708 ns, Cleanup: 68167 ns, At safepoint: 50166 ns, Total: 3576041 ns
[2025-06-06T17:59:45.081+0000][21303.858s][debug][safepoint   ] Safepoint synchronization initiated using futex wait barrier. (186 threads)
[2025-06-06T17:59:45.082+0000][21303.858s][info ][safepoint   ] Safepoint "Cleanup", Time since last: 15028695923 ns, Reaching safepoint: 505750 ns, Cleanup: 28000 ns, At safepoint: 8834 ns, Total: 542584 ns
[2025-06-06T18:00:42.348+0000][21361.125s][debug][safepoint   ] Safepoint synchronization initiated using futex wait barrier. (186 threads)
[2025-06-06T18:00:42.350+0000][21361.127s][info ][gc,start    ] GC(193) Pause Young (Normal) (G1 Evacuation Pause)
[2025-06-06T18:00:42.350+0000][21361.127s][info ][gc,task     ] GC(193) Using 2 workers of 2 for evacuation
[2025-06-06T18:00:42.360+0000][21361.137s][info ][gc,phases   ] GC(193)   Pre Evacuate Collection Set: 0.3ms
[2025-06-06T18:00:42.360+0000][21361.137s][info ][gc,phases   ] GC(193)   Merge Heap Roots: 0.1ms
[2025-06-06T18:00:42.361+0000][21361.137s][info ][gc,phases   ] GC(193)   Evacuate Collection Set: 7.2ms
[2025-06-06T18:00:42.361+0000][21361.138s][info ][gc,phases   ] GC(193)   Post Evacuate Collection Set: 1.8ms
[2025-06-06T18:00:42.361+0000][21361.138s][info ][gc,phases   ] GC(193)   Other: 0.6ms
[2025-06-06T18:00:42.361+0000][21361.138s][info ][gc,heap     ] GC(193) Eden regions: 287->0(285)
[2025-06-06T18:00:42.361+0000][21361.138s][info ][gc,heap     ] GC(193) Survivor regions: 2->3(37)
[2025-06-06T18:00:42.361+0000][21361.138s][info ][gc,heap     ] GC(193) Old regions: 196->196
[2025-06-06T18:00:42.361+0000][21361.138s][info ][gc,heap     ] GC(193) Archive regions: 2->2
[2025-06-06T18:00:42.361+0000][21361.138s][info ][gc,heap     ] GC(193) Humongous regions: 0->0
[2025-06-06T18:00:42.361+0000][21361.138s][info ][gc,metaspace] GC(193) Metaspace: 187166K(188864K)->187166K(188864K) NonClass: 164833K(165696K)->164833K(165696K) Class: 22332K(23168K)->22332K(23168K)
[2025-06-06T18:00:42.361+0000][21361.138s][info ][gc          ] GC(193) Pause Young (Normal) (G1 Evacuation Pause) 485M->199M(544M) 11.086ms
[2025-06-06T18:00:42.362+0000][21361.138s][info ][gc,cpu      ] GC(193) User=0.02s Sys=0.00s Real=0.01s
[2025-06-06T18:00:42.362+0000][21361.139s][info ][safepoint   ] Safepoint "G1CollectForAllocation", Time since last: 57266782651 ns, Reaching safepoint: 1857458 ns, Cleanup: 15750 ns, At safepoint: 11483458 ns, Total: 13356666 ns
[2025-06-06T18:00:52.375+0000][21371.152s][debug][safepoint   ] Safepoint synchronization initiated using futex wait barrier. (186 threads)
[2025-06-06T18:00:52.376+0000][21371.153s][info ][safepoint   ] Safepoint "Cleanup", Time since last: 10013084130 ns, Reaching safepoint: 1107042 ns, Cleanup: 103041 ns, At safepoint: 12209 ns, Total: 1222292 ns
[2025-06-06T18:01:05.394+0000][21384.171s][debug][safepoint   ] Safepoint synchronization initiated using futex wait barrier. (185 threads)
[2025-06-06T18:01:05.395+0000][21384.172s][debug][safepoint   ] ... found polling page loop exception at pc = 0x0000ffff729a7ae4, stub =0x0000ffff7097ef00
[2025-06-06T18:01:05.397+0000][21384.173s][info ][safepoint   ] Safepoint "Cleanup", Time since last: 13018438714 ns, Reaching safepoint: 2106667 ns, Cleanup: 19125 ns, At safepoint: 46958 ns, Total: 2172750 ns
[2025-06-06T18:01:19.329+0000][21398.106s][debug][safepoint   ] Safepoint synchronization initiated using futex wait barrier. (184 threads)
[2025-06-06T18:01:19.330+0000][21398.107s][info ][safepoint   ] Safepoint "Cleanup", Time since last: 13932357381 ns, Reaching safepoint: 1178375 ns, Cleanup: 14167 ns, At safepoint: 3167 ns, Total: 1195709 ns
[2025-06-06T18:02:04.397+0000][21443.175s][debug][safepoint   ] Safepoint synchronization initiated using futex wait barrier. (184 threads)
[2025-06-06T18:02:04.400+0000][21443.179s][info ][safepoint   ] Safepoint "Cleanup", Time since last: 45068426062 ns, Reaching safepoint: 2956000 ns, Cleanup: 90917 ns, At safepoint: 16333 ns, Total: 3063250 ns
[2025-06-06T18:02:47.726+0000][21486.503s][debug][safepoint   ] Safepoint synchronization initiated using futex wait barrier. (184 threads)
[2025-06-06T18:02:47.728+0000][21486.505s][info ][gc,start    ] GC(194) Pause Young (Normal) (G1 Evacuation Pause)
[2025-06-06T18:02:47.728+0000][21486.505s][info ][gc,task     ] GC(194) Using 2 workers of 2 for evacuation
[2025-06-06T18:02:47.735+0000][21486.512s][info ][gc,phases   ] GC(194)   Pre Evacuate Collection Set: 0.3ms
[2025-06-06T18:02:47.735+0000][21486.512s][info ][gc,phases   ] GC(194)   Merge Heap Roots: 0.1ms
[2025-06-06T18:02:47.735+0000][21486.512s][info ][gc,phases   ] GC(194)   Evacuate Collection Set: 4.9ms
[2025-06-06T18:02:47.735+0000][21486.512s][info ][gc,phases   ] GC(194)   Post Evacuate Collection Set: 1.3ms
[2025-06-06T18:02:47.735+0000][21486.512s][info ][gc,phases   ] GC(194)   Other: 0.3ms
[2025-06-06T18:02:47.735+0000][21486.512s][info ][gc,heap     ] GC(194) Eden regions: 285->0(284)
[2025-06-06T18:02:47.735+0000][21486.512s][info ][gc,heap     ] GC(194) Survivor regions: 3->3(36)
[2025-06-06T18:02:47.735+0000][21486.512s][info ][gc,heap     ] GC(194) Old regions: 196->197
[2025-06-06T18:02:47.735+0000][21486.513s][info ][gc,heap     ] GC(194) Archive regions: 2->2
[2025-06-06T18:02:47.735+0000][21486.513s][info ][gc,heap     ] GC(194) Humongous regions: 0->0
[2025-06-06T18:02:47.735+0000][21486.513s][info ][gc,metaspace] GC(194) Metaspace: 187178K(188864K)->187178K(188864K) NonClass: 164846K(165696K)->164846K(165696K) Class: 22332K(23168K)->22332K(23168K)
[2025-06-06T18:02:47.735+0000][21486.513s][info ][gc          ] GC(194) Pause Young (Normal) (G1 Evacuation Pause) 484M->199M(544M) 7.537ms
[2025-06-06T18:02:47.735+0000][21486.513s][info ][gc,cpu      ] GC(194) User=0.02s Sys=0.00s Real=0.01s
[2025-06-06T18:02:47.735+0000][21486.513s][info ][safepoint   ] Safepoint "G1CollectForAllocation", Time since last: 43324980811 ns, Reaching safepoint: 1533709 ns, Cleanup: 12958 ns, At safepoint: 7890292 ns, Total: 9436959 ns
[2025-06-06T18:03:03.759+0000][21502.537s][debug][safepoint   ] Safepoint synchronization initiated using futex wait barrier. (184 threads)
[2025-06-06T18:03:03.761+0000][21502.539s][info ][safepoint   ] Safepoint "Cleanup", Time since last: 16023729841 ns, Reaching safepoint: 1649625 ns, Cleanup: 84083 ns, At safepoint: 330250 ns, Total: 2063958 ns
[2025-06-06T18:03:06.771+0000][21505.548s][debug][safepoint   ] Safepoint synchronization initiated using futex wait barrier. (184 threads)
[2025-06-06T18:03:06.771+0000][21505.549s][info ][safepoint   ] Safepoint "Cleanup", Time since last: 3009736376 ns, Reaching safepoint: 462250 ns, Cleanup: 26958 ns, At safepoint: 8083 ns, Total: 497291 ns
[2025-06-06T18:03:26.396+0000][21525.174s][debug][safepoint   ] Safepoint synchronization initiated using futex wait barrier. (184 threads)
[2025-06-06T18:03:26.399+0000][21525.177s][info ][safepoint   ] Safepoint "Cleanup", Time since last: 19624833385 ns, Reaching safepoint: 2862208 ns, Cleanup: 91708 ns, At safepoint: 15625 ns, Total: 2969541 ns
[2025-06-06T18:04:53.431+0000][21612.215s][debug][safepoint   ] Safepoint synchronization initiated using futex wait barrier. (184 threads)
[2025-06-06T18:04:53.431+0000][21612.216s][info ][gc,start    ] GC(195) Pause Young (Normal) (G1 Evacuation Pause)
[2025-06-06T18:04:53.431+0000][21612.216s][info ][gc,task     ] GC(195) Using 2 workers of 2 for evacuation
[2025-06-06T18:04:53.437+0000][21612.222s][info ][gc,phases   ] GC(195)   Pre Evacuate Collection Set: 0.2ms
[2025-06-06T18:04:53.438+0000][21612.222s][info ][gc,phases   ] GC(195)   Merge Heap Roots: 0.1ms
[2025-06-06T18:04:53.438+0000][21612.222s][info ][gc,phases   ] GC(195)   Evacuate Collection Set: 4.2ms
[2025-06-06T18:04:53.438+0000][21612.222s][info ][gc,phases   ] GC(195)   Post Evacuate Collection Set: 1.3ms
[2025-06-06T18:04:53.438+0000][21612.222s][info ][gc,phases   ] GC(195)   Other: 0.3ms
[2025-06-06T18:04:53.438+0000][21612.222s][info ][gc,heap     ] GC(195) Eden regions: 284->0(284)
[2025-06-06T18:04:53.438+0000][21612.222s][info ][gc,heap     ] GC(195) Survivor regions: 3->3(36)
[2025-06-06T18:04:53.438+0000][21612.222s][info ][gc,heap     ] GC(195) Old regions: 197->197
[2025-06-06T18:04:53.438+0000][21612.222s][info ][gc,heap     ] GC(195) Archive regions: 2->2
[2025-06-06T18:04:53.438+0000][21612.222s][info ][gc,heap     ] GC(195) Humongous regions: 0->0
[2025-06-06T18:04:53.438+0000][21612.222s][info ][gc,metaspace] GC(195) Metaspace: 187181K(188864K)->187181K(188864K) NonClass: 164848K(165696K)->164848K(165696K) Class: 22332K(23168K)->22332K(23168K)
[2025-06-06T18:04:53.438+0000][21612.222s][info ][gc          ] GC(195) Pause Young (Normal) (G1 Evacuation Pause) 483M->199M(544M) 6.540ms
[2025-06-06T18:04:53.438+0000][21612.222s][info ][gc,cpu      ] GC(195) User=0.01s Sys=0.00s Real=0.01s
[2025-06-06T18:04:53.438+0000][21612.223s][info ][safepoint   ] Safepoint "G1CollectForAllocation", Time since last: 87038322164 ns, Reaching safepoint: 672459 ns, Cleanup: 6375 ns, At safepoint: 6772833 ns, Total: 7451667 ns
[2025-06-06T18:05:01.451+0000][21620.235s][debug][safepoint   ] Safepoint synchronization initiated using futex wait barrier. (185 threads)
[2025-06-06T18:05:01.452+0000][21620.236s][info ][safepoint   ] Safepoint "Cleanup", Time since last: 8012932087 ns, Reaching safepoint: 836209 ns, Cleanup: 24041 ns, At safepoint: 6125 ns, Total: 866375 ns
[2025-06-06T18:05:26.653+0000][21645.438s][debug][safepoint   ] Safepoint synchronization initiated using futex wait barrier. (185 threads)
[2025-06-06T18:05:26.654+0000][21645.440s][info ][safepoint   ] Safepoint "Cleanup", Time since last: 25202036054 ns, Reaching safepoint: 1557916 ns, Cleanup: 29834 ns, At safepoint: 12458 ns, Total: 1600208 ns
[2025-06-06T18:05:45.682+0000][21664.466s][debug][safepoint   ] Safepoint synchronization initiated using futex wait barrier. (185 threads)
[2025-06-06T18:05:45.684+0000][21664.469s][info ][safepoint   ] Safepoint "Cleanup", Time since last: 19026519883 ns, Reaching safepoint: 2476375 ns, Cleanup: 65875 ns, At safepoint: 14083 ns, Total: 2556333 ns
[2025-06-06T18:06:26.688+0000][21705.473s][debug][safepoint   ] Safepoint synchronization initiated using futex wait barrier. (185 threads)
[2025-06-06T18:06:26.690+0000][21705.475s][info ][safepoint   ] Safepoint "Cleanup", Time since last: 41004289561 ns, Reaching safepoint: 1492958 ns, Cleanup: 27709 ns, At safepoint: 10000 ns, Total: 1530667 ns
[2025-06-06T18:06:40.709+0000][21719.495s][debug][safepoint   ] Safepoint synchronization initiated using futex wait barrier. (185 threads)
[2025-06-06T18:06:40.711+0000][21719.497s][info ][safepoint   ] Safepoint "Cleanup", Time since last: 14020286548 ns, Reaching safepoint: 1537208 ns, Cleanup: 38333 ns, At safepoint: 8750 ns, Total: 1584291 ns
[2025-06-06T18:06:58.975+0000][21737.761s][debug][safepoint   ] Safepoint synchronization initiated using futex wait barrier. (185 threads)
[2025-06-06T18:06:58.976+0000][21737.762s][info ][gc,start    ] GC(196) Pause Young (Normal) (G1 Evacuation Pause)
[2025-06-06T18:06:58.976+0000][21737.762s][info ][gc,task     ] GC(196) Using 2 workers of 2 for evacuation
[2025-06-06T18:06:58.988+0000][21737.774s][info ][gc,phases   ] GC(196)   Pre Evacuate Collection Set: 0.5ms
[2025-06-06T18:06:58.988+0000][21737.774s][info ][gc,phases   ] GC(196)   Merge Heap Roots: 0.2ms
[2025-06-06T18:06:58.988+0000][21737.774s][info ][gc,phases   ] GC(196)   Evacuate Collection Set: 7.3ms
[2025-06-06T18:06:58.988+0000][21737.774s][info ][gc,phases   ] GC(196)   Post Evacuate Collection Set: 3.4ms
[2025-06-06T18:06:58.988+0000][21737.775s][info ][gc,phases   ] GC(196)   Other: 0.5ms
[2025-06-06T18:06:58.989+0000][21737.775s][info ][gc,heap     ] GC(196) Eden regions: 284->0(284)
[2025-06-06T18:06:58.989+0000][21737.775s][info ][gc,heap     ] GC(196) Survivor regions: 3->3(36)
[2025-06-06T18:06:58.989+0000][21737.775s][info ][gc,heap     ] GC(196) Old regions: 197->197
[2025-06-06T18:06:58.989+0000][21737.775s][info ][gc,heap     ] GC(196) Archive regions: 2->2
[2025-06-06T18:06:58.989+0000][21737.775s][info ][gc,heap     ] GC(196) Humongous regions: 0->0
[2025-06-06T18:06:58.989+0000][21737.775s][info ][gc,metaspace] GC(196) Metaspace: 187192K(188864K)->187192K(188864K) NonClass: 164859K(165696K)->164859K(165696K) Class: 22332K(23168K)->22332K(23168K)
[2025-06-06T18:06:58.989+0000][21737.775s][info ][gc          ] GC(196) Pause Young (Normal) (G1 Evacuation Pause) 483M->199M(544M) 13.214ms
[2025-06-06T18:06:58.989+0000][21737.775s][info ][gc,cpu      ] GC(196) User=0.02s Sys=0.00s Real=0.01s
[2025-06-06T18:06:58.989+0000][21737.776s][info ][safepoint   ] Safepoint "G1CollectForAllocation", Time since last: 18264710884 ns, Reaching safepoint: 295125 ns, Cleanup: 12875 ns, At safepoint: 13796125 ns, Total: 14104125 ns
[2025-06-06T18:07:09.006+0000][21747.792s][debug][safepoint   ] Safepoint synchronization initiated using futex wait barrier. (185 threads)
[2025-06-06T18:07:09.008+0000][21747.794s][info ][safepoint   ] Safepoint "Cleanup", Time since last: 10016821088 ns, Reaching safepoint: 1454958 ns, Cleanup: 130000 ns, At safepoint: 15542 ns, Total: 1600500 ns
[2025-06-06T18:07:55.772+0000][21794.558s][debug][safepoint   ] Safepoint synchronization initiated using futex wait barrier. (185 threads)
[2025-06-06T18:07:55.774+0000][21794.560s][info ][safepoint   ] Safepoint "Cleanup", Time since last: 46764344938 ns, Reaching safepoint: 1930042 ns, Cleanup: 51541 ns, At safepoint: 8042 ns, Total: 1989625 ns
[2025-06-06T18:09:04.607+0000][21863.393s][debug][safepoint   ] Safepoint synchronization initiated using futex wait barrier. (185 threads)
[2025-06-06T18:09:04.609+0000][21863.395s][info ][gc,start    ] GC(197) Pause Young (Normal) (G1 Evacuation Pause)
[2025-06-06T18:09:04.609+0000][21863.395s][info ][gc,task     ] GC(197) Using 2 workers of 2 for evacuation
[2025-06-06T18:09:04.618+0000][21863.404s][info ][gc,phases   ] GC(197)   Pre Evacuate Collection Set: 0.3ms
[2025-06-06T18:09:04.618+0000][21863.404s][info ][gc,phases   ] GC(197)   Merge Heap Roots: 0.2ms
[2025-06-06T18:09:04.618+0000][21863.404s][info ][gc,phases   ] GC(197)   Evacuate Collection Set: 6.4ms
[2025-06-06T18:09:04.618+0000][21863.405s][info ][gc,phases   ] GC(197)   Post Evacuate Collection Set: 1.7ms
[2025-06-06T18:09:04.618+0000][21863.405s][info ][gc,phases   ] GC(197)   Other: 0.5ms
[2025-06-06T18:09:04.618+0000][21863.405s][info ][gc,heap     ] GC(197) Eden regions: 284->0(284)
[2025-06-06T18:09:04.618+0000][21863.405s][info ][gc,heap     ] GC(197) Survivor regions: 3->3(36)
[2025-06-06T18:09:04.618+0000][21863.405s][info ][gc,heap     ] GC(197) Old regions: 197->197
[2025-06-06T18:09:04.618+0000][21863.405s][info ][gc,heap     ] GC(197) Archive regions: 2->2
[2025-06-06T18:09:04.619+0000][21863.405s][info ][gc,heap     ] GC(197) Humongous regions: 0->0
[2025-06-06T18:09:04.619+0000][21863.405s][info ][gc,metaspace] GC(197) Metaspace: 187192K(188864K)->187192K(188864K) NonClass: 164859K(165696K)->164859K(165696K) Class: 22332K(23168K)->22332K(23168K)
[2025-06-06T18:09:04.619+0000][21863.405s][info ][gc          ] GC(197) Pause Young (Normal) (G1 Evacuation Pause) 483M->199M(544M) 9.920ms
[2025-06-06T18:09:04.619+0000][21863.405s][info ][gc,cpu      ] GC(197) User=0.02s Sys=0.00s Real=0.01s
[2025-06-06T18:09:04.619+0000][21863.405s][info ][safepoint   ] Safepoint "G1CollectForAllocation", Time since last: 68833086822 ns, Reaching safepoint: 1790209 ns, Cleanup: 14333 ns, At safepoint: 10252250 ns, Total: 12056792 ns
[2025-06-06T18:09:55.954+0000][21914.741s][debug][safepoint   ] Safepoint synchronization initiated using futex wait barrier. (185 threads)
[2025-06-06T18:09:55.956+0000][21914.743s][info ][safepoint   ] Safepoint "Cleanup", Time since last: 51335988441 ns, Reaching safepoint: 1615166 ns, Cleanup: 71250 ns, At safepoint: 51834 ns, Total: 1738250 ns
[2025-06-06T18:11:10.756+0000][21989.543s][debug][safepoint   ] Safepoint synchronization initiated using futex wait barrier. (185 threads)
[2025-06-06T18:11:10.757+0000][21989.545s][info ][gc,start    ] GC(198) Pause Young (Normal) (G1 Evacuation Pause)
[2025-06-06T18:11:10.757+0000][21989.545s][info ][gc,task     ] GC(198) Using 2 workers of 2 for evacuation
[2025-06-06T18:11:10.766+0000][21989.553s][info ][gc,phases   ] GC(198)   Pre Evacuate Collection Set: 0.2ms
[2025-06-06T18:11:10.766+0000][21989.553s][info ][gc,phases   ] GC(198)   Merge Heap Roots: 0.2ms
[2025-06-06T18:11:10.766+0000][21989.553s][info ][gc,phases   ] GC(198)   Evacuate Collection Set: 5.8ms
[2025-06-06T18:11:10.766+0000][21989.554s][info ][gc,phases   ] GC(198)   Post Evacuate Collection Set: 1.8ms
[2025-06-06T18:11:10.766+0000][21989.554s][info ][gc,phases   ] GC(198)   Other: 0.5ms
[2025-06-06T18:11:10.766+0000][21989.554s][info ][gc,heap     ] GC(198) Eden regions: 284->0(286)
[2025-06-06T18:11:10.766+0000][21989.554s][info ][gc,heap     ] GC(198) Survivor regions: 3->2(36)
[2025-06-06T18:11:10.766+0000][21989.554s][info ][gc,heap     ] GC(198) Old regions: 197->197
[2025-06-06T18:11:10.766+0000][21989.554s][info ][gc,heap     ] GC(198) Archive regions: 2->2
[2025-06-06T18:11:10.766+0000][21989.554s][info ][gc,heap     ] GC(198) Humongous regions: 0->0
[2025-06-06T18:11:10.766+0000][21989.554s][info ][gc,metaspace] GC(198) Metaspace: 187195K(188864K)->187195K(188864K) NonClass: 164863K(165696K)->164863K(165696K) Class: 22332K(23168K)->22332K(23168K)
[2025-06-06T18:11:10.766+0000][21989.554s][info ][gc          ] GC(198) Pause Young (Normal) (G1 Evacuation Pause) 483M->199M(544M) 9.159ms
[2025-06-06T18:11:10.767+0000][21989.554s][info ][gc,cpu      ] GC(198) User=0.01s Sys=0.00s Real=0.01s
[2025-06-06T18:11:10.767+0000][21989.555s][info ][safepoint   ] Safepoint "G1CollectForAllocation", Time since last: 74800214325 ns, Reaching safepoint: 1399625 ns, Cleanup: 8750 ns, At safepoint: 10200875 ns, Total: 11609250 ns
[2025-06-06T18:11:34.166+0000][22012.954s][debug][safepoint   ] Safepoint synchronization initiated using futex wait barrier. (185 threads)
[2025-06-06T18:11:34.167+0000][22012.955s][info ][safepoint   ] Safepoint "Cleanup", Time since last: 23398752512 ns, Reaching safepoint: 989041 ns, Cleanup: 93875 ns, At safepoint: 11834 ns, Total: 1094750 ns
[2025-06-06T18:13:17.609+0000][22116.398s][debug][safepoint   ] Safepoint synchronization initiated using futex wait barrier. (185 threads)
[2025-06-06T18:13:17.612+0000][22116.401s][info ][gc,start    ] GC(199) Pause Young (Normal) (G1 Evacuation Pause)
[2025-06-06T18:13:17.612+0000][22116.401s][info ][gc,task     ] GC(199) Using 2 workers of 2 for evacuation
[2025-06-06T18:13:17.623+0000][22116.412s][info ][gc,phases   ] GC(199)   Pre Evacuate Collection Set: 0.6ms
[2025-06-06T18:13:17.623+0000][22116.412s][info ][gc,phases   ] GC(199)   Merge Heap Roots: 0.2ms
[2025-06-06T18:13:17.623+0000][22116.412s][info ][gc,phases   ] GC(199)   Evacuate Collection Set: 6.8ms
[2025-06-06T18:13:17.623+0000][22116.412s][info ][gc,phases   ] GC(199)   Post Evacuate Collection Set: 3.0ms
[2025-06-06T18:13:17.624+0000][22116.413s][info ][gc,phases   ] GC(199)   Other: 0.7ms
[2025-06-06T18:13:17.624+0000][22116.413s][info ][gc,heap     ] GC(199) Eden regions: 286->0(285)
[2025-06-06T18:13:17.624+0000][22116.413s][info ][gc,heap     ] GC(199) Survivor regions: 2->2(36)
[2025-06-06T18:13:17.624+0000][22116.413s][info ][gc,heap     ] GC(199) Old regions: 197->198
[2025-06-06T18:13:17.624+0000][22116.413s][info ][gc,heap     ] GC(199) Archive regions: 2->2
[2025-06-06T18:13:17.624+0000][22116.413s][info ][gc,heap     ] GC(199) Humongous regions: 0->0
[2025-06-06T18:13:17.624+0000][22116.413s][info ][gc,metaspace] GC(199) Metaspace: 187199K(188864K)->187199K(188864K) NonClass: 164866K(165696K)->164866K(165696K) Class: 22332K(23168K)->22332K(23168K)
[2025-06-06T18:13:17.624+0000][22116.413s][info ][gc          ] GC(199) Pause Young (Normal) (G1 Evacuation Pause) 485M->199M(544M) 12.640ms
[2025-06-06T18:13:17.625+0000][22116.413s][info ][gc,cpu      ] GC(199) User=0.02s Sys=0.00s Real=0.02s
[2025-06-06T18:13:17.625+0000][22116.414s][info ][safepoint   ] Safepoint "G1CollectForAllocation", Time since last: 103442678754 ns, Reaching safepoint: 2944708 ns, Cleanup: 23709 ns, At safepoint: 13107750 ns, Total: 16076167 ns
[2025-06-06T18:15:27.257+0000][22246.047s][debug][safepoint   ] Safepoint synchronization initiated using futex wait barrier. (185 threads)
[2025-06-06T18:15:27.259+0000][22246.049s][info ][gc,start    ] GC(200) Pause Young (Normal) (G1 Evacuation Pause)
[2025-06-06T18:15:27.259+0000][22246.049s][info ][gc,task     ] GC(200) Using 2 workers of 2 for evacuation
[2025-06-06T18:15:27.270+0000][22246.060s][info ][gc,phases   ] GC(200)   Pre Evacuate Collection Set: 0.4ms
[2025-06-06T18:15:27.270+0000][22246.060s][info ][gc,phases   ] GC(200)   Merge Heap Roots: 0.2ms
[2025-06-06T18:15:27.270+0000][22246.060s][info ][gc,phases   ] GC(200)   Evacuate Collection Set: 6.2ms
[2025-06-06T18:15:27.270+0000][22246.060s][info ][gc,phases   ] GC(200)   Post Evacuate Collection Set: 3.1ms
[2025-06-06T18:15:27.270+0000][22246.060s][info ][gc,phases   ] GC(200)   Other: 0.7ms
[2025-06-06T18:15:27.270+0000][22246.060s][info ][gc,heap     ] GC(200) Eden regions: 285->0(285)
[2025-06-06T18:15:27.270+0000][22246.060s][info ][gc,heap     ] GC(200) Survivor regions: 2->2(36)
[2025-06-06T18:15:27.271+0000][22246.061s][info ][gc,heap     ] GC(200) Old regions: 198->198
[2025-06-06T18:15:27.271+0000][22246.061s][info ][gc,heap     ] GC(200) Archive regions: 2->2
[2025-06-06T18:15:27.271+0000][22246.061s][info ][gc,heap     ] GC(200) Humongous regions: 0->0
[2025-06-06T18:15:27.271+0000][22246.061s][info ][gc,metaspace] GC(200) Metaspace: 187200K(188864K)->187200K(188864K) NonClass: 164867K(165696K)->164867K(165696K) Class: 22332K(23168K)->22332K(23168K)
[2025-06-06T18:15:27.271+0000][22246.061s][info ][gc          ] GC(200) Pause Young (Normal) (G1 Evacuation Pause) 484M->199M(544M) 11.740ms
[2025-06-06T18:15:27.271+0000][22246.061s][info ][gc,cpu      ] GC(200) User=0.02s Sys=0.00s Real=0.01s
[2025-06-06T18:15:27.271+0000][22246.061s][info ][safepoint   ] Safepoint "G1CollectForAllocation", Time since last: 129633017226 ns, Reaching safepoint: 2372333 ns, Cleanup: 22958 ns, At safepoint: 12189500 ns, Total: 14584791 ns
[2025-06-06T18:16:35.725+0000][22314.515s][debug][safepoint   ] Safepoint synchronization initiated using futex wait barrier. (185 threads)
[2025-06-06T18:16:35.725+0000][22314.516s][info ][safepoint   ] Safepoint "Cleanup", Time since last: 68453899698 ns, Reaching safepoint: 729000 ns, Cleanup: 69750 ns, At safepoint: 10667 ns, Total: 809417 ns
[2025-06-06T18:17:35.768+0000][22374.558s][debug][safepoint   ] Safepoint synchronization initiated using futex wait barrier. (185 threads)
[2025-06-06T18:17:35.770+0000][22374.560s][info ][safepoint   ] Safepoint "Cleanup", Time since last: 60042201694 ns, Reaching safepoint: 2244625 ns, Cleanup: 33375 ns, At safepoint: 6500 ns, Total: 2284500 ns
[2025-06-06T18:17:35.891+0000][22374.681s][debug][safepoint   ] Safepoint synchronization initiated using futex wait barrier. (185 threads)
[2025-06-06T18:17:35.891+0000][22374.682s][info ][gc,start    ] GC(201) Pause Young (Normal) (G1 Evacuation Pause)
[2025-06-06T18:17:35.892+0000][22374.682s][info ][gc,task     ] GC(201) Using 2 workers of 2 for evacuation
[2025-06-06T18:17:35.901+0000][22374.692s][info ][gc,phases   ] GC(201)   Pre Evacuate Collection Set: 0.3ms
[2025-06-06T18:17:35.901+0000][22374.692s][info ][gc,phases   ] GC(201)   Merge Heap Roots: 0.2ms
[2025-06-06T18:17:35.901+0000][22374.692s][info ][gc,phases   ] GC(201)   Evacuate Collection Set: 6.3ms
[2025-06-06T18:17:35.901+0000][22374.692s][info ][gc,phases   ] GC(201)   Post Evacuate Collection Set: 2.6ms
[2025-06-06T18:17:35.901+0000][22374.692s][info ][gc,phases   ] GC(201)   Other: 0.6ms
[2025-06-06T18:17:35.901+0000][22374.692s][info ][gc,heap     ] GC(201) Eden regions: 285->0(285)
[2025-06-06T18:17:35.902+0000][22374.692s][info ][gc,heap     ] GC(201) Survivor regions: 2->2(36)
[2025-06-06T18:17:35.902+0000][22374.692s][info ][gc,heap     ] GC(201) Old regions: 198->198
[2025-06-06T18:17:35.902+0000][22374.692s][info ][gc,heap     ] GC(201) Archive regions: 2->2
[2025-06-06T18:17:35.902+0000][22374.692s][info ][gc,heap     ] GC(201) Humongous regions: 0->0
[2025-06-06T18:17:35.902+0000][22374.692s][info ][gc,metaspace] GC(201) Metaspace: 187218K(188928K)->187218K(188928K) NonClass: 164885K(165760K)->164885K(165760K) Class: 22332K(23168K)->22332K(23168K)
[2025-06-06T18:17:35.902+0000][22374.692s][info ][gc          ] GC(201) Pause Young (Normal) (G1 Evacuation Pause) 484M->200M(544M) 10.454ms
[2025-06-06T18:17:35.902+0000][22374.693s][info ][gc,cpu      ] GC(201) User=0.01s Sys=0.00s Real=0.01s
[2025-06-06T18:17:35.902+0000][22374.693s][info ][safepoint   ] Safepoint "G1CollectForAllocation", Time since last: 121007083 ns, Reaching safepoint: 441959 ns, Cleanup: 10666 ns, At safepoint: 10774959 ns, Total: 11227584 ns
[2025-06-06T18:19:27.833+0000][22486.637s][debug][safepoint   ] Safepoint synchronization initiated using futex wait barrier. (185 threads)
[2025-06-06T18:19:27.836+0000][22486.640s][info ][safepoint   ] Safepoint "Cleanup", Time since last: 111944787925 ns, Reaching safepoint: 2590250 ns, Cleanup: 63625 ns, At safepoint: 12625 ns, Total: 2666500 ns
[2025-06-06T18:19:43.366+0000][22502.171s][debug][safepoint   ] Safepoint synchronization initiated using futex wait barrier. (185 threads)
[2025-06-06T18:19:43.366+0000][22502.172s][info ][gc,start    ] GC(202) Pause Young (Normal) (G1 Evacuation Pause)
[2025-06-06T18:19:43.366+0000][22502.172s][info ][gc,task     ] GC(202) Using 2 workers of 2 for evacuation
[2025-06-06T18:19:43.375+0000][22502.181s][info ][gc,phases   ] GC(202)   Pre Evacuate Collection Set: 0.4ms
[2025-06-06T18:19:43.375+0000][22502.181s][info ][gc,phases   ] GC(202)   Merge Heap Roots: 0.2ms
[2025-06-06T18:19:43.376+0000][22502.181s][info ][gc,phases   ] GC(202)   Evacuate Collection Set: 5.5ms
[2025-06-06T18:19:43.376+0000][22502.181s][info ][gc,phases   ] GC(202)   Post Evacuate Collection Set: 2.5ms
[2025-06-06T18:19:43.376+0000][22502.181s][info ][gc,phases   ] GC(202)   Other: 0.6ms
[2025-06-06T18:19:43.376+0000][22502.181s][info ][gc,heap     ] GC(202) Eden regions: 285->0(285)
[2025-06-06T18:19:43.376+0000][22502.182s][info ][gc,heap     ] GC(202) Survivor regions: 2->2(36)
[2025-06-06T18:19:43.376+0000][22502.182s][info ][gc,heap     ] GC(202) Old regions: 198->198
[2025-06-06T18:19:43.376+0000][22502.182s][info ][gc,heap     ] GC(202) Archive regions: 2->2
[2025-06-06T18:19:43.376+0000][22502.182s][info ][gc,heap     ] GC(202) Humongous regions: 0->0
[2025-06-06T18:19:43.376+0000][22502.182s][info ][gc,metaspace] GC(202) Metaspace: 187227K(188928K)->187227K(188928K) NonClass: 164895K(165760K)->164895K(165760K) Class: 22332K(23168K)->22332K(23168K)
[2025-06-06T18:19:43.376+0000][22502.182s][info ][gc          ] GC(202) Pause Young (Normal) (G1 Evacuation Pause) 485M->200M(544M) 10.172ms
[2025-06-06T18:19:43.376+0000][22502.182s][info ][gc,cpu      ] GC(202) User=0.01s Sys=0.00s Real=0.01s
[2025-06-06T18:19:43.377+0000][22502.182s][info ][safepoint   ] Safepoint "G1CollectForAllocation", Time since last: 15531143840 ns, Reaching safepoint: 384500 ns, Cleanup: 11917 ns, At safepoint: 10541667 ns, Total: 10938084 ns
[2025-06-06T18:21:33.900+0000][22612.707s][debug][safepoint   ] Safepoint synchronization initiated using futex wait barrier. (185 threads)
[2025-06-06T18:21:33.903+0000][22612.710s][info ][safepoint   ] Safepoint "Cleanup", Time since last: 110524676593 ns, Reaching safepoint: 2876750 ns, Cleanup: 78250 ns, At safepoint: 16333 ns, Total: 2971333 ns
[2025-06-06T18:21:50.913+0000][22629.721s][debug][safepoint   ] Safepoint synchronization initiated using futex wait barrier. (185 threads)
[2025-06-06T18:21:50.915+0000][22629.722s][info ][gc,start    ] GC(203) Pause Young (Normal) (G1 Evacuation Pause)
[2025-06-06T18:21:50.915+0000][22629.722s][info ][gc,task     ] GC(203) Using 2 workers of 2 for evacuation
[2025-06-06T18:21:50.926+0000][22629.733s][info ][gc,phases   ] GC(203)   Pre Evacuate Collection Set: 0.6ms
[2025-06-06T18:21:50.926+0000][22629.734s][info ][gc,phases   ] GC(203)   Merge Heap Roots: 0.2ms
[2025-06-06T18:21:50.926+0000][22629.734s][info ][gc,phases   ] GC(203)   Evacuate Collection Set: 6.6ms
[2025-06-06T18:21:50.927+0000][22629.734s][info ][gc,phases   ] GC(203)   Post Evacuate Collection Set: 3.0ms
[2025-06-06T18:21:50.927+0000][22629.734s][info ][gc,phases   ] GC(203)   Other: 0.7ms
[2025-06-06T18:21:50.927+0000][22629.734s][info ][gc,heap     ] GC(203) Eden regions: 285->0(286)
[2025-06-06T18:21:50.927+0000][22629.734s][info ][gc,heap     ] GC(203) Survivor regions: 2->1(36)
[2025-06-06T18:21:50.927+0000][22629.735s][info ][gc,heap     ] GC(203) Old regions: 198->199
[2025-06-06T18:21:50.927+0000][22629.735s][info ][gc,heap     ] GC(203) Archive regions: 2->2
[2025-06-06T18:21:50.928+0000][22629.735s][info ][gc,heap     ] GC(203) Humongous regions: 0->0
[2025-06-06T18:21:50.928+0000][22629.735s][info ][gc,metaspace] GC(203) Metaspace: 187231K(188928K)->187231K(188928K) NonClass: 164898K(165760K)->164898K(165760K) Class: 22332K(23168K)->22332K(23168K)
[2025-06-06T18:21:50.928+0000][22629.735s][info ][gc          ] GC(203) Pause Young (Normal) (G1 Evacuation Pause) 485M->199M(544M) 12.881ms
[2025-06-06T18:21:50.928+0000][22629.735s][info ][gc,cpu      ] GC(203) User=0.02s Sys=0.00s Real=0.01s
[2025-06-06T18:21:50.928+0000][22629.735s][info ][safepoint   ] Safepoint "G1CollectForAllocation", Time since last: 17010997508 ns, Reaching safepoint: 1141625 ns, Cleanup: 26708 ns, At safepoint: 13418417 ns, Total: 14586750 ns
[2025-06-06T18:22:28.907+0000][22667.714s][debug][safepoint   ] Safepoint synchronization initiated using futex wait barrier. (185 threads)
[2025-06-06T18:22:28.907+0000][22667.714s][info ][safepoint   ] Safepoint "Cleanup", Time since last: 37978642726 ns, Reaching safepoint: 311708 ns, Cleanup: 64458 ns, At safepoint: 9334 ns, Total: 385500 ns
[2025-06-06T18:23:25.113+0000][22723.922s][debug][safepoint   ] Safepoint synchronization initiated using futex wait barrier. (185 threads)
[2025-06-06T18:23:25.115+0000][22723.923s][info ][safepoint   ] Safepoint "Cleanup", Time since last: 56207186150 ns, Reaching safepoint: 1097250 ns, Cleanup: 85875 ns, At safepoint: 15792 ns, Total: 1198917 ns
[2025-06-06T18:23:57.697+0000][22756.506s][debug][safepoint   ] Safepoint synchronization initiated using futex wait barrier. (185 threads)
[2025-06-06T18:23:57.698+0000][22756.507s][info ][gc,start    ] GC(204) Pause Young (Normal) (G1 Evacuation Pause)
[2025-06-06T18:23:57.699+0000][22756.507s][info ][gc,task     ] GC(204) Using 2 workers of 2 for evacuation
[2025-06-06T18:23:57.709+0000][22756.518s][info ][gc,phases   ] GC(204)   Pre Evacuate Collection Set: 0.6ms
[2025-06-06T18:23:57.709+0000][22756.518s][info ][gc,phases   ] GC(204)   Merge Heap Roots: 0.4ms
[2025-06-06T18:23:57.709+0000][22756.518s][info ][gc,phases   ] GC(204)   Evacuate Collection Set: 5.8ms
[2025-06-06T18:23:57.710+0000][22756.518s][info ][gc,phases   ] GC(204)   Post Evacuate Collection Set: 3.2ms
[2025-06-06T18:23:57.710+0000][22756.518s][info ][gc,phases   ] GC(204)   Other: 0.7ms
[2025-06-06T18:23:57.710+0000][22756.518s][info ][gc,heap     ] GC(204) Eden regions: 286->0(286)
[2025-06-06T18:23:57.710+0000][22756.519s][info ][gc,heap     ] GC(204) Survivor regions: 1->1(36)
[2025-06-06T18:23:57.710+0000][22756.519s][info ][gc,heap     ] GC(204) Old regions: 199->199
[2025-06-06T18:23:57.710+0000][22756.519s][info ][gc,heap     ] GC(204) Archive regions: 2->2
[2025-06-06T18:23:57.710+0000][22756.519s][info ][gc,heap     ] GC(204) Humongous regions: 0->0
[2025-06-06T18:23:57.710+0000][22756.519s][info ][gc,metaspace] GC(204) Metaspace: 187238K(188928K)->187238K(188928K) NonClass: 164906K(165760K)->164906K(165760K) Class: 22332K(23168K)->22332K(23168K)
[2025-06-06T18:23:57.711+0000][22756.519s][info ][gc          ] GC(204) Pause Young (Normal) (G1 Evacuation Pause) 485M->200M(544M) 12.090ms
[2025-06-06T18:23:57.711+0000][22756.519s][info ][gc,cpu      ] GC(204) User=0.02s Sys=0.00s Real=0.01s
[2025-06-06T18:23:57.711+0000][22756.520s][info ][safepoint   ] Safepoint "G1CollectForAllocation", Time since last: 32583034848 ns, Reaching safepoint: 974542 ns, Cleanup: 23166 ns, At safepoint: 12680959 ns, Total: 13678667 ns
[2025-06-06T18:25:02.423+0000][22821.232s][debug][safepoint   ] Safepoint synchronization initiated using futex wait barrier. (185 threads)
[2025-06-06T18:25:02.425+0000][22821.235s][info ][safepoint   ] Safepoint "Cleanup", Time since last: 64712439696 ns, Reaching safepoint: 2662375 ns, Cleanup: 92584 ns, At safepoint: 11875 ns, Total: 2766834 ns
[2025-06-06T18:26:04.270+0000][22883.080s][debug][safepoint   ] Safepoint synchronization initiated using futex wait barrier. (185 threads)
[2025-06-06T18:26:04.271+0000][22883.080s][info ][gc,start    ] GC(205) Pause Young (Normal) (G1 Evacuation Pause)
[2025-06-06T18:26:04.271+0000][22883.081s][info ][gc,task     ] GC(205) Using 2 workers of 2 for evacuation
[2025-06-06T18:26:04.280+0000][22883.090s][info ][gc,phases   ] GC(205)   Pre Evacuate Collection Set: 0.4ms
[2025-06-06T18:26:04.280+0000][22883.090s][info ][gc,phases   ] GC(205)   Merge Heap Roots: 0.2ms
[2025-06-06T18:26:04.281+0000][22883.090s][info ][gc,phases   ] GC(205)   Evacuate Collection Set: 5.4ms
[2025-06-06T18:26:04.281+0000][22883.090s][info ][gc,phases   ] GC(205)   Post Evacuate Collection Set: 2.9ms
[2025-06-06T18:26:04.281+0000][22883.091s][info ][gc,phases   ] GC(205)   Other: 0.7ms
[2025-06-06T18:26:04.281+0000][22883.091s][info ][gc,heap     ] GC(205) Eden regions: 286->0(286)
[2025-06-06T18:26:04.281+0000][22883.091s][info ][gc,heap     ] GC(205) Survivor regions: 1->1(36)
[2025-06-06T18:26:04.281+0000][22883.091s][info ][gc,heap     ] GC(205) Old regions: 199->199
[2025-06-06T18:26:04.282+0000][22883.091s][info ][gc,heap     ] GC(205) Archive regions: 2->2
[2025-06-06T18:26:04.282+0000][22883.091s][info ][gc,heap     ] GC(205) Humongous regions: 0->0
[2025-06-06T18:26:04.282+0000][22883.091s][info ][gc,metaspace] GC(205) Metaspace: 187241K(188928K)->187241K(188928K) NonClass: 164908K(165760K)->164908K(165760K) Class: 22332K(23168K)->22332K(23168K)
[2025-06-06T18:26:04.282+0000][22883.091s][info ][gc          ] GC(205) Pause Young (Normal) (G1 Evacuation Pause) 486M->200M(544M) 11.044ms
[2025-06-06T18:26:04.282+0000][22883.092s][info ][gc,cpu      ] GC(205) User=0.02s Sys=0.00s Real=0.02s
[2025-06-06T18:26:04.282+0000][22883.092s][info ][safepoint   ] Safepoint "G1CollectForAllocation", Time since last: 61844845028 ns, Reaching safepoint: 585709 ns, Cleanup: 18583 ns, At safepoint: 11794042 ns, Total: 12398334 ns
[2025-06-06T18:26:12.298+0000][22891.109s][debug][safepoint   ] Safepoint synchronization initiated using futex wait barrier. (184 threads)
[2025-06-06T18:26:12.299+0000][22891.109s][info ][safepoint   ] Safepoint "Cleanup", Time since last: 8016640127 ns, Reaching safepoint: 487375 ns, Cleanup: 57292 ns, At safepoint: 8000 ns, Total: 552667 ns
[2025-06-06T18:26:40.551+0000][22919.362s][debug][safepoint   ] Safepoint synchronization initiated using futex wait barrier. (184 threads)
[2025-06-06T18:26:40.552+0000][22919.363s][info ][safepoint   ] Safepoint "Cleanup", Time since last: 28252509055 ns, Reaching safepoint: 1007666 ns, Cleanup: 203959 ns, At safepoint: 17791 ns, Total: 1229416 ns
[2025-06-06T18:27:51.860+0000][22990.671s][debug][safepoint   ] Safepoint synchronization initiated using futex wait barrier. (184 threads)
[2025-06-06T18:27:51.862+0000][22990.673s][info ][safepoint   ] Safepoint "Cleanup", Time since last: 71308572284 ns, Reaching safepoint: 1461416 ns, Cleanup: 78792 ns, At safepoint: 15708 ns, Total: 1555916 ns
[2025-06-06T18:28:12.238+0000][23011.049s][debug][safepoint   ] Safepoint synchronization initiated using futex wait barrier. (184 threads)
[2025-06-06T18:28:12.239+0000][23011.051s][info ][gc,start    ] GC(206) Pause Young (Normal) (G1 Evacuation Pause)
[2025-06-06T18:28:12.239+0000][23011.051s][info ][gc,task     ] GC(206) Using 2 workers of 2 for evacuation
[2025-06-06T18:28:12.250+0000][23011.061s][info ][gc,phases   ] GC(206)   Pre Evacuate Collection Set: 0.8ms
[2025-06-06T18:28:12.250+0000][23011.061s][info ][gc,phases   ] GC(206)   Merge Heap Roots: 0.3ms
[2025-06-06T18:28:12.250+0000][23011.061s][info ][gc,phases   ] GC(206)   Evacuate Collection Set: 5.5ms
[2025-06-06T18:28:12.250+0000][23011.062s][info ][gc,phases   ] GC(206)   Post Evacuate Collection Set: 3.2ms
[2025-06-06T18:28:12.251+0000][23011.062s][info ][gc,phases   ] GC(206)   Other: 0.8ms
[2025-06-06T18:28:12.251+0000][23011.062s][info ][gc,heap     ] GC(206) Eden regions: 286->0(286)
[2025-06-06T18:28:12.251+0000][23011.062s][info ][gc,heap     ] GC(206) Survivor regions: 1->1(36)
[2025-06-06T18:28:12.251+0000][23011.062s][info ][gc,heap     ] GC(206) Old regions: 199->199
[2025-06-06T18:28:12.251+0000][23011.062s][info ][gc,heap     ] GC(206) Archive regions: 2->2
[2025-06-06T18:28:12.251+0000][23011.062s][info ][gc,heap     ] GC(206) Humongous regions: 0->0
[2025-06-06T18:28:12.251+0000][23011.063s][info ][gc,metaspace] GC(206) Metaspace: 187266K(188928K)->187266K(188928K) NonClass: 164933K(165760K)->164933K(165760K) Class: 22332K(23168K)->22332K(23168K)
[2025-06-06T18:28:12.251+0000][23011.063s][info ][gc          ] GC(206) Pause Young (Normal) (G1 Evacuation Pause) 486M->200M(544M) 12.171ms
[2025-06-06T18:28:12.252+0000][23011.063s][info ][gc,cpu      ] GC(206) User=0.02s Sys=0.00s Real=0.02s
[2025-06-06T18:28:12.252+0000][23011.063s][info ][safepoint   ] Safepoint "G1CollectForAllocation", Time since last: 20376125051 ns, Reaching safepoint: 1180333 ns, Cleanup: 25625 ns, At safepoint: 12653792 ns, Total: 13859750 ns
[2025-06-06T18:29:01.922+0000][23060.733s][debug][safepoint   ] Safepoint synchronization initiated using futex wait barrier. (184 threads)
[2025-06-06T18:29:01.923+0000][23060.734s][info ][safepoint   ] Safepoint "Cleanup", Time since last: 49670101273 ns, Reaching safepoint: 1053958 ns, Cleanup: 95042 ns, At safepoint: 231208 ns, Total: 1380208 ns
[2025-06-06T18:29:13.955+0000][23072.767s][debug][safepoint   ] Safepoint synchronization initiated using futex wait barrier. (184 threads)
[2025-06-06T18:29:13.956+0000][23072.768s][info ][safepoint   ] Safepoint "Cleanup", Time since last: 12032354547 ns, Reaching safepoint: 1416792 ns, Cleanup: 77791 ns, At safepoint: 11459 ns, Total: 1506042 ns
[2025-06-06T18:29:36.881+0000][23095.694s][debug][safepoint   ] Safepoint synchronization initiated using futex wait barrier. (186 threads)
[2025-06-06T18:29:36.882+0000][23095.695s][info ][safepoint   ] Safepoint "Cleanup", Time since last: 22925237677 ns, Reaching safepoint: 1006375 ns, Cleanup: 76916 ns, At safepoint: 21167 ns, Total: 1104458 ns
[2025-06-06T18:30:22.196+0000][23141.009s][debug][safepoint   ] Safepoint synchronization initiated using futex wait barrier. (185 threads)
[2025-06-06T18:30:22.198+0000][23141.011s][info ][gc,start    ] GC(207) Pause Young (Normal) (G1 Evacuation Pause)
[2025-06-06T18:30:22.198+0000][23141.011s][info ][gc,task     ] GC(207) Using 2 workers of 2 for evacuation
[2025-06-06T18:30:22.204+0000][23141.017s][info ][gc,phases   ] GC(207)   Pre Evacuate Collection Set: 0.3ms
[2025-06-06T18:30:22.205+0000][23141.018s][info ][gc,phases   ] GC(207)   Merge Heap Roots: 0.1ms
[2025-06-06T18:30:22.205+0000][23141.018s][info ][gc,phases   ] GC(207)   Evacuate Collection Set: 3.5ms
[2025-06-06T18:30:22.205+0000][23141.018s][info ][gc,phases   ] GC(207)   Post Evacuate Collection Set: 2.2ms
[2025-06-06T18:30:22.205+0000][23141.018s][info ][gc,phases   ] GC(207)   Other: 0.4ms
[2025-06-06T18:30:22.205+0000][23141.018s][info ][gc,heap     ] GC(207) Eden regions: 286->0(284)
[2025-06-06T18:30:22.205+0000][23141.018s][info ][gc,heap     ] GC(207) Survivor regions: 1->2(36)
[2025-06-06T18:30:22.205+0000][23141.018s][info ][gc,heap     ] GC(207) Old regions: 199->199
[2025-06-06T18:30:22.205+0000][23141.018s][info ][gc,heap     ] GC(207) Archive regions: 2->2
[2025-06-06T18:30:22.206+0000][23141.018s][info ][gc,heap     ] GC(207) Humongous regions: 0->0
[2025-06-06T18:30:22.206+0000][23141.019s][info ][gc,metaspace] GC(207) Metaspace: 187275K(188928K)->187275K(188928K) NonClass: 164942K(165760K)->164942K(165760K) Class: 22333K(23168K)->22333K(23168K)
[2025-06-06T18:30:22.206+0000][23141.019s][info ][gc          ] GC(207) Pause Young (Normal) (G1 Evacuation Pause) 486M->200M(544M) 7.746ms
[2025-06-06T18:30:22.206+0000][23141.019s][info ][gc,cpu      ] GC(207) User=0.02s Sys=0.00s Real=0.01s
[2025-06-06T18:30:22.206+0000][23141.019s][info ][safepoint   ] Safepoint "G1CollectForAllocation", Time since last: 45314476979 ns, Reaching safepoint: 1725625 ns, Cleanup: 8167 ns, At safepoint: 8191666 ns, Total: 9925458 ns
[2025-06-06T18:31:05.339+0000][23184.153s][debug][safepoint   ] Safepoint synchronization initiated using futex wait barrier. (184 threads)
[2025-06-06T18:31:05.340+0000][23184.154s][info ][safepoint   ] Safepoint "Cleanup", Time since last: 43133525645 ns, Reaching safepoint: 1244417 ns, Cleanup: 27750 ns, At safepoint: 6458 ns, Total: 1278625 ns
[2025-06-06T18:32:29.292+0000][23268.106s][debug][safepoint   ] Safepoint synchronization initiated using futex wait barrier. (184 threads)
[2025-06-06T18:32:29.295+0000][23268.108s][info ][gc,start    ] GC(208) Pause Young (Normal) (G1 Evacuation Pause)
[2025-06-06T18:32:29.295+0000][23268.109s][info ][gc,task     ] GC(208) Using 2 workers of 2 for evacuation
[2025-06-06T18:32:29.304+0000][23268.118s][info ][gc,phases   ] GC(208)   Pre Evacuate Collection Set: 0.3ms
[2025-06-06T18:32:29.304+0000][23268.118s][info ][gc,phases   ] GC(208)   Merge Heap Roots: 0.2ms
[2025-06-06T18:32:29.304+0000][23268.118s][info ][gc,phases   ] GC(208)   Evacuate Collection Set: 6.1ms
[2025-06-06T18:32:29.304+0000][23268.118s][info ][gc,phases   ] GC(208)   Post Evacuate Collection Set: 2.4ms
[2025-06-06T18:32:29.304+0000][23268.118s][info ][gc,phases   ] GC(208)   Other: 0.6ms
[2025-06-06T18:32:29.305+0000][23268.118s][info ][gc,heap     ] GC(208) Eden regions: 284->0(284)
[2025-06-06T18:32:29.305+0000][23268.118s][info ][gc,heap     ] GC(208) Survivor regions: 2->2(36)
[2025-06-06T18:32:29.305+0000][23268.118s][info ][gc,heap     ] GC(208) Old regions: 199->199
[2025-06-06T18:32:29.305+0000][23268.118s][info ][gc,heap     ] GC(208) Archive regions: 2->2
[2025-06-06T18:32:29.305+0000][23268.118s][info ][gc,heap     ] GC(208) Humongous regions: 0->0
[2025-06-06T18:32:29.305+0000][23268.118s][info ][gc,metaspace] GC(208) Metaspace: 187294K(188992K)->187294K(188992K) NonClass: 164961K(165824K)->164961K(165824K) Class: 22333K(23168K)->22333K(23168K)
[2025-06-06T18:32:29.305+0000][23268.119s][info ][gc          ] GC(208) Pause Young (Normal) (G1 Evacuation Pause) 484M->201M(544M) 10.176ms
[2025-06-06T18:32:29.305+0000][23268.119s][info ][gc,cpu      ] GC(208) User=0.02s Sys=0.00s Real=0.01s
[2025-06-06T18:32:29.305+0000][23268.119s][info ][safepoint   ] Safepoint "G1CollectForAllocation", Time since last: 83952085163 ns, Reaching safepoint: 2216083 ns, Cleanup: 11292 ns, At safepoint: 10519292 ns, Total: 12746667 ns
[2025-06-06T18:34:36.072+0000][23394.888s][debug][safepoint   ] Safepoint synchronization initiated using futex wait barrier. (184 threads)
[2025-06-06T18:34:36.074+0000][23394.890s][info ][gc,start    ] GC(209) Pause Young (Normal) (G1 Evacuation Pause)
[2025-06-06T18:34:36.074+0000][23394.890s][info ][gc,task     ] GC(209) Using 2 workers of 2 for evacuation
[2025-06-06T18:34:36.083+0000][23394.899s][info ][gc,phases   ] GC(209)   Pre Evacuate Collection Set: 0.3ms
[2025-06-06T18:34:36.083+0000][23394.899s][info ][gc,phases   ] GC(209)   Merge Heap Roots: 0.1ms
[2025-06-06T18:34:36.083+0000][23394.899s][info ][gc,phases   ] GC(209)   Evacuate Collection Set: 5.4ms
[2025-06-06T18:34:36.083+0000][23394.899s][info ][gc,phases   ] GC(209)   Post Evacuate Collection Set: 2.5ms
[2025-06-06T18:34:36.083+0000][23394.899s][info ][gc,phases   ] GC(209)   Other: 0.4ms
[2025-06-06T18:34:36.083+0000][23394.899s][info ][gc,heap     ] GC(209) Eden regions: 284->0(284)
[2025-06-06T18:34:36.083+0000][23394.899s][info ][gc,heap     ] GC(209) Survivor regions: 2->2(36)
[2025-06-06T18:34:36.084+0000][23394.899s][info ][gc,heap     ] GC(209) Old regions: 199->199
[2025-06-06T18:34:36.084+0000][23394.899s][info ][gc,heap     ] GC(209) Archive regions: 2->2
[2025-06-06T18:34:36.084+0000][23394.899s][info ][gc,heap     ] GC(209) Humongous regions: 0->0
[2025-06-06T18:34:36.084+0000][23394.900s][info ][gc,metaspace] GC(209) Metaspace: 187310K(188992K)->187310K(188992K) NonClass: 164977K(165824K)->164977K(165824K) Class: 22333K(23168K)->22333K(23168K)
[2025-06-06T18:34:36.084+0000][23394.900s][info ][gc          ] GC(209) Pause Young (Normal) (G1 Evacuation Pause) 485M->201M(544M) 9.731ms
[2025-06-06T18:34:36.084+0000][23394.900s][info ][gc,cpu      ] GC(209) User=0.02s Sys=0.00s Real=0.01s
[2025-06-06T18:34:36.085+0000][23394.900s][info ][safepoint   ] Safepoint "G1CollectForAllocation", Time since last: 126769170890 ns, Reaching safepoint: 1970083 ns, Cleanup: 15125 ns, At safepoint: 10600417 ns, Total: 12585625 ns
[2025-06-06T18:34:55.142+0000][23413.957s][debug][safepoint   ] Safepoint synchronization initiated using futex wait barrier. (184 threads)
[2025-06-06T18:34:55.143+0000][23413.959s][info ][safepoint   ] Safepoint "Cleanup", Time since last: 19056929675 ns, Reaching safepoint: 1108917 ns, Cleanup: 85750 ns, At safepoint: 17375 ns, Total: 1212042 ns
[2025-06-06T18:35:02.159+0000][23420.975s][debug][safepoint   ] Safepoint synchronization initiated using futex wait barrier. (184 threads)
[2025-06-06T18:35:02.160+0000][23420.976s][info ][safepoint   ] Safepoint "Cleanup", Time since last: 7016268711 ns, Reaching safepoint: 694542 ns, Cleanup: 38167 ns, At safepoint: 11833 ns, Total: 744542 ns
[2025-06-06T18:36:30.469+0000][23509.286s][debug][safepoint   ] Safepoint synchronization initiated using futex wait barrier. (184 threads)
[2025-06-06T18:36:30.471+0000][23509.288s][info ][safepoint   ] Safepoint "Cleanup", Time since last: 88310787666 ns, Reaching safepoint: 1098125 ns, Cleanup: 85167 ns, At safepoint: 11916 ns, Total: 1195208 ns
[2025-06-06T18:36:42.816+0000][23521.633s][debug][safepoint   ] Safepoint synchronization initiated using futex wait barrier. (184 threads)
[2025-06-06T18:36:42.817+0000][23521.635s][info ][gc,start    ] GC(210) Pause Young (Normal) (G1 Evacuation Pause)
[2025-06-06T18:36:42.818+0000][23521.635s][info ][gc,task     ] GC(210) Using 2 workers of 2 for evacuation
[2025-06-06T18:36:42.823+0000][23521.640s][info ][gc,phases   ] GC(210)   Pre Evacuate Collection Set: 0.3ms
[2025-06-06T18:36:42.823+0000][23521.640s][info ][gc,phases   ] GC(210)   Merge Heap Roots: 0.1ms
[2025-06-06T18:36:42.823+0000][23521.640s][info ][gc,phases   ] GC(210)   Evacuate Collection Set: 3.2ms
[2025-06-06T18:36:42.823+0000][23521.640s][info ][gc,phases   ] GC(210)   Post Evacuate Collection Set: 1.2ms
[2025-06-06T18:36:42.823+0000][23521.640s][info ][gc,phases   ] GC(210)   Other: 0.6ms
[2025-06-06T18:36:42.823+0000][23521.640s][info ][gc,heap     ] GC(210) Eden regions: 284->0(284)
[2025-06-06T18:36:42.823+0000][23521.640s][info ][gc,heap     ] GC(210) Survivor regions: 2->2(36)
[2025-06-06T18:36:42.823+0000][23521.640s][info ][gc,heap     ] GC(210) Old regions: 199->199
[2025-06-06T18:36:42.823+0000][23521.640s][info ][gc,heap     ] GC(210) Archive regions: 2->2
[2025-06-06T18:36:42.823+0000][23521.641s][info ][gc,heap     ] GC(210) Humongous regions: 0->0
[2025-06-06T18:36:42.823+0000][23521.641s][info ][gc,metaspace] GC(210) Metaspace: 187314K(188992K)->187314K(188992K) NonClass: 164980K(165824K)->164980K(165824K) Class: 22333K(23168K)->22333K(23168K)
[2025-06-06T18:36:42.823+0000][23521.641s][info ][gc          ] GC(210) Pause Young (Normal) (G1 Evacuation Pause) 485M->201M(544M) 6.062ms
[2025-06-06T18:36:42.824+0000][23521.641s][info ][gc,cpu      ] GC(210) User=0.00s Sys=0.00s Real=0.00s
[2025-06-06T18:36:42.824+0000][23521.641s][info ][safepoint   ] Safepoint "G1CollectForAllocation", Time since last: 12345696714 ns, Reaching safepoint: 1160792 ns, Cleanup: 12208 ns, At safepoint: 6323042 ns, Total: 7496042 ns
[2025-06-06T18:37:35.489+0000][23574.307s][debug][safepoint   ] Safepoint synchronization initiated using futex wait barrier. (184 threads)
[2025-06-06T18:37:35.490+0000][23574.307s][info ][safepoint   ] Safepoint "Cleanup", Time since last: 52665986608 ns, Reaching safepoint: 462917 ns, Cleanup: 26791 ns, At safepoint: 5084 ns, Total: 494792 ns
[2025-06-06T18:38:49.799+0000][23648.581s][debug][safepoint   ] Safepoint synchronization initiated using futex wait barrier. (184 threads)
[2025-06-06T18:38:49.801+0000][23648.584s][info ][gc,start    ] GC(211) Pause Young (Normal) (G1 Evacuation Pause)
[2025-06-06T18:38:49.801+0000][23648.584s][info ][gc,task     ] GC(211) Using 2 workers of 2 for evacuation
[2025-06-06T18:38:49.811+0000][23648.594s][info ][gc,phases   ] GC(211)   Pre Evacuate Collection Set: 0.5ms
[2025-06-06T18:38:49.811+0000][23648.594s][info ][gc,phases   ] GC(211)   Merge Heap Roots: 0.2ms
[2025-06-06T18:38:49.811+0000][23648.594s][info ][gc,phases   ] GC(211)   Evacuate Collection Set: 5.5ms
[2025-06-06T18:38:49.811+0000][23648.594s][info ][gc,phases   ] GC(211)   Post Evacuate Collection Set: 2.7ms
[2025-06-06T18:38:49.811+0000][23648.594s][info ][gc,phases   ] GC(211)   Other: 0.9ms
[2025-06-06T18:38:49.811+0000][23648.594s][info ][gc,heap     ] GC(211) Eden regions: 284->0(284)
[2025-06-06T18:38:49.812+0000][23648.594s][info ][gc,heap     ] GC(211) Survivor regions: 2->2(36)
[2025-06-06T18:38:49.812+0000][23648.594s][info ][gc,heap     ] GC(211) Old regions: 199->199
[2025-06-06T18:38:49.812+0000][23648.595s][info ][gc,heap     ] GC(211) Archive regions: 2->2
[2025-06-06T18:38:49.812+0000][23648.595s][info ][gc,heap     ] GC(211) Humongous regions: 0->0
[2025-06-06T18:38:49.812+0000][23648.595s][info ][gc,metaspace] GC(211) Metaspace: 187344K(189056K)->187344K(189056K) NonClass: 165011K(165888K)->165011K(165888K) Class: 22333K(23168K)->22333K(23168K)
[2025-06-06T18:38:49.812+0000][23648.595s][info ][gc          ] GC(211) Pause Young (Normal) (G1 Evacuation Pause) 485M->201M(544M) 11.049ms
[2025-06-06T18:38:49.812+0000][23648.595s][info ][gc,cpu      ] GC(211) User=0.02s Sys=0.00s Real=0.01s
[2025-06-06T18:38:49.812+0000][23648.595s][info ][safepoint   ] Safepoint "G1CollectForAllocation", Time since last: 74274111825 ns, Reaching safepoint: 2274458 ns, Cleanup: 18250 ns, At safepoint: 11460792 ns, Total: 13753500 ns
[2025-06-06T18:39:13.865+0000][23672.649s][debug][safepoint   ] Safepoint synchronization initiated using futex wait barrier. (184 threads)
[2025-06-06T18:39:13.867+0000][23672.650s][info ][safepoint   ] Safepoint "Cleanup", Time since last: 24053341136 ns, Reaching safepoint: 1723041 ns, Cleanup: 85917 ns, At safepoint: 11333 ns, Total: 1820291 ns
[2025-06-06T18:39:55.586+0000][23714.369s][debug][safepoint   ] Safepoint synchronization initiated using futex wait barrier. (184 threads)
[2025-06-06T18:39:55.587+0000][23714.370s][info ][safepoint   ] Safepoint "Cleanup", Time since last: 41718607603 ns, Reaching safepoint: 861208 ns, Cleanup: 82875 ns, At safepoint: 15167 ns, Total: 959250 ns
[2025-06-06T18:40:55.790+0000][23774.574s][debug][safepoint   ] Safepoint synchronization initiated using futex wait barrier. (184 threads)
[2025-06-06T18:40:55.792+0000][23774.576s][info ][gc,start    ] GC(212) Pause Young (Normal) (G1 Evacuation Pause)
[2025-06-06T18:40:55.793+0000][23774.576s][info ][gc,task     ] GC(212) Using 2 workers of 2 for evacuation
[2025-06-06T18:40:55.802+0000][23774.585s][info ][gc,phases   ] GC(212)   Pre Evacuate Collection Set: 0.3ms
[2025-06-06T18:40:55.802+0000][23774.586s][info ][gc,phases   ] GC(212)   Merge Heap Roots: 0.2ms
[2025-06-06T18:40:55.802+0000][23774.586s][info ][gc,phases   ] GC(212)   Evacuate Collection Set: 5.8ms
[2025-06-06T18:40:55.803+0000][23774.586s][info ][gc,phases   ] GC(212)   Post Evacuate Collection Set: 2.8ms
[2025-06-06T18:40:55.803+0000][23774.586s][info ][gc,phases   ] GC(212)   Other: 0.7ms
[2025-06-06T18:40:55.803+0000][23774.586s][info ][gc,heap     ] GC(212) Eden regions: 284->0(283)
[2025-06-06T18:40:55.803+0000][23774.586s][info ][gc,heap     ] GC(212) Survivor regions: 2->2(36)
[2025-06-06T18:40:55.803+0000][23774.586s][info ][gc,heap     ] GC(212) Old regions: 199->200
[2025-06-06T18:40:55.803+0000][23774.587s][info ][gc,heap     ] GC(212) Archive regions: 2->2
[2025-06-06T18:40:55.803+0000][23774.587s][info ][gc,heap     ] GC(212) Humongous regions: 0->0
[2025-06-06T18:40:55.803+0000][23774.587s][info ][gc,metaspace] GC(212) Metaspace: 187357K(189056K)->187357K(189056K) NonClass: 165024K(165888K)->165024K(165888K) Class: 22333K(23168K)->22333K(23168K)
[2025-06-06T18:40:55.803+0000][23774.587s][info ][gc          ] GC(212) Pause Young (Normal) (G1 Evacuation Pause) 485M->201M(544M) 11.092ms
[2025-06-06T18:40:55.804+0000][23774.587s][info ][gc,cpu      ] GC(212) User=0.02s Sys=0.00s Real=0.01s
[2025-06-06T18:40:55.804+0000][23774.588s][info ][safepoint   ] Safepoint "G1CollectForAllocation", Time since last: 60204053277 ns, Reaching safepoint: 1713209 ns, Cleanup: 19500 ns, At safepoint: 11995375 ns, Total: 13728084 ns
[2025-06-06T18:41:35.863+0000][23814.646s][debug][safepoint   ] Safepoint synchronization initiated using futex wait barrier. (184 threads)
[2025-06-06T18:41:35.863+0000][23814.646s][info ][safepoint   ] Safepoint "Cleanup", Time since last: 40058424768 ns, Reaching safepoint: 359041 ns, Cleanup: 24417 ns, At safepoint: 6292 ns, Total: 389750 ns
[2025-06-06T18:42:56.946+0000][23895.729s][debug][safepoint   ] Safepoint synchronization initiated using futex wait barrier. (184 threads)
[2025-06-06T18:42:56.947+0000][23895.730s][info ][safepoint   ] Safepoint "Cleanup", Time since last: 81082525620 ns, Reaching safepoint: 1065750 ns, Cleanup: 100792 ns, At safepoint: 16708 ns, Total: 1183250 ns
[2025-06-06T18:43:01.538+0000][23900.321s][debug][safepoint   ] Safepoint synchronization initiated using futex wait barrier. (184 threads)
[2025-06-06T18:43:01.539+0000][23900.322s][info ][gc,start    ] GC(213) Pause Young (Normal) (G1 Evacuation Pause)
[2025-06-06T18:43:01.539+0000][23900.322s][info ][gc,task     ] GC(213) Using 2 workers of 2 for evacuation
[2025-06-06T18:43:01.548+0000][23900.331s][info ][gc,phases   ] GC(213)   Pre Evacuate Collection Set: 0.3ms
[2025-06-06T18:43:01.548+0000][23900.331s][info ][gc,phases   ] GC(213)   Merge Heap Roots: 0.2ms
[2025-06-06T18:43:01.548+0000][23900.331s][info ][gc,phases   ] GC(213)   Evacuate Collection Set: 5.3ms
[2025-06-06T18:43:01.548+0000][23900.332s][info ][gc,phases   ] GC(213)   Post Evacuate Collection Set: 2.9ms
[2025-06-06T18:43:01.548+0000][23900.332s][info ][gc,phases   ] GC(213)   Other: 0.7ms
[2025-06-06T18:43:01.549+0000][23900.332s][info ][gc,heap     ] GC(213) Eden regions: 283->0(283)
[2025-06-06T18:43:01.549+0000][23900.332s][info ][gc,heap     ] GC(213) Survivor regions: 2->2(36)
[2025-06-06T18:43:01.549+0000][23900.332s][info ][gc,heap     ] GC(213) Old regions: 200->200
[2025-06-06T18:43:01.549+0000][23900.332s][info ][gc,heap     ] GC(213) Archive regions: 2->2
[2025-06-06T18:43:01.549+0000][23900.332s][info ][gc,heap     ] GC(213) Humongous regions: 0->0
[2025-06-06T18:43:01.549+0000][23900.332s][info ][gc,metaspace] GC(213) Metaspace: 187361K(189056K)->187361K(189056K) NonClass: 165028K(165888K)->165028K(165888K) Class: 22333K(23168K)->22333K(23168K)
[2025-06-06T18:43:01.549+0000][23900.332s][info ][gc          ] GC(213) Pause Young (Normal) (G1 Evacuation Pause) 484M->201M(544M) 10.442ms
[2025-06-06T18:43:01.549+0000][23900.332s][info ][gc,cpu      ] GC(213) User=0.01s Sys=0.00s Real=0.01s
[2025-06-06T18:43:01.549+0000][23900.333s][info ][safepoint   ] Safepoint "G1CollectForAllocation", Time since last: 4591152294 ns, Reaching safepoint: 293583 ns, Cleanup: 62917 ns, At safepoint: 10867083 ns, Total: 11223583 ns
[2025-06-06T18:43:24.954+0000][23923.737s][debug][safepoint   ] Safepoint synchronization initiated using futex wait barrier. (184 threads)
[2025-06-06T18:43:24.955+0000][23923.738s][info ][safepoint   ] Safepoint "Cleanup", Time since last: 23404625511 ns, Reaching safepoint: 860333 ns, Cleanup: 50083 ns, At safepoint: 32917 ns, Total: 943333 ns
[2025-06-06T18:43:53.022+0000][23951.806s][debug][safepoint   ] Safepoint synchronization initiated using futex wait barrier. (184 threads)
[2025-06-06T18:43:53.022+0000][23951.806s][info ][safepoint   ] Safepoint "Cleanup", Time since last: 28067877721 ns, Reaching safepoint: 338167 ns, Cleanup: 38542 ns, At safepoint: 6416 ns, Total: 383125 ns
[2025-06-06T18:44:07.063+0000][23965.846s][debug][safepoint   ] Safepoint synchronization initiated using futex wait barrier. (184 threads)
[2025-06-06T18:44:07.064+0000][23965.848s][info ][safepoint   ] Safepoint "Cleanup", Time since last: 14039901923 ns, Reaching safepoint: 1240583 ns, Cleanup: 73875 ns, At safepoint: 14125 ns, Total: 1328583 ns
[2025-06-06T18:44:54.043+0000][24012.828s][debug][safepoint   ] Safepoint synchronization initiated using futex wait barrier. (184 threads)
[2025-06-06T18:44:54.044+0000][24012.828s][info ][safepoint   ] Safepoint "Cleanup", Time since last: 46979899022 ns, Reaching safepoint: 383792 ns, Cleanup: 23416 ns, At safepoint: 7292 ns, Total: 414500 ns
[2025-06-06T18:45:07.396+0000][24026.180s][debug][safepoint   ] Safepoint synchronization initiated using futex wait barrier. (184 threads)
[2025-06-06T18:45:07.397+0000][24026.181s][info ][gc,start    ] GC(214) Pause Young (Normal) (G1 Evacuation Pause)
[2025-06-06T18:45:07.397+0000][24026.181s][info ][gc,task     ] GC(214) Using 2 workers of 2 for evacuation
[2025-06-06T18:45:07.400+0000][24026.185s][info ][gc,phases   ] GC(214)   Pre Evacuate Collection Set: 0.1ms
[2025-06-06T18:45:07.401+0000][24026.185s][info ][gc,phases   ] GC(214)   Merge Heap Roots: 0.1ms
[2025-06-06T18:45:07.401+0000][24026.185s][info ][gc,phases   ] GC(214)   Evacuate Collection Set: 2.5ms
[2025-06-06T18:45:07.401+0000][24026.185s][info ][gc,phases   ] GC(214)   Post Evacuate Collection Set: 1.1ms
[2025-06-06T18:45:07.401+0000][24026.185s][info ][gc,phases   ] GC(214)   Other: 0.2ms
[2025-06-06T18:45:07.401+0000][24026.185s][info ][gc,heap     ] GC(214) Eden regions: 283->0(283)
[2025-06-06T18:45:07.401+0000][24026.185s][info ][gc,heap     ] GC(214) Survivor regions: 2->2(36)
[2025-06-06T18:45:07.401+0000][24026.185s][info ][gc,heap     ] GC(214) Old regions: 200->200
[2025-06-06T18:45:07.401+0000][24026.185s][info ][gc,heap     ] GC(214) Archive regions: 2->2
[2025-06-06T18:45:07.401+0000][24026.185s][info ][gc,heap     ] GC(214) Humongous regions: 0->0
[2025-06-06T18:45:07.401+0000][24026.185s][info ][gc,metaspace] GC(214) Metaspace: 187363K(189056K)->187363K(189056K) NonClass: 165030K(165888K)->165030K(165888K) Class: 22333K(23168K)->22333K(23168K)
[2025-06-06T18:45:07.401+0000][24026.185s][info ][gc          ] GC(214) Pause Young (Normal) (G1 Evacuation Pause) 484M->201M(544M) 4.460ms
[2025-06-06T18:45:07.401+0000][24026.185s][info ][gc,cpu      ] GC(214) User=0.01s Sys=0.00s Real=0.01s
[2025-06-06T18:45:07.401+0000][24026.185s][info ][safepoint   ] Safepoint "G1CollectForAllocation", Time since last: 13352527631 ns, Reaching safepoint: 120875 ns, Cleanup: 3667 ns, At safepoint: 4634000 ns, Total: 4758542 ns
[2025-06-06T18:45:30.019+0000][24048.803s][debug][safepoint   ] Safepoint synchronization initiated using futex wait barrier. (184 threads)
[2025-06-06T18:45:30.022+0000][24048.806s][info ][safepoint   ] Safepoint "Cleanup", Time since last: 22617932885 ns, Reaching safepoint: 2412209 ns, Cleanup: 92500 ns, At safepoint: 13208 ns, Total: 2517917 ns
[2025-06-06T18:47:13.748+0000][24152.532s][debug][safepoint   ] Safepoint synchronization initiated using futex wait barrier. (184 threads)
[2025-06-06T18:47:13.751+0000][24152.536s][info ][gc,start    ] GC(215) Pause Young (Normal) (G1 Evacuation Pause)
[2025-06-06T18:47:13.751+0000][24152.536s][info ][gc,task     ] GC(215) Using 2 workers of 2 for evacuation
[2025-06-06T18:47:13.760+0000][24152.545s][info ][gc,phases   ] GC(215)   Pre Evacuate Collection Set: 0.4ms
[2025-06-06T18:47:13.760+0000][24152.545s][info ][gc,phases   ] GC(215)   Merge Heap Roots: 0.2ms
[2025-06-06T18:47:13.760+0000][24152.545s][info ][gc,phases   ] GC(215)   Evacuate Collection Set: 6.1ms
[2025-06-06T18:47:13.760+0000][24152.545s][info ][gc,phases   ] GC(215)   Post Evacuate Collection Set: 2.1ms
[2025-06-06T18:47:13.760+0000][24152.545s][info ][gc,phases   ] GC(215)   Other: 0.6ms
[2025-06-06T18:47:13.761+0000][24152.545s][info ][gc,heap     ] GC(215) Eden regions: 283->0(283)
[2025-06-06T18:47:13.761+0000][24152.545s][info ][gc,heap     ] GC(215) Survivor regions: 2->2(36)
[2025-06-06T18:47:13.761+0000][24152.546s][info ][gc,heap     ] GC(215) Old regions: 200->200
[2025-06-06T18:47:13.761+0000][24152.546s][info ][gc,heap     ] GC(215) Archive regions: 2->2
[2025-06-06T18:47:13.761+0000][24152.546s][info ][gc,heap     ] GC(215) Humongous regions: 0->0
[2025-06-06T18:47:13.761+0000][24152.546s][info ][gc,metaspace] GC(215) Metaspace: 187375K(189056K)->187375K(189056K) NonClass: 165042K(165888K)->165042K(165888K) Class: 22333K(23168K)->22333K(23168K)
[2025-06-06T18:47:13.761+0000][24152.546s][info ][gc          ] GC(215) Pause Young (Normal) (G1 Evacuation Pause) 484M->201M(544M) 10.128ms
[2025-06-06T18:47:13.761+0000][24152.546s][info ][gc,cpu      ] GC(215) User=0.02s Sys=0.00s Real=0.01s
[2025-06-06T18:47:13.761+0000][24152.546s][info ][safepoint   ] Safepoint "G1CollectForAllocation", Time since last: 103726746797 ns, Reaching safepoint: 2994750 ns, Cleanup: 18334 ns, At safepoint: 10450625 ns, Total: 13463709 ns
[2025-06-06T18:49:13.421+0000][24272.206s][debug][safepoint   ] Safepoint synchronization initiated using futex wait barrier. (184 threads)
[2025-06-06T18:49:13.422+0000][24272.207s][info ][safepoint   ] Safepoint "Cleanup", Time since last: 119660127095 ns, Reaching safepoint: 890792 ns, Cleanup: 76208 ns, At safepoint: 16333 ns, Total: 983333 ns
[2025-06-06T18:49:20.774+0000][24279.559s][debug][safepoint   ] Safepoint synchronization initiated using futex wait barrier. (184 threads)
[2025-06-06T18:49:20.775+0000][24279.560s][info ][gc,start    ] GC(216) Pause Young (Normal) (G1 Evacuation Pause)
[2025-06-06T18:49:20.775+0000][24279.560s][info ][gc,task     ] GC(216) Using 2 workers of 2 for evacuation
[2025-06-06T18:49:20.786+0000][24279.571s][info ][gc,phases   ] GC(216)   Pre Evacuate Collection Set: 0.8ms
[2025-06-06T18:49:20.786+0000][24279.571s][info ][gc,phases   ] GC(216)   Merge Heap Roots: 0.3ms
[2025-06-06T18:49:20.786+0000][24279.571s][info ][gc,phases   ] GC(216)   Evacuate Collection Set: 6.1ms
[2025-06-06T18:49:20.786+0000][24279.571s][info ][gc,phases   ] GC(216)   Post Evacuate Collection Set: 2.9ms
[2025-06-06T18:49:20.786+0000][24279.571s][info ][gc,phases   ] GC(216)   Other: 0.9ms
[2025-06-06T18:49:20.787+0000][24279.572s][info ][gc,heap     ] GC(216) Eden regions: 283->0(283)
[2025-06-06T18:49:20.787+0000][24279.572s][info ][gc,heap     ] GC(216) Survivor regions: 2->2(36)
[2025-06-06T18:49:20.787+0000][24279.572s][info ][gc,heap     ] GC(216) Old regions: 200->200
[2025-06-06T18:49:20.787+0000][24279.572s][info ][gc,heap     ] GC(216) Archive regions: 2->2
[2025-06-06T18:49:20.787+0000][24279.572s][info ][gc,heap     ] GC(216) Humongous regions: 0->0
[2025-06-06T18:49:20.787+0000][24279.572s][info ][gc,metaspace] GC(216) Metaspace: 187382K(189056K)->187382K(189056K) NonClass: 165049K(165888K)->165049K(165888K) Class: 22333K(23168K)->22333K(23168K)
[2025-06-06T18:49:20.787+0000][24279.572s][info ][gc          ] GC(216) Pause Young (Normal) (G1 Evacuation Pause) 484M->201M(544M) 12.459ms
[2025-06-06T18:49:20.787+0000][24279.572s][info ][gc,cpu      ] GC(216) User=0.02s Sys=0.00s Real=0.02s
[2025-06-06T18:49:20.788+0000][24279.573s][info ][safepoint   ] Safepoint "G1CollectForAllocation", Time since last: 7351545879 ns, Reaching safepoint: 1068375 ns, Cleanup: 28875 ns, At safepoint: 12962958 ns, Total: 14060208 ns
[2025-06-06T18:51:32.323+0000][24411.109s][debug][safepoint   ] Safepoint synchronization initiated using futex wait barrier. (184 threads)
[2025-06-06T18:51:32.325+0000][24411.110s][info ][gc,start    ] GC(217) Pause Young (Normal) (G1 Evacuation Pause)
[2025-06-06T18:51:32.325+0000][24411.111s][info ][gc,task     ] GC(217) Using 2 workers of 2 for evacuation
[2025-06-06T18:51:32.334+0000][24411.119s][info ][gc,phases   ] GC(217)   Pre Evacuate Collection Set: 0.3ms
[2025-06-06T18:51:32.334+0000][24411.119s][info ][gc,phases   ] GC(217)   Merge Heap Roots: 0.2ms
[2025-06-06T18:51:32.335+0000][24411.120s][info ][gc,phases   ] GC(217)   Evacuate Collection Set: 5.2ms
[2025-06-06T18:51:32.335+0000][24411.120s][info ][gc,phases   ] GC(217)   Post Evacuate Collection Set: 2.6ms
[2025-06-06T18:51:32.335+0000][24411.120s][info ][gc,phases   ] GC(217)   Other: 0.6ms
[2025-06-06T18:51:32.335+0000][24411.120s][info ][gc,heap     ] GC(217) Eden regions: 283->0(283)
[2025-06-06T18:51:32.335+0000][24411.120s][info ][gc,heap     ] GC(217) Survivor regions: 2->2(36)
[2025-06-06T18:51:32.335+0000][24411.120s][info ][gc,heap     ] GC(217) Old regions: 200->200
[2025-06-06T18:51:32.335+0000][24411.120s][info ][gc,heap     ] GC(217) Archive regions: 2->2
[2025-06-06T18:51:32.335+0000][24411.121s][info ][gc,heap     ] GC(217) Humongous regions: 0->0
[2025-06-06T18:51:32.336+0000][24411.121s][info ][gc,metaspace] GC(217) Metaspace: 187383K(189056K)->187383K(189056K) NonClass: 165050K(165888K)->165050K(165888K) Class: 22333K(23168K)->22333K(23168K)
[2025-06-06T18:51:32.336+0000][24411.121s][info ][gc          ] GC(217) Pause Young (Normal) (G1 Evacuation Pause) 484M->201M(544M) 10.537ms
[2025-06-06T18:51:32.336+0000][24411.121s][info ][gc,cpu      ] GC(217) User=0.02s Sys=0.00s Real=0.01s
[2025-06-06T18:51:32.336+0000][24411.122s][info ][safepoint   ] Safepoint "G1CollectForAllocation", Time since last: 131535953893 ns, Reaching safepoint: 1676917 ns, Cleanup: 30916 ns, At safepoint: 11388459 ns, Total: 13096292 ns
[2025-06-06T18:51:33.337+0000][24412.122s][debug][safepoint   ] Safepoint synchronization initiated using futex wait barrier. (184 threads)
[2025-06-06T18:51:33.337+0000][24412.122s][info ][safepoint   ] Safepoint "Cleanup", Time since last: 1000566792 ns, Reaching safepoint: 177792 ns, Cleanup: 16208 ns, At safepoint: 5083 ns, Total: 199083 ns
[2025-06-06T18:51:36.347+0000][24415.132s][debug][safepoint   ] Safepoint synchronization initiated using futex wait barrier. (184 threads)
[2025-06-06T18:51:36.348+0000][24415.133s][info ][safepoint   ] Safepoint "Cleanup", Time since last: 3009451335 ns, Reaching safepoint: 1297125 ns, Cleanup: 212125 ns, At safepoint: 14625 ns, Total: 1523875 ns
[2025-06-06T18:53:10.161+0000][24508.947s][debug][safepoint   ] Safepoint synchronization initiated using futex wait barrier. (184 threads)
[2025-06-06T18:53:10.165+0000][24508.951s][info ][safepoint   ] Safepoint "Cleanup", Time since last: 93813537126 ns, Reaching safepoint: 3924541 ns, Cleanup: 69834 ns, At safepoint: 13083 ns, Total: 4007458 ns
[2025-06-06T18:53:13.174+0000][24511.960s][debug][safepoint   ] Safepoint synchronization initiated using futex wait barrier. (184 threads)
[2025-06-06T18:53:13.175+0000][24511.961s][info ][safepoint   ] Safepoint "Cleanup", Time since last: 3008579627 ns, Reaching safepoint: 1344833 ns, Cleanup: 36917 ns, At safepoint: 11791 ns, Total: 1393541 ns
[2025-06-06T18:53:39.595+0000][24538.381s][debug][safepoint   ] Safepoint synchronization initiated using futex wait barrier. (184 threads)
[2025-06-06T18:53:39.597+0000][24538.383s][info ][gc,start    ] GC(218) Pause Young (Normal) (G1 Evacuation Pause)
[2025-06-06T18:53:39.597+0000][24538.383s][info ][gc,task     ] GC(218) Using 2 workers of 2 for evacuation
[2025-06-06T18:53:39.604+0000][24538.390s][info ][gc,phases   ] GC(218)   Pre Evacuate Collection Set: 0.3ms
[2025-06-06T18:53:39.605+0000][24538.390s][info ][gc,phases   ] GC(218)   Merge Heap Roots: 0.1ms
[2025-06-06T18:53:39.605+0000][24538.390s][info ][gc,phases   ] GC(218)   Evacuate Collection Set: 4.5ms
[2025-06-06T18:53:39.605+0000][24538.390s][info ][gc,phases   ] GC(218)   Post Evacuate Collection Set: 2.1ms
[2025-06-06T18:53:39.605+0000][24538.390s][info ][gc,phases   ] GC(218)   Other: 0.4ms
[2025-06-06T18:53:39.605+0000][24538.391s][info ][gc,heap     ] GC(218) Eden regions: 283->0(284)
[2025-06-06T18:53:39.605+0000][24538.391s][info ][gc,heap     ] GC(218) Survivor regions: 2->1(36)
[2025-06-06T18:53:39.605+0000][24538.391s][info ][gc,heap     ] GC(218) Old regions: 200->201
[2025-06-06T18:53:39.605+0000][24538.391s][info ][gc,heap     ] GC(218) Archive regions: 2->2
[2025-06-06T18:53:39.605+0000][24538.391s][info ][gc,heap     ] GC(218) Humongous regions: 0->0
[2025-06-06T18:53:39.605+0000][24538.391s][info ][gc,metaspace] GC(218) Metaspace: 187388K(189056K)->187388K(189056K) NonClass: 165055K(165888K)->165055K(165888K) Class: 22333K(23168K)->22333K(23168K)
[2025-06-06T18:53:39.605+0000][24538.391s][info ][gc          ] GC(218) Pause Young (Normal) (G1 Evacuation Pause) 484M->201M(544M) 8.053ms
[2025-06-06T18:53:39.605+0000][24538.391s][info ][gc,cpu      ] GC(218) User=0.01s Sys=0.00s Real=0.00s
[2025-06-06T18:53:39.605+0000][24538.391s][info ][safepoint   ] Safepoint "G1CollectForAllocation", Time since last: 26420116179 ns, Reaching safepoint: 1647334 ns, Cleanup: 14583 ns, At safepoint: 8359000 ns, Total: 10020917 ns
[2025-06-06T18:53:40.612+0000][24539.397s][debug][safepoint   ] Safepoint synchronization initiated using futex wait barrier. (184 threads)
[2025-06-06T18:53:40.614+0000][24539.399s][info ][safepoint   ] Safepoint "Cleanup", Time since last: 1006219834 ns, Reaching safepoint: 2085333 ns, Cleanup: 112875 ns, At safepoint: 11958 ns, Total: 2210166 ns
[2025-06-06T18:55:36.266+0000][24655.052s][debug][safepoint   ] Safepoint synchronization initiated using futex wait barrier. (184 threads)
[2025-06-06T18:55:36.268+0000][24655.054s][info ][safepoint   ] Safepoint "Cleanup", Time since last: 115652461721 ns, Reaching safepoint: 1630708 ns, Cleanup: 29417 ns, At safepoint: 19208 ns, Total: 1679333 ns
[2025-06-06T18:55:46.468+0000][24665.254s][debug][safepoint   ] Safepoint synchronization initiated using futex wait barrier. (184 threads)
[2025-06-06T18:55:46.469+0000][24665.254s][info ][gc,start    ] GC(219) Pause Young (Normal) (G1 Evacuation Pause)
[2025-06-06T18:55:46.469+0000][24665.255s][info ][gc,task     ] GC(219) Using 2 workers of 2 for evacuation
[2025-06-06T18:55:46.480+0000][24665.266s][info ][gc,phases   ] GC(219)   Pre Evacuate Collection Set: 0.5ms
[2025-06-06T18:55:46.480+0000][24665.266s][info ][gc,phases   ] GC(219)   Merge Heap Roots: 0.2ms
[2025-06-06T18:55:46.480+0000][24665.266s][info ][gc,phases   ] GC(219)   Evacuate Collection Set: 6.3ms
[2025-06-06T18:55:46.480+0000][24665.266s][info ][gc,phases   ] GC(219)   Post Evacuate Collection Set: 3.8ms
[2025-06-06T18:55:46.480+0000][24665.266s][info ][gc,phases   ] GC(219)   Other: 0.8ms
[2025-06-06T18:55:46.481+0000][24665.266s][info ][gc,heap     ] GC(219) Eden regions: 284->0(284)
[2025-06-06T18:55:46.481+0000][24665.266s][info ][gc,heap     ] GC(219) Survivor regions: 1->1(36)
[2025-06-06T18:55:46.481+0000][24665.267s][info ][gc,heap     ] GC(219) Old regions: 201->201
[2025-06-06T18:55:46.481+0000][24665.267s][info ][gc,heap     ] GC(219) Archive regions: 2->2
[2025-06-06T18:55:46.481+0000][24665.267s][info ][gc,heap     ] GC(219) Humongous regions: 0->0
[2025-06-06T18:55:46.481+0000][24665.267s][info ][gc,metaspace] GC(219) Metaspace: 187389K(189056K)->187389K(189056K) NonClass: 165056K(165888K)->165056K(165888K) Class: 22333K(23168K)->22333K(23168K)
[2025-06-06T18:55:46.481+0000][24665.267s][info ][gc          ] GC(219) Pause Young (Normal) (G1 Evacuation Pause) 485M->201M(544M) 12.488ms
[2025-06-06T18:55:46.481+0000][24665.267s][info ][gc,cpu      ] GC(219) User=0.02s Sys=0.00s Real=0.01s
[2025-06-06T18:55:46.482+0000][24665.267s][info ][safepoint   ] Safepoint "G1CollectForAllocation", Time since last: 10200038129 ns, Reaching safepoint: 385708 ns, Cleanup: 14583 ns, At safepoint: 13252959 ns, Total: 13653250 ns
[2025-06-06T18:56:53.331+0000][24732.117s][debug][safepoint   ] Safepoint synchronization initiated using futex wait barrier. (184 threads)
[2025-06-06T18:56:53.332+0000][24732.118s][info ][safepoint   ] Safepoint "Cleanup", Time since last: 66849196197 ns, Reaching safepoint: 1512042 ns, Cleanup: 48375 ns, At safepoint: 8041 ns, Total: 1568458 ns
[2025-06-06T18:57:01.343+0000][24740.129s][debug][safepoint   ] Safepoint synchronization initiated using futex wait barrier. (188 threads)
[2025-06-06T18:57:01.344+0000][24740.130s][info ][safepoint   ] Safepoint "Cleanup", Time since last: 8010713546 ns, Reaching safepoint: 1080792 ns, Cleanup: 140875 ns, At safepoint: 9583 ns, Total: 1231250 ns
[2025-06-06T18:57:02.346+0000][24741.131s][debug][safepoint   ] Safepoint synchronization initiated using futex wait barrier. (188 threads)
[2025-06-06T18:57:02.348+0000][24741.134s][info ][safepoint   ] Safepoint "Cleanup", Time since last: 1001359917 ns, Reaching safepoint: 2187833 ns, Cleanup: 151459 ns, At safepoint: 11083 ns, Total: 2350375 ns
[2025-06-06T18:57:05.356+0000][24744.142s][debug][safepoint   ] Safepoint synchronization initiated using futex wait barrier. (188 threads)
[2025-06-06T18:57:05.357+0000][24744.143s][info ][safepoint   ] Safepoint "Cleanup", Time since last: 3008058626 ns, Reaching safepoint: 986417 ns, Cleanup: 76458 ns, At safepoint: 15667 ns, Total: 1078542 ns
[2025-06-06T18:57:08.361+0000][24747.147s][debug][safepoint   ] Safepoint synchronization initiated using futex wait barrier. (189 threads)
[2025-06-06T18:57:08.362+0000][24747.148s][info ][safepoint   ] Safepoint "Cleanup", Time since last: 3004149585 ns, Reaching safepoint: 706791 ns, Cleanup: 156792 ns, At safepoint: 13250 ns, Total: 876833 ns
[2025-06-06T18:57:35.353+0000][24774.139s][debug][safepoint   ] Safepoint synchronization initiated using futex wait barrier. (191 threads)
[2025-06-06T18:57:35.355+0000][24774.141s][info ][safepoint   ] Safepoint "Cleanup", Time since last: 26991536554 ns, Reaching safepoint: 1627125 ns, Cleanup: 36959 ns, At safepoint: 52083 ns, Total: 1716167 ns
[2025-06-06T18:57:54.900+0000][24793.686s][debug][safepoint   ] Safepoint synchronization initiated using futex wait barrier. (184 threads)
[2025-06-06T18:57:54.901+0000][24793.687s][info ][gc,start    ] GC(220) Pause Young (Normal) (G1 Evacuation Pause)
[2025-06-06T18:57:54.901+0000][24793.687s][info ][gc,task     ] GC(220) Using 2 workers of 2 for evacuation
[2025-06-06T18:57:54.908+0000][24793.694s][info ][gc,phases   ] GC(220)   Pre Evacuate Collection Set: 0.3ms
[2025-06-06T18:57:54.909+0000][24793.695s][info ][gc,phases   ] GC(220)   Merge Heap Roots: 0.2ms
[2025-06-06T18:57:54.909+0000][24793.695s][info ][gc,phases   ] GC(220)   Evacuate Collection Set: 4.3ms
[2025-06-06T18:57:54.909+0000][24793.695s][info ][gc,phases   ] GC(220)   Post Evacuate Collection Set: 2.1ms
[2025-06-06T18:57:54.909+0000][24793.695s][info ][gc,phases   ] GC(220)   Other: 0.5ms
[2025-06-06T18:57:54.909+0000][24793.695s][info ][gc,heap     ] GC(220) Eden regions: 284->0(284)
[2025-06-06T18:57:54.909+0000][24793.695s][info ][gc,heap     ] GC(220) Survivor regions: 1->1(36)
[2025-06-06T18:57:54.909+0000][24793.695s][info ][gc,heap     ] GC(220) Old regions: 201->201
[2025-06-06T18:57:54.909+0000][24793.695s][info ][gc,heap     ] GC(220) Archive regions: 2->2
[2025-06-06T18:57:54.909+0000][24793.695s][info ][gc,heap     ] GC(220) Humongous regions: 0->0
[2025-06-06T18:57:54.909+0000][24793.695s][info ][gc,metaspace] GC(220) Metaspace: 187505K(189184K)->187505K(189184K) NonClass: 165154K(166016K)->165154K(166016K) Class: 22350K(23168K)->22350K(23168K)
[2025-06-06T18:57:54.910+0000][24793.696s][info ][gc          ] GC(220) Pause Young (Normal) (G1 Evacuation Pause) 485M->202M(544M) 8.515ms
[2025-06-06T18:57:54.910+0000][24793.696s][info ][gc,cpu      ] GC(220) User=0.01s Sys=0.00s Real=0.01s
[2025-06-06T18:57:54.910+0000][24793.696s][info ][safepoint   ] Safepoint "G1CollectForAllocation", Time since last: 19544427301 ns, Reaching safepoint: 1385666 ns, Cleanup: 7375 ns, At safepoint: 8852167 ns, Total: 10245208 ns
[2025-06-06T18:57:55.916+0000][24794.702s][debug][safepoint   ] Safepoint synchronization initiated using futex wait barrier. (184 threads)
[2025-06-06T18:57:55.917+0000][24794.703s][info ][safepoint   ] Safepoint "Cleanup", Time since last: 1006192834 ns, Reaching safepoint: 477417 ns, Cleanup: 187666 ns, At safepoint: 11209 ns, Total: 676292 ns
