[2025-06-05T22:35:50.265+0000][0.003s][info][gc] Using G1
[2025-06-05T22:35:50.266+0000][0.003s][info][gc,init] Version: 17.0.12+7-Debian-2deb12u1 (release)
[2025-06-05T22:35:50.266+0000][0.004s][info][gc,init] CPUs: 10 total, 2 available
[2025-06-05T22:35:50.266+0000][0.004s][info][gc,init] Memory: 4096M
[2025-06-05T22:35:50.266+0000][0.004s][info][gc,init] Large Page Support: Disabled
[2025-06-05T22:35:50.266+0000][0.004s][info][gc,init] NUMA Support: Disabled
[2025-06-05T22:35:50.266+0000][0.004s][info][gc,init] Compressed Oops: Enabled (32-bit)
[2025-06-05T22:35:50.267+0000][0.004s][info][gc,init] Heap Region Size: 1M
[2025-06-05T22:35:50.267+0000][0.004s][info][gc,init] Heap Min Capacity: 8M
[2025-06-05T22:35:50.267+0000][0.004s][info][gc,init] Heap Initial Capacity: 64M
[2025-06-05T22:35:50.267+0000][0.004s][info][gc,init] Heap Max Capacity: 1G
[2025-06-05T22:35:50.267+0000][0.004s][info][gc,init] Pre-touch: Disabled
[2025-06-05T22:35:50.267+0000][0.004s][info][gc,init] Parallel Workers: 2
[2025-06-05T22:35:50.267+0000][0.004s][info][gc,init] Concurrent Workers: 1
[2025-06-05T22:35:50.267+0000][0.004s][info][gc,init] Concurrent Refinement Workers: 2
[2025-06-05T22:35:50.267+0000][0.004s][info][gc,init] Periodic GC: Disabled
[2025-06-05T22:35:50.272+0000][0.010s][info][gc,metaspace] CDS archive(s) mapped at: [0x0000007000000000-0x0000007000be0000-0x0000007000be0000), size 12451840, SharedBaseAddress: 0x0000007000000000, ArchiveRelocationMode: 1.
[2025-06-05T22:35:50.272+0000][0.010s][info][gc,metaspace] Compressed class space mapped at: 0x0000007001000000-0x0000007041000000, reserved size: 1073741824
[2025-06-05T22:35:50.273+0000][0.010s][info][gc,metaspace] Narrow klass base: 0x0000007000000000, Narrow klass shift: 0, Narrow klass range: 0x100000000
[2025-06-05T22:35:50.275+0000][0.012s][info][cds,heap    ] initialize_from_archived_subgraph java.lang.Module$ArchivedData 0x0000007000182380 (early)
[2025-06-05T22:35:50.275+0000][0.013s][info][cds,heap    ] initialize_from_archived_subgraph java.util.ImmutableCollections 0x0000007000070cd8 (early)
[2025-06-05T22:35:50.276+0000][0.014s][info][cds,heap    ] initialize_from_archived_subgraph java.lang.Integer$IntegerCache 0x0000007000036060 (early)
[2025-06-05T22:35:50.278+0000][0.015s][info][cds,heap    ] initialize_from_archived_subgraph java.lang.module.Configuration 0x0000007000170300 (early)
[2025-06-05T22:35:50.278+0000][0.015s][info][cds,heap    ] initialize_from_archived_subgraph java.lang.ModuleLayer 0x0000007000144c50 (early)
[2025-06-05T22:35:50.279+0000][0.016s][info][cds,heap    ] initialize_from_archived_subgraph jdk.internal.loader.ArchivedClassLoaders 0x00000070001ab770 (early)
[2025-06-05T22:35:50.279+0000][0.016s][info][cds,heap    ] initialize_from_archived_subgraph jdk.internal.module.ArchivedBootLayer 0x0000007000176f40 (early)
[2025-06-05T22:35:50.280+0000][0.017s][info][cds,heap    ] initialize_from_archived_subgraph sun.util.locale.BaseLocale 0x000000700026c120
[2025-06-05T22:35:50.284+0000][0.021s][info][cds,heap    ] initialize_from_archived_subgraph java.util.jar.Attributes$Name 0x000000700019d1e8
[2025-06-05T22:35:50.296+0000][0.033s][info][cds,heap    ] initialize_from_archived_subgraph java.lang.Long$LongCache 0x000000700001f998
[2025-06-05T22:35:50.333+0000][0.070s][info][cds,heap    ] initialize_from_archived_subgraph java.lang.Character$CharacterCache 0x00000070000393e8
[2025-06-05T22:35:50.389+0000][0.126s][debug][safepoint   ] Safepoint synchronization initiated using futex wait barrier. (12 threads)
[2025-06-05T22:35:50.389+0000][0.126s][info ][safepoint   ] Safepoint "ICBufferFull", Time since last: 113855042 ns, Reaching safepoint: 291792 ns, Cleanup: 82416 ns, At safepoint: 4584 ns, Total: 378792 ns
[2025-06-05T22:35:50.403+0000][0.140s][debug][safepoint   ] Safepoint synchronization initiated using futex wait barrier. (12 threads)
[2025-06-05T22:35:50.403+0000][0.140s][info ][gc,start    ] GC(0) Pause Young (Normal) (G1 Evacuation Pause)
[2025-06-05T22:35:50.403+0000][0.140s][info ][gc,task     ] GC(0) Using 2 workers of 2 for evacuation
[2025-06-05T22:35:50.406+0000][0.143s][info ][gc,phases   ] GC(0)   Pre Evacuate Collection Set: 0.1ms
[2025-06-05T22:35:50.406+0000][0.143s][info ][gc,phases   ] GC(0)   Merge Heap Roots: 0.1ms
[2025-06-05T22:35:50.406+0000][0.143s][info ][gc,phases   ] GC(0)   Evacuate Collection Set: 2.2ms
[2025-06-05T22:35:50.406+0000][0.143s][info ][gc,phases   ] GC(0)   Post Evacuate Collection Set: 0.2ms
[2025-06-05T22:35:50.406+0000][0.143s][info ][gc,phases   ] GC(0)   Other: 0.5ms
[2025-06-05T22:35:50.406+0000][0.143s][info ][gc,heap     ] GC(0) Eden regions: 18->0(22)
[2025-06-05T22:35:50.406+0000][0.143s][info ][gc,heap     ] GC(0) Survivor regions: 0->3(3)
[2025-06-05T22:35:50.406+0000][0.144s][info ][gc,heap     ] GC(0) Old regions: 0->1
[2025-06-05T22:35:50.406+0000][0.144s][info ][gc,heap     ] GC(0) Archive regions: 2->2
[2025-06-05T22:35:50.406+0000][0.144s][info ][gc,heap     ] GC(0) Humongous regions: 0->0
[2025-06-05T22:35:50.406+0000][0.144s][info ][gc,metaspace] GC(0) Metaspace: 1961K(2176K)->1961K(2176K) NonClass: 1756K(1856K)->1756K(1856K) Class: 205K(320K)->205K(320K)
[2025-06-05T22:35:50.406+0000][0.144s][info ][gc          ] GC(0) Pause Young (Normal) (G1 Evacuation Pause) 18M->4M(66M) 3.681ms
[2025-06-05T22:35:50.407+0000][0.144s][info ][gc,cpu      ] GC(0) User=0.00s Sys=0.01s Real=0.00s
[2025-06-05T22:35:50.407+0000][0.144s][info ][safepoint   ] Safepoint "G1CollectForAllocation", Time since last: 13480958 ns, Reaching safepoint: 159167 ns, Cleanup: 26541 ns, At safepoint: 3943875 ns, Total: 4129583 ns
[2025-06-05T22:35:50.470+0000][0.207s][debug][safepoint   ] Safepoint synchronization initiated using futex wait barrier. (12 threads)
[2025-06-05T22:35:50.470+0000][0.207s][info ][gc,start    ] GC(1) Pause Young (Normal) (G1 Evacuation Pause)
[2025-06-05T22:35:50.470+0000][0.207s][info ][gc,task     ] GC(1) Using 2 workers of 2 for evacuation
[2025-06-05T22:35:50.473+0000][0.210s][info ][gc,phases   ] GC(1)   Pre Evacuate Collection Set: 0.1ms
[2025-06-05T22:35:50.473+0000][0.210s][info ][gc,phases   ] GC(1)   Merge Heap Roots: 0.1ms
[2025-06-05T22:35:50.473+0000][0.210s][info ][gc,phases   ] GC(1)   Evacuate Collection Set: 2.6ms
[2025-06-05T22:35:50.473+0000][0.210s][info ][gc,phases   ] GC(1)   Post Evacuate Collection Set: 0.4ms
[2025-06-05T22:35:50.473+0000][0.210s][info ][gc,phases   ] GC(1)   Other: 0.1ms
[2025-06-05T22:35:50.473+0000][0.211s][info ][gc,heap     ] GC(1) Eden regions: 22->0(33)
[2025-06-05T22:35:50.473+0000][0.211s][info ][gc,heap     ] GC(1) Survivor regions: 3->3(4)
[2025-06-05T22:35:50.473+0000][0.211s][info ][gc,heap     ] GC(1) Old regions: 1->4
[2025-06-05T22:35:50.473+0000][0.211s][info ][gc,heap     ] GC(1) Archive regions: 2->2
[2025-06-05T22:35:50.473+0000][0.211s][info ][gc,heap     ] GC(1) Humongous regions: 0->0
[2025-06-05T22:35:50.474+0000][0.211s][info ][gc,metaspace] GC(1) Metaspace: 2094K(2368K)->2094K(2368K) NonClass: 1888K(2048K)->1888K(2048K) Class: 206K(320K)->206K(320K)
[2025-06-05T22:35:50.474+0000][0.211s][info ][gc          ] GC(1) Pause Young (Normal) (G1 Evacuation Pause) 26M->7M(66M) 4.027ms
[2025-06-05T22:35:50.474+0000][0.211s][info ][gc,cpu      ] GC(1) User=0.01s Sys=0.00s Real=0.00s
[2025-06-05T22:35:50.474+0000][0.211s][info ][safepoint   ] Safepoint "G1CollectForAllocation", Time since last: 62784334 ns, Reaching safepoint: 146000 ns, Cleanup: 29375 ns, At safepoint: 4160083 ns, Total: 4335458 ns
[2025-06-05T22:35:50.604+0000][0.341s][debug][safepoint   ] Safepoint synchronization initiated using futex wait barrier. (12 threads)
[2025-06-05T22:35:50.604+0000][0.342s][info ][safepoint   ] Safepoint "ICBufferFull", Time since last: 130343125 ns, Reaching safepoint: 184500 ns, Cleanup: 95333 ns, At safepoint: 4167 ns, Total: 284000 ns
[2025-06-05T22:35:50.613+0000][0.350s][debug][safepoint   ] Safepoint synchronization initiated using futex wait barrier. (12 threads)
[2025-06-05T22:35:50.613+0000][0.350s][info ][gc,start    ] GC(2) Pause Young (Normal) (G1 Evacuation Pause)
[2025-06-05T22:35:50.613+0000][0.350s][info ][gc,task     ] GC(2) Using 2 workers of 2 for evacuation
[2025-06-05T22:35:50.616+0000][0.353s][info ][gc,phases   ] GC(2)   Pre Evacuate Collection Set: 0.1ms
[2025-06-05T22:35:50.616+0000][0.353s][info ][gc,phases   ] GC(2)   Merge Heap Roots: 0.1ms
[2025-06-05T22:35:50.616+0000][0.353s][info ][gc,phases   ] GC(2)   Evacuate Collection Set: 2.3ms
[2025-06-05T22:35:50.616+0000][0.353s][info ][gc,phases   ] GC(2)   Post Evacuate Collection Set: 0.4ms
[2025-06-05T22:35:50.616+0000][0.353s][info ][gc,phases   ] GC(2)   Other: 0.2ms
[2025-06-05T22:35:50.616+0000][0.353s][info ][gc,heap     ] GC(2) Eden regions: 33->0(31)
[2025-06-05T22:35:50.616+0000][0.353s][info ][gc,heap     ] GC(2) Survivor regions: 3->3(5)
[2025-06-05T22:35:50.616+0000][0.353s][info ][gc,heap     ] GC(2) Old regions: 4->7
[2025-06-05T22:35:50.616+0000][0.354s][info ][gc,heap     ] GC(2) Archive regions: 2->2
[2025-06-05T22:35:50.616+0000][0.354s][info ][gc,heap     ] GC(2) Humongous regions: 0->0
[2025-06-05T22:35:50.616+0000][0.354s][info ][gc,metaspace] GC(2) Metaspace: 3073K(3328K)->3073K(3328K) NonClass: 2775K(2880K)->2775K(2880K) Class: 297K(448K)->297K(448K)
[2025-06-05T22:35:50.616+0000][0.354s][info ][gc          ] GC(2) Pause Young (Normal) (G1 Evacuation Pause) 40M->10M(66M) 3.669ms
[2025-06-05T22:35:50.617+0000][0.354s][info ][gc,cpu      ] GC(2) User=0.01s Sys=0.00s Real=0.00s
[2025-06-05T22:35:50.617+0000][0.354s][info ][safepoint   ] Safepoint "G1CollectForAllocation", Time since last: 8132833 ns, Reaching safepoint: 148417 ns, Cleanup: 9750 ns, At safepoint: 3769000 ns, Total: 3927167 ns
[2025-06-05T22:35:50.724+0000][0.462s][debug][safepoint   ] Safepoint synchronization initiated using futex wait barrier. (12 threads)
[2025-06-05T22:35:50.725+0000][0.462s][info ][gc,start    ] GC(3) Pause Young (Normal) (G1 Evacuation Pause)
[2025-06-05T22:35:50.725+0000][0.462s][info ][gc,task     ] GC(3) Using 2 workers of 2 for evacuation
[2025-06-05T22:35:50.727+0000][0.464s][info ][gc,phases   ] GC(3)   Pre Evacuate Collection Set: 0.1ms
[2025-06-05T22:35:50.727+0000][0.464s][info ][gc,phases   ] GC(3)   Merge Heap Roots: 0.1ms
[2025-06-05T22:35:50.727+0000][0.464s][info ][gc,phases   ] GC(3)   Evacuate Collection Set: 1.5ms
[2025-06-05T22:35:50.727+0000][0.464s][info ][gc,phases   ] GC(3)   Post Evacuate Collection Set: 0.4ms
[2025-06-05T22:35:50.727+0000][0.464s][info ][gc,phases   ] GC(3)   Other: 0.2ms
[2025-06-05T22:35:50.727+0000][0.464s][info ][gc,heap     ] GC(3) Eden regions: 31->0(34)
[2025-06-05T22:35:50.727+0000][0.464s][info ][gc,heap     ] GC(3) Survivor regions: 3->4(5)
[2025-06-05T22:35:50.727+0000][0.464s][info ][gc,heap     ] GC(3) Old regions: 7->7
[2025-06-05T22:35:50.727+0000][0.464s][info ][gc,heap     ] GC(3) Archive regions: 2->2
[2025-06-05T22:35:50.727+0000][0.465s][info ][gc,heap     ] GC(3) Humongous regions: 0->0
[2025-06-05T22:35:50.727+0000][0.465s][info ][gc,metaspace] GC(3) Metaspace: 4567K(4800K)->4567K(4800K) NonClass: 4050K(4160K)->4050K(4160K) Class: 516K(640K)->516K(640K)
[2025-06-05T22:35:50.727+0000][0.465s][info ][gc          ] GC(3) Pause Young (Normal) (G1 Evacuation Pause) 41M->11M(66M) 2.790ms
[2025-06-05T22:35:50.727+0000][0.465s][info ][gc,cpu      ] GC(3) User=0.00s Sys=0.00s Real=0.01s
[2025-06-05T22:35:50.728+0000][0.465s][info ][safepoint   ] Safepoint "G1CollectForAllocation", Time since last: 107809917 ns, Reaching safepoint: 187083 ns, Cleanup: 70750 ns, At safepoint: 2903500 ns, Total: 3161333 ns
[2025-06-05T22:35:50.832+0000][0.569s][debug][safepoint   ] Safepoint synchronization initiated using futex wait barrier. (13 threads)
[2025-06-05T22:35:50.832+0000][0.569s][info ][gc,start    ] GC(4) Pause Young (Normal) (G1 Evacuation Pause)
[2025-06-05T22:35:50.832+0000][0.570s][info ][gc,task     ] GC(4) Using 2 workers of 2 for evacuation
[2025-06-05T22:35:50.835+0000][0.573s][info ][gc,phases   ] GC(4)   Pre Evacuate Collection Set: 0.1ms
[2025-06-05T22:35:50.835+0000][0.573s][info ][gc,phases   ] GC(4)   Merge Heap Roots: 0.1ms
[2025-06-05T22:35:50.836+0000][0.573s][info ][gc,phases   ] GC(4)   Evacuate Collection Set: 2.2ms
[2025-06-05T22:35:50.836+0000][0.573s][info ][gc,phases   ] GC(4)   Post Evacuate Collection Set: 0.5ms
[2025-06-05T22:35:50.836+0000][0.573s][info ][gc,phases   ] GC(4)   Other: 0.2ms
[2025-06-05T22:35:50.836+0000][0.573s][info ][gc,heap     ] GC(4) Eden regions: 34->0(46)
[2025-06-05T22:35:50.836+0000][0.573s][info ][gc,heap     ] GC(4) Survivor regions: 4->2(5)
[2025-06-05T22:35:50.836+0000][0.573s][info ][gc,heap     ] GC(4) Old regions: 7->10
[2025-06-05T22:35:50.836+0000][0.573s][info ][gc,heap     ] GC(4) Archive regions: 2->2
[2025-06-05T22:35:50.836+0000][0.573s][info ][gc,heap     ] GC(4) Humongous regions: 0->0
[2025-06-05T22:35:50.836+0000][0.573s][info ][gc,metaspace] GC(4) Metaspace: 5800K(6080K)->5800K(6080K) NonClass: 5085K(5248K)->5085K(5248K) Class: 714K(832K)->714K(832K)
[2025-06-05T22:35:50.836+0000][0.573s][info ][gc          ] GC(4) Pause Young (Normal) (G1 Evacuation Pause) 45M->11M(80M) 3.839ms
[2025-06-05T22:35:50.836+0000][0.573s][info ][gc,cpu      ] GC(4) User=0.00s Sys=0.00s Real=0.00s
[2025-06-05T22:35:50.836+0000][0.573s][info ][safepoint   ] Safepoint "G1CollectForAllocation", Time since last: 104331334 ns, Reaching safepoint: 225166 ns, Cleanup: 150417 ns, At safepoint: 3983917 ns, Total: 4359500 ns
[2025-06-05T22:35:50.983+0000][0.720s][debug][safepoint   ] Safepoint synchronization initiated using futex wait barrier. (13 threads)
[2025-06-05T22:35:50.983+0000][0.721s][info ][safepoint   ] Safepoint "ICBufferFull", Time since last: 147024208 ns, Reaching safepoint: 176083 ns, Cleanup: 62542 ns, At safepoint: 1333 ns, Total: 239958 ns
[2025-06-05T22:35:51.018+0000][0.756s][debug][safepoint   ] Safepoint synchronization initiated using futex wait barrier. (13 threads)
[2025-06-05T22:35:51.019+0000][0.756s][info ][gc,start    ] GC(5) Pause Young (Normal) (G1 Evacuation Pause)
[2025-06-05T22:35:51.019+0000][0.756s][info ][gc,task     ] GC(5) Using 2 workers of 2 for evacuation
[2025-06-05T22:35:51.021+0000][0.758s][info ][gc,phases   ] GC(5)   Pre Evacuate Collection Set: 0.1ms
[2025-06-05T22:35:51.021+0000][0.758s][info ][gc,phases   ] GC(5)   Merge Heap Roots: 0.1ms
[2025-06-05T22:35:51.021+0000][0.758s][info ][gc,phases   ] GC(5)   Evacuate Collection Set: 1.8ms
[2025-06-05T22:35:51.021+0000][0.758s][info ][gc,phases   ] GC(5)   Post Evacuate Collection Set: 0.4ms
[2025-06-05T22:35:51.021+0000][0.759s][info ][gc,phases   ] GC(5)   Other: 0.1ms
[2025-06-05T22:35:51.021+0000][0.759s][info ][gc,heap     ] GC(5) Eden regions: 46->0(45)
[2025-06-05T22:35:51.021+0000][0.759s][info ][gc,heap     ] GC(5) Survivor regions: 2->3(6)
[2025-06-05T22:35:51.021+0000][0.759s][info ][gc,heap     ] GC(5) Old regions: 10->10
[2025-06-05T22:35:51.021+0000][0.759s][info ][gc,heap     ] GC(5) Archive regions: 2->2
[2025-06-05T22:35:51.022+0000][0.759s][info ][gc,heap     ] GC(5) Humongous regions: 0->0
[2025-06-05T22:35:51.022+0000][0.759s][info ][gc,metaspace] GC(5) Metaspace: 7994K(8320K)->7994K(8320K) NonClass: 6987K(7168K)->6987K(7168K) Class: 1006K(1152K)->1006K(1152K)
[2025-06-05T22:35:51.022+0000][0.759s][info ][gc          ] GC(5) Pause Young (Normal) (G1 Evacuation Pause) 57M->12M(80M) 2.987ms
[2025-06-05T22:35:51.022+0000][0.759s][info ][gc,cpu      ] GC(5) User=0.01s Sys=0.00s Real=0.00s
[2025-06-05T22:35:51.022+0000][0.759s][info ][safepoint   ] Safepoint "G1CollectForAllocation", Time since last: 34946542 ns, Reaching safepoint: 190083 ns, Cleanup: 16292 ns, At safepoint: 3080250 ns, Total: 3286625 ns
[2025-06-05T22:35:51.170+0000][0.907s][debug][safepoint   ] Safepoint synchronization initiated using futex wait barrier. (13 threads)
[2025-06-05T22:35:51.171+0000][0.909s][info ][gc,start    ] GC(6) Pause Young (Normal) (G1 Evacuation Pause)
[2025-06-05T22:35:51.171+0000][0.909s][info ][gc,task     ] GC(6) Using 2 workers of 2 for evacuation
[2025-06-05T22:35:51.174+0000][0.911s][info ][gc,phases   ] GC(6)   Pre Evacuate Collection Set: 0.1ms
[2025-06-05T22:35:51.174+0000][0.911s][info ][gc,phases   ] GC(6)   Merge Heap Roots: 0.1ms
[2025-06-05T22:35:51.174+0000][0.911s][info ][gc,phases   ] GC(6)   Evacuate Collection Set: 2.1ms
[2025-06-05T22:35:51.174+0000][0.911s][info ][gc,phases   ] GC(6)   Post Evacuate Collection Set: 0.4ms
[2025-06-05T22:35:51.174+0000][0.912s][info ][gc,phases   ] GC(6)   Other: 0.1ms
[2025-06-05T22:35:51.174+0000][0.912s][info ][gc,heap     ] GC(6) Eden regions: 45->0(44)
[2025-06-05T22:35:51.174+0000][0.912s][info ][gc,heap     ] GC(6) Survivor regions: 3->4(6)
[2025-06-05T22:35:51.174+0000][0.912s][info ][gc,heap     ] GC(6) Old regions: 10->10
[2025-06-05T22:35:51.174+0000][0.912s][info ][gc,heap     ] GC(6) Archive regions: 2->2
[2025-06-05T22:35:51.175+0000][0.912s][info ][gc,heap     ] GC(6) Humongous regions: 0->0
[2025-06-05T22:35:51.175+0000][0.912s][info ][gc,metaspace] GC(6) Metaspace: 10310K(10560K)->10310K(10560K) NonClass: 8980K(9088K)->8980K(9088K) Class: 1329K(1472K)->1329K(1472K)
[2025-06-05T22:35:51.175+0000][0.912s][info ][gc          ] GC(6) Pause Young (Normal) (G1 Evacuation Pause) 57M->13M(80M) 3.295ms
[2025-06-05T22:35:51.175+0000][0.912s][info ][gc,cpu      ] GC(6) User=0.00s Sys=0.00s Real=0.00s
[2025-06-05T22:35:51.175+0000][0.912s][info ][safepoint   ] Safepoint "G1CollectForAllocation", Time since last: 148398917 ns, Reaching safepoint: 1102250 ns, Cleanup: 68833 ns, At safepoint: 3444750 ns, Total: 4615833 ns
[2025-06-05T22:35:51.273+0000][1.010s][debug][safepoint   ] Safepoint synchronization initiated using futex wait barrier. (13 threads)
[2025-06-05T22:35:51.273+0000][1.011s][info ][gc,start    ] GC(7) Pause Young (Normal) (G1 Evacuation Pause)
[2025-06-05T22:35:51.273+0000][1.011s][info ][gc,task     ] GC(7) Using 2 workers of 2 for evacuation
[2025-06-05T22:35:51.276+0000][1.014s][info ][gc,phases   ] GC(7)   Pre Evacuate Collection Set: 0.1ms
[2025-06-05T22:35:51.277+0000][1.014s][info ][gc,phases   ] GC(7)   Merge Heap Roots: 0.1ms
[2025-06-05T22:35:51.277+0000][1.014s][info ][gc,phases   ] GC(7)   Evacuate Collection Set: 2.3ms
[2025-06-05T22:35:51.277+0000][1.014s][info ][gc,phases   ] GC(7)   Post Evacuate Collection Set: 0.4ms
[2025-06-05T22:35:51.277+0000][1.014s][info ][gc,phases   ] GC(7)   Other: 0.2ms
[2025-06-05T22:35:51.277+0000][1.014s][info ][gc,heap     ] GC(7) Eden regions: 44->0(45)
[2025-06-05T22:35:51.277+0000][1.014s][info ][gc,heap     ] GC(7) Survivor regions: 4->3(6)
[2025-06-05T22:35:51.277+0000][1.014s][info ][gc,heap     ] GC(7) Old regions: 10->10
[2025-06-05T22:35:51.277+0000][1.014s][info ][gc,heap     ] GC(7) Archive regions: 2->2
[2025-06-05T22:35:51.277+0000][1.014s][info ][gc,heap     ] GC(7) Humongous regions: 0->0
[2025-06-05T22:35:51.277+0000][1.014s][info ][gc,metaspace] GC(7) Metaspace: 11246K(11520K)->11246K(11520K) NonClass: 9775K(9920K)->9775K(9920K) Class: 1471K(1600K)->1471K(1600K)
[2025-06-05T22:35:51.277+0000][1.014s][info ][gc          ] GC(7) Pause Young (Normal) (G1 Evacuation Pause) 57M->13M(80M) 3.506ms
[2025-06-05T22:35:51.277+0000][1.014s][info ][gc,cpu      ] GC(7) User=0.00s Sys=0.00s Real=0.00s
[2025-06-05T22:35:51.277+0000][1.014s][info ][safepoint   ] Safepoint "G1CollectForAllocation", Time since last: 98439917 ns, Reaching safepoint: 234708 ns, Cleanup: 24125 ns, At safepoint: 3626083 ns, Total: 3884916 ns
[2025-06-05T22:35:51.312+0000][1.050s][debug][safepoint   ] Safepoint synchronization initiated using futex wait barrier. (13 threads)
[2025-06-05T22:35:51.313+0000][1.050s][info ][safepoint   ] Safepoint "ICBufferFull", Time since last: 35416417 ns, Reaching safepoint: 652167 ns, Cleanup: 48333 ns, At safepoint: 9833 ns, Total: 710333 ns
[2025-06-05T22:35:51.366+0000][1.103s][debug][safepoint   ] Safepoint synchronization initiated using futex wait barrier. (13 threads)
[2025-06-05T22:35:51.367+0000][1.104s][info ][safepoint   ] Safepoint "ICBufferFull", Time since last: 52740584 ns, Reaching safepoint: 1150666 ns, Cleanup: 75500 ns, At safepoint: 8042 ns, Total: 1234208 ns
[2025-06-05T22:35:51.413+0000][1.150s][debug][safepoint   ] Safepoint synchronization initiated using futex wait barrier. (14 threads)
[2025-06-05T22:35:51.413+0000][1.150s][info ][safepoint   ] Safepoint "ICBufferFull", Time since last: 45555292 ns, Reaching safepoint: 343291 ns, Cleanup: 83125 ns, At safepoint: 7000 ns, Total: 433416 ns
[2025-06-05T22:35:51.455+0000][1.193s][debug][safepoint   ] Safepoint synchronization initiated using futex wait barrier. (14 threads)
[2025-06-05T22:35:51.458+0000][1.195s][info ][safepoint   ] Safepoint "ICBufferFull", Time since last: 42275334 ns, Reaching safepoint: 2730833 ns, Cleanup: 121583 ns, At safepoint: 10250 ns, Total: 2862666 ns
[2025-06-05T22:35:51.478+0000][1.215s][debug][safepoint   ] Safepoint synchronization initiated using futex wait barrier. (14 threads)
[2025-06-05T22:35:51.478+0000][1.215s][info ][gc,start    ] GC(8) Pause Young (Normal) (G1 Evacuation Pause)
[2025-06-05T22:35:51.478+0000][1.215s][info ][gc,task     ] GC(8) Using 2 workers of 2 for evacuation
[2025-06-05T22:35:51.482+0000][1.219s][info ][gc,phases   ] GC(8)   Pre Evacuate Collection Set: 0.1ms
[2025-06-05T22:35:51.482+0000][1.220s][info ][gc,phases   ] GC(8)   Merge Heap Roots: 0.1ms
[2025-06-05T22:35:51.482+0000][1.220s][info ][gc,phases   ] GC(8)   Evacuate Collection Set: 3.5ms
[2025-06-05T22:35:51.482+0000][1.220s][info ][gc,phases   ] GC(8)   Post Evacuate Collection Set: 0.6ms
[2025-06-05T22:35:51.482+0000][1.220s][info ][gc,phases   ] GC(8)   Other: 0.2ms
[2025-06-05T22:35:51.482+0000][1.220s][info ][gc,heap     ] GC(8) Eden regions: 45->0(52)
[2025-06-05T22:35:51.483+0000][1.220s][info ][gc,heap     ] GC(8) Survivor regions: 3->5(6)
[2025-06-05T22:35:51.483+0000][1.220s][info ][gc,heap     ] GC(8) Old regions: 10->10
[2025-06-05T22:35:51.483+0000][1.220s][info ][gc,heap     ] GC(8) Archive regions: 2->2
[2025-06-05T22:35:51.483+0000][1.220s][info ][gc,heap     ] GC(8) Humongous regions: 0->0
[2025-06-05T22:35:51.483+0000][1.220s][info ][gc,metaspace] GC(8) Metaspace: 13156K(13504K)->13156K(13504K) NonClass: 11448K(11648K)->11448K(11648K) Class: 1708K(1856K)->1708K(1856K)
[2025-06-05T22:35:51.483+0000][1.220s][info ][gc          ] GC(8) Pause Young (Normal) (G1 Evacuation Pause) 58M->15M(96M) 4.975ms
[2025-06-05T22:35:51.483+0000][1.220s][info ][gc,cpu      ] GC(8) User=0.01s Sys=0.00s Real=0.00s
[2025-06-05T22:35:51.483+0000][1.220s][info ][safepoint   ] Safepoint "G1CollectForAllocation", Time since last: 19356584 ns, Reaching safepoint: 140125 ns, Cleanup: 46791 ns, At safepoint: 5084917 ns, Total: 5271833 ns
[2025-06-05T22:35:51.632+0000][1.370s][debug][safepoint   ] Safepoint synchronization initiated using futex wait barrier. (14 threads)
[2025-06-05T22:35:51.633+0000][1.370s][info ][gc,start    ] GC(9) Pause Young (Normal) (G1 Evacuation Pause)
[2025-06-05T22:35:51.633+0000][1.370s][info ][gc,task     ] GC(9) Using 2 workers of 2 for evacuation
[2025-06-05T22:35:51.637+0000][1.374s][info ][gc,phases   ] GC(9)   Pre Evacuate Collection Set: 0.1ms
[2025-06-05T22:35:51.637+0000][1.374s][info ][gc,phases   ] GC(9)   Merge Heap Roots: 0.1ms
[2025-06-05T22:35:51.637+0000][1.374s][info ][gc,phases   ] GC(9)   Evacuate Collection Set: 3.6ms
[2025-06-05T22:35:51.637+0000][1.375s][info ][gc,phases   ] GC(9)   Post Evacuate Collection Set: 0.4ms
[2025-06-05T22:35:51.637+0000][1.375s][info ][gc,phases   ] GC(9)   Other: 0.2ms
[2025-06-05T22:35:51.637+0000][1.375s][info ][gc,heap     ] GC(9) Eden regions: 52->0(53)
[2025-06-05T22:35:51.637+0000][1.375s][info ][gc,heap     ] GC(9) Survivor regions: 5->4(8)
[2025-06-05T22:35:51.637+0000][1.375s][info ][gc,heap     ] GC(9) Old regions: 10->12
[2025-06-05T22:35:51.638+0000][1.375s][info ][gc,heap     ] GC(9) Archive regions: 2->2
[2025-06-05T22:35:51.638+0000][1.375s][info ][gc,heap     ] GC(9) Humongous regions: 0->0
[2025-06-05T22:35:51.638+0000][1.375s][info ][gc,metaspace] GC(9) Metaspace: 14794K(15168K)->14794K(15168K) NonClass: 12879K(13056K)->12879K(13056K) Class: 1915K(2112K)->1915K(2112K)
[2025-06-05T22:35:51.638+0000][1.375s][info ][gc          ] GC(9) Pause Young (Normal) (G1 Evacuation Pause) 67M->16M(96M) 4.963ms
[2025-06-05T22:35:51.638+0000][1.375s][info ][gc,cpu      ] GC(9) User=0.01s Sys=0.00s Real=0.01s
[2025-06-05T22:35:51.638+0000][1.375s][info ][safepoint   ] Safepoint "G1CollectForAllocation", Time since last: 149563500 ns, Reaching safepoint: 186375 ns, Cleanup: 55417 ns, At safepoint: 5071042 ns, Total: 5312834 ns
[2025-06-05T22:35:51.766+0000][1.504s][debug][safepoint   ] Safepoint synchronization initiated using futex wait barrier. (14 threads)
[2025-06-05T22:35:51.767+0000][1.504s][info ][gc,start    ] GC(10) Pause Young (Normal) (G1 Evacuation Pause)
[2025-06-05T22:35:51.767+0000][1.504s][info ][gc,task     ] GC(10) Using 2 workers of 2 for evacuation
[2025-06-05T22:35:51.770+0000][1.507s][info ][gc,phases   ] GC(10)   Pre Evacuate Collection Set: 0.1ms
[2025-06-05T22:35:51.770+0000][1.507s][info ][gc,phases   ] GC(10)   Merge Heap Roots: 0.0ms
[2025-06-05T22:35:51.770+0000][1.507s][info ][gc,phases   ] GC(10)   Evacuate Collection Set: 2.7ms
[2025-06-05T22:35:51.770+0000][1.508s][info ][gc,phases   ] GC(10)   Post Evacuate Collection Set: 0.5ms
[2025-06-05T22:35:51.770+0000][1.508s][info ][gc,phases   ] GC(10)   Other: 0.1ms
[2025-06-05T22:35:51.770+0000][1.508s][info ][gc,heap     ] GC(10) Eden regions: 53->0(53)
[2025-06-05T22:35:51.770+0000][1.508s][info ][gc,heap     ] GC(10) Survivor regions: 4->4(8)
[2025-06-05T22:35:51.770+0000][1.508s][info ][gc,heap     ] GC(10) Old regions: 12->12
[2025-06-05T22:35:51.771+0000][1.508s][info ][gc,heap     ] GC(10) Archive regions: 2->2
[2025-06-05T22:35:51.771+0000][1.508s][info ][gc,heap     ] GC(10) Humongous regions: 0->0
[2025-06-05T22:35:51.771+0000][1.508s][info ][gc,metaspace] GC(10) Metaspace: 16111K(16448K)->16111K(16448K) NonClass: 13917K(14080K)->13917K(14080K) Class: 2193K(2368K)->2193K(2368K)
[2025-06-05T22:35:51.771+0000][1.508s][info ][gc          ] GC(10) Pause Young (Normal) (G1 Evacuation Pause) 69M->16M(96M) 3.992ms
[2025-06-05T22:35:51.771+0000][1.508s][info ][gc,cpu      ] GC(10) User=0.01s Sys=0.00s Real=0.01s
[2025-06-05T22:35:51.771+0000][1.508s][info ][safepoint   ] Safepoint "G1CollectForAllocation", Time since last: 128659708 ns, Reaching safepoint: 177375 ns, Cleanup: 39042 ns, At safepoint: 4083416 ns, Total: 4299833 ns
[2025-06-05T22:35:51.798+0000][1.535s][info ][cds,heap    ] initialize_from_archived_subgraph java.lang.Byte$ByteCache 0x00000070000395f8
[2025-06-05T22:35:51.798+0000][1.536s][info ][cds,heap    ] initialize_from_archived_subgraph java.lang.Short$ShortCache 0x000000700003fce8
[2025-06-05T22:35:51.902+0000][1.639s][debug][safepoint   ] Safepoint synchronization initiated using futex wait barrier. (14 threads)
[2025-06-05T22:35:51.902+0000][1.639s][info ][gc,start    ] GC(11) Pause Young (Normal) (G1 Evacuation Pause)
[2025-06-05T22:35:51.902+0000][1.639s][info ][gc,task     ] GC(11) Using 2 workers of 2 for evacuation
[2025-06-05T22:35:51.906+0000][1.643s][info ][gc,phases   ] GC(11)   Pre Evacuate Collection Set: 0.1ms
[2025-06-05T22:35:51.906+0000][1.643s][info ][gc,phases   ] GC(11)   Merge Heap Roots: 0.1ms
[2025-06-05T22:35:51.906+0000][1.643s][info ][gc,phases   ] GC(11)   Evacuate Collection Set: 3.1ms
[2025-06-05T22:35:51.906+0000][1.643s][info ][gc,phases   ] GC(11)   Post Evacuate Collection Set: 0.4ms
[2025-06-05T22:35:51.906+0000][1.643s][info ][gc,phases   ] GC(11)   Other: 0.1ms
[2025-06-05T22:35:51.906+0000][1.643s][info ][gc,heap     ] GC(11) Eden regions: 53->0(52)
[2025-06-05T22:35:51.906+0000][1.643s][info ][gc,heap     ] GC(11) Survivor regions: 4->5(8)
[2025-06-05T22:35:51.906+0000][1.643s][info ][gc,heap     ] GC(11) Old regions: 12->12
[2025-06-05T22:35:51.906+0000][1.643s][info ][gc,heap     ] GC(11) Archive regions: 2->2
[2025-06-05T22:35:51.906+0000][1.643s][info ][gc,heap     ] GC(11) Humongous regions: 0->0
[2025-06-05T22:35:51.906+0000][1.643s][info ][gc,metaspace] GC(11) Metaspace: 19187K(19456K)->19187K(19456K) NonClass: 16668K(16832K)->16668K(16832K) Class: 2518K(2624K)->2518K(2624K)
[2025-06-05T22:35:51.906+0000][1.643s][info ][gc          ] GC(11) Pause Young (Normal) (G1 Evacuation Pause) 69M->16M(96M) 4.352ms
[2025-06-05T22:35:51.906+0000][1.643s][info ][gc,cpu      ] GC(11) User=0.01s Sys=0.00s Real=0.00s
[2025-06-05T22:35:51.906+0000][1.644s][info ][safepoint   ] Safepoint "G1CollectForAllocation", Time since last: 130821334 ns, Reaching safepoint: 208125 ns, Cleanup: 86541 ns, At safepoint: 4492542 ns, Total: 4787208 ns
[2025-06-05T22:35:51.998+0000][1.735s][debug][safepoint   ] Safepoint synchronization initiated using futex wait barrier. (14 threads)
[2025-06-05T22:35:51.998+0000][1.736s][info ][gc,start    ] GC(12) Pause Young (Normal) (G1 Evacuation Pause)
[2025-06-05T22:35:51.998+0000][1.736s][info ][gc,task     ] GC(12) Using 2 workers of 2 for evacuation
[2025-06-05T22:35:52.003+0000][1.741s][info ][gc,phases   ] GC(12)   Pre Evacuate Collection Set: 0.1ms
[2025-06-05T22:35:52.004+0000][1.741s][info ][gc,phases   ] GC(12)   Merge Heap Roots: 0.1ms
[2025-06-05T22:35:52.004+0000][1.741s][info ][gc,phases   ] GC(12)   Evacuate Collection Set: 4.1ms
[2025-06-05T22:35:52.004+0000][1.741s][info ][gc,phases   ] GC(12)   Post Evacuate Collection Set: 0.6ms
[2025-06-05T22:35:52.004+0000][1.741s][info ][gc,phases   ] GC(12)   Other: 0.2ms
[2025-06-05T22:35:52.004+0000][1.741s][info ][gc,heap     ] GC(12) Eden regions: 52->0(62)
[2025-06-05T22:35:52.004+0000][1.741s][info ][gc,heap     ] GC(12) Survivor regions: 5->7(8)
[2025-06-05T22:35:52.004+0000][1.741s][info ][gc,heap     ] GC(12) Old regions: 12->13
[2025-06-05T22:35:52.004+0000][1.741s][info ][gc,heap     ] GC(12) Archive regions: 2->2
[2025-06-05T22:35:52.004+0000][1.741s][info ][gc,heap     ] GC(12) Humongous regions: 0->0
[2025-06-05T22:35:52.004+0000][1.741s][info ][gc,metaspace] GC(12) Metaspace: 21192K(21504K)->21192K(21504K) NonClass: 18417K(18624K)->18417K(18624K) Class: 2774K(2880K)->2774K(2880K)
[2025-06-05T22:35:52.004+0000][1.741s][info ][gc          ] GC(12) Pause Young (Normal) (G1 Evacuation Pause) 68M->19M(116M) 5.654ms
[2025-06-05T22:35:52.004+0000][1.741s][info ][gc,cpu      ] GC(12) User=0.01s Sys=0.00s Real=0.00s
[2025-06-05T22:35:52.004+0000][1.741s][info ][safepoint   ] Safepoint "G1CollectForAllocation", Time since last: 91840292 ns, Reaching safepoint: 159666 ns, Cleanup: 21959 ns, At safepoint: 5752250 ns, Total: 5933875 ns
[2025-06-05T22:35:52.008+0000][1.746s][debug][safepoint   ] Safepoint synchronization initiated using futex wait barrier. (14 threads)
[2025-06-05T22:35:52.009+0000][1.746s][info ][gc,start    ] GC(13) Pause Young (Concurrent Start) (Metadata GC Threshold)
[2025-06-05T22:35:52.009+0000][1.746s][info ][gc,task     ] GC(13) Using 2 workers of 2 for evacuation
[2025-06-05T22:35:52.013+0000][1.750s][info ][gc,phases   ] GC(13)   Pre Evacuate Collection Set: 0.1ms
[2025-06-05T22:35:52.013+0000][1.750s][info ][gc,phases   ] GC(13)   Merge Heap Roots: 0.1ms
[2025-06-05T22:35:52.013+0000][1.750s][info ][gc,phases   ] GC(13)   Evacuate Collection Set: 3.2ms
[2025-06-05T22:35:52.013+0000][1.750s][info ][gc,phases   ] GC(13)   Post Evacuate Collection Set: 0.3ms
[2025-06-05T22:35:52.013+0000][1.750s][info ][gc,phases   ] GC(13)   Other: 0.2ms
[2025-06-05T22:35:52.013+0000][1.750s][info ][gc,heap     ] GC(13) Eden regions: 3->0(65)
[2025-06-05T22:35:52.013+0000][1.750s][info ][gc,heap     ] GC(13) Survivor regions: 7->4(9)
[2025-06-05T22:35:52.013+0000][1.750s][info ][gc,heap     ] GC(13) Old regions: 13->15
[2025-06-05T22:35:52.013+0000][1.751s][info ][gc,heap     ] GC(13) Archive regions: 2->2
[2025-06-05T22:35:52.013+0000][1.751s][info ][gc,heap     ] GC(13) Humongous regions: 0->0
[2025-06-05T22:35:52.013+0000][1.751s][info ][gc,metaspace] GC(13) Metaspace: 21254K(21504K)->21254K(21504K) NonClass: 18470K(18624K)->18470K(18624K) Class: 2784K(2880K)->2784K(2880K)
[2025-06-05T22:35:52.013+0000][1.751s][info ][gc          ] GC(13) Pause Young (Concurrent Start) (Metadata GC Threshold) 21M->19M(116M) 4.366ms
[2025-06-05T22:35:52.014+0000][1.751s][info ][gc,cpu      ] GC(13) User=0.01s Sys=0.00s Real=0.00s
[2025-06-05T22:35:52.014+0000][1.751s][info ][gc          ] GC(14) Concurrent Mark Cycle
[2025-06-05T22:35:52.014+0000][1.751s][info ][gc,marking  ] GC(14) Concurrent Clear Claimed Marks
[2025-06-05T22:35:52.014+0000][1.751s][info ][safepoint   ] Safepoint "CollectForMetadataAllocation", Time since last: 4226333 ns, Reaching safepoint: 711458 ns, Cleanup: 12125 ns, At safepoint: 4506250 ns, Total: 5229833 ns
[2025-06-05T22:35:52.014+0000][1.751s][info ][gc,marking  ] GC(14) Concurrent Clear Claimed Marks 0.082ms
[2025-06-05T22:35:52.014+0000][1.751s][info ][gc,marking  ] GC(14) Concurrent Scan Root Regions
[2025-06-05T22:35:52.014+0000][1.751s][debug][safepoint   ] Safepoint synchronization initiated using futex wait barrier. (14 threads)
[2025-06-05T22:35:52.014+0000][1.751s][info ][safepoint   ] Safepoint "CollectForMetadataAllocation", Time since last: 350000 ns, Reaching safepoint: 257792 ns, Cleanup: 2083 ns, At safepoint: 7917 ns, Total: 267792 ns
[2025-06-05T22:35:52.016+0000][1.754s][info ][gc,marking  ] GC(14) Concurrent Scan Root Regions 2.410ms
[2025-06-05T22:35:52.017+0000][1.754s][info ][gc,marking  ] GC(14) Concurrent Mark
[2025-06-05T22:35:52.017+0000][1.754s][info ][gc,marking  ] GC(14) Concurrent Mark From Roots
[2025-06-05T22:35:52.017+0000][1.754s][info ][gc,task     ] GC(14) Using 1 workers of 1 for marking
[2025-06-05T22:35:52.046+0000][1.783s][info ][gc,marking  ] GC(14) Concurrent Mark From Roots 28.850ms
[2025-06-05T22:35:52.046+0000][1.783s][info ][gc,marking  ] GC(14) Concurrent Preclean
[2025-06-05T22:35:52.047+0000][1.784s][info ][gc,marking  ] GC(14) Concurrent Preclean 1.054ms
[2025-06-05T22:35:52.047+0000][1.785s][debug][safepoint   ] Safepoint synchronization initiated using futex wait barrier. (14 threads)
[2025-06-05T22:35:52.048+0000][1.785s][info ][gc,start    ] GC(14) Pause Remark
[2025-06-05T22:35:52.050+0000][1.787s][info ][gc          ] GC(14) Pause Remark 22M->22M(80M) 2.080ms
[2025-06-05T22:35:52.050+0000][1.787s][info ][gc,cpu      ] GC(14) User=0.01s Sys=0.00s Real=0.00s
[2025-06-05T22:35:52.050+0000][1.788s][info ][safepoint   ] Safepoint "G1PauseRemark", Time since last: 33170750 ns, Reaching safepoint: 702000 ns, Cleanup: 13917 ns, At safepoint: 2256291 ns, Total: 2972208 ns
[2025-06-05T22:35:52.050+0000][1.788s][info ][gc,marking  ] GC(14) Concurrent Mark 33.909ms
[2025-06-05T22:35:52.051+0000][1.788s][info ][gc,marking  ] GC(14) Concurrent Rebuild Remembered Sets
[2025-06-05T22:35:52.058+0000][1.795s][info ][gc,marking  ] GC(14) Concurrent Rebuild Remembered Sets 6.474ms
[2025-06-05T22:35:52.059+0000][1.796s][debug][safepoint   ] Safepoint synchronization initiated using futex wait barrier. (14 threads)
[2025-06-05T22:35:52.059+0000][1.796s][info ][gc,start    ] GC(14) Pause Cleanup
[2025-06-05T22:35:52.059+0000][1.796s][info ][gc          ] GC(14) Pause Cleanup 25M->25M(80M) 0.109ms
[2025-06-05T22:35:52.059+0000][1.797s][info ][gc,cpu      ] GC(14) User=0.00s Sys=0.00s Real=0.00s
[2025-06-05T22:35:52.059+0000][1.797s][info ][safepoint   ] Safepoint "G1PauseCleanup", Time since last: 8197459 ns, Reaching safepoint: 591125 ns, Cleanup: 19166 ns, At safepoint: 212584 ns, Total: 822875 ns
[2025-06-05T22:35:52.059+0000][1.797s][info ][gc,marking  ] GC(14) Concurrent Cleanup for Next Mark
[2025-06-05T22:35:52.060+0000][1.797s][info ][gc,marking  ] GC(14) Concurrent Cleanup for Next Mark 0.317ms
[2025-06-05T22:35:52.060+0000][1.797s][info ][gc          ] GC(14) Concurrent Mark Cycle 46.226ms
[2025-06-05T22:35:52.176+0000][1.914s][debug][safepoint   ] Safepoint synchronization initiated using futex wait barrier. (13 threads)
[2025-06-05T22:35:52.177+0000][1.914s][info ][safepoint   ] Safepoint "ICBufferFull", Time since last: 117031541 ns, Reaching safepoint: 173292 ns, Cleanup: 74375 ns, At safepoint: 4708 ns, Total: 252375 ns
[2025-06-05T22:35:52.182+0000][1.919s][debug][safepoint   ] Safepoint synchronization initiated using futex wait barrier. (13 threads)
[2025-06-05T22:35:52.182+0000][1.920s][info ][gc,start    ] GC(15) Pause Young (Normal) (G1 Preventive Collection)
[2025-06-05T22:35:52.182+0000][1.920s][info ][gc,task     ] GC(15) Using 2 workers of 2 for evacuation
[2025-06-05T22:35:52.186+0000][1.924s][info ][gc,phases   ] GC(15)   Pre Evacuate Collection Set: 0.1ms
[2025-06-05T22:35:52.187+0000][1.924s][info ][gc,phases   ] GC(15)   Merge Heap Roots: 0.1ms
[2025-06-05T22:35:52.187+0000][1.924s][info ][gc,phases   ] GC(15)   Evacuate Collection Set: 3.4ms
[2025-06-05T22:35:52.187+0000][1.924s][info ][gc,phases   ] GC(15)   Post Evacuate Collection Set: 0.5ms
[2025-06-05T22:35:52.187+0000][1.924s][info ][gc,phases   ] GC(15)   Other: 0.1ms
[2025-06-05T22:35:52.187+0000][1.924s][info ][gc,heap     ] GC(15) Eden regions: 52->0(42)
[2025-06-05T22:35:52.187+0000][1.924s][info ][gc,heap     ] GC(15) Survivor regions: 4->6(9)
[2025-06-05T22:35:52.187+0000][1.924s][info ][gc,heap     ] GC(15) Old regions: 15->15
[2025-06-05T22:35:52.187+0000][1.924s][info ][gc,heap     ] GC(15) Archive regions: 2->2
[2025-06-05T22:35:52.187+0000][1.924s][info ][gc,heap     ] GC(15) Humongous regions: 0->0
[2025-06-05T22:35:52.187+0000][1.924s][info ][gc,metaspace] GC(15) Metaspace: 23924K(24320K)->23924K(24320K) NonClass: 20782K(20992K)->20782K(20992K) Class: 3141K(3328K)->3141K(3328K)
[2025-06-05T22:35:52.187+0000][1.924s][info ][gc          ] GC(15) Pause Young (Normal) (G1 Preventive Collection) 71M->21M(80M) 4.725ms
[2025-06-05T22:35:52.187+0000][1.924s][info ][gc,cpu      ] GC(15) User=0.01s Sys=0.00s Real=0.01s
[2025-06-05T22:35:52.187+0000][1.924s][info ][safepoint   ] Safepoint "G1CollectForAllocation", Time since last: 5480709 ns, Reaching safepoint: 150125 ns, Cleanup: 13583 ns, At safepoint: 4843958 ns, Total: 5007666 ns
[2025-06-05T22:35:52.260+0000][1.997s][debug][safepoint   ] Safepoint synchronization initiated using futex wait barrier. (13 threads)
[2025-06-05T22:35:52.260+0000][1.997s][info ][safepoint   ] Safepoint "ICBufferFull", Time since last: 72719376 ns, Reaching safepoint: 212291 ns, Cleanup: 75542 ns, At safepoint: 5458 ns, Total: 293291 ns
[2025-06-05T22:35:52.295+0000][2.032s][debug][safepoint   ] Safepoint synchronization initiated using futex wait barrier. (13 threads)
[2025-06-05T22:35:52.295+0000][2.032s][info ][safepoint   ] Safepoint "ICBufferFull", Time since last: 34712792 ns, Reaching safepoint: 203917 ns, Cleanup: 87583 ns, At safepoint: 1750 ns, Total: 293250 ns
[2025-06-05T22:35:52.314+0000][2.051s][debug][safepoint   ] Safepoint synchronization initiated using futex wait barrier. (13 threads)
[2025-06-05T22:35:52.314+0000][2.051s][info ][gc,start    ] GC(16) Pause Young (Normal) (G1 Evacuation Pause)
[2025-06-05T22:35:52.314+0000][2.051s][info ][gc,task     ] GC(16) Using 2 workers of 2 for evacuation
[2025-06-05T22:35:52.319+0000][2.057s][info ][gc,phases   ] GC(16)   Pre Evacuate Collection Set: 0.1ms
[2025-06-05T22:35:52.320+0000][2.057s][info ][gc,phases   ] GC(16)   Merge Heap Roots: 0.1ms
[2025-06-05T22:35:52.320+0000][2.057s][info ][gc,phases   ] GC(16)   Evacuate Collection Set: 4.6ms
[2025-06-05T22:35:52.320+0000][2.057s][info ][gc,phases   ] GC(16)   Post Evacuate Collection Set: 0.5ms
[2025-06-05T22:35:52.320+0000][2.057s][info ][gc,phases   ] GC(16)   Other: 0.2ms
[2025-06-05T22:35:52.320+0000][2.057s][info ][gc,heap     ] GC(16) Eden regions: 42->0(39)
[2025-06-05T22:35:52.320+0000][2.057s][info ][gc,heap     ] GC(16) Survivor regions: 6->6(6)
[2025-06-05T22:35:52.320+0000][2.057s][info ][gc,heap     ] GC(16) Old regions: 15->19
[2025-06-05T22:35:52.320+0000][2.057s][info ][gc,heap     ] GC(16) Archive regions: 2->2
[2025-06-05T22:35:52.320+0000][2.057s][info ][gc,heap     ] GC(16) Humongous regions: 0->0
[2025-06-05T22:35:52.320+0000][2.057s][info ][gc,metaspace] GC(16) Metaspace: 24363K(24768K)->24363K(24768K) NonClass: 21188K(21376K)->21188K(21376K) Class: 3174K(3392K)->3174K(3392K)
[2025-06-05T22:35:52.320+0000][2.057s][info ][gc          ] GC(16) Pause Young (Normal) (G1 Evacuation Pause) 63M->24M(80M) 6.037ms
[2025-06-05T22:35:52.320+0000][2.057s][info ][gc,cpu      ] GC(16) User=0.01s Sys=0.00s Real=0.01s
[2025-06-05T22:35:52.320+0000][2.057s][info ][safepoint   ] Safepoint "G1CollectForAllocation", Time since last: 18599250 ns, Reaching safepoint: 181958 ns, Cleanup: 14084 ns, At safepoint: 6150041 ns, Total: 6346083 ns
[2025-06-05T22:35:52.401+0000][2.138s][debug][safepoint   ] Safepoint synchronization initiated using futex wait barrier. (13 threads)
[2025-06-05T22:35:52.401+0000][2.139s][info ][gc,start    ] GC(17) Pause Young (Normal) (G1 Evacuation Pause)
[2025-06-05T22:35:52.402+0000][2.139s][info ][gc,task     ] GC(17) Using 2 workers of 2 for evacuation
[2025-06-05T22:35:52.408+0000][2.145s][info ][gc,phases   ] GC(17)   Pre Evacuate Collection Set: 0.1ms
[2025-06-05T22:35:52.408+0000][2.145s][info ][gc,phases   ] GC(17)   Merge Heap Roots: 0.1ms
[2025-06-05T22:35:52.408+0000][2.145s][info ][gc,phases   ] GC(17)   Evacuate Collection Set: 5.5ms
[2025-06-05T22:35:52.408+0000][2.145s][info ][gc,phases   ] GC(17)   Post Evacuate Collection Set: 0.7ms
[2025-06-05T22:35:52.408+0000][2.145s][info ][gc,phases   ] GC(17)   Other: 0.2ms
[2025-06-05T22:35:52.408+0000][2.146s][info ][gc,heap     ] GC(17) Eden regions: 39->0(35)
[2025-06-05T22:35:52.408+0000][2.146s][info ][gc,heap     ] GC(17) Survivor regions: 6->6(6)
[2025-06-05T22:35:52.408+0000][2.146s][info ][gc,heap     ] GC(17) Old regions: 19->22
[2025-06-05T22:35:52.409+0000][2.146s][info ][gc,heap     ] GC(17) Archive regions: 2->2
[2025-06-05T22:35:52.409+0000][2.146s][info ][gc,heap     ] GC(17) Humongous regions: 0->0
[2025-06-05T22:35:52.409+0000][2.146s][info ][gc,metaspace] GC(17) Metaspace: 24436K(24832K)->24436K(24832K) NonClass: 21251K(21440K)->21251K(21440K) Class: 3185K(3392K)->3185K(3392K)
[2025-06-05T22:35:52.409+0000][2.146s][info ][gc          ] GC(17) Pause Young (Normal) (G1 Evacuation Pause) 63M->28M(80M) 7.283ms
[2025-06-05T22:35:52.409+0000][2.146s][info ][gc,cpu      ] GC(17) User=0.01s Sys=0.00s Real=0.01s
[2025-06-05T22:35:52.409+0000][2.146s][info ][safepoint   ] Safepoint "G1CollectForAllocation", Time since last: 81012125 ns, Reaching safepoint: 247459 ns, Cleanup: 68583 ns, At safepoint: 7423875 ns, Total: 7739917 ns
[2025-06-05T22:35:52.462+0000][2.199s][debug][safepoint   ] Safepoint synchronization initiated using futex wait barrier. (13 threads)
[2025-06-05T22:35:52.462+0000][2.199s][info ][gc,start    ] GC(18) Pause Young (Normal) (G1 Evacuation Pause)
[2025-06-05T22:35:52.462+0000][2.199s][info ][gc,task     ] GC(18) Using 2 workers of 2 for evacuation
[2025-06-05T22:35:52.470+0000][2.207s][info ][gc,phases   ] GC(18)   Pre Evacuate Collection Set: 0.0ms
[2025-06-05T22:35:52.470+0000][2.207s][info ][gc,phases   ] GC(18)   Merge Heap Roots: 0.0ms
[2025-06-05T22:35:52.470+0000][2.207s][info ][gc,phases   ] GC(18)   Evacuate Collection Set: 6.9ms
[2025-06-05T22:35:52.470+0000][2.207s][info ][gc,phases   ] GC(18)   Post Evacuate Collection Set: 0.7ms
[2025-06-05T22:35:52.470+0000][2.207s][info ][gc,phases   ] GC(18)   Other: 0.2ms
[2025-06-05T22:35:52.470+0000][2.207s][info ][gc,heap     ] GC(18) Eden regions: 35->0(58)
[2025-06-05T22:35:52.470+0000][2.207s][info ][gc,heap     ] GC(18) Survivor regions: 6->5(6)
[2025-06-05T22:35:52.470+0000][2.207s][info ][gc,heap     ] GC(18) Old regions: 22->28
[2025-06-05T22:35:52.470+0000][2.207s][info ][gc,heap     ] GC(18) Archive regions: 2->2
[2025-06-05T22:35:52.470+0000][2.207s][info ][gc,heap     ] GC(18) Humongous regions: 0->0
[2025-06-05T22:35:52.470+0000][2.208s][info ][gc,metaspace] GC(18) Metaspace: 24441K(24832K)->24441K(24832K) NonClass: 21255K(21440K)->21255K(21440K) Class: 3186K(3392K)->3186K(3392K)
[2025-06-05T22:35:52.470+0000][2.208s][info ][gc          ] GC(18) Pause Young (Normal) (G1 Evacuation Pause) 63M->33M(118M) 8.270ms
[2025-06-05T22:35:52.470+0000][2.208s][info ][gc,cpu      ] GC(18) User=0.02s Sys=0.00s Real=0.01s
[2025-06-05T22:35:52.470+0000][2.208s][info ][safepoint   ] Safepoint "G1CollectForAllocation", Time since last: 53067542 ns, Reaching safepoint: 115625 ns, Cleanup: 29208 ns, At safepoint: 8358875 ns, Total: 8503708 ns
[2025-06-05T22:35:52.562+0000][2.299s][debug][safepoint   ] Safepoint synchronization initiated using futex wait barrier. (13 threads)
[2025-06-05T22:35:52.562+0000][2.300s][info ][gc,start    ] GC(19) Pause Young (Normal) (G1 Evacuation Pause)
[2025-06-05T22:35:52.563+0000][2.300s][info ][gc,task     ] GC(19) Using 2 workers of 2 for evacuation
[2025-06-05T22:35:52.570+0000][2.307s][info ][gc,phases   ] GC(19)   Pre Evacuate Collection Set: 0.1ms
[2025-06-05T22:35:52.570+0000][2.307s][info ][gc,phases   ] GC(19)   Merge Heap Roots: 0.1ms
[2025-06-05T22:35:52.570+0000][2.307s][info ][gc,phases   ] GC(19)   Evacuate Collection Set: 6.2ms
[2025-06-05T22:35:52.570+0000][2.307s][info ][gc,phases   ] GC(19)   Post Evacuate Collection Set: 0.7ms
[2025-06-05T22:35:52.570+0000][2.307s][info ][gc,phases   ] GC(19)   Other: 0.3ms
[2025-06-05T22:35:52.570+0000][2.307s][info ][gc,heap     ] GC(19) Eden regions: 58->0(51)
[2025-06-05T22:35:52.570+0000][2.307s][info ][gc,heap     ] GC(19) Survivor regions: 5->7(8)
[2025-06-05T22:35:52.570+0000][2.307s][info ][gc,heap     ] GC(19) Old regions: 28->33
[2025-06-05T22:35:52.570+0000][2.307s][info ][gc,heap     ] GC(19) Archive regions: 2->2
[2025-06-05T22:35:52.570+0000][2.308s][info ][gc,heap     ] GC(19) Humongous regions: 0->0
[2025-06-05T22:35:52.570+0000][2.308s][info ][gc,metaspace] GC(19) Metaspace: 24542K(24896K)->24542K(24896K) NonClass: 21344K(21504K)->21344K(21504K) Class: 3197K(3392K)->3197K(3392K)
[2025-06-05T22:35:52.570+0000][2.308s][info ][gc          ] GC(19) Pause Young (Normal) (G1 Evacuation Pause) 91M->39M(118M) 7.905ms
[2025-06-05T22:35:52.570+0000][2.308s][info ][gc,cpu      ] GC(19) User=0.03s Sys=0.00s Real=0.01s
[2025-06-05T22:35:52.570+0000][2.308s][info ][safepoint   ] Safepoint "G1CollectForAllocation", Time since last: 91774458 ns, Reaching safepoint: 195375 ns, Cleanup: 78875 ns, At safepoint: 7999125 ns, Total: 8273375 ns
[2025-06-05T22:35:52.658+0000][2.395s][debug][safepoint   ] Safepoint synchronization initiated using futex wait barrier. (13 threads)
[2025-06-05T22:35:52.658+0000][2.395s][info ][gc,start    ] GC(20) Pause Young (Normal) (G1 Evacuation Pause)
[2025-06-05T22:35:52.658+0000][2.395s][info ][gc,task     ] GC(20) Using 2 workers of 2 for evacuation
[2025-06-05T22:35:52.666+0000][2.403s][info ][gc,phases   ] GC(20)   Pre Evacuate Collection Set: 0.1ms
[2025-06-05T22:35:52.666+0000][2.403s][info ][gc,phases   ] GC(20)   Merge Heap Roots: 0.1ms
[2025-06-05T22:35:52.666+0000][2.403s][info ][gc,phases   ] GC(20)   Evacuate Collection Set: 6.9ms
[2025-06-05T22:35:52.666+0000][2.403s][info ][gc,phases   ] GC(20)   Post Evacuate Collection Set: 0.7ms
[2025-06-05T22:35:52.666+0000][2.404s][info ][gc,phases   ] GC(20)   Other: 0.2ms
[2025-06-05T22:35:52.666+0000][2.404s][info ][gc,heap     ] GC(20) Eden regions: 51->0(47)
[2025-06-05T22:35:52.666+0000][2.404s][info ][gc,heap     ] GC(20) Survivor regions: 7->5(8)
[2025-06-05T22:35:52.666+0000][2.404s][info ][gc,heap     ] GC(20) Old regions: 33->40
[2025-06-05T22:35:52.666+0000][2.404s][info ][gc,heap     ] GC(20) Archive regions: 2->2
[2025-06-05T22:35:52.667+0000][2.404s][info ][gc,heap     ] GC(20) Humongous regions: 0->0
[2025-06-05T22:35:52.667+0000][2.404s][info ][gc,metaspace] GC(20) Metaspace: 24746K(25088K)->24746K(25088K) NonClass: 21515K(21696K)->21515K(21696K) Class: 3230K(3392K)->3230K(3392K)
[2025-06-05T22:35:52.667+0000][2.404s][info ][gc          ] GC(20) Pause Young (Normal) (G1 Evacuation Pause) 90M->44M(118M) 8.502ms
[2025-06-05T22:35:52.667+0000][2.404s][info ][gc,cpu      ] GC(20) User=0.01s Sys=0.00s Real=0.00s
[2025-06-05T22:35:52.667+0000][2.404s][info ][safepoint   ] Safepoint "G1CollectForAllocation", Time since last: 87218625 ns, Reaching safepoint: 375084 ns, Cleanup: 34041 ns, At safepoint: 8606667 ns, Total: 9015792 ns
[2025-06-05T22:35:52.679+0000][2.416s][debug][safepoint   ] ... found polling page loop exception at pc = 0x0000ffff79070214, stub =0x0000ffff7897ef00
[2025-06-05T22:35:52.688+0000][2.425s][debug][safepoint   ] Safepoint synchronization initiated using futex wait barrier. (13 threads)
[2025-06-05T22:35:52.688+0000][2.425s][info ][safepoint   ] Safepoint "ICBufferFull", Time since last: 21071917 ns, Reaching safepoint: 273916 ns, Cleanup: 95542 ns, At safepoint: 5958 ns, Total: 375416 ns
[2025-06-05T22:35:52.764+0000][2.501s][debug][safepoint   ] Safepoint synchronization initiated using futex wait barrier. (13 threads)
[2025-06-05T22:35:52.764+0000][2.502s][info ][safepoint   ] Safepoint "ICBufferFull", Time since last: 75970584 ns, Reaching safepoint: 248708 ns, Cleanup: 104875 ns, At safepoint: 5333 ns, Total: 358916 ns
[2025-06-05T22:35:52.791+0000][2.528s][debug][safepoint   ] Safepoint synchronization initiated using futex wait barrier. (13 threads)
[2025-06-05T22:35:52.791+0000][2.528s][info ][gc,start    ] GC(21) Pause Young (Normal) (G1 Evacuation Pause)
[2025-06-05T22:35:52.791+0000][2.528s][info ][gc,task     ] GC(21) Using 2 workers of 2 for evacuation
[2025-06-05T22:35:52.797+0000][2.534s][info ][gc,phases   ] GC(21)   Pre Evacuate Collection Set: 0.1ms
[2025-06-05T22:35:52.797+0000][2.534s][info ][gc,phases   ] GC(21)   Merge Heap Roots: 0.1ms
[2025-06-05T22:35:52.797+0000][2.535s][info ][gc,phases   ] GC(21)   Evacuate Collection Set: 5.1ms
[2025-06-05T22:35:52.797+0000][2.535s][info ][gc,phases   ] GC(21)   Post Evacuate Collection Set: 0.7ms
[2025-06-05T22:35:52.797+0000][2.535s][info ][gc,phases   ] GC(21)   Other: 0.2ms
[2025-06-05T22:35:52.797+0000][2.535s][info ][gc,heap     ] GC(21) Eden regions: 47->0(44)
[2025-06-05T22:35:52.798+0000][2.535s][info ][gc,heap     ] GC(21) Survivor regions: 5->4(7)
[2025-06-05T22:35:52.798+0000][2.535s][info ][gc,heap     ] GC(21) Old regions: 40->45
[2025-06-05T22:35:52.798+0000][2.535s][info ][gc,heap     ] GC(21) Archive regions: 2->2
[2025-06-05T22:35:52.798+0000][2.535s][info ][gc,heap     ] GC(21) Humongous regions: 0->0
[2025-06-05T22:35:52.798+0000][2.535s][info ][gc,metaspace] GC(21) Metaspace: 25025K(25408K)->25025K(25408K) NonClass: 21776K(21952K)->21776K(21952K) Class: 3249K(3456K)->3249K(3456K)
[2025-06-05T22:35:52.798+0000][2.535s][info ][gc          ] GC(21) Pause Young (Normal) (G1 Evacuation Pause) 91M->48M(118M) 6.638ms
[2025-06-05T22:35:52.798+0000][2.535s][info ][gc,cpu      ] GC(21) User=0.01s Sys=0.00s Real=0.01s
[2025-06-05T22:35:52.798+0000][2.535s][info ][safepoint   ] Safepoint "G1CollectForAllocation", Time since last: 26308834 ns, Reaching safepoint: 162458 ns, Cleanup: 83375 ns, At safepoint: 6731083 ns, Total: 6976916 ns
[2025-06-05T22:35:52.893+0000][2.630s][debug][safepoint   ] Safepoint synchronization initiated using futex wait barrier. (13 threads)
[2025-06-05T22:35:52.893+0000][2.630s][info ][gc,start    ] GC(22) Pause Young (Normal) (G1 Evacuation Pause)
[2025-06-05T22:35:52.893+0000][2.630s][info ][gc,task     ] GC(22) Using 2 workers of 2 for evacuation
[2025-06-05T22:35:52.898+0000][2.636s][info ][gc,phases   ] GC(22)   Pre Evacuate Collection Set: 0.1ms
[2025-06-05T22:35:52.898+0000][2.636s][info ][gc,phases   ] GC(22)   Merge Heap Roots: 0.1ms
[2025-06-05T22:35:52.898+0000][2.636s][info ][gc,phases   ] GC(22)   Evacuate Collection Set: 3.9ms
[2025-06-05T22:35:52.899+0000][2.636s][info ][gc,phases   ] GC(22)   Post Evacuate Collection Set: 1.1ms
[2025-06-05T22:35:52.899+0000][2.636s][info ][gc,phases   ] GC(22)   Other: 0.2ms
[2025-06-05T22:35:52.899+0000][2.636s][info ][gc,heap     ] GC(22) Eden regions: 44->0(114)
[2025-06-05T22:35:52.899+0000][2.636s][info ][gc,heap     ] GC(22) Survivor regions: 4->2(6)
[2025-06-05T22:35:52.899+0000][2.636s][info ][gc,heap     ] GC(22) Old regions: 45->48
[2025-06-05T22:35:52.899+0000][2.636s][info ][gc,heap     ] GC(22) Archive regions: 2->2
[2025-06-05T22:35:52.899+0000][2.636s][info ][gc,heap     ] GC(22) Humongous regions: 0->0
[2025-06-05T22:35:52.899+0000][2.636s][info ][gc,metaspace] GC(22) Metaspace: 25143K(25536K)->25143K(25536K) NonClass: 21888K(22080K)->21888K(22080K) Class: 3255K(3456K)->3255K(3456K)
[2025-06-05T22:35:52.899+0000][2.636s][info ][gc          ] GC(22) Pause Young (Normal) (G1 Evacuation Pause) 92M->50M(214M) 5.774ms
[2025-06-05T22:35:52.899+0000][2.636s][info ][gc,cpu      ] GC(22) User=0.02s Sys=0.01s Real=0.01s
[2025-06-05T22:35:52.899+0000][2.636s][info ][safepoint   ] Safepoint "G1CollectForAllocation", Time since last: 95050251 ns, Reaching safepoint: 183291 ns, Cleanup: 98959 ns, At safepoint: 5885583 ns, Total: 6167833 ns
[2025-06-05T22:35:53.004+0000][2.742s][debug][safepoint   ] Safepoint synchronization initiated using futex wait barrier. (13 threads)
[2025-06-05T22:35:53.005+0000][2.742s][info ][safepoint   ] Safepoint "ICBufferFull", Time since last: 105497750 ns, Reaching safepoint: 257458 ns, Cleanup: 108209 ns, At safepoint: 6000 ns, Total: 371667 ns
[2025-06-05T22:35:53.062+0000][2.799s][debug][safepoint   ] Safepoint synchronization initiated using futex wait barrier. (13 threads)
[2025-06-05T22:35:53.063+0000][2.800s][info ][safepoint   ] Safepoint "ICBufferFull", Time since last: 57397875 ns, Reaching safepoint: 187333 ns, Cleanup: 75250 ns, At safepoint: 4583 ns, Total: 267166 ns
[2025-06-05T22:35:53.108+0000][2.846s][debug][safepoint   ] Safepoint synchronization initiated using futex wait barrier. (13 threads)
[2025-06-05T22:35:53.109+0000][2.846s][info ][gc,start    ] GC(23) Pause Young (Normal) (G1 Evacuation Pause)
[2025-06-05T22:35:53.109+0000][2.846s][info ][gc,task     ] GC(23) Using 2 workers of 2 for evacuation
[2025-06-05T22:35:53.114+0000][2.851s][info ][gc,phases   ] GC(23)   Pre Evacuate Collection Set: 0.1ms
[2025-06-05T22:35:53.114+0000][2.851s][info ][gc,phases   ] GC(23)   Merge Heap Roots: 0.1ms
[2025-06-05T22:35:53.114+0000][2.851s][info ][gc,phases   ] GC(23)   Evacuate Collection Set: 3.8ms
[2025-06-05T22:35:53.114+0000][2.851s][info ][gc,phases   ] GC(23)   Post Evacuate Collection Set: 0.6ms
[2025-06-05T22:35:53.114+0000][2.851s][info ][gc,phases   ] GC(23)   Other: 0.2ms
[2025-06-05T22:35:53.114+0000][2.851s][info ][gc,heap     ] GC(23) Eden regions: 114->0(115)
[2025-06-05T22:35:53.114+0000][2.851s][info ][gc,heap     ] GC(23) Survivor regions: 2->6(15)
[2025-06-05T22:35:53.114+0000][2.852s][info ][gc,heap     ] GC(23) Old regions: 48->48
[2025-06-05T22:35:53.114+0000][2.852s][info ][gc,heap     ] GC(23) Archive regions: 2->2
[2025-06-05T22:35:53.114+0000][2.852s][info ][gc,heap     ] GC(23) Humongous regions: 0->0
[2025-06-05T22:35:53.114+0000][2.852s][info ][gc,metaspace] GC(23) Metaspace: 25257K(25664K)->25257K(25664K) NonClass: 21986K(22208K)->21986K(22208K) Class: 3271K(3456K)->3271K(3456K)
[2025-06-05T22:35:53.114+0000][2.852s][info ][gc          ] GC(23) Pause Young (Normal) (G1 Evacuation Pause) 164M->54M(214M) 5.276ms
[2025-06-05T22:35:53.115+0000][2.852s][info ][gc,cpu      ] GC(23) User=0.01s Sys=0.00s Real=0.00s
[2025-06-05T22:35:53.115+0000][2.852s][info ][safepoint   ] Safepoint "G1CollectForAllocation", Time since last: 45958959 ns, Reaching safepoint: 634625 ns, Cleanup: 64375 ns, At safepoint: 5380500 ns, Total: 6079500 ns
[2025-06-05T22:35:53.282+0000][3.019s][debug][safepoint   ] Safepoint synchronization initiated using futex wait barrier. (13 threads)
[2025-06-05T22:35:53.282+0000][3.019s][info ][gc,start    ] GC(24) Pause Young (Normal) (G1 Evacuation Pause)
[2025-06-05T22:35:53.282+0000][3.019s][info ][gc,task     ] GC(24) Using 2 workers of 2 for evacuation
[2025-06-05T22:35:53.296+0000][3.033s][info ][gc,phases   ] GC(24)   Pre Evacuate Collection Set: 0.1ms
[2025-06-05T22:35:53.296+0000][3.034s][info ][gc,phases   ] GC(24)   Merge Heap Roots: 0.1ms
[2025-06-05T22:35:53.297+0000][3.034s][info ][gc,phases   ] GC(24)   Evacuate Collection Set: 10.9ms
[2025-06-05T22:35:53.297+0000][3.034s][info ][gc,phases   ] GC(24)   Post Evacuate Collection Set: 2.6ms
[2025-06-05T22:35:53.297+0000][3.034s][info ][gc,phases   ] GC(24)   Other: 0.2ms
[2025-06-05T22:35:53.298+0000][3.035s][info ][gc,heap     ] GC(24) Eden regions: 115->0(119)
[2025-06-05T22:35:53.298+0000][3.035s][info ][gc,heap     ] GC(24) Survivor regions: 6->7(16)
[2025-06-05T22:35:53.298+0000][3.035s][info ][gc,heap     ] GC(24) Old regions: 48->48
[2025-06-05T22:35:53.298+0000][3.036s][info ][gc,heap     ] GC(24) Archive regions: 2->2
[2025-06-05T22:35:53.299+0000][3.036s][info ][gc,heap     ] GC(24) Humongous regions: 0->0
[2025-06-05T22:35:53.299+0000][3.036s][info ][gc,metaspace] GC(24) Metaspace: 26866K(27200K)->26866K(27200K) NonClass: 23470K(23616K)->23470K(23616K) Class: 3395K(3584K)->3395K(3584K)
[2025-06-05T22:35:53.299+0000][3.036s][info ][gc          ] GC(24) Pause Young (Normal) (G1 Evacuation Pause) 169M->54M(214M) 16.698ms
[2025-06-05T22:35:53.299+0000][3.037s][info ][gc,cpu      ] GC(24) User=0.03s Sys=0.00s Real=0.02s
[2025-06-05T22:35:53.300+0000][3.037s][info ][safepoint   ] Safepoint "G1CollectForAllocation", Time since last: 167052416 ns, Reaching safepoint: 474917 ns, Cleanup: 76333 ns, At safepoint: 17389042 ns, Total: 17940292 ns
[2025-06-05T22:35:53.480+0000][3.218s][debug][safepoint   ] Safepoint synchronization initiated using futex wait barrier. (13 threads)
[2025-06-05T22:35:53.481+0000][3.218s][info ][safepoint   ] Safepoint "ICBufferFull", Time since last: 180856000 ns, Reaching safepoint: 661833 ns, Cleanup: 112709 ns, At safepoint: 5208 ns, Total: 779750 ns
[2025-06-05T22:35:53.584+0000][3.321s][debug][safepoint   ] Safepoint synchronization initiated using futex wait barrier. (13 threads)
[2025-06-05T22:35:53.584+0000][3.322s][info ][gc,start    ] GC(25) Pause Young (Normal) (G1 Evacuation Pause)
[2025-06-05T22:35:53.584+0000][3.322s][info ][gc,task     ] GC(25) Using 2 workers of 2 for evacuation
[2025-06-05T22:35:53.591+0000][3.328s][info ][gc,phases   ] GC(25)   Pre Evacuate Collection Set: 0.1ms
[2025-06-05T22:35:53.591+0000][3.328s][info ][gc,phases   ] GC(25)   Merge Heap Roots: 0.1ms
[2025-06-05T22:35:53.591+0000][3.328s][info ][gc,phases   ] GC(25)   Evacuate Collection Set: 5.1ms
[2025-06-05T22:35:53.591+0000][3.328s][info ][gc,phases   ] GC(25)   Post Evacuate Collection Set: 0.9ms
[2025-06-05T22:35:53.591+0000][3.328s][info ][gc,phases   ] GC(25)   Other: 0.3ms
[2025-06-05T22:35:53.591+0000][3.329s][info ][gc,heap     ] GC(25) Eden regions: 119->0(118)
[2025-06-05T22:35:53.591+0000][3.329s][info ][gc,heap     ] GC(25) Survivor regions: 7->9(16)
[2025-06-05T22:35:53.591+0000][3.329s][info ][gc,heap     ] GC(25) Old regions: 48->48
[2025-06-05T22:35:53.592+0000][3.329s][info ][gc,heap     ] GC(25) Archive regions: 2->2
[2025-06-05T22:35:53.592+0000][3.329s][info ][gc,heap     ] GC(25) Humongous regions: 0->0
[2025-06-05T22:35:53.592+0000][3.329s][info ][gc,metaspace] GC(25) Metaspace: 31916K(32320K)->31916K(32320K) NonClass: 27965K(28160K)->27965K(28160K) Class: 3951K(4160K)->3951K(4160K)
[2025-06-05T22:35:53.592+0000][3.329s][info ][gc          ] GC(25) Pause Young (Normal) (G1 Evacuation Pause) 173M->56M(214M) 7.335ms
[2025-06-05T22:35:53.592+0000][3.329s][info ][gc,cpu      ] GC(25) User=0.01s Sys=0.00s Real=0.01s
[2025-06-05T22:35:53.592+0000][3.329s][info ][safepoint   ] Safepoint "G1CollectForAllocation", Time since last: 102978083 ns, Reaching safepoint: 168542 ns, Cleanup: 13625 ns, At safepoint: 7514834 ns, Total: 7697001 ns
[2025-06-05T22:35:53.751+0000][3.488s][debug][safepoint   ] Safepoint synchronization initiated using futex wait barrier. (13 threads)
[2025-06-05T22:35:53.752+0000][3.490s][info ][safepoint   ] Safepoint "ICBufferFull", Time since last: 159132208 ns, Reaching safepoint: 1238542 ns, Cleanup: 113375 ns, At safepoint: 10125 ns, Total: 1362042 ns
[2025-06-05T22:35:53.868+0000][3.606s][debug][safepoint   ] Safepoint synchronization initiated using futex wait barrier. (13 threads)
[2025-06-05T22:35:53.869+0000][3.606s][info ][gc,start    ] GC(26) Pause Young (Normal) (G1 Evacuation Pause)
[2025-06-05T22:35:53.869+0000][3.606s][info ][gc,task     ] GC(26) Using 2 workers of 2 for evacuation
[2025-06-05T22:35:53.878+0000][3.616s][info ][gc,phases   ] GC(26)   Pre Evacuate Collection Set: 0.2ms
[2025-06-05T22:35:53.879+0000][3.616s][info ][gc,phases   ] GC(26)   Merge Heap Roots: 0.2ms
[2025-06-05T22:35:53.879+0000][3.616s][info ][gc,phases   ] GC(26)   Evacuate Collection Set: 7.7ms
[2025-06-05T22:35:53.879+0000][3.616s][info ][gc,phases   ] GC(26)   Post Evacuate Collection Set: 1.0ms
[2025-06-05T22:35:53.879+0000][3.616s][info ][gc,phases   ] GC(26)   Other: 0.5ms
[2025-06-05T22:35:53.879+0000][3.616s][info ][gc,heap     ] GC(26) Eden regions: 118->0(118)
[2025-06-05T22:35:53.879+0000][3.616s][info ][gc,heap     ] GC(26) Survivor regions: 9->10(16)
[2025-06-05T22:35:53.879+0000][3.616s][info ][gc,heap     ] GC(26) Old regions: 48->48
[2025-06-05T22:35:53.879+0000][3.616s][info ][gc,heap     ] GC(26) Archive regions: 2->2
[2025-06-05T22:35:53.879+0000][3.617s][info ][gc,heap     ] GC(26) Humongous regions: 0->0
[2025-06-05T22:35:53.879+0000][3.617s][info ][gc,metaspace] GC(26) Metaspace: 34312K(34752K)->34312K(34752K) NonClass: 30055K(30272K)->30055K(30272K) Class: 4257K(4480K)->4257K(4480K)
[2025-06-05T22:35:53.880+0000][3.617s][info ][gc          ] GC(26) Pause Young (Normal) (G1 Evacuation Pause) 174M->57M(214M) 10.591ms
[2025-06-05T22:35:53.880+0000][3.617s][info ][gc,cpu      ] GC(26) User=0.02s Sys=0.00s Real=0.01s
[2025-06-05T22:35:53.880+0000][3.617s][info ][safepoint   ] Safepoint "G1CollectForAllocation", Time since last: 116108708 ns, Reaching safepoint: 360583 ns, Cleanup: 99375 ns, At safepoint: 10794459 ns, Total: 11254417 ns
[2025-06-05T22:35:54.065+0000][3.803s][debug][safepoint   ] Safepoint synchronization initiated using futex wait barrier. (13 threads)
[2025-06-05T22:35:54.066+0000][3.803s][info ][safepoint   ] Safepoint "ICBufferFull", Time since last: 185750833 ns, Reaching safepoint: 176167 ns, Cleanup: 106083 ns, At safepoint: 1417 ns, Total: 283667 ns
[2025-06-05T22:35:54.106+0000][3.843s][debug][safepoint   ] Safepoint synchronization initiated using futex wait barrier. (13 threads)
[2025-06-05T22:35:54.106+0000][3.843s][info ][safepoint   ] Safepoint "ICBufferFull", Time since last: 39796833 ns, Reaching safepoint: 543667 ns, Cleanup: 163125 ns, At safepoint: 11125 ns, Total: 717917 ns
[2025-06-05T22:35:54.116+0000][3.853s][debug][safepoint   ] Safepoint synchronization initiated using futex wait barrier. (13 threads)
[2025-06-05T22:35:54.116+0000][3.853s][info ][gc,start    ] GC(27) Pause Young (Concurrent Start) (Metadata GC Threshold)
[2025-06-05T22:35:54.116+0000][3.854s][info ][gc,task     ] GC(27) Using 2 workers of 2 for evacuation
[2025-06-05T22:35:54.124+0000][3.861s][info ][gc,phases   ] GC(27)   Pre Evacuate Collection Set: 0.1ms
[2025-06-05T22:35:54.124+0000][3.861s][info ][gc,phases   ] GC(27)   Merge Heap Roots: 0.1ms
[2025-06-05T22:35:54.124+0000][3.861s][info ][gc,phases   ] GC(27)   Evacuate Collection Set: 6.6ms
[2025-06-05T22:35:54.124+0000][3.861s][info ][gc,phases   ] GC(27)   Post Evacuate Collection Set: 0.7ms
[2025-06-05T22:35:54.124+0000][3.861s][info ][gc,phases   ] GC(27)   Other: 0.2ms
[2025-06-05T22:35:54.124+0000][3.861s][info ][gc,heap     ] GC(27) Eden regions: 107->0(121)
[2025-06-05T22:35:54.124+0000][3.862s][info ][gc,heap     ] GC(27) Survivor regions: 10->6(16)
[2025-06-05T22:35:54.124+0000][3.862s][info ][gc,heap     ] GC(27) Old regions: 48->52
[2025-06-05T22:35:54.124+0000][3.862s][info ][gc,heap     ] GC(27) Archive regions: 2->2
[2025-06-05T22:35:54.124+0000][3.862s][info ][gc,heap     ] GC(27) Humongous regions: 0->0
[2025-06-05T22:35:54.124+0000][3.862s][info ][gc,metaspace] GC(27) Metaspace: 35826K(36160K)->35826K(36160K) NonClass: 31380K(31552K)->31380K(31552K) Class: 4446K(4608K)->4446K(4608K)
[2025-06-05T22:35:54.125+0000][3.862s][info ][gc          ] GC(27) Pause Young (Concurrent Start) (Metadata GC Threshold) 164M->57M(214M) 8.245ms
[2025-06-05T22:35:54.125+0000][3.862s][info ][gc,cpu      ] GC(27) User=0.01s Sys=0.00s Real=0.01s
[2025-06-05T22:35:54.125+0000][3.862s][info ][gc          ] GC(28) Concurrent Mark Cycle
[2025-06-05T22:35:54.125+0000][3.862s][info ][gc,marking  ] GC(28) Concurrent Clear Claimed Marks
[2025-06-05T22:35:54.125+0000][3.862s][info ][safepoint   ] Safepoint "CollectForMetadataAllocation", Time since last: 9782041 ns, Reaching safepoint: 130459 ns, Cleanup: 76083 ns, At safepoint: 8389500 ns, Total: 8596042 ns
[2025-06-05T22:35:54.125+0000][3.862s][info ][gc,marking  ] GC(28) Concurrent Clear Claimed Marks 0.102ms
[2025-06-05T22:35:54.128+0000][3.865s][info ][gc,marking  ] GC(28) Concurrent Scan Root Regions
[2025-06-05T22:35:54.133+0000][3.870s][info ][gc,marking  ] GC(28) Concurrent Scan Root Regions 4.891ms
[2025-06-05T22:35:54.133+0000][3.870s][info ][gc,marking  ] GC(28) Concurrent Mark
[2025-06-05T22:35:54.133+0000][3.871s][info ][gc,marking  ] GC(28) Concurrent Mark From Roots
[2025-06-05T22:35:54.134+0000][3.871s][info ][gc,task     ] GC(28) Using 1 workers of 1 for marking
[2025-06-05T22:35:54.154+0000][3.891s][debug][safepoint   ] Safepoint synchronization initiated using futex wait barrier. (13 threads)
[2025-06-05T22:35:54.154+0000][3.891s][info ][safepoint   ] Safepoint "CollectForMetadataAllocation", Time since last: 29265875 ns, Reaching safepoint: 171250 ns, Cleanup: 14208 ns, At safepoint: 22959 ns, Total: 208417 ns
[2025-06-05T22:35:54.174+0000][3.911s][debug][safepoint   ] Safepoint synchronization initiated using futex wait barrier. (13 threads)
[2025-06-05T22:35:54.174+0000][3.911s][info ][safepoint   ] Safepoint "CollectForMetadataAllocation", Time since last: 19579916 ns, Reaching safepoint: 191709 ns, Cleanup: 10625 ns, At safepoint: 20791 ns, Total: 223125 ns
[2025-06-05T22:35:54.179+0000][3.916s][info ][gc,marking  ] GC(28) Concurrent Mark From Roots 45.510ms
[2025-06-05T22:35:54.180+0000][3.917s][info ][gc,marking  ] GC(28) Concurrent Preclean
[2025-06-05T22:35:54.180+0000][3.918s][info ][gc,marking  ] GC(28) Concurrent Preclean 0.314ms
[2025-06-05T22:35:54.180+0000][3.918s][debug][safepoint   ] Safepoint synchronization initiated using futex wait barrier. (13 threads)
[2025-06-05T22:35:54.181+0000][3.918s][info ][gc,start    ] GC(28) Pause Remark
[2025-06-05T22:35:54.184+0000][3.921s][info ][gc          ] GC(28) Pause Remark 72M->72M(214M) 2.724ms
[2025-06-05T22:35:54.184+0000][3.921s][info ][gc,cpu      ] GC(28) User=0.01s Sys=0.00s Real=0.00s
[2025-06-05T22:35:54.184+0000][3.921s][info ][safepoint   ] Safepoint "G1PauseRemark", Time since last: 6573667 ns, Reaching safepoint: 427500 ns, Cleanup: 1833 ns, At safepoint: 2919542 ns, Total: 3348875 ns
[2025-06-05T22:35:54.184+0000][3.921s][info ][gc,marking  ] GC(28) Concurrent Mark 50.772ms
[2025-06-05T22:35:54.187+0000][3.924s][info ][gc,marking  ] GC(28) Concurrent Rebuild Remembered Sets
[2025-06-05T22:35:54.210+0000][3.948s][info ][gc,marking  ] GC(28) Concurrent Rebuild Remembered Sets 23.248ms
[2025-06-05T22:35:54.211+0000][3.948s][debug][safepoint   ] Safepoint synchronization initiated using futex wait barrier. (13 threads)
[2025-06-05T22:35:54.211+0000][3.948s][info ][gc,start    ] GC(28) Pause Cleanup
[2025-06-05T22:35:54.211+0000][3.949s][info ][gc          ] GC(28) Pause Cleanup 82M->82M(214M) 0.221ms
[2025-06-05T22:35:54.211+0000][3.949s][info ][gc,cpu      ] GC(28) User=0.00s Sys=0.00s Real=0.00s
[2025-06-05T22:35:54.212+0000][3.949s][info ][safepoint   ] Safepoint "G1PauseCleanup", Time since last: 26696667 ns, Reaching safepoint: 619875 ns, Cleanup: 11750 ns, At safepoint: 399375 ns, Total: 1031000 ns
[2025-06-05T22:35:54.212+0000][3.949s][info ][gc,marking  ] GC(28) Concurrent Cleanup for Next Mark
[2025-06-05T22:35:54.216+0000][3.953s][info ][gc,marking  ] GC(28) Concurrent Cleanup for Next Mark 4.015ms
[2025-06-05T22:35:54.216+0000][3.953s][info ][gc          ] GC(28) Concurrent Mark Cycle 91.244ms
[2025-06-05T22:35:54.396+0000][4.133s][debug][safepoint   ] Safepoint synchronization initiated using futex wait barrier. (13 threads)
[2025-06-05T22:35:54.396+0000][4.133s][info ][safepoint   ] Safepoint "ICBufferFull", Time since last: 184204250 ns, Reaching safepoint: 186375 ns, Cleanup: 113375 ns, At safepoint: 4333 ns, Total: 304083 ns
[2025-06-05T22:35:54.398+0000][4.135s][debug][safepoint   ] Safepoint synchronization initiated using futex wait barrier. (13 threads)
[2025-06-05T22:35:54.398+0000][4.135s][info ][gc,start    ] GC(29) Pause Young (Prepare Mixed) (G1 Evacuation Pause)
[2025-06-05T22:35:54.398+0000][4.136s][info ][gc,task     ] GC(29) Using 2 workers of 2 for evacuation
[2025-06-05T22:35:54.404+0000][4.142s][info ][gc,phases   ] GC(29)   Pre Evacuate Collection Set: 0.1ms
[2025-06-05T22:35:54.404+0000][4.142s][info ][gc,phases   ] GC(29)   Merge Heap Roots: 0.1ms
[2025-06-05T22:35:54.405+0000][4.142s][info ][gc,phases   ] GC(29)   Evacuate Collection Set: 5.0ms
[2025-06-05T22:35:54.405+0000][4.142s][info ][gc,phases   ] GC(29)   Post Evacuate Collection Set: 0.7ms
[2025-06-05T22:35:54.405+0000][4.142s][info ][gc,phases   ] GC(29)   Other: 0.1ms
[2025-06-05T22:35:54.405+0000][4.142s][info ][gc,heap     ] GC(29) Eden regions: 121->0(3)
[2025-06-05T22:35:54.405+0000][4.142s][info ][gc,heap     ] GC(29) Survivor regions: 6->7(16)
[2025-06-05T22:35:54.405+0000][4.142s][info ][gc,heap     ] GC(29) Old regions: 52->52
[2025-06-05T22:35:54.405+0000][4.142s][info ][gc,heap     ] GC(29) Archive regions: 2->2
[2025-06-05T22:35:54.405+0000][4.142s][info ][gc,heap     ] GC(29) Humongous regions: 0->0
[2025-06-05T22:35:54.405+0000][4.142s][info ][gc,metaspace] GC(29) Metaspace: 38775K(39168K)->38775K(39168K) NonClass: 33877K(34112K)->33877K(34112K) Class: 4897K(5056K)->4897K(5056K)
[2025-06-05T22:35:54.405+0000][4.142s][info ][gc          ] GC(29) Pause Young (Prepare Mixed) (G1 Evacuation Pause) 178M->58M(214M) 6.762ms
[2025-06-05T22:35:54.405+0000][4.142s][info ][gc,cpu      ] GC(29) User=0.01s Sys=0.00s Real=0.00s
[2025-06-05T22:35:54.405+0000][4.142s][info ][safepoint   ] Safepoint "G1CollectForAllocation", Time since last: 2080750 ns, Reaching safepoint: 86834 ns, Cleanup: 8250 ns, At safepoint: 6894625 ns, Total: 6989709 ns
[2025-06-05T22:35:54.413+0000][4.150s][debug][safepoint   ] Safepoint synchronization initiated using futex wait barrier. (13 threads)
[2025-06-05T22:35:54.414+0000][4.152s][info ][gc,start    ] GC(30) Pause Young (Mixed) (G1 Evacuation Pause)
[2025-06-05T22:35:54.414+0000][4.152s][info ][gc,task     ] GC(30) Using 2 workers of 2 for evacuation
[2025-06-05T22:35:54.421+0000][4.158s][info ][gc,phases   ] GC(30)   Pre Evacuate Collection Set: 0.1ms
[2025-06-05T22:35:54.421+0000][4.158s][info ][gc,phases   ] GC(30)   Merge Heap Roots: 0.1ms
[2025-06-05T22:35:54.421+0000][4.158s][info ][gc,phases   ] GC(30)   Evacuate Collection Set: 5.4ms
[2025-06-05T22:35:54.421+0000][4.158s][info ][gc,phases   ] GC(30)   Post Evacuate Collection Set: 0.6ms
[2025-06-05T22:35:54.421+0000][4.158s][info ][gc,phases   ] GC(30)   Other: 0.2ms
[2025-06-05T22:35:54.421+0000][4.158s][info ][gc,heap     ] GC(30) Eden regions: 3->0(124)
[2025-06-05T22:35:54.421+0000][4.158s][info ][gc,heap     ] GC(30) Survivor regions: 7->1(2)
[2025-06-05T22:35:54.421+0000][4.158s][info ][gc,heap     ] GC(30) Old regions: 52->56
[2025-06-05T22:35:54.421+0000][4.158s][info ][gc,heap     ] GC(30) Archive regions: 2->2
[2025-06-05T22:35:54.421+0000][4.158s][info ][gc,heap     ] GC(30) Humongous regions: 0->0
[2025-06-05T22:35:54.421+0000][4.158s][info ][gc,metaspace] GC(30) Metaspace: 38794K(39168K)->38794K(39168K) NonClass: 33896K(34112K)->33896K(34112K) Class: 4897K(5056K)->4897K(5056K)
[2025-06-05T22:35:54.421+0000][4.158s][info ][gc          ] GC(30) Pause Young (Mixed) (G1 Evacuation Pause) 61M->57M(214M) 6.821ms
[2025-06-05T22:35:54.421+0000][4.158s][info ][gc,cpu      ] GC(30) User=0.01s Sys=0.00s Real=0.01s
[2025-06-05T22:35:54.421+0000][4.158s][info ][safepoint   ] Safepoint "G1CollectForAllocation", Time since last: 7782750 ns, Reaching safepoint: 1329666 ns, Cleanup: 12834 ns, At safepoint: 6957208 ns, Total: 8299708 ns
[2025-06-05T22:35:54.520+0000][4.257s][debug][safepoint   ] Safepoint synchronization initiated using futex wait barrier. (13 threads)
[2025-06-05T22:35:54.521+0000][4.258s][info ][safepoint   ] Safepoint "ICBufferFull", Time since last: 98556167 ns, Reaching safepoint: 1364333 ns, Cleanup: 106208 ns, At safepoint: 7125 ns, Total: 1477666 ns
[2025-06-05T22:35:54.770+0000][4.508s][debug][safepoint   ] Safepoint synchronization initiated using futex wait barrier. (13 threads)
[2025-06-05T22:35:54.771+0000][4.508s][info ][gc,start    ] GC(31) Pause Young (Concurrent Start) (G1 Evacuation Pause)
[2025-06-05T22:35:54.771+0000][4.508s][info ][gc,task     ] GC(31) Using 2 workers of 2 for evacuation
[2025-06-05T22:35:54.774+0000][4.511s][info ][gc,phases   ] GC(31)   Pre Evacuate Collection Set: 0.1ms
[2025-06-05T22:35:54.774+0000][4.512s][info ][gc,phases   ] GC(31)   Merge Heap Roots: 0.1ms
[2025-06-05T22:35:54.774+0000][4.512s][info ][gc,phases   ] GC(31)   Evacuate Collection Set: 2.8ms
[2025-06-05T22:35:54.774+0000][4.512s][info ][gc,phases   ] GC(31)   Post Evacuate Collection Set: 0.6ms
[2025-06-05T22:35:54.775+0000][4.512s][info ][gc,phases   ] GC(31)   Other: 0.2ms
[2025-06-05T22:35:54.775+0000][4.512s][info ][gc,heap     ] GC(31) Eden regions: 124->0(122)
[2025-06-05T22:35:54.775+0000][4.512s][info ][gc,heap     ] GC(31) Survivor regions: 1->3(16)
[2025-06-05T22:35:54.775+0000][4.512s][info ][gc,heap     ] GC(31) Old regions: 56->56
[2025-06-05T22:35:54.775+0000][4.512s][info ][gc,heap     ] GC(31) Archive regions: 2->2
[2025-06-05T22:35:54.775+0000][4.512s][info ][gc,heap     ] GC(31) Humongous regions: 0->0
[2025-06-05T22:35:54.775+0000][4.512s][info ][gc,metaspace] GC(31) Metaspace: 41111K(41472K)->41111K(41472K) NonClass: 35903K(36096K)->35903K(36096K) Class: 5207K(5376K)->5207K(5376K)
[2025-06-05T22:35:54.775+0000][4.512s][info ][gc          ] GC(31) Pause Young (Concurrent Start) (G1 Evacuation Pause) 181M->59M(214M) 4.173ms
[2025-06-05T22:35:54.775+0000][4.512s][info ][gc,cpu      ] GC(31) User=0.00s Sys=0.00s Real=0.00s
[2025-06-05T22:35:54.775+0000][4.512s][info ][safepoint   ] Safepoint "G1CollectForAllocation", Time since last: 249052417 ns, Reaching safepoint: 190708 ns, Cleanup: 84042 ns, At safepoint: 4276042 ns, Total: 4550792 ns
[2025-06-05T22:35:54.775+0000][4.512s][info ][gc          ] GC(32) Concurrent Mark Cycle
[2025-06-05T22:35:54.776+0000][4.513s][info ][gc,marking  ] GC(32) Concurrent Clear Claimed Marks
[2025-06-05T22:35:54.776+0000][4.513s][info ][gc,marking  ] GC(32) Concurrent Clear Claimed Marks 0.144ms
[2025-06-05T22:35:54.776+0000][4.513s][info ][gc,marking  ] GC(32) Concurrent Scan Root Regions
[2025-06-05T22:35:54.778+0000][4.515s][info ][gc,marking  ] GC(32) Concurrent Scan Root Regions 1.576ms
[2025-06-05T22:35:54.778+0000][4.515s][info ][gc,marking  ] GC(32) Concurrent Mark
[2025-06-05T22:35:54.778+0000][4.515s][info ][gc,marking  ] GC(32) Concurrent Mark From Roots
[2025-06-05T22:35:54.778+0000][4.515s][info ][gc,task     ] GC(32) Using 1 workers of 1 for marking
[2025-06-05T22:35:54.850+0000][4.587s][info ][gc,marking  ] GC(32) Concurrent Mark From Roots 71.612ms
[2025-06-05T22:35:54.850+0000][4.587s][info ][gc,marking  ] GC(32) Concurrent Preclean
[2025-06-05T22:35:54.850+0000][4.587s][info ][gc,marking  ] GC(32) Concurrent Preclean 0.253ms
[2025-06-05T22:35:54.850+0000][4.587s][debug][safepoint   ] Safepoint synchronization initiated using futex wait barrier. (13 threads)
[2025-06-05T22:35:54.852+0000][4.590s][info ][gc,start    ] GC(32) Pause Remark
[2025-06-05T22:35:54.855+0000][4.593s][info ][gc          ] GC(32) Pause Remark 76M->76M(214M) 3.011ms
[2025-06-05T22:35:54.855+0000][4.593s][info ][gc,cpu      ] GC(32) User=0.01s Sys=0.00s Real=0.00s
[2025-06-05T22:35:54.856+0000][4.593s][info ][safepoint   ] Safepoint "G1PauseRemark", Time since last: 75344333 ns, Reaching safepoint: 2074875 ns, Cleanup: 30250 ns, At safepoint: 3202875 ns, Total: 5308000 ns
[2025-06-05T22:35:54.857+0000][4.594s][info ][gc,marking  ] GC(32) Concurrent Mark 78.913ms
[2025-06-05T22:35:54.857+0000][4.594s][info ][gc,marking  ] GC(32) Concurrent Rebuild Remembered Sets
[2025-06-05T22:35:54.885+0000][4.622s][info ][gc,marking  ] GC(32) Concurrent Rebuild Remembered Sets 27.785ms
[2025-06-05T22:35:54.885+0000][4.622s][debug][safepoint   ] Safepoint synchronization initiated using futex wait barrier. (13 threads)
[2025-06-05T22:35:54.887+0000][4.625s][info ][gc,start    ] GC(32) Pause Cleanup
[2025-06-05T22:35:54.888+0000][4.625s][info ][gc          ] GC(32) Pause Cleanup 87M->87M(214M) 0.201ms
[2025-06-05T22:35:54.888+0000][4.625s][info ][gc,cpu      ] GC(32) User=0.00s Sys=0.00s Real=0.00s
[2025-06-05T22:35:54.888+0000][4.625s][info ][safepoint   ] Safepoint "G1PauseCleanup", Time since last: 29476792 ns, Reaching safepoint: 2328583 ns, Cleanup: 26500 ns, At safepoint: 364833 ns, Total: 2719916 ns
[2025-06-05T22:35:54.889+0000][4.626s][info ][gc,marking  ] GC(32) Concurrent Cleanup for Next Mark
[2025-06-05T22:35:54.890+0000][4.627s][info ][gc,marking  ] GC(32) Concurrent Cleanup for Next Mark 0.653ms
[2025-06-05T22:35:54.890+0000][4.627s][info ][gc          ] GC(32) Concurrent Mark Cycle 114.935ms
[2025-06-05T22:35:55.086+0000][4.823s][debug][safepoint   ] Safepoint synchronization initiated using futex wait barrier. (13 threads)
[2025-06-05T22:35:55.086+0000][4.823s][info ][safepoint   ] Safepoint "ICBufferFull", Time since last: 197880834 ns, Reaching safepoint: 173083 ns, Cleanup: 104500 ns, At safepoint: 1375 ns, Total: 278958 ns
[2025-06-05T22:35:55.165+0000][4.902s][debug][safepoint   ] Safepoint synchronization initiated using futex wait barrier. (13 threads)
[2025-06-05T22:35:55.166+0000][4.903s][info ][gc,start    ] GC(33) Pause Young (Prepare Mixed) (G1 Evacuation Pause)
[2025-06-05T22:35:55.166+0000][4.903s][info ][gc,task     ] GC(33) Using 2 workers of 2 for evacuation
[2025-06-05T22:35:55.170+0000][4.907s][info ][gc,phases   ] GC(33)   Pre Evacuate Collection Set: 0.1ms
[2025-06-05T22:35:55.170+0000][4.907s][info ][gc,phases   ] GC(33)   Merge Heap Roots: 0.1ms
[2025-06-05T22:35:55.170+0000][4.908s][info ][gc,phases   ] GC(33)   Evacuate Collection Set: 3.7ms
[2025-06-05T22:35:55.170+0000][4.908s][info ][gc,phases   ] GC(33)   Post Evacuate Collection Set: 0.6ms
[2025-06-05T22:35:55.170+0000][4.908s][info ][gc,phases   ] GC(33)   Other: 0.2ms
[2025-06-05T22:35:55.170+0000][4.908s][info ][gc,heap     ] GC(33) Eden regions: 122->0(6)
[2025-06-05T22:35:55.170+0000][4.908s][info ][gc,heap     ] GC(33) Survivor regions: 3->4(16)
[2025-06-05T22:35:55.171+0000][4.908s][info ][gc,heap     ] GC(33) Old regions: 56->56
[2025-06-05T22:35:55.171+0000][4.908s][info ][gc,heap     ] GC(33) Archive regions: 2->2
[2025-06-05T22:35:55.171+0000][4.908s][info ][gc,heap     ] GC(33) Humongous regions: 0->0
[2025-06-05T22:35:55.171+0000][4.908s][info ][gc,metaspace] GC(33) Metaspace: 44014K(44416K)->44014K(44416K) NonClass: 38377K(38592K)->38377K(38592K) Class: 5636K(5824K)->5636K(5824K)
[2025-06-05T22:35:55.171+0000][4.908s][info ][gc          ] GC(33) Pause Young (Prepare Mixed) (G1 Evacuation Pause) 181M->60M(214M) 5.174ms
[2025-06-05T22:35:55.171+0000][4.908s][info ][gc,cpu      ] GC(33) User=0.01s Sys=0.00s Real=0.01s
[2025-06-05T22:35:55.171+0000][4.908s][info ][safepoint   ] Safepoint "G1CollectForAllocation", Time since last: 79340459 ns, Reaching safepoint: 250416 ns, Cleanup: 39084 ns, At safepoint: 5287375 ns, Total: 5576875 ns
[2025-06-05T22:35:55.185+0000][4.922s][debug][safepoint   ] Safepoint synchronization initiated using futex wait barrier. (13 threads)
[2025-06-05T22:35:55.185+0000][4.922s][info ][gc,start    ] GC(34) Pause Young (Mixed) (G1 Evacuation Pause)
[2025-06-05T22:35:55.185+0000][4.922s][info ][gc,task     ] GC(34) Using 2 workers of 2 for evacuation
[2025-06-05T22:35:55.190+0000][4.928s][info ][gc,phases   ] GC(34)   Pre Evacuate Collection Set: 0.1ms
[2025-06-05T22:35:55.191+0000][4.928s][info ][gc,phases   ] GC(34)   Merge Heap Roots: 0.1ms
[2025-06-05T22:35:55.191+0000][4.928s][info ][gc,phases   ] GC(34)   Evacuate Collection Set: 4.8ms
[2025-06-05T22:35:55.191+0000][4.928s][info ][gc,phases   ] GC(34)   Post Evacuate Collection Set: 0.6ms
[2025-06-05T22:35:55.191+0000][4.928s][info ][gc,phases   ] GC(34)   Other: 0.1ms
[2025-06-05T22:35:55.191+0000][4.928s][info ][gc,heap     ] GC(34) Eden regions: 6->0(122)
[2025-06-05T22:35:55.191+0000][4.928s][info ][gc,heap     ] GC(34) Survivor regions: 4->1(2)
[2025-06-05T22:35:55.191+0000][4.928s][info ][gc,heap     ] GC(34) Old regions: 56->59
[2025-06-05T22:35:55.191+0000][4.928s][info ][gc,heap     ] GC(34) Archive regions: 2->2
[2025-06-05T22:35:55.191+0000][4.928s][info ][gc,heap     ] GC(34) Humongous regions: 0->0
[2025-06-05T22:35:55.191+0000][4.928s][info ][gc,metaspace] GC(34) Metaspace: 44124K(44544K)->44124K(44544K) NonClass: 38477K(38720K)->38477K(38720K) Class: 5646K(5824K)->5646K(5824K)
[2025-06-05T22:35:55.191+0000][4.928s][info ][gc          ] GC(34) Pause Young (Mixed) (G1 Evacuation Pause) 66M->59M(214M) 6.300ms
[2025-06-05T22:35:55.191+0000][4.928s][info ][gc,cpu      ] GC(34) User=0.01s Sys=0.00s Real=0.01s
[2025-06-05T22:35:55.191+0000][4.928s][info ][safepoint   ] Safepoint "G1CollectForAllocation", Time since last: 13747625 ns, Reaching safepoint: 177375 ns, Cleanup: 22625 ns, At safepoint: 6473083 ns, Total: 6673083 ns
[2025-06-05T22:35:55.281+0000][5.018s][debug][safepoint   ] ... found polling page loop exception at pc = 0x0000ffff79086ef4, stub =0x0000ffff7897ef00
[2025-06-05T22:35:55.326+0000][5.063s][debug][safepoint   ] Safepoint synchronization initiated using futex wait barrier. (13 threads)
[2025-06-05T22:35:55.326+0000][5.063s][info ][safepoint   ] Safepoint "ICBufferFull", Time since last: 134420042 ns, Reaching safepoint: 411291 ns, Cleanup: 112500 ns, At safepoint: 5417 ns, Total: 529208 ns
[2025-06-05T22:35:55.541+0000][5.279s][debug][safepoint   ] Safepoint synchronization initiated using futex wait barrier. (13 threads)
[2025-06-05T22:35:55.542+0000][5.279s][info ][gc,start    ] GC(35) Pause Young (Normal) (G1 Evacuation Pause)
[2025-06-05T22:35:55.542+0000][5.279s][info ][gc,task     ] GC(35) Using 2 workers of 2 for evacuation
[2025-06-05T22:35:55.547+0000][5.284s][info ][gc,phases   ] GC(35)   Pre Evacuate Collection Set: 0.1ms
[2025-06-05T22:35:55.547+0000][5.284s][info ][gc,phases   ] GC(35)   Merge Heap Roots: 0.1ms
[2025-06-05T22:35:55.547+0000][5.284s][info ][gc,phases   ] GC(35)   Evacuate Collection Set: 3.7ms
[2025-06-05T22:35:55.547+0000][5.284s][info ][gc,phases   ] GC(35)   Post Evacuate Collection Set: 0.8ms
[2025-06-05T22:35:55.547+0000][5.284s][info ][gc,phases   ] GC(35)   Other: 0.2ms
[2025-06-05T22:35:55.547+0000][5.284s][info ][gc,heap     ] GC(35) Eden regions: 122->0(144)
[2025-06-05T22:35:55.547+0000][5.284s][info ][gc,heap     ] GC(35) Survivor regions: 1->4(16)
[2025-06-05T22:35:55.547+0000][5.284s][info ][gc,heap     ] GC(35) Old regions: 59->59
[2025-06-05T22:35:55.547+0000][5.284s][info ][gc,heap     ] GC(35) Archive regions: 2->2
[2025-06-05T22:35:55.547+0000][5.284s][info ][gc,heap     ] GC(35) Humongous regions: 0->0
[2025-06-05T22:35:55.547+0000][5.284s][info ][gc,metaspace] GC(35) Metaspace: 48320K(48704K)->48320K(48704K) NonClass: 42118K(42304K)->42118K(42304K) Class: 6202K(6400K)->6202K(6400K)
[2025-06-05T22:35:55.547+0000][5.284s][info ][gc          ] GC(35) Pause Young (Normal) (G1 Evacuation Pause) 181M->62M(247M) 5.455ms
[2025-06-05T22:35:55.547+0000][5.284s][info ][gc,cpu      ] GC(35) User=0.01s Sys=0.00s Real=0.01s
[2025-06-05T22:35:55.547+0000][5.285s][info ][safepoint   ] Safepoint "G1CollectForAllocation", Time since last: 215299542 ns, Reaching safepoint: 191375 ns, Cleanup: 87458 ns, At safepoint: 5585542 ns, Total: 5864375 ns
[2025-06-05T22:35:55.644+0000][5.381s][debug][safepoint   ] Safepoint synchronization initiated using futex wait barrier. (13 threads)
[2025-06-05T22:35:55.645+0000][5.383s][info ][safepoint   ] Safepoint "ICBufferFull", Time since last: 96797833 ns, Reaching safepoint: 1082042 ns, Cleanup: 113500 ns, At safepoint: 8791 ns, Total: 1204333 ns
[2025-06-05T22:35:56.792+0000][6.529s][debug][safepoint   ] Safepoint synchronization initiated using futex wait barrier. (15 threads)
[2025-06-05T22:35:56.793+0000][6.531s][info ][safepoint   ] Safepoint "Cleanup", Time since last: 1146468293 ns, Reaching safepoint: 1347541 ns, Cleanup: 238500 ns, At safepoint: 8459 ns, Total: 1594500 ns
[2025-06-05T22:35:56.855+0000][6.592s][debug][safepoint   ] Safepoint synchronization initiated using futex wait barrier. (15 threads)
[2025-06-05T22:35:56.855+0000][6.592s][info ][safepoint   ] Safepoint "ICBufferFull", Time since last: 61507416 ns, Reaching safepoint: 198584 ns, Cleanup: 73208 ns, At safepoint: 1625 ns, Total: 273417 ns
[2025-06-05T22:35:56.949+0000][6.686s][debug][safepoint   ] Safepoint synchronization initiated using futex wait barrier. (15 threads)
[2025-06-05T22:35:56.949+0000][6.686s][info ][safepoint   ] Safepoint "ICBufferFull", Time since last: 93728917 ns, Reaching safepoint: 188166 ns, Cleanup: 105917 ns, At safepoint: 1958 ns, Total: 296041 ns
[2025-06-05T22:35:57.024+0000][6.761s][debug][safepoint   ] Safepoint synchronization initiated using futex wait barrier. (15 threads)
[2025-06-05T22:35:57.024+0000][6.761s][info ][gc,start    ] GC(36) Pause Young (Normal) (G1 Evacuation Pause)
[2025-06-05T22:35:57.024+0000][6.761s][info ][gc,task     ] GC(36) Using 2 workers of 2 for evacuation
[2025-06-05T22:35:57.031+0000][6.768s][info ][gc,phases   ] GC(36)   Pre Evacuate Collection Set: 0.1ms
[2025-06-05T22:35:57.031+0000][6.768s][info ][gc,phases   ] GC(36)   Merge Heap Roots: 0.1ms
[2025-06-05T22:35:57.031+0000][6.768s][info ][gc,phases   ] GC(36)   Evacuate Collection Set: 5.9ms
[2025-06-05T22:35:57.031+0000][6.769s][info ][gc,phases   ] GC(36)   Post Evacuate Collection Set: 0.8ms
[2025-06-05T22:35:57.031+0000][6.769s][info ][gc,phases   ] GC(36)   Other: 0.3ms
[2025-06-05T22:35:57.031+0000][6.769s][info ][gc,heap     ] GC(36) Eden regions: 144->0(141)
[2025-06-05T22:35:57.031+0000][6.769s][info ][gc,heap     ] GC(36) Survivor regions: 4->7(19)
[2025-06-05T22:35:57.032+0000][6.769s][info ][gc,heap     ] GC(36) Old regions: 59->59
[2025-06-05T22:35:57.032+0000][6.769s][info ][gc,heap     ] GC(36) Archive regions: 2->2
[2025-06-05T22:35:57.032+0000][6.769s][info ][gc,heap     ] GC(36) Humongous regions: 0->0
[2025-06-05T22:35:57.032+0000][6.769s][info ][gc,metaspace] GC(36) Metaspace: 54784K(55232K)->54784K(55232K) NonClass: 47821K(48064K)->47821K(48064K) Class: 6963K(7168K)->6963K(7168K)
[2025-06-05T22:35:57.032+0000][6.769s][info ][gc          ] GC(36) Pause Young (Normal) (G1 Evacuation Pause) 206M->66M(247M) 7.840ms
[2025-06-05T22:35:57.032+0000][6.769s][info ][gc,cpu      ] GC(36) User=0.02s Sys=0.00s Real=0.01s
[2025-06-05T22:35:57.032+0000][6.769s][info ][safepoint   ] Safepoint "G1CollectForAllocation", Time since last: 74348792 ns, Reaching safepoint: 243417 ns, Cleanup: 51875 ns, At safepoint: 7957833 ns, Total: 8253125 ns
[2025-06-05T22:35:57.318+0000][7.056s][debug][safepoint   ] Safepoint synchronization initiated using futex wait barrier. (15 threads)
[2025-06-05T22:35:57.319+0000][7.056s][info ][gc,start    ] GC(37) Pause Young (Normal) (G1 Evacuation Pause)
[2025-06-05T22:35:57.319+0000][7.056s][info ][gc,task     ] GC(37) Using 2 workers of 2 for evacuation
[2025-06-05T22:35:57.326+0000][7.063s][info ][gc,phases   ] GC(37)   Pre Evacuate Collection Set: 0.1ms
[2025-06-05T22:35:57.326+0000][7.063s][info ][gc,phases   ] GC(37)   Merge Heap Roots: 0.1ms
[2025-06-05T22:35:57.326+0000][7.063s][info ][gc,phases   ] GC(37)   Evacuate Collection Set: 5.9ms
[2025-06-05T22:35:57.326+0000][7.063s][info ][gc,phases   ] GC(37)   Post Evacuate Collection Set: 0.7ms
[2025-06-05T22:35:57.326+0000][7.063s][info ][gc,phases   ] GC(37)   Other: 0.2ms
[2025-06-05T22:35:57.326+0000][7.063s][info ][gc,heap     ] GC(37) Eden regions: 141->0(140)
[2025-06-05T22:35:57.326+0000][7.063s][info ][gc,heap     ] GC(37) Survivor regions: 7->8(19)
[2025-06-05T22:35:57.326+0000][7.063s][info ][gc,heap     ] GC(37) Old regions: 59->59
[2025-06-05T22:35:57.326+0000][7.063s][info ][gc,heap     ] GC(37) Archive regions: 2->2
[2025-06-05T22:35:57.326+0000][7.063s][info ][gc,heap     ] GC(37) Humongous regions: 0->0
[2025-06-05T22:35:57.326+0000][7.063s][info ][gc,metaspace] GC(37) Metaspace: 59865K(60288K)->59865K(60288K) NonClass: 52211K(52480K)->52211K(52480K) Class: 7653K(7808K)->7653K(7808K)
[2025-06-05T22:35:57.326+0000][7.063s][info ][gc          ] GC(37) Pause Young (Normal) (G1 Evacuation Pause) 207M->66M(247M) 7.507ms
[2025-06-05T22:35:57.326+0000][7.063s][info ][gc,cpu      ] GC(37) User=0.02s Sys=0.00s Real=0.00s
[2025-06-05T22:35:57.326+0000][7.064s][info ][safepoint   ] Safepoint "G1CollectForAllocation", Time since last: 286673125 ns, Reaching safepoint: 168959 ns, Cleanup: 45083 ns, At safepoint: 7613833 ns, Total: 7827875 ns
[2025-06-05T22:35:57.448+0000][7.185s][debug][safepoint   ] Safepoint synchronization initiated using futex wait barrier. (18 threads)
[2025-06-05T22:35:57.448+0000][7.185s][info ][safepoint   ] Safepoint "ICBufferFull", Time since last: 121507042 ns, Reaching safepoint: 255208 ns, Cleanup: 87709 ns, At safepoint: 10791 ns, Total: 353708 ns
[2025-06-05T22:35:57.547+0000][7.285s][debug][safepoint   ] Safepoint synchronization initiated using futex wait barrier. (18 threads)
[2025-06-05T22:35:57.548+0000][7.285s][info ][safepoint   ] Safepoint "ICBufferFull", Time since last: 99194917 ns, Reaching safepoint: 122542 ns, Cleanup: 106791 ns, At safepoint: 5792 ns, Total: 235125 ns
[2025-06-05T22:35:57.548+0000][7.285s][debug][safepoint   ] Safepoint synchronization initiated using futex wait barrier. (18 threads)
[2025-06-05T22:35:57.548+0000][7.285s][info ][safepoint   ] Safepoint "ICBufferFull", Time since last: 160500 ns, Reaching safepoint: 290000 ns, Cleanup: 11125 ns, At safepoint: 12500 ns, Total: 313625 ns
[2025-06-05T22:35:57.552+0000][7.289s][debug][safepoint   ] Safepoint synchronization initiated using futex wait barrier. (18 threads)
[2025-06-05T22:35:57.552+0000][7.290s][info ][safepoint   ] Safepoint "ICBufferFull", Time since last: 4016792 ns, Reaching safepoint: 214250 ns, Cleanup: 100541 ns, At safepoint: 1459 ns, Total: 316250 ns
[2025-06-05T22:35:57.553+0000][7.290s][debug][safepoint   ] Safepoint synchronization initiated using futex wait barrier. (18 threads)
[2025-06-05T22:35:57.553+0000][7.290s][info ][safepoint   ] Safepoint "ICBufferFull", Time since last: 193208 ns, Reaching safepoint: 454500 ns, Cleanup: 6625 ns, At safepoint: 7208 ns, Total: 468333 ns
[2025-06-05T22:35:57.683+0000][7.420s][debug][safepoint   ] Safepoint synchronization initiated using futex wait barrier. (18 threads)
[2025-06-05T22:35:57.684+0000][7.421s][info ][gc,start    ] GC(38) Pause Young (Normal) (G1 Evacuation Pause)
[2025-06-05T22:35:57.684+0000][7.421s][info ][gc,task     ] GC(38) Using 2 workers of 2 for evacuation
[2025-06-05T22:35:57.692+0000][7.429s][info ][gc,phases   ] GC(38)   Pre Evacuate Collection Set: 0.1ms
[2025-06-05T22:35:57.692+0000][7.429s][info ][gc,phases   ] GC(38)   Merge Heap Roots: 0.1ms
[2025-06-05T22:35:57.692+0000][7.429s][info ][gc,phases   ] GC(38)   Evacuate Collection Set: 6.8ms
[2025-06-05T22:35:57.692+0000][7.429s][info ][gc,phases   ] GC(38)   Post Evacuate Collection Set: 1.0ms
[2025-06-05T22:35:57.692+0000][7.429s][info ][gc,phases   ] GC(38)   Other: 0.2ms
[2025-06-05T22:35:57.692+0000][7.429s][info ][gc,heap     ] GC(38) Eden regions: 140->0(139)
[2025-06-05T22:35:57.692+0000][7.429s][info ][gc,heap     ] GC(38) Survivor regions: 8->9(19)
[2025-06-05T22:35:57.692+0000][7.429s][info ][gc,heap     ] GC(38) Old regions: 59->59
[2025-06-05T22:35:57.692+0000][7.430s][info ][gc,heap     ] GC(38) Archive regions: 2->2
[2025-06-05T22:35:57.692+0000][7.430s][info ][gc,heap     ] GC(38) Humongous regions: 0->0
[2025-06-05T22:35:57.692+0000][7.430s][info ][gc,metaspace] GC(38) Metaspace: 63481K(64000K)->63481K(64000K) NonClass: 55398K(55680K)->55398K(55680K) Class: 8083K(8320K)->8083K(8320K)
[2025-06-05T22:35:57.692+0000][7.430s][info ][gc          ] GC(38) Pause Young (Normal) (G1 Evacuation Pause) 206M->68M(247M) 8.748ms
[2025-06-05T22:35:57.693+0000][7.430s][info ][gc,cpu      ] GC(38) User=0.03s Sys=0.00s Real=0.01s
[2025-06-05T22:35:57.693+0000][7.430s][info ][safepoint   ] Safepoint "G1CollectForAllocation", Time since last: 129742500 ns, Reaching safepoint: 174375 ns, Cleanup: 742375 ns, At safepoint: 8862709 ns, Total: 9779459 ns
[2025-06-05T22:35:57.947+0000][7.685s][debug][safepoint   ] Safepoint synchronization initiated using futex wait barrier. (18 threads)
[2025-06-05T22:35:57.948+0000][7.685s][info ][gc,start    ] GC(39) Pause Young (Normal) (G1 Evacuation Pause)
[2025-06-05T22:35:57.948+0000][7.685s][info ][gc,task     ] GC(39) Using 2 workers of 2 for evacuation
[2025-06-05T22:35:57.956+0000][7.693s][info ][gc,phases   ] GC(39)   Pre Evacuate Collection Set: 0.1ms
[2025-06-05T22:35:57.956+0000][7.693s][info ][gc,phases   ] GC(39)   Merge Heap Roots: 0.1ms
[2025-06-05T22:35:57.956+0000][7.693s][info ][gc,phases   ] GC(39)   Evacuate Collection Set: 6.9ms
[2025-06-05T22:35:57.956+0000][7.693s][info ][gc,phases   ] GC(39)   Post Evacuate Collection Set: 0.8ms
[2025-06-05T22:35:57.956+0000][7.693s][info ][gc,phases   ] GC(39)   Other: 0.2ms
[2025-06-05T22:35:57.956+0000][7.693s][info ][gc,heap     ] GC(39) Eden regions: 139->0(138)
[2025-06-05T22:35:57.956+0000][7.693s][info ][gc,heap     ] GC(39) Survivor regions: 9->10(19)
[2025-06-05T22:35:57.956+0000][7.693s][info ][gc,heap     ] GC(39) Old regions: 59->59
[2025-06-05T22:35:57.956+0000][7.693s][info ][gc,heap     ] GC(39) Archive regions: 2->2
[2025-06-05T22:35:57.956+0000][7.693s][info ][gc,heap     ] GC(39) Humongous regions: 0->0
[2025-06-05T22:35:57.956+0000][7.693s][info ][gc,metaspace] GC(39) Metaspace: 67349K(67840K)->67349K(67840K) NonClass: 58686K(58944K)->58686K(58944K) Class: 8662K(8896K)->8662K(8896K)
[2025-06-05T22:35:57.956+0000][7.694s][info ][gc          ] GC(39) Pause Young (Normal) (G1 Evacuation Pause) 207M->68M(247M) 8.690ms
[2025-06-05T22:35:57.956+0000][7.694s][info ][gc,cpu      ] GC(39) User=0.01s Sys=0.00s Real=0.00s
[2025-06-05T22:35:57.956+0000][7.694s][info ][safepoint   ] Safepoint "G1CollectForAllocation", Time since last: 254727375 ns, Reaching safepoint: 222750 ns, Cleanup: 49500 ns, At safepoint: 8804250 ns, Total: 9076500 ns
[2025-06-05T22:35:57.977+0000][7.714s][debug][safepoint   ] Safepoint synchronization initiated using futex wait barrier. (18 threads)
[2025-06-05T22:35:57.977+0000][7.714s][info ][safepoint   ] Safepoint "ICBufferFull", Time since last: 20488917 ns, Reaching safepoint: 177791 ns, Cleanup: 96084 ns, At safepoint: 3750 ns, Total: 277625 ns
[2025-06-05T22:35:58.024+0000][7.761s][debug][safepoint   ] Safepoint synchronization initiated using futex wait barrier. (18 threads)
[2025-06-05T22:35:58.025+0000][7.762s][info ][safepoint   ] Safepoint "ICBufferFull", Time since last: 47090583 ns, Reaching safepoint: 203333 ns, Cleanup: 73709 ns, At safepoint: 4666 ns, Total: 281708 ns
[2025-06-05T22:35:58.084+0000][7.822s][debug][safepoint   ] Safepoint synchronization initiated using futex wait barrier. (18 threads)
[2025-06-05T22:35:58.085+0000][7.822s][info ][safepoint   ] Safepoint "ICBufferFull", Time since last: 59823959 ns, Reaching safepoint: 185833 ns, Cleanup: 90625 ns, At safepoint: 4917 ns, Total: 281375 ns
[2025-06-05T22:35:58.161+0000][7.898s][debug][safepoint   ] Safepoint synchronization initiated using futex wait barrier. (18 threads)
[2025-06-05T22:35:58.161+0000][7.898s][info ][safepoint   ] Safepoint "ICBufferFull", Time since last: 76151083 ns, Reaching safepoint: 195333 ns, Cleanup: 84959 ns, At safepoint: 1708 ns, Total: 282000 ns
[2025-06-05T22:35:58.219+0000][7.956s][debug][safepoint   ] Safepoint synchronization initiated using futex wait barrier. (18 threads)
[2025-06-05T22:35:58.219+0000][7.956s][info ][safepoint   ] Safepoint "ICBufferFull", Time since last: 57672417 ns, Reaching safepoint: 310666 ns, Cleanup: 95834 ns, At safepoint: 7000 ns, Total: 413500 ns
[2025-06-05T22:35:58.249+0000][7.986s][debug][safepoint   ] Safepoint synchronization initiated using futex wait barrier. (18 threads)
[2025-06-05T22:35:58.249+0000][7.986s][info ][gc,start    ] GC(40) Pause Young (Concurrent Start) (Metadata GC Threshold)
[2025-06-05T22:35:58.249+0000][7.986s][info ][gc,task     ] GC(40) Using 2 workers of 2 for evacuation
[2025-06-05T22:35:58.260+0000][7.997s][info ][gc,phases   ] GC(40)   Pre Evacuate Collection Set: 0.1ms
[2025-06-05T22:35:58.260+0000][7.997s][info ][gc,phases   ] GC(40)   Merge Heap Roots: 0.1ms
[2025-06-05T22:35:58.260+0000][7.997s][info ][gc,phases   ] GC(40)   Evacuate Collection Set: 9.7ms
[2025-06-05T22:35:58.260+0000][7.997s][info ][gc,phases   ] GC(40)   Post Evacuate Collection Set: 0.8ms
[2025-06-05T22:35:58.260+0000][7.998s][info ][gc,phases   ] GC(40)   Other: 0.2ms
[2025-06-05T22:35:58.260+0000][7.998s][info ][gc,heap     ] GC(40) Eden regions: 109->0(135)
[2025-06-05T22:35:58.260+0000][7.998s][info ][gc,heap     ] GC(40) Survivor regions: 10->13(19)
[2025-06-05T22:35:58.260+0000][7.998s][info ][gc,heap     ] GC(40) Old regions: 59->59
[2025-06-05T22:35:58.260+0000][7.998s][info ][gc,heap     ] GC(40) Archive regions: 2->2
[2025-06-05T22:35:58.261+0000][7.998s][info ][gc,heap     ] GC(40) Humongous regions: 0->0
[2025-06-05T22:35:58.261+0000][7.998s][info ][gc,metaspace] GC(40) Metaspace: 69260K(69696K)->69260K(69696K) NonClass: 60391K(60608K)->60391K(60608K) Class: 8869K(9088K)->8869K(9088K)
[2025-06-05T22:35:58.261+0000][7.998s][info ][gc          ] GC(40) Pause Young (Concurrent Start) (Metadata GC Threshold) 177M->72M(247M) 11.579ms
[2025-06-05T22:35:58.261+0000][7.998s][info ][gc,cpu      ] GC(40) User=0.02s Sys=0.00s Real=0.01s
[2025-06-05T22:35:58.261+0000][7.998s][info ][gc          ] GC(41) Concurrent Mark Cycle
[2025-06-05T22:35:58.261+0000][7.998s][info ][gc,marking  ] GC(41) Concurrent Clear Claimed Marks
[2025-06-05T22:35:58.261+0000][7.998s][info ][safepoint   ] Safepoint "CollectForMetadataAllocation", Time since last: 29641250 ns, Reaching safepoint: 231541 ns, Cleanup: 27250 ns, At safepoint: 11763125 ns, Total: 12021916 ns
[2025-06-05T22:35:58.261+0000][7.998s][info ][gc,marking  ] GC(41) Concurrent Clear Claimed Marks 0.177ms
[2025-06-05T22:35:58.265+0000][8.002s][info ][gc,marking  ] GC(41) Concurrent Scan Root Regions
[2025-06-05T22:35:58.272+0000][8.009s][info ][gc,marking  ] GC(41) Concurrent Scan Root Regions 7.158ms
[2025-06-05T22:35:58.272+0000][8.010s][info ][gc,marking  ] GC(41) Concurrent Mark
[2025-06-05T22:35:58.273+0000][8.010s][info ][gc,marking  ] GC(41) Concurrent Mark From Roots
[2025-06-05T22:35:58.273+0000][8.010s][info ][gc,task     ] GC(41) Using 1 workers of 1 for marking
[2025-06-05T22:35:58.278+0000][8.016s][debug][safepoint   ] Safepoint synchronization initiated using futex wait barrier. (18 threads)
[2025-06-05T22:35:58.278+0000][8.016s][info ][safepoint   ] Safepoint "CollectForMetadataAllocation", Time since last: 17467417 ns, Reaching safepoint: 159083 ns, Cleanup: 2667 ns, At safepoint: 23625 ns, Total: 185375 ns
[2025-06-05T22:35:58.289+0000][8.026s][debug][safepoint   ] Safepoint synchronization initiated using futex wait barrier. (18 threads)
[2025-06-05T22:35:58.289+0000][8.027s][info ][safepoint   ] Safepoint "CollectForMetadataAllocation", Time since last: 10639542 ns, Reaching safepoint: 204333 ns, Cleanup: 17792 ns, At safepoint: 21750 ns, Total: 243875 ns
[2025-06-05T22:35:58.308+0000][8.045s][debug][safepoint   ] Safepoint synchronization initiated using futex wait barrier. (18 threads)
[2025-06-05T22:35:58.308+0000][8.045s][info ][safepoint   ] Safepoint "CollectForMetadataAllocation", Time since last: 18512791 ns, Reaching safepoint: 205709 ns, Cleanup: 11416 ns, At safepoint: 27584 ns, Total: 244709 ns
[2025-06-05T22:35:58.348+0000][8.085s][debug][safepoint   ] Safepoint synchronization initiated using futex wait barrier. (18 threads)
[2025-06-05T22:35:58.348+0000][8.086s][info ][safepoint   ] Safepoint "CollectForMetadataAllocation", Time since last: 9125166 ns, Reaching safepoint: 31088000 ns, Cleanup: 2667 ns, At safepoint: 26333 ns, Total: 31117000 ns
[2025-06-05T22:35:58.351+0000][8.088s][info ][gc,marking  ] GC(41) Concurrent Mark From Roots 77.958ms
[2025-06-05T22:35:58.352+0000][8.089s][info ][gc,marking  ] GC(41) Concurrent Preclean
[2025-06-05T22:35:58.352+0000][8.090s][info ][gc,marking  ] GC(41) Concurrent Preclean 0.318ms
[2025-06-05T22:35:58.353+0000][8.090s][debug][safepoint   ] Safepoint synchronization initiated using futex wait barrier. (18 threads)
[2025-06-05T22:35:58.354+0000][8.091s][info ][gc,start    ] GC(41) Pause Remark
[2025-06-05T22:35:58.358+0000][8.095s][info ][gc          ] GC(41) Pause Remark 98M->98M(247M) 4.418ms
[2025-06-05T22:35:58.358+0000][8.096s][info ][gc,cpu      ] GC(41) User=0.02s Sys=0.00s Real=0.01s
[2025-06-05T22:35:58.358+0000][8.096s][info ][safepoint   ] Safepoint "G1PauseRemark", Time since last: 4231167 ns, Reaching safepoint: 1178875 ns, Cleanup: 1583 ns, At safepoint: 4651209 ns, Total: 5831667 ns
[2025-06-05T22:35:58.359+0000][8.096s][info ][gc,marking  ] GC(41) Concurrent Mark 86.075ms
[2025-06-05T22:35:58.362+0000][8.099s][info ][gc,marking  ] GC(41) Concurrent Rebuild Remembered Sets
[2025-06-05T22:35:58.392+0000][8.129s][info ][gc,marking  ] GC(41) Concurrent Rebuild Remembered Sets 29.781ms
[2025-06-05T22:35:58.393+0000][8.130s][debug][safepoint   ] Safepoint synchronization initiated using futex wait barrier. (18 threads)
[2025-06-05T22:35:58.393+0000][8.130s][info ][gc,start    ] GC(41) Pause Cleanup
[2025-06-05T22:35:58.393+0000][8.130s][info ][gc          ] GC(41) Pause Cleanup 118M->118M(247M) 0.165ms
[2025-06-05T22:35:58.393+0000][8.130s][info ][gc,cpu      ] GC(41) User=0.00s Sys=0.00s Real=0.00s
[2025-06-05T22:35:58.393+0000][8.130s][info ][safepoint   ] Safepoint "G1PauseCleanup", Time since last: 34148458 ns, Reaching safepoint: 116375 ns, Cleanup: 9833 ns, At safepoint: 297709 ns, Total: 423917 ns
[2025-06-05T22:35:58.393+0000][8.130s][info ][gc,marking  ] GC(41) Concurrent Cleanup for Next Mark
[2025-06-05T22:35:58.397+0000][8.135s][info ][gc,marking  ] GC(41) Concurrent Cleanup for Next Mark 4.249ms
[2025-06-05T22:35:58.397+0000][8.135s][info ][gc          ] GC(41) Concurrent Mark Cycle 136.654ms
[2025-06-05T22:35:58.455+0000][8.192s][debug][safepoint   ] Safepoint synchronization initiated using futex wait barrier. (18 threads)
[2025-06-05T22:35:58.455+0000][8.192s][info ][safepoint   ] Safepoint "ICBufferFull", Time since last: 61614333 ns, Reaching safepoint: 494833 ns, Cleanup: 94125 ns, At safepoint: 9417 ns, Total: 598375 ns
[2025-06-05T22:35:58.468+0000][8.205s][debug][safepoint   ] Safepoint synchronization initiated using futex wait barrier. (18 threads)
[2025-06-05T22:35:58.468+0000][8.206s][info ][safepoint   ] Safepoint "ICBufferFull", Time since last: 12938458 ns, Reaching safepoint: 153459 ns, Cleanup: 85583 ns, At safepoint: 8542 ns, Total: 247584 ns
[2025-06-05T22:35:58.499+0000][8.236s][debug][safepoint   ] Safepoint synchronization initiated using futex wait barrier. (18 threads)
[2025-06-05T22:35:58.500+0000][8.237s][info ][safepoint   ] Safepoint "ICBufferFull", Time since last: 30832542 ns, Reaching safepoint: 213125 ns, Cleanup: 110625 ns, At safepoint: 5625 ns, Total: 329375 ns
[2025-06-05T22:35:58.627+0000][8.364s][debug][safepoint   ] Safepoint synchronization initiated using futex wait barrier. (18 threads)
[2025-06-05T22:35:58.627+0000][8.364s][info ][safepoint   ] Safepoint "ICBufferFull", Time since last: 127065541 ns, Reaching safepoint: 147042 ns, Cleanup: 110500 ns, At safepoint: 1542 ns, Total: 259084 ns
[2025-06-05T22:35:58.651+0000][8.388s][debug][safepoint   ] Safepoint synchronization initiated using futex wait barrier. (18 threads)
[2025-06-05T22:35:58.651+0000][8.388s][info ][gc,start    ] GC(42) Pause Young (Prepare Mixed) (G1 Evacuation Pause)
[2025-06-05T22:35:58.651+0000][8.388s][info ][gc,task     ] GC(42) Using 2 workers of 2 for evacuation
[2025-06-05T22:35:58.664+0000][8.401s][info ][gc,phases   ] GC(42)   Pre Evacuate Collection Set: 0.1ms
[2025-06-05T22:35:58.664+0000][8.401s][info ][gc,phases   ] GC(42)   Merge Heap Roots: 0.1ms
[2025-06-05T22:35:58.664+0000][8.401s][info ][gc,phases   ] GC(42)   Evacuate Collection Set: 11.5ms
[2025-06-05T22:35:58.664+0000][8.401s][info ][gc,phases   ] GC(42)   Post Evacuate Collection Set: 0.9ms
[2025-06-05T22:35:58.664+0000][8.401s][info ][gc,phases   ] GC(42)   Other: 0.2ms
[2025-06-05T22:35:58.664+0000][8.402s][info ][gc,heap     ] GC(42) Eden regions: 135->0(3)
[2025-06-05T22:35:58.664+0000][8.402s][info ][gc,heap     ] GC(42) Survivor regions: 13->9(19)
[2025-06-05T22:35:58.664+0000][8.402s][info ][gc,heap     ] GC(42) Old regions: 59->65
[2025-06-05T22:35:58.664+0000][8.402s][info ][gc,heap     ] GC(42) Archive regions: 2->2
[2025-06-05T22:35:58.664+0000][8.402s][info ][gc,heap     ] GC(42) Humongous regions: 0->0
[2025-06-05T22:35:58.665+0000][8.402s][info ][gc,metaspace] GC(42) Metaspace: 73640K(74176K)->73640K(74176K) NonClass: 64219K(64512K)->64219K(64512K) Class: 9420K(9664K)->9420K(9664K)
[2025-06-05T22:35:58.665+0000][8.402s][info ][gc          ] GC(42) Pause Young (Prepare Mixed) (G1 Evacuation Pause) 207M->73M(247M) 13.451ms
[2025-06-05T22:35:58.665+0000][8.402s][info ][gc,cpu      ] GC(42) User=0.03s Sys=0.00s Real=0.01s
[2025-06-05T22:35:58.665+0000][8.402s][info ][safepoint   ] Safepoint "G1CollectForAllocation", Time since last: 23643541 ns, Reaching safepoint: 584667 ns, Cleanup: 3333 ns, At safepoint: 13553292 ns, Total: 14141292 ns
[2025-06-05T22:35:58.676+0000][8.414s][debug][safepoint   ] Safepoint synchronization initiated using futex wait barrier. (18 threads)
[2025-06-05T22:35:58.676+0000][8.414s][info ][gc,start    ] GC(43) Pause Young (Mixed) (G1 Evacuation Pause)
[2025-06-05T22:35:58.676+0000][8.414s][info ][gc,task     ] GC(43) Using 2 workers of 2 for evacuation
[2025-06-05T22:35:58.686+0000][8.423s][info ][gc,phases   ] GC(43)   Pre Evacuate Collection Set: 0.1ms
[2025-06-05T22:35:58.686+0000][8.424s][info ][gc,phases   ] GC(43)   Merge Heap Roots: 0.1ms
[2025-06-05T22:35:58.686+0000][8.424s][info ][gc,phases   ] GC(43)   Evacuate Collection Set: 8.7ms
[2025-06-05T22:35:58.686+0000][8.424s][info ][gc,phases   ] GC(43)   Post Evacuate Collection Set: 0.8ms
[2025-06-05T22:35:58.686+0000][8.424s][info ][gc,phases   ] GC(43)   Other: 0.1ms
[2025-06-05T22:35:58.687+0000][8.424s][info ][gc,heap     ] GC(43) Eden regions: 3->0(140)
[2025-06-05T22:35:58.687+0000][8.424s][info ][gc,heap     ] GC(43) Survivor regions: 9->1(2)
[2025-06-05T22:35:58.687+0000][8.424s][info ][gc,heap     ] GC(43) Old regions: 65->71
[2025-06-05T22:35:58.687+0000][8.424s][info ][gc,heap     ] GC(43) Archive regions: 2->2
[2025-06-05T22:35:58.687+0000][8.424s][info ][gc,heap     ] GC(43) Humongous regions: 0->0
[2025-06-05T22:35:58.687+0000][8.424s][info ][gc,metaspace] GC(43) Metaspace: 74112K(74624K)->74112K(74624K) NonClass: 64518K(64768K)->64518K(64768K) Class: 9593K(9856K)->9593K(9856K)
[2025-06-05T22:35:58.687+0000][8.424s][info ][gc          ] GC(43) Pause Young (Mixed) (G1 Evacuation Pause) 76M->72M(247M) 10.359ms
[2025-06-05T22:35:58.687+0000][8.424s][info ][gc,cpu      ] GC(43) User=0.02s Sys=0.00s Real=0.01s
[2025-06-05T22:35:58.687+0000][8.424s][info ][safepoint   ] Safepoint "G1CollectForAllocation", Time since last: 11648750 ns, Reaching safepoint: 126125 ns, Cleanup: 3667 ns, At safepoint: 10461375 ns, Total: 10591167 ns
[2025-06-05T22:35:58.885+0000][8.622s][debug][safepoint   ] Safepoint synchronization initiated using futex wait barrier. (18 threads)
[2025-06-05T22:35:58.886+0000][8.623s][info ][safepoint   ] Safepoint "ICBufferFull", Time since last: 198356333 ns, Reaching safepoint: 150833 ns, Cleanup: 107959 ns, At safepoint: 1416 ns, Total: 260208 ns
[2025-06-05T22:35:58.923+0000][8.660s][debug][safepoint   ] Safepoint synchronization initiated using futex wait barrier. (18 threads)
[2025-06-05T22:35:58.923+0000][8.661s][info ][gc,start    ] GC(44) Pause Young (Concurrent Start) (G1 Evacuation Pause)
[2025-06-05T22:35:58.923+0000][8.661s][info ][gc,task     ] GC(44) Using 2 workers of 2 for evacuation
[2025-06-05T22:35:58.933+0000][8.670s][info ][gc,phases   ] GC(44)   Pre Evacuate Collection Set: 0.1ms
[2025-06-05T22:35:58.933+0000][8.670s][info ][gc,phases   ] GC(44)   Merge Heap Roots: 0.1ms
[2025-06-05T22:35:58.933+0000][8.670s][info ][gc,phases   ] GC(44)   Evacuate Collection Set: 8.3ms
[2025-06-05T22:35:58.933+0000][8.670s][info ][gc,phases   ] GC(44)   Post Evacuate Collection Set: 0.7ms
[2025-06-05T22:35:58.933+0000][8.670s][info ][gc,phases   ] GC(44)   Other: 0.2ms
[2025-06-05T22:35:58.933+0000][8.670s][info ][gc,heap     ] GC(44) Eden regions: 140->0(141)
[2025-06-05T22:35:58.933+0000][8.670s][info ][gc,heap     ] GC(44) Survivor regions: 1->1(18)
[2025-06-05T22:35:58.933+0000][8.670s][info ][gc,heap     ] GC(44) Old regions: 71->71
[2025-06-05T22:35:58.933+0000][8.670s][info ][gc,heap     ] GC(44) Archive regions: 2->2
[2025-06-05T22:35:58.933+0000][8.670s][info ][gc,heap     ] GC(44) Humongous regions: 0->0
[2025-06-05T22:35:58.933+0000][8.670s][info ][gc,metaspace] GC(44) Metaspace: 77460K(77952K)->77460K(77952K) NonClass: 67295K(67520K)->67295K(67520K) Class: 10164K(10432K)->10164K(10432K)
[2025-06-05T22:35:58.933+0000][8.670s][info ][gc          ] GC(44) Pause Young (Concurrent Start) (G1 Evacuation Pause) 212M->72M(247M) 9.861ms
[2025-06-05T22:35:58.933+0000][8.670s][info ][gc,cpu      ] GC(44) User=0.02s Sys=0.00s Real=0.01s
[2025-06-05T22:35:58.933+0000][8.671s][info ][safepoint   ] Safepoint "G1CollectForAllocation", Time since last: 37561125 ns, Reaching safepoint: 194750 ns, Cleanup: 21292 ns, At safepoint: 10030458 ns, Total: 10246500 ns
[2025-06-05T22:35:58.933+0000][8.671s][info ][gc          ] GC(45) Concurrent Mark Cycle
[2025-06-05T22:35:58.937+0000][8.674s][info ][gc,marking  ] GC(45) Concurrent Clear Claimed Marks
[2025-06-05T22:35:58.937+0000][8.674s][info ][gc,marking  ] GC(45) Concurrent Clear Claimed Marks 0.165ms
[2025-06-05T22:35:58.937+0000][8.675s][info ][gc,marking  ] GC(45) Concurrent Scan Root Regions
[2025-06-05T22:35:58.938+0000][8.676s][info ][gc,marking  ] GC(45) Concurrent Scan Root Regions 1.148ms
[2025-06-05T22:35:58.939+0000][8.676s][info ][gc,marking  ] GC(45) Concurrent Mark
[2025-06-05T22:35:58.939+0000][8.676s][info ][gc,marking  ] GC(45) Concurrent Mark From Roots
[2025-06-05T22:35:58.939+0000][8.676s][info ][gc,task     ] GC(45) Using 1 workers of 1 for marking
[2025-06-05T22:35:58.994+0000][8.732s][info ][gc,marking  ] GC(45) Concurrent Mark From Roots 55.730ms
[2025-06-05T22:35:58.995+0000][8.732s][info ][gc,marking  ] GC(45) Concurrent Preclean
[2025-06-05T22:35:58.995+0000][8.732s][info ][gc,marking  ] GC(45) Concurrent Preclean 0.195ms
[2025-06-05T22:35:58.995+0000][8.732s][debug][safepoint   ] Safepoint synchronization initiated using futex wait barrier. (18 threads)
[2025-06-05T22:35:58.995+0000][8.732s][info ][gc,start    ] GC(45) Pause Remark
[2025-06-05T22:35:58.999+0000][8.737s][info ][gc          ] GC(45) Pause Remark 104M->104M(247M) 4.348ms
[2025-06-05T22:35:59.000+0000][8.737s][info ][gc,cpu      ] GC(45) User=0.00s Sys=0.01s Real=0.01s
[2025-06-05T22:35:59.000+0000][8.737s][info ][safepoint   ] Safepoint "G1PauseRemark", Time since last: 61514709 ns, Reaching safepoint: 219000 ns, Cleanup: 71500 ns, At safepoint: 4565375 ns, Total: 4855875 ns
[2025-06-05T22:35:59.000+0000][8.737s][info ][gc,marking  ] GC(45) Concurrent Mark 61.598ms
[2025-06-05T22:35:59.000+0000][8.737s][info ][gc,marking  ] GC(45) Concurrent Rebuild Remembered Sets
[2025-06-05T22:35:59.060+0000][8.797s][info ][gc,marking  ] GC(45) Concurrent Rebuild Remembered Sets 59.569ms
[2025-06-05T22:35:59.060+0000][8.797s][debug][safepoint   ] Safepoint synchronization initiated using futex wait barrier. (18 threads)
[2025-06-05T22:35:59.061+0000][8.798s][info ][gc,start    ] GC(45) Pause Cleanup
[2025-06-05T22:35:59.061+0000][8.798s][info ][gc          ] GC(45) Pause Cleanup 118M->118M(247M) 0.149ms
[2025-06-05T22:35:59.061+0000][8.799s][info ][gc,cpu      ] GC(45) User=0.00s Sys=0.00s Real=0.00s
[2025-06-05T22:35:59.061+0000][8.799s][info ][safepoint   ] Safepoint "G1PauseCleanup", Time since last: 60386833 ns, Reaching safepoint: 981458 ns, Cleanup: 68250 ns, At safepoint: 277792 ns, Total: 1327500 ns
[2025-06-05T22:35:59.062+0000][8.799s][info ][gc,marking  ] GC(45) Concurrent Cleanup for Next Mark
[2025-06-05T22:35:59.062+0000][8.800s][info ][gc,marking  ] GC(45) Concurrent Cleanup for Next Mark 0.325ms
[2025-06-05T22:35:59.062+0000][8.800s][info ][gc          ] GC(45) Concurrent Mark Cycle 129.142ms
[2025-06-05T22:35:59.082+0000][8.819s][debug][safepoint   ] Safepoint synchronization initiated using futex wait barrier. (18 threads)
[2025-06-05T22:35:59.082+0000][8.819s][info ][safepoint   ] Safepoint "ICBufferFull", Time since last: 20136083 ns, Reaching safepoint: 172417 ns, Cleanup: 71958 ns, At safepoint: 4709 ns, Total: 249084 ns
[2025-06-05T22:35:59.097+0000][8.834s][debug][safepoint   ] Safepoint synchronization initiated using futex wait barrier. (18 threads)
[2025-06-05T22:35:59.098+0000][8.835s][info ][safepoint   ] Safepoint "ICBufferFull", Time since last: 15470166 ns, Reaching safepoint: 180459 ns, Cleanup: 58166 ns, At safepoint: 1375 ns, Total: 240000 ns
[2025-06-05T22:35:59.114+0000][8.851s][debug][safepoint   ] Safepoint synchronization initiated using futex wait barrier. (18 threads)
[2025-06-05T22:35:59.114+0000][8.851s][info ][safepoint   ] Safepoint "ICBufferFull", Time since last: 16062542 ns, Reaching safepoint: 536625 ns, Cleanup: 72750 ns, At safepoint: 6833 ns, Total: 616208 ns
[2025-06-05T22:35:59.152+0000][8.889s][debug][safepoint   ] Safepoint synchronization initiated using futex wait barrier. (18 threads)
[2025-06-05T22:35:59.152+0000][8.889s][info ][safepoint   ] Safepoint "ICBufferFull", Time since last: 37368750 ns, Reaching safepoint: 190209 ns, Cleanup: 70583 ns, At safepoint: 5208 ns, Total: 266000 ns
[2025-06-05T22:35:59.170+0000][8.907s][debug][safepoint   ] Safepoint synchronization initiated using futex wait barrier. (18 threads)
[2025-06-05T22:35:59.170+0000][8.908s][info ][safepoint   ] Safepoint "ICBufferFull", Time since last: 18300625 ns, Reaching safepoint: 165542 ns, Cleanup: 72667 ns, At safepoint: 4583 ns, Total: 242792 ns
[2025-06-05T22:35:59.185+0000][8.922s][debug][safepoint   ] Safepoint synchronization initiated using futex wait barrier. (18 threads)
[2025-06-05T22:35:59.185+0000][8.923s][info ][safepoint   ] Safepoint "ICBufferFull", Time since last: 14740792 ns, Reaching safepoint: 168500 ns, Cleanup: 83167 ns, At safepoint: 6791 ns, Total: 258458 ns
[2025-06-05T22:35:59.208+0000][8.945s][debug][safepoint   ] Safepoint synchronization initiated using futex wait barrier. (18 threads)
[2025-06-05T22:35:59.209+0000][8.946s][info ][safepoint   ] Safepoint "ICBufferFull", Time since last: 22919209 ns, Reaching safepoint: 184958 ns, Cleanup: 75333 ns, At safepoint: 1167 ns, Total: 261458 ns
[2025-06-05T22:35:59.246+0000][8.983s][debug][safepoint   ] Safepoint synchronization initiated using futex wait barrier. (18 threads)
[2025-06-05T22:35:59.246+0000][8.983s][info ][safepoint   ] Safepoint "ICBufferFull", Time since last: 37236583 ns, Reaching safepoint: 201000 ns, Cleanup: 98584 ns, At safepoint: 1500 ns, Total: 301084 ns
[2025-06-05T22:35:59.273+0000][9.011s][debug][safepoint   ] Safepoint synchronization initiated using futex wait barrier. (18 threads)
[2025-06-05T22:35:59.274+0000][9.011s][info ][safepoint   ] Safepoint "ICBufferFull", Time since last: 27402000 ns, Reaching safepoint: 189458 ns, Cleanup: 71333 ns, At safepoint: 1417 ns, Total: 262208 ns
[2025-06-05T22:35:59.292+0000][9.029s][debug][safepoint   ] Safepoint synchronization initiated using futex wait barrier. (18 threads)
[2025-06-05T22:35:59.293+0000][9.031s][info ][safepoint   ] Safepoint "ICBufferFull", Time since last: 18517542 ns, Reaching safepoint: 951583 ns, Cleanup: 121500 ns, At safepoint: 20125 ns, Total: 1093208 ns
[2025-06-05T22:35:59.320+0000][9.057s][debug][safepoint   ] Safepoint synchronization initiated using futex wait barrier. (18 threads)
[2025-06-05T22:35:59.320+0000][9.057s][info ][safepoint   ] Safepoint "ICBufferFull", Time since last: 26178167 ns, Reaching safepoint: 608541 ns, Cleanup: 107250 ns, At safepoint: 11750 ns, Total: 727541 ns
[2025-06-05T22:35:59.361+0000][9.098s][debug][safepoint   ] Safepoint synchronization initiated using futex wait barrier. (18 threads)
[2025-06-05T22:35:59.361+0000][9.098s][info ][gc,start    ] GC(46) Pause Young (Prepare Mixed) (G1 Evacuation Pause)
[2025-06-05T22:35:59.361+0000][9.098s][info ][gc,task     ] GC(46) Using 2 workers of 2 for evacuation
[2025-06-05T22:35:59.365+0000][9.102s][info ][gc,phases   ] GC(46)   Pre Evacuate Collection Set: 0.1ms
[2025-06-05T22:35:59.365+0000][9.102s][info ][gc,phases   ] GC(46)   Merge Heap Roots: 0.1ms
[2025-06-05T22:35:59.365+0000][9.102s][info ][gc,phases   ] GC(46)   Evacuate Collection Set: 2.6ms
[2025-06-05T22:35:59.365+0000][9.102s][info ][gc,phases   ] GC(46)   Post Evacuate Collection Set: 0.7ms
[2025-06-05T22:35:59.365+0000][9.102s][info ][gc,phases   ] GC(46)   Other: 0.1ms
[2025-06-05T22:35:59.365+0000][9.102s][info ][gc,heap     ] GC(46) Eden regions: 141->0(9)
[2025-06-05T22:35:59.365+0000][9.102s][info ][gc,heap     ] GC(46) Survivor regions: 1->3(18)
[2025-06-05T22:35:59.365+0000][9.102s][info ][gc,heap     ] GC(46) Old regions: 71->71
[2025-06-05T22:35:59.365+0000][9.102s][info ][gc,heap     ] GC(46) Archive regions: 2->2
[2025-06-05T22:35:59.365+0000][9.102s][info ][gc,heap     ] GC(46) Humongous regions: 0->0
[2025-06-05T22:35:59.365+0000][9.103s][info ][gc,metaspace] GC(46) Metaspace: 79804K(80320K)->79804K(80320K) NonClass: 69337K(69632K)->69337K(69632K) Class: 10466K(10688K)->10466K(10688K)
[2025-06-05T22:35:59.365+0000][9.103s][info ][gc          ] GC(46) Pause Young (Prepare Mixed) (G1 Evacuation Pause) 213M->74M(247M) 4.231ms
[2025-06-05T22:35:59.365+0000][9.103s][info ][gc,cpu      ] GC(46) User=0.01s Sys=0.00s Real=0.00s
[2025-06-05T22:35:59.365+0000][9.103s][info ][safepoint   ] Safepoint "G1CollectForAllocation", Time since last: 40597250 ns, Reaching safepoint: 211334 ns, Cleanup: 43458 ns, At safepoint: 4326917 ns, Total: 4581709 ns
[2025-06-05T22:35:59.383+0000][9.121s][debug][safepoint   ] Safepoint synchronization initiated using futex wait barrier. (18 threads)
[2025-06-05T22:35:59.384+0000][9.121s][info ][gc,start    ] GC(47) Pause Young (Mixed) (G1 Evacuation Pause)
[2025-06-05T22:35:59.384+0000][9.121s][info ][gc,task     ] GC(47) Using 2 workers of 2 for evacuation
[2025-06-05T22:35:59.388+0000][9.126s][info ][gc,phases   ] GC(47)   Pre Evacuate Collection Set: 0.1ms
[2025-06-05T22:35:59.388+0000][9.126s][info ][gc,phases   ] GC(47)   Merge Heap Roots: 0.1ms
[2025-06-05T22:35:59.388+0000][9.126s][info ][gc,phases   ] GC(47)   Evacuate Collection Set: 3.8ms
[2025-06-05T22:35:59.389+0000][9.126s][info ][gc,phases   ] GC(47)   Post Evacuate Collection Set: 0.7ms
[2025-06-05T22:35:59.389+0000][9.126s][info ][gc,phases   ] GC(47)   Other: 0.1ms
[2025-06-05T22:35:59.389+0000][9.126s][info ][gc,heap     ] GC(47) Eden regions: 9->0(139)
[2025-06-05T22:35:59.389+0000][9.126s][info ][gc,heap     ] GC(47) Survivor regions: 3->1(2)
[2025-06-05T22:35:59.389+0000][9.126s][info ][gc,heap     ] GC(47) Old regions: 71->73
[2025-06-05T22:35:59.389+0000][9.126s][info ][gc,heap     ] GC(47) Archive regions: 2->2
[2025-06-05T22:35:59.389+0000][9.126s][info ][gc,heap     ] GC(47) Humongous regions: 0->0
[2025-06-05T22:35:59.389+0000][9.126s][info ][gc,metaspace] GC(47) Metaspace: 80075K(80576K)->80075K(80576K) NonClass: 69573K(69824K)->69573K(69824K) Class: 10501K(10752K)->10501K(10752K)
[2025-06-05T22:35:59.389+0000][9.126s][info ][gc          ] GC(47) Pause Young (Mixed) (G1 Evacuation Pause) 83M->73M(247M) 5.287ms
[2025-06-05T22:35:59.389+0000][9.126s][info ][gc,cpu      ] GC(47) User=0.01s Sys=0.00s Real=0.01s
[2025-06-05T22:35:59.389+0000][9.126s][info ][safepoint   ] Safepoint "G1CollectForAllocation", Time since last: 17910750 ns, Reaching safepoint: 195708 ns, Cleanup: 9417 ns, At safepoint: 5426291 ns, Total: 5631416 ns
[2025-06-05T22:35:59.541+0000][9.278s][debug][safepoint   ] Safepoint synchronization initiated using futex wait barrier. (18 threads)
[2025-06-05T22:35:59.541+0000][9.278s][info ][safepoint   ] Safepoint "ICBufferFull", Time since last: 151918917 ns, Reaching safepoint: 204667 ns, Cleanup: 80291 ns, At safepoint: 3500 ns, Total: 288458 ns
[2025-06-05T22:35:59.659+0000][9.396s][debug][safepoint   ] Safepoint synchronization initiated using futex wait barrier. (18 threads)
[2025-06-05T22:35:59.659+0000][9.396s][info ][gc,start    ] GC(48) Pause Young (Normal) (G1 Evacuation Pause)
[2025-06-05T22:35:59.659+0000][9.396s][info ][gc,task     ] GC(48) Using 2 workers of 2 for evacuation
[2025-06-05T22:35:59.663+0000][9.400s][info ][gc,phases   ] GC(48)   Pre Evacuate Collection Set: 0.1ms
[2025-06-05T22:35:59.663+0000][9.400s][info ][gc,phases   ] GC(48)   Merge Heap Roots: 0.1ms
[2025-06-05T22:35:59.663+0000][9.401s][info ][gc,phases   ] GC(48)   Evacuate Collection Set: 3.1ms
[2025-06-05T22:35:59.663+0000][9.401s][info ][gc,phases   ] GC(48)   Post Evacuate Collection Set: 0.7ms
[2025-06-05T22:35:59.663+0000][9.401s][info ][gc,phases   ] GC(48)   Other: 0.1ms
[2025-06-05T22:35:59.663+0000][9.401s][info ][gc,heap     ] GC(48) Eden regions: 139->0(137)
[2025-06-05T22:35:59.663+0000][9.401s][info ][gc,heap     ] GC(48) Survivor regions: 1->3(18)
[2025-06-05T22:35:59.664+0000][9.401s][info ][gc,heap     ] GC(48) Old regions: 73->73
[2025-06-05T22:35:59.664+0000][9.401s][info ][gc,heap     ] GC(48) Archive regions: 2->2
[2025-06-05T22:35:59.664+0000][9.401s][info ][gc,heap     ] GC(48) Humongous regions: 0->0
[2025-06-05T22:35:59.664+0000][9.401s][info ][gc,metaspace] GC(48) Metaspace: 83265K(83776K)->83265K(83776K) NonClass: 72333K(72576K)->72333K(72576K) Class: 10932K(11200K)->10932K(11200K)
[2025-06-05T22:35:59.664+0000][9.401s][info ][gc          ] GC(48) Pause Young (Normal) (G1 Evacuation Pause) 212M->75M(247M) 4.633ms
[2025-06-05T22:35:59.664+0000][9.401s][info ][gc,cpu      ] GC(48) User=0.01s Sys=0.00s Real=0.00s
[2025-06-05T22:35:59.664+0000][9.401s][info ][safepoint   ] Safepoint "G1CollectForAllocation", Time since last: 117639209 ns, Reaching safepoint: 173541 ns, Cleanup: 94000 ns, At safepoint: 4731250 ns, Total: 4998791 ns
[2025-06-05T22:35:59.713+0000][9.451s][debug][safepoint   ] Safepoint synchronization initiated using futex wait barrier. (18 threads)
[2025-06-05T22:35:59.714+0000][9.451s][info ][safepoint   ] Safepoint "ICBufferFull", Time since last: 49558375 ns, Reaching safepoint: 155125 ns, Cleanup: 90459 ns, At safepoint: 1500 ns, Total: 247084 ns
[2025-06-05T22:35:59.799+0000][9.536s][debug][safepoint   ] Safepoint synchronization initiated using futex wait barrier. (18 threads)
[2025-06-05T22:35:59.799+0000][9.536s][info ][safepoint   ] Safepoint "ICBufferFull", Time since last: 85207666 ns, Reaching safepoint: 193500 ns, Cleanup: 107250 ns, At safepoint: 1667 ns, Total: 302417 ns
[2025-06-05T22:35:59.921+0000][9.658s][debug][safepoint   ] Safepoint synchronization initiated using futex wait barrier. (18 threads)
[2025-06-05T22:35:59.921+0000][9.658s][info ][safepoint   ] Safepoint "ICBufferFull", Time since last: 121749875 ns, Reaching safepoint: 223875 ns, Cleanup: 109750 ns, At safepoint: 8167 ns, Total: 341792 ns
[2025-06-05T22:36:00.113+0000][9.850s][debug][safepoint   ] Safepoint synchronization initiated using futex wait barrier. (18 threads)
[2025-06-05T22:36:00.113+0000][9.850s][info ][safepoint   ] Safepoint "ICBufferFull", Time since last: 191517250 ns, Reaching safepoint: 215500 ns, Cleanup: 111417 ns, At safepoint: 1333 ns, Total: 328250 ns
[2025-06-05T22:36:00.126+0000][9.864s][debug][safepoint   ] Safepoint synchronization initiated using futex wait barrier. (18 threads)
[2025-06-05T22:36:00.127+0000][9.864s][info ][gc,start    ] GC(49) Pause Young (Normal) (G1 Evacuation Pause)
[2025-06-05T22:36:00.127+0000][9.864s][info ][gc,task     ] GC(49) Using 2 workers of 2 for evacuation
[2025-06-05T22:36:00.134+0000][9.871s][info ][gc,phases   ] GC(49)   Pre Evacuate Collection Set: 0.1ms
[2025-06-05T22:36:00.134+0000][9.871s][info ][gc,phases   ] GC(49)   Merge Heap Roots: 0.1ms
[2025-06-05T22:36:00.134+0000][9.871s][info ][gc,phases   ] GC(49)   Evacuate Collection Set: 5.8ms
[2025-06-05T22:36:00.134+0000][9.871s][info ][gc,phases   ] GC(49)   Post Evacuate Collection Set: 0.9ms
[2025-06-05T22:36:00.134+0000][9.871s][info ][gc,phases   ] GC(49)   Other: 0.2ms
[2025-06-05T22:36:00.134+0000][9.871s][info ][gc,heap     ] GC(49) Eden regions: 137->0(132)
[2025-06-05T22:36:00.134+0000][9.871s][info ][gc,heap     ] GC(49) Survivor regions: 3->7(18)
[2025-06-05T22:36:00.134+0000][9.871s][info ][gc,heap     ] GC(49) Old regions: 73->73
[2025-06-05T22:36:00.134+0000][9.871s][info ][gc,heap     ] GC(49) Archive regions: 2->2
[2025-06-05T22:36:00.134+0000][9.871s][info ][gc,heap     ] GC(49) Humongous regions: 0->0
[2025-06-05T22:36:00.134+0000][9.871s][info ][gc,metaspace] GC(49) Metaspace: 85808K(86336K)->85808K(86336K) NonClass: 74705K(74944K)->74705K(74944K) Class: 11103K(11392K)->11103K(11392K)
[2025-06-05T22:36:00.134+0000][9.872s][info ][gc          ] GC(49) Pause Young (Normal) (G1 Evacuation Pause) 212M->79M(247M) 7.688ms
[2025-06-05T22:36:00.134+0000][9.872s][info ][gc,cpu      ] GC(49) User=0.02s Sys=0.00s Real=0.01s
[2025-06-05T22:36:00.134+0000][9.872s][info ][safepoint   ] Safepoint "G1CollectForAllocation", Time since last: 13374125 ns, Reaching safepoint: 125500 ns, Cleanup: 11667 ns, At safepoint: 7803750 ns, Total: 7940917 ns
[2025-06-05T22:36:00.291+0000][10.028s][debug][safepoint   ] Safepoint synchronization initiated using futex wait barrier. (18 threads)
[2025-06-05T22:36:00.291+0000][10.029s][info ][safepoint   ] Safepoint "ICBufferFull", Time since last: 156624583 ns, Reaching safepoint: 220875 ns, Cleanup: 86083 ns, At safepoint: 1959 ns, Total: 308917 ns
[2025-06-05T22:36:00.547+0000][10.284s][debug][safepoint   ] Safepoint synchronization initiated using futex wait barrier. (22 threads)
[2025-06-05T22:36:00.547+0000][10.285s][info ][safepoint   ] Safepoint "ICBufferFull", Time since last: 255736500 ns, Reaching safepoint: 212333 ns, Cleanup: 107125 ns, At safepoint: 6792 ns, Total: 326250 ns
[2025-06-05T22:36:00.548+0000][10.285s][debug][safepoint   ] Safepoint synchronization initiated using futex wait barrier. (22 threads)
[2025-06-05T22:36:00.548+0000][10.285s][info ][gc,start    ] GC(50) Pause Young (Normal) (G1 Evacuation Pause)
[2025-06-05T22:36:00.548+0000][10.285s][info ][gc,task     ] GC(50) Using 2 workers of 2 for evacuation
[2025-06-05T22:36:00.556+0000][10.294s][info ][gc,phases   ] GC(50)   Pre Evacuate Collection Set: 0.1ms
[2025-06-05T22:36:00.557+0000][10.294s][info ][gc,phases   ] GC(50)   Merge Heap Roots: 0.1ms
[2025-06-05T22:36:00.557+0000][10.294s][info ][gc,phases   ] GC(50)   Evacuate Collection Set: 7.1ms
[2025-06-05T22:36:00.557+0000][10.294s][info ][gc,phases   ] GC(50)   Post Evacuate Collection Set: 0.9ms
[2025-06-05T22:36:00.557+0000][10.294s][info ][gc,phases   ] GC(50)   Other: 0.1ms
[2025-06-05T22:36:00.557+0000][10.294s][info ][gc,heap     ] GC(50) Eden regions: 132->0(127)
[2025-06-05T22:36:00.557+0000][10.294s][info ][gc,heap     ] GC(50) Survivor regions: 7->10(18)
[2025-06-05T22:36:00.557+0000][10.294s][info ][gc,heap     ] GC(50) Old regions: 73->73
[2025-06-05T22:36:00.557+0000][10.294s][info ][gc,heap     ] GC(50) Archive regions: 2->2
[2025-06-05T22:36:00.557+0000][10.294s][info ][gc,heap     ] GC(50) Humongous regions: 0->0
[2025-06-05T22:36:00.557+0000][10.294s][info ][gc,metaspace] GC(50) Metaspace: 88193K(88768K)->88193K(88768K) NonClass: 76882K(77184K)->76882K(77184K) Class: 11311K(11584K)->11311K(11584K)
[2025-06-05T22:36:00.557+0000][10.294s][info ][gc          ] GC(50) Pause Young (Normal) (G1 Evacuation Pause) 211M->82M(247M) 8.815ms
[2025-06-05T22:36:00.557+0000][10.294s][info ][gc,cpu      ] GC(50) User=0.02s Sys=0.00s Real=0.00s
[2025-06-05T22:36:00.557+0000][10.294s][info ][safepoint   ] Safepoint "G1CollectForAllocation", Time since last: 232875 ns, Reaching safepoint: 487333 ns, Cleanup: 3250 ns, At safepoint: 8968792 ns, Total: 9459375 ns
[2025-06-05T22:36:00.782+0000][10.519s][debug][safepoint   ] Safepoint synchronization initiated using futex wait barrier. (22 threads)
[2025-06-05T22:36:00.782+0000][10.520s][info ][safepoint   ] Safepoint "ICBufferFull", Time since last: 224508042 ns, Reaching safepoint: 775500 ns, Cleanup: 128708 ns, At safepoint: 3792 ns, Total: 908000 ns
[2025-06-05T22:36:00.783+0000][10.520s][debug][safepoint   ] Safepoint synchronization initiated using futex wait barrier. (22 threads)
[2025-06-05T22:36:00.783+0000][10.520s][info ][safepoint   ] Safepoint "ICBufferFull", Time since last: 205166 ns, Reaching safepoint: 391625 ns, Cleanup: 3292 ns, At safepoint: 9625 ns, Total: 404542 ns
[2025-06-05T22:36:00.793+0000][10.530s][debug][safepoint   ] Safepoint synchronization initiated using futex wait barrier. (22 threads)
[2025-06-05T22:36:00.797+0000][10.534s][info ][safepoint   ] Safepoint "ICBufferFull", Time since last: 9977250 ns, Reaching safepoint: 3795083 ns, Cleanup: 123292 ns, At safepoint: 1583 ns, Total: 3919958 ns
[2025-06-05T22:36:00.797+0000][10.534s][debug][safepoint   ] Safepoint synchronization initiated using futex wait barrier. (22 threads)
[2025-06-05T22:36:00.798+0000][10.535s][info ][safepoint   ] Safepoint "ICBufferFull", Time since last: 247667 ns, Reaching safepoint: 814375 ns, Cleanup: 3333 ns, At safepoint: 4250 ns, Total: 821958 ns
[2025-06-05T22:36:00.945+0000][10.683s][debug][safepoint   ] Safepoint synchronization initiated using futex wait barrier. (22 threads)
[2025-06-05T22:36:00.946+0000][10.683s][info ][gc,start    ] GC(51) Pause Young (Normal) (G1 Evacuation Pause)
[2025-06-05T22:36:00.946+0000][10.683s][info ][gc,task     ] GC(51) Using 2 workers of 2 for evacuation
[2025-06-05T22:36:00.956+0000][10.693s][info ][gc,phases   ] GC(51)   Pre Evacuate Collection Set: 0.1ms
[2025-06-05T22:36:00.956+0000][10.693s][info ][gc,phases   ] GC(51)   Merge Heap Roots: 0.1ms
[2025-06-05T22:36:00.956+0000][10.693s][info ][gc,phases   ] GC(51)   Evacuate Collection Set: 8.7ms
[2025-06-05T22:36:00.956+0000][10.693s][info ][gc,phases   ] GC(51)   Post Evacuate Collection Set: 1.0ms
[2025-06-05T22:36:00.956+0000][10.693s][info ][gc,phases   ] GC(51)   Other: 0.2ms
[2025-06-05T22:36:00.956+0000][10.693s][info ][gc,heap     ] GC(51) Eden regions: 127->0(125)
[2025-06-05T22:36:00.956+0000][10.693s][info ][gc,heap     ] GC(51) Survivor regions: 10->10(18)
[2025-06-05T22:36:00.956+0000][10.693s][info ][gc,heap     ] GC(51) Old regions: 73->75
[2025-06-05T22:36:00.956+0000][10.693s][info ][gc,heap     ] GC(51) Archive regions: 2->2
[2025-06-05T22:36:00.956+0000][10.693s][info ][gc,heap     ] GC(51) Humongous regions: 0->0
[2025-06-05T22:36:00.956+0000][10.693s][info ][gc,metaspace] GC(51) Metaspace: 92625K(93184K)->92625K(93184K) NonClass: 80688K(80960K)->80688K(80960K) Class: 11936K(12224K)->11936K(12224K)
[2025-06-05T22:36:00.956+0000][10.694s][info ][gc          ] GC(51) Pause Young (Normal) (G1 Evacuation Pause) 209M->84M(247M) 10.639ms
[2025-06-05T22:36:00.956+0000][10.694s][info ][gc,cpu      ] GC(51) User=0.02s Sys=0.00s Real=0.01s
[2025-06-05T22:36:00.956+0000][10.694s][info ][safepoint   ] Safepoint "G1CollectForAllocation", Time since last: 147216209 ns, Reaching safepoint: 262458 ns, Cleanup: 86125 ns, At safepoint: 10739833 ns, Total: 11088416 ns
[2025-06-05T22:36:01.025+0000][10.762s][debug][safepoint   ] Safepoint synchronization initiated using futex wait barrier. (22 threads)
[2025-06-05T22:36:01.026+0000][10.764s][info ][safepoint   ] Safepoint "ICBufferFull", Time since last: 68669959 ns, Reaching safepoint: 1160250 ns, Cleanup: 77583 ns, At safepoint: 10042 ns, Total: 1247875 ns
[2025-06-05T22:36:01.051+0000][10.788s][debug][safepoint   ] Safepoint synchronization initiated using futex wait barrier. (22 threads)
[2025-06-05T22:36:01.051+0000][10.789s][info ][safepoint   ] Safepoint "ICBufferFull", Time since last: 24836458 ns, Reaching safepoint: 186500 ns, Cleanup: 93083 ns, At safepoint: 1375 ns, Total: 280958 ns
[2025-06-05T22:36:01.210+0000][10.947s][debug][safepoint   ] Safepoint synchronization initiated using futex wait barrier. (22 threads)
[2025-06-05T22:36:01.210+0000][10.947s][info ][gc,start    ] GC(52) Pause Young (Normal) (G1 Evacuation Pause)
[2025-06-05T22:36:01.210+0000][10.947s][info ][gc,task     ] GC(52) Using 2 workers of 2 for evacuation
[2025-06-05T22:36:01.222+0000][10.959s][info ][gc,phases   ] GC(52)   Pre Evacuate Collection Set: 0.1ms
[2025-06-05T22:36:01.222+0000][10.959s][info ][gc,phases   ] GC(52)   Merge Heap Roots: 0.1ms
[2025-06-05T22:36:01.222+0000][10.959s][info ][gc,phases   ] GC(52)   Evacuate Collection Set: 10.6ms
[2025-06-05T22:36:01.222+0000][10.959s][info ][gc,phases   ] GC(52)   Post Evacuate Collection Set: 0.9ms
[2025-06-05T22:36:01.222+0000][10.959s][info ][gc,phases   ] GC(52)   Other: 0.2ms
[2025-06-05T22:36:01.222+0000][10.959s][info ][gc,heap     ] GC(52) Eden regions: 125->0(118)
[2025-06-05T22:36:01.222+0000][10.959s][info ][gc,heap     ] GC(52) Survivor regions: 10->12(17)
[2025-06-05T22:36:01.222+0000][10.959s][info ][gc,heap     ] GC(52) Old regions: 75->78
[2025-06-05T22:36:01.222+0000][10.959s][info ][gc,heap     ] GC(52) Archive regions: 2->2
[2025-06-05T22:36:01.222+0000][10.960s][info ][gc,heap     ] GC(52) Humongous regions: 0->0
[2025-06-05T22:36:01.222+0000][10.960s][info ][gc,metaspace] GC(52) Metaspace: 95234K(95808K)->95234K(95808K) NonClass: 82722K(83008K)->82722K(83008K) Class: 12511K(12800K)->12511K(12800K)
[2025-06-05T22:36:01.222+0000][10.960s][info ][gc          ] GC(52) Pause Young (Normal) (G1 Evacuation Pause) 209M->90M(247M) 12.485ms
[2025-06-05T22:36:01.222+0000][10.960s][info ][gc,cpu      ] GC(52) User=0.02s Sys=0.00s Real=0.01s
[2025-06-05T22:36:01.223+0000][10.960s][info ][safepoint   ] Safepoint "G1CollectForAllocation", Time since last: 158216625 ns, Reaching safepoint: 196750 ns, Cleanup: 47209 ns, At safepoint: 12632541 ns, Total: 12876500 ns
[2025-06-05T22:36:01.572+0000][11.310s][debug][safepoint   ] Safepoint synchronization initiated using futex wait barrier. (24 threads)
[2025-06-05T22:36:01.573+0000][11.310s][info ][gc,start    ] GC(53) Pause Young (Normal) (G1 Evacuation Pause)
[2025-06-05T22:36:01.573+0000][11.310s][info ][gc,task     ] GC(53) Using 2 workers of 2 for evacuation
[2025-06-05T22:36:01.584+0000][11.321s][info ][gc,phases   ] GC(53)   Pre Evacuate Collection Set: 0.1ms
[2025-06-05T22:36:01.584+0000][11.322s][info ][gc,phases   ] GC(53)   Merge Heap Roots: 0.1ms
[2025-06-05T22:36:01.584+0000][11.322s][info ][gc,phases   ] GC(53)   Evacuate Collection Set: 9.7ms
[2025-06-05T22:36:01.584+0000][11.322s][info ][gc,phases   ] GC(53)   Post Evacuate Collection Set: 1.5ms
[2025-06-05T22:36:01.584+0000][11.322s][info ][gc,phases   ] GC(53)   Other: 0.2ms
[2025-06-05T22:36:01.584+0000][11.322s][info ][gc,heap     ] GC(53) Eden regions: 118->0(250)
[2025-06-05T22:36:01.585+0000][11.322s][info ][gc,heap     ] GC(53) Survivor regions: 12->8(17)
[2025-06-05T22:36:01.585+0000][11.322s][info ][gc,heap     ] GC(53) Old regions: 78->82
[2025-06-05T22:36:01.585+0000][11.322s][info ][gc,heap     ] GC(53) Archive regions: 2->2
[2025-06-05T22:36:01.585+0000][11.322s][info ][gc,heap     ] GC(53) Humongous regions: 0->0
[2025-06-05T22:36:01.585+0000][11.322s][info ][gc,metaspace] GC(53) Metaspace: 98381K(98944K)->98381K(98944K) NonClass: 85450K(85760K)->85450K(85760K) Class: 12930K(13184K)->12930K(13184K)
[2025-06-05T22:36:01.585+0000][11.322s][info ][gc          ] GC(53) Pause Young (Normal) (G1 Evacuation Pause) 208M->89M(430M) 12.055ms
[2025-06-05T22:36:01.585+0000][11.322s][info ][gc,cpu      ] GC(53) User=0.02s Sys=0.00s Real=0.01s
[2025-06-05T22:36:01.585+0000][11.322s][info ][safepoint   ] Safepoint "G1CollectForAllocation", Time since last: 349914542 ns, Reaching safepoint: 156125 ns, Cleanup: 103917 ns, At safepoint: 12182167 ns, Total: 12442209 ns
[2025-06-05T22:36:01.885+0000][11.622s][debug][safepoint   ] Safepoint synchronization initiated using futex wait barrier. (26 threads)
[2025-06-05T22:36:01.886+0000][11.623s][info ][safepoint   ] Safepoint "ICBufferFull", Time since last: 300375625 ns, Reaching safepoint: 200083 ns, Cleanup: 120750 ns, At safepoint: 1417 ns, Total: 322250 ns
[2025-06-05T22:36:02.175+0000][11.912s][debug][safepoint   ] Safepoint synchronization initiated using futex wait barrier. (26 threads)
[2025-06-05T22:36:02.175+0000][11.913s][info ][safepoint   ] Safepoint "ICBufferFull", Time since last: 289370875 ns, Reaching safepoint: 263750 ns, Cleanup: 103875 ns, At safepoint: 2167 ns, Total: 369792 ns
[2025-06-05T22:36:02.354+0000][12.091s][debug][safepoint   ] Safepoint synchronization initiated using futex wait barrier. (26 threads)
[2025-06-05T22:36:02.354+0000][12.091s][info ][gc,start    ] GC(54) Pause Young (Normal) (G1 Evacuation Pause)
[2025-06-05T22:36:02.354+0000][12.091s][info ][gc,task     ] GC(54) Using 2 workers of 2 for evacuation
[2025-06-05T22:36:02.368+0000][12.105s][info ][gc,phases   ] GC(54)   Pre Evacuate Collection Set: 0.1ms
[2025-06-05T22:36:02.368+0000][12.105s][info ][gc,phases   ] GC(54)   Merge Heap Roots: 0.2ms
[2025-06-05T22:36:02.368+0000][12.105s][info ][gc,phases   ] GC(54)   Evacuate Collection Set: 12.0ms
[2025-06-05T22:36:02.368+0000][12.105s][info ][gc,phases   ] GC(54)   Post Evacuate Collection Set: 1.1ms
[2025-06-05T22:36:02.368+0000][12.105s][info ][gc,phases   ] GC(54)   Other: 0.2ms
[2025-06-05T22:36:02.368+0000][12.105s][info ][gc,heap     ] GC(54) Eden regions: 250->0(245)
[2025-06-05T22:36:02.368+0000][12.105s][info ][gc,heap     ] GC(54) Survivor regions: 8->13(33)
[2025-06-05T22:36:02.368+0000][12.105s][info ][gc,heap     ] GC(54) Old regions: 82->82
[2025-06-05T22:36:02.368+0000][12.105s][info ][gc,heap     ] GC(54) Archive regions: 2->2
[2025-06-05T22:36:02.368+0000][12.105s][info ][gc,heap     ] GC(54) Humongous regions: 0->0
[2025-06-05T22:36:02.368+0000][12.105s][info ][gc,metaspace] GC(54) Metaspace: 105540K(106112K)->105540K(106112K) NonClass: 91675K(91968K)->91675K(91968K) Class: 13864K(14144K)->13864K(14144K)
[2025-06-05T22:36:02.368+0000][12.106s][info ][gc          ] GC(54) Pause Young (Normal) (G1 Evacuation Pause) 339M->94M(430M) 14.351ms
[2025-06-05T22:36:02.368+0000][12.106s][info ][gc,cpu      ] GC(54) User=0.02s Sys=0.00s Real=0.02s
[2025-06-05T22:36:02.368+0000][12.106s][info ][safepoint   ] Safepoint "G1CollectForAllocation", Time since last: 178414041 ns, Reaching safepoint: 221292 ns, Cleanup: 33625 ns, At safepoint: 14476875 ns, Total: 14731792 ns
[2025-06-05T22:36:02.908+0000][12.646s][debug][safepoint   ] Safepoint synchronization initiated using futex wait barrier. (34 threads)
[2025-06-05T22:36:02.909+0000][12.646s][info ][safepoint   ] Safepoint "ICBufferFull", Time since last: 540001500 ns, Reaching safepoint: 193209 ns, Cleanup: 118833 ns, At safepoint: 1625 ns, Total: 313667 ns
[2025-06-05T22:36:03.072+0000][12.809s][debug][safepoint   ] Safepoint synchronization initiated using futex wait barrier. (38 threads)
[2025-06-05T22:36:03.072+0000][12.809s][info ][gc,start    ] GC(55) Pause Young (Normal) (G1 Evacuation Pause)
[2025-06-05T22:36:03.072+0000][12.809s][info ][gc,task     ] GC(55) Using 2 workers of 2 for evacuation
[2025-06-05T22:36:03.089+0000][12.826s][info ][gc,phases   ] GC(55)   Pre Evacuate Collection Set: 0.1ms
[2025-06-05T22:36:03.089+0000][12.827s][info ][gc,phases   ] GC(55)   Merge Heap Roots: 0.1ms
[2025-06-05T22:36:03.089+0000][12.827s][info ][gc,phases   ] GC(55)   Evacuate Collection Set: 15.1ms
[2025-06-05T22:36:03.089+0000][12.827s][info ][gc,phases   ] GC(55)   Post Evacuate Collection Set: 1.4ms
[2025-06-05T22:36:03.090+0000][12.827s][info ][gc,phases   ] GC(55)   Other: 0.3ms
[2025-06-05T22:36:03.090+0000][12.827s][info ][gc,heap     ] GC(55) Eden regions: 245->0(240)
[2025-06-05T22:36:03.090+0000][12.827s][info ][gc,heap     ] GC(55) Survivor regions: 13->18(33)
[2025-06-05T22:36:03.090+0000][12.827s][info ][gc,heap     ] GC(55) Old regions: 82->82
[2025-06-05T22:36:03.090+0000][12.827s][info ][gc,heap     ] GC(55) Archive regions: 2->2
[2025-06-05T22:36:03.090+0000][12.827s][info ][gc,heap     ] GC(55) Humongous regions: 0->0
[2025-06-05T22:36:03.090+0000][12.827s][info ][gc,metaspace] GC(55) Metaspace: 109945K(110592K)->109945K(110592K) NonClass: 95643K(96000K)->95643K(96000K) Class: 14301K(14592K)->14301K(14592K)
[2025-06-05T22:36:03.090+0000][12.827s][info ][gc          ] GC(55) Pause Young (Normal) (G1 Evacuation Pause) 339M->99M(430M) 17.635ms
[2025-06-05T22:36:03.090+0000][12.827s][info ][gc,cpu      ] GC(55) User=0.05s Sys=0.00s Real=0.02s
[2025-06-05T22:36:03.090+0000][12.827s][info ][safepoint   ] Safepoint "G1CollectForAllocation", Time since last: 163135208 ns, Reaching safepoint: 218334 ns, Cleanup: 75666 ns, At safepoint: 17771667 ns, Total: 18065667 ns
[2025-06-05T22:36:03.292+0000][13.029s][debug][safepoint   ] Safepoint synchronization initiated using futex wait barrier. (38 threads)
[2025-06-05T22:36:03.292+0000][13.029s][info ][safepoint   ] Safepoint "ICBufferFull", Time since last: 201909125 ns, Reaching safepoint: 182083 ns, Cleanup: 110959 ns, At safepoint: 1541 ns, Total: 294583 ns
[2025-06-05T22:36:03.381+0000][13.118s][debug][safepoint   ] Safepoint synchronization initiated using futex wait barrier. (38 threads)
[2025-06-05T22:36:03.381+0000][13.119s][info ][safepoint   ] Safepoint "ICBufferFull", Time since last: 88860709 ns, Reaching safepoint: 182042 ns, Cleanup: 103708 ns, At safepoint: 4792 ns, Total: 290542 ns
[2025-06-05T22:36:03.471+0000][13.208s][debug][safepoint   ] Safepoint synchronization initiated using futex wait barrier. (38 threads)
[2025-06-05T22:36:03.471+0000][13.208s][info ][safepoint   ] Safepoint "ICBufferFull", Time since last: 89538041 ns, Reaching safepoint: 206709 ns, Cleanup: 63125 ns, At safepoint: 1583 ns, Total: 271417 ns
[2025-06-05T22:36:03.592+0000][13.329s][debug][safepoint   ] Safepoint synchronization initiated using futex wait barrier. (38 threads)
[2025-06-05T22:36:03.593+0000][13.331s][info ][safepoint   ] Safepoint "ICBufferFull", Time since last: 120686000 ns, Reaching safepoint: 1461292 ns, Cleanup: 122791 ns, At safepoint: 8000 ns, Total: 1592083 ns
[2025-06-05T22:36:03.680+0000][13.418s][debug][safepoint   ] Safepoint synchronization initiated using futex wait barrier. (38 threads)
[2025-06-05T22:36:03.681+0000][13.418s][info ][safepoint   ] Safepoint "ICBufferFull", Time since last: 87076834 ns, Reaching safepoint: 214791 ns, Cleanup: 107375 ns, At safepoint: 1500 ns, Total: 323666 ns
[2025-06-05T22:36:03.928+0000][13.665s][debug][safepoint   ] Safepoint synchronization initiated using futex wait barrier. (39 threads)
[2025-06-05T22:36:03.928+0000][13.666s][info ][safepoint   ] Safepoint "ICBufferFull", Time since last: 247356334 ns, Reaching safepoint: 220958 ns, Cleanup: 106792 ns, At safepoint: 5208 ns, Total: 332958 ns
[2025-06-05T22:36:03.961+0000][13.699s][debug][safepoint   ] Safepoint synchronization initiated using futex wait barrier. (39 threads)
[2025-06-05T22:36:03.962+0000][13.699s][info ][gc,start    ] GC(56) Pause Young (Normal) (G1 Evacuation Pause)
[2025-06-05T22:36:03.962+0000][13.699s][info ][gc,task     ] GC(56) Using 2 workers of 2 for evacuation
[2025-06-05T22:36:03.982+0000][13.719s][info ][gc,phases   ] GC(56)   Pre Evacuate Collection Set: 0.1ms
[2025-06-05T22:36:03.982+0000][13.719s][info ][gc,phases   ] GC(56)   Merge Heap Roots: 0.2ms
[2025-06-05T22:36:03.982+0000][13.719s][info ][gc,phases   ] GC(56)   Evacuate Collection Set: 18.3ms
[2025-06-05T22:36:03.982+0000][13.719s][info ][gc,phases   ] GC(56)   Post Evacuate Collection Set: 1.3ms
[2025-06-05T22:36:03.982+0000][13.719s][info ][gc,phases   ] GC(56)   Other: 0.2ms
[2025-06-05T22:36:03.982+0000][13.719s][info ][gc,heap     ] GC(56) Eden regions: 240->0(237)
[2025-06-05T22:36:03.982+0000][13.719s][info ][gc,heap     ] GC(56) Survivor regions: 18->21(33)
[2025-06-05T22:36:03.982+0000][13.719s][info ][gc,heap     ] GC(56) Old regions: 82->84
[2025-06-05T22:36:03.982+0000][13.719s][info ][gc,heap     ] GC(56) Archive regions: 2->2
[2025-06-05T22:36:03.982+0000][13.719s][info ][gc,heap     ] GC(56) Humongous regions: 0->0
[2025-06-05T22:36:03.982+0000][13.720s][info ][gc,metaspace] GC(56) Metaspace: 115739K(116416K)->115739K(116416K) NonClass: 100884K(101248K)->100884K(101248K) Class: 14855K(15168K)->14855K(15168K)
[2025-06-05T22:36:03.982+0000][13.720s][info ][gc          ] GC(56) Pause Young (Normal) (G1 Evacuation Pause) 339M->104M(430M) 20.631ms
[2025-06-05T22:36:03.982+0000][13.720s][info ][gc,cpu      ] GC(56) User=0.04s Sys=0.00s Real=0.02s
[2025-06-05T22:36:03.982+0000][13.720s][info ][safepoint   ] Safepoint "G1CollectForAllocation", Time since last: 32961917 ns, Reaching safepoint: 219875 ns, Cleanup: 16208 ns, At safepoint: 20756292 ns, Total: 20992375 ns
[2025-06-05T22:36:04.253+0000][13.990s][debug][safepoint   ] Safepoint synchronization initiated using futex wait barrier. (42 threads)
[2025-06-05T22:36:04.254+0000][13.991s][info ][safepoint   ] Safepoint "ICBufferFull", Time since last: 270408292 ns, Reaching safepoint: 1005125 ns, Cleanup: 139083 ns, At safepoint: 4208 ns, Total: 1148416 ns
[2025-06-05T22:36:04.347+0000][14.084s][debug][safepoint   ] Safepoint synchronization initiated using futex wait barrier. (42 threads)
[2025-06-05T22:36:04.347+0000][14.085s][info ][safepoint   ] Safepoint "ICBufferFull", Time since last: 92979667 ns, Reaching safepoint: 197750 ns, Cleanup: 165667 ns, At safepoint: 5000 ns, Total: 368417 ns
[2025-06-05T22:36:04.602+0000][14.340s][debug][safepoint   ] Safepoint synchronization initiated using futex wait barrier. (42 threads)
[2025-06-05T22:36:04.603+0000][14.340s][info ][safepoint   ] Safepoint "ICBufferFull", Time since last: 255097333 ns, Reaching safepoint: 71583 ns, Cleanup: 79167 ns, At safepoint: 1375 ns, Total: 152125 ns
[2025-06-05T22:36:04.744+0000][14.482s][debug][safepoint   ] Safepoint synchronization initiated using futex wait barrier. (42 threads)
[2025-06-05T22:36:04.745+0000][14.482s][info ][gc,start    ] GC(57) Pause Young (Normal) (G1 Evacuation Pause)
[2025-06-05T22:36:04.745+0000][14.482s][info ][gc,task     ] GC(57) Using 2 workers of 2 for evacuation
[2025-06-05T22:36:04.768+0000][14.505s][info ][gc,phases   ] GC(57)   Pre Evacuate Collection Set: 0.1ms
[2025-06-05T22:36:04.768+0000][14.505s][info ][gc,phases   ] GC(57)   Merge Heap Roots: 0.1ms
[2025-06-05T22:36:04.768+0000][14.505s][info ][gc,phases   ] GC(57)   Evacuate Collection Set: 21.1ms
[2025-06-05T22:36:04.768+0000][14.505s][info ][gc,phases   ] GC(57)   Post Evacuate Collection Set: 1.5ms
[2025-06-05T22:36:04.768+0000][14.505s][info ][gc,phases   ] GC(57)   Other: 0.3ms
[2025-06-05T22:36:04.768+0000][14.505s][info ][gc,heap     ] GC(57) Eden regions: 237->0(234)
[2025-06-05T22:36:04.768+0000][14.505s][info ][gc,heap     ] GC(57) Survivor regions: 21->24(33)
[2025-06-05T22:36:04.768+0000][14.505s][info ][gc,heap     ] GC(57) Old regions: 84->88
[2025-06-05T22:36:04.768+0000][14.505s][info ][gc,heap     ] GC(57) Archive regions: 2->2
[2025-06-05T22:36:04.768+0000][14.505s][info ][gc,heap     ] GC(57) Humongous regions: 0->0
[2025-06-05T22:36:04.768+0000][14.505s][info ][gc,metaspace] GC(57) Metaspace: 124363K(125184K)->124363K(125184K) NonClass: 108509K(108928K)->108509K(108928K) Class: 15853K(16256K)->15853K(16256K)
[2025-06-05T22:36:04.768+0000][14.505s][info ][gc          ] GC(57) Pause Young (Normal) (G1 Evacuation Pause) 341M->112M(430M) 23.653ms
[2025-06-05T22:36:04.768+0000][14.505s][info ][gc,cpu      ] GC(57) User=0.04s Sys=0.00s Real=0.03s
[2025-06-05T22:36:04.768+0000][14.506s][info ][safepoint   ] Safepoint "G1CollectForAllocation", Time since last: 141721833 ns, Reaching safepoint: 160084 ns, Cleanup: 37125 ns, At safepoint: 23814708 ns, Total: 24011917 ns
[2025-06-05T22:36:04.928+0000][14.666s][debug][safepoint   ] Safepoint synchronization initiated using futex wait barrier. (42 threads)
[2025-06-05T22:36:04.929+0000][14.666s][info ][safepoint   ] Safepoint "ICBufferFull", Time since last: 160041167 ns, Reaching safepoint: 222167 ns, Cleanup: 92541 ns, At safepoint: 1667 ns, Total: 316375 ns
[2025-06-05T22:36:05.049+0000][14.786s][debug][safepoint   ] Safepoint synchronization initiated using futex wait barrier. (50 threads)
[2025-06-05T22:36:05.050+0000][14.787s][debug][safepoint   ] ... found polling page loop exception at pc = 0x0000ffff790df2c8, stub =0x0000ffff7897ef00
[2025-06-05T22:36:05.051+0000][14.789s][info ][safepoint   ] Safepoint "ICBufferFull", Time since last: 120227458 ns, Reaching safepoint: 2351959 ns, Cleanup: 137791 ns, At safepoint: 7334 ns, Total: 2497084 ns
[2025-06-05T22:36:05.096+0000][14.834s][debug][safepoint   ] Safepoint synchronization initiated using futex wait barrier. (50 threads)
[2025-06-05T22:36:05.097+0000][14.834s][info ][safepoint   ] Safepoint "ICBufferFull", Time since last: 44871125 ns, Reaching safepoint: 195000 ns, Cleanup: 140875 ns, At safepoint: 4666 ns, Total: 340541 ns
[2025-06-05T22:36:05.111+0000][14.848s][debug][safepoint   ] Safepoint synchronization initiated using futex wait barrier. (50 threads)
[2025-06-05T22:36:05.112+0000][14.849s][info ][gc,start    ] GC(58) Pause Young (Concurrent Start) (Metadata GC Threshold)
[2025-06-05T22:36:05.112+0000][14.849s][info ][gc,task     ] GC(58) Using 2 workers of 2 for evacuation
[2025-06-05T22:36:05.148+0000][14.885s][info ][gc,phases   ] GC(58)   Pre Evacuate Collection Set: 0.2ms
[2025-06-05T22:36:05.148+0000][14.885s][info ][gc,phases   ] GC(58)   Merge Heap Roots: 0.1ms
[2025-06-05T22:36:05.148+0000][14.885s][info ][gc,phases   ] GC(58)   Evacuate Collection Set: 34.2ms
[2025-06-05T22:36:05.148+0000][14.885s][info ][gc,phases   ] GC(58)   Post Evacuate Collection Set: 1.3ms
[2025-06-05T22:36:05.148+0000][14.885s][info ][gc,phases   ] GC(58)   Other: 0.2ms
[2025-06-05T22:36:05.148+0000][14.885s][info ][gc,heap     ] GC(58) Eden regions: 122->0(243)
[2025-06-05T22:36:05.148+0000][14.885s][info ][gc,heap     ] GC(58) Survivor regions: 24->15(33)
[2025-06-05T22:36:05.148+0000][14.885s][info ][gc,heap     ] GC(58) Old regions: 88->99
[2025-06-05T22:36:05.148+0000][14.885s][info ][gc,heap     ] GC(58) Archive regions: 2->2
[2025-06-05T22:36:05.148+0000][14.885s][info ][gc,heap     ] GC(58) Humongous regions: 1->0
[2025-06-05T22:36:05.148+0000][14.885s][info ][gc,metaspace] GC(58) Metaspace: 129829K(130816K)->129829K(130816K) NonClass: 113461K(113984K)->113461K(113984K) Class: 16367K(16832K)->16367K(16832K)
[2025-06-05T22:36:05.148+0000][14.885s][info ][gc          ] GC(58) Pause Young (Concurrent Start) (Metadata GC Threshold) 234M->114M(430M) 36.748ms
[2025-06-05T22:36:05.148+0000][14.886s][info ][gc,cpu      ] GC(58) User=0.04s Sys=0.00s Real=0.04s
[2025-06-05T22:36:05.148+0000][14.886s][info ][gc          ] GC(59) Concurrent Mark Cycle
[2025-06-05T22:36:05.149+0000][14.886s][info ][gc,marking  ] GC(59) Concurrent Clear Claimed Marks
[2025-06-05T22:36:05.149+0000][14.886s][info ][safepoint   ] Safepoint "CollectForMetadataAllocation", Time since last: 14627750 ns, Reaching safepoint: 207084 ns, Cleanup: 14458 ns, At safepoint: 37030000 ns, Total: 37251542 ns
[2025-06-05T22:36:05.149+0000][14.886s][info ][gc,marking  ] GC(59) Concurrent Clear Claimed Marks 0.250ms
[2025-06-05T22:36:05.152+0000][14.889s][info ][gc,marking  ] GC(59) Concurrent Scan Root Regions
[2025-06-05T22:36:05.167+0000][14.904s][info ][gc,marking  ] GC(59) Concurrent Scan Root Regions 15.133ms
[2025-06-05T22:36:05.167+0000][14.905s][info ][gc,marking  ] GC(59) Concurrent Mark
[2025-06-05T22:36:05.167+0000][14.905s][info ][gc,marking  ] GC(59) Concurrent Mark From Roots
[2025-06-05T22:36:05.168+0000][14.905s][info ][gc,task     ] GC(59) Using 1 workers of 1 for marking
[2025-06-05T22:36:05.193+0000][14.930s][debug][safepoint   ] ... found polling page loop exception at pc = 0x0000ffff78ffbeb0, stub =0x0000ffff7897ef00
[2025-06-05T22:36:05.199+0000][14.937s][debug][safepoint   ] Safepoint synchronization initiated using futex wait barrier. (50 threads)
[2025-06-05T22:36:05.200+0000][14.937s][info ][safepoint   ] Safepoint "CollectForMetadataAllocation", Time since last: 50794667 ns, Reaching safepoint: 194500 ns, Cleanup: 14666 ns, At safepoint: 29500 ns, Total: 238666 ns
[2025-06-05T22:36:05.284+0000][15.021s][info ][gc,marking  ] GC(59) Concurrent Mark From Roots 116.623ms
[2025-06-05T22:36:05.285+0000][15.022s][info ][gc,marking  ] GC(59) Concurrent Preclean
[2025-06-05T22:36:05.285+0000][15.023s][info ][gc,marking  ] GC(59) Concurrent Preclean 0.271ms
[2025-06-05T22:36:05.285+0000][15.023s][debug][safepoint   ] Safepoint synchronization initiated using futex wait barrier. (50 threads)
[2025-06-05T22:36:05.286+0000][15.023s][info ][gc,start    ] GC(59) Pause Remark
[2025-06-05T22:36:05.292+0000][15.030s][info ][gc          ] GC(59) Pause Remark 146M->146M(430M) 6.358ms
[2025-06-05T22:36:05.293+0000][15.030s][info ][gc,cpu      ] GC(59) User=0.02s Sys=0.00s Real=0.01s
[2025-06-05T22:36:05.293+0000][15.030s][info ][safepoint   ] Safepoint "G1PauseRemark", Time since last: 85909500 ns, Reaching safepoint: 611584 ns, Cleanup: 26458 ns, At safepoint: 6579000 ns, Total: 7217042 ns
[2025-06-05T22:36:05.293+0000][15.031s][info ][gc,marking  ] GC(59) Concurrent Mark 126.055ms
[2025-06-05T22:36:05.294+0000][15.031s][info ][gc,marking  ] GC(59) Concurrent Rebuild Remembered Sets
[2025-06-05T22:36:05.388+0000][15.125s][info ][gc,marking  ] GC(59) Concurrent Rebuild Remembered Sets 94.322ms
[2025-06-05T22:36:05.388+0000][15.125s][debug][safepoint   ] Safepoint synchronization initiated using futex wait barrier. (50 threads)
[2025-06-05T22:36:05.389+0000][15.126s][info ][gc,start    ] GC(59) Pause Cleanup
[2025-06-05T22:36:05.389+0000][15.127s][info ][gc          ] GC(59) Pause Cleanup 170M->170M(430M) 0.157ms
[2025-06-05T22:36:05.389+0000][15.127s][info ][gc,cpu      ] GC(59) User=0.00s Sys=0.00s Real=0.00s
[2025-06-05T22:36:05.389+0000][15.127s][info ][safepoint   ] Safepoint "G1PauseCleanup", Time since last: 95437292 ns, Reaching safepoint: 977708 ns, Cleanup: 60583 ns, At safepoint: 317542 ns, Total: 1355833 ns
[2025-06-05T22:36:05.391+0000][15.128s][info ][gc,marking  ] GC(59) Concurrent Cleanup for Next Mark
[2025-06-05T22:36:05.391+0000][15.129s][info ][gc,marking  ] GC(59) Concurrent Cleanup for Next Mark 0.396ms
[2025-06-05T22:36:05.392+0000][15.129s][info ][gc          ] GC(59) Concurrent Mark Cycle 243.154ms
[2025-06-05T22:36:05.844+0000][15.581s][debug][safepoint   ] Safepoint synchronization initiated using futex wait barrier. (50 threads)
[2025-06-05T22:36:05.844+0000][15.582s][info ][gc,start    ] GC(60) Pause Young (Prepare Mixed) (G1 Evacuation Pause)
[2025-06-05T22:36:05.844+0000][15.582s][info ][gc,task     ] GC(60) Using 2 workers of 2 for evacuation
[2025-06-05T22:36:05.864+0000][15.602s][info ][gc,phases   ] GC(60)   Pre Evacuate Collection Set: 0.1ms
[2025-06-05T22:36:05.865+0000][15.602s][info ][gc,phases   ] GC(60)   Merge Heap Roots: 0.1ms
[2025-06-05T22:36:05.865+0000][15.602s][info ][gc,phases   ] GC(60)   Evacuate Collection Set: 18.3ms
[2025-06-05T22:36:05.865+0000][15.602s][info ][gc,phases   ] GC(60)   Post Evacuate Collection Set: 1.4ms
[2025-06-05T22:36:05.865+0000][15.602s][info ][gc,phases   ] GC(60)   Other: 0.2ms
[2025-06-05T22:36:05.865+0000][15.602s][info ][gc,heap     ] GC(60) Eden regions: 243->0(1)
[2025-06-05T22:36:05.865+0000][15.602s][info ][gc,heap     ] GC(60) Survivor regions: 15->21(33)
[2025-06-05T22:36:05.865+0000][15.602s][info ][gc,heap     ] GC(60) Old regions: 99->99
[2025-06-05T22:36:05.865+0000][15.602s][info ][gc,heap     ] GC(60) Archive regions: 2->2
[2025-06-05T22:36:05.865+0000][15.602s][info ][gc,heap     ] GC(60) Humongous regions: 0->0
[2025-06-05T22:36:05.865+0000][15.602s][info ][gc,metaspace] GC(60) Metaspace: 134219K(135296K)->134219K(135296K) NonClass: 117460K(118016K)->117460K(118016K) Class: 16758K(17280K)->16758K(17280K)
[2025-06-05T22:36:05.865+0000][15.602s][info ][gc          ] GC(60) Pause Young (Prepare Mixed) (G1 Evacuation Pause) 357M->120M(430M) 20.680ms
[2025-06-05T22:36:05.865+0000][15.602s][info ][gc,cpu      ] GC(60) User=0.04s Sys=0.00s Real=0.02s
[2025-06-05T22:36:05.865+0000][15.602s][info ][safepoint   ] Safepoint "G1CollectForAllocation", Time since last: 454541125 ns, Reaching safepoint: 214917 ns, Cleanup: 108792 ns, At safepoint: 20867666 ns, Total: 21191375 ns
[2025-06-05T22:36:05.868+0000][15.605s][debug][safepoint   ] Safepoint synchronization initiated using futex wait barrier. (50 threads)
[2025-06-05T22:36:05.868+0000][15.605s][info ][gc,start    ] GC(61) Pause Young (Mixed) (G1 Evacuation Pause)
[2025-06-05T22:36:05.868+0000][15.605s][info ][gc,task     ] GC(61) Using 2 workers of 2 for evacuation
[2025-06-05T22:36:05.887+0000][15.625s][info ][gc,phases   ] GC(61)   Pre Evacuate Collection Set: 0.1ms
[2025-06-05T22:36:05.887+0000][15.625s][info ][gc,phases   ] GC(61)   Merge Heap Roots: 0.2ms
[2025-06-05T22:36:05.888+0000][15.625s][info ][gc,phases   ] GC(61)   Evacuate Collection Set: 18.0ms
[2025-06-05T22:36:05.888+0000][15.625s][info ][gc,phases   ] GC(61)   Post Evacuate Collection Set: 1.2ms
[2025-06-05T22:36:05.888+0000][15.625s][info ][gc,phases   ] GC(61)   Other: 0.1ms
[2025-06-05T22:36:05.888+0000][15.625s][info ][gc,heap     ] GC(61) Eden regions: 1->0(248)
[2025-06-05T22:36:05.888+0000][15.625s][info ][gc,heap     ] GC(61) Survivor regions: 21->1(3)
[2025-06-05T22:36:05.888+0000][15.625s][info ][gc,heap     ] GC(61) Old regions: 99->117
[2025-06-05T22:36:05.888+0000][15.625s][info ][gc,heap     ] GC(61) Archive regions: 2->2
[2025-06-05T22:36:05.888+0000][15.625s][info ][gc,heap     ] GC(61) Humongous regions: 0->0
[2025-06-05T22:36:05.888+0000][15.625s][info ][gc,metaspace] GC(61) Metaspace: 134236K(135296K)->134236K(135296K) NonClass: 117475K(118016K)->117475K(118016K) Class: 16761K(17280K)->16761K(17280K)
[2025-06-05T22:36:05.888+0000][15.625s][info ][gc          ] GC(61) Pause Young (Mixed) (G1 Evacuation Pause) 121M->118M(430M) 20.111ms
[2025-06-05T22:36:05.888+0000][15.625s][info ][gc,cpu      ] GC(61) User=0.04s Sys=0.00s Real=0.02s
[2025-06-05T22:36:05.888+0000][15.625s][info ][safepoint   ] Safepoint "G1CollectForAllocation", Time since last: 2437750 ns, Reaching safepoint: 145167 ns, Cleanup: 6000 ns, At safepoint: 20274792 ns, Total: 20425959 ns
[2025-06-05T22:36:06.436+0000][16.173s][debug][safepoint   ] Safepoint synchronization initiated using futex wait barrier. (55 threads)
[2025-06-05T22:36:06.436+0000][16.173s][info ][gc,start    ] GC(62) Pause Young (Concurrent Start) (G1 Evacuation Pause)
[2025-06-05T22:36:06.436+0000][16.173s][info ][gc,task     ] GC(62) Using 2 workers of 2 for evacuation
[2025-06-05T22:36:06.454+0000][16.191s][info ][gc,phases   ] GC(62)   Pre Evacuate Collection Set: 0.2ms
[2025-06-05T22:36:06.454+0000][16.191s][info ][gc,phases   ] GC(62)   Merge Heap Roots: 0.1ms
[2025-06-05T22:36:06.454+0000][16.191s][info ][gc,phases   ] GC(62)   Evacuate Collection Set: 15.8ms
[2025-06-05T22:36:06.454+0000][16.191s][info ][gc,phases   ] GC(62)   Post Evacuate Collection Set: 1.1ms
[2025-06-05T22:36:06.454+0000][16.191s][info ][gc,phases   ] GC(62)   Other: 0.2ms
[2025-06-05T22:36:06.454+0000][16.191s][info ][gc,heap     ] GC(62) Eden regions: 248->0(242)
[2025-06-05T22:36:06.454+0000][16.191s][info ][gc,heap     ] GC(62) Survivor regions: 1->7(32)
[2025-06-05T22:36:06.454+0000][16.191s][info ][gc,heap     ] GC(62) Old regions: 117->117
[2025-06-05T22:36:06.454+0000][16.191s][info ][gc,heap     ] GC(62) Archive regions: 2->2
[2025-06-05T22:36:06.454+0000][16.191s][info ][gc,heap     ] GC(62) Humongous regions: 0->0
[2025-06-05T22:36:06.454+0000][16.191s][info ][gc,metaspace] GC(62) Metaspace: 138973K(140032K)->138973K(140032K) NonClass: 121797K(122368K)->121797K(122368K) Class: 17176K(17664K)->17176K(17664K)
[2025-06-05T22:36:06.454+0000][16.191s][info ][gc          ] GC(62) Pause Young (Concurrent Start) (G1 Evacuation Pause) 366M->124M(430M) 18.036ms
[2025-06-05T22:36:06.454+0000][16.191s][info ][gc,cpu      ] GC(62) User=0.02s Sys=0.00s Real=0.02s
[2025-06-05T22:36:06.454+0000][16.192s][info ][gc          ] GC(63) Concurrent Mark Cycle
[2025-06-05T22:36:06.454+0000][16.192s][info ][gc,marking  ] GC(63) Concurrent Clear Claimed Marks
[2025-06-05T22:36:06.454+0000][16.192s][info ][safepoint   ] Safepoint "G1CollectForAllocation", Time since last: 547743042 ns, Reaching safepoint: 219625 ns, Cleanup: 111958 ns, At safepoint: 18187125 ns, Total: 18518708 ns
[2025-06-05T22:36:06.455+0000][16.192s][info ][gc,marking  ] GC(63) Concurrent Clear Claimed Marks 0.277ms
[2025-06-05T22:36:06.458+0000][16.195s][info ][gc,marking  ] GC(63) Concurrent Scan Root Regions
[2025-06-05T22:36:06.462+0000][16.200s][info ][gc,marking  ] GC(63) Concurrent Scan Root Regions 4.348ms
[2025-06-05T22:36:06.463+0000][16.200s][info ][gc,marking  ] GC(63) Concurrent Mark
[2025-06-05T22:36:06.463+0000][16.200s][info ][gc,marking  ] GC(63) Concurrent Mark From Roots
[2025-06-05T22:36:06.463+0000][16.200s][info ][gc,task     ] GC(63) Using 1 workers of 1 for marking
[2025-06-05T22:36:06.599+0000][16.336s][info ][gc,marking  ] GC(63) Concurrent Mark From Roots 136.414ms
[2025-06-05T22:36:06.602+0000][16.339s][info ][gc,marking  ] GC(63) Concurrent Preclean
[2025-06-05T22:36:06.602+0000][16.340s][info ][gc,marking  ] GC(63) Concurrent Preclean 0.310ms
[2025-06-05T22:36:06.602+0000][16.340s][debug][safepoint   ] Safepoint synchronization initiated using futex wait barrier. (55 threads)
[2025-06-05T22:36:06.604+0000][16.341s][info ][gc,start    ] GC(63) Pause Remark
[2025-06-05T22:36:06.610+0000][16.347s][info ][gc          ] GC(63) Pause Remark 171M->171M(430M) 6.108ms
[2025-06-05T22:36:06.610+0000][16.347s][info ][gc,cpu      ] GC(63) User=0.01s Sys=0.00s Real=0.01s
[2025-06-05T22:36:06.610+0000][16.347s][info ][safepoint   ] Safepoint "G1PauseRemark", Time since last: 148173958 ns, Reaching safepoint: 1045667 ns, Cleanup: 13917 ns, At safepoint: 6363125 ns, Total: 7422709 ns
[2025-06-05T22:36:06.610+0000][16.347s][info ][gc,marking  ] GC(63) Concurrent Mark 147.403ms
[2025-06-05T22:36:06.614+0000][16.351s][info ][gc,marking  ] GC(63) Concurrent Rebuild Remembered Sets
[2025-06-05T22:36:06.754+0000][16.492s][info ][gc,marking  ] GC(63) Concurrent Rebuild Remembered Sets 140.231ms
[2025-06-05T22:36:06.757+0000][16.494s][debug][safepoint   ] Safepoint synchronization initiated using futex wait barrier. (56 threads)
[2025-06-05T22:36:06.759+0000][16.496s][debug][safepoint   ] ... found polling page loop exception at pc = 0x0000ffff78ffbeb0, stub =0x0000ffff7897ef00
[2025-06-05T22:36:06.759+0000][16.496s][info ][gc,start    ] GC(63) Pause Cleanup
[2025-06-05T22:36:06.759+0000][16.497s][info ][gc          ] GC(63) Pause Cleanup 191M->191M(430M) 0.172ms
[2025-06-05T22:36:06.759+0000][16.497s][info ][gc,cpu      ] GC(63) User=0.00s Sys=0.00s Real=0.00s
[2025-06-05T22:36:06.759+0000][16.497s][info ][safepoint   ] Safepoint "G1PauseCleanup", Time since last: 147178250 ns, Reaching safepoint: 2062750 ns, Cleanup: 17458 ns, At safepoint: 317625 ns, Total: 2397833 ns
[2025-06-05T22:36:06.760+0000][16.498s][info ][gc,marking  ] GC(63) Concurrent Cleanup for Next Mark
[2025-06-05T22:36:06.761+0000][16.498s][info ][gc,marking  ] GC(63) Concurrent Cleanup for Next Mark 0.438ms
[2025-06-05T22:36:06.761+0000][16.498s][info ][gc          ] GC(63) Concurrent Mark Cycle 306.567ms
[2025-06-05T22:36:06.964+0000][16.701s][info ][cds,heap    ] initialize_from_archived_subgraph jdk.internal.math.FDBigInteger 0x000000700014c8e8
[2025-06-05T22:36:07.079+0000][16.817s][debug][safepoint   ] Safepoint synchronization initiated using futex wait barrier. (61 threads)
[2025-06-05T22:36:07.080+0000][16.817s][info ][safepoint   ] Safepoint "ICBufferFull", Time since last: 319983917 ns, Reaching safepoint: 197250 ns, Cleanup: 89875 ns, At safepoint: 5042 ns, Total: 292167 ns
[2025-06-05T22:36:07.294+0000][17.031s][debug][safepoint   ] Safepoint synchronization initiated using futex wait barrier. (71 threads)
[2025-06-05T22:36:07.294+0000][17.031s][info ][gc,start    ] GC(64) Pause Young (Prepare Mixed) (G1 Evacuation Pause)
[2025-06-05T22:36:07.294+0000][17.031s][info ][gc,task     ] GC(64) Using 2 workers of 2 for evacuation
[2025-06-05T22:36:07.307+0000][17.044s][info ][gc,phases   ] GC(64)   Pre Evacuate Collection Set: 0.1ms
[2025-06-05T22:36:07.307+0000][17.044s][info ][gc,phases   ] GC(64)   Merge Heap Roots: 0.2ms
[2025-06-05T22:36:07.307+0000][17.044s][info ][gc,phases   ] GC(64)   Evacuate Collection Set: 11.0ms
[2025-06-05T22:36:07.307+0000][17.044s][info ][gc,phases   ] GC(64)   Post Evacuate Collection Set: 1.3ms
[2025-06-05T22:36:07.307+0000][17.044s][info ][gc,phases   ] GC(64)   Other: 0.2ms
[2025-06-05T22:36:07.307+0000][17.044s][info ][gc,heap     ] GC(64) Eden regions: 242->0(9)
[2025-06-05T22:36:07.307+0000][17.044s][info ][gc,heap     ] GC(64) Survivor regions: 7->12(32)
[2025-06-05T22:36:07.307+0000][17.044s][info ][gc,heap     ] GC(64) Old regions: 117->117
[2025-06-05T22:36:07.307+0000][17.044s][info ][gc,heap     ] GC(64) Archive regions: 2->2
[2025-06-05T22:36:07.307+0000][17.045s][info ][gc,heap     ] GC(64) Humongous regions: 0->0
[2025-06-05T22:36:07.307+0000][17.045s][info ][gc,metaspace] GC(64) Metaspace: 147648K(148672K)->147648K(148672K) NonClass: 129525K(130048K)->129525K(130048K) Class: 18123K(18624K)->18123K(18624K)
[2025-06-05T22:36:07.307+0000][17.045s][info ][gc          ] GC(64) Pause Young (Prepare Mixed) (G1 Evacuation Pause) 366M->129M(430M) 13.348ms
[2025-06-05T22:36:07.307+0000][17.045s][info ][gc,cpu      ] GC(64) User=0.03s Sys=0.00s Real=0.02s
[2025-06-05T22:36:07.308+0000][17.045s][info ][safepoint   ] Safepoint "G1CollectForAllocation", Time since last: 213962791 ns, Reaching safepoint: 188750 ns, Cleanup: 100125 ns, At safepoint: 13485417 ns, Total: 13774292 ns
[2025-06-05T22:36:07.330+0000][17.067s][debug][safepoint   ] Safepoint synchronization initiated using futex wait barrier. (71 threads)
[2025-06-05T22:36:07.330+0000][17.067s][info ][gc,start    ] GC(65) Pause Young (Mixed) (G1 Evacuation Pause)
[2025-06-05T22:36:07.330+0000][17.067s][info ][gc,task     ] GC(65) Using 2 workers of 2 for evacuation
[2025-06-05T22:36:07.351+0000][17.088s][info ][gc,phases   ] GC(65)   Pre Evacuate Collection Set: 0.1ms
[2025-06-05T22:36:07.351+0000][17.088s][info ][gc,phases   ] GC(65)   Merge Heap Roots: 0.1ms
[2025-06-05T22:36:07.351+0000][17.088s][info ][gc,phases   ] GC(65)   Evacuate Collection Set: 19.1ms
[2025-06-05T22:36:07.351+0000][17.088s][info ][gc,phases   ] GC(65)   Post Evacuate Collection Set: 1.1ms
[2025-06-05T22:36:07.351+0000][17.088s][info ][gc,phases   ] GC(65)   Other: 0.2ms
[2025-06-05T22:36:07.351+0000][17.088s][info ][gc,heap     ] GC(65) Eden regions: 9->0(239)
[2025-06-05T22:36:07.351+0000][17.088s][info ][gc,heap     ] GC(65) Survivor regions: 12->1(3)
[2025-06-05T22:36:07.351+0000][17.088s][info ][gc,heap     ] GC(65) Old regions: 117->127
[2025-06-05T22:36:07.351+0000][17.088s][info ][gc,heap     ] GC(65) Archive regions: 2->2
[2025-06-05T22:36:07.351+0000][17.088s][info ][gc,heap     ] GC(65) Humongous regions: 0->0
[2025-06-05T22:36:07.351+0000][17.088s][info ][gc,metaspace] GC(65) Metaspace: 147705K(148736K)->147705K(148736K) NonClass: 129572K(130112K)->129572K(130112K) Class: 18133K(18624K)->18133K(18624K)
[2025-06-05T22:36:07.351+0000][17.088s][info ][gc          ] GC(65) Pause Young (Mixed) (G1 Evacuation Pause) 138M->128M(430M) 21.239ms
[2025-06-05T22:36:07.351+0000][17.089s][info ][gc,cpu      ] GC(65) User=0.02s Sys=0.00s Real=0.02s
[2025-06-05T22:36:07.351+0000][17.089s][info ][safepoint   ] Safepoint "G1CollectForAllocation", Time since last: 22252917 ns, Reaching safepoint: 185833 ns, Cleanup: 16542 ns, At safepoint: 21388125 ns, Total: 21590500 ns
[2025-06-05T22:36:07.621+0000][17.358s][debug][safepoint   ] ... found polling page loop exception at pc = 0x0000ffff79590274, stub =0x0000ffff7897ef00
[2025-06-05T22:36:07.687+0000][17.424s][debug][safepoint   ] Safepoint synchronization initiated using futex wait barrier. (71 threads)
[2025-06-05T22:36:07.687+0000][17.425s][info ][safepoint   ] Safepoint "ICBufferFull", Time since last: 335726458 ns, Reaching safepoint: 184209 ns, Cleanup: 156458 ns, At safepoint: 4250 ns, Total: 344917 ns
[2025-06-05T22:36:07.818+0000][17.556s][debug][safepoint   ] Safepoint synchronization initiated using futex wait barrier. (71 threads)
[2025-06-05T22:36:07.819+0000][17.556s][info ][safepoint   ] Safepoint "ICBufferFull", Time since last: 130938583 ns, Reaching safepoint: 198500 ns, Cleanup: 115084 ns, At safepoint: 5041 ns, Total: 318625 ns
[2025-06-05T22:36:07.846+0000][17.583s][debug][safepoint   ] Safepoint synchronization initiated using futex wait barrier. (71 threads)
[2025-06-05T22:36:07.846+0000][17.583s][info ][gc,start    ] GC(66) Pause Young (Normal) (G1 Evacuation Pause)
[2025-06-05T22:36:07.846+0000][17.583s][info ][gc,task     ] GC(66) Using 2 workers of 2 for evacuation
[2025-06-05T22:36:07.858+0000][17.595s][info ][gc,phases   ] GC(66)   Pre Evacuate Collection Set: 0.1ms
[2025-06-05T22:36:07.858+0000][17.595s][info ][gc,phases   ] GC(66)   Merge Heap Roots: 0.1ms
[2025-06-05T22:36:07.858+0000][17.595s][info ][gc,phases   ] GC(66)   Evacuate Collection Set: 10.3ms
[2025-06-05T22:36:07.858+0000][17.595s][info ][gc,phases   ] GC(66)   Post Evacuate Collection Set: 1.1ms
[2025-06-05T22:36:07.858+0000][17.595s][info ][gc,phases   ] GC(66)   Other: 0.2ms
[2025-06-05T22:36:07.858+0000][17.595s][info ][gc,heap     ] GC(66) Eden regions: 239->0(232)
[2025-06-05T22:36:07.858+0000][17.596s][info ][gc,heap     ] GC(66) Survivor regions: 1->7(30)
[2025-06-05T22:36:07.858+0000][17.596s][info ][gc,heap     ] GC(66) Old regions: 127->127
[2025-06-05T22:36:07.858+0000][17.596s][info ][gc,heap     ] GC(66) Archive regions: 2->2
[2025-06-05T22:36:07.858+0000][17.596s][info ][gc,heap     ] GC(66) Humongous regions: 0->0
[2025-06-05T22:36:07.858+0000][17.596s][info ][gc,metaspace] GC(66) Metaspace: 150033K(151104K)->150033K(151104K) NonClass: 131574K(132160K)->131574K(132160K) Class: 18459K(18944K)->18459K(18944K)
[2025-06-05T22:36:07.859+0000][17.596s][info ][gc          ] GC(66) Pause Young (Normal) (G1 Evacuation Pause) 367M->134M(430M) 12.418ms
[2025-06-05T22:36:07.859+0000][17.596s][info ][gc,cpu      ] GC(66) User=0.03s Sys=0.00s Real=0.02s
[2025-06-05T22:36:07.859+0000][17.596s][info ][safepoint   ] Safepoint "G1CollectForAllocation", Time since last: 27167459 ns, Reaching safepoint: 198625 ns, Cleanup: 11541 ns, At safepoint: 12638459 ns, Total: 12848625 ns
[2025-06-05T22:36:08.261+0000][17.998s][debug][safepoint   ] Safepoint synchronization initiated using futex wait barrier. (71 threads)
[2025-06-05T22:36:08.261+0000][17.998s][info ][safepoint   ] Safepoint "ICBufferFull", Time since last: 402190791 ns, Reaching safepoint: 196209 ns, Cleanup: 131958 ns, At safepoint: 6125 ns, Total: 334292 ns
[2025-06-05T22:36:08.328+0000][18.065s][debug][safepoint   ] Safepoint synchronization initiated using futex wait barrier. (71 threads)
[2025-06-05T22:36:08.328+0000][18.065s][info ][gc,start    ] GC(67) Pause Young (Normal) (G1 Evacuation Pause)
[2025-06-05T22:36:08.328+0000][18.065s][info ][gc,task     ] GC(67) Using 2 workers of 2 for evacuation
[2025-06-05T22:36:08.346+0000][18.083s][info ][gc,phases   ] GC(67)   Pre Evacuate Collection Set: 0.1ms
[2025-06-05T22:36:08.346+0000][18.083s][info ][gc,phases   ] GC(67)   Merge Heap Roots: 0.1ms
[2025-06-05T22:36:08.346+0000][18.083s][info ][gc,phases   ] GC(67)   Evacuate Collection Set: 11.5ms
[2025-06-05T22:36:08.346+0000][18.083s][info ][gc,phases   ] GC(67)   Post Evacuate Collection Set: 5.6ms
[2025-06-05T22:36:08.346+0000][18.083s][info ][gc,phases   ] GC(67)   Other: 0.2ms
[2025-06-05T22:36:08.346+0000][18.083s][info ][gc,heap     ] GC(67) Eden regions: 232->0(228)
[2025-06-05T22:36:08.346+0000][18.083s][info ][gc,heap     ] GC(67) Survivor regions: 7->12(30)
[2025-06-05T22:36:08.346+0000][18.083s][info ][gc,heap     ] GC(67) Old regions: 127->127
[2025-06-05T22:36:08.346+0000][18.083s][info ][gc,heap     ] GC(67) Archive regions: 2->2
[2025-06-05T22:36:08.346+0000][18.083s][info ][gc,heap     ] GC(67) Humongous regions: 0->0
[2025-06-05T22:36:08.346+0000][18.083s][info ][gc,metaspace] GC(67) Metaspace: 151678K(152768K)->151678K(152768K) NonClass: 132941K(133504K)->132941K(133504K) Class: 18737K(19264K)->18737K(19264K)
[2025-06-05T22:36:08.346+0000][18.083s][info ][gc          ] GC(67) Pause Young (Normal) (G1 Evacuation Pause) 366M->138M(430M) 18.075ms
[2025-06-05T22:36:08.346+0000][18.083s][info ][gc,cpu      ] GC(67) User=0.03s Sys=0.00s Real=0.01s
[2025-06-05T22:36:08.346+0000][18.084s][info ][safepoint   ] Safepoint "G1CollectForAllocation", Time since last: 66627667 ns, Reaching safepoint: 198208 ns, Cleanup: 10750 ns, At safepoint: 18259584 ns, Total: 18468542 ns
[2025-06-05T22:36:08.563+0000][18.300s][debug][safepoint   ] Safepoint synchronization initiated using futex wait barrier. (71 threads)
[2025-06-05T22:36:08.563+0000][18.300s][info ][safepoint   ] Safepoint "ICBufferFull", Time since last: 216663958 ns, Reaching safepoint: 212375 ns, Cleanup: 91167 ns, At safepoint: 1750 ns, Total: 305292 ns
[2025-06-05T22:36:08.822+0000][18.560s][debug][safepoint   ] Safepoint synchronization initiated using futex wait barrier. (74 threads)
[2025-06-05T22:36:08.823+0000][18.560s][info ][gc,start    ] GC(68) Pause Young (Normal) (G1 Evacuation Pause)
[2025-06-05T22:36:08.823+0000][18.560s][info ][gc,task     ] GC(68) Using 2 workers of 2 for evacuation
[2025-06-05T22:36:08.847+0000][18.584s][info ][gc,phases   ] GC(68)   Pre Evacuate Collection Set: 0.1ms
[2025-06-05T22:36:08.847+0000][18.584s][info ][gc,phases   ] GC(68)   Merge Heap Roots: 0.1ms
[2025-06-05T22:36:08.847+0000][18.584s][info ][gc,phases   ] GC(68)   Evacuate Collection Set: 22.7ms
[2025-06-05T22:36:08.847+0000][18.584s][info ][gc,phases   ] GC(68)   Post Evacuate Collection Set: 1.3ms
[2025-06-05T22:36:08.847+0000][18.584s][info ][gc,phases   ] GC(68)   Other: 0.2ms
[2025-06-05T22:36:08.847+0000][18.585s][info ][gc,heap     ] GC(68) Eden regions: 228->0(224)
[2025-06-05T22:36:08.847+0000][18.585s][info ][gc,heap     ] GC(68) Survivor regions: 12->16(30)
[2025-06-05T22:36:08.847+0000][18.585s][info ][gc,heap     ] GC(68) Old regions: 127->127
[2025-06-05T22:36:08.847+0000][18.585s][info ][gc,heap     ] GC(68) Archive regions: 2->2
[2025-06-05T22:36:08.848+0000][18.585s][info ][gc,heap     ] GC(68) Humongous regions: 0->0
[2025-06-05T22:36:08.848+0000][18.585s][info ][gc,metaspace] GC(68) Metaspace: 154760K(155904K)->154760K(155904K) NonClass: 135549K(136128K)->135549K(136128K) Class: 19211K(19776K)->19211K(19776K)
[2025-06-05T22:36:08.848+0000][18.585s][info ][gc          ] GC(68) Pause Young (Normal) (G1 Evacuation Pause) 366M->143M(430M) 25.021ms
[2025-06-05T22:36:08.848+0000][18.585s][info ][gc,cpu      ] GC(68) User=0.04s Sys=0.00s Real=0.03s
[2025-06-05T22:36:08.848+0000][18.585s][info ][safepoint   ] Safepoint "G1CollectForAllocation", Time since last: 259010875 ns, Reaching safepoint: 203000 ns, Cleanup: 62666 ns, At safepoint: 25180625 ns, Total: 25446291 ns
[2025-06-05T22:36:09.076+0000][18.813s][debug][safepoint   ] Safepoint synchronization initiated using futex wait barrier. (74 threads)
[2025-06-05T22:36:09.078+0000][18.816s][info ][safepoint   ] Safepoint "ICBufferFull", Time since last: 228281709 ns, Reaching safepoint: 2245000 ns, Cleanup: 138917 ns, At safepoint: 4000 ns, Total: 2387917 ns
[2025-06-05T22:36:09.250+0000][18.987s][debug][safepoint   ] Safepoint synchronization initiated using futex wait barrier. (88 threads)
[2025-06-05T22:36:09.250+0000][18.987s][info ][safepoint   ] Safepoint "ICBufferFull", Time since last: 171457000 ns, Reaching safepoint: 204666 ns, Cleanup: 132209 ns, At safepoint: 1958 ns, Total: 338833 ns
[2025-06-05T22:36:09.287+0000][19.024s][debug][safepoint   ] Safepoint synchronization initiated using futex wait barrier. (137 threads)
[2025-06-05T22:36:09.288+0000][19.026s][info ][safepoint   ] Safepoint "ICBufferFull", Time since last: 37014667 ns, Reaching safepoint: 985416 ns, Cleanup: 95459 ns, At safepoint: 11375 ns, Total: 1092250 ns
[2025-06-05T22:36:09.454+0000][19.192s][debug][safepoint   ] Safepoint synchronization initiated using futex wait barrier. (140 threads)
[2025-06-05T22:36:09.455+0000][19.192s][info ][gc,start    ] GC(69) Pause Young (Normal) (G1 Evacuation Pause)
[2025-06-05T22:36:09.455+0000][19.192s][info ][gc,task     ] GC(69) Using 2 workers of 2 for evacuation
[2025-06-05T22:36:09.481+0000][19.218s][info ][gc,phases   ] GC(69)   Pre Evacuate Collection Set: 0.1ms
[2025-06-05T22:36:09.481+0000][19.218s][info ][gc,phases   ] GC(69)   Merge Heap Roots: 0.1ms
[2025-06-05T22:36:09.481+0000][19.218s][info ][gc,phases   ] GC(69)   Evacuate Collection Set: 23.6ms
[2025-06-05T22:36:09.481+0000][19.218s][info ][gc,phases   ] GC(69)   Post Evacuate Collection Set: 1.4ms
[2025-06-05T22:36:09.481+0000][19.218s][info ][gc,phases   ] GC(69)   Other: 0.2ms
[2025-06-05T22:36:09.481+0000][19.218s][info ][gc,heap     ] GC(69) Eden regions: 224->0(210)
[2025-06-05T22:36:09.481+0000][19.218s][info ][gc,heap     ] GC(69) Survivor regions: 16->20(30)
[2025-06-05T22:36:09.481+0000][19.218s][info ][gc,heap     ] GC(69) Old regions: 127->133
[2025-06-05T22:36:09.481+0000][19.218s][info ][gc,heap     ] GC(69) Archive regions: 2->2
[2025-06-05T22:36:09.481+0000][19.218s][info ][gc,heap     ] GC(69) Humongous regions: 0->0
[2025-06-05T22:36:09.481+0000][19.218s][info ][gc,metaspace] GC(69) Metaspace: 159771K(160960K)->159771K(160960K) NonClass: 139940K(140544K)->139940K(140544K) Class: 19831K(20416K)->19831K(20416K)
[2025-06-05T22:36:09.481+0000][19.219s][info ][gc          ] GC(69) Pause Young (Normal) (G1 Evacuation Pause) 367M->152M(430M) 26.117ms
[2025-06-05T22:36:09.481+0000][19.219s][info ][gc,cpu      ] GC(69) User=0.05s Sys=0.00s Real=0.03s
[2025-06-05T22:36:09.482+0000][19.219s][info ][safepoint   ] Safepoint "G1CollectForAllocation", Time since last: 166039250 ns, Reaching safepoint: 736458 ns, Cleanup: 92833 ns, At safepoint: 26378167 ns, Total: 27207458 ns
[2025-06-05T22:36:09.606+0000][19.343s][debug][safepoint   ] Safepoint synchronization initiated using futex wait barrier. (159 threads)
[2025-06-05T22:36:09.606+0000][19.343s][info ][safepoint   ] Safepoint "ICBufferFull", Time since last: 123957708 ns, Reaching safepoint: 182334 ns, Cleanup: 99583 ns, At safepoint: 12833 ns, Total: 294750 ns
[2025-06-05T22:36:09.769+0000][19.506s][debug][safepoint   ] Safepoint synchronization initiated using futex wait barrier. (160 threads)
[2025-06-05T22:36:09.769+0000][19.506s][info ][safepoint   ] Safepoint "ICBufferFull", Time since last: 163129709 ns, Reaching safepoint: 202292 ns, Cleanup: 103500 ns, At safepoint: 5916 ns, Total: 311708 ns
[2025-06-05T22:36:09.860+0000][19.597s][debug][safepoint   ] Safepoint synchronization initiated using futex wait barrier. (162 threads)
[2025-06-05T22:36:09.860+0000][19.597s][info ][safepoint   ] Safepoint "ICBufferFull", Time since last: 90481250 ns, Reaching safepoint: 192084 ns, Cleanup: 130458 ns, At safepoint: 5083 ns, Total: 327625 ns
[2025-06-05T22:36:09.985+0000][19.722s][debug][safepoint   ] Safepoint synchronization initiated using futex wait barrier. (171 threads)
[2025-06-05T22:36:09.985+0000][19.722s][info ][gc,start    ] GC(70) Pause Young (Normal) (G1 Evacuation Pause)
[2025-06-05T22:36:09.985+0000][19.722s][info ][gc,task     ] GC(70) Using 2 workers of 2 for evacuation
[2025-06-05T22:36:10.006+0000][19.744s][info ][gc,phases   ] GC(70)   Pre Evacuate Collection Set: 0.1ms
[2025-06-05T22:36:10.007+0000][19.744s][info ][gc,phases   ] GC(70)   Merge Heap Roots: 0.1ms
[2025-06-05T22:36:10.007+0000][19.744s][info ][gc,phases   ] GC(70)   Evacuate Collection Set: 19.5ms
[2025-06-05T22:36:10.007+0000][19.744s][info ][gc,phases   ] GC(70)   Post Evacuate Collection Set: 1.5ms
[2025-06-05T22:36:10.007+0000][19.744s][info ][gc,phases   ] GC(70)   Other: 0.2ms
[2025-06-05T22:36:10.007+0000][19.744s][info ][gc,heap     ] GC(70) Eden regions: 210->0(209)
[2025-06-05T22:36:10.007+0000][19.744s][info ][gc,heap     ] GC(70) Survivor regions: 20->12(29)
[2025-06-05T22:36:10.007+0000][19.744s][info ][gc,heap     ] GC(70) Old regions: 133->142
[2025-06-05T22:36:10.007+0000][19.744s][info ][gc,heap     ] GC(70) Archive regions: 2->2
[2025-06-05T22:36:10.007+0000][19.744s][info ][gc,heap     ] GC(70) Humongous regions: 0->0
[2025-06-05T22:36:10.007+0000][19.744s][info ][gc,metaspace] GC(70) Metaspace: 162531K(163712K)->162531K(163712K) NonClass: 142283K(142912K)->142283K(142912K) Class: 20247K(20800K)->20247K(20800K)
[2025-06-05T22:36:10.007+0000][19.744s][info ][gc          ] GC(70) Pause Young (Normal) (G1 Evacuation Pause) 362M->154M(430M) 22.106ms
[2025-06-05T22:36:10.007+0000][19.744s][info ][gc,cpu      ] GC(70) User=0.04s Sys=0.00s Real=0.03s
[2025-06-05T22:36:10.007+0000][19.745s][info ][safepoint   ] Safepoint "G1CollectForAllocation", Time since last: 124689209 ns, Reaching safepoint: 165583 ns, Cleanup: 77417 ns, At safepoint: 22397666 ns, Total: 22640666 ns
[2025-06-05T22:36:10.114+0000][19.851s][debug][safepoint   ] Safepoint synchronization initiated using futex wait barrier. (173 threads)
[2025-06-05T22:36:10.115+0000][19.852s][info ][safepoint   ] Safepoint "ICBufferFull", Time since last: 106823334 ns, Reaching safepoint: 498041 ns, Cleanup: 96292 ns, At safepoint: 7708 ns, Total: 602041 ns
[2025-06-05T22:36:10.165+0000][19.902s][debug][safepoint   ] Safepoint synchronization initiated using futex wait barrier. (179 threads)
[2025-06-05T22:36:10.165+0000][19.902s][info ][safepoint   ] Safepoint "ICBufferFull", Time since last: 50183250 ns, Reaching safepoint: 180709 ns, Cleanup: 82958 ns, At safepoint: 7667 ns, Total: 271334 ns
[2025-06-05T22:36:10.254+0000][19.992s][debug][safepoint   ] Safepoint synchronization initiated using futex wait barrier. (189 threads)
[2025-06-05T22:36:10.255+0000][19.992s][info ][safepoint   ] Safepoint "ICBufferFull", Time since last: 89176166 ns, Reaching safepoint: 599959 ns, Cleanup: 90750 ns, At safepoint: 14041 ns, Total: 704750 ns
[2025-06-05T22:36:10.279+0000][20.016s][debug][safepoint   ] Safepoint synchronization initiated using futex wait barrier. (189 threads)
[2025-06-05T22:36:10.279+0000][20.016s][info ][safepoint   ] Safepoint "ICBufferFull", Time since last: 23808917 ns, Reaching safepoint: 204542 ns, Cleanup: 102583 ns, At safepoint: 8958 ns, Total: 316083 ns
[2025-06-05T22:36:10.354+0000][20.091s][debug][safepoint   ] Safepoint synchronization initiated using futex wait barrier. (189 threads)
[2025-06-05T22:36:10.355+0000][20.092s][info ][safepoint   ] Safepoint "ICBufferFull", Time since last: 74527084 ns, Reaching safepoint: 1352291 ns, Cleanup: 87542 ns, At safepoint: 29167 ns, Total: 1469000 ns
[2025-06-05T22:36:11.376+0000][21.113s][debug][safepoint   ] Safepoint synchronization initiated using futex wait barrier. (189 threads)
[2025-06-05T22:36:11.378+0000][21.115s][info ][safepoint   ] Safepoint "Cleanup", Time since last: 1020541750 ns, Reaching safepoint: 1360292 ns, Cleanup: 300208 ns, At safepoint: 16834 ns, Total: 1677334 ns
[2025-06-05T22:36:12.378+0000][22.115s][debug][safepoint   ] Safepoint synchronization initiated using futex wait barrier. (191 threads)
[2025-06-05T22:36:12.383+0000][22.120s][info ][safepoint   ] Safepoint "Cleanup", Time since last: 1000623458 ns, Reaching safepoint: 4331084 ns, Cleanup: 124083 ns, At safepoint: 38250 ns, Total: 4493417 ns
[2025-06-05T22:36:13.386+0000][23.123s][debug][safepoint   ] Safepoint synchronization initiated using futex wait barrier. (191 threads)
[2025-06-05T22:36:13.386+0000][23.123s][info ][safepoint   ] Safepoint "Cleanup", Time since last: 1003149292 ns, Reaching safepoint: 470125 ns, Cleanup: 45417 ns, At safepoint: 5750 ns, Total: 521292 ns
[2025-06-05T22:36:14.389+0000][24.126s][debug][safepoint   ] Safepoint synchronization initiated using futex wait barrier. (191 threads)
[2025-06-05T22:36:14.391+0000][24.128s][info ][safepoint   ] Safepoint "Cleanup", Time since last: 1002747584 ns, Reaching safepoint: 1876500 ns, Cleanup: 22208 ns, At safepoint: 6750 ns, Total: 1905458 ns
[2025-06-05T22:36:15.393+0000][25.130s][debug][safepoint   ] Safepoint synchronization initiated using futex wait barrier. (190 threads)
[2025-06-05T22:36:15.394+0000][25.131s][info ][safepoint   ] Safepoint "Cleanup", Time since last: 1001850042 ns, Reaching safepoint: 961167 ns, Cleanup: 94542 ns, At safepoint: 14333 ns, Total: 1070042 ns
[2025-06-05T22:36:16.396+0000][26.133s][debug][safepoint   ] Safepoint synchronization initiated using futex wait barrier. (190 threads)
[2025-06-05T22:36:16.398+0000][26.135s][info ][safepoint   ] Safepoint "Cleanup", Time since last: 1001515667 ns, Reaching safepoint: 1944333 ns, Cleanup: 54458 ns, At safepoint: 13292 ns, Total: 2012083 ns
[2025-06-05T22:36:17.400+0000][27.136s][debug][safepoint   ] Safepoint synchronization initiated using futex wait barrier. (190 threads)
[2025-06-05T22:36:17.401+0000][27.137s][info ][safepoint   ] Safepoint "Cleanup", Time since last: 1001788876 ns, Reaching safepoint: 900375 ns, Cleanup: 64916 ns, At safepoint: 26167 ns, Total: 991458 ns
[2025-06-05T22:36:18.404+0000][28.141s][debug][safepoint   ] Safepoint synchronization initiated using futex wait barrier. (190 threads)
[2025-06-05T22:36:18.406+0000][28.142s][info ][safepoint   ] Safepoint "Cleanup", Time since last: 1003138834 ns, Reaching safepoint: 1784416 ns, Cleanup: 54917 ns, At safepoint: 26208 ns, Total: 1865541 ns
[2025-06-05T22:36:19.407+0000][29.143s][debug][safepoint   ] Safepoint synchronization initiated using futex wait barrier. (190 threads)
[2025-06-05T22:36:19.407+0000][29.144s][info ][safepoint   ] Safepoint "Cleanup", Time since last: 1000978376 ns, Reaching safepoint: 332333 ns, Cleanup: 40334 ns, At safepoint: 6291 ns, Total: 378958 ns
[2025-06-05T22:36:20.409+0000][30.145s][debug][safepoint   ] Safepoint synchronization initiated using futex wait barrier. (190 threads)
[2025-06-05T22:36:20.411+0000][30.147s][info ][safepoint   ] Safepoint "Cleanup", Time since last: 1001617167 ns, Reaching safepoint: 2033417 ns, Cleanup: 75875 ns, At safepoint: 12417 ns, Total: 2121709 ns
[2025-06-05T22:36:35.438+0000][45.175s][debug][safepoint   ] Safepoint synchronization initiated using futex wait barrier. (191 threads)
[2025-06-05T22:36:35.439+0000][45.176s][info ][safepoint   ] Safepoint "Cleanup", Time since last: 15027551923 ns, Reaching safepoint: 983834 ns, Cleanup: 103875 ns, At safepoint: 11666 ns, Total: 1099375 ns
[2025-06-05T22:36:36.441+0000][46.178s][debug][safepoint   ] Safepoint synchronization initiated using futex wait barrier. (191 threads)
[2025-06-05T22:36:36.442+0000][46.179s][info ][safepoint   ] Safepoint "Cleanup", Time since last: 1001887668 ns, Reaching safepoint: 968125 ns, Cleanup: 62666 ns, At safepoint: 13042 ns, Total: 1043833 ns
[2025-06-05T22:36:37.445+0000][47.182s][debug][safepoint   ] Safepoint synchronization initiated using futex wait barrier. (191 threads)
[2025-06-05T22:36:37.447+0000][47.183s][info ][safepoint   ] Safepoint "Cleanup", Time since last: 1002865792 ns, Reaching safepoint: 1279250 ns, Cleanup: 91250 ns, At safepoint: 16167 ns, Total: 1386667 ns
[2025-06-05T22:36:38.450+0000][48.187s][debug][safepoint   ] Safepoint synchronization initiated using futex wait barrier. (191 threads)
[2025-06-05T22:36:38.452+0000][48.188s][info ][safepoint   ] Safepoint "Cleanup", Time since last: 1003634792 ns, Reaching safepoint: 1322125 ns, Cleanup: 75708 ns, At safepoint: 17000 ns, Total: 1414833 ns
[2025-06-05T22:36:41.700+0000][51.436s][debug][safepoint   ] Safepoint synchronization initiated using futex wait barrier. (191 threads)
[2025-06-05T22:36:41.700+0000][51.437s][info ][safepoint   ] Safepoint "ICBufferFull", Time since last: 3247808877 ns, Reaching safepoint: 396166 ns, Cleanup: 318375 ns, At safepoint: 9334 ns, Total: 723875 ns
[2025-06-05T22:36:41.709+0000][51.445s][debug][safepoint   ] Safepoint synchronization initiated using futex wait barrier. (191 threads)
[2025-06-05T22:36:41.709+0000][51.446s][info ][safepoint   ] Safepoint "ICBufferFull", Time since last: 8395458 ns, Reaching safepoint: 254083 ns, Cleanup: 234084 ns, At safepoint: 5250 ns, Total: 493417 ns
[2025-06-05T22:36:42.712+0000][52.449s][debug][safepoint   ] Safepoint synchronization initiated using futex wait barrier. (191 threads)
[2025-06-05T22:36:42.713+0000][52.450s][info ][safepoint   ] Safepoint "Cleanup", Time since last: 1002901167 ns, Reaching safepoint: 938125 ns, Cleanup: 373708 ns, At safepoint: 16584 ns, Total: 1328417 ns
[2025-06-05T22:36:51.380+0000][61.117s][debug][safepoint   ] Safepoint synchronization initiated using futex wait barrier. (191 threads)
[2025-06-05T22:36:51.381+0000][61.118s][info ][safepoint   ] Safepoint "Cleanup", Time since last: 8666546795 ns, Reaching safepoint: 913458 ns, Cleanup: 40375 ns, At safepoint: 12875 ns, Total: 966708 ns
[2025-06-05T22:36:55.392+0000][65.129s][debug][safepoint   ] Safepoint synchronization initiated using futex wait barrier. (191 threads)
[2025-06-05T22:36:55.393+0000][65.129s][info ][safepoint   ] Safepoint "Cleanup", Time since last: 4011418794 ns, Reaching safepoint: 423833 ns, Cleanup: 24709 ns, At safepoint: 16416 ns, Total: 464958 ns
[2025-06-05T22:36:56.396+0000][66.132s][debug][safepoint   ] Safepoint synchronization initiated using futex wait barrier. (190 threads)
[2025-06-05T22:36:56.396+0000][66.133s][info ][safepoint   ] Safepoint "Cleanup", Time since last: 1002954793 ns, Reaching safepoint: 533541 ns, Cleanup: 26417 ns, At safepoint: 7167 ns, Total: 567125 ns
[2025-06-05T22:37:08.416+0000][78.153s][debug][safepoint   ] Safepoint synchronization initiated using futex wait barrier. (190 threads)
[2025-06-05T22:37:08.419+0000][78.156s][info ][safepoint   ] Safepoint "Cleanup", Time since last: 12019784422 ns, Reaching safepoint: 2727750 ns, Cleanup: 103917 ns, At safepoint: 14958 ns, Total: 2846625 ns
[2025-06-05T22:37:09.421+0000][79.158s][debug][safepoint   ] Safepoint synchronization initiated using futex wait barrier. (187 threads)
[2025-06-05T22:37:09.421+0000][79.158s][info ][safepoint   ] Safepoint "Cleanup", Time since last: 1002292500 ns, Reaching safepoint: 182459 ns, Cleanup: 29458 ns, At safepoint: 3125 ns, Total: 215042 ns
[2025-06-05T22:37:11.424+0000][81.161s][debug][safepoint   ] Safepoint synchronization initiated using futex wait barrier. (179 threads)
[2025-06-05T22:37:11.424+0000][81.161s][info ][safepoint   ] Safepoint "Cleanup", Time since last: 2002430126 ns, Reaching safepoint: 256458 ns, Cleanup: 29625 ns, At safepoint: 6375 ns, Total: 292458 ns
[2025-06-05T22:37:13.427+0000][83.164s][debug][safepoint   ] Safepoint synchronization initiated using futex wait barrier. (179 threads)
[2025-06-05T22:37:13.428+0000][83.164s][info ][safepoint   ] Safepoint "Cleanup", Time since last: 2003394960 ns, Reaching safepoint: 205000 ns, Cleanup: 18083 ns, At safepoint: 2625 ns, Total: 225708 ns
[2025-06-05T22:37:14.429+0000][84.166s][debug][safepoint   ] Safepoint synchronization initiated using futex wait barrier. (179 threads)
[2025-06-05T22:37:14.429+0000][84.166s][info ][safepoint   ] Safepoint "Cleanup", Time since last: 1001224584 ns, Reaching safepoint: 320833 ns, Cleanup: 23833 ns, At safepoint: 6459 ns, Total: 351125 ns
[2025-06-05T22:37:17.434+0000][87.171s][debug][safepoint   ] Safepoint synchronization initiated using futex wait barrier. (179 threads)
[2025-06-05T22:37:17.435+0000][87.172s][info ][safepoint   ] Safepoint "Cleanup", Time since last: 3004523042 ns, Reaching safepoint: 1191042 ns, Cleanup: 65000 ns, At safepoint: 12666 ns, Total: 1268708 ns
[2025-06-05T22:37:18.436+0000][88.173s][debug][safepoint   ] Safepoint synchronization initiated using futex wait barrier. (179 threads)
[2025-06-05T22:37:18.437+0000][88.174s][info ][safepoint   ] Safepoint "Cleanup", Time since last: 1000879209 ns, Reaching safepoint: 1174125 ns, Cleanup: 94500 ns, At safepoint: 12167 ns, Total: 1280792 ns
[2025-06-05T22:37:22.444+0000][92.181s][debug][safepoint   ] Safepoint synchronization initiated using futex wait barrier. (179 threads)
[2025-06-05T22:37:22.445+0000][92.182s][info ][safepoint   ] Safepoint "Cleanup", Time since last: 4006752085 ns, Reaching safepoint: 735875 ns, Cleanup: 58042 ns, At safepoint: 13333 ns, Total: 807250 ns
[2025-06-05T22:37:26.450+0000][96.187s][debug][safepoint   ] Safepoint synchronization initiated using futex wait barrier. (179 threads)
[2025-06-05T22:37:26.451+0000][96.188s][info ][safepoint   ] Safepoint "Cleanup", Time since last: 4005250794 ns, Reaching safepoint: 1015875 ns, Cleanup: 67416 ns, At safepoint: 12042 ns, Total: 1095333 ns
[2025-06-05T22:37:33.465+0000][103.201s][debug][safepoint   ] Safepoint synchronization initiated using futex wait barrier. (179 threads)
[2025-06-05T22:37:33.466+0000][103.203s][info ][safepoint   ] Safepoint "Cleanup", Time since last: 7013584420 ns, Reaching safepoint: 1384917 ns, Cleanup: 59291 ns, At safepoint: 11584 ns, Total: 1455792 ns
[2025-06-05T22:37:36.192+0000][105.929s][debug][safepoint   ] Safepoint synchronization initiated using futex wait barrier. (179 threads)
[2025-06-05T22:37:36.193+0000][105.929s][info ][gc,start    ] GC(71) Pause Young (Normal) (G1 Evacuation Pause)
[2025-06-05T22:37:36.193+0000][105.929s][info ][gc,task     ] GC(71) Using 2 workers of 2 for evacuation
[2025-06-05T22:37:36.224+0000][105.961s][info ][gc,phases   ] GC(71)   Pre Evacuate Collection Set: 0.1ms
[2025-06-05T22:37:36.224+0000][105.961s][info ][gc,phases   ] GC(71)   Merge Heap Roots: 0.2ms
[2025-06-05T22:37:36.225+0000][105.961s][info ][gc,phases   ] GC(71)   Evacuate Collection Set: 29.8ms
[2025-06-05T22:37:36.225+0000][105.961s][info ][gc,phases   ] GC(71)   Post Evacuate Collection Set: 1.4ms
[2025-06-05T22:37:36.225+0000][105.961s][info ][gc,phases   ] GC(71)   Other: 0.3ms
[2025-06-05T22:37:36.225+0000][105.961s][info ][gc,heap     ] GC(71) Eden regions: 209->0(209)
[2025-06-05T22:37:36.225+0000][105.961s][info ][gc,heap     ] GC(71) Survivor regions: 12->15(28)
[2025-06-05T22:37:36.225+0000][105.961s][info ][gc,heap     ] GC(71) Old regions: 142->142
[2025-06-05T22:37:36.225+0000][105.961s][info ][gc,heap     ] GC(71) Archive regions: 2->2
[2025-06-05T22:37:36.225+0000][105.961s][info ][gc,heap     ] GC(71) Humongous regions: 0->0
[2025-06-05T22:37:36.225+0000][105.962s][info ][gc,metaspace] GC(71) Metaspace: 165340K(166592K)->165340K(166592K) NonClass: 144752K(145408K)->144752K(145408K) Class: 20588K(21184K)->20588K(21184K)
[2025-06-05T22:37:36.225+0000][105.962s][info ][gc          ] GC(71) Pause Young (Normal) (G1 Evacuation Pause) 363M->157M(430M) 32.443ms
[2025-06-05T22:37:36.225+0000][105.962s][info ][gc,cpu      ] GC(71) User=0.06s Sys=0.00s Real=0.03s
[2025-06-05T22:37:36.225+0000][105.962s][info ][safepoint   ] Safepoint "G1CollectForAllocation", Time since last: 2725981918 ns, Reaching safepoint: 213791 ns, Cleanup: 3917 ns, At safepoint: 32926333 ns, Total: 33144041 ns
[2025-06-05T22:37:37.346+0000][107.083s][debug][safepoint   ] Safepoint synchronization initiated using futex wait barrier. (179 threads)
[2025-06-05T22:37:37.347+0000][107.083s][info ][safepoint   ] Safepoint "Cleanup", Time since last: 1120819542 ns, Reaching safepoint: 489667 ns, Cleanup: 154792 ns, At safepoint: 15500 ns, Total: 659959 ns
[2025-06-05T22:37:38.348+0000][108.084s][debug][safepoint   ] Safepoint synchronization initiated using futex wait barrier. (179 threads)
[2025-06-05T22:37:38.348+0000][108.085s][info ][safepoint   ] Safepoint "Cleanup", Time since last: 1000891417 ns, Reaching safepoint: 533000 ns, Cleanup: 37625 ns, At safepoint: 10917 ns, Total: 581542 ns
[2025-06-05T22:37:39.350+0000][109.087s][debug][safepoint   ] Safepoint synchronization initiated using futex wait barrier. (179 threads)
[2025-06-05T22:37:39.352+0000][109.088s][info ][safepoint   ] Safepoint "Cleanup", Time since last: 1002110458 ns, Reaching safepoint: 1052459 ns, Cleanup: 77166 ns, At safepoint: 12417 ns, Total: 1142042 ns
[2025-06-05T22:37:54.624+0000][124.361s][debug][safepoint   ] Safepoint synchronization initiated using futex wait barrier. (179 threads)
[2025-06-05T22:37:54.625+0000][124.362s][info ][safepoint   ] Safepoint "Cleanup", Time since last: 15273079299 ns, Reaching safepoint: 431541 ns, Cleanup: 24959 ns, At safepoint: 4750 ns, Total: 461250 ns
[2025-06-05T22:38:08.641+0000][138.378s][debug][safepoint   ] Safepoint synchronization initiated using futex wait barrier. (179 threads)
[2025-06-05T22:38:08.642+0000][138.379s][info ][safepoint   ] Safepoint "Cleanup", Time since last: 14015872631 ns, Reaching safepoint: 1363667 ns, Cleanup: 85250 ns, At safepoint: 13208 ns, Total: 1462125 ns
[2025-06-05T22:38:12.650+0000][142.387s][debug][safepoint   ] Safepoint synchronization initiated using futex wait barrier. (175 threads)
[2025-06-05T22:38:12.650+0000][142.387s][info ][safepoint   ] Safepoint "Cleanup", Time since last: 4007800336 ns, Reaching safepoint: 448250 ns, Cleanup: 41041 ns, At safepoint: 9875 ns, Total: 499166 ns
[2025-06-05T22:38:26.670+0000][156.407s][debug][safepoint   ] Safepoint synchronization initiated using futex wait barrier. (175 threads)
[2025-06-05T22:38:26.671+0000][156.408s][info ][safepoint   ] Safepoint "Cleanup", Time since last: 14019699465 ns, Reaching safepoint: 1078833 ns, Cleanup: 110500 ns, At safepoint: 17500 ns, Total: 1206833 ns
[2025-06-05T22:38:34.686+0000][164.423s][debug][safepoint   ] Safepoint synchronization initiated using futex wait barrier. (175 threads)
[2025-06-05T22:38:34.687+0000][164.424s][info ][safepoint   ] Safepoint "Cleanup", Time since last: 8014397087 ns, Reaching safepoint: 1024750 ns, Cleanup: 55042 ns, At safepoint: 16000 ns, Total: 1095792 ns
