[2025-06-05T22:51:52.844+0000][0.003s][info][gc] Using G1
[2025-06-05T22:51:52.845+0000][0.005s][info][gc,init] Version: 17.0.12+7-Debian-2deb12u1 (release)
[2025-06-05T22:51:52.845+0000][0.005s][info][gc,init] CPUs: 10 total, 2 available
[2025-06-05T22:51:52.845+0000][0.005s][info][gc,init] Memory: 4096M
[2025-06-05T22:51:52.845+0000][0.005s][info][gc,init] Large Page Support: Disabled
[2025-06-05T22:51:52.845+0000][0.005s][info][gc,init] NUMA Support: Disabled
[2025-06-05T22:51:52.846+0000][0.005s][info][gc,init] Compressed Oops: Enabled (32-bit)
[2025-06-05T22:51:52.846+0000][0.005s][info][gc,init] Heap Region Size: 1M
[2025-06-05T22:51:52.846+0000][0.005s][info][gc,init] Heap Min Capacity: 8M
[2025-06-05T22:51:52.846+0000][0.005s][info][gc,init] Heap Initial Capacity: 64M
[2025-06-05T22:51:52.846+0000][0.005s][info][gc,init] Heap Max Capacity: 1G
[2025-06-05T22:51:52.846+0000][0.005s][info][gc,init] Pre-touch: Disabled
[2025-06-05T22:51:52.846+0000][0.005s][info][gc,init] Parallel Workers: 2
[2025-06-05T22:51:52.846+0000][0.005s][info][gc,init] Concurrent Workers: 1
[2025-06-05T22:51:52.846+0000][0.006s][info][gc,init] Concurrent Refinement Workers: 2
[2025-06-05T22:51:52.846+0000][0.006s][info][gc,init] Periodic GC: Disabled
[2025-06-05T22:51:52.851+0000][0.011s][info][gc,metaspace] CDS archive(s) mapped at: [0x000000d800000000-0x000000d800be0000-0x000000d800be0000), size 12451840, SharedBaseAddress: 0x000000d800000000, ArchiveRelocationMode: 1.
[2025-06-05T22:51:52.851+0000][0.011s][info][gc,metaspace] Compressed class space mapped at: 0x000000d801000000-0x000000d841000000, reserved size: 1073741824
[2025-06-05T22:51:52.851+0000][0.011s][info][gc,metaspace] Narrow klass base: 0x000000d800000000, Narrow klass shift: 0, Narrow klass range: 0x100000000
[2025-06-05T22:51:52.854+0000][0.014s][info][cds,heap    ] initialize_from_archived_subgraph java.lang.Module$ArchivedData 0x000000d800182380 (early)
[2025-06-05T22:51:52.855+0000][0.014s][info][cds,heap    ] initialize_from_archived_subgraph java.util.ImmutableCollections 0x000000d800070cd8 (early)
[2025-06-05T22:51:52.856+0000][0.015s][info][cds,heap    ] initialize_from_archived_subgraph java.lang.Integer$IntegerCache 0x000000d800036060 (early)
[2025-06-05T22:51:52.858+0000][0.017s][info][cds,heap    ] initialize_from_archived_subgraph java.lang.module.Configuration 0x000000d800170300 (early)
[2025-06-05T22:51:52.858+0000][0.017s][info][cds,heap    ] initialize_from_archived_subgraph java.lang.ModuleLayer 0x000000d800144c50 (early)
[2025-06-05T22:51:52.858+0000][0.018s][info][cds,heap    ] initialize_from_archived_subgraph jdk.internal.loader.ArchivedClassLoaders 0x000000d8001ab770 (early)
[2025-06-05T22:51:52.858+0000][0.018s][info][cds,heap    ] initialize_from_archived_subgraph jdk.internal.module.ArchivedBootLayer 0x000000d800176f40 (early)
[2025-06-05T22:51:52.859+0000][0.019s][info][cds,heap    ] initialize_from_archived_subgraph sun.util.locale.BaseLocale 0x000000d80026c120
[2025-06-05T22:51:52.863+0000][0.023s][info][cds,heap    ] initialize_from_archived_subgraph java.util.jar.Attributes$Name 0x000000d80019d1e8
[2025-06-05T22:51:52.876+0000][0.035s][info][cds,heap    ] initialize_from_archived_subgraph java.lang.Long$LongCache 0x000000d80001f998
[2025-06-05T22:51:52.911+0000][0.070s][info][cds,heap    ] initialize_from_archived_subgraph java.lang.Character$CharacterCache 0x000000d8000393e8
[2025-06-05T22:51:52.946+0000][0.106s][debug][safepoint   ] Safepoint synchronization initiated using futex wait barrier. (12 threads)
[2025-06-05T22:51:52.946+0000][0.106s][info ][safepoint   ] Safepoint "ICBufferFull", Time since last: 92397000 ns, Reaching safepoint: 187000 ns, Cleanup: 62000 ns, At safepoint: 9375 ns, Total: 258375 ns
[2025-06-05T22:51:52.979+0000][0.139s][debug][safepoint   ] Safepoint synchronization initiated using futex wait barrier. (12 threads)
[2025-06-05T22:51:52.980+0000][0.139s][info ][gc,start    ] GC(0) Pause Young (Normal) (G1 Evacuation Pause)
[2025-06-05T22:51:52.980+0000][0.139s][info ][gc,task     ] GC(0) Using 2 workers of 2 for evacuation
[2025-06-05T22:51:52.994+0000][0.153s][info ][gc,phases   ] GC(0)   Pre Evacuate Collection Set: 0.1ms
[2025-06-05T22:51:52.994+0000][0.153s][info ][gc,phases   ] GC(0)   Merge Heap Roots: 0.1ms
[2025-06-05T22:51:52.994+0000][0.153s][info ][gc,phases   ] GC(0)   Evacuate Collection Set: 13.6ms
[2025-06-05T22:51:52.994+0000][0.154s][info ][gc,phases   ] GC(0)   Post Evacuate Collection Set: 0.3ms
[2025-06-05T22:51:52.994+0000][0.154s][info ][gc,phases   ] GC(0)   Other: 0.3ms
[2025-06-05T22:51:52.994+0000][0.154s][info ][gc,heap     ] GC(0) Eden regions: 18->0(21)
[2025-06-05T22:51:52.994+0000][0.154s][info ][gc,heap     ] GC(0) Survivor regions: 0->3(3)
[2025-06-05T22:51:52.994+0000][0.154s][info ][gc,heap     ] GC(0) Old regions: 0->1
[2025-06-05T22:51:52.994+0000][0.154s][info ][gc,heap     ] GC(0) Archive regions: 2->2
[2025-06-05T22:51:52.994+0000][0.154s][info ][gc,heap     ] GC(0) Humongous regions: 0->0
[2025-06-05T22:51:52.994+0000][0.154s][info ][gc,metaspace] GC(0) Metaspace: 1963K(2176K)->1963K(2176K) NonClass: 1758K(1856K)->1758K(1856K) Class: 205K(320K)->205K(320K)
[2025-06-05T22:51:52.994+0000][0.154s][info ][gc          ] GC(0) Pause Young (Normal) (G1 Evacuation Pause) 18M->4M(66M) 14.832ms
[2025-06-05T22:51:52.994+0000][0.154s][info ][gc,cpu      ] GC(0) User=0.00s Sys=0.00s Real=0.01s
[2025-06-05T22:51:52.994+0000][0.154s][info ][safepoint   ] Safepoint "G1CollectForAllocation", Time since last: 32805333 ns, Reaching safepoint: 169375 ns, Cleanup: 35000 ns, At safepoint: 14982750 ns, Total: 15187125 ns
[2025-06-05T22:51:53.053+0000][0.213s][debug][safepoint   ] Safepoint synchronization initiated using futex wait barrier. (12 threads)
[2025-06-05T22:51:53.053+0000][0.213s][info ][gc,start    ] GC(1) Pause Young (Normal) (G1 Evacuation Pause)
[2025-06-05T22:51:53.053+0000][0.213s][info ][gc,task     ] GC(1) Using 2 workers of 2 for evacuation
[2025-06-05T22:51:53.056+0000][0.216s][info ][gc,phases   ] GC(1)   Pre Evacuate Collection Set: 0.1ms
[2025-06-05T22:51:53.056+0000][0.216s][info ][gc,phases   ] GC(1)   Merge Heap Roots: 0.0ms
[2025-06-05T22:51:53.057+0000][0.216s][info ][gc,phases   ] GC(1)   Evacuate Collection Set: 2.5ms
[2025-06-05T22:51:53.057+0000][0.216s][info ][gc,phases   ] GC(1)   Post Evacuate Collection Set: 0.3ms
[2025-06-05T22:51:53.057+0000][0.216s][info ][gc,phases   ] GC(1)   Other: 0.1ms
[2025-06-05T22:51:53.057+0000][0.216s][info ][gc,heap     ] GC(1) Eden regions: 21->0(33)
[2025-06-05T22:51:53.057+0000][0.216s][info ][gc,heap     ] GC(1) Survivor regions: 3->3(3)
[2025-06-05T22:51:53.057+0000][0.216s][info ][gc,heap     ] GC(1) Old regions: 1->4
[2025-06-05T22:51:53.057+0000][0.216s][info ][gc,heap     ] GC(1) Archive regions: 2->2
[2025-06-05T22:51:53.057+0000][0.216s][info ][gc,heap     ] GC(1) Humongous regions: 0->0
[2025-06-05T22:51:53.057+0000][0.216s][info ][gc,metaspace] GC(1) Metaspace: 2093K(2304K)->2093K(2304K) NonClass: 1887K(1984K)->1887K(1984K) Class: 206K(320K)->206K(320K)
[2025-06-05T22:51:53.057+0000][0.216s][info ][gc          ] GC(1) Pause Young (Normal) (G1 Evacuation Pause) 25M->7M(66M) 3.676ms
[2025-06-05T22:51:53.057+0000][0.216s][info ][gc,cpu      ] GC(1) User=0.01s Sys=0.00s Real=0.01s
[2025-06-05T22:51:53.057+0000][0.217s][info ][safepoint   ] Safepoint "G1CollectForAllocation", Time since last: 58565000 ns, Reaching safepoint: 186250 ns, Cleanup: 29500 ns, At safepoint: 3793875 ns, Total: 4009625 ns
[2025-06-05T22:51:53.169+0000][0.328s][debug][safepoint   ] Safepoint synchronization initiated using futex wait barrier. (12 threads)
[2025-06-05T22:51:53.169+0000][0.328s][info ][safepoint   ] Safepoint "ICBufferFull", Time since last: 111644001 ns, Reaching safepoint: 177708 ns, Cleanup: 73625 ns, At safepoint: 4292 ns, Total: 255625 ns
[2025-06-05T22:51:53.196+0000][0.356s][debug][safepoint   ] Safepoint synchronization initiated using futex wait barrier. (12 threads)
[2025-06-05T22:51:53.196+0000][0.356s][info ][gc,start    ] GC(2) Pause Young (Normal) (G1 Evacuation Pause)
[2025-06-05T22:51:53.196+0000][0.356s][info ][gc,task     ] GC(2) Using 2 workers of 2 for evacuation
[2025-06-05T22:51:53.199+0000][0.359s][info ][gc,phases   ] GC(2)   Pre Evacuate Collection Set: 0.1ms
[2025-06-05T22:51:53.199+0000][0.359s][info ][gc,phases   ] GC(2)   Merge Heap Roots: 0.1ms
[2025-06-05T22:51:53.199+0000][0.359s][info ][gc,phases   ] GC(2)   Evacuate Collection Set: 2.2ms
[2025-06-05T22:51:53.199+0000][0.359s][info ][gc,phases   ] GC(2)   Post Evacuate Collection Set: 0.4ms
[2025-06-05T22:51:53.199+0000][0.359s][info ][gc,phases   ] GC(2)   Other: 0.2ms
[2025-06-05T22:51:53.199+0000][0.359s][info ][gc,heap     ] GC(2) Eden regions: 33->0(31)
[2025-06-05T22:51:53.199+0000][0.359s][info ][gc,heap     ] GC(2) Survivor regions: 3->3(5)
[2025-06-05T22:51:53.200+0000][0.359s][info ][gc,heap     ] GC(2) Old regions: 4->7
[2025-06-05T22:51:53.200+0000][0.359s][info ][gc,heap     ] GC(2) Archive regions: 2->2
[2025-06-05T22:51:53.200+0000][0.359s][info ][gc,heap     ] GC(2) Humongous regions: 0->0
[2025-06-05T22:51:53.200+0000][0.359s][info ][gc,metaspace] GC(2) Metaspace: 3006K(3328K)->3006K(3328K) NonClass: 2716K(2880K)->2716K(2880K) Class: 289K(448K)->289K(448K)
[2025-06-05T22:51:53.200+0000][0.359s][info ][gc          ] GC(2) Pause Young (Normal) (G1 Evacuation Pause) 40M->10M(66M) 3.381ms
[2025-06-05T22:51:53.200+0000][0.359s][info ][gc,cpu      ] GC(2) User=0.01s Sys=0.00s Real=0.00s
[2025-06-05T22:51:53.200+0000][0.359s][info ][safepoint   ] Safepoint "G1CollectForAllocation", Time since last: 27125333 ns, Reaching safepoint: 163167 ns, Cleanup: 27833 ns, At safepoint: 3481750 ns, Total: 3672750 ns
[2025-06-05T22:51:53.314+0000][0.473s][debug][safepoint   ] Safepoint synchronization initiated using futex wait barrier. (12 threads)
[2025-06-05T22:51:53.314+0000][0.473s][info ][gc,start    ] GC(3) Pause Young (Normal) (G1 Evacuation Pause)
[2025-06-05T22:51:53.314+0000][0.473s][info ][gc,task     ] GC(3) Using 2 workers of 2 for evacuation
[2025-06-05T22:51:53.317+0000][0.476s][info ][gc,phases   ] GC(3)   Pre Evacuate Collection Set: 0.1ms
[2025-06-05T22:51:53.317+0000][0.476s][info ][gc,phases   ] GC(3)   Merge Heap Roots: 0.0ms
[2025-06-05T22:51:53.317+0000][0.476s][info ][gc,phases   ] GC(3)   Evacuate Collection Set: 2.1ms
[2025-06-05T22:51:53.317+0000][0.476s][info ][gc,phases   ] GC(3)   Post Evacuate Collection Set: 0.3ms
[2025-06-05T22:51:53.317+0000][0.476s][info ][gc,phases   ] GC(3)   Other: 0.2ms
[2025-06-05T22:51:53.317+0000][0.476s][info ][gc,heap     ] GC(3) Eden regions: 31->0(33)
[2025-06-05T22:51:53.317+0000][0.476s][info ][gc,heap     ] GC(3) Survivor regions: 3->1(5)
[2025-06-05T22:51:53.317+0000][0.476s][info ][gc,heap     ] GC(3) Old regions: 7->10
[2025-06-05T22:51:53.317+0000][0.476s][info ][gc,heap     ] GC(3) Archive regions: 2->2
[2025-06-05T22:51:53.317+0000][0.477s][info ][gc,heap     ] GC(3) Humongous regions: 0->0
[2025-06-05T22:51:53.317+0000][0.477s][info ][gc,metaspace] GC(3) Metaspace: 4543K(4800K)->4543K(4800K) NonClass: 4031K(4160K)->4031K(4160K) Class: 512K(640K)->512K(640K)
[2025-06-05T22:51:53.317+0000][0.477s][info ][gc          ] GC(3) Pause Young (Normal) (G1 Evacuation Pause) 41M->11M(66M) 3.266ms
[2025-06-05T22:51:53.317+0000][0.477s][info ][gc,cpu      ] GC(3) User=0.01s Sys=0.00s Real=0.01s
[2025-06-05T22:51:53.317+0000][0.477s][info ][safepoint   ] Safepoint "G1CollectForAllocation", Time since last: 113879167 ns, Reaching safepoint: 179541 ns, Cleanup: 59084 ns, At safepoint: 3377500 ns, Total: 3616125 ns
[2025-06-05T22:51:53.412+0000][0.571s][debug][safepoint   ] Safepoint synchronization initiated using futex wait barrier. (13 threads)
[2025-06-05T22:51:53.412+0000][0.571s][info ][gc,start    ] GC(4) Pause Young (Normal) (G1 Evacuation Pause)
[2025-06-05T22:51:53.412+0000][0.571s][info ][gc,task     ] GC(4) Using 2 workers of 2 for evacuation
[2025-06-05T22:51:53.414+0000][0.573s][info ][gc,phases   ] GC(4)   Pre Evacuate Collection Set: 0.1ms
[2025-06-05T22:51:53.414+0000][0.573s][info ][gc,phases   ] GC(4)   Merge Heap Roots: 0.0ms
[2025-06-05T22:51:53.414+0000][0.573s][info ][gc,phases   ] GC(4)   Evacuate Collection Set: 1.3ms
[2025-06-05T22:51:53.414+0000][0.574s][info ][gc,phases   ] GC(4)   Post Evacuate Collection Set: 0.4ms
[2025-06-05T22:51:53.414+0000][0.574s][info ][gc,phases   ] GC(4)   Other: 0.1ms
[2025-06-05T22:51:53.414+0000][0.574s][info ][gc,heap     ] GC(4) Eden regions: 33->0(55)
[2025-06-05T22:51:53.414+0000][0.574s][info ][gc,heap     ] GC(4) Survivor regions: 1->2(5)
[2025-06-05T22:51:53.414+0000][0.574s][info ][gc,heap     ] GC(4) Old regions: 10->10
[2025-06-05T22:51:53.414+0000][0.574s][info ][gc,heap     ] GC(4) Archive regions: 2->2
[2025-06-05T22:51:53.414+0000][0.574s][info ][gc,heap     ] GC(4) Humongous regions: 0->0
[2025-06-05T22:51:53.414+0000][0.574s][info ][gc,metaspace] GC(4) Metaspace: 5726K(6016K)->5726K(6016K) NonClass: 5022K(5184K)->5022K(5184K) Class: 703K(832K)->703K(832K)
[2025-06-05T22:51:53.414+0000][0.574s][info ][gc          ] GC(4) Pause Young (Normal) (G1 Evacuation Pause) 44M->11M(97M) 2.466ms
[2025-06-05T22:51:53.414+0000][0.574s][info ][gc,cpu      ] GC(4) User=0.00s Sys=0.00s Real=0.00s
[2025-06-05T22:51:53.414+0000][0.574s][info ][safepoint   ] Safepoint "G1CollectForAllocation", Time since last: 94296916 ns, Reaching safepoint: 202417 ns, Cleanup: 119042 ns, At safepoint: 2595833 ns, Total: 2917292 ns
[2025-06-05T22:51:53.580+0000][0.739s][debug][safepoint   ] Safepoint synchronization initiated using futex wait barrier. (13 threads)
[2025-06-05T22:51:53.580+0000][0.739s][info ][safepoint   ] Safepoint "ICBufferFull", Time since last: 165302625 ns, Reaching safepoint: 183125 ns, Cleanup: 81583 ns, At safepoint: 4584 ns, Total: 269292 ns
[2025-06-05T22:51:53.650+0000][0.810s][debug][safepoint   ] Safepoint synchronization initiated using futex wait barrier. (13 threads)
[2025-06-05T22:51:53.650+0000][0.810s][info ][gc,start    ] GC(5) Pause Young (Normal) (G1 Evacuation Pause)
[2025-06-05T22:51:53.650+0000][0.810s][info ][gc,task     ] GC(5) Using 2 workers of 2 for evacuation
[2025-06-05T22:51:53.653+0000][0.813s][info ][gc,phases   ] GC(5)   Pre Evacuate Collection Set: 0.1ms
[2025-06-05T22:51:53.653+0000][0.813s][info ][gc,phases   ] GC(5)   Merge Heap Roots: 0.1ms
[2025-06-05T22:51:53.653+0000][0.813s][info ][gc,phases   ] GC(5)   Evacuate Collection Set: 2.0ms
[2025-06-05T22:51:53.653+0000][0.813s][info ][gc,phases   ] GC(5)   Post Evacuate Collection Set: 0.4ms
[2025-06-05T22:51:53.653+0000][0.813s][info ][gc,phases   ] GC(5)   Other: 0.2ms
[2025-06-05T22:51:53.653+0000][0.813s][info ][gc,heap     ] GC(5) Eden regions: 55->0(55)
[2025-06-05T22:51:53.653+0000][0.813s][info ][gc,heap     ] GC(5) Survivor regions: 2->3(8)
[2025-06-05T22:51:53.653+0000][0.813s][info ][gc,heap     ] GC(5) Old regions: 10->10
[2025-06-05T22:51:53.653+0000][0.813s][info ][gc,heap     ] GC(5) Archive regions: 2->2
[2025-06-05T22:51:53.654+0000][0.813s][info ][gc,heap     ] GC(5) Humongous regions: 0->0
[2025-06-05T22:51:53.654+0000][0.813s][info ][gc,metaspace] GC(5) Metaspace: 8284K(8576K)->8284K(8576K) NonClass: 7241K(7360K)->7241K(7360K) Class: 1043K(1216K)->1043K(1216K)
[2025-06-05T22:51:53.654+0000][0.813s][info ][gc          ] GC(5) Pause Young (Normal) (G1 Evacuation Pause) 66M->13M(97M) 3.272ms
[2025-06-05T22:51:53.654+0000][0.813s][info ][gc,cpu      ] GC(5) User=0.01s Sys=0.00s Real=0.00s
[2025-06-05T22:51:53.654+0000][0.813s][info ][safepoint   ] Safepoint "G1CollectForAllocation", Time since last: 70077708 ns, Reaching safepoint: 197375 ns, Cleanup: 27167 ns, At safepoint: 3363291 ns, Total: 3587833 ns
[2025-06-05T22:51:53.830+0000][0.990s][debug][safepoint   ] Safepoint synchronization initiated using futex wait barrier. (13 threads)
[2025-06-05T22:51:53.831+0000][0.990s][info ][gc,start    ] GC(6) Pause Young (Normal) (G1 Evacuation Pause)
[2025-06-05T22:51:53.831+0000][0.990s][info ][gc,task     ] GC(6) Using 2 workers of 2 for evacuation
[2025-06-05T22:51:53.834+0000][0.993s][info ][gc,phases   ] GC(6)   Pre Evacuate Collection Set: 0.1ms
[2025-06-05T22:51:53.834+0000][0.993s][info ][gc,phases   ] GC(6)   Merge Heap Roots: 0.0ms
[2025-06-05T22:51:53.834+0000][0.993s][info ][gc,phases   ] GC(6)   Evacuate Collection Set: 2.4ms
[2025-06-05T22:51:53.834+0000][0.993s][info ][gc,phases   ] GC(6)   Post Evacuate Collection Set: 0.4ms
[2025-06-05T22:51:53.834+0000][0.994s][info ][gc,phases   ] GC(6)   Other: 0.1ms
[2025-06-05T22:51:53.834+0000][0.994s][info ][gc,heap     ] GC(6) Eden regions: 55->0(54)
[2025-06-05T22:51:53.834+0000][0.994s][info ][gc,heap     ] GC(6) Survivor regions: 3->4(8)
[2025-06-05T22:51:53.834+0000][0.994s][info ][gc,heap     ] GC(6) Old regions: 10->10
[2025-06-05T22:51:53.834+0000][0.994s][info ][gc,heap     ] GC(6) Archive regions: 2->2
[2025-06-05T22:51:53.834+0000][0.994s][info ][gc,heap     ] GC(6) Humongous regions: 0->0
[2025-06-05T22:51:53.834+0000][0.994s][info ][gc,metaspace] GC(6) Metaspace: 10834K(11136K)->10834K(11136K) NonClass: 9428K(9600K)->9428K(9600K) Class: 1406K(1536K)->1406K(1536K)
[2025-06-05T22:51:53.834+0000][0.994s][info ][gc          ] GC(6) Pause Young (Normal) (G1 Evacuation Pause) 68M->13M(97M) 3.736ms
[2025-06-05T22:51:53.834+0000][0.994s][info ][gc,cpu      ] GC(6) User=0.01s Sys=0.00s Real=0.00s
[2025-06-05T22:51:53.834+0000][0.994s][info ][safepoint   ] Safepoint "G1CollectForAllocation", Time since last: 176624626 ns, Reaching safepoint: 192333 ns, Cleanup: 79292 ns, At safepoint: 3839041 ns, Total: 4110666 ns
[2025-06-05T22:51:53.913+0000][1.073s][debug][safepoint   ] Safepoint synchronization initiated using futex wait barrier. (13 threads)
[2025-06-05T22:51:53.913+0000][1.073s][info ][safepoint   ] Safepoint "ICBufferFull", Time since last: 78807167 ns, Reaching safepoint: 191958 ns, Cleanup: 65167 ns, At safepoint: 6250 ns, Total: 263375 ns
[2025-06-05T22:51:53.955+0000][1.114s][debug][safepoint   ] Safepoint synchronization initiated using futex wait barrier. (13 threads)
[2025-06-05T22:51:53.955+0000][1.115s][info ][safepoint   ] Safepoint "ICBufferFull", Time since last: 41196542 ns, Reaching safepoint: 314583 ns, Cleanup: 90083 ns, At safepoint: 3834 ns, Total: 408500 ns
[2025-06-05T22:51:54.003+0000][1.162s][debug][safepoint   ] Safepoint synchronization initiated using futex wait barrier. (13 threads)
[2025-06-05T22:51:54.003+0000][1.162s][info ][safepoint   ] Safepoint "ICBufferFull", Time since last: 47529500 ns, Reaching safepoint: 128583 ns, Cleanup: 94792 ns, At safepoint: 1416 ns, Total: 224791 ns
[2025-06-05T22:51:54.003+0000][1.162s][debug][safepoint   ] Safepoint synchronization initiated using futex wait barrier. (13 threads)
[2025-06-05T22:51:54.004+0000][1.164s][info ][safepoint   ] Safepoint "ICBufferFull", Time since last: 131709 ns, Reaching safepoint: 1255041 ns, Cleanup: 9875 ns, At safepoint: 10375 ns, Total: 1275291 ns
[2025-06-05T22:51:54.020+0000][1.180s][debug][safepoint   ] Safepoint synchronization initiated using futex wait barrier. (13 threads)
[2025-06-05T22:51:54.021+0000][1.180s][info ][gc,start    ] GC(7) Pause Young (Normal) (G1 Evacuation Pause)
[2025-06-05T22:51:54.021+0000][1.180s][info ][gc,task     ] GC(7) Using 2 workers of 2 for evacuation
[2025-06-05T22:51:54.025+0000][1.185s][info ][gc,phases   ] GC(7)   Pre Evacuate Collection Set: 0.1ms
[2025-06-05T22:51:54.025+0000][1.185s][info ][gc,phases   ] GC(7)   Merge Heap Roots: 0.1ms
[2025-06-05T22:51:54.025+0000][1.185s][info ][gc,phases   ] GC(7)   Evacuate Collection Set: 3.6ms
[2025-06-05T22:51:54.026+0000][1.185s][info ][gc,phases   ] GC(7)   Post Evacuate Collection Set: 0.5ms
[2025-06-05T22:51:54.026+0000][1.185s][info ][gc,phases   ] GC(7)   Other: 0.2ms
[2025-06-05T22:51:54.026+0000][1.185s][info ][gc,heap     ] GC(7) Eden regions: 54->0(52)
[2025-06-05T22:51:54.026+0000][1.185s][info ][gc,heap     ] GC(7) Survivor regions: 4->6(8)
[2025-06-05T22:51:54.026+0000][1.185s][info ][gc,heap     ] GC(7) Old regions: 10->10
[2025-06-05T22:51:54.026+0000][1.185s][info ][gc,heap     ] GC(7) Archive regions: 2->2
[2025-06-05T22:51:54.026+0000][1.185s][info ][gc,heap     ] GC(7) Humongous regions: 0->0
[2025-06-05T22:51:54.026+0000][1.185s][info ][gc,metaspace] GC(7) Metaspace: 12198K(12544K)->12198K(12544K) NonClass: 10632K(10816K)->10632K(10816K) Class: 1566K(1728K)->1566K(1728K)
[2025-06-05T22:51:54.026+0000][1.185s][info ][gc          ] GC(7) Pause Young (Normal) (G1 Evacuation Pause) 67M->16M(97M) 5.169ms
[2025-06-05T22:51:54.026+0000][1.185s][info ][gc,cpu      ] GC(7) User=0.01s Sys=0.00s Real=0.00s
[2025-06-05T22:51:54.026+0000][1.185s][info ][safepoint   ] Safepoint "G1CollectForAllocation", Time since last: 15964125 ns, Reaching safepoint: 408667 ns, Cleanup: 62708 ns, At safepoint: 5265917 ns, Total: 5737292 ns
[2025-06-05T22:51:54.171+0000][1.331s][debug][safepoint   ] Safepoint synchronization initiated using futex wait barrier. (14 threads)
[2025-06-05T22:51:54.171+0000][1.331s][info ][safepoint   ] Safepoint "ICBufferFull", Time since last: 145151458 ns, Reaching safepoint: 211292 ns, Cleanup: 72625 ns, At safepoint: 1500 ns, Total: 285417 ns
[2025-06-05T22:51:54.186+0000][1.345s][debug][safepoint   ] Safepoint synchronization initiated using futex wait barrier. (14 threads)
[2025-06-05T22:51:54.186+0000][1.345s][info ][gc,start    ] GC(8) Pause Young (Normal) (G1 Evacuation Pause)
[2025-06-05T22:51:54.186+0000][1.345s][info ][gc,task     ] GC(8) Using 2 workers of 2 for evacuation
[2025-06-05T22:51:54.198+0000][1.357s][info ][gc,phases   ] GC(8)   Pre Evacuate Collection Set: 0.1ms
[2025-06-05T22:51:54.198+0000][1.357s][info ][gc,phases   ] GC(8)   Merge Heap Roots: 0.1ms
[2025-06-05T22:51:54.198+0000][1.357s][info ][gc,phases   ] GC(8)   Evacuate Collection Set: 11.3ms
[2025-06-05T22:51:54.198+0000][1.357s][info ][gc,phases   ] GC(8)   Post Evacuate Collection Set: 0.4ms
[2025-06-05T22:51:54.198+0000][1.358s][info ][gc,phases   ] GC(8)   Other: 0.2ms
[2025-06-05T22:51:54.198+0000][1.358s][info ][gc,heap     ] GC(8) Eden regions: 52->0(54)
[2025-06-05T22:51:54.198+0000][1.358s][info ][gc,heap     ] GC(8) Survivor regions: 6->4(8)
[2025-06-05T22:51:54.198+0000][1.358s][info ][gc,heap     ] GC(8) Old regions: 10->12
[2025-06-05T22:51:54.198+0000][1.358s][info ][gc,heap     ] GC(8) Archive regions: 2->2
[2025-06-05T22:51:54.198+0000][1.358s][info ][gc,heap     ] GC(8) Humongous regions: 0->0
[2025-06-05T22:51:54.198+0000][1.358s][info ][gc,metaspace] GC(8) Metaspace: 14295K(14656K)->14295K(14656K) NonClass: 12453K(12608K)->12453K(12608K) Class: 1842K(2048K)->1842K(2048K)
[2025-06-05T22:51:54.198+0000][1.358s][info ][gc          ] GC(8) Pause Young (Normal) (G1 Evacuation Pause) 68M->16M(97M) 12.482ms
[2025-06-05T22:51:54.198+0000][1.358s][info ][gc,cpu      ] GC(8) User=0.01s Sys=0.00s Real=0.02s
[2025-06-05T22:51:54.198+0000][1.358s][info ][safepoint   ] Safepoint "G1CollectForAllocation", Time since last: 14215917 ns, Reaching safepoint: 164541 ns, Cleanup: 11042 ns, At safepoint: 12575208 ns, Total: 12750791 ns
[2025-06-05T22:51:54.356+0000][1.516s][debug][safepoint   ] Safepoint synchronization initiated using futex wait barrier. (14 threads)
[2025-06-05T22:51:54.357+0000][1.516s][info ][gc,start    ] GC(9) Pause Young (Normal) (G1 Evacuation Pause)
[2025-06-05T22:51:54.357+0000][1.516s][info ][gc,task     ] GC(9) Using 2 workers of 2 for evacuation
[2025-06-05T22:51:54.361+0000][1.520s][info ][gc,phases   ] GC(9)   Pre Evacuate Collection Set: 0.1ms
[2025-06-05T22:51:54.361+0000][1.520s][info ][gc,phases   ] GC(9)   Merge Heap Roots: 0.1ms
[2025-06-05T22:51:54.361+0000][1.521s][info ][gc,phases   ] GC(9)   Evacuate Collection Set: 3.2ms
[2025-06-05T22:51:54.361+0000][1.521s][info ][gc,phases   ] GC(9)   Post Evacuate Collection Set: 0.6ms
[2025-06-05T22:51:54.361+0000][1.521s][info ][gc,phases   ] GC(9)   Other: 0.2ms
[2025-06-05T22:51:54.361+0000][1.521s][info ][gc,heap     ] GC(9) Eden regions: 54->0(67)
[2025-06-05T22:51:54.361+0000][1.521s][info ][gc,heap     ] GC(9) Survivor regions: 4->4(8)
[2025-06-05T22:51:54.361+0000][1.521s][info ][gc,heap     ] GC(9) Old regions: 12->12
[2025-06-05T22:51:54.362+0000][1.521s][info ][gc,heap     ] GC(9) Archive regions: 2->2
[2025-06-05T22:51:54.362+0000][1.521s][info ][gc,heap     ] GC(9) Humongous regions: 0->0
[2025-06-05T22:51:54.362+0000][1.521s][info ][gc,metaspace] GC(9) Metaspace: 15662K(16000K)->15662K(16000K) NonClass: 13551K(13760K)->13551K(13760K) Class: 2110K(2240K)->2110K(2240K)
[2025-06-05T22:51:54.362+0000][1.521s][info ][gc          ] GC(9) Pause Young (Normal) (G1 Evacuation Pause) 70M->16M(119M) 5.095ms
[2025-06-05T22:51:54.362+0000][1.521s][info ][gc,cpu      ] GC(9) User=0.01s Sys=0.00s Real=0.00s
[2025-06-05T22:51:54.362+0000][1.521s][info ][safepoint   ] Safepoint "G1CollectForAllocation", Time since last: 158055459 ns, Reaching safepoint: 186666 ns, Cleanup: 66375 ns, At safepoint: 5271000 ns, Total: 5524041 ns
[2025-06-05T22:51:54.434+0000][1.593s][info ][cds,heap    ] initialize_from_archived_subgraph java.lang.Byte$ByteCache 0x000000d8000395f8
[2025-06-05T22:51:54.434+0000][1.594s][info ][cds,heap    ] initialize_from_archived_subgraph java.lang.Short$ShortCache 0x000000d80003fce8
[2025-06-05T22:51:54.539+0000][1.698s][debug][safepoint   ] Safepoint synchronization initiated using futex wait barrier. (14 threads)
[2025-06-05T22:51:54.539+0000][1.699s][info ][gc,start    ] GC(10) Pause Young (Normal) (G1 Evacuation Pause)
[2025-06-05T22:51:54.539+0000][1.699s][info ][gc,task     ] GC(10) Using 2 workers of 2 for evacuation
[2025-06-05T22:51:54.543+0000][1.702s][info ][gc,phases   ] GC(10)   Pre Evacuate Collection Set: 0.1ms
[2025-06-05T22:51:54.543+0000][1.703s][info ][gc,phases   ] GC(10)   Merge Heap Roots: 0.1ms
[2025-06-05T22:51:54.543+0000][1.703s][info ][gc,phases   ] GC(10)   Evacuate Collection Set: 3.1ms
[2025-06-05T22:51:54.543+0000][1.703s][info ][gc,phases   ] GC(10)   Post Evacuate Collection Set: 0.4ms
[2025-06-05T22:51:54.543+0000][1.703s][info ][gc,phases   ] GC(10)   Other: 0.2ms
[2025-06-05T22:51:54.543+0000][1.703s][info ][gc,heap     ] GC(10) Eden regions: 67->0(66)
[2025-06-05T22:51:54.543+0000][1.703s][info ][gc,heap     ] GC(10) Survivor regions: 4->5(9)
[2025-06-05T22:51:54.543+0000][1.703s][info ][gc,heap     ] GC(10) Old regions: 12->12
[2025-06-05T22:51:54.543+0000][1.703s][info ][gc,heap     ] GC(10) Archive regions: 2->2
[2025-06-05T22:51:54.544+0000][1.703s][info ][gc,heap     ] GC(10) Humongous regions: 0->0
[2025-06-05T22:51:54.544+0000][1.703s][info ][gc,metaspace] GC(10) Metaspace: 18843K(19200K)->18843K(19200K) NonClass: 16360K(16576K)->16360K(16576K) Class: 2483K(2624K)->2483K(2624K)
[2025-06-05T22:51:54.544+0000][1.703s][info ][gc          ] GC(10) Pause Young (Normal) (G1 Evacuation Pause) 83M->17M(119M) 4.498ms
[2025-06-05T22:51:54.544+0000][1.703s][info ][gc,cpu      ] GC(10) User=0.00s Sys=0.00s Real=0.00s
[2025-06-05T22:51:54.544+0000][1.703s][info ][safepoint   ] Safepoint "G1CollectForAllocation", Time since last: 176691001 ns, Reaching safepoint: 391958 ns, Cleanup: 86375 ns, At safepoint: 4619667 ns, Total: 5098000 ns
[2025-06-05T22:51:54.652+0000][1.812s][debug][safepoint   ] Safepoint synchronization initiated using futex wait barrier. (14 threads)
[2025-06-05T22:51:54.653+0000][1.812s][info ][gc,start    ] GC(11) Pause Young (Concurrent Start) (Metadata GC Threshold)
[2025-06-05T22:51:54.653+0000][1.812s][info ][gc,task     ] GC(11) Using 2 workers of 2 for evacuation
[2025-06-05T22:51:54.658+0000][1.817s][info ][gc,phases   ] GC(11)   Pre Evacuate Collection Set: 0.1ms
[2025-06-05T22:51:54.658+0000][1.817s][info ][gc,phases   ] GC(11)   Merge Heap Roots: 0.0ms
[2025-06-05T22:51:54.658+0000][1.817s][info ][gc,phases   ] GC(11)   Evacuate Collection Set: 4.2ms
[2025-06-05T22:51:54.658+0000][1.817s][info ][gc,phases   ] GC(11)   Post Evacuate Collection Set: 0.5ms
[2025-06-05T22:51:54.658+0000][1.818s][info ][gc,phases   ] GC(11)   Other: 0.2ms
[2025-06-05T22:51:54.658+0000][1.818s][info ][gc,heap     ] GC(11) Eden regions: 58->0(64)
[2025-06-05T22:51:54.658+0000][1.818s][info ][gc,heap     ] GC(11) Survivor regions: 5->7(9)
[2025-06-05T22:51:54.658+0000][1.818s][info ][gc,heap     ] GC(11) Old regions: 12->12
[2025-06-05T22:51:54.658+0000][1.818s][info ][gc,heap     ] GC(11) Archive regions: 2->2
[2025-06-05T22:51:54.658+0000][1.818s][info ][gc,heap     ] GC(11) Humongous regions: 0->0
[2025-06-05T22:51:54.658+0000][1.818s][info ][gc,metaspace] GC(11) Metaspace: 21275K(21504K)->21275K(21504K) NonClass: 18492K(18624K)->18492K(18624K) Class: 2782K(2880K)->2782K(2880K)
[2025-06-05T22:51:54.658+0000][1.818s][info ][gc          ] GC(11) Pause Young (Concurrent Start) (Metadata GC Threshold) 75M->19M(119M) 5.623ms
[2025-06-05T22:51:54.658+0000][1.818s][info ][gc,cpu      ] GC(11) User=0.02s Sys=0.00s Real=0.01s
[2025-06-05T22:51:54.659+0000][1.818s][info ][safepoint   ] Safepoint "CollectForMetadataAllocation", Time since last: 108766708 ns, Reaching safepoint: 201042 ns, Cleanup: 33583 ns, At safepoint: 5774792 ns, Total: 6009417 ns
[2025-06-05T22:51:54.659+0000][1.818s][info ][gc          ] GC(12) Concurrent Mark Cycle
[2025-06-05T22:51:54.659+0000][1.818s][info ][gc,marking  ] GC(12) Concurrent Clear Claimed Marks
[2025-06-05T22:51:54.659+0000][1.818s][info ][gc,marking  ] GC(12) Concurrent Clear Claimed Marks 0.117ms
[2025-06-05T22:51:54.659+0000][1.819s][info ][gc,marking  ] GC(12) Concurrent Scan Root Regions
[2025-06-05T22:51:54.662+0000][1.821s][info ][gc,marking  ] GC(12) Concurrent Scan Root Regions 2.596ms
[2025-06-05T22:51:54.662+0000][1.821s][info ][gc,marking  ] GC(12) Concurrent Mark
[2025-06-05T22:51:54.662+0000][1.822s][info ][gc,marking  ] GC(12) Concurrent Mark From Roots
[2025-06-05T22:51:54.663+0000][1.822s][info ][gc,task     ] GC(12) Using 1 workers of 1 for marking
[2025-06-05T22:51:54.696+0000][1.855s][info ][gc,marking  ] GC(12) Concurrent Mark From Roots 33.359ms
[2025-06-05T22:51:54.696+0000][1.855s][info ][gc,marking  ] GC(12) Concurrent Preclean
[2025-06-05T22:51:54.696+0000][1.856s][info ][gc,marking  ] GC(12) Concurrent Preclean 0.171ms
[2025-06-05T22:51:54.696+0000][1.856s][debug][safepoint   ] Safepoint synchronization initiated using futex wait barrier. (14 threads)
[2025-06-05T22:51:54.697+0000][1.856s][info ][gc,start    ] GC(12) Pause Remark
[2025-06-05T22:51:54.699+0000][1.858s][info ][gc          ] GC(12) Pause Remark 22M->22M(80M) 2.075ms
[2025-06-05T22:51:54.699+0000][1.858s][info ][gc,cpu      ] GC(12) User=0.00s Sys=0.00s Real=0.00s
[2025-06-05T22:51:54.699+0000][1.858s][info ][safepoint   ] Safepoint "G1PauseRemark", Time since last: 37862708 ns, Reaching safepoint: 158000 ns, Cleanup: 11167 ns, At safepoint: 2256416 ns, Total: 2425583 ns
[2025-06-05T22:51:54.699+0000][1.858s][info ][gc,marking  ] GC(12) Concurrent Mark 36.960ms
[2025-06-05T22:51:54.699+0000][1.859s][info ][gc,marking  ] GC(12) Concurrent Rebuild Remembered Sets
[2025-06-05T22:51:54.704+0000][1.864s][info ][gc,marking  ] GC(12) Concurrent Rebuild Remembered Sets 5.017ms
[2025-06-05T22:51:54.705+0000][1.864s][debug][safepoint   ] Safepoint synchronization initiated using futex wait barrier. (14 threads)
[2025-06-05T22:51:54.706+0000][1.866s][info ][gc,start    ] GC(12) Pause Cleanup
[2025-06-05T22:51:54.706+0000][1.866s][info ][gc          ] GC(12) Pause Cleanup 24M->24M(80M) 0.170ms
[2025-06-05T22:51:54.706+0000][1.866s][info ][gc,cpu      ] GC(12) User=0.00s Sys=0.00s Real=0.00s
[2025-06-05T22:51:54.706+0000][1.866s][info ][safepoint   ] Safepoint "G1PauseCleanup", Time since last: 5983875 ns, Reaching safepoint: 1313167 ns, Cleanup: 20750 ns, At safepoint: 276000 ns, Total: 1609917 ns
[2025-06-05T22:51:54.706+0000][1.866s][info ][gc,marking  ] GC(12) Concurrent Cleanup for Next Mark
[2025-06-05T22:51:54.707+0000][1.867s][info ][gc,marking  ] GC(12) Concurrent Cleanup for Next Mark 0.711ms
[2025-06-05T22:51:54.707+0000][1.867s][info ][gc          ] GC(12) Concurrent Mark Cycle 48.757ms
[2025-06-05T22:51:54.823+0000][1.983s][debug][safepoint   ] ... found polling page loop exception at pc = 0x0000ffff91a6daec, stub =0x0000ffff9897ef00
[2025-06-05T22:51:54.826+0000][1.986s][debug][safepoint   ] Safepoint synchronization initiated using futex wait barrier. (14 threads)
[2025-06-05T22:51:54.827+0000][1.987s][info ][gc,start    ] GC(13) Pause Young (Normal) (G1 Preventive Collection)
[2025-06-05T22:51:54.827+0000][1.987s][info ][gc,task     ] GC(13) Using 2 workers of 2 for evacuation
[2025-06-05T22:51:54.833+0000][1.992s][info ][gc,phases   ] GC(13)   Pre Evacuate Collection Set: 0.1ms
[2025-06-05T22:51:54.833+0000][1.993s][info ][gc,phases   ] GC(13)   Merge Heap Roots: 0.1ms
[2025-06-05T22:51:54.833+0000][1.993s][info ][gc,phases   ] GC(13)   Evacuate Collection Set: 5.0ms
[2025-06-05T22:51:54.833+0000][1.993s][info ][gc,phases   ] GC(13)   Post Evacuate Collection Set: 0.4ms
[2025-06-05T22:51:54.833+0000][1.993s][info ][gc,phases   ] GC(13)   Other: 0.2ms
[2025-06-05T22:51:54.833+0000][1.993s][info ][gc,heap     ] GC(13) Eden regions: 50->0(42)
[2025-06-05T22:51:54.833+0000][1.993s][info ][gc,heap     ] GC(13) Survivor regions: 7->6(9)
[2025-06-05T22:51:54.833+0000][1.993s][info ][gc,heap     ] GC(13) Old regions: 12->15
[2025-06-05T22:51:54.833+0000][1.993s][info ][gc,heap     ] GC(13) Archive regions: 2->2
[2025-06-05T22:51:54.834+0000][1.993s][info ][gc,heap     ] GC(13) Humongous regions: 0->0
[2025-06-05T22:51:54.834+0000][1.993s][info ][gc,metaspace] GC(13) Metaspace: 23821K(24192K)->23821K(24192K) NonClass: 20705K(20864K)->20705K(20864K) Class: 3116K(3328K)->3116K(3328K)
[2025-06-05T22:51:54.834+0000][1.993s][info ][gc          ] GC(13) Pause Young (Normal) (G1 Preventive Collection) 69M->21M(80M) 6.433ms
[2025-06-05T22:51:54.834+0000][1.993s][info ][gc,cpu      ] GC(13) User=0.01s Sys=0.00s Real=0.00s
[2025-06-05T22:51:54.834+0000][1.993s][info ][safepoint   ] Safepoint "G1CollectForAllocation", Time since last: 119969375 ns, Reaching safepoint: 760333 ns, Cleanup: 74209 ns, At safepoint: 6542708 ns, Total: 7377250 ns
[2025-06-05T22:51:54.916+0000][2.075s][debug][safepoint   ] Safepoint synchronization initiated using futex wait barrier. (13 threads)
[2025-06-05T22:51:54.916+0000][2.076s][info ][safepoint   ] Safepoint "ICBufferFull", Time since last: 82257083 ns, Reaching safepoint: 133292 ns, Cleanup: 92083 ns, At safepoint: 7709 ns, Total: 233084 ns
[2025-06-05T22:51:54.955+0000][2.115s][debug][safepoint   ] Safepoint synchronization initiated using futex wait barrier. (13 threads)
[2025-06-05T22:51:54.955+0000][2.115s][info ][safepoint   ] Safepoint "ICBufferFull", Time since last: 38873750 ns, Reaching safepoint: 173375 ns, Cleanup: 79208 ns, At safepoint: 2000 ns, Total: 254583 ns
[2025-06-05T22:51:54.974+0000][2.133s][debug][safepoint   ] Safepoint synchronization initiated using futex wait barrier. (13 threads)
[2025-06-05T22:51:54.974+0000][2.133s][info ][gc,start    ] GC(14) Pause Young (Normal) (G1 Evacuation Pause)
[2025-06-05T22:51:54.974+0000][2.133s][info ][gc,task     ] GC(14) Using 2 workers of 2 for evacuation
[2025-06-05T22:51:55.002+0000][2.161s][info ][gc,phases   ] GC(14)   Pre Evacuate Collection Set: 0.1ms
[2025-06-05T22:51:55.002+0000][2.162s][info ][gc,phases   ] GC(14)   Merge Heap Roots: 0.1ms
[2025-06-05T22:51:55.003+0000][2.162s][info ][gc,phases   ] GC(14)   Evacuate Collection Set: 26.9ms
[2025-06-05T22:51:55.003+0000][2.162s][info ][gc,phases   ] GC(14)   Post Evacuate Collection Set: 0.6ms
[2025-06-05T22:51:55.003+0000][2.163s][info ][gc,phases   ] GC(14)   Other: 0.2ms
[2025-06-05T22:51:55.003+0000][2.163s][info ][gc,heap     ] GC(14) Eden regions: 42->0(39)
[2025-06-05T22:51:55.003+0000][2.163s][info ][gc,heap     ] GC(14) Survivor regions: 6->6(6)
[2025-06-05T22:51:55.003+0000][2.163s][info ][gc,heap     ] GC(14) Old regions: 15->19
[2025-06-05T22:51:55.003+0000][2.163s][info ][gc,heap     ] GC(14) Archive regions: 2->2
[2025-06-05T22:51:55.003+0000][2.163s][info ][gc,heap     ] GC(14) Humongous regions: 0->0
[2025-06-05T22:51:55.003+0000][2.163s][info ][gc,metaspace] GC(14) Metaspace: 24376K(24768K)->24376K(24768K) NonClass: 21202K(21376K)->21202K(21376K) Class: 3173K(3392K)->3173K(3392K)
[2025-06-05T22:51:55.003+0000][2.163s][info ][gc          ] GC(14) Pause Young (Normal) (G1 Evacuation Pause) 63M->25M(80M) 29.603ms
[2025-06-05T22:51:55.004+0000][2.163s][info ][gc,cpu      ] GC(14) User=0.02s Sys=0.00s Real=0.03s
[2025-06-05T22:51:55.004+0000][2.163s][info ][safepoint   ] Safepoint "G1CollectForAllocation", Time since last: 18351250 ns, Reaching safepoint: 103042 ns, Cleanup: 28041 ns, At safepoint: 29727542 ns, Total: 29858625 ns
[2025-06-05T22:51:55.062+0000][2.222s][debug][safepoint   ] Safepoint synchronization initiated using futex wait barrier. (13 threads)
[2025-06-05T22:51:55.063+0000][2.222s][info ][gc,start    ] GC(15) Pause Young (Normal) (G1 Evacuation Pause)
[2025-06-05T22:51:55.063+0000][2.222s][info ][gc,task     ] GC(15) Using 2 workers of 2 for evacuation
[2025-06-05T22:51:55.069+0000][2.228s][info ][gc,phases   ] GC(15)   Pre Evacuate Collection Set: 0.1ms
[2025-06-05T22:51:55.069+0000][2.229s][info ][gc,phases   ] GC(15)   Merge Heap Roots: 0.1ms
[2025-06-05T22:51:55.069+0000][2.229s][info ][gc,phases   ] GC(15)   Evacuate Collection Set: 5.3ms
[2025-06-05T22:51:55.069+0000][2.229s][info ][gc,phases   ] GC(15)   Post Evacuate Collection Set: 0.8ms
[2025-06-05T22:51:55.069+0000][2.229s][info ][gc,phases   ] GC(15)   Other: 0.1ms
[2025-06-05T22:51:55.069+0000][2.229s][info ][gc,heap     ] GC(15) Eden regions: 39->0(71)
[2025-06-05T22:51:55.069+0000][2.229s][info ][gc,heap     ] GC(15) Survivor regions: 6->5(6)
[2025-06-05T22:51:55.069+0000][2.229s][info ][gc,heap     ] GC(15) Old regions: 19->24
[2025-06-05T22:51:55.069+0000][2.229s][info ][gc,heap     ] GC(15) Archive regions: 2->2
[2025-06-05T22:51:55.069+0000][2.229s][info ][gc,heap     ] GC(15) Humongous regions: 0->0
[2025-06-05T22:51:55.070+0000][2.229s][info ][gc,metaspace] GC(15) Metaspace: 24453K(24832K)->24453K(24832K) NonClass: 21271K(21440K)->21271K(21440K) Class: 3182K(3392K)->3182K(3392K)
[2025-06-05T22:51:55.070+0000][2.229s][info ][gc          ] GC(15) Pause Young (Normal) (G1 Evacuation Pause) 64M->29M(133M) 6.973ms
[2025-06-05T22:51:55.070+0000][2.229s][info ][gc,cpu      ] GC(15) User=0.01s Sys=0.00s Real=0.01s
[2025-06-05T22:51:55.070+0000][2.229s][info ][safepoint   ] Safepoint "G1CollectForAllocation", Time since last: 58740792 ns, Reaching safepoint: 238875 ns, Cleanup: 33541 ns, At safepoint: 7096292 ns, Total: 7368708 ns
[2025-06-05T22:51:55.158+0000][2.317s][debug][safepoint   ] Safepoint synchronization initiated using futex wait barrier. (13 threads)
[2025-06-05T22:51:55.158+0000][2.318s][info ][safepoint   ] Safepoint "ICBufferFull", Time since last: 88050375 ns, Reaching safepoint: 213375 ns, Cleanup: 82875 ns, At safepoint: 1375 ns, Total: 297625 ns
[2025-06-05T22:51:55.167+0000][2.327s][debug][safepoint   ] Safepoint synchronization initiated using futex wait barrier. (13 threads)
[2025-06-05T22:51:55.167+0000][2.327s][info ][gc,start    ] GC(16) Pause Young (Normal) (G1 Evacuation Pause)
[2025-06-05T22:51:55.167+0000][2.327s][info ][gc,task     ] GC(16) Using 2 workers of 2 for evacuation
[2025-06-05T22:51:55.177+0000][2.336s][info ][gc,phases   ] GC(16)   Pre Evacuate Collection Set: 0.1ms
[2025-06-05T22:51:55.177+0000][2.337s][info ][gc,phases   ] GC(16)   Merge Heap Roots: 0.1ms
[2025-06-05T22:51:55.177+0000][2.337s][info ][gc,phases   ] GC(16)   Evacuate Collection Set: 8.9ms
[2025-06-05T22:51:55.177+0000][2.337s][info ][gc,phases   ] GC(16)   Post Evacuate Collection Set: 0.6ms
[2025-06-05T22:51:55.177+0000][2.337s][info ][gc,phases   ] GC(16)   Other: 0.2ms
[2025-06-05T22:51:55.178+0000][2.337s][info ][gc,heap     ] GC(16) Eden regions: 71->0(63)
[2025-06-05T22:51:55.178+0000][2.337s][info ][gc,heap     ] GC(16) Survivor regions: 5->10(10)
[2025-06-05T22:51:55.178+0000][2.337s][info ][gc,heap     ] GC(16) Old regions: 24->27
[2025-06-05T22:51:55.178+0000][2.337s][info ][gc,heap     ] GC(16) Archive regions: 2->2
[2025-06-05T22:51:55.178+0000][2.337s][info ][gc,heap     ] GC(16) Humongous regions: 0->0
[2025-06-05T22:51:55.178+0000][2.337s][info ][gc,metaspace] GC(16) Metaspace: 24508K(24896K)->24508K(24896K) NonClass: 21320K(21504K)->21320K(21504K) Class: 3188K(3392K)->3188K(3392K)
[2025-06-05T22:51:55.178+0000][2.337s][info ][gc          ] GC(16) Pause Young (Normal) (G1 Evacuation Pause) 100M->37M(133M) 10.584ms
[2025-06-05T22:51:55.178+0000][2.337s][info ][gc,cpu      ] GC(16) User=0.02s Sys=0.00s Real=0.01s
[2025-06-05T22:51:55.178+0000][2.337s][info ][safepoint   ] Safepoint "G1CollectForAllocation", Time since last: 9013458 ns, Reaching safepoint: 154750 ns, Cleanup: 20375 ns, At safepoint: 10708667 ns, Total: 10883792 ns
[2025-06-05T22:51:55.259+0000][2.419s][debug][safepoint   ] Safepoint synchronization initiated using futex wait barrier. (13 threads)
[2025-06-05T22:51:55.262+0000][2.422s][info ][safepoint   ] Safepoint "ICBufferFull", Time since last: 81130709 ns, Reaching safepoint: 3147125 ns, Cleanup: 104583 ns, At safepoint: 6500 ns, Total: 3258208 ns
[2025-06-05T22:51:55.262+0000][2.422s][debug][safepoint   ] Safepoint synchronization initiated using futex wait barrier. (13 threads)
[2025-06-05T22:51:55.263+0000][2.423s][info ][safepoint   ] Safepoint "ICBufferFull", Time since last: 158917 ns, Reaching safepoint: 622500 ns, Cleanup: 5125 ns, At safepoint: 7250 ns, Total: 634875 ns
[2025-06-05T22:51:55.299+0000][2.458s][debug][safepoint   ] Safepoint synchronization initiated using futex wait barrier. (13 threads)
[2025-06-05T22:51:55.299+0000][2.458s][info ][gc,start    ] GC(17) Pause Young (Normal) (G1 Evacuation Pause)
[2025-06-05T22:51:55.299+0000][2.458s][info ][gc,task     ] GC(17) Using 2 workers of 2 for evacuation
[2025-06-05T22:51:55.309+0000][2.468s][info ][gc,phases   ] GC(17)   Pre Evacuate Collection Set: 0.1ms
[2025-06-05T22:51:55.309+0000][2.468s][info ][gc,phases   ] GC(17)   Merge Heap Roots: 0.1ms
[2025-06-05T22:51:55.309+0000][2.468s][info ][gc,phases   ] GC(17)   Evacuate Collection Set: 8.7ms
[2025-06-05T22:51:55.309+0000][2.468s][info ][gc,phases   ] GC(17)   Post Evacuate Collection Set: 0.9ms
[2025-06-05T22:51:55.309+0000][2.469s][info ][gc,phases   ] GC(17)   Other: 0.2ms
[2025-06-05T22:51:55.309+0000][2.469s][info ][gc,heap     ] GC(17) Eden regions: 63->0(59)
[2025-06-05T22:51:55.309+0000][2.469s][info ][gc,heap     ] GC(17) Survivor regions: 10->6(10)
[2025-06-05T22:51:55.309+0000][2.469s][info ][gc,heap     ] GC(17) Old regions: 27->37
[2025-06-05T22:51:55.309+0000][2.469s][info ][gc,heap     ] GC(17) Archive regions: 2->2
[2025-06-05T22:51:55.309+0000][2.469s][info ][gc,heap     ] GC(17) Humongous regions: 0->0
[2025-06-05T22:51:55.309+0000][2.469s][info ][gc,metaspace] GC(17) Metaspace: 24747K(25088K)->24747K(25088K) NonClass: 21519K(21696K)->21519K(21696K) Class: 3228K(3392K)->3228K(3392K)
[2025-06-05T22:51:55.309+0000][2.469s][info ][gc          ] GC(17) Pause Young (Normal) (G1 Evacuation Pause) 100M->43M(133M) 10.388ms
[2025-06-05T22:51:55.309+0000][2.469s][info ][gc,cpu      ] GC(17) User=0.02s Sys=0.00s Real=0.01s
[2025-06-05T22:51:55.309+0000][2.469s][info ][safepoint   ] Safepoint "G1CollectForAllocation", Time since last: 35577916 ns, Reaching safepoint: 184750 ns, Cleanup: 17209 ns, At safepoint: 10484708 ns, Total: 10686667 ns
[2025-06-05T22:51:55.365+0000][2.524s][debug][safepoint   ] Safepoint synchronization initiated using futex wait barrier. (13 threads)
[2025-06-05T22:51:55.366+0000][2.526s][info ][safepoint   ] Safepoint "ICBufferFull", Time since last: 55569958 ns, Reaching safepoint: 1087375 ns, Cleanup: 97209 ns, At safepoint: 4333 ns, Total: 1188917 ns
[2025-06-05T22:51:55.444+0000][2.603s][debug][safepoint   ] Safepoint synchronization initiated using futex wait barrier. (13 threads)
[2025-06-05T22:51:55.444+0000][2.603s][info ][gc,start    ] GC(18) Pause Young (Normal) (G1 Evacuation Pause)
[2025-06-05T22:51:55.444+0000][2.603s][info ][gc,task     ] GC(18) Using 2 workers of 2 for evacuation
[2025-06-05T22:51:55.451+0000][2.611s][info ][gc,phases   ] GC(18)   Pre Evacuate Collection Set: 0.1ms
[2025-06-05T22:51:55.451+0000][2.611s][info ][gc,phases   ] GC(18)   Merge Heap Roots: 0.1ms
[2025-06-05T22:51:55.451+0000][2.611s][info ][gc,phases   ] GC(18)   Evacuate Collection Set: 6.2ms
[2025-06-05T22:51:55.451+0000][2.611s][info ][gc,phases   ] GC(18)   Post Evacuate Collection Set: 0.7ms
[2025-06-05T22:51:55.451+0000][2.611s][info ][gc,phases   ] GC(18)   Other: 0.2ms
[2025-06-05T22:51:55.451+0000][2.611s][info ][gc,heap     ] GC(18) Eden regions: 59->0(54)
[2025-06-05T22:51:55.452+0000][2.611s][info ][gc,heap     ] GC(18) Survivor regions: 6->6(9)
[2025-06-05T22:51:55.452+0000][2.611s][info ][gc,heap     ] GC(18) Old regions: 37->43
[2025-06-05T22:51:55.452+0000][2.611s][info ][gc,heap     ] GC(18) Archive regions: 2->2
[2025-06-05T22:51:55.452+0000][2.611s][info ][gc,heap     ] GC(18) Humongous regions: 0->0
[2025-06-05T22:51:55.452+0000][2.611s][info ][gc,metaspace] GC(18) Metaspace: 25040K(25472K)->25040K(25472K) NonClass: 21793K(22016K)->21793K(22016K) Class: 3247K(3456K)->3247K(3456K)
[2025-06-05T22:51:55.452+0000][2.611s][info ][gc          ] GC(18) Pause Young (Normal) (G1 Evacuation Pause) 102M->49M(133M) 7.886ms
[2025-06-05T22:51:55.452+0000][2.611s][info ][gc,cpu      ] GC(18) User=0.01s Sys=0.00s Real=0.01s
[2025-06-05T22:51:55.452+0000][2.611s][info ][safepoint   ] Safepoint "G1CollectForAllocation", Time since last: 77541500 ns, Reaching safepoint: 198458 ns, Cleanup: 57084 ns, At safepoint: 7988791 ns, Total: 8244333 ns
[2025-06-05T22:51:55.523+0000][2.682s][debug][safepoint   ] Safepoint synchronization initiated using futex wait barrier. (13 threads)
[2025-06-05T22:51:55.523+0000][2.682s][info ][safepoint   ] Safepoint "ICBufferFull", Time since last: 70607709 ns, Reaching safepoint: 181625 ns, Cleanup: 79791 ns, At safepoint: 1375 ns, Total: 262791 ns
[2025-06-05T22:51:55.554+0000][2.714s][debug][safepoint   ] Safepoint synchronization initiated using futex wait barrier. (13 threads)
[2025-06-05T22:51:55.554+0000][2.714s][info ][gc,start    ] GC(19) Pause Young (Normal) (G1 Evacuation Pause)
[2025-06-05T22:51:55.554+0000][2.714s][info ][gc,task     ] GC(19) Using 2 workers of 2 for evacuation
[2025-06-05T22:51:55.561+0000][2.720s][info ][gc,phases   ] GC(19)   Pre Evacuate Collection Set: 0.1ms
[2025-06-05T22:51:55.561+0000][2.720s][info ][gc,phases   ] GC(19)   Merge Heap Roots: 0.1ms
[2025-06-05T22:51:55.561+0000][2.720s][info ][gc,phases   ] GC(19)   Evacuate Collection Set: 4.9ms
[2025-06-05T22:51:55.561+0000][2.720s][info ][gc,phases   ] GC(19)   Post Evacuate Collection Set: 1.1ms
[2025-06-05T22:51:55.561+0000][2.720s][info ][gc,phases   ] GC(19)   Other: 0.2ms
[2025-06-05T22:51:55.561+0000][2.720s][info ][gc,heap     ] GC(19) Eden regions: 54->0(126)
[2025-06-05T22:51:55.561+0000][2.720s][info ][gc,heap     ] GC(19) Survivor regions: 6->3(8)
[2025-06-05T22:51:55.561+0000][2.720s][info ][gc,heap     ] GC(19) Old regions: 43->48
[2025-06-05T22:51:55.561+0000][2.721s][info ][gc,heap     ] GC(19) Archive regions: 2->2
[2025-06-05T22:51:55.561+0000][2.721s][info ][gc,heap     ] GC(19) Humongous regions: 0->0
[2025-06-05T22:51:55.561+0000][2.721s][info ][gc,metaspace] GC(19) Metaspace: 25165K(25536K)->25165K(25536K) NonClass: 21912K(22080K)->21912K(22080K) Class: 3253K(3456K)->3253K(3456K)
[2025-06-05T22:51:55.561+0000][2.721s][info ][gc          ] GC(19) Pause Young (Normal) (G1 Evacuation Pause) 103M->51M(231M) 6.861ms
[2025-06-05T22:51:55.561+0000][2.721s][info ][gc,cpu      ] GC(19) User=0.01s Sys=0.00s Real=0.01s
[2025-06-05T22:51:55.561+0000][2.721s][info ][safepoint   ] Safepoint "G1CollectForAllocation", Time since last: 31271959 ns, Reaching safepoint: 185250 ns, Cleanup: 58041 ns, At safepoint: 6957834 ns, Total: 7201125 ns
[2025-06-05T22:51:55.618+0000][2.777s][debug][safepoint   ] Safepoint synchronization initiated using futex wait barrier. (13 threads)
[2025-06-05T22:51:55.618+0000][2.777s][info ][safepoint   ] Safepoint "ICBufferFull", Time since last: 56434916 ns, Reaching safepoint: 186167 ns, Cleanup: 74833 ns, At safepoint: 1417 ns, Total: 262417 ns
[2025-06-05T22:51:55.702+0000][2.862s][debug][safepoint   ] Safepoint synchronization initiated using futex wait barrier. (13 threads)
[2025-06-05T22:51:55.703+0000][2.862s][info ][safepoint   ] Safepoint "ICBufferFull", Time since last: 84359917 ns, Reaching safepoint: 209041 ns, Cleanup: 60625 ns, At safepoint: 1459 ns, Total: 271125 ns
[2025-06-05T22:51:55.780+0000][2.939s][debug][safepoint   ] Safepoint synchronization initiated using futex wait barrier. (14 threads)
[2025-06-05T22:51:55.780+0000][2.939s][info ][gc,start    ] GC(20) Pause Young (Normal) (G1 Evacuation Pause)
[2025-06-05T22:51:55.780+0000][2.939s][info ][gc,task     ] GC(20) Using 2 workers of 2 for evacuation
[2025-06-05T22:51:55.785+0000][2.944s][info ][gc,phases   ] GC(20)   Pre Evacuate Collection Set: 0.1ms
[2025-06-05T22:51:55.785+0000][2.945s][info ][gc,phases   ] GC(20)   Merge Heap Roots: 0.1ms
[2025-06-05T22:51:55.785+0000][2.945s][info ][gc,phases   ] GC(20)   Evacuate Collection Set: 4.2ms
[2025-06-05T22:51:55.785+0000][2.945s][info ][gc,phases   ] GC(20)   Post Evacuate Collection Set: 0.6ms
[2025-06-05T22:51:55.785+0000][2.945s][info ][gc,phases   ] GC(20)   Other: 0.2ms
[2025-06-05T22:51:55.785+0000][2.945s][info ][gc,heap     ] GC(20) Eden regions: 126->0(128)
[2025-06-05T22:51:55.785+0000][2.945s][info ][gc,heap     ] GC(20) Survivor regions: 3->7(17)
[2025-06-05T22:51:55.785+0000][2.945s][info ][gc,heap     ] GC(20) Old regions: 48->48
[2025-06-05T22:51:55.785+0000][2.945s][info ][gc,heap     ] GC(20) Archive regions: 2->2
[2025-06-05T22:51:55.785+0000][2.945s][info ][gc,heap     ] GC(20) Humongous regions: 0->0
[2025-06-05T22:51:55.785+0000][2.945s][info ][gc,metaspace] GC(20) Metaspace: 25688K(26048K)->25688K(26048K) NonClass: 22384K(22528K)->22384K(22528K) Class: 3304K(3520K)->3304K(3520K)
[2025-06-05T22:51:55.785+0000][2.945s][info ][gc          ] GC(20) Pause Young (Normal) (G1 Evacuation Pause) 177M->55M(231M) 5.670ms
[2025-06-05T22:51:55.786+0000][2.945s][info ][gc,cpu      ] GC(20) User=0.01s Sys=0.00s Real=0.00s
[2025-06-05T22:51:55.786+0000][2.945s][info ][safepoint   ] Safepoint "G1CollectForAllocation", Time since last: 76936250 ns, Reaching safepoint: 187625 ns, Cleanup: 86000 ns, At safepoint: 5777041 ns, Total: 6050666 ns
[2025-06-05T22:51:55.951+0000][3.111s][debug][safepoint   ] Safepoint synchronization initiated using futex wait barrier. (14 threads)
[2025-06-05T22:51:55.951+0000][3.111s][info ][gc,start    ] GC(21) Pause Young (Normal) (G1 Evacuation Pause)
[2025-06-05T22:51:55.951+0000][3.111s][info ][gc,task     ] GC(21) Using 2 workers of 2 for evacuation
[2025-06-05T22:51:55.957+0000][3.116s][info ][gc,phases   ] GC(21)   Pre Evacuate Collection Set: 0.1ms
[2025-06-05T22:51:55.957+0000][3.116s][info ][gc,phases   ] GC(21)   Merge Heap Roots: 0.1ms
[2025-06-05T22:51:55.957+0000][3.116s][info ][gc,phases   ] GC(21)   Evacuate Collection Set: 3.8ms
[2025-06-05T22:51:55.957+0000][3.116s][info ][gc,phases   ] GC(21)   Post Evacuate Collection Set: 0.9ms
[2025-06-05T22:51:55.957+0000][3.117s][info ][gc,phases   ] GC(21)   Other: 0.3ms
[2025-06-05T22:51:55.957+0000][3.117s][info ][gc,heap     ] GC(21) Eden regions: 128->0(131)
[2025-06-05T22:51:55.957+0000][3.117s][info ][gc,heap     ] GC(21) Survivor regions: 7->7(17)
[2025-06-05T22:51:55.957+0000][3.117s][info ][gc,heap     ] GC(21) Old regions: 48->48
[2025-06-05T22:51:55.957+0000][3.117s][info ][gc,heap     ] GC(21) Archive regions: 2->2
[2025-06-05T22:51:55.957+0000][3.117s][info ][gc,heap     ] GC(21) Humongous regions: 0->0
[2025-06-05T22:51:55.958+0000][3.117s][info ][gc,metaspace] GC(21) Metaspace: 26882K(27264K)->26882K(27264K) NonClass: 23488K(23680K)->23488K(23680K) Class: 3394K(3584K)->3394K(3584K)
[2025-06-05T22:51:55.958+0000][3.117s][info ][gc          ] GC(21) Pause Young (Normal) (G1 Evacuation Pause) 183M->55M(231M) 6.192ms
[2025-06-05T22:51:55.958+0000][3.117s][info ][gc,cpu      ] GC(21) User=0.01s Sys=0.00s Real=0.01s
[2025-06-05T22:51:55.958+0000][3.117s][info ][safepoint   ] Safepoint "G1CollectForAllocation", Time since last: 165683251 ns, Reaching safepoint: 114791 ns, Cleanup: 43834 ns, At safepoint: 6419958 ns, Total: 6578583 ns
[2025-06-05T22:51:56.125+0000][3.284s][debug][safepoint   ] Safepoint synchronization initiated using futex wait barrier. (13 threads)
[2025-06-05T22:51:56.125+0000][3.284s][info ][safepoint   ] Safepoint "ICBufferFull", Time since last: 166866583 ns, Reaching safepoint: 190459 ns, Cleanup: 115041 ns, At safepoint: 1417 ns, Total: 306917 ns
[2025-06-05T22:51:56.258+0000][3.417s][debug][safepoint   ] Safepoint synchronization initiated using futex wait barrier. (13 threads)
[2025-06-05T22:51:56.258+0000][3.418s][info ][gc,start    ] GC(22) Pause Young (Normal) (G1 Evacuation Pause)
[2025-06-05T22:51:56.258+0000][3.418s][info ][gc,task     ] GC(22) Using 2 workers of 2 for evacuation
[2025-06-05T22:51:56.264+0000][3.424s][info ][gc,phases   ] GC(22)   Pre Evacuate Collection Set: 0.1ms
[2025-06-05T22:51:56.264+0000][3.424s][info ][gc,phases   ] GC(22)   Merge Heap Roots: 0.1ms
[2025-06-05T22:51:56.264+0000][3.424s][info ][gc,phases   ] GC(22)   Evacuate Collection Set: 5.0ms
[2025-06-05T22:51:56.265+0000][3.424s][info ][gc,phases   ] GC(22)   Post Evacuate Collection Set: 0.7ms
[2025-06-05T22:51:56.265+0000][3.424s][info ][gc,phases   ] GC(22)   Other: 0.2ms
[2025-06-05T22:51:56.265+0000][3.424s][info ][gc,heap     ] GC(22) Eden regions: 131->0(129)
[2025-06-05T22:51:56.265+0000][3.424s][info ][gc,heap     ] GC(22) Survivor regions: 7->9(18)
[2025-06-05T22:51:56.265+0000][3.424s][info ][gc,heap     ] GC(22) Old regions: 48->48
[2025-06-05T22:51:56.265+0000][3.424s][info ][gc,heap     ] GC(22) Archive regions: 2->2
[2025-06-05T22:51:56.265+0000][3.424s][info ][gc,heap     ] GC(22) Humongous regions: 0->0
[2025-06-05T22:51:56.265+0000][3.424s][info ][gc,metaspace] GC(22) Metaspace: 33503K(33920K)->33503K(33920K) NonClass: 29363K(29568K)->29363K(29568K) Class: 4140K(4352K)->4140K(4352K)
[2025-06-05T22:51:56.265+0000][3.424s][info ][gc          ] GC(22) Pause Young (Normal) (G1 Evacuation Pause) 186M->57M(231M) 6.727ms
[2025-06-05T22:51:56.265+0000][3.424s][info ][gc,cpu      ] GC(22) User=0.01s Sys=0.00s Real=0.00s
[2025-06-05T22:51:56.265+0000][3.425s][info ][safepoint   ] Safepoint "G1CollectForAllocation", Time since last: 132902125 ns, Reaching safepoint: 214708 ns, Cleanup: 49459 ns, At safepoint: 6858250 ns, Total: 7122417 ns
[2025-06-05T22:51:56.419+0000][3.578s][debug][safepoint   ] Safepoint synchronization initiated using futex wait barrier. (13 threads)
[2025-06-05T22:51:56.419+0000][3.579s][info ][safepoint   ] Safepoint "ICBufferFull", Time since last: 153671541 ns, Reaching safepoint: 211375 ns, Cleanup: 115667 ns, At safepoint: 1708 ns, Total: 328750 ns
[2025-06-05T22:51:56.505+0000][3.664s][debug][safepoint   ] Safepoint synchronization initiated using futex wait barrier. (13 threads)
[2025-06-05T22:51:56.506+0000][3.666s][info ][gc,start    ] GC(23) Pause Young (Normal) (G1 Evacuation Pause)
[2025-06-05T22:51:56.506+0000][3.666s][info ][gc,task     ] GC(23) Using 2 workers of 2 for evacuation
[2025-06-05T22:51:56.513+0000][3.673s][info ][gc,phases   ] GC(23)   Pre Evacuate Collection Set: 0.1ms
[2025-06-05T22:51:56.513+0000][3.673s][info ][gc,phases   ] GC(23)   Merge Heap Roots: 0.1ms
[2025-06-05T22:51:56.513+0000][3.673s][info ][gc,phases   ] GC(23)   Evacuate Collection Set: 5.9ms
[2025-06-05T22:51:56.513+0000][3.673s][info ][gc,phases   ] GC(23)   Post Evacuate Collection Set: 0.9ms
[2025-06-05T22:51:56.513+0000][3.673s][info ][gc,phases   ] GC(23)   Other: 0.2ms
[2025-06-05T22:51:56.513+0000][3.673s][info ][gc,heap     ] GC(23) Eden regions: 129->0(127)
[2025-06-05T22:51:56.514+0000][3.673s][info ][gc,heap     ] GC(23) Survivor regions: 9->11(18)
[2025-06-05T22:51:56.514+0000][3.673s][info ][gc,heap     ] GC(23) Old regions: 48->48
[2025-06-05T22:51:56.514+0000][3.673s][info ][gc,heap     ] GC(23) Archive regions: 2->2
[2025-06-05T22:51:56.514+0000][3.673s][info ][gc,heap     ] GC(23) Humongous regions: 0->0
[2025-06-05T22:51:56.514+0000][3.673s][info ][gc,metaspace] GC(23) Metaspace: 34706K(35136K)->34706K(35136K) NonClass: 30397K(30592K)->30397K(30592K) Class: 4308K(4544K)->4308K(4544K)
[2025-06-05T22:51:56.514+0000][3.673s][info ][gc          ] GC(23) Pause Young (Normal) (G1 Evacuation Pause) 186M->59M(231M) 7.731ms
[2025-06-05T22:51:56.514+0000][3.673s][info ][gc,cpu      ] GC(23) User=0.02s Sys=0.00s Real=0.00s
[2025-06-05T22:51:56.514+0000][3.673s][info ][safepoint   ] Safepoint "G1CollectForAllocation", Time since last: 85919417 ns, Reaching safepoint: 1053917 ns, Cleanup: 36916 ns, At safepoint: 7860417 ns, Total: 8951250 ns
[2025-06-05T22:51:56.544+0000][3.703s][debug][safepoint   ] Safepoint synchronization initiated using futex wait barrier. (13 threads)
[2025-06-05T22:51:56.544+0000][3.704s][info ][safepoint   ] Safepoint "ICBufferFull", Time since last: 29994917 ns, Reaching safepoint: 258166 ns, Cleanup: 108334 ns, At safepoint: 1750 ns, Total: 368250 ns
[2025-06-05T22:51:56.544+0000][3.704s][debug][safepoint   ] Safepoint synchronization initiated using futex wait barrier. (13 threads)
[2025-06-05T22:51:56.545+0000][3.705s][info ][safepoint   ] Safepoint "ICBufferFull", Time since last: 139750 ns, Reaching safepoint: 607000 ns, Cleanup: 10250 ns, At safepoint: 4250 ns, Total: 621500 ns
[2025-06-05T22:51:56.599+0000][3.759s][debug][safepoint   ] Safepoint synchronization initiated using futex wait barrier. (13 threads)
[2025-06-05T22:51:56.600+0000][3.760s][info ][safepoint   ] Safepoint "ICBufferFull", Time since last: 54418583 ns, Reaching safepoint: 556708 ns, Cleanup: 96542 ns, At safepoint: 7125 ns, Total: 660375 ns
[2025-06-05T22:51:56.636+0000][3.796s][debug][safepoint   ] Safepoint synchronization initiated using futex wait barrier. (13 threads)
[2025-06-05T22:51:56.636+0000][3.796s][info ][gc,start    ] GC(24) Pause Young (Concurrent Start) (Metadata GC Threshold)
[2025-06-05T22:51:56.637+0000][3.796s][info ][gc,task     ] GC(24) Using 2 workers of 2 for evacuation
[2025-06-05T22:51:56.643+0000][3.802s][info ][gc,phases   ] GC(24)   Pre Evacuate Collection Set: 0.1ms
[2025-06-05T22:51:56.643+0000][3.803s][info ][gc,phases   ] GC(24)   Merge Heap Roots: 0.1ms
[2025-06-05T22:51:56.643+0000][3.803s][info ][gc,phases   ] GC(24)   Evacuate Collection Set: 5.6ms
[2025-06-05T22:51:56.643+0000][3.803s][info ][gc,phases   ] GC(24)   Post Evacuate Collection Set: 0.6ms
[2025-06-05T22:51:56.643+0000][3.803s][info ][gc,phases   ] GC(24)   Other: 0.2ms
[2025-06-05T22:51:56.643+0000][3.803s][info ][gc,heap     ] GC(24) Eden regions: 50->0(130)
[2025-06-05T22:51:56.643+0000][3.803s][info ][gc,heap     ] GC(24) Survivor regions: 11->8(18)
[2025-06-05T22:51:56.643+0000][3.803s][info ][gc,heap     ] GC(24) Old regions: 48->50
[2025-06-05T22:51:56.643+0000][3.803s][info ][gc,heap     ] GC(24) Archive regions: 2->2
[2025-06-05T22:51:56.644+0000][3.803s][info ][gc,heap     ] GC(24) Humongous regions: 0->0
[2025-06-05T22:51:56.644+0000][3.803s][info ][gc,metaspace] GC(24) Metaspace: 35866K(36288K)->35866K(36288K) NonClass: 31420K(31616K)->31420K(31616K) Class: 4446K(4672K)->4446K(4672K)
[2025-06-05T22:51:56.644+0000][3.803s][info ][gc          ] GC(24) Pause Young (Concurrent Start) (Metadata GC Threshold) 109M->57M(231M) 7.146ms
[2025-06-05T22:51:56.644+0000][3.803s][info ][gc,cpu      ] GC(24) User=0.01s Sys=0.00s Real=0.00s
[2025-06-05T22:51:56.644+0000][3.803s][info ][gc          ] GC(25) Concurrent Mark Cycle
[2025-06-05T22:51:56.644+0000][3.803s][info ][gc,marking  ] GC(25) Concurrent Clear Claimed Marks
[2025-06-05T22:51:56.644+0000][3.803s][info ][safepoint   ] Safepoint "CollectForMetadataAllocation", Time since last: 36173709 ns, Reaching safepoint: 152291 ns, Cleanup: 17459 ns, At safepoint: 7283541 ns, Total: 7453291 ns
[2025-06-05T22:51:56.644+0000][3.803s][info ][gc,marking  ] GC(25) Concurrent Clear Claimed Marks 0.093ms
[2025-06-05T22:51:56.647+0000][3.807s][info ][gc,marking  ] GC(25) Concurrent Scan Root Regions
[2025-06-05T22:51:56.652+0000][3.811s][info ][gc,marking  ] GC(25) Concurrent Scan Root Regions 4.665ms
[2025-06-05T22:51:56.652+0000][3.811s][info ][gc,marking  ] GC(25) Concurrent Mark
[2025-06-05T22:51:56.652+0000][3.811s][info ][gc,marking  ] GC(25) Concurrent Mark From Roots
[2025-06-05T22:51:56.652+0000][3.811s][info ][gc,task     ] GC(25) Using 1 workers of 1 for marking
[2025-06-05T22:51:56.665+0000][3.825s][debug][safepoint   ] Safepoint synchronization initiated using futex wait barrier. (13 threads)
[2025-06-05T22:51:56.665+0000][3.825s][info ][safepoint   ] Safepoint "CollectForMetadataAllocation", Time since last: 21322167 ns, Reaching safepoint: 171667 ns, Cleanup: 21708 ns, At safepoint: 22000 ns, Total: 215375 ns
[2025-06-05T22:51:56.696+0000][3.856s][debug][safepoint   ] Safepoint synchronization initiated using futex wait barrier. (13 threads)
[2025-06-05T22:51:56.696+0000][3.856s][info ][safepoint   ] Safepoint "CollectForMetadataAllocation", Time since last: 30939625 ns, Reaching safepoint: 238042 ns, Cleanup: 2958 ns, At safepoint: 16875 ns, Total: 257875 ns
[2025-06-05T22:51:56.700+0000][3.860s][info ][gc,marking  ] GC(25) Concurrent Mark From Roots 48.475ms
[2025-06-05T22:51:56.704+0000][3.864s][info ][gc,marking  ] GC(25) Concurrent Preclean
[2025-06-05T22:51:56.704+0000][3.864s][info ][gc,marking  ] GC(25) Concurrent Preclean 0.286ms
[2025-06-05T22:51:56.704+0000][3.864s][debug][safepoint   ] Safepoint synchronization initiated using futex wait barrier. (13 threads)
[2025-06-05T22:51:56.705+0000][3.864s][info ][gc,start    ] GC(25) Pause Remark
[2025-06-05T22:51:56.708+0000][3.867s][info ][gc          ] GC(25) Pause Remark 74M->74M(231M) 2.652ms
[2025-06-05T22:51:56.708+0000][3.867s][info ][gc,cpu      ] GC(25) User=0.01s Sys=0.00s Real=0.01s
[2025-06-05T22:51:56.708+0000][3.867s][info ][safepoint   ] Safepoint "G1PauseRemark", Time since last: 7953625 ns, Reaching safepoint: 503125 ns, Cleanup: 1667 ns, At safepoint: 2849375 ns, Total: 3354167 ns
[2025-06-05T22:51:56.708+0000][3.867s][info ][gc,marking  ] GC(25) Concurrent Mark 56.002ms
[2025-06-05T22:51:56.712+0000][3.872s][info ][gc,marking  ] GC(25) Concurrent Rebuild Remembered Sets
[2025-06-05T22:51:56.734+0000][3.894s][info ][gc,marking  ] GC(25) Concurrent Rebuild Remembered Sets 22.459ms
[2025-06-05T22:51:56.735+0000][3.894s][debug][safepoint   ] Safepoint synchronization initiated using futex wait barrier. (13 threads)
[2025-06-05T22:51:56.736+0000][3.896s][info ][gc,start    ] GC(25) Pause Cleanup
[2025-06-05T22:51:56.736+0000][3.896s][info ][gc          ] GC(25) Pause Cleanup 85M->85M(231M) 0.139ms
[2025-06-05T22:51:56.736+0000][3.896s][info ][gc,cpu      ] GC(25) User=0.00s Sys=0.00s Real=0.00s
[2025-06-05T22:51:56.736+0000][3.896s][info ][safepoint   ] Safepoint "G1PauseCleanup", Time since last: 26928916 ns, Reaching safepoint: 1522625 ns, Cleanup: 3625 ns, At safepoint: 269334 ns, Total: 1795584 ns
[2025-06-05T22:51:56.738+0000][3.897s][info ][gc,marking  ] GC(25) Concurrent Cleanup for Next Mark
[2025-06-05T22:51:56.739+0000][3.898s][info ][gc,marking  ] GC(25) Concurrent Cleanup for Next Mark 0.718ms
[2025-06-05T22:51:56.739+0000][3.898s][info ][gc          ] GC(25) Concurrent Mark Cycle 95.130ms
[2025-06-05T22:51:56.894+0000][4.053s][debug][safepoint   ] Safepoint synchronization initiated using futex wait barrier. (13 threads)
[2025-06-05T22:51:56.894+0000][4.054s][info ][safepoint   ] Safepoint "ICBufferFull", Time since last: 157295125 ns, Reaching safepoint: 181083 ns, Cleanup: 73125 ns, At safepoint: 1375 ns, Total: 255583 ns
[2025-06-05T22:51:56.927+0000][4.086s][debug][safepoint   ] Safepoint synchronization initiated using futex wait barrier. (13 threads)
[2025-06-05T22:51:56.927+0000][4.086s][info ][gc,start    ] GC(26) Pause Young (Prepare Mixed) (G1 Evacuation Pause)
[2025-06-05T22:51:56.927+0000][4.086s][info ][gc,task     ] GC(26) Using 2 workers of 2 for evacuation
[2025-06-05T22:51:56.934+0000][4.093s][info ][gc,phases   ] GC(26)   Pre Evacuate Collection Set: 0.1ms
[2025-06-05T22:51:56.934+0000][4.093s][info ][gc,phases   ] GC(26)   Merge Heap Roots: 0.1ms
[2025-06-05T22:51:56.934+0000][4.094s][info ][gc,phases   ] GC(26)   Evacuate Collection Set: 5.9ms
[2025-06-05T22:51:56.934+0000][4.094s][info ][gc,phases   ] GC(26)   Post Evacuate Collection Set: 0.7ms
[2025-06-05T22:51:56.934+0000][4.094s][info ][gc,phases   ] GC(26)   Other: 0.2ms
[2025-06-05T22:51:56.934+0000][4.094s][info ][gc,heap     ] GC(26) Eden regions: 130->0(2)
[2025-06-05T22:51:56.934+0000][4.094s][info ][gc,heap     ] GC(26) Survivor regions: 8->9(18)
[2025-06-05T22:51:56.934+0000][4.094s][info ][gc,heap     ] GC(26) Old regions: 50->50
[2025-06-05T22:51:56.934+0000][4.094s][info ][gc,heap     ] GC(26) Archive regions: 2->2
[2025-06-05T22:51:56.934+0000][4.094s][info ][gc,heap     ] GC(26) Humongous regions: 0->0
[2025-06-05T22:51:56.934+0000][4.094s][info ][gc,metaspace] GC(26) Metaspace: 38874K(39296K)->38874K(39296K) NonClass: 33975K(34176K)->33975K(34176K) Class: 4899K(5120K)->4899K(5120K)
[2025-06-05T22:51:56.935+0000][4.094s][info ][gc          ] GC(26) Pause Young (Prepare Mixed) (G1 Evacuation Pause) 187M->58M(231M) 7.764ms
[2025-06-05T22:51:56.935+0000][4.094s][info ][gc,cpu      ] GC(26) User=0.01s Sys=0.01s Real=0.00s
[2025-06-05T22:51:56.935+0000][4.094s][info ][safepoint   ] Safepoint "G1CollectForAllocation", Time since last: 32523500 ns, Reaching safepoint: 165833 ns, Cleanup: 36084 ns, At safepoint: 7877875 ns, Total: 8079792 ns
[2025-06-05T22:51:56.941+0000][4.100s][debug][safepoint   ] Safepoint synchronization initiated using futex wait barrier. (13 threads)
[2025-06-05T22:51:56.941+0000][4.100s][info ][gc,start    ] GC(27) Pause Young (Mixed) (G1 Evacuation Pause)
[2025-06-05T22:51:56.941+0000][4.101s][info ][gc,task     ] GC(27) Using 2 workers of 2 for evacuation
[2025-06-05T22:51:56.948+0000][4.108s][info ][gc,phases   ] GC(27)   Pre Evacuate Collection Set: 0.1ms
[2025-06-05T22:51:56.948+0000][4.108s][info ][gc,phases   ] GC(27)   Merge Heap Roots: 0.1ms
[2025-06-05T22:51:56.948+0000][4.108s][info ][gc,phases   ] GC(27)   Evacuate Collection Set: 6.3ms
[2025-06-05T22:51:56.949+0000][4.108s][info ][gc,phases   ] GC(27)   Post Evacuate Collection Set: 0.6ms
[2025-06-05T22:51:56.949+0000][4.108s][info ][gc,phases   ] GC(27)   Other: 0.1ms
[2025-06-05T22:51:56.949+0000][4.108s][info ][gc,heap     ] GC(27) Eden regions: 2->0(137)
[2025-06-05T22:51:56.949+0000][4.108s][info ][gc,heap     ] GC(27) Survivor regions: 9->1(2)
[2025-06-05T22:51:56.949+0000][4.108s][info ][gc,heap     ] GC(27) Old regions: 50->56
[2025-06-05T22:51:56.949+0000][4.108s][info ][gc,heap     ] GC(27) Archive regions: 2->2
[2025-06-05T22:51:56.949+0000][4.108s][info ][gc,heap     ] GC(27) Humongous regions: 0->0
[2025-06-05T22:51:56.949+0000][4.108s][info ][gc,metaspace] GC(27) Metaspace: 38975K(39360K)->38975K(39360K) NonClass: 34065K(34240K)->34065K(34240K) Class: 4910K(5120K)->4910K(5120K)
[2025-06-05T22:51:56.949+0000][4.108s][info ][gc          ] GC(27) Pause Young (Mixed) (G1 Evacuation Pause) 60M->57M(231M) 7.824ms
[2025-06-05T22:51:56.949+0000][4.108s][info ][gc,cpu      ] GC(27) User=0.01s Sys=0.00s Real=0.01s
[2025-06-05T22:51:56.949+0000][4.108s][info ][safepoint   ] Safepoint "G1CollectForAllocation", Time since last: 6179083 ns, Reaching safepoint: 167542 ns, Cleanup: 7958 ns, At safepoint: 7951583 ns, Total: 8127083 ns
[2025-06-05T22:51:57.166+0000][4.326s][debug][safepoint   ] Safepoint synchronization initiated using futex wait barrier. (13 threads)
[2025-06-05T22:51:57.167+0000][4.326s][info ][safepoint   ] Safepoint "ICBufferFull", Time since last: 217270625 ns, Reaching safepoint: 196042 ns, Cleanup: 109208 ns, At safepoint: 1250 ns, Total: 306500 ns
[2025-06-05T22:51:57.298+0000][4.457s][debug][safepoint   ] Safepoint synchronization initiated using futex wait barrier. (13 threads)
[2025-06-05T22:51:57.298+0000][4.457s][info ][gc,start    ] GC(28) Pause Young (Concurrent Start) (G1 Evacuation Pause)
[2025-06-05T22:51:57.298+0000][4.457s][info ][gc,task     ] GC(28) Using 2 workers of 2 for evacuation
[2025-06-05T22:51:57.301+0000][4.461s][info ][gc,phases   ] GC(28)   Pre Evacuate Collection Set: 0.1ms
[2025-06-05T22:51:57.301+0000][4.461s][info ][gc,phases   ] GC(28)   Merge Heap Roots: 0.1ms
[2025-06-05T22:51:57.301+0000][4.461s][info ][gc,phases   ] GC(28)   Evacuate Collection Set: 2.4ms
[2025-06-05T22:51:57.301+0000][4.461s][info ][gc,phases   ] GC(28)   Post Evacuate Collection Set: 0.6ms
[2025-06-05T22:51:57.301+0000][4.461s][info ][gc,phases   ] GC(28)   Other: 0.2ms
[2025-06-05T22:51:57.301+0000][4.461s][info ][gc,heap     ] GC(28) Eden regions: 137->0(136)
[2025-06-05T22:51:57.301+0000][4.461s][info ][gc,heap     ] GC(28) Survivor regions: 1->2(18)
[2025-06-05T22:51:57.302+0000][4.461s][info ][gc,heap     ] GC(28) Old regions: 56->56
[2025-06-05T22:51:57.302+0000][4.461s][info ][gc,heap     ] GC(28) Archive regions: 2->2
[2025-06-05T22:51:57.302+0000][4.461s][info ][gc,heap     ] GC(28) Humongous regions: 0->0
[2025-06-05T22:51:57.302+0000][4.461s][info ][gc,metaspace] GC(28) Metaspace: 41443K(41856K)->41443K(41856K) NonClass: 36187K(36416K)->36187K(36416K) Class: 5256K(5440K)->5256K(5440K)
[2025-06-05T22:51:57.302+0000][4.461s][info ][gc          ] GC(28) Pause Young (Concurrent Start) (G1 Evacuation Pause) 194M->58M(231M) 3.987ms
[2025-06-05T22:51:57.302+0000][4.461s][info ][gc,cpu      ] GC(28) User=0.01s Sys=0.00s Real=0.00s
[2025-06-05T22:51:57.302+0000][4.461s][info ][safepoint   ] Safepoint "G1CollectForAllocation", Time since last: 130995042 ns, Reaching safepoint: 218708 ns, Cleanup: 62750 ns, At safepoint: 4104042 ns, Total: 4385500 ns
[2025-06-05T22:51:57.302+0000][4.461s][info ][gc          ] GC(29) Concurrent Mark Cycle
[2025-06-05T22:51:57.306+0000][4.466s][info ][gc,marking  ] GC(29) Concurrent Clear Claimed Marks
[2025-06-05T22:51:57.306+0000][4.466s][info ][gc,marking  ] GC(29) Concurrent Clear Claimed Marks 0.189ms
[2025-06-05T22:51:57.306+0000][4.466s][info ][gc,marking  ] GC(29) Concurrent Scan Root Regions
[2025-06-05T22:51:57.308+0000][4.467s][info ][gc,marking  ] GC(29) Concurrent Scan Root Regions 1.536ms
[2025-06-05T22:51:57.308+0000][4.467s][info ][gc,marking  ] GC(29) Concurrent Mark
[2025-06-05T22:51:57.308+0000][4.468s][info ][gc,marking  ] GC(29) Concurrent Mark From Roots
[2025-06-05T22:51:57.308+0000][4.468s][info ][gc,task     ] GC(29) Using 1 workers of 1 for marking
[2025-06-05T22:51:57.350+0000][4.509s][info ][gc,marking  ] GC(29) Concurrent Mark From Roots 41.507ms
[2025-06-05T22:51:57.350+0000][4.509s][info ][gc,marking  ] GC(29) Concurrent Preclean
[2025-06-05T22:51:57.350+0000][4.510s][info ][gc,marking  ] GC(29) Concurrent Preclean 0.212ms
[2025-06-05T22:51:57.350+0000][4.510s][debug][safepoint   ] Safepoint synchronization initiated using futex wait barrier. (13 threads)
[2025-06-05T22:51:57.350+0000][4.510s][info ][gc,start    ] GC(29) Pause Remark
[2025-06-05T22:51:57.353+0000][4.512s][info ][gc          ] GC(29) Pause Remark 77M->77M(231M) 2.766ms
[2025-06-05T22:51:57.353+0000][4.513s][info ][gc,cpu      ] GC(29) User=0.00s Sys=0.00s Real=0.00s
[2025-06-05T22:51:57.353+0000][4.513s][info ][safepoint   ] Safepoint "G1PauseRemark", Time since last: 48215959 ns, Reaching safepoint: 83916 ns, Cleanup: 19500 ns, At safepoint: 2941792 ns, Total: 3045208 ns
[2025-06-05T22:51:57.353+0000][4.513s][info ][gc,marking  ] GC(29) Concurrent Mark 45.266ms
[2025-06-05T22:51:57.354+0000][4.513s][info ][gc,marking  ] GC(29) Concurrent Rebuild Remembered Sets
[2025-06-05T22:51:57.420+0000][4.579s][info ][gc,marking  ] GC(29) Concurrent Rebuild Remembered Sets 65.943ms
[2025-06-05T22:51:57.423+0000][4.582s][debug][safepoint   ] Safepoint synchronization initiated using futex wait barrier. (13 threads)
[2025-06-05T22:51:57.424+0000][4.583s][info ][gc,start    ] GC(29) Pause Cleanup
[2025-06-05T22:51:57.424+0000][4.583s][info ][gc          ] GC(29) Pause Cleanup 91M->91M(231M) 0.182ms
[2025-06-05T22:51:57.424+0000][4.583s][info ][gc,cpu      ] GC(29) User=0.01s Sys=0.00s Real=0.00s
[2025-06-05T22:51:57.424+0000][4.584s][info ][safepoint   ] Safepoint "G1PauseCleanup", Time since last: 69844250 ns, Reaching safepoint: 672083 ns, Cleanup: 12542 ns, At safepoint: 321708 ns, Total: 1006333 ns
[2025-06-05T22:51:57.424+0000][4.584s][info ][gc,marking  ] GC(29) Concurrent Cleanup for Next Mark
[2025-06-05T22:51:57.425+0000][4.585s][info ][gc,marking  ] GC(29) Concurrent Cleanup for Next Mark 1.292ms
[2025-06-05T22:51:57.426+0000][4.585s][info ][gc          ] GC(29) Concurrent Mark Cycle 123.589ms
[2025-06-05T22:51:57.604+0000][4.764s][debug][safepoint   ] Safepoint synchronization initiated using futex wait barrier. (13 threads)
[2025-06-05T22:51:57.605+0000][4.764s][info ][safepoint   ] Safepoint "ICBufferFull", Time since last: 180439375 ns, Reaching safepoint: 226500 ns, Cleanup: 102500 ns, At safepoint: 5750 ns, Total: 334750 ns
[2025-06-05T22:51:57.645+0000][4.804s][debug][safepoint   ] ... found polling page loop exception at pc = 0x0000ffff990df758, stub =0x0000ffff9897ef00
[2025-06-05T22:51:57.652+0000][4.812s][debug][safepoint   ] Safepoint synchronization initiated using futex wait barrier. (13 threads)
[2025-06-05T22:51:57.653+0000][4.813s][info ][safepoint   ] Safepoint "ICBufferFull", Time since last: 47317584 ns, Reaching safepoint: 893375 ns, Cleanup: 110333 ns, At safepoint: 7000 ns, Total: 1010708 ns
[2025-06-05T22:51:57.761+0000][4.920s][debug][safepoint   ] Safepoint synchronization initiated using futex wait barrier. (13 threads)
[2025-06-05T22:51:57.761+0000][4.921s][info ][gc,start    ] GC(30) Pause Young (Prepare Mixed) (G1 Evacuation Pause)
[2025-06-05T22:51:57.761+0000][4.921s][info ][gc,task     ] GC(30) Using 2 workers of 2 for evacuation
[2025-06-05T22:51:57.767+0000][4.926s][info ][gc,phases   ] GC(30)   Pre Evacuate Collection Set: 0.1ms
[2025-06-05T22:51:57.767+0000][4.927s][info ][gc,phases   ] GC(30)   Merge Heap Roots: 0.1ms
[2025-06-05T22:51:57.767+0000][4.927s][info ][gc,phases   ] GC(30)   Evacuate Collection Set: 4.6ms
[2025-06-05T22:51:57.767+0000][4.927s][info ][gc,phases   ] GC(30)   Post Evacuate Collection Set: 0.7ms
[2025-06-05T22:51:57.767+0000][4.927s][info ][gc,phases   ] GC(30)   Other: 0.2ms
[2025-06-05T22:51:57.767+0000][4.927s][info ][gc,heap     ] GC(30) Eden regions: 136->0(6)
[2025-06-05T22:51:57.767+0000][4.927s][info ][gc,heap     ] GC(30) Survivor regions: 2->5(18)
[2025-06-05T22:51:57.767+0000][4.927s][info ][gc,heap     ] GC(30) Old regions: 56->56
[2025-06-05T22:51:57.767+0000][4.927s][info ][gc,heap     ] GC(30) Archive regions: 2->2
[2025-06-05T22:51:57.767+0000][4.927s][info ][gc,heap     ] GC(30) Humongous regions: 0->0
[2025-06-05T22:51:57.767+0000][4.927s][info ][gc,metaspace] GC(30) Metaspace: 44987K(45376K)->44987K(45376K) NonClass: 39233K(39424K)->39233K(39424K) Class: 5754K(5952K)->5754K(5952K)
[2025-06-05T22:51:57.767+0000][4.927s][info ][gc          ] GC(30) Pause Young (Prepare Mixed) (G1 Evacuation Pause) 194M->61M(231M) 6.218ms
[2025-06-05T22:51:57.768+0000][4.927s][info ][gc,cpu      ] GC(30) User=0.02s Sys=0.00s Real=0.01s
[2025-06-05T22:51:57.768+0000][4.927s][info ][safepoint   ] Safepoint "G1CollectForAllocation", Time since last: 107783750 ns, Reaching safepoint: 216667 ns, Cleanup: 102666 ns, At safepoint: 6337209 ns, Total: 6656542 ns
[2025-06-05T22:51:57.800+0000][4.959s][debug][safepoint   ] Safepoint synchronization initiated using futex wait barrier. (13 threads)
[2025-06-05T22:51:57.800+0000][4.959s][info ][gc,start    ] GC(31) Pause Young (Mixed) (G1 Evacuation Pause)
[2025-06-05T22:51:57.800+0000][4.959s][info ][gc,task     ] GC(31) Using 2 workers of 2 for evacuation
[2025-06-05T22:51:57.807+0000][4.966s][info ][gc,phases   ] GC(31)   Pre Evacuate Collection Set: 0.1ms
[2025-06-05T22:51:57.807+0000][4.967s][info ][gc,phases   ] GC(31)   Merge Heap Roots: 0.1ms
[2025-06-05T22:51:57.807+0000][4.967s][info ][gc,phases   ] GC(31)   Evacuate Collection Set: 6.3ms
[2025-06-05T22:51:57.807+0000][4.967s][info ][gc,phases   ] GC(31)   Post Evacuate Collection Set: 0.6ms
[2025-06-05T22:51:57.807+0000][4.967s][info ][gc,phases   ] GC(31)   Other: 0.2ms
[2025-06-05T22:51:57.807+0000][4.967s][info ][gc,heap     ] GC(31) Eden regions: 6->0(134)
[2025-06-05T22:51:57.807+0000][4.967s][info ][gc,heap     ] GC(31) Survivor regions: 5->1(2)
[2025-06-05T22:51:57.807+0000][4.967s][info ][gc,heap     ] GC(31) Old regions: 56->59
[2025-06-05T22:51:57.807+0000][4.967s][info ][gc,heap     ] GC(31) Archive regions: 2->2
[2025-06-05T22:51:57.807+0000][4.967s][info ][gc,heap     ] GC(31) Humongous regions: 0->0
[2025-06-05T22:51:57.807+0000][4.967s][info ][gc,metaspace] GC(31) Metaspace: 45092K(45504K)->45092K(45504K) NonClass: 39323K(39552K)->39323K(39552K) Class: 5768K(5952K)->5768K(5952K)
[2025-06-05T22:51:57.808+0000][4.967s][info ][gc          ] GC(31) Pause Young (Mixed) (G1 Evacuation Pause) 67M->60M(231M) 7.771ms
[2025-06-05T22:51:57.808+0000][4.967s][info ][gc,cpu      ] GC(31) User=0.02s Sys=0.00s Real=0.01s
[2025-06-05T22:51:57.808+0000][4.967s][info ][safepoint   ] Safepoint "G1CollectForAllocation", Time since last: 31971208 ns, Reaching safepoint: 205083 ns, Cleanup: 11667 ns, At safepoint: 7864458 ns, Total: 8081208 ns
[2025-06-05T22:51:58.012+0000][5.172s][debug][safepoint   ] Safepoint synchronization initiated using futex wait barrier. (13 threads)
[2025-06-05T22:51:58.013+0000][5.172s][info ][safepoint   ] Safepoint "ICBufferFull", Time since last: 204707709 ns, Reaching safepoint: 211875 ns, Cleanup: 96125 ns, At safepoint: 1375 ns, Total: 309375 ns
[2025-06-05T22:51:58.066+0000][5.225s][debug][safepoint   ] Safepoint synchronization initiated using futex wait barrier. (13 threads)
[2025-06-05T22:51:58.067+0000][5.227s][info ][safepoint   ] Safepoint "ICBufferFull", Time since last: 53250583 ns, Reaching safepoint: 1307834 ns, Cleanup: 86500 ns, At safepoint: 6750 ns, Total: 1401084 ns
[2025-06-05T22:51:58.169+0000][5.328s][debug][safepoint   ] Safepoint synchronization initiated using futex wait barrier. (13 threads)
[2025-06-05T22:51:58.169+0000][5.328s][info ][safepoint   ] Safepoint "ICBufferFull", Time since last: 101244083 ns, Reaching safepoint: 222750 ns, Cleanup: 76208 ns, At safepoint: 5334 ns, Total: 304292 ns
[2025-06-05T22:51:58.177+0000][5.336s][debug][safepoint   ] Safepoint synchronization initiated using futex wait barrier. (13 threads)
[2025-06-05T22:51:58.177+0000][5.336s][info ][gc,start    ] GC(32) Pause Young (Normal) (G1 Evacuation Pause)
[2025-06-05T22:51:58.177+0000][5.336s][info ][gc,task     ] GC(32) Using 2 workers of 2 for evacuation
[2025-06-05T22:51:58.181+0000][5.341s][info ][gc,phases   ] GC(32)   Pre Evacuate Collection Set: 0.1ms
[2025-06-05T22:51:58.182+0000][5.341s][info ][gc,phases   ] GC(32)   Merge Heap Roots: 0.1ms
[2025-06-05T22:51:58.182+0000][5.341s][info ][gc,phases   ] GC(32)   Evacuate Collection Set: 3.7ms
[2025-06-05T22:51:58.182+0000][5.341s][info ][gc,phases   ] GC(32)   Post Evacuate Collection Set: 0.7ms
[2025-06-05T22:51:58.182+0000][5.341s][info ][gc,phases   ] GC(32)   Other: 0.2ms
[2025-06-05T22:51:58.182+0000][5.341s][info ][gc,heap     ] GC(32) Eden regions: 134->0(134)
[2025-06-05T22:51:58.182+0000][5.341s][info ][gc,heap     ] GC(32) Survivor regions: 1->3(17)
[2025-06-05T22:51:58.182+0000][5.341s][info ][gc,heap     ] GC(32) Old regions: 59->59
[2025-06-05T22:51:58.182+0000][5.341s][info ][gc,heap     ] GC(32) Archive regions: 2->2
[2025-06-05T22:51:58.182+0000][5.341s][info ][gc,heap     ] GC(32) Humongous regions: 0->0
[2025-06-05T22:51:58.182+0000][5.342s][info ][gc,metaspace] GC(32) Metaspace: 50852K(51328K)->50852K(51328K) NonClass: 44368K(44608K)->44368K(44608K) Class: 6484K(6720K)->6484K(6720K)
[2025-06-05T22:51:58.182+0000][5.342s][info ][gc          ] GC(32) Pause Young (Normal) (G1 Evacuation Pause) 194M->62M(231M) 5.318ms
[2025-06-05T22:51:58.182+0000][5.342s][info ][gc,cpu      ] GC(32) User=0.01s Sys=0.00s Real=0.00s
[2025-06-05T22:51:58.182+0000][5.342s][info ][safepoint   ] Safepoint "G1CollectForAllocation", Time since last: 7759833 ns, Reaching safepoint: 138458 ns, Cleanup: 31500 ns, At safepoint: 5421084 ns, Total: 5591042 ns
[2025-06-05T22:51:59.258+0000][6.418s][debug][safepoint   ] Safepoint synchronization initiated using futex wait barrier. (15 threads)
[2025-06-05T22:51:59.265+0000][6.425s][info ][safepoint   ] Safepoint "Cleanup", Time since last: 1076148833 ns, Reaching safepoint: 6824209 ns, Cleanup: 113750 ns, At safepoint: 9083 ns, Total: 6947042 ns
[2025-06-05T22:51:59.333+0000][6.493s][debug][safepoint   ] Safepoint synchronization initiated using futex wait barrier. (15 threads)
[2025-06-05T22:51:59.334+0000][6.493s][info ][safepoint   ] Safepoint "ICBufferFull", Time since last: 68023417 ns, Reaching safepoint: 217208 ns, Cleanup: 107208 ns, At safepoint: 1500 ns, Total: 325916 ns
[2025-06-05T22:51:59.406+0000][6.565s][debug][safepoint   ] Safepoint synchronization initiated using futex wait barrier. (15 threads)
[2025-06-05T22:51:59.406+0000][6.566s][info ][safepoint   ] Safepoint "ICBufferFull", Time since last: 72317459 ns, Reaching safepoint: 205666 ns, Cleanup: 94292 ns, At safepoint: 1458 ns, Total: 301416 ns
[2025-06-05T22:51:59.589+0000][6.748s][debug][safepoint   ] Safepoint synchronization initiated using futex wait barrier. (15 threads)
[2025-06-05T22:51:59.589+0000][6.749s][info ][gc,start    ] GC(33) Pause Young (Normal) (G1 Evacuation Pause)
[2025-06-05T22:51:59.589+0000][6.749s][info ][gc,task     ] GC(33) Using 2 workers of 2 for evacuation
[2025-06-05T22:51:59.595+0000][6.754s][info ][gc,phases   ] GC(33)   Pre Evacuate Collection Set: 0.1ms
[2025-06-05T22:51:59.595+0000][6.755s][info ][gc,phases   ] GC(33)   Merge Heap Roots: 0.1ms
[2025-06-05T22:51:59.595+0000][6.755s][info ][gc,phases   ] GC(33)   Evacuate Collection Set: 4.7ms
[2025-06-05T22:51:59.595+0000][6.755s][info ][gc,phases   ] GC(33)   Post Evacuate Collection Set: 0.7ms
[2025-06-05T22:51:59.595+0000][6.755s][info ][gc,phases   ] GC(33)   Other: 0.1ms
[2025-06-05T22:51:59.595+0000][6.755s][info ][gc,heap     ] GC(33) Eden regions: 134->0(131)
[2025-06-05T22:51:59.595+0000][6.755s][info ][gc,heap     ] GC(33) Survivor regions: 3->6(18)
[2025-06-05T22:51:59.595+0000][6.755s][info ][gc,heap     ] GC(33) Old regions: 59->59
[2025-06-05T22:51:59.595+0000][6.755s][info ][gc,heap     ] GC(33) Archive regions: 2->2
[2025-06-05T22:51:59.595+0000][6.755s][info ][gc,heap     ] GC(33) Humongous regions: 0->0
[2025-06-05T22:51:59.596+0000][6.755s][info ][gc,metaspace] GC(33) Metaspace: 55958K(56384K)->55958K(56384K) NonClass: 48868K(49088K)->48868K(49088K) Class: 7089K(7296K)->7089K(7296K)
[2025-06-05T22:51:59.596+0000][6.755s][info ][gc          ] GC(33) Pause Young (Normal) (G1 Evacuation Pause) 196M->64M(231M) 6.416ms
[2025-06-05T22:51:59.596+0000][6.755s][info ][gc,cpu      ] GC(33) User=0.01s Sys=0.00s Real=0.00s
[2025-06-05T22:51:59.596+0000][6.755s][info ][safepoint   ] Safepoint "G1CollectForAllocation", Time since last: 182610001 ns, Reaching safepoint: 191458 ns, Cleanup: 89125 ns, At safepoint: 6511333 ns, Total: 6791916 ns
[2025-06-05T22:51:59.770+0000][6.930s][debug][safepoint   ] Safepoint synchronization initiated using futex wait barrier. (15 threads)
[2025-06-05T22:51:59.771+0000][6.930s][info ][safepoint   ] Safepoint "ICBufferFull", Time since last: 174526792 ns, Reaching safepoint: 730125 ns, Cleanup: 100583 ns, At safepoint: 1875 ns, Total: 832583 ns
[2025-06-05T22:51:59.873+0000][7.033s][debug][safepoint   ] Safepoint synchronization initiated using futex wait barrier. (17 threads)
[2025-06-05T22:51:59.873+0000][7.033s][info ][gc,start    ] GC(34) Pause Young (Normal) (G1 Evacuation Pause)
[2025-06-05T22:51:59.873+0000][7.033s][info ][gc,task     ] GC(34) Using 2 workers of 2 for evacuation
[2025-06-05T22:51:59.880+0000][7.039s][info ][gc,phases   ] GC(34)   Pre Evacuate Collection Set: 0.1ms
[2025-06-05T22:51:59.880+0000][7.039s][info ][gc,phases   ] GC(34)   Merge Heap Roots: 0.1ms
[2025-06-05T22:51:59.880+0000][7.039s][info ][gc,phases   ] GC(34)   Evacuate Collection Set: 5.3ms
[2025-06-05T22:51:59.880+0000][7.039s][info ][gc,phases   ] GC(34)   Post Evacuate Collection Set: 0.8ms
[2025-06-05T22:51:59.880+0000][7.039s][info ][gc,phases   ] GC(34)   Other: 0.2ms
[2025-06-05T22:51:59.880+0000][7.039s][info ][gc,heap     ] GC(34) Eden regions: 131->0(131)
[2025-06-05T22:51:59.880+0000][7.039s][info ][gc,heap     ] GC(34) Survivor regions: 6->7(18)
[2025-06-05T22:51:59.880+0000][7.039s][info ][gc,heap     ] GC(34) Old regions: 59->59
[2025-06-05T22:51:59.880+0000][7.040s][info ][gc,heap     ] GC(34) Archive regions: 2->2
[2025-06-05T22:51:59.880+0000][7.040s][info ][gc,heap     ] GC(34) Humongous regions: 0->0
[2025-06-05T22:51:59.880+0000][7.040s][info ][gc,metaspace] GC(34) Metaspace: 61048K(61568K)->61048K(61568K) NonClass: 53260K(53504K)->53260K(53504K) Class: 7787K(8064K)->7787K(8064K)
[2025-06-05T22:51:59.880+0000][7.040s][info ][gc          ] GC(34) Pause Young (Normal) (G1 Evacuation Pause) 195M->65M(231M) 6.922ms
[2025-06-05T22:51:59.880+0000][7.040s][info ][gc,cpu      ] GC(34) User=0.02s Sys=0.00s Real=0.01s
[2025-06-05T22:51:59.880+0000][7.040s][info ][safepoint   ] Safepoint "G1CollectForAllocation", Time since last: 102011917 ns, Reaching safepoint: 174083 ns, Cleanup: 36417 ns, At safepoint: 7026125 ns, Total: 7236625 ns
[2025-06-05T22:51:59.996+0000][7.155s][debug][safepoint   ] Safepoint synchronization initiated using futex wait barrier. (18 threads)
[2025-06-05T22:51:59.996+0000][7.156s][info ][safepoint   ] Safepoint "ICBufferFull", Time since last: 115676208 ns, Reaching safepoint: 176750 ns, Cleanup: 93584 ns, At safepoint: 1375 ns, Total: 271709 ns
[2025-06-05T22:52:00.205+0000][7.365s][debug][safepoint   ] Safepoint synchronization initiated using futex wait barrier. (18 threads)
[2025-06-05T22:52:00.206+0000][7.366s][info ][gc,start    ] GC(35) Pause Young (Normal) (G1 Evacuation Pause)
[2025-06-05T22:52:00.206+0000][7.366s][info ][gc,task     ] GC(35) Using 2 workers of 2 for evacuation
[2025-06-05T22:52:00.213+0000][7.372s][info ][gc,phases   ] GC(35)   Pre Evacuate Collection Set: 0.1ms
[2025-06-05T22:52:00.213+0000][7.373s][info ][gc,phases   ] GC(35)   Merge Heap Roots: 0.1ms
[2025-06-05T22:52:00.213+0000][7.373s][info ][gc,phases   ] GC(35)   Evacuate Collection Set: 5.7ms
[2025-06-05T22:52:00.213+0000][7.373s][info ][gc,phases   ] GC(35)   Post Evacuate Collection Set: 0.8ms
[2025-06-05T22:52:00.213+0000][7.373s][info ][gc,phases   ] GC(35)   Other: 0.2ms
[2025-06-05T22:52:00.213+0000][7.373s][info ][gc,heap     ] GC(35) Eden regions: 131->0(130)
[2025-06-05T22:52:00.213+0000][7.373s][info ][gc,heap     ] GC(35) Survivor regions: 7->8(18)
[2025-06-05T22:52:00.213+0000][7.373s][info ][gc,heap     ] GC(35) Old regions: 59->59
[2025-06-05T22:52:00.214+0000][7.373s][info ][gc,heap     ] GC(35) Archive regions: 2->2
[2025-06-05T22:52:00.214+0000][7.373s][info ][gc,heap     ] GC(35) Humongous regions: 0->0
[2025-06-05T22:52:00.214+0000][7.373s][info ][gc,metaspace] GC(35) Metaspace: 63683K(64192K)->63683K(64192K) NonClass: 55565K(55808K)->55565K(55808K) Class: 8117K(8384K)->8117K(8384K)
[2025-06-05T22:52:00.214+0000][7.373s][info ][gc          ] GC(35) Pause Young (Normal) (G1 Evacuation Pause) 196M->66M(231M) 7.435ms
[2025-06-05T22:52:00.214+0000][7.373s][info ][gc,cpu      ] GC(35) User=0.02s Sys=0.00s Real=0.00s
[2025-06-05T22:52:00.214+0000][7.373s][info ][safepoint   ] Safepoint "G1CollectForAllocation", Time since last: 209026792 ns, Reaching safepoint: 190458 ns, Cleanup: 766750 ns, At safepoint: 7548250 ns, Total: 8505458 ns
[2025-06-05T22:52:00.425+0000][7.584s][debug][safepoint   ] Safepoint synchronization initiated using futex wait barrier. (18 threads)
[2025-06-05T22:52:00.425+0000][7.584s][info ][safepoint   ] Safepoint "ICBufferFull", Time since last: 210987125 ns, Reaching safepoint: 177583 ns, Cleanup: 92167 ns, At safepoint: 1375 ns, Total: 271125 ns
[2025-06-05T22:52:00.460+0000][7.620s][debug][safepoint   ] Safepoint synchronization initiated using futex wait barrier. (18 threads)
[2025-06-05T22:52:00.460+0000][7.620s][info ][safepoint   ] Safepoint "ICBufferFull", Time since last: 35077083 ns, Reaching safepoint: 187500 ns, Cleanup: 51167 ns, At safepoint: 1208 ns, Total: 239875 ns
[2025-06-05T22:52:00.473+0000][7.632s][debug][safepoint   ] Safepoint synchronization initiated using futex wait barrier. (18 threads)
[2025-06-05T22:52:00.473+0000][7.632s][info ][gc,start    ] GC(36) Pause Young (Normal) (G1 Evacuation Pause)
[2025-06-05T22:52:00.473+0000][7.632s][info ][gc,task     ] GC(36) Using 2 workers of 2 for evacuation
[2025-06-05T22:52:00.480+0000][7.640s][info ][gc,phases   ] GC(36)   Pre Evacuate Collection Set: 0.1ms
[2025-06-05T22:52:00.481+0000][7.640s][info ][gc,phases   ] GC(36)   Merge Heap Roots: 0.1ms
[2025-06-05T22:52:00.481+0000][7.640s][info ][gc,phases   ] GC(36)   Evacuate Collection Set: 6.2ms
[2025-06-05T22:52:00.481+0000][7.640s][info ][gc,phases   ] GC(36)   Post Evacuate Collection Set: 0.9ms
[2025-06-05T22:52:00.481+0000][7.640s][info ][gc,phases   ] GC(36)   Other: 0.2ms
[2025-06-05T22:52:00.481+0000][7.640s][info ][gc,heap     ] GC(36) Eden regions: 130->0(128)
[2025-06-05T22:52:00.481+0000][7.640s][info ][gc,heap     ] GC(36) Survivor regions: 8->9(18)
[2025-06-05T22:52:00.481+0000][7.640s][info ][gc,heap     ] GC(36) Old regions: 59->59
[2025-06-05T22:52:00.481+0000][7.640s][info ][gc,heap     ] GC(36) Archive regions: 2->2
[2025-06-05T22:52:00.481+0000][7.640s][info ][gc,heap     ] GC(36) Humongous regions: 0->0
[2025-06-05T22:52:00.481+0000][7.640s][info ][gc,metaspace] GC(36) Metaspace: 67501K(67968K)->67501K(67968K) NonClass: 58826K(59072K)->58826K(59072K) Class: 8675K(8896K)->8675K(8896K)
[2025-06-05T22:52:00.481+0000][7.640s][info ][gc          ] GC(36) Pause Young (Normal) (G1 Evacuation Pause) 196M->67M(231M) 8.085ms
[2025-06-05T22:52:00.481+0000][7.641s][info ][gc,cpu      ] GC(36) User=0.01s Sys=0.00s Real=0.01s
[2025-06-05T22:52:00.481+0000][7.641s][info ][safepoint   ] Safepoint "G1CollectForAllocation", Time since last: 12337084 ns, Reaching safepoint: 184708 ns, Cleanup: 46958 ns, At safepoint: 8205542 ns, Total: 8437208 ns
[2025-06-05T22:52:00.518+0000][7.677s][debug][safepoint   ] Safepoint synchronization initiated using futex wait barrier. (18 threads)
[2025-06-05T22:52:00.518+0000][7.678s][info ][safepoint   ] Safepoint "ICBufferFull", Time since last: 36568583 ns, Reaching safepoint: 357500 ns, Cleanup: 89875 ns, At safepoint: 8167 ns, Total: 455542 ns
[2025-06-05T22:52:00.605+0000][7.765s][debug][safepoint   ] Safepoint synchronization initiated using futex wait barrier. (18 threads)
[2025-06-05T22:52:00.606+0000][7.765s][info ][safepoint   ] Safepoint "ICBufferFull", Time since last: 87356083 ns, Reaching safepoint: 180625 ns, Cleanup: 104625 ns, At safepoint: 1334 ns, Total: 286584 ns
[2025-06-05T22:52:00.709+0000][7.868s][debug][safepoint   ] Safepoint synchronization initiated using futex wait barrier. (18 threads)
[2025-06-05T22:52:00.709+0000][7.868s][info ][safepoint   ] Safepoint "ICBufferFull", Time since last: 102945125 ns, Reaching safepoint: 189208 ns, Cleanup: 92042 ns, At safepoint: 1583 ns, Total: 282833 ns
[2025-06-05T22:52:00.766+0000][7.925s][debug][safepoint   ] Safepoint synchronization initiated using futex wait barrier. (18 threads)
[2025-06-05T22:52:00.766+0000][7.926s][info ][gc,start    ] GC(37) Pause Young (Concurrent Start) (Metadata GC Threshold)
[2025-06-05T22:52:00.766+0000][7.926s][info ][gc,task     ] GC(37) Using 2 workers of 2 for evacuation
[2025-06-05T22:52:00.776+0000][7.935s][info ][gc,phases   ] GC(37)   Pre Evacuate Collection Set: 0.1ms
[2025-06-05T22:52:00.776+0000][7.935s][info ][gc,phases   ] GC(37)   Merge Heap Roots: 0.1ms
[2025-06-05T22:52:00.776+0000][7.936s][info ][gc,phases   ] GC(37)   Evacuate Collection Set: 8.6ms
[2025-06-05T22:52:00.776+0000][7.936s][info ][gc,phases   ] GC(37)   Post Evacuate Collection Set: 0.8ms
[2025-06-05T22:52:00.776+0000][7.936s][info ][gc,phases   ] GC(37)   Other: 0.2ms
[2025-06-05T22:52:00.776+0000][7.936s][info ][gc,heap     ] GC(37) Eden regions: 109->0(122)
[2025-06-05T22:52:00.776+0000][7.936s][info ][gc,heap     ] GC(37) Survivor regions: 9->12(18)
[2025-06-05T22:52:00.776+0000][7.936s][info ][gc,heap     ] GC(37) Old regions: 59->59
[2025-06-05T22:52:00.776+0000][7.936s][info ][gc,heap     ] GC(37) Archive regions: 2->2
[2025-06-05T22:52:00.776+0000][7.936s][info ][gc,heap     ] GC(37) Humongous regions: 0->0
[2025-06-05T22:52:00.776+0000][7.936s][info ][gc,metaspace] GC(37) Metaspace: 69667K(70080K)->69667K(70080K) NonClass: 60745K(60928K)->60745K(60928K) Class: 8922K(9152K)->8922K(9152K)
[2025-06-05T22:52:00.776+0000][7.936s][info ][gc          ] GC(37) Pause Young (Concurrent Start) (Metadata GC Threshold) 176M->70M(231M) 10.374ms
[2025-06-05T22:52:00.777+0000][7.936s][info ][gc,cpu      ] GC(37) User=0.02s Sys=0.00s Real=0.01s
[2025-06-05T22:52:00.777+0000][7.936s][info ][safepoint   ] Safepoint "CollectForMetadataAllocation", Time since last: 56838917 ns, Reaching safepoint: 202625 ns, Cleanup: 65791 ns, At safepoint: 10533917 ns, Total: 10802333 ns
[2025-06-05T22:52:00.777+0000][7.936s][info ][gc          ] GC(38) Concurrent Mark Cycle
[2025-06-05T22:52:00.780+0000][7.939s][info ][gc,marking  ] GC(38) Concurrent Clear Claimed Marks
[2025-06-05T22:52:00.780+0000][7.940s][info ][gc,marking  ] GC(38) Concurrent Clear Claimed Marks 0.173ms
[2025-06-05T22:52:00.780+0000][7.940s][info ][gc,marking  ] GC(38) Concurrent Scan Root Regions
[2025-06-05T22:52:00.785+0000][7.945s][debug][safepoint   ] Safepoint synchronization initiated using futex wait barrier. (18 threads)
[2025-06-05T22:52:00.785+0000][7.945s][info ][safepoint   ] Safepoint "CollectForMetadataAllocation", Time since last: 8412167 ns, Reaching safepoint: 146958 ns, Cleanup: 6292 ns, At safepoint: 13375 ns, Total: 166625 ns
[2025-06-05T22:52:00.786+0000][7.946s][info ][gc,marking  ] GC(38) Concurrent Scan Root Regions 5.997ms
[2025-06-05T22:52:00.789+0000][7.948s][info ][gc,marking  ] GC(38) Concurrent Mark
[2025-06-05T22:52:00.789+0000][7.949s][info ][gc,marking  ] GC(38) Concurrent Mark From Roots
[2025-06-05T22:52:00.789+0000][7.949s][info ][gc,task     ] GC(38) Using 1 workers of 1 for marking
[2025-06-05T22:52:00.803+0000][7.962s][debug][safepoint   ] Safepoint synchronization initiated using futex wait barrier. (18 threads)
[2025-06-05T22:52:00.803+0000][7.962s][info ][safepoint   ] Safepoint "CollectForMetadataAllocation", Time since last: 17472875 ns, Reaching safepoint: 159333 ns, Cleanup: 18083 ns, At safepoint: 30542 ns, Total: 207958 ns
[2025-06-05T22:52:00.818+0000][7.978s][debug][safepoint   ] Safepoint synchronization initiated using futex wait barrier. (18 threads)
[2025-06-05T22:52:00.819+0000][7.978s][info ][safepoint   ] Safepoint "CollectForMetadataAllocation", Time since last: 15531042 ns, Reaching safepoint: 199750 ns, Cleanup: 2583 ns, At safepoint: 25875 ns, Total: 228208 ns
[2025-06-05T22:52:00.835+0000][7.994s][info ][gc,marking  ] GC(38) Concurrent Mark From Roots 45.460ms
[2025-06-05T22:52:00.837+0000][7.997s][info ][gc,marking  ] GC(38) Concurrent Preclean
[2025-06-05T22:52:00.837+0000][7.997s][info ][gc,marking  ] GC(38) Concurrent Preclean 0.260ms
[2025-06-05T22:52:00.837+0000][7.997s][debug][safepoint   ] Safepoint synchronization initiated using futex wait barrier. (18 threads)
[2025-06-05T22:52:00.839+0000][7.998s][info ][gc,start    ] GC(38) Pause Remark
[2025-06-05T22:52:00.843+0000][8.002s][info ][gc          ] GC(38) Pause Remark 101M->101M(231M) 4.304ms
[2025-06-05T22:52:00.843+0000][8.003s][info ][gc,cpu      ] GC(38) User=0.01s Sys=0.00s Real=0.00s
[2025-06-05T22:52:00.843+0000][8.003s][info ][safepoint   ] Safepoint "G1PauseRemark", Time since last: 18760375 ns, Reaching safepoint: 1197292 ns, Cleanup: 11042 ns, At safepoint: 4502375 ns, Total: 5710709 ns
[2025-06-05T22:52:00.843+0000][8.003s][info ][gc,marking  ] GC(38) Concurrent Mark 54.220ms
[2025-06-05T22:52:00.847+0000][8.006s][info ][gc,marking  ] GC(38) Concurrent Rebuild Remembered Sets
[2025-06-05T22:52:00.898+0000][8.058s][info ][gc,marking  ] GC(38) Concurrent Rebuild Remembered Sets 51.110ms
[2025-06-05T22:52:00.898+0000][8.058s][debug][safepoint   ] Safepoint synchronization initiated using futex wait barrier. (18 threads)
[2025-06-05T22:52:00.899+0000][8.058s][debug][safepoint   ] ... found polling page loop exception at pc = 0x0000ffff98f511f4, stub =0x0000ffff9897ef00
[2025-06-05T22:52:00.900+0000][8.060s][info ][gc,start    ] GC(38) Pause Cleanup
[2025-06-05T22:52:00.900+0000][8.060s][info ][gc          ] GC(38) Pause Cleanup 119M->119M(231M) 0.180ms
[2025-06-05T22:52:00.900+0000][8.060s][info ][gc,cpu      ] GC(38) User=0.00s Sys=0.00s Real=0.00s
[2025-06-05T22:52:00.901+0000][8.060s][info ][safepoint   ] Safepoint "G1PauseCleanup", Time since last: 55212708 ns, Reaching safepoint: 1878167 ns, Cleanup: 28125 ns, At safepoint: 294458 ns, Total: 2200750 ns
[2025-06-05T22:52:00.901+0000][8.061s][info ][gc,marking  ] GC(38) Concurrent Cleanup for Next Mark
[2025-06-05T22:52:00.901+0000][8.061s][info ][gc,marking  ] GC(38) Concurrent Cleanup for Next Mark 0.245ms
[2025-06-05T22:52:00.901+0000][8.061s][info ][gc          ] GC(38) Concurrent Mark Cycle 124.790ms
[2025-06-05T22:52:00.934+0000][8.094s][debug][safepoint   ] Safepoint synchronization initiated using futex wait barrier. (18 threads)
[2025-06-05T22:52:00.934+0000][8.094s][info ][safepoint   ] Safepoint "ICBufferFull", Time since last: 33644708 ns, Reaching safepoint: 168542 ns, Cleanup: 89833 ns, At safepoint: 7834 ns, Total: 266209 ns
[2025-06-05T22:52:00.963+0000][8.122s][debug][safepoint   ] Safepoint synchronization initiated using futex wait barrier. (18 threads)
[2025-06-05T22:52:00.963+0000][8.123s][info ][safepoint   ] Safepoint "ICBufferFull", Time since last: 28321250 ns, Reaching safepoint: 146625 ns, Cleanup: 127791 ns, At safepoint: 1959 ns, Total: 276375 ns
[2025-06-05T22:52:01.111+0000][8.270s][debug][safepoint   ] Safepoint synchronization initiated using futex wait barrier. (18 threads)
[2025-06-05T22:52:01.111+0000][8.271s][info ][gc,start    ] GC(39) Pause Young (Prepare Mixed) (G1 Evacuation Pause)
[2025-06-05T22:52:01.111+0000][8.271s][info ][gc,task     ] GC(39) Using 2 workers of 2 for evacuation
[2025-06-05T22:52:01.124+0000][8.284s][info ][gc,phases   ] GC(39)   Pre Evacuate Collection Set: 0.1ms
[2025-06-05T22:52:01.124+0000][8.284s][info ][gc,phases   ] GC(39)   Merge Heap Roots: 0.1ms
[2025-06-05T22:52:01.124+0000][8.284s][info ][gc,phases   ] GC(39)   Evacuate Collection Set: 11.3ms
[2025-06-05T22:52:01.125+0000][8.284s][info ][gc,phases   ] GC(39)   Post Evacuate Collection Set: 1.2ms
[2025-06-05T22:52:01.125+0000][8.284s][info ][gc,phases   ] GC(39)   Other: 0.2ms
[2025-06-05T22:52:01.125+0000][8.284s][info ][gc,heap     ] GC(39) Eden regions: 122->0(2)
[2025-06-05T22:52:01.125+0000][8.284s][info ][gc,heap     ] GC(39) Survivor regions: 12->9(17)
[2025-06-05T22:52:01.125+0000][8.284s][info ][gc,heap     ] GC(39) Old regions: 59->64
[2025-06-05T22:52:01.125+0000][8.284s][info ][gc,heap     ] GC(39) Archive regions: 2->2
[2025-06-05T22:52:01.125+0000][8.285s][info ][gc,heap     ] GC(39) Humongous regions: 0->0
[2025-06-05T22:52:01.125+0000][8.285s][info ][gc,metaspace] GC(39) Metaspace: 73282K(73792K)->73282K(73792K) NonClass: 63889K(64128K)->63889K(64128K) Class: 9393K(9664K)->9393K(9664K)
[2025-06-05T22:52:01.125+0000][8.285s][info ][gc          ] GC(39) Pause Young (Prepare Mixed) (G1 Evacuation Pause) 192M->72M(231M) 14.086ms
[2025-06-05T22:52:01.126+0000][8.285s][info ][gc,cpu      ] GC(39) User=0.04s Sys=0.00s Real=0.01s
[2025-06-05T22:52:01.126+0000][8.285s][info ][safepoint   ] Safepoint "G1CollectForAllocation", Time since last: 147971625 ns, Reaching safepoint: 150666 ns, Cleanup: 124959 ns, At safepoint: 14306333 ns, Total: 14581958 ns
[2025-06-05T22:52:01.137+0000][8.296s][debug][safepoint   ] Safepoint synchronization initiated using futex wait barrier. (18 threads)
[2025-06-05T22:52:01.137+0000][8.297s][info ][gc,start    ] GC(40) Pause Young (Mixed) (G1 Evacuation Pause)
[2025-06-05T22:52:01.137+0000][8.297s][info ][gc,task     ] GC(40) Using 2 workers of 2 for evacuation
[2025-06-05T22:52:01.147+0000][8.307s][info ][gc,phases   ] GC(40)   Pre Evacuate Collection Set: 0.1ms
[2025-06-05T22:52:01.148+0000][8.307s][info ][gc,phases   ] GC(40)   Merge Heap Roots: 0.1ms
[2025-06-05T22:52:01.148+0000][8.307s][info ][gc,phases   ] GC(40)   Evacuate Collection Set: 9.0ms
[2025-06-05T22:52:01.148+0000][8.307s][info ][gc,phases   ] GC(40)   Post Evacuate Collection Set: 0.9ms
[2025-06-05T22:52:01.148+0000][8.307s][info ][gc,phases   ] GC(40)   Other: 0.2ms
[2025-06-05T22:52:01.148+0000][8.307s][info ][gc,heap     ] GC(40) Eden regions: 2->0(125)
[2025-06-05T22:52:01.148+0000][8.307s][info ][gc,heap     ] GC(40) Survivor regions: 9->1(2)
[2025-06-05T22:52:01.148+0000][8.307s][info ][gc,heap     ] GC(40) Old regions: 64->71
[2025-06-05T22:52:01.148+0000][8.307s][info ][gc,heap     ] GC(40) Archive regions: 2->2
[2025-06-05T22:52:01.148+0000][8.308s][info ][gc,heap     ] GC(40) Humongous regions: 0->0
[2025-06-05T22:52:01.148+0000][8.308s][info ][gc,metaspace] GC(40) Metaspace: 73510K(74048K)->73510K(74048K) NonClass: 64108K(64384K)->64108K(64384K) Class: 9402K(9664K)->9402K(9664K)
[2025-06-05T22:52:01.148+0000][8.308s][info ][gc          ] GC(40) Pause Young (Mixed) (G1 Evacuation Pause) 74M->72M(231M) 11.074ms
[2025-06-05T22:52:01.148+0000][8.308s][info ][gc,cpu      ] GC(40) User=0.02s Sys=0.00s Real=0.01s
[2025-06-05T22:52:01.148+0000][8.308s][info ][safepoint   ] Safepoint "G1CollectForAllocation", Time since last: 11318333 ns, Reaching safepoint: 169542 ns, Cleanup: 3500 ns, At safepoint: 11260292 ns, Total: 11433334 ns
[2025-06-05T22:52:01.374+0000][8.533s][debug][safepoint   ] Safepoint synchronization initiated using futex wait barrier. (18 threads)
[2025-06-05T22:52:01.374+0000][8.534s][info ][safepoint   ] Safepoint "ICBufferFull", Time since last: 225584666 ns, Reaching safepoint: 186709 ns, Cleanup: 95083 ns, At safepoint: 1667 ns, Total: 283459 ns
[2025-06-05T22:52:01.378+0000][8.538s][debug][safepoint   ] Safepoint synchronization initiated using futex wait barrier. (18 threads)
[2025-06-05T22:52:01.379+0000][8.538s][info ][gc,start    ] GC(41) Pause Young (Concurrent Start) (G1 Evacuation Pause)
[2025-06-05T22:52:01.379+0000][8.538s][info ][gc,task     ] GC(41) Using 2 workers of 2 for evacuation
[2025-06-05T22:52:01.383+0000][8.542s][info ][gc,phases   ] GC(41)   Pre Evacuate Collection Set: 0.1ms
[2025-06-05T22:52:01.383+0000][8.542s][info ][gc,phases   ] GC(41)   Merge Heap Roots: 0.1ms
[2025-06-05T22:52:01.383+0000][8.542s][info ][gc,phases   ] GC(41)   Evacuate Collection Set: 3.3ms
[2025-06-05T22:52:01.383+0000][8.543s][info ][gc,phases   ] GC(41)   Post Evacuate Collection Set: 0.6ms
[2025-06-05T22:52:01.383+0000][8.543s][info ][gc,phases   ] GC(41)   Other: 0.1ms
[2025-06-05T22:52:01.383+0000][8.543s][info ][gc,heap     ] GC(41) Eden regions: 125->0(126)
[2025-06-05T22:52:01.383+0000][8.543s][info ][gc,heap     ] GC(41) Survivor regions: 1->1(16)
[2025-06-05T22:52:01.383+0000][8.543s][info ][gc,heap     ] GC(41) Old regions: 71->71
[2025-06-05T22:52:01.383+0000][8.543s][info ][gc,heap     ] GC(41) Archive regions: 2->2
[2025-06-05T22:52:01.383+0000][8.543s][info ][gc,heap     ] GC(41) Humongous regions: 0->0
[2025-06-05T22:52:01.383+0000][8.543s][info ][gc,metaspace] GC(41) Metaspace: 77112K(77632K)->77112K(77632K) NonClass: 67014K(67264K)->67014K(67264K) Class: 10097K(10368K)->10097K(10368K)
[2025-06-05T22:52:01.383+0000][8.543s][info ][gc          ] GC(41) Pause Young (Concurrent Start) (G1 Evacuation Pause) 197M->72M(231M) 4.884ms
[2025-06-05T22:52:01.383+0000][8.543s][info ][gc,cpu      ] GC(41) User=0.01s Sys=0.00s Real=0.00s
[2025-06-05T22:52:01.384+0000][8.543s][info ][safepoint   ] Safepoint "G1CollectForAllocation", Time since last: 4242291 ns, Reaching safepoint: 87209 ns, Cleanup: 3750 ns, At safepoint: 5007041 ns, Total: 5098000 ns
[2025-06-05T22:52:01.384+0000][8.543s][info ][gc          ] GC(42) Concurrent Mark Cycle
[2025-06-05T22:52:01.387+0000][8.547s][info ][gc,marking  ] GC(42) Concurrent Clear Claimed Marks
[2025-06-05T22:52:01.387+0000][8.547s][info ][gc,marking  ] GC(42) Concurrent Clear Claimed Marks 0.167ms
[2025-06-05T22:52:01.387+0000][8.547s][info ][gc,marking  ] GC(42) Concurrent Scan Root Regions
[2025-06-05T22:52:01.388+0000][8.548s][info ][gc,marking  ] GC(42) Concurrent Scan Root Regions 1.213ms
[2025-06-05T22:52:01.389+0000][8.548s][info ][gc,marking  ] GC(42) Concurrent Mark
[2025-06-05T22:52:01.389+0000][8.548s][info ][gc,marking  ] GC(42) Concurrent Mark From Roots
[2025-06-05T22:52:01.389+0000][8.548s][info ][gc,task     ] GC(42) Using 1 workers of 1 for marking
[2025-06-05T22:52:01.444+0000][8.603s][info ][gc,marking  ] GC(42) Concurrent Mark From Roots 55.278ms
[2025-06-05T22:52:01.444+0000][8.604s][info ][gc,marking  ] GC(42) Concurrent Preclean
[2025-06-05T22:52:01.444+0000][8.604s][info ][gc,marking  ] GC(42) Concurrent Preclean 0.227ms
[2025-06-05T22:52:01.445+0000][8.604s][debug][safepoint   ] Safepoint synchronization initiated using futex wait barrier. (18 threads)
[2025-06-05T22:52:01.445+0000][8.605s][debug][safepoint   ] ... found polling page loop exception at pc = 0x0000ffff990df758, stub =0x0000ffff9897ef00
[2025-06-05T22:52:01.446+0000][8.606s][info ][gc,start    ] GC(42) Pause Remark
[2025-06-05T22:52:01.451+0000][8.610s][info ][gc          ] GC(42) Pause Remark 107M->107M(231M) 4.232ms
[2025-06-05T22:52:01.451+0000][8.610s][info ][gc,cpu      ] GC(42) User=0.00s Sys=0.00s Real=0.00s
[2025-06-05T22:52:01.451+0000][8.610s][info ][safepoint   ] Safepoint "G1PauseRemark", Time since last: 60993917 ns, Reaching safepoint: 1675500 ns, Cleanup: 57667 ns, At safepoint: 4518875 ns, Total: 6252042 ns
[2025-06-05T22:52:01.452+0000][8.611s][info ][gc,marking  ] GC(42) Concurrent Mark 63.091ms
[2025-06-05T22:52:01.452+0000][8.611s][info ][gc,marking  ] GC(42) Concurrent Rebuild Remembered Sets
[2025-06-05T22:52:01.507+0000][8.667s][info ][gc,marking  ] GC(42) Concurrent Rebuild Remembered Sets 55.439ms
[2025-06-05T22:52:01.507+0000][8.667s][debug][safepoint   ] Safepoint synchronization initiated using futex wait barrier. (18 threads)
[2025-06-05T22:52:01.509+0000][8.668s][info ][gc,start    ] GC(42) Pause Cleanup
[2025-06-05T22:52:01.509+0000][8.668s][info ][gc          ] GC(42) Pause Cleanup 127M->127M(231M) 0.157ms
[2025-06-05T22:52:01.509+0000][8.668s][info ][gc,cpu      ] GC(42) User=0.00s Sys=0.00s Real=0.00s
[2025-06-05T22:52:01.509+0000][8.668s][info ][safepoint   ] Safepoint "G1PauseCleanup", Time since last: 56689958 ns, Reaching safepoint: 1027917 ns, Cleanup: 37250 ns, At safepoint: 280292 ns, Total: 1345459 ns
[2025-06-05T22:52:01.509+0000][8.668s][info ][gc,marking  ] GC(42) Concurrent Cleanup for Next Mark
[2025-06-05T22:52:01.512+0000][8.672s][info ][gc,marking  ] GC(42) Concurrent Cleanup for Next Mark 3.230ms
[2025-06-05T22:52:01.512+0000][8.672s][info ][gc          ] GC(42) Concurrent Mark Cycle 128.676ms
[2025-06-05T22:52:01.540+0000][8.699s][debug][safepoint   ] Safepoint synchronization initiated using futex wait barrier. (18 threads)
[2025-06-05T22:52:01.540+0000][8.699s][info ][safepoint   ] Safepoint "ICBufferFull", Time since last: 30843708 ns, Reaching safepoint: 171667 ns, Cleanup: 98625 ns, At safepoint: 5125 ns, Total: 275417 ns
[2025-06-05T22:52:01.565+0000][8.725s][debug][safepoint   ] Safepoint synchronization initiated using futex wait barrier. (18 threads)
[2025-06-05T22:52:01.566+0000][8.725s][info ][safepoint   ] Safepoint "ICBufferFull", Time since last: 25357875 ns, Reaching safepoint: 193375 ns, Cleanup: 72750 ns, At safepoint: 7250 ns, Total: 273375 ns
[2025-06-05T22:52:01.577+0000][8.736s][debug][safepoint   ] Safepoint synchronization initiated using futex wait barrier. (18 threads)
[2025-06-05T22:52:01.577+0000][8.737s][info ][safepoint   ] Safepoint "ICBufferFull", Time since last: 11229958 ns, Reaching safepoint: 194917 ns, Cleanup: 63458 ns, At safepoint: 1167 ns, Total: 259542 ns
[2025-06-05T22:52:01.595+0000][8.754s][debug][safepoint   ] Safepoint synchronization initiated using futex wait barrier. (18 threads)
[2025-06-05T22:52:01.595+0000][8.755s][info ][safepoint   ] Safepoint "ICBufferFull", Time since last: 17738625 ns, Reaching safepoint: 187875 ns, Cleanup: 66208 ns, At safepoint: 4458 ns, Total: 258541 ns
[2025-06-05T22:52:01.614+0000][8.774s][debug][safepoint   ] Safepoint synchronization initiated using futex wait barrier. (18 threads)
[2025-06-05T22:52:01.615+0000][8.775s][info ][safepoint   ] Safepoint "ICBufferFull", Time since last: 19002167 ns, Reaching safepoint: 1015792 ns, Cleanup: 107833 ns, At safepoint: 7500 ns, Total: 1131125 ns
[2025-06-05T22:52:01.631+0000][8.790s][debug][safepoint   ] Safepoint synchronization initiated using futex wait barrier. (18 threads)
[2025-06-05T22:52:01.631+0000][8.790s][info ][safepoint   ] Safepoint "ICBufferFull", Time since last: 15296708 ns, Reaching safepoint: 185375 ns, Cleanup: 109000 ns, At safepoint: 1209 ns, Total: 295584 ns
[2025-06-05T22:52:01.667+0000][8.827s][debug][safepoint   ] Safepoint synchronization initiated using futex wait barrier. (18 threads)
[2025-06-05T22:52:01.667+0000][8.827s][info ][safepoint   ] Safepoint "ICBufferFull", Time since last: 36309750 ns, Reaching safepoint: 192625 ns, Cleanup: 77208 ns, At safepoint: 5583 ns, Total: 275416 ns
[2025-06-05T22:52:01.722+0000][8.882s][debug][safepoint   ] Safepoint synchronization initiated using futex wait barrier. (18 threads)
[2025-06-05T22:52:01.723+0000][8.882s][info ][safepoint   ] Safepoint "ICBufferFull", Time since last: 55005334 ns, Reaching safepoint: 209291 ns, Cleanup: 91209 ns, At safepoint: 5375 ns, Total: 305875 ns
[2025-06-05T22:52:01.734+0000][8.893s][debug][safepoint   ] Safepoint synchronization initiated using futex wait barrier. (18 threads)
[2025-06-05T22:52:01.734+0000][8.894s][info ][gc,start    ] GC(43) Pause Young (Prepare Mixed) (G1 Evacuation Pause)
[2025-06-05T22:52:01.734+0000][8.894s][info ][gc,task     ] GC(43) Using 2 workers of 2 for evacuation
[2025-06-05T22:52:01.740+0000][8.899s][info ][gc,phases   ] GC(43)   Pre Evacuate Collection Set: 0.1ms
[2025-06-05T22:52:01.740+0000][8.899s][info ][gc,phases   ] GC(43)   Merge Heap Roots: 0.1ms
[2025-06-05T22:52:01.740+0000][8.900s][info ][gc,phases   ] GC(43)   Evacuate Collection Set: 4.9ms
[2025-06-05T22:52:01.740+0000][8.900s][info ][gc,phases   ] GC(43)   Post Evacuate Collection Set: 0.6ms
[2025-06-05T22:52:01.740+0000][8.900s][info ][gc,phases   ] GC(43)   Other: 0.1ms
[2025-06-05T22:52:01.740+0000][8.900s][info ][gc,heap     ] GC(43) Eden regions: 126->0(9)
[2025-06-05T22:52:01.740+0000][8.900s][info ][gc,heap     ] GC(43) Survivor regions: 1->2(16)
[2025-06-05T22:52:01.740+0000][8.900s][info ][gc,heap     ] GC(43) Old regions: 71->71
[2025-06-05T22:52:01.740+0000][8.900s][info ][gc,heap     ] GC(43) Archive regions: 2->2
[2025-06-05T22:52:01.740+0000][8.900s][info ][gc,heap     ] GC(43) Humongous regions: 0->0
[2025-06-05T22:52:01.740+0000][8.900s][info ][gc,metaspace] GC(43) Metaspace: 79459K(80000K)->79459K(80000K) NonClass: 69033K(69312K)->69033K(69312K) Class: 10426K(10688K)->10426K(10688K)
[2025-06-05T22:52:01.740+0000][8.900s][info ][gc          ] GC(43) Pause Young (Prepare Mixed) (G1 Evacuation Pause) 198M->73M(231M) 6.365ms
[2025-06-05T22:52:01.741+0000][8.900s][info ][gc,cpu      ] GC(43) User=0.01s Sys=0.00s Real=0.01s
[2025-06-05T22:52:01.741+0000][8.900s][info ][safepoint   ] Safepoint "G1CollectForAllocation", Time since last: 10835166 ns, Reaching safepoint: 507500 ns, Cleanup: 53042 ns, At safepoint: 6468750 ns, Total: 7029292 ns
[2025-06-05T22:52:01.759+0000][8.919s][debug][safepoint   ] Safepoint synchronization initiated using futex wait barrier. (18 threads)
[2025-06-05T22:52:01.760+0000][8.920s][info ][gc,start    ] GC(44) Pause Young (Mixed) (G1 Evacuation Pause)
[2025-06-05T22:52:01.760+0000][8.920s][info ][gc,task     ] GC(44) Using 2 workers of 2 for evacuation
[2025-06-05T22:52:01.764+0000][8.924s][info ][gc,phases   ] GC(44)   Pre Evacuate Collection Set: 0.1ms
[2025-06-05T22:52:01.764+0000][8.924s][info ][gc,phases   ] GC(44)   Merge Heap Roots: 0.1ms
[2025-06-05T22:52:01.764+0000][8.924s][info ][gc,phases   ] GC(44)   Evacuate Collection Set: 3.2ms
[2025-06-05T22:52:01.765+0000][8.924s][info ][gc,phases   ] GC(44)   Post Evacuate Collection Set: 0.6ms
[2025-06-05T22:52:01.765+0000][8.924s][info ][gc,phases   ] GC(44)   Other: 0.2ms
[2025-06-05T22:52:01.765+0000][8.924s][info ][gc,heap     ] GC(44) Eden regions: 9->0(126)
[2025-06-05T22:52:01.765+0000][8.924s][info ][gc,heap     ] GC(44) Survivor regions: 2->1(2)
[2025-06-05T22:52:01.765+0000][8.924s][info ][gc,heap     ] GC(44) Old regions: 71->72
[2025-06-05T22:52:01.765+0000][8.924s][info ][gc,heap     ] GC(44) Archive regions: 2->2
[2025-06-05T22:52:01.765+0000][8.924s][info ][gc,heap     ] GC(44) Humongous regions: 0->0
[2025-06-05T22:52:01.765+0000][8.924s][info ][gc,metaspace] GC(44) Metaspace: 79566K(80064K)->79566K(80064K) NonClass: 69130K(69376K)->69130K(69376K) Class: 10435K(10688K)->10435K(10688K)
[2025-06-05T22:52:01.765+0000][8.924s][info ][gc          ] GC(44) Pause Young (Mixed) (G1 Evacuation Pause) 82M->72M(231M) 4.637ms
[2025-06-05T22:52:01.765+0000][8.924s][info ][gc,cpu      ] GC(44) User=0.01s Sys=0.00s Real=0.00s
[2025-06-05T22:52:01.765+0000][8.924s][info ][safepoint   ] Safepoint "G1CollectForAllocation", Time since last: 18748417 ns, Reaching safepoint: 799125 ns, Cleanup: 105750 ns, At safepoint: 4744750 ns, Total: 5649625 ns
[2025-06-05T22:52:01.930+0000][9.090s][debug][safepoint   ] Safepoint synchronization initiated using futex wait barrier. (18 threads)
[2025-06-05T22:52:01.931+0000][9.090s][info ][safepoint   ] Safepoint "ICBufferFull", Time since last: 165184458 ns, Reaching safepoint: 249542 ns, Cleanup: 118250 ns, At safepoint: 4708 ns, Total: 372500 ns
[2025-06-05T22:52:02.036+0000][9.196s][debug][safepoint   ] Safepoint synchronization initiated using futex wait barrier. (18 threads)
[2025-06-05T22:52:02.036+0000][9.196s][info ][gc,start    ] GC(45) Pause Young (Normal) (G1 Evacuation Pause)
[2025-06-05T22:52:02.036+0000][9.196s][info ][gc,task     ] GC(45) Using 2 workers of 2 for evacuation
[2025-06-05T22:52:02.040+0000][9.200s][info ][gc,phases   ] GC(45)   Pre Evacuate Collection Set: 0.1ms
[2025-06-05T22:52:02.040+0000][9.200s][info ][gc,phases   ] GC(45)   Merge Heap Roots: 0.1ms
[2025-06-05T22:52:02.040+0000][9.200s][info ][gc,phases   ] GC(45)   Evacuate Collection Set: 2.9ms
[2025-06-05T22:52:02.041+0000][9.200s][info ][gc,phases   ] GC(45)   Post Evacuate Collection Set: 0.7ms
[2025-06-05T22:52:02.041+0000][9.200s][info ][gc,phases   ] GC(45)   Other: 0.2ms
[2025-06-05T22:52:02.041+0000][9.200s][info ][gc,heap     ] GC(45) Eden regions: 126->0(123)
[2025-06-05T22:52:02.041+0000][9.200s][info ][gc,heap     ] GC(45) Survivor regions: 1->3(16)
[2025-06-05T22:52:02.041+0000][9.200s][info ][gc,heap     ] GC(45) Old regions: 72->72
[2025-06-05T22:52:02.041+0000][9.200s][info ][gc,heap     ] GC(45) Archive regions: 2->2
[2025-06-05T22:52:02.041+0000][9.200s][info ][gc,heap     ] GC(45) Humongous regions: 0->0
[2025-06-05T22:52:02.041+0000][9.200s][info ][gc,metaspace] GC(45) Metaspace: 82640K(83136K)->82640K(83136K) NonClass: 71755K(72000K)->71755K(72000K) Class: 10885K(11136K)->10885K(11136K)
[2025-06-05T22:52:02.041+0000][9.200s][info ][gc          ] GC(45) Pause Young (Normal) (G1 Evacuation Pause) 198M->74M(231M) 4.448ms
[2025-06-05T22:52:02.041+0000][9.200s][info ][gc,cpu      ] GC(45) User=0.01s Sys=0.00s Real=0.00s
[2025-06-05T22:52:02.041+0000][9.200s][info ][safepoint   ] Safepoint "G1CollectForAllocation", Time since last: 105618333 ns, Reaching safepoint: 202667 ns, Cleanup: 66875 ns, At safepoint: 4566625 ns, Total: 4836167 ns
[2025-06-05T22:52:02.136+0000][9.295s][debug][safepoint   ] Safepoint synchronization initiated using futex wait barrier. (18 threads)
[2025-06-05T22:52:02.136+0000][9.296s][info ][safepoint   ] Safepoint "ICBufferFull", Time since last: 94903667 ns, Reaching safepoint: 206791 ns, Cleanup: 103625 ns, At safepoint: 5167 ns, Total: 315583 ns
[2025-06-05T22:52:02.211+0000][9.371s][debug][safepoint   ] Safepoint synchronization initiated using futex wait barrier. (18 threads)
[2025-06-05T22:52:02.211+0000][9.371s][info ][safepoint   ] Safepoint "ICBufferFull", Time since last: 74957959 ns, Reaching safepoint: 245625 ns, Cleanup: 85541 ns, At safepoint: 1292 ns, Total: 332458 ns
[2025-06-05T22:52:02.328+0000][9.488s][debug][safepoint   ] Safepoint synchronization initiated using futex wait barrier. (18 threads)
[2025-06-05T22:52:02.329+0000][9.488s][info ][safepoint   ] Safepoint "ICBufferFull", Time since last: 116788875 ns, Reaching safepoint: 317875 ns, Cleanup: 126750 ns, At safepoint: 1708 ns, Total: 446333 ns
[2025-06-05T22:52:02.357+0000][9.517s][debug][safepoint   ] Safepoint synchronization initiated using futex wait barrier. (18 threads)
[2025-06-05T22:52:02.358+0000][9.517s][info ][gc,start    ] GC(46) Pause Young (Normal) (G1 Evacuation Pause)
[2025-06-05T22:52:02.358+0000][9.517s][info ][gc,task     ] GC(46) Using 2 workers of 2 for evacuation
[2025-06-05T22:52:02.363+0000][9.523s][info ][gc,phases   ] GC(46)   Pre Evacuate Collection Set: 0.1ms
[2025-06-05T22:52:02.363+0000][9.523s][info ][gc,phases   ] GC(46)   Merge Heap Roots: 0.1ms
[2025-06-05T22:52:02.363+0000][9.523s][info ][gc,phases   ] GC(46)   Evacuate Collection Set: 4.5ms
[2025-06-05T22:52:02.364+0000][9.523s][info ][gc,phases   ] GC(46)   Post Evacuate Collection Set: 0.8ms
[2025-06-05T22:52:02.364+0000][9.523s][info ][gc,phases   ] GC(46)   Other: 0.2ms
[2025-06-05T22:52:02.364+0000][9.523s][info ][gc,heap     ] GC(46) Eden regions: 123->0(121)
[2025-06-05T22:52:02.364+0000][9.523s][info ][gc,heap     ] GC(46) Survivor regions: 3->5(16)
[2025-06-05T22:52:02.364+0000][9.523s][info ][gc,heap     ] GC(46) Old regions: 72->72
[2025-06-05T22:52:02.364+0000][9.523s][info ][gc,heap     ] GC(46) Archive regions: 2->2
[2025-06-05T22:52:02.364+0000][9.523s][info ][gc,heap     ] GC(46) Humongous regions: 0->0
[2025-06-05T22:52:02.364+0000][9.523s][info ][gc,metaspace] GC(46) Metaspace: 84617K(85184K)->84617K(85184K) NonClass: 73586K(73856K)->73586K(73856K) Class: 11030K(11328K)->11030K(11328K)
[2025-06-05T22:52:02.364+0000][9.523s][info ][gc          ] GC(46) Pause Young (Normal) (G1 Evacuation Pause) 197M->76M(231M) 6.246ms
[2025-06-05T22:52:02.364+0000][9.524s][info ][gc,cpu      ] GC(46) User=0.01s Sys=0.00s Real=0.00s
[2025-06-05T22:52:02.364+0000][9.524s][info ][safepoint   ] Safepoint "G1CollectForAllocation", Time since last: 28777875 ns, Reaching safepoint: 195209 ns, Cleanup: 24583 ns, At safepoint: 6381250 ns, Total: 6601042 ns
[2025-06-05T22:52:02.527+0000][9.686s][debug][safepoint   ] Safepoint synchronization initiated using futex wait barrier. (18 threads)
[2025-06-05T22:52:02.527+0000][9.687s][info ][safepoint   ] Safepoint "ICBufferFull", Time since last: 162771542 ns, Reaching safepoint: 193500 ns, Cleanup: 84083 ns, At safepoint: 1625 ns, Total: 279208 ns
[2025-06-05T22:52:02.731+0000][9.891s][debug][safepoint   ] Safepoint synchronization initiated using futex wait barrier. (18 threads)
[2025-06-05T22:52:02.731+0000][9.891s][info ][safepoint   ] Safepoint "ICBufferFull", Time since last: 203958417 ns, Reaching safepoint: 193666 ns, Cleanup: 114709 ns, At safepoint: 1833 ns, Total: 310208 ns
[2025-06-05T22:52:02.743+0000][9.902s][debug][safepoint   ] Safepoint synchronization initiated using futex wait barrier. (18 threads)
[2025-06-05T22:52:02.743+0000][9.902s][info ][gc,start    ] GC(47) Pause Young (Normal) (G1 Evacuation Pause)
[2025-06-05T22:52:02.743+0000][9.902s][info ][gc,task     ] GC(47) Using 2 workers of 2 for evacuation
[2025-06-05T22:52:02.750+0000][9.910s][info ][gc,phases   ] GC(47)   Pre Evacuate Collection Set: 0.1ms
[2025-06-05T22:52:02.751+0000][9.910s][info ][gc,phases   ] GC(47)   Merge Heap Roots: 0.1ms
[2025-06-05T22:52:02.751+0000][9.910s][info ][gc,phases   ] GC(47)   Evacuate Collection Set: 6.4ms
[2025-06-05T22:52:02.751+0000][9.910s][info ][gc,phases   ] GC(47)   Post Evacuate Collection Set: 0.9ms
[2025-06-05T22:52:02.751+0000][9.910s][info ][gc,phases   ] GC(47)   Other: 0.2ms
[2025-06-05T22:52:02.751+0000][9.910s][info ][gc,heap     ] GC(47) Eden regions: 121->0(117)
[2025-06-05T22:52:02.751+0000][9.910s][info ][gc,heap     ] GC(47) Survivor regions: 5->8(16)
[2025-06-05T22:52:02.751+0000][9.910s][info ][gc,heap     ] GC(47) Old regions: 72->72
[2025-06-05T22:52:02.751+0000][9.910s][info ][gc,heap     ] GC(47) Archive regions: 2->2
[2025-06-05T22:52:02.751+0000][9.910s][info ][gc,heap     ] GC(47) Humongous regions: 0->0
[2025-06-05T22:52:02.751+0000][9.910s][info ][gc,metaspace] GC(47) Metaspace: 87044K(87552K)->87044K(87552K) NonClass: 75832K(76096K)->75832K(76096K) Class: 11211K(11456K)->11211K(11456K)
[2025-06-05T22:52:02.751+0000][9.910s][info ][gc          ] GC(47) Pause Young (Normal) (G1 Evacuation Pause) 197M->79M(231M) 8.154ms
[2025-06-05T22:52:02.751+0000][9.911s][info ][gc,cpu      ] GC(47) User=0.02s Sys=0.00s Real=0.01s
[2025-06-05T22:52:02.751+0000][9.911s][info ][safepoint   ] Safepoint "G1CollectForAllocation", Time since last: 11232292 ns, Reaching safepoint: 183166 ns, Cleanup: 16750 ns, At safepoint: 8302000 ns, Total: 8501916 ns
[2025-06-05T22:52:03.070+0000][10.230s][debug][safepoint   ] Safepoint synchronization initiated using futex wait barrier. (22 threads)
[2025-06-05T22:52:03.070+0000][10.230s][info ][safepoint   ] Safepoint "ICBufferFull", Time since last: 319012209 ns, Reaching safepoint: 181583 ns, Cleanup: 128584 ns, At safepoint: 1458 ns, Total: 311625 ns
[2025-06-05T22:52:03.120+0000][10.280s][debug][safepoint   ] Safepoint synchronization initiated using futex wait barrier. (22 threads)
[2025-06-05T22:52:03.120+0000][10.280s][info ][gc,start    ] GC(48) Pause Young (Normal) (G1 Evacuation Pause)
[2025-06-05T22:52:03.121+0000][10.280s][info ][gc,task     ] GC(48) Using 2 workers of 2 for evacuation
[2025-06-05T22:52:03.130+0000][10.289s][info ][gc,phases   ] GC(48)   Pre Evacuate Collection Set: 0.1ms
[2025-06-05T22:52:03.130+0000][10.289s][info ][gc,phases   ] GC(48)   Merge Heap Roots: 0.1ms
[2025-06-05T22:52:03.130+0000][10.289s][info ][gc,phases   ] GC(48)   Evacuate Collection Set: 8.0ms
[2025-06-05T22:52:03.130+0000][10.289s][info ][gc,phases   ] GC(48)   Post Evacuate Collection Set: 0.9ms
[2025-06-05T22:52:03.130+0000][10.290s][info ][gc,phases   ] GC(48)   Other: 0.2ms
[2025-06-05T22:52:03.130+0000][10.290s][info ][gc,heap     ] GC(48) Eden regions: 117->0(111)
[2025-06-05T22:52:03.130+0000][10.290s][info ][gc,heap     ] GC(48) Survivor regions: 8->11(16)
[2025-06-05T22:52:03.130+0000][10.290s][info ][gc,heap     ] GC(48) Old regions: 72->72
[2025-06-05T22:52:03.130+0000][10.290s][info ][gc,heap     ] GC(48) Archive regions: 2->2
[2025-06-05T22:52:03.130+0000][10.290s][info ][gc,heap     ] GC(48) Humongous regions: 0->0
[2025-06-05T22:52:03.130+0000][10.290s][info ][gc,metaspace] GC(48) Metaspace: 88990K(89536K)->88990K(89536K) NonClass: 77594K(77888K)->77594K(77888K) Class: 11395K(11648K)->11395K(11648K)
[2025-06-05T22:52:03.130+0000][10.290s][info ][gc          ] GC(48) Pause Young (Normal) (G1 Evacuation Pause) 196M->82M(231M) 9.888ms
[2025-06-05T22:52:03.130+0000][10.290s][info ][gc,cpu      ] GC(48) User=0.02s Sys=0.00s Real=0.01s
[2025-06-05T22:52:03.130+0000][10.290s][info ][safepoint   ] Safepoint "G1CollectForAllocation", Time since last: 49654500 ns, Reaching safepoint: 243542 ns, Cleanup: 63208 ns, At safepoint: 9992292 ns, Total: 10299042 ns
[2025-06-05T22:52:03.228+0000][10.387s][debug][safepoint   ] Safepoint synchronization initiated using futex wait barrier. (22 threads)
[2025-06-05T22:52:03.228+0000][10.388s][info ][safepoint   ] Safepoint "ICBufferFull", Time since last: 97318583 ns, Reaching safepoint: 210083 ns, Cleanup: 114084 ns, At safepoint: 1125 ns, Total: 325292 ns
[2025-06-05T22:52:03.428+0000][10.588s][debug][safepoint   ] Safepoint synchronization initiated using futex wait barrier. (22 threads)
[2025-06-05T22:52:03.429+0000][10.588s][info ][gc,start    ] GC(49) Pause Young (Normal) (G1 Evacuation Pause)
[2025-06-05T22:52:03.429+0000][10.588s][info ][gc,task     ] GC(49) Using 2 workers of 2 for evacuation
[2025-06-05T22:52:03.439+0000][10.599s][info ][gc,phases   ] GC(49)   Pre Evacuate Collection Set: 0.1ms
[2025-06-05T22:52:03.439+0000][10.599s][info ][gc,phases   ] GC(49)   Merge Heap Roots: 0.1ms
[2025-06-05T22:52:03.440+0000][10.599s][info ][gc,phases   ] GC(49)   Evacuate Collection Set: 9.4ms
[2025-06-05T22:52:03.440+0000][10.599s][info ][gc,phases   ] GC(49)   Post Evacuate Collection Set: 1.0ms
[2025-06-05T22:52:03.440+0000][10.599s][info ][gc,phases   ] GC(49)   Other: 0.2ms
[2025-06-05T22:52:03.440+0000][10.599s][info ][gc,heap     ] GC(49) Eden regions: 111->0(111)
[2025-06-05T22:52:03.440+0000][10.599s][info ][gc,heap     ] GC(49) Survivor regions: 11->9(16)
[2025-06-05T22:52:03.440+0000][10.599s][info ][gc,heap     ] GC(49) Old regions: 72->76
[2025-06-05T22:52:03.440+0000][10.599s][info ][gc,heap     ] GC(49) Archive regions: 2->2
[2025-06-05T22:52:03.440+0000][10.599s][info ][gc,heap     ] GC(49) Humongous regions: 0->0
[2025-06-05T22:52:03.440+0000][10.599s][info ][gc,metaspace] GC(49) Metaspace: 93319K(93888K)->93319K(93888K) NonClass: 81184K(81472K)->81184K(81472K) Class: 12134K(12416K)->12134K(12416K)
[2025-06-05T22:52:03.440+0000][10.599s][info ][gc          ] GC(49) Pause Young (Normal) (G1 Evacuation Pause) 193M->84M(231M) 11.335ms
[2025-06-05T22:52:03.440+0000][10.599s][info ][gc,cpu      ] GC(49) User=0.04s Sys=0.00s Real=0.01s
[2025-06-05T22:52:03.440+0000][10.600s][info ][safepoint   ] Safepoint "G1CollectForAllocation", Time since last: 200253750 ns, Reaching safepoint: 204458 ns, Cleanup: 72375 ns, At safepoint: 11476000 ns, Total: 11752833 ns
[2025-06-05T22:52:03.461+0000][10.621s][debug][safepoint   ] Safepoint synchronization initiated using futex wait barrier. (22 threads)
[2025-06-05T22:52:03.462+0000][10.621s][info ][safepoint   ] Safepoint "ICBufferFull", Time since last: 21178042 ns, Reaching safepoint: 218791 ns, Cleanup: 65042 ns, At safepoint: 5125 ns, Total: 288958 ns
[2025-06-05T22:52:03.496+0000][10.656s][debug][safepoint   ] Safepoint synchronization initiated using futex wait barrier. (22 threads)
[2025-06-05T22:52:03.497+0000][10.656s][info ][safepoint   ] Safepoint "ICBufferFull", Time since last: 34827250 ns, Reaching safepoint: 186417 ns, Cleanup: 102208 ns, At safepoint: 7750 ns, Total: 296375 ns
[2025-06-05T22:52:03.711+0000][10.870s][debug][safepoint   ] Safepoint synchronization initiated using futex wait barrier. (22 threads)
[2025-06-05T22:52:03.711+0000][10.871s][info ][gc,start    ] GC(50) Pause Young (Normal) (G1 Evacuation Pause)
[2025-06-05T22:52:03.711+0000][10.871s][info ][gc,task     ] GC(50) Using 2 workers of 2 for evacuation
[2025-06-05T22:52:03.725+0000][10.885s][info ][gc,phases   ] GC(50)   Pre Evacuate Collection Set: 0.1ms
[2025-06-05T22:52:03.725+0000][10.885s][info ][gc,phases   ] GC(50)   Merge Heap Roots: 0.1ms
[2025-06-05T22:52:03.725+0000][10.885s][info ][gc,phases   ] GC(50)   Evacuate Collection Set: 13.0ms
[2025-06-05T22:52:03.726+0000][10.885s][info ][gc,phases   ] GC(50)   Post Evacuate Collection Set: 0.9ms
[2025-06-05T22:52:03.726+0000][10.885s][info ][gc,phases   ] GC(50)   Other: 0.2ms
[2025-06-05T22:52:03.726+0000][10.885s][info ][gc,heap     ] GC(50) Eden regions: 111->0(96)
[2025-06-05T22:52:03.726+0000][10.885s][info ][gc,heap     ] GC(50) Survivor regions: 9->15(15)
[2025-06-05T22:52:03.726+0000][10.885s][info ][gc,heap     ] GC(50) Old regions: 76->79
[2025-06-05T22:52:03.726+0000][10.885s][info ][gc,heap     ] GC(50) Archive regions: 2->2
[2025-06-05T22:52:03.726+0000][10.885s][info ][gc,heap     ] GC(50) Humongous regions: 0->0
[2025-06-05T22:52:03.726+0000][10.885s][info ][gc,metaspace] GC(50) Metaspace: 95216K(95808K)->95216K(95808K) NonClass: 82712K(83008K)->82712K(83008K) Class: 12503K(12800K)->12503K(12800K)
[2025-06-05T22:52:03.726+0000][10.885s][info ][gc          ] GC(50) Pause Young (Normal) (G1 Evacuation Pause) 195M->94M(231M) 14.823ms
[2025-06-05T22:52:03.726+0000][10.885s][info ][gc,cpu      ] GC(50) User=0.03s Sys=0.00s Real=0.02s
[2025-06-05T22:52:03.726+0000][10.886s][info ][safepoint   ] Safepoint "G1CollectForAllocation", Time since last: 214172209 ns, Reaching safepoint: 200375 ns, Cleanup: 58375 ns, At safepoint: 14948000 ns, Total: 15206750 ns
[2025-06-05T22:52:03.926+0000][11.086s][debug][safepoint   ] Safepoint synchronization initiated using futex wait barrier. (22 threads)
[2025-06-05T22:52:03.927+0000][11.086s][info ][gc,start    ] GC(51) Pause Young (Normal) (G1 Evacuation Pause)
[2025-06-05T22:52:03.927+0000][11.086s][info ][gc,task     ] GC(51) Using 2 workers of 2 for evacuation
[2025-06-05T22:52:03.938+0000][11.098s][info ][gc,phases   ] GC(51)   Pre Evacuate Collection Set: 0.1ms
[2025-06-05T22:52:03.938+0000][11.098s][info ][gc,phases   ] GC(51)   Merge Heap Roots: 0.1ms
[2025-06-05T22:52:03.938+0000][11.098s][info ][gc,phases   ] GC(51)   Evacuate Collection Set: 10.0ms
[2025-06-05T22:52:03.939+0000][11.098s][info ][gc,phases   ] GC(51)   Post Evacuate Collection Set: 1.1ms
[2025-06-05T22:52:03.939+0000][11.098s][info ][gc,phases   ] GC(51)   Other: 0.2ms
[2025-06-05T22:52:03.939+0000][11.098s][info ][gc,heap     ] GC(51) Eden regions: 96->0(130)
[2025-06-05T22:52:03.939+0000][11.098s][info ][gc,heap     ] GC(51) Survivor regions: 15->2(14)
[2025-06-05T22:52:03.939+0000][11.098s][info ][gc,heap     ] GC(51) Old regions: 79->87
[2025-06-05T22:52:03.939+0000][11.098s][info ][gc,heap     ] GC(51) Archive regions: 2->2
[2025-06-05T22:52:03.939+0000][11.098s][info ][gc,heap     ] GC(51) Humongous regions: 0->0
[2025-06-05T22:52:03.939+0000][11.098s][info ][gc,metaspace] GC(51) Metaspace: 97924K(98432K)->97924K(98432K) NonClass: 85051K(85312K)->85051K(85312K) Class: 12873K(13120K)->12873K(13120K)
[2025-06-05T22:52:03.939+0000][11.098s][info ][gc          ] GC(51) Pause Young (Normal) (G1 Evacuation Pause) 190M->88M(263M) 12.147ms
[2025-06-05T22:52:03.939+0000][11.098s][info ][gc,cpu      ] GC(51) User=0.03s Sys=0.00s Real=0.01s
[2025-06-05T22:52:03.939+0000][11.099s][info ][safepoint   ] Safepoint "G1CollectForAllocation", Time since last: 200395458 ns, Reaching safepoint: 240500 ns, Cleanup: 65917 ns, At safepoint: 12274083 ns, Total: 12580500 ns
[2025-06-05T22:52:04.136+0000][11.296s][debug][safepoint   ] Safepoint synchronization initiated using futex wait barrier. (24 threads)
[2025-06-05T22:52:04.138+0000][11.297s][info ][safepoint   ] Safepoint "ICBufferFull", Time since last: 197300833 ns, Reaching safepoint: 1243167 ns, Cleanup: 96750 ns, At safepoint: 6042 ns, Total: 1345959 ns
[2025-06-05T22:52:04.138+0000][11.297s][debug][safepoint   ] Safepoint synchronization initiated using futex wait barrier. (24 threads)
[2025-06-05T22:52:04.138+0000][11.297s][info ][safepoint   ] Safepoint "ICBufferFull", Time since last: 150041 ns, Reaching safepoint: 189125 ns, Cleanup: 5167 ns, At safepoint: 7125 ns, Total: 201417 ns
[2025-06-05T22:52:04.363+0000][11.523s][debug][safepoint   ] Safepoint synchronization initiated using futex wait barrier. (26 threads)
[2025-06-05T22:52:04.364+0000][11.523s][info ][gc,start    ] GC(52) Pause Young (Normal) (G1 Evacuation Pause)
[2025-06-05T22:52:04.364+0000][11.523s][info ][gc,task     ] GC(52) Using 2 workers of 2 for evacuation
[2025-06-05T22:52:04.374+0000][11.533s][info ][gc,phases   ] GC(52)   Pre Evacuate Collection Set: 0.1ms
[2025-06-05T22:52:04.374+0000][11.534s][info ][gc,phases   ] GC(52)   Merge Heap Roots: 0.1ms
[2025-06-05T22:52:04.374+0000][11.534s][info ][gc,phases   ] GC(52)   Evacuate Collection Set: 8.7ms
[2025-06-05T22:52:04.374+0000][11.534s][info ][gc,phases   ] GC(52)   Post Evacuate Collection Set: 1.0ms
[2025-06-05T22:52:04.374+0000][11.534s][info ][gc,phases   ] GC(52)   Other: 0.3ms
[2025-06-05T22:52:04.374+0000][11.534s][info ][gc,heap     ] GC(52) Eden regions: 130->0(129)
[2025-06-05T22:52:04.374+0000][11.534s][info ][gc,heap     ] GC(52) Survivor regions: 2->5(17)
[2025-06-05T22:52:04.374+0000][11.534s][info ][gc,heap     ] GC(52) Old regions: 87->87
[2025-06-05T22:52:04.374+0000][11.534s][info ][gc,heap     ] GC(52) Archive regions: 2->2
[2025-06-05T22:52:04.374+0000][11.534s][info ][gc,heap     ] GC(52) Humongous regions: 0->0
[2025-06-05T22:52:04.374+0000][11.534s][info ][gc,metaspace] GC(52) Metaspace: 102572K(103232K)->102572K(103232K) NonClass: 89055K(89408K)->89055K(89408K) Class: 13517K(13824K)->13517K(13824K)
[2025-06-05T22:52:04.375+0000][11.534s][info ][gc          ] GC(52) Pause Young (Normal) (G1 Evacuation Pause) 218M->91M(263M) 10.800ms
[2025-06-05T22:52:04.375+0000][11.534s][info ][gc,cpu      ] GC(52) User=0.02s Sys=0.00s Real=0.01s
[2025-06-05T22:52:04.375+0000][11.534s][info ][safepoint   ] Safepoint "G1CollectForAllocation", Time since last: 225364667 ns, Reaching safepoint: 226333 ns, Cleanup: 98125 ns, At safepoint: 10932875 ns, Total: 11257333 ns
[2025-06-05T22:52:04.697+0000][11.856s][debug][safepoint   ] Safepoint synchronization initiated using futex wait barrier. (26 threads)
[2025-06-05T22:52:04.697+0000][11.857s][info ][gc,start    ] GC(53) Pause Young (Normal) (G1 Evacuation Pause)
[2025-06-05T22:52:04.697+0000][11.857s][info ][gc,task     ] GC(53) Using 2 workers of 2 for evacuation
[2025-06-05T22:52:04.705+0000][11.864s][info ][gc,phases   ] GC(53)   Pre Evacuate Collection Set: 0.1ms
[2025-06-05T22:52:04.705+0000][11.864s][info ][gc,phases   ] GC(53)   Merge Heap Roots: 0.1ms
[2025-06-05T22:52:04.705+0000][11.864s][info ][gc,phases   ] GC(53)   Evacuate Collection Set: 6.3ms
[2025-06-05T22:52:04.705+0000][11.864s][info ][gc,phases   ] GC(53)   Post Evacuate Collection Set: 0.9ms
[2025-06-05T22:52:04.705+0000][11.864s][info ][gc,phases   ] GC(53)   Other: 0.2ms
[2025-06-05T22:52:04.705+0000][11.865s][info ][gc,heap     ] GC(53) Eden regions: 129->0(128)
[2025-06-05T22:52:04.705+0000][11.865s][info ][gc,heap     ] GC(53) Survivor regions: 5->7(17)
[2025-06-05T22:52:04.705+0000][11.865s][info ][gc,heap     ] GC(53) Old regions: 87->87
[2025-06-05T22:52:04.705+0000][11.865s][info ][gc,heap     ] GC(53) Archive regions: 2->2
[2025-06-05T22:52:04.705+0000][11.865s][info ][gc,heap     ] GC(53) Humongous regions: 0->0
[2025-06-05T22:52:04.705+0000][11.865s][info ][gc,metaspace] GC(53) Metaspace: 105591K(106176K)->105591K(106176K) NonClass: 91735K(92032K)->91735K(92032K) Class: 13855K(14144K)->13855K(14144K)
[2025-06-05T22:52:04.705+0000][11.865s][info ][gc          ] GC(53) Pause Young (Normal) (G1 Evacuation Pause) 220M->93M(263M) 8.165ms
[2025-06-05T22:52:04.705+0000][11.865s][info ][gc,cpu      ] GC(53) User=0.02s Sys=0.00s Real=0.00s
[2025-06-05T22:52:04.705+0000][11.865s][info ][safepoint   ] Safepoint "G1CollectForAllocation", Time since last: 322290500 ns, Reaching safepoint: 193750 ns, Cleanup: 84334 ns, At safepoint: 8270958 ns, Total: 8549042 ns
[2025-06-05T22:52:05.068+0000][12.227s][debug][safepoint   ] Safepoint synchronization initiated using futex wait barrier. (35 threads)
[2025-06-05T22:52:05.068+0000][12.228s][info ][gc,start    ] GC(54) Pause Young (Normal) (G1 Evacuation Pause)
[2025-06-05T22:52:05.068+0000][12.228s][info ][gc,task     ] GC(54) Using 2 workers of 2 for evacuation
[2025-06-05T22:52:05.079+0000][12.238s][info ][gc,phases   ] GC(54)   Pre Evacuate Collection Set: 0.1ms
[2025-06-05T22:52:05.079+0000][12.238s][info ][gc,phases   ] GC(54)   Merge Heap Roots: 0.1ms
[2025-06-05T22:52:05.079+0000][12.238s][info ][gc,phases   ] GC(54)   Evacuate Collection Set: 9.0ms
[2025-06-05T22:52:05.079+0000][12.238s][info ][gc,phases   ] GC(54)   Post Evacuate Collection Set: 1.0ms
[2025-06-05T22:52:05.079+0000][12.238s][info ][gc,phases   ] GC(54)   Other: 0.2ms
[2025-06-05T22:52:05.079+0000][12.238s][info ][gc,heap     ] GC(54) Eden regions: 128->0(124)
[2025-06-05T22:52:05.079+0000][12.238s][info ][gc,heap     ] GC(54) Survivor regions: 7->11(17)
[2025-06-05T22:52:05.079+0000][12.239s][info ][gc,heap     ] GC(54) Old regions: 87->87
[2025-06-05T22:52:05.079+0000][12.239s][info ][gc,heap     ] GC(54) Archive regions: 2->2
[2025-06-05T22:52:05.079+0000][12.239s][info ][gc,heap     ] GC(54) Humongous regions: 0->0
[2025-06-05T22:52:05.079+0000][12.239s][info ][gc,metaspace] GC(54) Metaspace: 107792K(108416K)->107792K(108416K) NonClass: 93755K(94080K)->93755K(94080K) Class: 14037K(14336K)->14037K(14336K)
[2025-06-05T22:52:05.079+0000][12.239s][info ][gc          ] GC(54) Pause Young (Normal) (G1 Evacuation Pause) 221M->97M(263M) 10.940ms
[2025-06-05T22:52:05.079+0000][12.239s][info ][gc,cpu      ] GC(54) User=0.02s Sys=0.00s Real=0.01s
[2025-06-05T22:52:05.079+0000][12.239s][info ][safepoint   ] Safepoint "G1CollectForAllocation", Time since last: 362471542 ns, Reaching safepoint: 233917 ns, Cleanup: 84166 ns, At safepoint: 11061917 ns, Total: 11380000 ns
[2025-06-05T22:52:05.296+0000][12.456s][debug][safepoint   ] Safepoint synchronization initiated using futex wait barrier. (35 threads)
[2025-06-05T22:52:05.297+0000][12.456s][info ][safepoint   ] Safepoint "ICBufferFull", Time since last: 217138333 ns, Reaching safepoint: 126750 ns, Cleanup: 121375 ns, At safepoint: 1250 ns, Total: 249375 ns
[2025-06-05T22:52:05.406+0000][12.566s][debug][safepoint   ] Safepoint synchronization initiated using futex wait barrier. (38 threads)
[2025-06-05T22:52:05.407+0000][12.566s][info ][gc,start    ] GC(55) Pause Young (Normal) (G1 Evacuation Pause)
[2025-06-05T22:52:05.407+0000][12.566s][info ][gc,task     ] GC(55) Using 2 workers of 2 for evacuation
[2025-06-05T22:52:05.419+0000][12.578s][info ][gc,phases   ] GC(55)   Pre Evacuate Collection Set: 0.1ms
[2025-06-05T22:52:05.419+0000][12.578s][info ][gc,phases   ] GC(55)   Merge Heap Roots: 0.1ms
[2025-06-05T22:52:05.419+0000][12.579s][info ][gc,phases   ] GC(55)   Evacuate Collection Set: 10.8ms
[2025-06-05T22:52:05.419+0000][12.579s][info ][gc,phases   ] GC(55)   Post Evacuate Collection Set: 1.0ms
[2025-06-05T22:52:05.419+0000][12.579s][info ][gc,phases   ] GC(55)   Other: 0.2ms
[2025-06-05T22:52:05.419+0000][12.579s][info ][gc,heap     ] GC(55) Eden regions: 124->0(122)
[2025-06-05T22:52:05.419+0000][12.579s][info ][gc,heap     ] GC(55) Survivor regions: 11->10(17)
[2025-06-05T22:52:05.419+0000][12.579s][info ][gc,heap     ] GC(55) Old regions: 87->90
[2025-06-05T22:52:05.419+0000][12.579s][info ][gc,heap     ] GC(55) Archive regions: 2->2
[2025-06-05T22:52:05.419+0000][12.579s][info ][gc,heap     ] GC(55) Humongous regions: 0->0
[2025-06-05T22:52:05.419+0000][12.579s][info ][gc,metaspace] GC(55) Metaspace: 109972K(110656K)->109972K(110656K) NonClass: 95679K(96064K)->95679K(96064K) Class: 14292K(14592K)->14292K(14592K)
[2025-06-05T22:52:05.419+0000][12.579s][info ][gc          ] GC(55) Pause Young (Normal) (G1 Evacuation Pause) 221M->99M(263M) 12.898ms
[2025-06-05T22:52:05.420+0000][12.579s][info ][gc,cpu      ] GC(55) User=0.03s Sys=0.00s Real=0.01s
[2025-06-05T22:52:05.420+0000][12.579s][info ][safepoint   ] Safepoint "G1CollectForAllocation", Time since last: 109603042 ns, Reaching safepoint: 192708 ns, Cleanup: 66417 ns, At safepoint: 13025667 ns, Total: 13284792 ns
[2025-06-05T22:52:05.636+0000][12.795s][debug][safepoint   ] Safepoint synchronization initiated using futex wait barrier. (38 threads)
[2025-06-05T22:52:05.636+0000][12.795s][info ][safepoint   ] Safepoint "ICBufferFull", Time since last: 215975791 ns, Reaching safepoint: 195500 ns, Cleanup: 97459 ns, At safepoint: 1750 ns, Total: 294709 ns
[2025-06-05T22:52:05.751+0000][12.910s][debug][safepoint   ] Safepoint synchronization initiated using futex wait barrier. (38 threads)
[2025-06-05T22:52:05.751+0000][12.911s][info ][safepoint   ] Safepoint "ICBufferFull", Time since last: 115038375 ns, Reaching safepoint: 190667 ns, Cleanup: 93583 ns, At safepoint: 4833 ns, Total: 289083 ns
[2025-06-05T22:52:05.827+0000][12.986s][debug][safepoint   ] Safepoint synchronization initiated using futex wait barrier. (38 threads)
[2025-06-05T22:52:05.827+0000][12.987s][info ][safepoint   ] Safepoint "ICBufferFull", Time since last: 75807584 ns, Reaching safepoint: 204166 ns, Cleanup: 90125 ns, At safepoint: 1292 ns, Total: 295583 ns
[2025-06-05T22:52:05.995+0000][13.155s][debug][safepoint   ] Safepoint synchronization initiated using futex wait barrier. (38 threads)
[2025-06-05T22:52:05.995+0000][13.155s][info ][safepoint   ] Safepoint "ICBufferFull", Time since last: 167830417 ns, Reaching safepoint: 151083 ns, Cleanup: 115125 ns, At safepoint: 2042 ns, Total: 268250 ns
[2025-06-05T22:52:06.015+0000][13.174s][debug][safepoint   ] Safepoint synchronization initiated using futex wait barrier. (38 threads)
[2025-06-05T22:52:06.015+0000][13.175s][info ][gc,start    ] GC(56) Pause Young (Normal) (G1 Evacuation Pause)
[2025-06-05T22:52:06.015+0000][13.175s][info ][gc,task     ] GC(56) Using 2 workers of 2 for evacuation
[2025-06-05T22:52:06.027+0000][13.186s][info ][gc,phases   ] GC(56)   Pre Evacuate Collection Set: 0.1ms
[2025-06-05T22:52:06.027+0000][13.187s][info ][gc,phases   ] GC(56)   Merge Heap Roots: 0.1ms
[2025-06-05T22:52:06.027+0000][13.187s][info ][gc,phases   ] GC(56)   Evacuate Collection Set: 10.3ms
[2025-06-05T22:52:06.027+0000][13.187s][info ][gc,phases   ] GC(56)   Post Evacuate Collection Set: 1.0ms
[2025-06-05T22:52:06.027+0000][13.187s][info ][gc,phases   ] GC(56)   Other: 0.2ms
[2025-06-05T22:52:06.027+0000][13.187s][info ][gc,heap     ] GC(56) Eden regions: 122->0(122)
[2025-06-05T22:52:06.027+0000][13.187s][info ][gc,heap     ] GC(56) Survivor regions: 10->9(17)
[2025-06-05T22:52:06.027+0000][13.187s][info ][gc,heap     ] GC(56) Old regions: 90->92
[2025-06-05T22:52:06.027+0000][13.187s][info ][gc,heap     ] GC(56) Archive regions: 2->2
[2025-06-05T22:52:06.028+0000][13.187s][info ][gc,heap     ] GC(56) Humongous regions: 0->0
[2025-06-05T22:52:06.028+0000][13.187s][info ][gc,metaspace] GC(56) Metaspace: 114203K(114880K)->114203K(114880K) NonClass: 99476K(99840K)->99476K(99840K) Class: 14727K(15040K)->14727K(15040K)
[2025-06-05T22:52:06.028+0000][13.187s][info ][gc          ] GC(56) Pause Young (Normal) (G1 Evacuation Pause) 221M->101M(263M) 12.364ms
[2025-06-05T22:52:06.028+0000][13.187s][info ][gc,cpu      ] GC(56) User=0.02s Sys=0.00s Real=0.02s
[2025-06-05T22:52:06.028+0000][13.187s][info ][safepoint   ] Safepoint "G1CollectForAllocation", Time since last: 19586500 ns, Reaching safepoint: 183291 ns, Cleanup: 40542 ns, At safepoint: 12552792 ns, Total: 12776625 ns
[2025-06-05T22:52:06.321+0000][13.480s][debug][safepoint   ] Safepoint synchronization initiated using futex wait barrier. (39 threads)
[2025-06-05T22:52:06.321+0000][13.480s][info ][safepoint   ] Safepoint "ICBufferFull", Time since last: 292834666 ns, Reaching safepoint: 197792 ns, Cleanup: 123375 ns, At safepoint: 5792 ns, Total: 326959 ns
[2025-06-05T22:52:06.358+0000][13.517s][debug][safepoint   ] Safepoint synchronization initiated using futex wait barrier. (39 threads)
[2025-06-05T22:52:06.358+0000][13.518s][info ][gc,start    ] GC(57) Pause Young (Normal) (G1 Evacuation Pause)
[2025-06-05T22:52:06.358+0000][13.518s][info ][gc,task     ] GC(57) Using 2 workers of 2 for evacuation
[2025-06-05T22:52:06.372+0000][13.532s][info ][gc,phases   ] GC(57)   Pre Evacuate Collection Set: 0.1ms
[2025-06-05T22:52:06.373+0000][13.532s][info ][gc,phases   ] GC(57)   Merge Heap Roots: 0.1ms
[2025-06-05T22:52:06.373+0000][13.532s][info ][gc,phases   ] GC(57)   Evacuate Collection Set: 13.0ms
[2025-06-05T22:52:06.373+0000][13.532s][info ][gc,phases   ] GC(57)   Post Evacuate Collection Set: 1.0ms
[2025-06-05T22:52:06.373+0000][13.532s][info ][gc,phases   ] GC(57)   Other: 0.2ms
[2025-06-05T22:52:06.373+0000][13.532s][info ][gc,heap     ] GC(57) Eden regions: 122->0(118)
[2025-06-05T22:52:06.373+0000][13.532s][info ][gc,heap     ] GC(57) Survivor regions: 9->9(17)
[2025-06-05T22:52:06.373+0000][13.532s][info ][gc,heap     ] GC(57) Old regions: 92->96
[2025-06-05T22:52:06.373+0000][13.532s][info ][gc,heap     ] GC(57) Archive regions: 2->2
[2025-06-05T22:52:06.373+0000][13.533s][info ][gc,heap     ] GC(57) Humongous regions: 0->0
[2025-06-05T22:52:06.373+0000][13.533s][info ][gc,metaspace] GC(57) Metaspace: 115802K(116480K)->115802K(116480K) NonClass: 100942K(101312K)->100942K(101312K) Class: 14860K(15168K)->14860K(15168K)
[2025-06-05T22:52:06.373+0000][13.533s][info ][gc          ] GC(57) Pause Young (Normal) (G1 Evacuation Pause) 223M->104M(263M) 14.965ms
[2025-06-05T22:52:06.373+0000][13.533s][info ][gc,cpu      ] GC(57) User=0.03s Sys=0.00s Real=0.01s
[2025-06-05T22:52:06.373+0000][13.533s][info ][safepoint   ] Safepoint "G1CollectForAllocation", Time since last: 36958041 ns, Reaching safepoint: 211084 ns, Cleanup: 38041 ns, At safepoint: 15134250 ns, Total: 15383375 ns
[2025-06-05T22:52:06.519+0000][13.678s][debug][safepoint   ] Safepoint synchronization initiated using futex wait barrier. (39 threads)
[2025-06-05T22:52:06.520+0000][13.680s][info ][safepoint   ] Safepoint "ICBufferFull", Time since last: 145643876 ns, Reaching safepoint: 1270833 ns, Cleanup: 101250 ns, At safepoint: 9042 ns, Total: 1381125 ns
[2025-06-05T22:52:06.611+0000][13.771s][debug][safepoint   ] Safepoint synchronization initiated using futex wait barrier. (42 threads)
[2025-06-05T22:52:06.612+0000][13.771s][info ][safepoint   ] Safepoint "ICBufferFull", Time since last: 91193500 ns, Reaching safepoint: 159166 ns, Cleanup: 130709 ns, At safepoint: 1500 ns, Total: 291375 ns
[2025-06-05T22:52:06.666+0000][13.825s][debug][safepoint   ] Safepoint synchronization initiated using futex wait barrier. (42 threads)
[2025-06-05T22:52:06.666+0000][13.825s][info ][gc,start    ] GC(58) Pause Young (Normal) (G1 Evacuation Pause)
[2025-06-05T22:52:06.666+0000][13.825s][info ][gc,task     ] GC(58) Using 2 workers of 2 for evacuation
[2025-06-05T22:52:06.678+0000][13.838s][info ][gc,phases   ] GC(58)   Pre Evacuate Collection Set: 0.1ms
[2025-06-05T22:52:06.679+0000][13.838s][info ][gc,phases   ] GC(58)   Merge Heap Roots: 0.1ms
[2025-06-05T22:52:06.679+0000][13.838s][info ][gc,phases   ] GC(58)   Evacuate Collection Set: 11.0ms
[2025-06-05T22:52:06.679+0000][13.838s][info ][gc,phases   ] GC(58)   Post Evacuate Collection Set: 1.1ms
[2025-06-05T22:52:06.679+0000][13.838s][info ][gc,phases   ] GC(58)   Other: 0.2ms
[2025-06-05T22:52:06.679+0000][13.838s][info ][gc,heap     ] GC(58) Eden regions: 118->0(116)
[2025-06-05T22:52:06.679+0000][13.838s][info ][gc,heap     ] GC(58) Survivor regions: 9->9(16)
[2025-06-05T22:52:06.679+0000][13.838s][info ][gc,heap     ] GC(58) Old regions: 96->99
[2025-06-05T22:52:06.679+0000][13.838s][info ][gc,heap     ] GC(58) Archive regions: 2->2
[2025-06-05T22:52:06.679+0000][13.839s][info ][gc,heap     ] GC(58) Humongous regions: 0->0
[2025-06-05T22:52:06.679+0000][13.839s][info ][gc,metaspace] GC(58) Metaspace: 117459K(118208K)->117459K(118208K) NonClass: 102390K(102784K)->102390K(102784K) Class: 15068K(15424K)->15068K(15424K)
[2025-06-05T22:52:06.679+0000][13.839s][info ][gc          ] GC(58) Pause Young (Normal) (G1 Evacuation Pause) 222M->107M(263M) 13.277ms
[2025-06-05T22:52:06.679+0000][13.839s][info ][gc,cpu      ] GC(58) User=0.03s Sys=0.00s Real=0.02s
[2025-06-05T22:52:06.679+0000][13.839s][info ][safepoint   ] Safepoint "G1CollectForAllocation", Time since last: 53901583 ns, Reaching safepoint: 178333 ns, Cleanup: 13000 ns, At safepoint: 13570917 ns, Total: 13762250 ns
[2025-06-05T22:52:07.159+0000][14.319s][debug][safepoint   ] Safepoint synchronization initiated using futex wait barrier. (42 threads)
[2025-06-05T22:52:07.160+0000][14.319s][info ][gc,start    ] GC(59) Pause Young (Normal) (G1 Evacuation Pause)
[2025-06-05T22:52:07.160+0000][14.319s][info ][gc,task     ] GC(59) Using 2 workers of 2 for evacuation
[2025-06-05T22:52:07.177+0000][14.336s][info ][gc,phases   ] GC(59)   Pre Evacuate Collection Set: 0.1ms
[2025-06-05T22:52:07.177+0000][14.336s][info ][gc,phases   ] GC(59)   Merge Heap Roots: 0.1ms
[2025-06-05T22:52:07.177+0000][14.336s][info ][gc,phases   ] GC(59)   Evacuate Collection Set: 15.2ms
[2025-06-05T22:52:07.177+0000][14.336s][info ][gc,phases   ] GC(59)   Post Evacuate Collection Set: 1.3ms
[2025-06-05T22:52:07.177+0000][14.336s][info ][gc,phases   ] GC(59)   Other: 0.3ms
[2025-06-05T22:52:07.177+0000][14.336s][info ][gc,heap     ] GC(59) Eden regions: 116->0(110)
[2025-06-05T22:52:07.177+0000][14.336s][info ][gc,heap     ] GC(59) Survivor regions: 9->11(16)
[2025-06-05T22:52:07.177+0000][14.337s][info ][gc,heap     ] GC(59) Old regions: 99->101
[2025-06-05T22:52:07.177+0000][14.337s][info ][gc,heap     ] GC(59) Archive regions: 2->2
[2025-06-05T22:52:07.177+0000][14.337s][info ][gc,heap     ] GC(59) Humongous regions: 0->0
[2025-06-05T22:52:07.177+0000][14.337s][info ][gc,metaspace] GC(59) Metaspace: 124778K(125632K)->124778K(125632K) NonClass: 108873K(109312K)->108873K(109312K) Class: 15905K(16320K)->15905K(16320K)
[2025-06-05T22:52:07.177+0000][14.337s][info ][gc          ] GC(59) Pause Young (Normal) (G1 Evacuation Pause) 223M->112M(263M) 17.843ms
[2025-06-05T22:52:07.177+0000][14.337s][info ][gc,cpu      ] GC(59) User=0.04s Sys=0.00s Real=0.02s
[2025-06-05T22:52:07.177+0000][14.337s][info ][safepoint   ] Safepoint "G1CollectForAllocation", Time since last: 479734917 ns, Reaching safepoint: 149375 ns, Cleanup: 148667 ns, At safepoint: 18011416 ns, Total: 18309458 ns
[2025-06-05T22:52:07.304+0000][14.463s][debug][safepoint   ] ... found polling page loop exception at pc = 0x0000ffff9900a464, stub =0x0000ffff9897ef00
[2025-06-05T22:52:07.313+0000][14.473s][debug][safepoint   ] Safepoint synchronization initiated using futex wait barrier. (42 threads)
[2025-06-05T22:52:07.314+0000][14.473s][info ][safepoint   ] Safepoint "ICBufferFull", Time since last: 135902792 ns, Reaching safepoint: 180333 ns, Cleanup: 117792 ns, At safepoint: 1583 ns, Total: 299708 ns
[2025-06-05T22:52:07.314+0000][14.473s][debug][safepoint   ] Safepoint synchronization initiated using futex wait barrier. (42 threads)
[2025-06-05T22:52:07.314+0000][14.473s][info ][safepoint   ] Safepoint "ICBufferFull", Time since last: 141375 ns, Reaching safepoint: 159167 ns, Cleanup: 4292 ns, At safepoint: 11083 ns, Total: 174542 ns
[2025-06-05T22:52:07.467+0000][14.627s][debug][safepoint   ] Safepoint synchronization initiated using futex wait barrier. (50 threads)
[2025-06-05T22:52:07.468+0000][14.627s][info ][gc,start    ] GC(60) Pause Young (Concurrent Start) (Metadata GC Threshold)
[2025-06-05T22:52:07.468+0000][14.627s][info ][gc,task     ] GC(60) Using 2 workers of 2 for evacuation
[2025-06-05T22:52:07.479+0000][14.638s][info ][gc,phases   ] GC(60)   Pre Evacuate Collection Set: 0.2ms
[2025-06-05T22:52:07.479+0000][14.639s][info ][gc,phases   ] GC(60)   Merge Heap Roots: 0.1ms
[2025-06-05T22:52:07.479+0000][14.639s][info ][gc,phases   ] GC(60)   Evacuate Collection Set: 9.9ms
[2025-06-05T22:52:07.479+0000][14.639s][info ][gc,phases   ] GC(60)   Post Evacuate Collection Set: 1.0ms
[2025-06-05T22:52:07.479+0000][14.639s][info ][gc,phases   ] GC(60)   Other: 0.2ms
[2025-06-05T22:52:07.479+0000][14.639s][info ][gc,heap     ] GC(60) Eden regions: 106->0(110)
[2025-06-05T22:52:07.479+0000][14.639s][info ][gc,heap     ] GC(60) Survivor regions: 11->9(16)
[2025-06-05T22:52:07.479+0000][14.639s][info ][gc,heap     ] GC(60) Old regions: 101->105
[2025-06-05T22:52:07.479+0000][14.639s][info ][gc,heap     ] GC(60) Archive regions: 2->2
[2025-06-05T22:52:07.479+0000][14.639s][info ][gc,heap     ] GC(60) Humongous regions: 1->0
[2025-06-05T22:52:07.479+0000][14.639s][info ][gc,metaspace] GC(60) Metaspace: 129450K(130368K)->129450K(130368K) NonClass: 113124K(113600K)->113124K(113600K) Class: 16325K(16768K)->16325K(16768K)
[2025-06-05T22:52:07.480+0000][14.639s][info ][gc          ] GC(60) Pause Young (Concurrent Start) (Metadata GC Threshold) 218M->113M(263M) 11.938ms
[2025-06-05T22:52:07.480+0000][14.639s][info ][gc,cpu      ] GC(60) User=0.02s Sys=0.00s Real=0.01s
[2025-06-05T22:52:07.480+0000][14.639s][info ][gc          ] GC(61) Concurrent Mark Cycle
[2025-06-05T22:52:07.480+0000][14.639s][info ][gc,marking  ] GC(61) Concurrent Clear Claimed Marks
[2025-06-05T22:52:07.480+0000][14.639s][info ][safepoint   ] Safepoint "CollectForMetadataAllocation", Time since last: 153290500 ns, Reaching safepoint: 187417 ns, Cleanup: 78125 ns, At safepoint: 12099291 ns, Total: 12364833 ns
[2025-06-05T22:52:07.480+0000][14.639s][info ][gc,marking  ] GC(61) Concurrent Clear Claimed Marks 0.192ms
[2025-06-05T22:52:07.480+0000][14.640s][info ][gc,marking  ] GC(61) Concurrent Scan Root Regions
[2025-06-05T22:52:07.487+0000][14.646s][debug][safepoint   ] Safepoint synchronization initiated using futex wait barrier. (50 threads)
[2025-06-05T22:52:07.487+0000][14.647s][info ][safepoint   ] Safepoint "CollectForMetadataAllocation", Time since last: 7180750 ns, Reaching safepoint: 176667 ns, Cleanup: 11292 ns, At safepoint: 37583 ns, Total: 225542 ns
[2025-06-05T22:52:07.488+0000][14.648s][info ][gc,marking  ] GC(61) Concurrent Scan Root Regions 7.745ms
[2025-06-05T22:52:07.491+0000][14.651s][info ][gc,marking  ] GC(61) Concurrent Mark
[2025-06-05T22:52:07.491+0000][14.651s][info ][gc,marking  ] GC(61) Concurrent Mark From Roots
[2025-06-05T22:52:07.491+0000][14.651s][info ][gc,task     ] GC(61) Using 1 workers of 1 for marking
[2025-06-05T22:52:07.539+0000][14.699s][debug][safepoint   ] Safepoint synchronization initiated using futex wait barrier. (50 threads)
[2025-06-05T22:52:07.540+0000][14.699s][info ][safepoint   ] Safepoint "CollectForMetadataAllocation", Time since last: 52402375 ns, Reaching safepoint: 224042 ns, Cleanup: 61791 ns, At safepoint: 42084 ns, Total: 327917 ns
[2025-06-05T22:52:07.621+0000][14.781s][info ][gc,marking  ] GC(61) Concurrent Mark From Roots 129.880ms
[2025-06-05T22:52:07.622+0000][14.782s][info ][gc,marking  ] GC(61) Concurrent Preclean
[2025-06-05T22:52:07.622+0000][14.782s][info ][gc,marking  ] GC(61) Concurrent Preclean 0.409ms
[2025-06-05T22:52:07.623+0000][14.782s][debug][safepoint   ] Safepoint synchronization initiated using futex wait barrier. (50 threads)
[2025-06-05T22:52:07.623+0000][14.782s][info ][gc,start    ] GC(61) Pause Remark
[2025-06-05T22:52:07.630+0000][14.790s][info ][gc          ] GC(61) Pause Remark 149M->149M(263M) 7.356ms
[2025-06-05T22:52:07.630+0000][14.790s][info ][gc,cpu      ] GC(61) User=0.01s Sys=0.00s Real=0.01s
[2025-06-05T22:52:07.630+0000][14.790s][info ][safepoint   ] Safepoint "G1PauseRemark", Time since last: 82809208 ns, Reaching safepoint: 173875 ns, Cleanup: 17583 ns, At safepoint: 7663834 ns, Total: 7855292 ns
[2025-06-05T22:52:07.632+0000][14.792s][info ][gc,marking  ] GC(61) Concurrent Mark 141.001ms
[2025-06-05T22:52:07.632+0000][14.792s][info ][gc,marking  ] GC(61) Concurrent Rebuild Remembered Sets
[2025-06-05T22:52:07.725+0000][14.884s][info ][gc,marking  ] GC(61) Concurrent Rebuild Remembered Sets 92.708ms
[2025-06-05T22:52:07.725+0000][14.885s][debug][safepoint   ] Safepoint synchronization initiated using futex wait barrier. (50 threads)
[2025-06-05T22:52:07.728+0000][14.888s][info ][gc,start    ] GC(61) Pause Cleanup
[2025-06-05T22:52:07.728+0000][14.888s][info ][gc          ] GC(61) Pause Cleanup 172M->172M(263M) 0.197ms
[2025-06-05T22:52:07.728+0000][14.888s][info ][gc,cpu      ] GC(61) User=0.00s Sys=0.00s Real=0.00s
[2025-06-05T22:52:07.728+0000][14.888s][info ][safepoint   ] Safepoint "G1PauseCleanup", Time since last: 94700416 ns, Reaching safepoint: 2985917 ns, Cleanup: 18542 ns, At safepoint: 294375 ns, Total: 3298834 ns
[2025-06-05T22:52:07.729+0000][14.888s][info ][gc,marking  ] GC(61) Concurrent Cleanup for Next Mark
[2025-06-05T22:52:07.732+0000][14.892s][info ][gc,marking  ] GC(61) Concurrent Cleanup for Next Mark 3.701ms
[2025-06-05T22:52:07.732+0000][14.892s][info ][gc          ] GC(61) Concurrent Mark Cycle 252.786ms
[2025-06-05T22:52:07.877+0000][15.036s][debug][safepoint   ] Safepoint synchronization initiated using futex wait barrier. (50 threads)
[2025-06-05T22:52:07.877+0000][15.036s][info ][gc,start    ] GC(62) Pause Young (Prepare Mixed) (G1 Evacuation Pause)
[2025-06-05T22:52:07.877+0000][15.036s][info ][gc,task     ] GC(62) Using 2 workers of 2 for evacuation
[2025-06-05T22:52:07.897+0000][15.057s][info ][gc,phases   ] GC(62)   Pre Evacuate Collection Set: 0.1ms
[2025-06-05T22:52:07.898+0000][15.057s][info ][gc,phases   ] GC(62)   Merge Heap Roots: 0.2ms
[2025-06-05T22:52:07.898+0000][15.057s][info ][gc,phases   ] GC(62)   Evacuate Collection Set: 19.2ms
[2025-06-05T22:52:07.898+0000][15.057s][info ][gc,phases   ] GC(62)   Post Evacuate Collection Set: 1.0ms
[2025-06-05T22:52:07.898+0000][15.057s][info ][gc,phases   ] GC(62)   Other: 0.2ms
[2025-06-05T22:52:07.898+0000][15.057s][info ][gc,heap     ] GC(62) Eden regions: 110->0(2)
[2025-06-05T22:52:07.898+0000][15.057s][info ][gc,heap     ] GC(62) Survivor regions: 9->11(15)
[2025-06-05T22:52:07.898+0000][15.057s][info ][gc,heap     ] GC(62) Old regions: 105->107
[2025-06-05T22:52:07.898+0000][15.057s][info ][gc,heap     ] GC(62) Archive regions: 2->2
[2025-06-05T22:52:07.898+0000][15.057s][info ][gc,heap     ] GC(62) Humongous regions: 0->0
[2025-06-05T22:52:07.898+0000][15.057s][info ][gc,metaspace] GC(62) Metaspace: 131308K(132352K)->131308K(132352K) NonClass: 114858K(115392K)->114858K(115392K) Class: 16450K(16960K)->16450K(16960K)
[2025-06-05T22:52:07.898+0000][15.057s][info ][gc          ] GC(62) Pause Young (Prepare Mixed) (G1 Evacuation Pause) 223M->118M(263M) 21.238ms
[2025-06-05T22:52:07.898+0000][15.058s][info ][gc,cpu      ] GC(62) User=0.03s Sys=0.00s Real=0.02s
[2025-06-05T22:52:07.898+0000][15.058s][info ][safepoint   ] Safepoint "G1CollectForAllocation", Time since last: 148074875 ns, Reaching safepoint: 150750 ns, Cleanup: 42667 ns, At safepoint: 21387708 ns, Total: 21581125 ns
[2025-06-05T22:52:07.907+0000][15.066s][debug][safepoint   ] Safepoint synchronization initiated using futex wait barrier. (50 threads)
[2025-06-05T22:52:07.907+0000][15.066s][info ][gc,start    ] GC(63) Pause Young (Mixed) (G1 Evacuation Pause)
[2025-06-05T22:52:07.907+0000][15.066s][info ][gc,task     ] GC(63) Using 2 workers of 2 for evacuation
[2025-06-05T22:52:07.922+0000][15.081s][info ][gc,phases   ] GC(63)   Pre Evacuate Collection Set: 0.1ms
[2025-06-05T22:52:07.922+0000][15.082s][info ][gc,phases   ] GC(63)   Merge Heap Roots: 0.1ms
[2025-06-05T22:52:07.922+0000][15.082s][info ][gc,phases   ] GC(63)   Evacuate Collection Set: 13.3ms
[2025-06-05T22:52:07.922+0000][15.082s][info ][gc,phases   ] GC(63)   Post Evacuate Collection Set: 1.2ms
[2025-06-05T22:52:07.922+0000][15.082s][info ][gc,phases   ] GC(63)   Other: 0.2ms
[2025-06-05T22:52:07.922+0000][15.082s][info ][gc,heap     ] GC(63) Eden regions: 2->0(129)
[2025-06-05T22:52:07.922+0000][15.082s][info ][gc,heap     ] GC(63) Survivor regions: 11->1(2)
[2025-06-05T22:52:07.922+0000][15.082s][info ][gc,heap     ] GC(63) Old regions: 107->116
[2025-06-05T22:52:07.922+0000][15.082s][info ][gc,heap     ] GC(63) Archive regions: 2->2
[2025-06-05T22:52:07.923+0000][15.082s][info ][gc,heap     ] GC(63) Humongous regions: 0->0
[2025-06-05T22:52:07.923+0000][15.082s][info ][gc,metaspace] GC(63) Metaspace: 131346K(132352K)->131346K(132352K) NonClass: 114890K(115392K)->114890K(115392K) Class: 16456K(16960K)->16456K(16960K)
[2025-06-05T22:52:07.923+0000][15.082s][info ][gc          ] GC(63) Pause Young (Mixed) (G1 Evacuation Pause) 120M->117M(294M) 15.666ms
[2025-06-05T22:52:07.923+0000][15.082s][info ][gc,cpu      ] GC(63) User=0.03s Sys=0.00s Real=0.01s
[2025-06-05T22:52:07.923+0000][15.082s][info ][safepoint   ] Safepoint "G1CollectForAllocation", Time since last: 8715000 ns, Reaching safepoint: 89917 ns, Cleanup: 8250 ns, At safepoint: 15793166 ns, Total: 15891333 ns
[2025-06-05T22:52:08.199+0000][15.358s][debug][safepoint   ] Safepoint synchronization initiated using futex wait barrier. (50 threads)
[2025-06-05T22:52:08.199+0000][15.358s][info ][gc,start    ] GC(64) Pause Young (Concurrent Start) (G1 Evacuation Pause)
[2025-06-05T22:52:08.199+0000][15.359s][info ][gc,task     ] GC(64) Using 2 workers of 2 for evacuation
[2025-06-05T22:52:08.213+0000][15.372s][info ][gc,phases   ] GC(64)   Pre Evacuate Collection Set: 0.4ms
[2025-06-05T22:52:08.213+0000][15.372s][info ][gc,phases   ] GC(64)   Merge Heap Roots: 0.1ms
[2025-06-05T22:52:08.213+0000][15.372s][info ][gc,phases   ] GC(64)   Evacuate Collection Set: 11.8ms
[2025-06-05T22:52:08.213+0000][15.372s][info ][gc,phases   ] GC(64)   Post Evacuate Collection Set: 1.2ms
[2025-06-05T22:52:08.213+0000][15.372s][info ][gc,phases   ] GC(64)   Other: 0.3ms
[2025-06-05T22:52:08.213+0000][15.373s][info ][gc,heap     ] GC(64) Eden regions: 129->0(129)
[2025-06-05T22:52:08.213+0000][15.373s][info ][gc,heap     ] GC(64) Survivor regions: 1->3(17)
[2025-06-05T22:52:08.213+0000][15.373s][info ][gc,heap     ] GC(64) Old regions: 116->116
[2025-06-05T22:52:08.214+0000][15.373s][info ][gc,heap     ] GC(64) Archive regions: 2->2
[2025-06-05T22:52:08.214+0000][15.373s][info ][gc,heap     ] GC(64) Humongous regions: 0->0
[2025-06-05T22:52:08.214+0000][15.373s][info ][gc,metaspace] GC(64) Metaspace: 134029K(135040K)->134029K(135040K) NonClass: 117298K(117824K)->117298K(117824K) Class: 16730K(17216K)->16730K(17216K)
[2025-06-05T22:52:08.214+0000][15.373s][info ][gc          ] GC(64) Pause Young (Concurrent Start) (G1 Evacuation Pause) 246M->118M(294M) 14.755ms
[2025-06-05T22:52:08.214+0000][15.373s][info ][gc,cpu      ] GC(64) User=0.03s Sys=0.00s Real=0.01s
[2025-06-05T22:52:08.214+0000][15.373s][info ][gc          ] GC(65) Concurrent Mark Cycle
[2025-06-05T22:52:08.214+0000][15.374s][info ][gc,marking  ] GC(65) Concurrent Clear Claimed Marks
[2025-06-05T22:52:08.214+0000][15.373s][info ][safepoint   ] Safepoint "G1CollectForAllocation", Time since last: 275969000 ns, Reaching safepoint: 211125 ns, Cleanup: 76042 ns, At safepoint: 14926292 ns, Total: 15213459 ns
[2025-06-05T22:52:08.214+0000][15.374s][info ][gc,marking  ] GC(65) Concurrent Clear Claimed Marks 0.289ms
[2025-06-05T22:52:08.217+0000][15.377s][info ][gc,marking  ] GC(65) Concurrent Scan Root Regions
[2025-06-05T22:52:08.220+0000][15.380s][info ][gc,marking  ] GC(65) Concurrent Scan Root Regions 2.660ms
[2025-06-05T22:52:08.220+0000][15.380s][info ][gc,marking  ] GC(65) Concurrent Mark
[2025-06-05T22:52:08.220+0000][15.380s][info ][gc,marking  ] GC(65) Concurrent Mark From Roots
[2025-06-05T22:52:08.220+0000][15.380s][info ][gc,task     ] GC(65) Using 1 workers of 1 for marking
[2025-06-05T22:52:08.354+0000][15.514s][info ][gc,marking  ] GC(65) Concurrent Mark From Roots 133.909ms
[2025-06-05T22:52:08.358+0000][15.517s][info ][gc,marking  ] GC(65) Concurrent Preclean
[2025-06-05T22:52:08.358+0000][15.518s][info ][gc,marking  ] GC(65) Concurrent Preclean 0.342ms
[2025-06-05T22:52:08.358+0000][15.518s][debug][safepoint   ] Safepoint synchronization initiated using futex wait barrier. (50 threads)
[2025-06-05T22:52:08.360+0000][15.519s][info ][gc,start    ] GC(65) Pause Remark
[2025-06-05T22:52:08.366+0000][15.526s][info ][gc          ] GC(65) Pause Remark 182M->182M(309M) 6.283ms
[2025-06-05T22:52:08.366+0000][15.526s][info ][gc,cpu      ] GC(65) User=0.01s Sys=0.00s Real=0.01s
[2025-06-05T22:52:08.366+0000][15.526s][info ][safepoint   ] Safepoint "G1PauseRemark", Time since last: 144565791 ns, Reaching safepoint: 1392292 ns, Cleanup: 13417 ns, At safepoint: 6524208 ns, Total: 7929917 ns
[2025-06-05T22:52:08.367+0000][15.526s][info ][gc,marking  ] GC(65) Concurrent Mark 146.269ms
[2025-06-05T22:52:08.369+0000][15.528s][info ][gc,marking  ] GC(65) Concurrent Rebuild Remembered Sets
[2025-06-05T22:52:08.497+0000][15.656s][info ][gc,marking  ] GC(65) Concurrent Rebuild Remembered Sets 127.650ms
[2025-06-05T22:52:08.498+0000][15.657s][debug][safepoint   ] Safepoint synchronization initiated using futex wait barrier. (51 threads)
[2025-06-05T22:52:08.498+0000][15.658s][info ][gc,start    ] GC(65) Pause Cleanup
[2025-06-05T22:52:08.498+0000][15.658s][info ][gc          ] GC(65) Pause Cleanup 219M->219M(309M) 0.162ms
[2025-06-05T22:52:08.498+0000][15.658s][info ][gc,cpu      ] GC(65) User=0.00s Sys=0.00s Real=0.00s
[2025-06-05T22:52:08.498+0000][15.658s][info ][safepoint   ] Safepoint "G1PauseCleanup", Time since last: 131438917 ns, Reaching safepoint: 107375 ns, Cleanup: 55500 ns, At safepoint: 303375 ns, Total: 466250 ns
[2025-06-05T22:52:08.498+0000][15.658s][info ][gc,marking  ] GC(65) Concurrent Cleanup for Next Mark
[2025-06-05T22:52:08.502+0000][15.662s][info ][gc,marking  ] GC(65) Concurrent Cleanup for Next Mark 3.972ms
[2025-06-05T22:52:08.503+0000][15.662s][info ][gc          ] GC(65) Concurrent Mark Cycle 288.621ms
[2025-06-05T22:52:08.565+0000][15.725s][debug][safepoint   ] Safepoint synchronization initiated using futex wait barrier. (51 threads)
[2025-06-05T22:52:08.566+0000][15.725s][info ][gc,start    ] GC(66) Pause Young (Prepare Mixed) (G1 Evacuation Pause)
[2025-06-05T22:52:08.566+0000][15.725s][info ][gc,task     ] GC(66) Using 2 workers of 2 for evacuation
[2025-06-05T22:52:08.572+0000][15.732s][info ][gc,phases   ] GC(66)   Pre Evacuate Collection Set: 0.1ms
[2025-06-05T22:52:08.572+0000][15.732s][info ][gc,phases   ] GC(66)   Merge Heap Roots: 0.1ms
[2025-06-05T22:52:08.572+0000][15.732s][info ][gc,phases   ] GC(66)   Evacuate Collection Set: 5.2ms
[2025-06-05T22:52:08.572+0000][15.732s][info ][gc,phases   ] GC(66)   Post Evacuate Collection Set: 1.0ms
[2025-06-05T22:52:08.573+0000][15.732s][info ][gc,phases   ] GC(66)   Other: 0.2ms
[2025-06-05T22:52:08.573+0000][15.732s][info ][gc,heap     ] GC(66) Eden regions: 129->0(10)
[2025-06-05T22:52:08.573+0000][15.732s][info ][gc,heap     ] GC(66) Survivor regions: 3->5(17)
[2025-06-05T22:52:08.573+0000][15.732s][info ][gc,heap     ] GC(66) Old regions: 116->116
[2025-06-05T22:52:08.573+0000][15.732s][info ][gc,heap     ] GC(66) Archive regions: 2->2
[2025-06-05T22:52:08.573+0000][15.732s][info ][gc,heap     ] GC(66) Humongous regions: 0->0
[2025-06-05T22:52:08.573+0000][15.732s][info ][gc,metaspace] GC(66) Metaspace: 136688K(137728K)->136688K(137728K) NonClass: 119655K(120192K)->119655K(120192K) Class: 17032K(17536K)->17032K(17536K)
[2025-06-05T22:52:08.573+0000][15.732s][info ][gc          ] GC(66) Pause Young (Prepare Mixed) (G1 Evacuation Pause) 247M->120M(309M) 7.381ms
[2025-06-05T22:52:08.573+0000][15.732s][info ][gc,cpu      ] GC(66) User=0.01s Sys=0.00s Real=0.01s
[2025-06-05T22:52:08.573+0000][15.733s][info ][safepoint   ] Safepoint "G1CollectForAllocation", Time since last: 66964208 ns, Reaching safepoint: 225459 ns, Cleanup: 22083 ns, At safepoint: 7522208 ns, Total: 7769750 ns
[2025-06-05T22:52:08.601+0000][15.760s][debug][safepoint   ] Safepoint synchronization initiated using futex wait barrier. (51 threads)
[2025-06-05T22:52:08.601+0000][15.760s][info ][gc,start    ] GC(67) Pause Young (Mixed) (G1 Evacuation Pause)
[2025-06-05T22:52:08.601+0000][15.761s][info ][gc,task     ] GC(67) Using 2 workers of 2 for evacuation
[2025-06-05T22:52:08.612+0000][15.771s][info ][gc,phases   ] GC(67)   Pre Evacuate Collection Set: 0.1ms
[2025-06-05T22:52:08.612+0000][15.772s][info ][gc,phases   ] GC(67)   Merge Heap Roots: 0.1ms
[2025-06-05T22:52:08.612+0000][15.772s][info ][gc,phases   ] GC(67)   Evacuate Collection Set: 9.5ms
[2025-06-05T22:52:08.612+0000][15.772s][info ][gc,phases   ] GC(67)   Post Evacuate Collection Set: 1.0ms
[2025-06-05T22:52:08.612+0000][15.772s][info ][gc,phases   ] GC(67)   Other: 0.2ms
[2025-06-05T22:52:08.612+0000][15.772s][info ][gc,heap     ] GC(67) Eden regions: 10->0(141)
[2025-06-05T22:52:08.612+0000][15.772s][info ][gc,heap     ] GC(67) Survivor regions: 5->1(2)
[2025-06-05T22:52:08.612+0000][15.772s][info ][gc,heap     ] GC(67) Old regions: 116->119
[2025-06-05T22:52:08.612+0000][15.772s][info ][gc,heap     ] GC(67) Archive regions: 2->2
[2025-06-05T22:52:08.612+0000][15.772s][info ][gc,heap     ] GC(67) Humongous regions: 0->0
[2025-06-05T22:52:08.612+0000][15.772s][info ][gc,metaspace] GC(67) Metaspace: 136719K(137728K)->136719K(137728K) NonClass: 119683K(120192K)->119683K(120192K) Class: 17035K(17536K)->17035K(17536K)
[2025-06-05T22:52:08.613+0000][15.772s][info ][gc          ] GC(67) Pause Young (Mixed) (G1 Evacuation Pause) 130M->119M(309M) 11.498ms
[2025-06-05T22:52:08.613+0000][15.772s][info ][gc,cpu      ] GC(67) User=0.03s Sys=0.00s Real=0.01s
[2025-06-05T22:52:08.613+0000][15.772s][info ][safepoint   ] Safepoint "G1CollectForAllocation", Time since last: 27714584 ns, Reaching safepoint: 210250 ns, Cleanup: 14625 ns, At safepoint: 11618833 ns, Total: 11843708 ns
[2025-06-05T22:52:08.985+0000][16.144s][debug][safepoint   ] Safepoint synchronization initiated using futex wait barrier. (55 threads)
[2025-06-05T22:52:08.985+0000][16.144s][info ][gc,start    ] GC(68) Pause Young (Normal) (G1 Evacuation Pause)
[2025-06-05T22:52:08.985+0000][16.145s][info ][gc,task     ] GC(68) Using 2 workers of 2 for evacuation
[2025-06-05T22:52:08.997+0000][16.156s][info ][gc,phases   ] GC(68)   Pre Evacuate Collection Set: 0.1ms
[2025-06-05T22:52:08.997+0000][16.156s][info ][gc,phases   ] GC(68)   Merge Heap Roots: 0.1ms
[2025-06-05T22:52:08.997+0000][16.157s][info ][gc,phases   ] GC(68)   Evacuate Collection Set: 10.5ms
[2025-06-05T22:52:08.997+0000][16.157s][info ][gc,phases   ] GC(68)   Post Evacuate Collection Set: 1.0ms
[2025-06-05T22:52:08.997+0000][16.157s][info ][gc,phases   ] GC(68)   Other: 0.2ms
[2025-06-05T22:52:08.997+0000][16.157s][info ][gc,heap     ] GC(68) Eden regions: 141->0(137)
[2025-06-05T22:52:08.997+0000][16.157s][info ][gc,heap     ] GC(68) Survivor regions: 1->6(18)
[2025-06-05T22:52:08.997+0000][16.157s][info ][gc,heap     ] GC(68) Old regions: 119->119
[2025-06-05T22:52:08.997+0000][16.157s][info ][gc,heap     ] GC(68) Archive regions: 2->2
[2025-06-05T22:52:08.997+0000][16.157s][info ][gc,heap     ] GC(68) Humongous regions: 0->0
[2025-06-05T22:52:08.997+0000][16.157s][info ][gc,metaspace] GC(68) Metaspace: 139458K(140544K)->139458K(140544K) NonClass: 122253K(122816K)->122253K(122816K) Class: 17205K(17728K)->17205K(17728K)
[2025-06-05T22:52:08.997+0000][16.157s][info ][gc          ] GC(68) Pause Young (Normal) (G1 Evacuation Pause) 260M->124M(309M) 12.477ms
[2025-06-05T22:52:08.998+0000][16.157s][info ][gc,cpu      ] GC(68) User=0.02s Sys=0.00s Real=0.02s
[2025-06-05T22:52:08.998+0000][16.157s][info ][safepoint   ] Safepoint "G1CollectForAllocation", Time since last: 372077667 ns, Reaching safepoint: 228958 ns, Cleanup: 69417 ns, At safepoint: 12637791 ns, Total: 12936166 ns
[2025-06-05T22:52:09.323+0000][16.482s][info ][cds,heap    ] initialize_from_archived_subgraph jdk.internal.math.FDBigInteger 0x000000d80014c8e8
[2025-06-05T22:52:09.361+0000][16.520s][debug][safepoint   ] Safepoint synchronization initiated using futex wait barrier. (61 threads)
[2025-06-05T22:52:09.361+0000][16.521s][info ][safepoint   ] Safepoint "ICBufferFull", Time since last: 363130626 ns, Reaching safepoint: 199958 ns, Cleanup: 89542 ns, At safepoint: 1791 ns, Total: 291291 ns
[2025-06-05T22:52:09.418+0000][16.577s][debug][safepoint   ] Safepoint synchronization initiated using futex wait barrier. (61 threads)
[2025-06-05T22:52:09.418+0000][16.577s][info ][gc,start    ] GC(69) Pause Young (Normal) (G1 Evacuation Pause)
[2025-06-05T22:52:09.418+0000][16.577s][info ][gc,task     ] GC(69) Using 2 workers of 2 for evacuation
[2025-06-05T22:52:09.428+0000][16.587s][info ][gc,phases   ] GC(69)   Pre Evacuate Collection Set: 0.1ms
[2025-06-05T22:52:09.428+0000][16.587s][info ][gc,phases   ] GC(69)   Merge Heap Roots: 0.1ms
[2025-06-05T22:52:09.428+0000][16.587s][info ][gc,phases   ] GC(69)   Evacuate Collection Set: 8.5ms
[2025-06-05T22:52:09.428+0000][16.587s][info ][gc,phases   ] GC(69)   Post Evacuate Collection Set: 1.1ms
[2025-06-05T22:52:09.428+0000][16.588s][info ][gc,phases   ] GC(69)   Other: 0.2ms
[2025-06-05T22:52:09.428+0000][16.588s][info ][gc,heap     ] GC(69) Eden regions: 137->0(135)
[2025-06-05T22:52:09.428+0000][16.588s][info ][gc,heap     ] GC(69) Survivor regions: 6->9(18)
[2025-06-05T22:52:09.428+0000][16.588s][info ][gc,heap     ] GC(69) Old regions: 119->119
[2025-06-05T22:52:09.428+0000][16.588s][info ][gc,heap     ] GC(69) Archive regions: 2->2
[2025-06-05T22:52:09.428+0000][16.588s][info ][gc,heap     ] GC(69) Humongous regions: 0->0
[2025-06-05T22:52:09.428+0000][16.588s][info ][gc,metaspace] GC(69) Metaspace: 145622K(146688K)->145622K(146688K) NonClass: 127734K(128320K)->127734K(128320K) Class: 17888K(18368K)->17888K(18368K)
[2025-06-05T22:52:09.428+0000][16.588s][info ][gc          ] GC(69) Pause Young (Normal) (G1 Evacuation Pause) 261M->127M(309M) 10.607ms
[2025-06-05T22:52:09.428+0000][16.588s][info ][gc,cpu      ] GC(69) User=0.02s Sys=0.00s Real=0.01s
[2025-06-05T22:52:09.429+0000][16.588s][info ][safepoint   ] Safepoint "G1CollectForAllocation", Time since last: 56535000 ns, Reaching safepoint: 171125 ns, Cleanup: 21917 ns, At safepoint: 10763833 ns, Total: 10956875 ns
[2025-06-05T22:52:09.474+0000][16.633s][debug][safepoint   ] Safepoint synchronization initiated using futex wait barrier. (61 threads)
[2025-06-05T22:52:09.474+0000][16.634s][info ][safepoint   ] Safepoint "ICBufferFull", Time since last: 45304125 ns, Reaching safepoint: 187459 ns, Cleanup: 73166 ns, At safepoint: 1500 ns, Total: 262125 ns
[2025-06-05T22:52:09.750+0000][16.910s][debug][safepoint   ] Safepoint synchronization initiated using futex wait barrier. (71 threads)
[2025-06-05T22:52:09.750+0000][16.910s][info ][gc,start    ] GC(70) Pause Young (Normal) (G1 Evacuation Pause)
[2025-06-05T22:52:09.751+0000][16.910s][info ][gc,task     ] GC(70) Using 2 workers of 2 for evacuation
[2025-06-05T22:52:09.762+0000][16.921s][info ][gc,phases   ] GC(70)   Pre Evacuate Collection Set: 0.1ms
[2025-06-05T22:52:09.762+0000][16.922s][info ][gc,phases   ] GC(70)   Merge Heap Roots: 0.1ms
[2025-06-05T22:52:09.762+0000][16.922s][info ][gc,phases   ] GC(70)   Evacuate Collection Set: 10.0ms
[2025-06-05T22:52:09.762+0000][16.922s][info ][gc,phases   ] GC(70)   Post Evacuate Collection Set: 1.2ms
[2025-06-05T22:52:09.762+0000][16.922s][info ][gc,phases   ] GC(70)   Other: 0.2ms
[2025-06-05T22:52:09.762+0000][16.922s][info ][gc,heap     ] GC(70) Eden regions: 135->0(134)
[2025-06-05T22:52:09.762+0000][16.922s][info ][gc,heap     ] GC(70) Survivor regions: 9->11(18)
[2025-06-05T22:52:09.762+0000][16.922s][info ][gc,heap     ] GC(70) Old regions: 119->119
[2025-06-05T22:52:09.762+0000][16.922s][info ][gc,heap     ] GC(70) Archive regions: 2->2
[2025-06-05T22:52:09.762+0000][16.922s][info ][gc,heap     ] GC(70) Humongous regions: 0->0
[2025-06-05T22:52:09.763+0000][16.922s][info ][gc,metaspace] GC(70) Metaspace: 148015K(149056K)->148015K(149056K) NonClass: 129844K(130368K)->129844K(130368K) Class: 18171K(18688K)->18171K(18688K)
[2025-06-05T22:52:09.763+0000][16.922s][info ][gc          ] GC(70) Pause Young (Normal) (G1 Evacuation Pause) 262M->129M(309M) 12.171ms
[2025-06-05T22:52:09.763+0000][16.922s][info ][gc,cpu      ] GC(70) User=0.04s Sys=0.00s Real=0.01s
[2025-06-05T22:52:09.763+0000][16.922s][info ][safepoint   ] Safepoint "G1CollectForAllocation", Time since last: 276008084 ns, Reaching safepoint: 220416 ns, Cleanup: 92542 ns, At safepoint: 12322333 ns, Total: 12635291 ns
[2025-06-05T22:52:09.942+0000][17.101s][debug][safepoint   ] Safepoint synchronization initiated using futex wait barrier. (71 threads)
[2025-06-05T22:52:09.942+0000][17.102s][info ][safepoint   ] Safepoint "ICBufferFull", Time since last: 178962167 ns, Reaching safepoint: 228709 ns, Cleanup: 108375 ns, At safepoint: 3250 ns, Total: 340334 ns
[2025-06-05T22:52:10.039+0000][17.198s][debug][safepoint   ] Safepoint synchronization initiated using futex wait barrier. (71 threads)
[2025-06-05T22:52:10.039+0000][17.199s][info ][gc,start    ] GC(71) Pause Young (Normal) (G1 Evacuation Pause)
[2025-06-05T22:52:10.039+0000][17.199s][info ][gc,task     ] GC(71) Using 2 workers of 2 for evacuation
[2025-06-05T22:52:10.053+0000][17.212s][info ][gc,phases   ] GC(71)   Pre Evacuate Collection Set: 0.1ms
[2025-06-05T22:52:10.053+0000][17.212s][info ][gc,phases   ] GC(71)   Merge Heap Roots: 0.1ms
[2025-06-05T22:52:10.053+0000][17.212s][info ][gc,phases   ] GC(71)   Evacuate Collection Set: 12.2ms
[2025-06-05T22:52:10.053+0000][17.212s][info ][gc,phases   ] GC(71)   Post Evacuate Collection Set: 1.1ms
[2025-06-05T22:52:10.053+0000][17.212s][info ][gc,phases   ] GC(71)   Other: 0.2ms
[2025-06-05T22:52:10.053+0000][17.213s][info ][gc,heap     ] GC(71) Eden regions: 134->0(132)
[2025-06-05T22:52:10.053+0000][17.213s][info ][gc,heap     ] GC(71) Survivor regions: 11->9(19)
[2025-06-05T22:52:10.053+0000][17.213s][info ][gc,heap     ] GC(71) Old regions: 119->124
[2025-06-05T22:52:10.053+0000][17.213s][info ][gc,heap     ] GC(71) Archive regions: 2->2
[2025-06-05T22:52:10.053+0000][17.213s][info ][gc,heap     ] GC(71) Humongous regions: 0->0
[2025-06-05T22:52:10.053+0000][17.213s][info ][gc,metaspace] GC(71) Metaspace: 149780K(150848K)->149780K(150848K) NonClass: 131365K(131904K)->131365K(131904K) Class: 18414K(18944K)->18414K(18944K)
[2025-06-05T22:52:10.053+0000][17.213s][info ][gc          ] GC(71) Pause Young (Normal) (G1 Evacuation Pause) 263M->132M(309M) 14.227ms
[2025-06-05T22:52:10.053+0000][17.213s][info ][gc,cpu      ] GC(71) User=0.03s Sys=0.00s Real=0.01s
[2025-06-05T22:52:10.053+0000][17.213s][info ][safepoint   ] Safepoint "G1CollectForAllocation", Time since last: 96752125 ns, Reaching safepoint: 199250 ns, Cleanup: 80416 ns, At safepoint: 14405417 ns, Total: 14685083 ns
[2025-06-05T22:52:10.312+0000][17.471s][debug][safepoint   ] Safepoint synchronization initiated using futex wait barrier. (71 threads)
[2025-06-05T22:52:10.312+0000][17.471s][info ][safepoint   ] Safepoint "ICBufferFull", Time since last: 258067292 ns, Reaching safepoint: 154250 ns, Cleanup: 111416 ns, At safepoint: 3917 ns, Total: 269583 ns
[2025-06-05T22:52:10.341+0000][17.500s][debug][safepoint   ] Safepoint synchronization initiated using futex wait barrier. (71 threads)
[2025-06-05T22:52:10.341+0000][17.500s][info ][gc,start    ] GC(72) Pause Young (Normal) (G1 Evacuation Pause)
[2025-06-05T22:52:10.341+0000][17.501s][info ][gc,task     ] GC(72) Using 2 workers of 2 for evacuation
[2025-06-05T22:52:10.355+0000][17.515s][info ][gc,phases   ] GC(72)   Pre Evacuate Collection Set: 0.1ms
[2025-06-05T22:52:10.355+0000][17.515s][info ][gc,phases   ] GC(72)   Merge Heap Roots: 0.1ms
[2025-06-05T22:52:10.356+0000][17.515s][info ][gc,phases   ] GC(72)   Evacuate Collection Set: 12.0ms
[2025-06-05T22:52:10.356+0000][17.515s][info ][gc,phases   ] GC(72)   Post Evacuate Collection Set: 2.0ms
[2025-06-05T22:52:10.356+0000][17.515s][info ][gc,phases   ] GC(72)   Other: 0.2ms
[2025-06-05T22:52:10.356+0000][17.515s][info ][gc,heap     ] GC(72) Eden regions: 132->0(308)
[2025-06-05T22:52:10.356+0000][17.515s][info ][gc,heap     ] GC(72) Survivor regions: 9->13(18)
[2025-06-05T22:52:10.356+0000][17.515s][info ][gc,heap     ] GC(72) Old regions: 124->124
[2025-06-05T22:52:10.356+0000][17.515s][info ][gc,heap     ] GC(72) Archive regions: 2->2
[2025-06-05T22:52:10.356+0000][17.515s][info ][gc,heap     ] GC(72) Humongous regions: 0->0
[2025-06-05T22:52:10.356+0000][17.515s][info ][gc,metaspace] GC(72) Metaspace: 150634K(151744K)->150634K(151744K) NonClass: 132080K(132672K)->132080K(132672K) Class: 18553K(19072K)->18553K(19072K)
[2025-06-05T22:52:10.356+0000][17.515s][info ][gc          ] GC(72) Pause Young (Normal) (G1 Evacuation Pause) 264M->136M(536M) 14.986ms
[2025-06-05T22:52:10.356+0000][17.516s][info ][gc,cpu      ] GC(72) User=0.03s Sys=0.00s Real=0.02s
[2025-06-05T22:52:10.356+0000][17.516s][info ][safepoint   ] Safepoint "G1CollectForAllocation", Time since last: 28912958 ns, Reaching safepoint: 201000 ns, Cleanup: 26125 ns, At safepoint: 15126750 ns, Total: 15353875 ns
[2025-06-05T22:52:10.833+0000][17.993s][debug][safepoint   ] Safepoint synchronization initiated using futex wait barrier. (71 threads)
[2025-06-05T22:52:10.834+0000][17.994s][info ][safepoint   ] Safepoint "ICBufferFull", Time since last: 477290459 ns, Reaching safepoint: 704958 ns, Cleanup: 127750 ns, At safepoint: 4667 ns, Total: 837375 ns
[2025-06-05T22:52:10.959+0000][18.119s][debug][safepoint   ] Safepoint synchronization initiated using futex wait barrier. (71 threads)
[2025-06-05T22:52:10.959+0000][18.119s][info ][gc,start    ] GC(73) Pause Young (Normal) (G1 Evacuation Pause)
[2025-06-05T22:52:10.960+0000][18.119s][info ][gc,task     ] GC(73) Using 2 workers of 2 for evacuation
[2025-06-05T22:52:10.978+0000][18.137s][info ][gc,phases   ] GC(73)   Pre Evacuate Collection Set: 0.1ms
[2025-06-05T22:52:10.978+0000][18.138s][info ][gc,phases   ] GC(73)   Merge Heap Roots: 0.2ms
[2025-06-05T22:52:10.978+0000][18.138s][info ][gc,phases   ] GC(73)   Evacuate Collection Set: 16.6ms
[2025-06-05T22:52:10.978+0000][18.138s][info ][gc,phases   ] GC(73)   Post Evacuate Collection Set: 1.4ms
[2025-06-05T22:52:10.978+0000][18.138s][info ][gc,phases   ] GC(73)   Other: 0.2ms
[2025-06-05T22:52:10.978+0000][18.138s][info ][gc,heap     ] GC(73) Eden regions: 308->0(303)
[2025-06-05T22:52:10.978+0000][18.138s][info ][gc,heap     ] GC(73) Survivor regions: 13->18(41)
[2025-06-05T22:52:10.978+0000][18.138s][info ][gc,heap     ] GC(73) Old regions: 124->124
[2025-06-05T22:52:10.979+0000][18.138s][info ][gc,heap     ] GC(73) Archive regions: 2->2
[2025-06-05T22:52:10.979+0000][18.138s][info ][gc,heap     ] GC(73) Humongous regions: 0->0
[2025-06-05T22:52:10.979+0000][18.138s][info ][gc,metaspace] GC(73) Metaspace: 153452K(154560K)->153452K(154560K) NonClass: 134456K(135040K)->134456K(135040K) Class: 18995K(19520K)->18995K(19520K)
[2025-06-05T22:52:10.979+0000][18.138s][info ][gc          ] GC(73) Pause Young (Normal) (G1 Evacuation Pause) 444M->141M(536M) 19.218ms
[2025-06-05T22:52:10.979+0000][18.138s][info ][gc,cpu      ] GC(73) User=0.03s Sys=0.00s Real=0.02s
[2025-06-05T22:52:10.979+0000][18.138s][info ][safepoint   ] Safepoint "G1CollectForAllocation", Time since last: 124926542 ns, Reaching safepoint: 199666 ns, Cleanup: 119875 ns, At safepoint: 19388042 ns, Total: 19707583 ns
[2025-06-05T22:52:11.343+0000][18.503s][debug][safepoint   ] Safepoint synchronization initiated using futex wait barrier. (74 threads)
[2025-06-05T22:52:11.345+0000][18.505s][debug][safepoint   ] ... found polling page loop exception at pc = 0x0000ffff9946bc8c, stub =0x0000ffff9897ef00
[2025-06-05T22:52:11.346+0000][18.506s][info ][safepoint   ] Safepoint "ICBufferFull", Time since last: 364531709 ns, Reaching safepoint: 2846583 ns, Cleanup: 118375 ns, At safepoint: 12167 ns, Total: 2977125 ns
[2025-06-05T22:52:11.428+0000][18.587s][debug][safepoint   ] Safepoint synchronization initiated using futex wait barrier. (86 threads)
[2025-06-05T22:52:11.428+0000][18.588s][info ][safepoint   ] Safepoint "ICBufferFull", Time since last: 81561333 ns, Reaching safepoint: 195792 ns, Cleanup: 118666 ns, At safepoint: 1542 ns, Total: 316000 ns
[2025-06-05T22:52:11.554+0000][18.714s][debug][safepoint   ] Safepoint synchronization initiated using futex wait barrier. (137 threads)
[2025-06-05T22:52:11.556+0000][18.716s][debug][safepoint   ] ... found polling page loop exception at pc = 0x0000ffff990df758, stub =0x0000ffff9897ef00
[2025-06-05T22:52:11.557+0000][18.717s][info ][safepoint   ] Safepoint "ICBufferFull", Time since last: 125803542 ns, Reaching safepoint: 2961250 ns, Cleanup: 126583 ns, At safepoint: 16667 ns, Total: 3104500 ns
[2025-06-05T22:52:11.730+0000][18.890s][debug][safepoint   ] Safepoint synchronization initiated using futex wait barrier. (145 threads)
[2025-06-05T22:52:11.731+0000][18.891s][info ][gc,start    ] GC(74) Pause Young (Normal) (G1 Evacuation Pause)
[2025-06-05T22:52:11.731+0000][18.891s][info ][gc,task     ] GC(74) Using 2 workers of 2 for evacuation
[2025-06-05T22:52:11.758+0000][18.918s][info ][gc,phases   ] GC(74)   Pre Evacuate Collection Set: 0.2ms
[2025-06-05T22:52:11.758+0000][18.918s][info ][gc,phases   ] GC(74)   Merge Heap Roots: 0.2ms
[2025-06-05T22:52:11.758+0000][18.918s][info ][gc,phases   ] GC(74)   Evacuate Collection Set: 24.8ms
[2025-06-05T22:52:11.758+0000][18.918s][info ][gc,phases   ] GC(74)   Post Evacuate Collection Set: 1.5ms
[2025-06-05T22:52:11.758+0000][18.918s][info ][gc,phases   ] GC(74)   Other: 0.2ms
[2025-06-05T22:52:11.758+0000][18.918s][info ][gc,heap     ] GC(74) Eden regions: 303->0(293)
[2025-06-05T22:52:11.758+0000][18.918s][info ][gc,heap     ] GC(74) Survivor regions: 18->28(41)
[2025-06-05T22:52:11.758+0000][18.918s][info ][gc,heap     ] GC(74) Old regions: 124->124
[2025-06-05T22:52:11.759+0000][18.918s][info ][gc,heap     ] GC(74) Archive regions: 2->2
[2025-06-05T22:52:11.759+0000][18.918s][info ][gc,heap     ] GC(74) Humongous regions: 0->0
[2025-06-05T22:52:11.759+0000][18.918s][info ][gc,metaspace] GC(74) Metaspace: 159722K(160960K)->159722K(160960K) NonClass: 139904K(140544K)->139904K(140544K) Class: 19817K(20416K)->19817K(20416K)
[2025-06-05T22:52:11.759+0000][18.918s][info ][gc          ] GC(74) Pause Young (Normal) (G1 Evacuation Pause) 444M->151M(536M) 27.505ms
[2025-06-05T22:52:11.759+0000][18.918s][info ][gc,cpu      ] GC(74) User=0.05s Sys=0.00s Real=0.03s
[2025-06-05T22:52:11.759+0000][18.918s][info ][safepoint   ] Safepoint "G1CollectForAllocation", Time since last: 173112791 ns, Reaching safepoint: 774875 ns, Cleanup: 90084 ns, At safepoint: 27752916 ns, Total: 28617875 ns
[2025-06-05T22:52:12.012+0000][19.171s][debug][safepoint   ] Safepoint synchronization initiated using futex wait barrier. (160 threads)
[2025-06-05T22:52:12.012+0000][19.171s][info ][safepoint   ] Safepoint "ICBufferFull", Time since last: 252695209 ns, Reaching safepoint: 223333 ns, Cleanup: 123750 ns, At safepoint: 4709 ns, Total: 351792 ns
[2025-06-05T22:52:12.123+0000][19.283s][debug][safepoint   ] Safepoint synchronization initiated using futex wait barrier. (160 threads)
[2025-06-05T22:52:12.124+0000][19.284s][info ][safepoint   ] Safepoint "ICBufferFull", Time since last: 111162708 ns, Reaching safepoint: 1067208 ns, Cleanup: 103042 ns, At safepoint: 9708 ns, Total: 1179958 ns
[2025-06-05T22:52:12.213+0000][19.372s][debug][safepoint   ] Safepoint synchronization initiated using futex wait barrier. (165 threads)
[2025-06-05T22:52:12.213+0000][19.373s][info ][safepoint   ] Safepoint "ICBufferFull", Time since last: 88608125 ns, Reaching safepoint: 158959 ns, Cleanup: 104625 ns, At safepoint: 24583 ns, Total: 288167 ns
[2025-06-05T22:52:12.419+0000][19.579s][debug][safepoint   ] Safepoint synchronization initiated using futex wait barrier. (173 threads)
[2025-06-05T22:52:12.420+0000][19.580s][info ][safepoint   ] Safepoint "ICBufferFull", Time since last: 206246125 ns, Reaching safepoint: 677250 ns, Cleanup: 87000 ns, At safepoint: 14500 ns, Total: 778750 ns
[2025-06-05T22:52:12.507+0000][19.667s][debug][safepoint   ] Safepoint synchronization initiated using futex wait barrier. (173 threads)
[2025-06-05T22:52:12.508+0000][19.667s][info ][safepoint   ] Safepoint "ICBufferFull", Time since last: 86993417 ns, Reaching safepoint: 278875 ns, Cleanup: 90416 ns, At safepoint: 5625 ns, Total: 374916 ns
[2025-06-05T22:52:12.606+0000][19.765s][debug][safepoint   ] Safepoint synchronization initiated using futex wait barrier. (179 threads)
[2025-06-05T22:52:12.606+0000][19.766s][info ][gc,start    ] GC(75) Pause Young (Normal) (G1 Evacuation Pause)
[2025-06-05T22:52:12.606+0000][19.766s][info ][gc,task     ] GC(75) Using 2 workers of 2 for evacuation
[2025-06-05T22:52:12.637+0000][19.797s][info ][gc,phases   ] GC(75)   Pre Evacuate Collection Set: 0.1ms
[2025-06-05T22:52:12.637+0000][19.797s][info ][gc,phases   ] GC(75)   Merge Heap Roots: 0.1ms
[2025-06-05T22:52:12.637+0000][19.797s][info ][gc,phases   ] GC(75)   Evacuate Collection Set: 28.7ms
[2025-06-05T22:52:12.638+0000][19.797s][info ][gc,phases   ] GC(75)   Post Evacuate Collection Set: 2.0ms
[2025-06-05T22:52:12.638+0000][19.797s][info ][gc,phases   ] GC(75)   Other: 0.2ms
[2025-06-05T22:52:12.638+0000][19.797s][info ][gc,heap     ] GC(75) Eden regions: 293->0(295)
[2025-06-05T22:52:12.638+0000][19.797s][info ][gc,heap     ] GC(75) Survivor regions: 28->26(41)
[2025-06-05T22:52:12.638+0000][19.797s][info ][gc,heap     ] GC(75) Old regions: 124->131
[2025-06-05T22:52:12.638+0000][19.797s][info ][gc,heap     ] GC(75) Archive regions: 2->2
[2025-06-05T22:52:12.638+0000][19.797s][info ][gc,heap     ] GC(75) Humongous regions: 0->0
[2025-06-05T22:52:12.638+0000][19.797s][info ][gc,metaspace] GC(75) Metaspace: 164964K(166208K)->164964K(166208K) NonClass: 144423K(145088K)->144423K(145088K) Class: 20540K(21120K)->20540K(21120K)
[2025-06-05T22:52:12.638+0000][19.797s][info ][gc          ] GC(75) Pause Young (Normal) (G1 Evacuation Pause) 444M->156M(536M) 31.813ms
[2025-06-05T22:52:12.638+0000][19.798s][info ][gc,cpu      ] GC(75) User=0.07s Sys=0.00s Real=0.03s
[2025-06-05T22:52:12.638+0000][19.798s][info ][safepoint   ] Safepoint "G1CollectForAllocation", Time since last: 98276125 ns, Reaching safepoint: 220875 ns, Cleanup: 80584 ns, At safepoint: 32175500 ns, Total: 32476959 ns
[2025-06-05T22:52:12.715+0000][19.874s][debug][safepoint   ] Safepoint synchronization initiated using futex wait barrier. (189 threads)
[2025-06-05T22:52:12.715+0000][19.875s][info ][safepoint   ] Safepoint "ICBufferFull", Time since last: 76569208 ns, Reaching safepoint: 183959 ns, Cleanup: 95791 ns, At safepoint: 23417 ns, Total: 303167 ns
[2025-06-05T22:52:12.728+0000][19.887s][debug][safepoint   ] Safepoint synchronization initiated using futex wait barrier. (189 threads)
[2025-06-05T22:52:12.728+0000][19.887s][info ][safepoint   ] Safepoint "ICBufferFull", Time since last: 12348583 ns, Reaching safepoint: 297292 ns, Cleanup: 97125 ns, At safepoint: 28542 ns, Total: 422959 ns
[2025-06-05T22:52:12.836+0000][19.996s][debug][safepoint   ] Safepoint synchronization initiated using futex wait barrier. (189 threads)
[2025-06-05T22:52:12.837+0000][19.996s][info ][safepoint   ] Safepoint "ICBufferFull", Time since last: 108311750 ns, Reaching safepoint: 175750 ns, Cleanup: 117291 ns, At safepoint: 17375 ns, Total: 310416 ns
[2025-06-05T22:52:12.837+0000][19.996s][debug][safepoint   ] Safepoint synchronization initiated using futex wait barrier. (189 threads)
[2025-06-05T22:52:12.837+0000][19.997s][info ][safepoint   ] Safepoint "ICBufferFull", Time since last: 144084 ns, Reaching safepoint: 321250 ns, Cleanup: 6666 ns, At safepoint: 18250 ns, Total: 346166 ns
[2025-06-05T22:52:13.122+0000][20.282s][debug][safepoint   ] Safepoint synchronization initiated using futex wait barrier. (189 threads)
[2025-06-05T22:52:13.123+0000][20.283s][info ][safepoint   ] Safepoint "ICBufferFull", Time since last: 285337792 ns, Reaching safepoint: 681250 ns, Cleanup: 105833 ns, At safepoint: 16375 ns, Total: 803458 ns
[2025-06-05T22:52:13.153+0000][20.313s][debug][safepoint   ] Safepoint synchronization initiated using futex wait barrier. (189 threads)
[2025-06-05T22:52:13.153+0000][20.313s][info ][safepoint   ] Safepoint "ICBufferFull", Time since last: 29939709 ns, Reaching safepoint: 189250 ns, Cleanup: 137958 ns, At safepoint: 6125 ns, Total: 333333 ns
[2025-06-05T22:52:13.350+0000][20.510s][debug][safepoint   ] Safepoint synchronization initiated using futex wait barrier. (189 threads)
[2025-06-05T22:52:13.351+0000][20.510s][info ][safepoint   ] Safepoint "ICBufferFull", Time since last: 196752750 ns, Reaching safepoint: 209333 ns, Cleanup: 128542 ns, At safepoint: 1917 ns, Total: 339792 ns
[2025-06-05T22:52:13.507+0000][20.666s][debug][safepoint   ] Safepoint synchronization initiated using futex wait barrier. (189 threads)
[2025-06-05T22:52:13.507+0000][20.667s][info ][safepoint   ] Safepoint "ICBufferFull", Time since last: 156448250 ns, Reaching safepoint: 246083 ns, Cleanup: 108625 ns, At safepoint: 2000 ns, Total: 356708 ns
[2025-06-05T22:52:13.616+0000][20.775s][debug][safepoint   ] Safepoint synchronization initiated using futex wait barrier. (189 threads)
[2025-06-05T22:52:13.616+0000][20.776s][info ][safepoint   ] Safepoint "ICBufferFull", Time since last: 108497584 ns, Reaching safepoint: 235000 ns, Cleanup: 102750 ns, At safepoint: 6291 ns, Total: 344041 ns
[2025-06-05T22:52:13.671+0000][20.831s][debug][safepoint   ] Safepoint synchronization initiated using futex wait barrier. (189 threads)
[2025-06-05T22:52:13.672+0000][20.831s][info ][safepoint   ] Safepoint "ICBufferFull", Time since last: 55280334 ns, Reaching safepoint: 191041 ns, Cleanup: 100709 ns, At safepoint: 5666 ns, Total: 297416 ns
[2025-06-05T22:52:13.762+0000][20.921s][debug][safepoint   ] Safepoint synchronization initiated using futex wait barrier. (190 threads)
[2025-06-05T22:52:13.762+0000][20.921s][info ][gc,start    ] GC(76) Pause Young (Normal) (G1 Evacuation Pause)
[2025-06-05T22:52:13.762+0000][20.922s][info ][gc,task     ] GC(76) Using 2 workers of 2 for evacuation
[2025-06-05T22:52:13.811+0000][20.971s][info ][gc,phases   ] GC(76)   Pre Evacuate Collection Set: 0.1ms
[2025-06-05T22:52:13.811+0000][20.971s][info ][gc,phases   ] GC(76)   Merge Heap Roots: 0.2ms
[2025-06-05T22:52:13.811+0000][20.971s][info ][gc,phases   ] GC(76)   Evacuate Collection Set: 46.9ms
[2025-06-05T22:52:13.811+0000][20.971s][info ][gc,phases   ] GC(76)   Post Evacuate Collection Set: 1.6ms
[2025-06-05T22:52:13.811+0000][20.971s][info ][gc,phases   ] GC(76)   Other: 0.4ms
[2025-06-05T22:52:13.811+0000][20.971s][info ][gc,heap     ] GC(76) Eden regions: 295->0(290)
[2025-06-05T22:52:13.812+0000][20.971s][info ][gc,heap     ] GC(76) Survivor regions: 26->24(41)
[2025-06-05T22:52:13.812+0000][20.971s][info ][gc,heap     ] GC(76) Old regions: 131->140
[2025-06-05T22:52:13.812+0000][20.971s][info ][gc,heap     ] GC(76) Archive regions: 2->2
[2025-06-05T22:52:13.812+0000][20.971s][info ][gc,heap     ] GC(76) Humongous regions: 0->0
[2025-06-05T22:52:13.812+0000][20.971s][info ][gc,metaspace] GC(76) Metaspace: 171761K(173056K)->171761K(173056K) NonClass: 150380K(151040K)->150380K(151040K) Class: 21380K(22016K)->21380K(22016K)
[2025-06-05T22:52:13.812+0000][20.971s][info ][gc          ] GC(76) Pause Young (Normal) (G1 Evacuation Pause) 451M->164M(536M) 49.717ms
[2025-06-05T22:52:13.812+0000][20.971s][info ][gc,cpu      ] GC(76) User=0.07s Sys=0.01s Real=0.05s
[2025-06-05T22:52:13.812+0000][20.971s][info ][safepoint   ] Safepoint "G1CollectForAllocation", Time since last: 89768250 ns, Reaching safepoint: 256375 ns, Cleanup: 89417 ns, At safepoint: 49987333 ns, Total: 50333125 ns
[2025-06-05T22:52:14.814+0000][21.974s][debug][safepoint   ] Safepoint synchronization initiated using futex wait barrier. (192 threads)
[2025-06-05T22:52:14.817+0000][21.976s][info ][safepoint   ] Safepoint "Cleanup", Time since last: 1002581376 ns, Reaching safepoint: 1660542 ns, Cleanup: 469625 ns, At safepoint: 17583 ns, Total: 2147750 ns
[2025-06-05T22:52:15.819+0000][22.979s][debug][safepoint   ] Safepoint synchronization initiated using futex wait barrier. (192 threads)
[2025-06-05T22:52:15.821+0000][22.980s][info ][safepoint   ] Safepoint "Cleanup", Time since last: 1002679334 ns, Reaching safepoint: 1220750 ns, Cleanup: 68916 ns, At safepoint: 11750 ns, Total: 1301416 ns
[2025-06-05T22:52:16.823+0000][23.982s][debug][safepoint   ] Safepoint synchronization initiated using futex wait barrier. (192 threads)
[2025-06-05T22:52:16.824+0000][23.983s][info ][safepoint   ] Safepoint "Cleanup", Time since last: 1001702708 ns, Reaching safepoint: 1407250 ns, Cleanup: 61875 ns, At safepoint: 14667 ns, Total: 1483792 ns
[2025-06-05T22:52:17.825+0000][24.984s][debug][safepoint   ] Safepoint synchronization initiated using futex wait barrier. (191 threads)
[2025-06-05T22:52:17.826+0000][24.985s][info ][safepoint   ] Safepoint "Cleanup", Time since last: 1000995626 ns, Reaching safepoint: 774541 ns, Cleanup: 48292 ns, At safepoint: 13708 ns, Total: 836541 ns
[2025-06-05T22:52:18.829+0000][25.988s][debug][safepoint   ] Safepoint synchronization initiated using futex wait barrier. (191 threads)
[2025-06-05T22:52:18.830+0000][25.989s][info ][safepoint   ] Safepoint "Cleanup", Time since last: 1003020001 ns, Reaching safepoint: 934500 ns, Cleanup: 65833 ns, At safepoint: 15792 ns, Total: 1016125 ns
[2025-06-05T22:52:19.831+0000][26.990s][debug][safepoint   ] Safepoint synchronization initiated using futex wait barrier. (191 threads)
[2025-06-05T22:52:19.832+0000][26.991s][info ][safepoint   ] Safepoint "Cleanup", Time since last: 1000854709 ns, Reaching safepoint: 734250 ns, Cleanup: 34083 ns, At safepoint: 11417 ns, Total: 779750 ns
[2025-06-05T22:52:20.220+0000][27.379s][debug][safepoint   ] Safepoint synchronization initiated using futex wait barrier. (191 threads)
[2025-06-05T22:52:20.220+0000][27.379s][info ][safepoint   ] Safepoint "ICBufferFull", Time since last: 387757791 ns, Reaching safepoint: 147584 ns, Cleanup: 94500 ns, At safepoint: 2041 ns, Total: 244125 ns
[2025-06-05T22:52:20.388+0000][27.547s][debug][safepoint   ] Safepoint synchronization initiated using futex wait barrier. (193 threads)
[2025-06-05T22:52:20.389+0000][27.548s][info ][safepoint   ] Safepoint "ICBufferFull", Time since last: 168381542 ns, Reaching safepoint: 213209 ns, Cleanup: 126208 ns, At safepoint: 6958 ns, Total: 346375 ns
[2025-06-05T22:52:20.401+0000][27.559s][debug][safepoint   ] Safepoint synchronization initiated using futex wait barrier. (193 threads)
[2025-06-05T22:52:20.402+0000][27.561s][info ][safepoint   ] Safepoint "ICBufferFull", Time since last: 11803417 ns, Reaching safepoint: 1401500 ns, Cleanup: 135667 ns, At safepoint: 17708 ns, Total: 1554875 ns
[2025-06-05T22:52:20.716+0000][27.875s][debug][safepoint   ] Safepoint synchronization initiated using futex wait barrier. (193 threads)
[2025-06-05T22:52:20.716+0000][27.875s][info ][safepoint   ] Safepoint "ICBufferFull", Time since last: 314083708 ns, Reaching safepoint: 213209 ns, Cleanup: 91708 ns, At safepoint: 2042 ns, Total: 306959 ns
[2025-06-05T22:52:22.219+0000][29.378s][debug][safepoint   ] Safepoint synchronization initiated using futex wait barrier. (196 threads)
[2025-06-05T22:52:22.220+0000][29.379s][info ][safepoint   ] Safepoint "Cleanup", Time since last: 1502731292 ns, Reaching safepoint: 419083 ns, Cleanup: 369875 ns, At safepoint: 85625 ns, Total: 874583 ns
[2025-06-05T22:52:23.221+0000][30.380s][debug][safepoint   ] Safepoint synchronization initiated using futex wait barrier. (196 threads)
[2025-06-05T22:52:23.223+0000][30.382s][info ][safepoint   ] Safepoint "Cleanup", Time since last: 1000932043 ns, Reaching safepoint: 1632083 ns, Cleanup: 78542 ns, At safepoint: 11250 ns, Total: 1721875 ns
[2025-06-05T22:52:24.225+0000][31.384s][debug][safepoint   ] Safepoint synchronization initiated using futex wait barrier. (197 threads)
[2025-06-05T22:52:24.226+0000][31.385s][info ][safepoint   ] Safepoint "Cleanup", Time since last: 1001984833 ns, Reaching safepoint: 1014167 ns, Cleanup: 115708 ns, At safepoint: 15584 ns, Total: 1145459 ns
[2025-06-05T22:52:25.230+0000][32.389s][debug][safepoint   ] Safepoint synchronization initiated using futex wait barrier. (197 threads)
[2025-06-05T22:52:25.230+0000][32.389s][info ][safepoint   ] Safepoint "Cleanup", Time since last: 1003901542 ns, Reaching safepoint: 185958 ns, Cleanup: 96209 ns, At safepoint: 2083 ns, Total: 284250 ns
[2025-06-05T22:52:26.235+0000][33.393s][debug][safepoint   ] Safepoint synchronization initiated using futex wait barrier. (197 threads)
[2025-06-05T22:52:26.235+0000][33.394s][info ][safepoint   ] Safepoint "Cleanup", Time since last: 1004526334 ns, Reaching safepoint: 173250 ns, Cleanup: 70791 ns, At safepoint: 3125 ns, Total: 247166 ns
[2025-06-05T22:52:27.236+0000][34.395s][debug][safepoint   ] Safepoint synchronization initiated using futex wait barrier. (197 threads)
[2025-06-05T22:52:27.238+0000][34.396s][info ][safepoint   ] Safepoint "Cleanup", Time since last: 1001559917 ns, Reaching safepoint: 974542 ns, Cleanup: 255875 ns, At safepoint: 19417 ns, Total: 1249834 ns
[2025-06-05T22:52:34.250+0000][41.409s][debug][safepoint   ] Safepoint synchronization initiated using futex wait barrier. (197 threads)
[2025-06-05T22:52:34.251+0000][41.410s][info ][safepoint   ] Safepoint "Cleanup", Time since last: 7012509545 ns, Reaching safepoint: 498333 ns, Cleanup: 162708 ns, At safepoint: 2750 ns, Total: 663791 ns
[2025-06-05T22:52:35.253+0000][42.412s][debug][safepoint   ] Safepoint synchronization initiated using futex wait barrier. (197 threads)
[2025-06-05T22:52:35.255+0000][42.414s][info ][safepoint   ] Safepoint "Cleanup", Time since last: 1002381793 ns, Reaching safepoint: 1578000 ns, Cleanup: 58041 ns, At safepoint: 14000 ns, Total: 1650041 ns
[2025-06-05T22:52:36.257+0000][43.415s][debug][safepoint   ] Safepoint synchronization initiated using futex wait barrier. (197 threads)
[2025-06-05T22:52:36.258+0000][43.416s][info ][safepoint   ] Safepoint "Cleanup", Time since last: 1001783542 ns, Reaching safepoint: 734500 ns, Cleanup: 271292 ns, At safepoint: 9875 ns, Total: 1015667 ns
[2025-06-05T22:52:37.260+0000][44.418s][debug][safepoint   ] Safepoint synchronization initiated using futex wait barrier. (197 threads)
[2025-06-05T22:52:37.261+0000][44.420s][info ][safepoint   ] Safepoint "Cleanup", Time since last: 1001965501 ns, Reaching safepoint: 1138833 ns, Cleanup: 93125 ns, At safepoint: 18583 ns, Total: 1250541 ns
[2025-06-05T22:52:39.263+0000][46.422s][debug][safepoint   ] Safepoint synchronization initiated using futex wait barrier. (197 threads)
[2025-06-05T22:52:39.264+0000][46.423s][info ][safepoint   ] Safepoint "Cleanup", Time since last: 2002123460 ns, Reaching safepoint: 862583 ns, Cleanup: 231000 ns, At safepoint: 16375 ns, Total: 1109958 ns
[2025-06-05T22:52:40.265+0000][47.424s][debug][safepoint   ] Safepoint synchronization initiated using futex wait barrier. (197 threads)
[2025-06-05T22:52:40.265+0000][47.424s][info ][safepoint   ] Safepoint "Cleanup", Time since last: 1000780834 ns, Reaching safepoint: 264750 ns, Cleanup: 83958 ns, At safepoint: 4500 ns, Total: 353208 ns
[2025-06-05T22:52:41.271+0000][48.430s][debug][safepoint   ] Safepoint synchronization initiated using futex wait barrier. (197 threads)
[2025-06-05T22:52:41.273+0000][48.432s][info ][safepoint   ] Safepoint "Cleanup", Time since last: 1005522292 ns, Reaching safepoint: 2240667 ns, Cleanup: 98958 ns, At safepoint: 9833 ns, Total: 2349458 ns
[2025-06-05T22:52:47.283+0000][54.442s][debug][safepoint   ] Safepoint synchronization initiated using futex wait barrier. (197 threads)
[2025-06-05T22:52:47.284+0000][54.443s][info ][safepoint   ] Safepoint "Cleanup", Time since last: 6010139294 ns, Reaching safepoint: 1126959 ns, Cleanup: 81500 ns, At safepoint: 15583 ns, Total: 1224042 ns
[2025-06-05T22:52:48.286+0000][55.445s][debug][safepoint   ] Safepoint synchronization initiated using futex wait barrier. (197 threads)
[2025-06-05T22:52:48.287+0000][55.446s][info ][safepoint   ] Safepoint "Cleanup", Time since last: 1001897834 ns, Reaching safepoint: 815833 ns, Cleanup: 329000 ns, At safepoint: 13542 ns, Total: 1158375 ns
[2025-06-05T22:52:50.291+0000][57.450s][debug][safepoint   ] Safepoint synchronization initiated using futex wait barrier. (197 threads)
[2025-06-05T22:52:50.292+0000][57.452s][info ][safepoint   ] Safepoint "Cleanup", Time since last: 2003940792 ns, Reaching safepoint: 1074250 ns, Cleanup: 212875 ns, At safepoint: 16375 ns, Total: 1303500 ns
[2025-06-05T22:52:51.294+0000][58.453s][debug][safepoint   ] Safepoint synchronization initiated using futex wait barrier. (197 threads)
[2025-06-05T22:52:51.296+0000][58.455s][info ][safepoint   ] Safepoint "Cleanup", Time since last: 1001276293 ns, Reaching safepoint: 2361000 ns, Cleanup: 76958 ns, At safepoint: 15708 ns, Total: 2453666 ns
[2025-06-05T22:52:52.297+0000][59.457s][debug][safepoint   ] Safepoint synchronization initiated using futex wait barrier. (197 threads)
[2025-06-05T22:52:52.298+0000][59.457s][info ][safepoint   ] Safepoint "Cleanup", Time since last: 1001287959 ns, Reaching safepoint: 403833 ns, Cleanup: 51125 ns, At safepoint: 7042 ns, Total: 462000 ns
[2025-06-05T22:52:53.929+0000][61.088s][debug][safepoint   ] Safepoint synchronization initiated using futex wait barrier. (197 threads)
[2025-06-05T22:52:53.935+0000][61.094s][info ][safepoint   ] Safepoint "Cleanup", Time since last: 1631085584 ns, Reaching safepoint: 5526750 ns, Cleanup: 100334 ns, At safepoint: 5541 ns, Total: 5632625 ns
[2025-06-05T22:52:54.937+0000][62.096s][debug][safepoint   ] Safepoint synchronization initiated using futex wait barrier. (197 threads)
[2025-06-05T22:52:54.938+0000][62.097s][info ][safepoint   ] Safepoint "Cleanup", Time since last: 1002167459 ns, Reaching safepoint: 975708 ns, Cleanup: 156584 ns, At safepoint: 22833 ns, Total: 1155125 ns
[2025-06-05T22:52:56.944+0000][64.103s][debug][safepoint   ] Safepoint synchronization initiated using futex wait barrier. (197 threads)
[2025-06-05T22:52:56.946+0000][64.105s][info ][safepoint   ] Safepoint "Cleanup", Time since last: 2005913584 ns, Reaching safepoint: 2271750 ns, Cleanup: 97959 ns, At safepoint: 16083 ns, Total: 2385792 ns
[2025-06-05T22:52:57.947+0000][65.107s][debug][safepoint   ] Safepoint synchronization initiated using futex wait barrier. (197 threads)
[2025-06-05T22:52:57.949+0000][65.108s][info ][safepoint   ] Safepoint "Cleanup", Time since last: 1001253375 ns, Reaching safepoint: 1532500 ns, Cleanup: 69417 ns, At safepoint: 12417 ns, Total: 1614334 ns
[2025-06-05T22:52:59.951+0000][67.111s][debug][safepoint   ] Safepoint synchronization initiated using futex wait barrier. (196 threads)
[2025-06-05T22:52:59.952+0000][67.111s][info ][safepoint   ] Safepoint "Cleanup", Time since last: 2002473917 ns, Reaching safepoint: 646459 ns, Cleanup: 32541 ns, At safepoint: 6667 ns, Total: 685667 ns
[2025-06-05T22:53:01.954+0000][69.114s][debug][safepoint   ] Safepoint synchronization initiated using futex wait barrier. (196 threads)
[2025-06-05T22:53:01.955+0000][69.114s][info ][safepoint   ] Safepoint "Cleanup", Time since last: 2002136668 ns, Reaching safepoint: 201166 ns, Cleanup: 29334 ns, At safepoint: 2416 ns, Total: 232916 ns
[2025-06-05T22:53:02.956+0000][70.115s][debug][safepoint   ] Safepoint synchronization initiated using futex wait barrier. (196 threads)
[2025-06-05T22:53:02.957+0000][70.116s][info ][safepoint   ] Safepoint "Cleanup", Time since last: 1000999959 ns, Reaching safepoint: 999500 ns, Cleanup: 133834 ns, At safepoint: 19125 ns, Total: 1152459 ns
[2025-06-05T22:53:03.958+0000][71.118s][debug][safepoint   ] Safepoint synchronization initiated using futex wait barrier. (196 threads)
[2025-06-05T22:53:03.959+0000][71.118s][info ][safepoint   ] Safepoint "Cleanup", Time since last: 1001675125 ns, Reaching safepoint: 296625 ns, Cleanup: 114042 ns, At safepoint: 15500 ns, Total: 426167 ns
[2025-06-05T22:53:06.965+0000][74.124s][debug][safepoint   ] Safepoint synchronization initiated using futex wait barrier. (196 threads)
[2025-06-05T22:53:06.966+0000][74.125s][info ][safepoint   ] Safepoint "Cleanup", Time since last: 3006292001 ns, Reaching safepoint: 771000 ns, Cleanup: 240542 ns, At safepoint: 11666 ns, Total: 1023208 ns
[2025-06-05T22:53:07.968+0000][75.127s][debug][safepoint   ] Safepoint synchronization initiated using futex wait barrier. (196 threads)
[2025-06-05T22:53:07.968+0000][75.128s][info ][safepoint   ] Safepoint "Cleanup", Time since last: 1001630001 ns, Reaching safepoint: 476292 ns, Cleanup: 126875 ns, At safepoint: 12208 ns, Total: 615375 ns
[2025-06-05T22:53:08.971+0000][76.130s][debug][safepoint   ] Safepoint synchronization initiated using futex wait barrier. (196 threads)
[2025-06-05T22:53:08.973+0000][76.133s][info ][safepoint   ] Safepoint "Cleanup", Time since last: 1002797875 ns, Reaching safepoint: 2017625 ns, Cleanup: 163334 ns, At safepoint: 17916 ns, Total: 2198875 ns
[2025-06-05T22:53:09.975+0000][77.134s][debug][safepoint   ] Safepoint synchronization initiated using futex wait barrier. (196 threads)
[2025-06-05T22:53:09.975+0000][77.134s][info ][safepoint   ] Safepoint "Cleanup", Time since last: 1001421293 ns, Reaching safepoint: 357041 ns, Cleanup: 22209 ns, At safepoint: 6250 ns, Total: 385500 ns
[2025-06-05T22:53:10.980+0000][78.139s][debug][safepoint   ] Safepoint synchronization initiated using futex wait barrier. (196 threads)
[2025-06-05T22:53:10.982+0000][78.141s][info ][safepoint   ] Safepoint "Cleanup", Time since last: 1004447292 ns, Reaching safepoint: 1843291 ns, Cleanup: 75750 ns, At safepoint: 17542 ns, Total: 1936583 ns
[2025-06-05T22:53:11.983+0000][79.143s][debug][safepoint   ] Safepoint synchronization initiated using futex wait barrier. (192 threads)
[2025-06-05T22:53:11.985+0000][79.144s][info ][safepoint   ] Safepoint "Cleanup", Time since last: 1001863542 ns, Reaching safepoint: 1049167 ns, Cleanup: 624583 ns, At safepoint: 30708 ns, Total: 1704458 ns
[2025-06-05T22:53:12.988+0000][80.147s][debug][safepoint   ] Safepoint synchronization initiated using futex wait barrier. (191 threads)
[2025-06-05T22:53:12.989+0000][80.148s][info ][safepoint   ] Safepoint "Cleanup", Time since last: 1002693626 ns, Reaching safepoint: 866625 ns, Cleanup: 68958 ns, At safepoint: 10042 ns, Total: 945625 ns
[2025-06-05T22:53:13.989+0000][81.148s][debug][safepoint   ] Safepoint synchronization initiated using futex wait barrier. (189 threads)
[2025-06-05T22:53:13.990+0000][81.149s][info ][safepoint   ] Safepoint "Cleanup", Time since last: 1000512959 ns, Reaching safepoint: 663958 ns, Cleanup: 31292 ns, At safepoint: 8583 ns, Total: 703833 ns
[2025-06-05T22:53:15.994+0000][83.154s][debug][safepoint   ] Safepoint synchronization initiated using futex wait barrier. (189 threads)
[2025-06-05T22:53:15.995+0000][83.154s][info ][safepoint   ] Safepoint "Cleanup", Time since last: 2004333209 ns, Reaching safepoint: 202250 ns, Cleanup: 37542 ns, At safepoint: 2875 ns, Total: 242667 ns
[2025-06-05T22:53:16.996+0000][84.155s][debug][safepoint   ] Safepoint synchronization initiated using futex wait barrier. (189 threads)
[2025-06-05T22:53:16.997+0000][84.156s][info ][safepoint   ] Safepoint "Cleanup", Time since last: 1001220625 ns, Reaching safepoint: 1044125 ns, Cleanup: 238084 ns, At safepoint: 16041 ns, Total: 1298250 ns
[2025-06-05T22:53:18.001+0000][85.160s][debug][safepoint   ] Safepoint synchronization initiated using futex wait barrier. (189 threads)
[2025-06-05T22:53:18.002+0000][85.161s][info ][safepoint   ] Safepoint "Cleanup", Time since last: 1003342126 ns, Reaching safepoint: 1042875 ns, Cleanup: 155041 ns, At safepoint: 15792 ns, Total: 1213708 ns
[2025-06-05T22:53:19.003+0000][86.162s][debug][safepoint   ] Safepoint synchronization initiated using futex wait barrier. (189 threads)
[2025-06-05T22:53:19.003+0000][86.162s][info ][safepoint   ] Safepoint "Cleanup", Time since last: 1000994209 ns, Reaching safepoint: 255833 ns, Cleanup: 36709 ns, At safepoint: 4541 ns, Total: 297083 ns
[2025-06-05T22:53:20.004+0000][87.163s][debug][safepoint   ] Safepoint synchronization initiated using futex wait barrier. (189 threads)
[2025-06-05T22:53:20.006+0000][87.165s][info ][safepoint   ] Safepoint "Cleanup", Time since last: 1001006792 ns, Reaching safepoint: 1491292 ns, Cleanup: 94583 ns, At safepoint: 13709 ns, Total: 1599584 ns
[2025-06-05T22:53:21.007+0000][88.166s][debug][safepoint   ] Safepoint synchronization initiated using futex wait barrier. (188 threads)
[2025-06-05T22:53:21.008+0000][88.167s][info ][safepoint   ] Safepoint "Cleanup", Time since last: 1001249708 ns, Reaching safepoint: 690667 ns, Cleanup: 138250 ns, At safepoint: 6875 ns, Total: 835792 ns
[2025-06-05T22:53:22.009+0000][89.168s][debug][safepoint   ] Safepoint synchronization initiated using futex wait barrier. (187 threads)
[2025-06-05T22:53:22.009+0000][89.168s][info ][safepoint   ] Safepoint "Cleanup", Time since last: 1000848584 ns, Reaching safepoint: 193083 ns, Cleanup: 24917 ns, At safepoint: 2875 ns, Total: 220875 ns
[2025-06-05T22:53:23.011+0000][90.170s][debug][safepoint   ] Safepoint synchronization initiated using futex wait barrier. (187 threads)
[2025-06-05T22:53:23.013+0000][90.172s][info ][safepoint   ] Safepoint "Cleanup", Time since last: 1001837542 ns, Reaching safepoint: 1864417 ns, Cleanup: 46000 ns, At safepoint: 188916 ns, Total: 2099333 ns
[2025-06-05T22:53:27.019+0000][94.178s][debug][safepoint   ] Safepoint synchronization initiated using futex wait barrier. (187 threads)
[2025-06-05T22:53:27.021+0000][94.180s][info ][safepoint   ] Safepoint "Cleanup", Time since last: 4005980086 ns, Reaching safepoint: 1637583 ns, Cleanup: 134292 ns, At safepoint: 16083 ns, Total: 1787958 ns
[2025-06-05T22:53:30.026+0000][97.185s][debug][safepoint   ] Safepoint synchronization initiated using futex wait barrier. (187 threads)
[2025-06-05T22:53:30.026+0000][97.185s][info ][safepoint   ] Safepoint "Cleanup", Time since last: 3005033043 ns, Reaching safepoint: 126750 ns, Cleanup: 34250 ns, At safepoint: 2167 ns, Total: 163167 ns
[2025-06-05T22:53:31.028+0000][98.186s][debug][safepoint   ] Safepoint synchronization initiated using futex wait barrier. (187 threads)
[2025-06-05T22:53:31.029+0000][98.188s][info ][safepoint   ] Safepoint "Cleanup", Time since last: 1001472375 ns, Reaching safepoint: 1698875 ns, Cleanup: 224834 ns, At safepoint: 21208 ns, Total: 1944917 ns
[2025-06-05T22:53:32.034+0000][99.193s][debug][safepoint   ] Safepoint synchronization initiated using futex wait barrier. (187 threads)
[2025-06-05T22:53:32.036+0000][99.195s][info ][safepoint   ] Safepoint "Cleanup", Time since last: 1005051167 ns, Reaching safepoint: 1366708 ns, Cleanup: 179375 ns, At safepoint: 21000 ns, Total: 1567083 ns
[2025-06-05T22:53:33.037+0000][100.196s][debug][safepoint   ] Safepoint synchronization initiated using futex wait barrier. (187 threads)
[2025-06-05T22:53:33.040+0000][100.199s][info ][safepoint   ] Safepoint "Cleanup", Time since last: 1000876043 ns, Reaching safepoint: 3287416 ns, Cleanup: 76417 ns, At safepoint: 59292 ns, Total: 3423125 ns
[2025-06-05T22:53:35.043+0000][102.202s][debug][safepoint   ] Safepoint synchronization initiated using futex wait barrier. (187 threads)
[2025-06-05T22:53:35.044+0000][102.203s][info ][safepoint   ] Safepoint "Cleanup", Time since last: 2002986292 ns, Reaching safepoint: 450417 ns, Cleanup: 91333 ns, At safepoint: 5625 ns, Total: 547375 ns
[2025-06-05T22:53:36.047+0000][103.206s][debug][safepoint   ] Safepoint synchronization initiated using futex wait barrier. (187 threads)
[2025-06-05T22:53:36.047+0000][103.206s][info ][safepoint   ] Safepoint "Cleanup", Time since last: 1003074084 ns, Reaching safepoint: 297917 ns, Cleanup: 43083 ns, At safepoint: 3750 ns, Total: 344750 ns
[2025-06-05T22:53:37.050+0000][104.209s][debug][safepoint   ] Safepoint synchronization initiated using futex wait barrier. (187 threads)
[2025-06-05T22:53:37.051+0000][104.210s][info ][safepoint   ] Safepoint "Cleanup", Time since last: 1002601667 ns, Reaching safepoint: 1024917 ns, Cleanup: 142916 ns, At safepoint: 47250 ns, Total: 1215083 ns
[2025-06-05T22:53:42.063+0000][109.222s][debug][safepoint   ] Safepoint synchronization initiated using futex wait barrier. (187 threads)
[2025-06-05T22:53:42.064+0000][109.223s][info ][safepoint   ] Safepoint "Cleanup", Time since last: 5011748503 ns, Reaching safepoint: 972708 ns, Cleanup: 35250 ns, At safepoint: 13750 ns, Total: 1021708 ns
[2025-06-05T22:53:44.066+0000][111.225s][debug][safepoint   ] Safepoint synchronization initiated using futex wait barrier. (187 threads)
[2025-06-05T22:53:44.067+0000][111.226s][info ][safepoint   ] Safepoint "Cleanup", Time since last: 2002132584 ns, Reaching safepoint: 728167 ns, Cleanup: 170625 ns, At safepoint: 7042 ns, Total: 905834 ns
[2025-06-05T22:53:46.069+0000][113.228s][debug][safepoint   ] Safepoint synchronization initiated using futex wait barrier. (187 threads)
[2025-06-05T22:53:46.069+0000][113.228s][info ][safepoint   ] Safepoint "Cleanup", Time since last: 2001937709 ns, Reaching safepoint: 143667 ns, Cleanup: 62125 ns, At safepoint: 2541 ns, Total: 208333 ns
[2025-06-05T22:53:47.074+0000][114.233s][debug][safepoint   ] Safepoint synchronization initiated using futex wait barrier. (187 threads)
[2025-06-05T22:53:47.076+0000][114.235s][info ][safepoint   ] Safepoint "Cleanup", Time since last: 1005171459 ns, Reaching safepoint: 1488292 ns, Cleanup: 85833 ns, At safepoint: 22042 ns, Total: 1596167 ns
[2025-06-05T22:53:54.977+0000][122.136s][debug][safepoint   ] Safepoint synchronization initiated using futex wait barrier. (187 threads)
[2025-06-05T22:53:54.978+0000][122.136s][info ][safepoint   ] Safepoint "Cleanup", Time since last: 7901142003 ns, Reaching safepoint: 561375 ns, Cleanup: 45917 ns, At safepoint: 9625 ns, Total: 616917 ns
