[2025-06-06T20:30:20.658+0000][0.006s][info][gc] Using G1
[2025-06-06T20:30:20.659+0000][0.007s][info][gc,init] Version: 17.0.12+7-Debian-2deb12u1 (release)
[2025-06-06T20:30:20.659+0000][0.007s][info][gc,init] CPUs: 10 total, 2 available
[2025-06-06T20:30:20.659+0000][0.007s][info][gc,init] Memory: 4096M
[2025-06-06T20:30:20.659+0000][0.007s][info][gc,init] Large Page Support: Disabled
[2025-06-06T20:30:20.659+0000][0.007s][info][gc,init] NUMA Support: Disabled
[2025-06-06T20:30:20.659+0000][0.007s][info][gc,init] Compressed Oops: Enabled (32-bit)
[2025-06-06T20:30:20.659+0000][0.007s][info][gc,init] Heap Region Size: 1M
[2025-06-06T20:30:20.659+0000][0.007s][info][gc,init] Heap Min Capacity: 8M
[2025-06-06T20:30:20.659+0000][0.007s][info][gc,init] Heap Initial Capacity: 64M
[2025-06-06T20:30:20.659+0000][0.007s][info][gc,init] Heap Max Capacity: 1G
[2025-06-06T20:30:20.659+0000][0.007s][info][gc,init] Pre-touch: Disabled
[2025-06-06T20:30:20.659+0000][0.007s][info][gc,init] Parallel Workers: 2
[2025-06-06T20:30:20.659+0000][0.007s][info][gc,init] Concurrent Workers: 1
[2025-06-06T20:30:20.659+0000][0.007s][info][gc,init] Concurrent Refinement Workers: 2
[2025-06-06T20:30:20.659+0000][0.007s][info][gc,init] Periodic GC: Disabled
[2025-06-06T20:30:20.673+0000][0.021s][info][gc,metaspace] CDS archive(s) mapped at: [0x000000e000000000-0x000000e000be0000-0x000000e000be0000), size 12451840, SharedBaseAddress: 0x000000e000000000, ArchiveRelocationMode: 1.
[2025-06-06T20:30:20.673+0000][0.021s][info][gc,metaspace] Compressed class space mapped at: 0x000000e001000000-0x000000e041000000, reserved size: 1073741824
[2025-06-06T20:30:20.673+0000][0.021s][info][gc,metaspace] Narrow klass base: 0x000000e000000000, Narrow klass shift: 0, Narrow klass range: 0x100000000
[2025-06-06T20:30:20.678+0000][0.026s][info][cds,heap    ] initialize_from_archived_subgraph java.lang.Module$ArchivedData 0x000000e000182380 (early)
[2025-06-06T20:30:20.678+0000][0.026s][info][cds,heap    ] initialize_from_archived_subgraph java.util.ImmutableCollections 0x000000e000070cd8 (early)
[2025-06-06T20:30:20.679+0000][0.027s][info][cds,heap    ] initialize_from_archived_subgraph java.lang.Integer$IntegerCache 0x000000e000036060 (early)
[2025-06-06T20:30:20.681+0000][0.030s][info][cds,heap    ] initialize_from_archived_subgraph java.lang.module.Configuration 0x000000e000170300 (early)
[2025-06-06T20:30:20.682+0000][0.030s][info][cds,heap    ] initialize_from_archived_subgraph java.lang.ModuleLayer 0x000000e000144c50 (early)
[2025-06-06T20:30:20.682+0000][0.030s][info][cds,heap    ] initialize_from_archived_subgraph jdk.internal.loader.ArchivedClassLoaders 0x000000e0001ab770 (early)
[2025-06-06T20:30:20.682+0000][0.030s][info][cds,heap    ] initialize_from_archived_subgraph jdk.internal.module.ArchivedBootLayer 0x000000e000176f40 (early)
[2025-06-06T20:30:20.683+0000][0.031s][info][cds,heap    ] initialize_from_archived_subgraph sun.util.locale.BaseLocale 0x000000e00026c120
[2025-06-06T20:30:20.688+0000][0.036s][info][cds,heap    ] initialize_from_archived_subgraph java.util.jar.Attributes$Name 0x000000e00019d1e8
[2025-06-06T20:30:20.700+0000][0.048s][info][cds,heap    ] initialize_from_archived_subgraph java.lang.Long$LongCache 0x000000e00001f998
[2025-06-06T20:30:20.738+0000][0.086s][info][cds,heap    ] initialize_from_archived_subgraph java.lang.Character$CharacterCache 0x000000e0000393e8
[2025-06-06T20:30:20.798+0000][0.146s][debug][safepoint   ] Safepoint synchronization initiated using futex wait barrier. (12 threads)
[2025-06-06T20:30:20.798+0000][0.146s][info ][safepoint   ] Safepoint "ICBufferFull", Time since last: 121027666 ns, Reaching safepoint: 191667 ns, Cleanup: 74750 ns, At safepoint: 5042 ns, Total: 271459 ns
[2025-06-06T20:30:20.817+0000][0.165s][debug][safepoint   ] Safepoint synchronization initiated using futex wait barrier. (12 threads)
[2025-06-06T20:30:20.818+0000][0.166s][info ][gc,start    ] GC(0) Pause Young (Normal) (G1 Evacuation Pause)
[2025-06-06T20:30:20.818+0000][0.166s][info ][gc,task     ] GC(0) Using 2 workers of 2 for evacuation
[2025-06-06T20:30:20.821+0000][0.169s][info ][gc,phases   ] GC(0)   Pre Evacuate Collection Set: 0.1ms
[2025-06-06T20:30:20.821+0000][0.169s][info ][gc,phases   ] GC(0)   Merge Heap Roots: 0.1ms
[2025-06-06T20:30:20.821+0000][0.169s][info ][gc,phases   ] GC(0)   Evacuate Collection Set: 2.5ms
[2025-06-06T20:30:20.821+0000][0.169s][info ][gc,phases   ] GC(0)   Post Evacuate Collection Set: 0.3ms
[2025-06-06T20:30:20.821+0000][0.169s][info ][gc,phases   ] GC(0)   Other: 0.4ms
[2025-06-06T20:30:20.821+0000][0.169s][info ][gc,heap     ] GC(0) Eden regions: 18->0(22)
[2025-06-06T20:30:20.821+0000][0.169s][info ][gc,heap     ] GC(0) Survivor regions: 0->3(3)
[2025-06-06T20:30:20.821+0000][0.169s][info ][gc,heap     ] GC(0) Old regions: 0->1
[2025-06-06T20:30:20.821+0000][0.169s][info ][gc,heap     ] GC(0) Archive regions: 2->2
[2025-06-06T20:30:20.821+0000][0.169s][info ][gc,heap     ] GC(0) Humongous regions: 0->0
[2025-06-06T20:30:20.821+0000][0.169s][info ][gc,metaspace] GC(0) Metaspace: 1986K(2240K)->1986K(2240K) NonClass: 1780K(1920K)->1780K(1920K) Class: 205K(320K)->205K(320K)
[2025-06-06T20:30:20.821+0000][0.170s][info ][gc          ] GC(0) Pause Young (Normal) (G1 Evacuation Pause) 18M->4M(66M) 3.924ms
[2025-06-06T20:30:20.822+0000][0.170s][info ][gc,cpu      ] GC(0) User=0.00s Sys=0.00s Real=0.01s
[2025-06-06T20:30:20.822+0000][0.170s][info ][safepoint   ] Safepoint "G1CollectForAllocation", Time since last: 18923208 ns, Reaching safepoint: 165958 ns, Cleanup: 41375 ns, At safepoint: 4064709 ns, Total: 4272042 ns
[2025-06-06T20:30:20.904+0000][0.252s][debug][safepoint   ] Safepoint synchronization initiated using futex wait barrier. (12 threads)
[2025-06-06T20:30:20.904+0000][0.252s][info ][gc,start    ] GC(1) Pause Young (Normal) (G1 Evacuation Pause)
[2025-06-06T20:30:20.904+0000][0.253s][info ][gc,task     ] GC(1) Using 2 workers of 2 for evacuation
[2025-06-06T20:30:20.910+0000][0.258s][info ][gc,phases   ] GC(1)   Pre Evacuate Collection Set: 0.1ms
[2025-06-06T20:30:20.910+0000][0.258s][info ][gc,phases   ] GC(1)   Merge Heap Roots: 0.1ms
[2025-06-06T20:30:20.910+0000][0.258s][info ][gc,phases   ] GC(1)   Evacuate Collection Set: 5.1ms
[2025-06-06T20:30:20.910+0000][0.259s][info ][gc,phases   ] GC(1)   Post Evacuate Collection Set: 0.4ms
[2025-06-06T20:30:20.910+0000][0.259s][info ][gc,phases   ] GC(1)   Other: 0.2ms
[2025-06-06T20:30:20.911+0000][0.259s][info ][gc,heap     ] GC(1) Eden regions: 22->0(33)
[2025-06-06T20:30:20.911+0000][0.259s][info ][gc,heap     ] GC(1) Survivor regions: 3->3(4)
[2025-06-06T20:30:20.911+0000][0.259s][info ][gc,heap     ] GC(1) Old regions: 1->4
[2025-06-06T20:30:20.911+0000][0.259s][info ][gc,heap     ] GC(1) Archive regions: 2->2
[2025-06-06T20:30:20.911+0000][0.259s][info ][gc,heap     ] GC(1) Humongous regions: 0->0
[2025-06-06T20:30:20.911+0000][0.259s][info ][gc,metaspace] GC(1) Metaspace: 2100K(2368K)->2100K(2368K) NonClass: 1894K(2048K)->1894K(2048K) Class: 206K(320K)->206K(320K)
[2025-06-06T20:30:20.911+0000][0.259s][info ][gc          ] GC(1) Pause Young (Normal) (G1 Evacuation Pause) 26M->7M(66M) 6.411ms
[2025-06-06T20:30:20.911+0000][0.259s][info ][gc,cpu      ] GC(1) User=0.01s Sys=0.00s Real=0.01s
[2025-06-06T20:30:20.911+0000][0.259s][info ][safepoint   ] Safepoint "G1CollectForAllocation", Time since last: 82608458 ns, Reaching safepoint: 189833 ns, Cleanup: 19750 ns, At safepoint: 6522375 ns, Total: 6731958 ns
[2025-06-06T20:30:21.029+0000][0.377s][debug][safepoint   ] Safepoint synchronization initiated using futex wait barrier. (12 threads)
[2025-06-06T20:30:21.029+0000][0.377s][info ][safepoint   ] Safepoint "ICBufferFull", Time since last: 118173292 ns, Reaching safepoint: 197875 ns, Cleanup: 81834 ns, At safepoint: 1625 ns, Total: 281334 ns
[2025-06-06T20:30:21.068+0000][0.416s][debug][safepoint   ] Safepoint synchronization initiated using futex wait barrier. (12 threads)
[2025-06-06T20:30:21.068+0000][0.416s][info ][gc,start    ] GC(2) Pause Young (Normal) (G1 Evacuation Pause)
[2025-06-06T20:30:21.068+0000][0.416s][info ][gc,task     ] GC(2) Using 2 workers of 2 for evacuation
[2025-06-06T20:30:21.073+0000][0.421s][info ][gc,phases   ] GC(2)   Pre Evacuate Collection Set: 0.1ms
[2025-06-06T20:30:21.073+0000][0.421s][info ][gc,phases   ] GC(2)   Merge Heap Roots: 0.1ms
[2025-06-06T20:30:21.073+0000][0.421s][info ][gc,phases   ] GC(2)   Evacuate Collection Set: 4.6ms
[2025-06-06T20:30:21.073+0000][0.422s][info ][gc,phases   ] GC(2)   Post Evacuate Collection Set: 0.4ms
[2025-06-06T20:30:21.073+0000][0.422s][info ][gc,phases   ] GC(2)   Other: 0.2ms
[2025-06-06T20:30:21.074+0000][0.422s][info ][gc,heap     ] GC(2) Eden regions: 33->0(31)
[2025-06-06T20:30:21.074+0000][0.422s][info ][gc,heap     ] GC(2) Survivor regions: 3->3(5)
[2025-06-06T20:30:21.074+0000][0.422s][info ][gc,heap     ] GC(2) Old regions: 4->7
[2025-06-06T20:30:21.074+0000][0.422s][info ][gc,heap     ] GC(2) Archive regions: 2->2
[2025-06-06T20:30:21.074+0000][0.422s][info ][gc,heap     ] GC(2) Humongous regions: 0->0
[2025-06-06T20:30:21.074+0000][0.422s][info ][gc,metaspace] GC(2) Metaspace: 3068K(3328K)->3068K(3328K) NonClass: 2770K(2880K)->2770K(2880K) Class: 297K(448K)->297K(448K)
[2025-06-06T20:30:21.074+0000][0.422s][info ][gc          ] GC(2) Pause Young (Normal) (G1 Evacuation Pause) 40M->10M(66M) 5.976ms
[2025-06-06T20:30:21.074+0000][0.422s][info ][gc,cpu      ] GC(2) User=0.01s Sys=0.00s Real=0.01s
[2025-06-06T20:30:21.074+0000][0.422s][info ][safepoint   ] Safepoint "G1CollectForAllocation", Time since last: 38208916 ns, Reaching safepoint: 179875 ns, Cleanup: 71917 ns, At safepoint: 6075958 ns, Total: 6327750 ns
[2025-06-06T20:30:21.187+0000][0.535s][debug][safepoint   ] Safepoint synchronization initiated using futex wait barrier. (12 threads)
[2025-06-06T20:30:21.187+0000][0.535s][info ][gc,start    ] GC(3) Pause Young (Normal) (G1 Evacuation Pause)
[2025-06-06T20:30:21.187+0000][0.535s][info ][gc,task     ] GC(3) Using 2 workers of 2 for evacuation
[2025-06-06T20:30:21.189+0000][0.537s][info ][gc,phases   ] GC(3)   Pre Evacuate Collection Set: 0.1ms
[2025-06-06T20:30:21.189+0000][0.538s][info ][gc,phases   ] GC(3)   Merge Heap Roots: 0.1ms
[2025-06-06T20:30:21.190+0000][0.538s][info ][gc,phases   ] GC(3)   Evacuate Collection Set: 1.7ms
[2025-06-06T20:30:21.190+0000][0.538s][info ][gc,phases   ] GC(3)   Post Evacuate Collection Set: 0.5ms
[2025-06-06T20:30:21.190+0000][0.538s][info ][gc,phases   ] GC(3)   Other: 0.2ms
[2025-06-06T20:30:21.190+0000][0.538s][info ][gc,heap     ] GC(3) Eden regions: 31->0(33)
[2025-06-06T20:30:21.190+0000][0.538s][info ][gc,heap     ] GC(3) Survivor regions: 3->4(5)
[2025-06-06T20:30:21.190+0000][0.538s][info ][gc,heap     ] GC(3) Old regions: 7->7
[2025-06-06T20:30:21.190+0000][0.538s][info ][gc,heap     ] GC(3) Archive regions: 2->2
[2025-06-06T20:30:21.190+0000][0.538s][info ][gc,heap     ] GC(3) Humongous regions: 0->0
[2025-06-06T20:30:21.190+0000][0.538s][info ][gc,metaspace] GC(3) Metaspace: 4561K(4800K)->4561K(4800K) NonClass: 4045K(4160K)->4045K(4160K) Class: 515K(640K)->515K(640K)
[2025-06-06T20:30:21.190+0000][0.538s][info ][gc          ] GC(3) Pause Young (Normal) (G1 Evacuation Pause) 41M->11M(66M) 3.084ms
[2025-06-06T20:30:21.190+0000][0.538s][info ][gc,cpu      ] GC(3) User=0.00s Sys=0.00s Real=0.00s
[2025-06-06T20:30:21.190+0000][0.538s][info ][safepoint   ] Safepoint "G1CollectForAllocation", Time since last: 112656792 ns, Reaching safepoint: 201417 ns, Cleanup: 107500 ns, At safepoint: 3199250 ns, Total: 3508167 ns
[2025-06-06T20:30:21.288+0000][0.637s][debug][safepoint   ] Safepoint synchronization initiated using futex wait barrier. (13 threads)
[2025-06-06T20:30:21.289+0000][0.637s][info ][gc,start    ] GC(4) Pause Young (Normal) (G1 Evacuation Pause)
[2025-06-06T20:30:21.289+0000][0.637s][info ][gc,task     ] GC(4) Using 2 workers of 2 for evacuation
[2025-06-06T20:30:21.293+0000][0.641s][info ][gc,phases   ] GC(4)   Pre Evacuate Collection Set: 0.1ms
[2025-06-06T20:30:21.293+0000][0.641s][info ][gc,phases   ] GC(4)   Merge Heap Roots: 0.1ms
[2025-06-06T20:30:21.293+0000][0.641s][info ][gc,phases   ] GC(4)   Evacuate Collection Set: 2.9ms
[2025-06-06T20:30:21.293+0000][0.641s][info ][gc,phases   ] GC(4)   Post Evacuate Collection Set: 0.6ms
[2025-06-06T20:30:21.293+0000][0.641s][info ][gc,phases   ] GC(4)   Other: 0.2ms
[2025-06-06T20:30:21.293+0000][0.641s][info ][gc,heap     ] GC(4) Eden regions: 33->0(50)
[2025-06-06T20:30:21.293+0000][0.641s][info ][gc,heap     ] GC(4) Survivor regions: 4->2(5)
[2025-06-06T20:30:21.293+0000][0.641s][info ][gc,heap     ] GC(4) Old regions: 7->10
[2025-06-06T20:30:21.293+0000][0.641s][info ][gc,heap     ] GC(4) Archive regions: 2->2
[2025-06-06T20:30:21.293+0000][0.641s][info ][gc,heap     ] GC(4) Humongous regions: 0->0
[2025-06-06T20:30:21.293+0000][0.641s][info ][gc,metaspace] GC(4) Metaspace: 5761K(6016K)->5761K(6016K) NonClass: 5051K(5184K)->5051K(5184K) Class: 709K(832K)->709K(832K)
[2025-06-06T20:30:21.293+0000][0.641s][info ][gc          ] GC(4) Pause Young (Normal) (G1 Evacuation Pause) 44M->11M(87M) 4.376ms
[2025-06-06T20:30:21.293+0000][0.641s][info ][gc,cpu      ] GC(4) User=0.00s Sys=0.00s Real=0.01s
[2025-06-06T20:30:21.293+0000][0.641s][info ][safepoint   ] Safepoint "G1CollectForAllocation", Time since last: 98408708 ns, Reaching safepoint: 201333 ns, Cleanup: 129167 ns, At safepoint: 4485958 ns, Total: 4816458 ns
[2025-06-06T20:30:21.461+0000][0.809s][debug][safepoint   ] Safepoint synchronization initiated using futex wait barrier. (13 threads)
[2025-06-06T20:30:21.461+0000][0.809s][info ][safepoint   ] Safepoint "ICBufferFull", Time since last: 167213792 ns, Reaching safepoint: 198125 ns, Cleanup: 57375 ns, At safepoint: 1375 ns, Total: 256875 ns
[2025-06-06T20:30:21.520+0000][0.869s][debug][safepoint   ] Safepoint synchronization initiated using futex wait barrier. (13 threads)
[2025-06-06T20:30:21.521+0000][0.869s][info ][gc,start    ] GC(5) Pause Young (Normal) (G1 Evacuation Pause)
[2025-06-06T20:30:21.521+0000][0.869s][info ][gc,task     ] GC(5) Using 2 workers of 2 for evacuation
[2025-06-06T20:30:21.523+0000][0.871s][info ][gc,phases   ] GC(5)   Pre Evacuate Collection Set: 0.1ms
[2025-06-06T20:30:21.523+0000][0.871s][info ][gc,phases   ] GC(5)   Merge Heap Roots: 0.1ms
[2025-06-06T20:30:21.523+0000][0.871s][info ][gc,phases   ] GC(5)   Evacuate Collection Set: 1.8ms
[2025-06-06T20:30:21.523+0000][0.871s][info ][gc,phases   ] GC(5)   Post Evacuate Collection Set: 0.4ms
[2025-06-06T20:30:21.523+0000][0.871s][info ][gc,phases   ] GC(5)   Other: 0.2ms
[2025-06-06T20:30:21.523+0000][0.872s][info ][gc,heap     ] GC(5) Eden regions: 50->0(49)
[2025-06-06T20:30:21.523+0000][0.872s][info ][gc,heap     ] GC(5) Survivor regions: 2->3(7)
[2025-06-06T20:30:21.524+0000][0.872s][info ][gc,heap     ] GC(5) Old regions: 10->10
[2025-06-06T20:30:21.524+0000][0.872s][info ][gc,heap     ] GC(5) Archive regions: 2->2
[2025-06-06T20:30:21.524+0000][0.872s][info ][gc,heap     ] GC(5) Humongous regions: 0->0
[2025-06-06T20:30:21.524+0000][0.872s][info ][gc,metaspace] GC(5) Metaspace: 8090K(8384K)->8090K(8384K) NonClass: 7069K(7232K)->7069K(7232K) Class: 1020K(1152K)->1020K(1152K)
[2025-06-06T20:30:21.524+0000][0.872s][info ][gc          ] GC(5) Pause Young (Normal) (G1 Evacuation Pause) 61M->12M(87M) 3.015ms
[2025-06-06T20:30:21.524+0000][0.872s][info ][gc,cpu      ] GC(5) User=0.00s Sys=0.00s Real=0.00s
[2025-06-06T20:30:21.524+0000][0.872s][info ][safepoint   ] Safepoint "G1CollectForAllocation", Time since last: 59711250 ns, Reaching safepoint: 186917 ns, Cleanup: 30125 ns, At safepoint: 3142750 ns, Total: 3359792 ns
[2025-06-06T20:30:21.691+0000][1.039s][debug][safepoint   ] Safepoint synchronization initiated using futex wait barrier. (13 threads)
[2025-06-06T20:30:21.691+0000][1.039s][info ][gc,start    ] GC(6) Pause Young (Normal) (G1 Evacuation Pause)
[2025-06-06T20:30:21.691+0000][1.039s][info ][gc,task     ] GC(6) Using 2 workers of 2 for evacuation
[2025-06-06T20:30:21.694+0000][1.042s][info ][gc,phases   ] GC(6)   Pre Evacuate Collection Set: 0.1ms
[2025-06-06T20:30:21.694+0000][1.042s][info ][gc,phases   ] GC(6)   Merge Heap Roots: 0.1ms
[2025-06-06T20:30:21.694+0000][1.042s][info ][gc,phases   ] GC(6)   Evacuate Collection Set: 2.4ms
[2025-06-06T20:30:21.695+0000][1.043s][info ][gc,phases   ] GC(6)   Post Evacuate Collection Set: 0.5ms
[2025-06-06T20:30:21.695+0000][1.043s][info ][gc,phases   ] GC(6)   Other: 0.2ms
[2025-06-06T20:30:21.695+0000][1.043s][info ][gc,heap     ] GC(6) Eden regions: 49->0(48)
[2025-06-06T20:30:21.695+0000][1.043s][info ][gc,heap     ] GC(6) Survivor regions: 3->4(7)
[2025-06-06T20:30:21.695+0000][1.043s][info ][gc,heap     ] GC(6) Old regions: 10->10
[2025-06-06T20:30:21.695+0000][1.043s][info ][gc,heap     ] GC(6) Archive regions: 2->2
[2025-06-06T20:30:21.695+0000][1.043s][info ][gc,heap     ] GC(6) Humongous regions: 0->0
[2025-06-06T20:30:21.695+0000][1.043s][info ][gc,metaspace] GC(6) Metaspace: 10614K(10944K)->10614K(10944K) NonClass: 9235K(9408K)->9235K(9408K) Class: 1379K(1536K)->1379K(1536K)
[2025-06-06T20:30:21.695+0000][1.043s][info ][gc          ] GC(6) Pause Young (Normal) (G1 Evacuation Pause) 61M->13M(87M) 3.847ms
[2025-06-06T20:30:21.695+0000][1.043s][info ][gc,cpu      ] GC(6) User=0.01s Sys=0.00s Real=0.00s
[2025-06-06T20:30:21.695+0000][1.043s][info ][safepoint   ] Safepoint "G1CollectForAllocation", Time since last: 166902417 ns, Reaching safepoint: 202333 ns, Cleanup: 100708 ns, At safepoint: 3961375 ns, Total: 4264416 ns
[2025-06-06T20:30:21.816+0000][1.164s][debug][safepoint   ] Safepoint synchronization initiated using futex wait barrier. (13 threads)
[2025-06-06T20:30:21.816+0000][1.164s][info ][safepoint   ] Safepoint "ICBufferFull", Time since last: 120736834 ns, Reaching safepoint: 175708 ns, Cleanup: 65292 ns, At safepoint: 2666 ns, Total: 243666 ns
[2025-06-06T20:30:21.828+0000][1.176s][debug][safepoint   ] Safepoint synchronization initiated using futex wait barrier. (13 threads)
[2025-06-06T20:30:21.828+0000][1.176s][info ][gc,start    ] GC(7) Pause Young (Normal) (G1 Evacuation Pause)
[2025-06-06T20:30:21.828+0000][1.176s][info ][gc,task     ] GC(7) Using 2 workers of 2 for evacuation
[2025-06-06T20:30:21.832+0000][1.180s][info ][gc,phases   ] GC(7)   Pre Evacuate Collection Set: 0.1ms
[2025-06-06T20:30:21.832+0000][1.180s][info ][gc,phases   ] GC(7)   Merge Heap Roots: 0.1ms
[2025-06-06T20:30:21.832+0000][1.180s][info ][gc,phases   ] GC(7)   Evacuate Collection Set: 3.0ms
[2025-06-06T20:30:21.832+0000][1.180s][info ][gc,phases   ] GC(7)   Post Evacuate Collection Set: 0.4ms
[2025-06-06T20:30:21.832+0000][1.180s][info ][gc,phases   ] GC(7)   Other: 0.2ms
[2025-06-06T20:30:21.832+0000][1.180s][info ][gc,heap     ] GC(7) Eden regions: 48->0(47)
[2025-06-06T20:30:21.832+0000][1.180s][info ][gc,heap     ] GC(7) Survivor regions: 4->5(7)
[2025-06-06T20:30:21.832+0000][1.180s][info ][gc,heap     ] GC(7) Old regions: 10->10
[2025-06-06T20:30:21.832+0000][1.180s][info ][gc,heap     ] GC(7) Archive regions: 2->2
[2025-06-06T20:30:21.832+0000][1.180s][info ][gc,heap     ] GC(7) Humongous regions: 0->0
[2025-06-06T20:30:21.832+0000][1.181s][info ][gc,metaspace] GC(7) Metaspace: 11479K(11776K)->11479K(11776K) NonClass: 9992K(10176K)->9992K(10176K) Class: 1487K(1600K)->1487K(1600K)
[2025-06-06T20:30:21.833+0000][1.181s][info ][gc          ] GC(7) Pause Young (Normal) (G1 Evacuation Pause) 61M->14M(87M) 4.218ms
[2025-06-06T20:30:21.833+0000][1.181s][info ][gc,cpu      ] GC(7) User=0.01s Sys=0.00s Real=0.01s
[2025-06-06T20:30:21.833+0000][1.181s][info ][safepoint   ] Safepoint "G1CollectForAllocation", Time since last: 11618875 ns, Reaching safepoint: 639709 ns, Cleanup: 37083 ns, At safepoint: 4326542 ns, Total: 5003334 ns
[2025-06-06T20:30:21.892+0000][1.241s][debug][safepoint   ] Safepoint synchronization initiated using futex wait barrier. (13 threads)
[2025-06-06T20:30:21.893+0000][1.241s][info ][safepoint   ] Safepoint "ICBufferFull", Time since last: 59894333 ns, Reaching safepoint: 171042 ns, Cleanup: 116541 ns, At safepoint: 1625 ns, Total: 289208 ns
[2025-06-06T20:30:21.982+0000][1.330s][debug][safepoint   ] Safepoint synchronization initiated using futex wait barrier. (14 threads)
[2025-06-06T20:30:21.982+0000][1.331s][info ][safepoint   ] Safepoint "ICBufferFull", Time since last: 89431125 ns, Reaching safepoint: 166292 ns, Cleanup: 95917 ns, At safepoint: 1541 ns, Total: 263750 ns
[2025-06-06T20:30:22.017+0000][1.365s][debug][safepoint   ] Safepoint synchronization initiated using futex wait barrier. (14 threads)
[2025-06-06T20:30:22.018+0000][1.366s][info ][gc,start    ] GC(8) Pause Young (Normal) (G1 Evacuation Pause)
[2025-06-06T20:30:22.018+0000][1.366s][info ][gc,task     ] GC(8) Using 2 workers of 2 for evacuation
[2025-06-06T20:30:22.025+0000][1.373s][info ][gc,phases   ] GC(8)   Pre Evacuate Collection Set: 0.1ms
[2025-06-06T20:30:22.025+0000][1.373s][info ][gc,phases   ] GC(8)   Merge Heap Roots: 0.1ms
[2025-06-06T20:30:22.025+0000][1.373s][info ][gc,phases   ] GC(8)   Evacuate Collection Set: 6.1ms
[2025-06-06T20:30:22.025+0000][1.373s][info ][gc,phases   ] GC(8)   Post Evacuate Collection Set: 0.5ms
[2025-06-06T20:30:22.025+0000][1.373s][info ][gc,phases   ] GC(8)   Other: 0.2ms
[2025-06-06T20:30:22.025+0000][1.373s][info ][gc,heap     ] GC(8) Eden regions: 47->0(47)
[2025-06-06T20:30:22.025+0000][1.373s][info ][gc,heap     ] GC(8) Survivor regions: 5->5(7)
[2025-06-06T20:30:22.025+0000][1.373s][info ][gc,heap     ] GC(8) Old regions: 10->11
[2025-06-06T20:30:22.025+0000][1.373s][info ][gc,heap     ] GC(8) Archive regions: 2->2
[2025-06-06T20:30:22.025+0000][1.373s][info ][gc,heap     ] GC(8) Humongous regions: 0->0
[2025-06-06T20:30:22.025+0000][1.373s][info ][gc,metaspace] GC(8) Metaspace: 13559K(13888K)->13559K(13888K) NonClass: 11807K(12032K)->11807K(12032K) Class: 1752K(1856K)->1752K(1856K)
[2025-06-06T20:30:22.025+0000][1.373s][info ][gc          ] GC(8) Pause Young (Normal) (G1 Evacuation Pause) 61M->16M(87M) 7.619ms
[2025-06-06T20:30:22.025+0000][1.373s][info ][gc,cpu      ] GC(8) User=0.01s Sys=0.00s Real=0.01s
[2025-06-06T20:30:22.025+0000][1.373s][info ][safepoint   ] Safepoint "G1CollectForAllocation", Time since last: 34911125 ns, Reaching safepoint: 175250 ns, Cleanup: 122125 ns, At safepoint: 7723000 ns, Total: 8020375 ns
[2025-06-06T20:30:22.197+0000][1.545s][debug][safepoint   ] Safepoint synchronization initiated using futex wait barrier. (14 threads)
[2025-06-06T20:30:22.197+0000][1.546s][info ][gc,start    ] GC(9) Pause Young (Normal) (G1 Evacuation Pause)
[2025-06-06T20:30:22.198+0000][1.546s][info ][gc,task     ] GC(9) Using 2 workers of 2 for evacuation
[2025-06-06T20:30:22.203+0000][1.551s][info ][gc,phases   ] GC(9)   Pre Evacuate Collection Set: 0.1ms
[2025-06-06T20:30:22.203+0000][1.551s][info ][gc,phases   ] GC(9)   Merge Heap Roots: 0.1ms
[2025-06-06T20:30:22.203+0000][1.551s][info ][gc,phases   ] GC(9)   Evacuate Collection Set: 4.0ms
[2025-06-06T20:30:22.203+0000][1.551s][info ][gc,phases   ] GC(9)   Post Evacuate Collection Set: 0.7ms
[2025-06-06T20:30:22.203+0000][1.551s][info ][gc,phases   ] GC(9)   Other: 0.3ms
[2025-06-06T20:30:22.203+0000][1.551s][info ][gc,heap     ] GC(9) Eden regions: 47->0(59)
[2025-06-06T20:30:22.203+0000][1.551s][info ][gc,heap     ] GC(9) Survivor regions: 5->4(7)
[2025-06-06T20:30:22.203+0000][1.551s][info ][gc,heap     ] GC(9) Old regions: 11->12
[2025-06-06T20:30:22.203+0000][1.551s][info ][gc,heap     ] GC(9) Archive regions: 2->2
[2025-06-06T20:30:22.203+0000][1.551s][info ][gc,heap     ] GC(9) Humongous regions: 0->0
[2025-06-06T20:30:22.203+0000][1.551s][info ][gc,metaspace] GC(9) Metaspace: 14911K(15232K)->14911K(15232K) NonClass: 12961K(13120K)->12961K(13120K) Class: 1949K(2112K)->1949K(2112K)
[2025-06-06T20:30:22.203+0000][1.551s][info ][gc          ] GC(9) Pause Young (Normal) (G1 Evacuation Pause) 63M->16M(105M) 5.619ms
[2025-06-06T20:30:22.203+0000][1.551s][info ][gc,cpu      ] GC(9) User=0.01s Sys=0.00s Real=0.01s
[2025-06-06T20:30:22.203+0000][1.551s][info ][safepoint   ] Safepoint "G1CollectForAllocation", Time since last: 171859292 ns, Reaching safepoint: 131708 ns, Cleanup: 64084 ns, At safepoint: 5745833 ns, Total: 5941625 ns
[2025-06-06T20:30:22.351+0000][1.699s][debug][safepoint   ] Safepoint synchronization initiated using futex wait barrier. (14 threads)
[2025-06-06T20:30:22.351+0000][1.700s][info ][safepoint   ] Safepoint "ICBufferFull", Time since last: 147945000 ns, Reaching safepoint: 212708 ns, Cleanup: 87000 ns, At safepoint: 1542 ns, Total: 301250 ns
[2025-06-06T20:30:22.352+0000][1.700s][debug][safepoint   ] Safepoint synchronization initiated using futex wait barrier. (14 threads)
[2025-06-06T20:30:22.352+0000][1.700s][info ][safepoint   ] Safepoint "ICBufferFull", Time since last: 187333 ns, Reaching safepoint: 519459 ns, Cleanup: 4125 ns, At safepoint: 10125 ns, Total: 533709 ns
[2025-06-06T20:30:22.355+0000][1.703s][info ][cds,heap    ] initialize_from_archived_subgraph java.lang.Byte$ByteCache 0x000000e0000395f8
[2025-06-06T20:30:22.355+0000][1.704s][info ][cds,heap    ] initialize_from_archived_subgraph java.lang.Short$ShortCache 0x000000e00003fce8
[2025-06-06T20:30:22.356+0000][1.704s][debug][safepoint   ] Safepoint synchronization initiated using futex wait barrier. (14 threads)
[2025-06-06T20:30:22.357+0000][1.705s][info ][gc,start    ] GC(10) Pause Young (Normal) (G1 Evacuation Pause)
[2025-06-06T20:30:22.357+0000][1.705s][info ][gc,task     ] GC(10) Using 2 workers of 2 for evacuation
[2025-06-06T20:30:22.360+0000][1.708s][info ][gc,phases   ] GC(10)   Pre Evacuate Collection Set: 0.1ms
[2025-06-06T20:30:22.360+0000][1.708s][info ][gc,phases   ] GC(10)   Merge Heap Roots: 0.0ms
[2025-06-06T20:30:22.360+0000][1.708s][info ][gc,phases   ] GC(10)   Evacuate Collection Set: 2.9ms
[2025-06-06T20:30:22.360+0000][1.708s][info ][gc,phases   ] GC(10)   Post Evacuate Collection Set: 0.4ms
[2025-06-06T20:30:22.360+0000][1.708s][info ][gc,phases   ] GC(10)   Other: 0.1ms
[2025-06-06T20:30:22.360+0000][1.708s][info ][gc,heap     ] GC(10) Eden regions: 59->0(59)
[2025-06-06T20:30:22.360+0000][1.708s][info ][gc,heap     ] GC(10) Survivor regions: 4->4(8)
[2025-06-06T20:30:22.360+0000][1.709s][info ][gc,heap     ] GC(10) Old regions: 12->12
[2025-06-06T20:30:22.360+0000][1.709s][info ][gc,heap     ] GC(10) Archive regions: 2->2
[2025-06-06T20:30:22.361+0000][1.709s][info ][gc,heap     ] GC(10) Humongous regions: 0->0
[2025-06-06T20:30:22.361+0000][1.709s][info ][gc,metaspace] GC(10) Metaspace: 16545K(16896K)->16545K(16896K) NonClass: 14284K(14464K)->14284K(14464K) Class: 2260K(2432K)->2260K(2432K)
[2025-06-06T20:30:22.361+0000][1.709s][info ][gc          ] GC(10) Pause Young (Normal) (G1 Evacuation Pause) 75M->16M(105M) 4.108ms
[2025-06-06T20:30:22.361+0000][1.709s][info ][gc,cpu      ] GC(10) User=0.01s Sys=0.00s Real=0.01s
[2025-06-06T20:30:22.361+0000][1.709s][info ][safepoint   ] Safepoint "G1CollectForAllocation", Time since last: 4200458 ns, Reaching safepoint: 109292 ns, Cleanup: 24750 ns, At safepoint: 4229250 ns, Total: 4363292 ns
[2025-06-06T20:30:22.476+0000][1.824s][debug][safepoint   ] Safepoint synchronization initiated using futex wait barrier. (14 threads)
[2025-06-06T20:30:22.476+0000][1.824s][info ][gc,start    ] GC(11) Pause Young (Normal) (G1 Evacuation Pause)
[2025-06-06T20:30:22.476+0000][1.825s][info ][gc,task     ] GC(11) Using 2 workers of 2 for evacuation
[2025-06-06T20:30:22.481+0000][1.829s][info ][gc,phases   ] GC(11)   Pre Evacuate Collection Set: 0.1ms
[2025-06-06T20:30:22.481+0000][1.829s][info ][gc,phases   ] GC(11)   Merge Heap Roots: 0.1ms
[2025-06-06T20:30:22.481+0000][1.829s][info ][gc,phases   ] GC(11)   Evacuate Collection Set: 3.9ms
[2025-06-06T20:30:22.481+0000][1.829s][info ][gc,phases   ] GC(11)   Post Evacuate Collection Set: 0.5ms
[2025-06-06T20:30:22.481+0000][1.830s][info ][gc,phases   ] GC(11)   Other: 0.2ms
[2025-06-06T20:30:22.482+0000][1.830s][info ][gc,heap     ] GC(11) Eden regions: 59->0(57)
[2025-06-06T20:30:22.482+0000][1.830s][info ][gc,heap     ] GC(11) Survivor regions: 4->6(8)
[2025-06-06T20:30:22.482+0000][1.830s][info ][gc,heap     ] GC(11) Old regions: 12->12
[2025-06-06T20:30:22.482+0000][1.830s][info ][gc,heap     ] GC(11) Archive regions: 2->2
[2025-06-06T20:30:22.482+0000][1.830s][info ][gc,heap     ] GC(11) Humongous regions: 0->0
[2025-06-06T20:30:22.482+0000][1.830s][info ][gc,metaspace] GC(11) Metaspace: 19352K(19648K)->19352K(19648K) NonClass: 16820K(16960K)->16820K(16960K) Class: 2531K(2688K)->2531K(2688K)
[2025-06-06T20:30:22.482+0000][1.830s][info ][gc          ] GC(11) Pause Young (Normal) (G1 Evacuation Pause) 75M->18M(105M) 5.554ms
[2025-06-06T20:30:22.482+0000][1.830s][info ][gc,cpu      ] GC(11) User=0.01s Sys=0.00s Real=0.01s
[2025-06-06T20:30:22.482+0000][1.830s][info ][safepoint   ] Safepoint "G1CollectForAllocation", Time since last: 115326375 ns, Reaching safepoint: 232250 ns, Cleanup: 93208 ns, At safepoint: 5675209 ns, Total: 6000667 ns
[2025-06-06T20:30:22.584+0000][1.932s][debug][safepoint   ] Safepoint synchronization initiated using futex wait barrier. (14 threads)
[2025-06-06T20:30:22.585+0000][1.933s][info ][gc,start    ] GC(12) Pause Young (Concurrent Start) (Metadata GC Threshold)
[2025-06-06T20:30:22.585+0000][1.933s][info ][gc,task     ] GC(12) Using 2 workers of 2 for evacuation
[2025-06-06T20:30:22.591+0000][1.939s][info ][gc,phases   ] GC(12)   Pre Evacuate Collection Set: 0.1ms
[2025-06-06T20:30:22.591+0000][1.939s][info ][gc,phases   ] GC(12)   Merge Heap Roots: 0.1ms
[2025-06-06T20:30:22.591+0000][1.939s][info ][gc,phases   ] GC(12)   Evacuate Collection Set: 5.2ms
[2025-06-06T20:30:22.591+0000][1.939s][info ][gc,phases   ] GC(12)   Post Evacuate Collection Set: 0.5ms
[2025-06-06T20:30:22.591+0000][1.939s][info ][gc,phases   ] GC(12)   Other: 0.3ms
[2025-06-06T20:30:22.591+0000][1.939s][info ][gc,heap     ] GC(12) Eden regions: 35->0(58)
[2025-06-06T20:30:22.591+0000][1.939s][info ][gc,heap     ] GC(12) Survivor regions: 6->5(8)
[2025-06-06T20:30:22.591+0000][1.939s][info ][gc,heap     ] GC(12) Old regions: 12->15
[2025-06-06T20:30:22.591+0000][1.939s][info ][gc,heap     ] GC(12) Archive regions: 2->2
[2025-06-06T20:30:22.591+0000][1.939s][info ][gc,heap     ] GC(12) Humongous regions: 0->0
[2025-06-06T20:30:22.591+0000][1.939s][info ][gc,metaspace] GC(12) Metaspace: 21259K(21504K)->21259K(21504K) NonClass: 18474K(18624K)->18474K(18624K) Class: 2784K(2880K)->2784K(2880K)
[2025-06-06T20:30:22.591+0000][1.939s][info ][gc          ] GC(12) Pause Young (Concurrent Start) (Metadata GC Threshold) 52M->20M(105M) 6.689ms
[2025-06-06T20:30:22.591+0000][1.939s][info ][gc,cpu      ] GC(12) User=0.01s Sys=0.00s Real=0.01s
[2025-06-06T20:30:22.591+0000][1.939s][info ][safepoint   ] Safepoint "CollectForMetadataAllocation", Time since last: 102233291 ns, Reaching safepoint: 180375 ns, Cleanup: 22209 ns, At safepoint: 6837625 ns, Total: 7040209 ns
[2025-06-06T20:30:22.591+0000][1.939s][info ][gc          ] GC(13) Concurrent Mark Cycle
[2025-06-06T20:30:22.592+0000][1.940s][info ][gc,marking  ] GC(13) Concurrent Clear Claimed Marks
[2025-06-06T20:30:22.592+0000][1.940s][info ][gc,marking  ] GC(13) Concurrent Clear Claimed Marks 0.158ms
[2025-06-06T20:30:22.592+0000][1.940s][info ][gc,marking  ] GC(13) Concurrent Scan Root Regions
[2025-06-06T20:30:22.595+0000][1.943s][info ][gc,marking  ] GC(13) Concurrent Scan Root Regions 2.864ms
[2025-06-06T20:30:22.595+0000][1.943s][info ][gc,marking  ] GC(13) Concurrent Mark
[2025-06-06T20:30:22.595+0000][1.943s][info ][gc,marking  ] GC(13) Concurrent Mark From Roots
[2025-06-06T20:30:22.595+0000][1.943s][info ][gc,task     ] GC(13) Using 1 workers of 1 for marking
[2025-06-06T20:30:22.604+0000][1.952s][info ][gc,marking  ] GC(13) Concurrent Mark From Roots 8.421ms
[2025-06-06T20:30:22.604+0000][1.952s][info ][gc,marking  ] GC(13) Concurrent Preclean
[2025-06-06T20:30:22.606+0000][1.954s][debug][safepoint   ] Safepoint synchronization initiated using futex wait barrier. (14 threads)
[2025-06-06T20:30:22.606+0000][1.954s][info ][safepoint   ] Safepoint "CollectForMetadataAllocation", Time since last: 14313041 ns, Reaching safepoint: 129792 ns, Cleanup: 19292 ns, At safepoint: 26208 ns, Total: 175292 ns
[2025-06-06T20:30:22.606+0000][1.954s][debug][safepoint   ] Safepoint synchronization initiated using futex wait barrier. (14 threads)
[2025-06-06T20:30:22.607+0000][1.955s][info ][safepoint   ] Safepoint "CollectForMetadataAllocation", Time since last: 126625 ns, Reaching safepoint: 1422250 ns, Cleanup: 1708 ns, At safepoint: 5542 ns, Total: 1429500 ns
[2025-06-06T20:30:22.607+0000][1.956s][info ][gc,marking  ] GC(13) Concurrent Preclean 3.277ms
[2025-06-06T20:30:22.608+0000][1.956s][debug][safepoint   ] Safepoint synchronization initiated using futex wait barrier. (14 threads)
[2025-06-06T20:30:22.608+0000][1.956s][info ][safepoint   ] Safepoint "CollectForMetadataAllocation", Time since last: 198875 ns, Reaching safepoint: 592875 ns, Cleanup: 1542 ns, At safepoint: 18375 ns, Total: 612792 ns
[2025-06-06T20:30:22.609+0000][1.957s][debug][safepoint   ] Safepoint synchronization initiated using futex wait barrier. (14 threads)
[2025-06-06T20:30:22.609+0000][1.957s][info ][gc,start    ] GC(13) Pause Remark
[2025-06-06T20:30:22.611+0000][1.959s][info ][gc          ] GC(13) Pause Remark 25M->25M(94M) 2.078ms
[2025-06-06T20:30:22.611+0000][1.959s][info ][gc,cpu      ] GC(13) User=0.01s Sys=0.00s Real=0.01s
[2025-06-06T20:30:22.611+0000][1.960s][info ][safepoint   ] Safepoint "G1PauseRemark", Time since last: 326875 ns, Reaching safepoint: 665375 ns, Cleanup: 1708 ns, At safepoint: 2277167 ns, Total: 2944250 ns
[2025-06-06T20:30:22.612+0000][1.960s][info ][gc,marking  ] GC(13) Concurrent Mark 16.519ms
[2025-06-06T20:30:22.612+0000][1.960s][info ][gc,marking  ] GC(13) Concurrent Rebuild Remembered Sets
[2025-06-06T20:30:22.618+0000][1.966s][info ][gc,marking  ] GC(13) Concurrent Rebuild Remembered Sets 6.422ms
[2025-06-06T20:30:22.618+0000][1.967s][debug][safepoint   ] Safepoint synchronization initiated using futex wait barrier. (14 threads)
[2025-06-06T20:30:22.619+0000][1.967s][info ][gc,start    ] GC(13) Pause Cleanup
[2025-06-06T20:30:22.619+0000][1.967s][info ][gc          ] GC(13) Pause Cleanup 27M->27M(94M) 0.106ms
[2025-06-06T20:30:22.619+0000][1.967s][info ][gc,cpu      ] GC(13) User=0.00s Sys=0.00s Real=0.00s
[2025-06-06T20:30:22.619+0000][1.967s][info ][safepoint   ] Safepoint "G1PauseCleanup", Time since last: 6963291 ns, Reaching safepoint: 52959 ns, Cleanup: 20291 ns, At safepoint: 232209 ns, Total: 305459 ns
[2025-06-06T20:30:22.619+0000][1.967s][info ][gc,marking  ] GC(13) Concurrent Cleanup for Next Mark
[2025-06-06T20:30:22.649+0000][1.998s][info ][gc,marking  ] GC(13) Concurrent Cleanup for Next Mark 30.694ms
[2025-06-06T20:30:22.650+0000][1.998s][info ][gc          ] GC(13) Concurrent Mark Cycle 58.333ms
[2025-06-06T20:30:22.753+0000][2.101s][debug][safepoint   ] Safepoint synchronization initiated using futex wait barrier. (14 threads)
[2025-06-06T20:30:22.753+0000][2.101s][info ][safepoint   ] Safepoint "ICBufferFull", Time since last: 134013250 ns, Reaching safepoint: 415958 ns, Cleanup: 65833 ns, At safepoint: 10459 ns, Total: 492250 ns
[2025-06-06T20:30:22.773+0000][2.121s][debug][safepoint   ] Safepoint synchronization initiated using futex wait barrier. (13 threads)
[2025-06-06T20:30:22.773+0000][2.121s][info ][gc,start    ] GC(14) Pause Young (Concurrent Start) (G1 Evacuation Pause)
[2025-06-06T20:30:22.773+0000][2.121s][info ][gc,task     ] GC(14) Using 2 workers of 2 for evacuation
[2025-06-06T20:30:22.778+0000][2.126s][info ][gc,phases   ] GC(14)   Pre Evacuate Collection Set: 0.1ms
[2025-06-06T20:30:22.778+0000][2.126s][info ][gc,phases   ] GC(14)   Merge Heap Roots: 0.1ms
[2025-06-06T20:30:22.778+0000][2.126s][info ][gc,phases   ] GC(14)   Evacuate Collection Set: 3.8ms
[2025-06-06T20:30:22.778+0000][2.126s][info ][gc,phases   ] GC(14)   Post Evacuate Collection Set: 0.6ms
[2025-06-06T20:30:22.778+0000][2.126s][info ][gc,phases   ] GC(14)   Other: 0.2ms
[2025-06-06T20:30:22.778+0000][2.126s][info ][gc,heap     ] GC(14) Eden regions: 58->0(49)
[2025-06-06T20:30:22.778+0000][2.126s][info ][gc,heap     ] GC(14) Survivor regions: 5->7(8)
[2025-06-06T20:30:22.778+0000][2.126s][info ][gc,heap     ] GC(14) Old regions: 15->15
[2025-06-06T20:30:22.778+0000][2.126s][info ][gc,heap     ] GC(14) Archive regions: 2->2
[2025-06-06T20:30:22.778+0000][2.126s][info ][gc,heap     ] GC(14) Humongous regions: 0->0
[2025-06-06T20:30:22.778+0000][2.126s][info ][gc,metaspace] GC(14) Metaspace: 24059K(24384K)->24059K(24384K) NonClass: 20903K(21056K)->20903K(21056K) Class: 3156K(3328K)->3156K(3328K)
[2025-06-06T20:30:22.778+0000][2.126s][info ][gc          ] GC(14) Pause Young (Concurrent Start) (G1 Evacuation Pause) 78M->22M(94M) 5.381ms
[2025-06-06T20:30:22.778+0000][2.126s][info ][gc,cpu      ] GC(14) User=0.01s Sys=0.00s Real=0.00s
[2025-06-06T20:30:22.778+0000][2.127s][info ][safepoint   ] Safepoint "G1CollectForAllocation", Time since last: 19462625 ns, Reaching safepoint: 183125 ns, Cleanup: 51708 ns, At safepoint: 5496500 ns, Total: 5731333 ns
[2025-06-06T20:30:22.778+0000][2.127s][info ][gc          ] GC(15) Concurrent Mark Cycle
[2025-06-06T20:30:22.780+0000][2.128s][info ][gc,marking  ] GC(15) Concurrent Clear Claimed Marks
[2025-06-06T20:30:22.780+0000][2.128s][info ][gc,marking  ] GC(15) Concurrent Clear Claimed Marks 0.137ms
[2025-06-06T20:30:22.780+0000][2.128s][info ][gc,marking  ] GC(15) Concurrent Scan Root Regions
[2025-06-06T20:30:22.782+0000][2.131s][info ][gc,marking  ] GC(15) Concurrent Scan Root Regions 2.243ms
[2025-06-06T20:30:22.784+0000][2.132s][info ][gc,marking  ] GC(15) Concurrent Mark
[2025-06-06T20:30:22.784+0000][2.132s][info ][gc,marking  ] GC(15) Concurrent Mark From Roots
[2025-06-06T20:30:22.784+0000][2.132s][info ][gc,task     ] GC(15) Using 1 workers of 1 for marking
[2025-06-06T20:30:22.796+0000][2.144s][info ][gc,marking  ] GC(15) Concurrent Mark From Roots 11.411ms
[2025-06-06T20:30:22.796+0000][2.144s][info ][gc,marking  ] GC(15) Concurrent Preclean
[2025-06-06T20:30:22.796+0000][2.144s][info ][gc,marking  ] GC(15) Concurrent Preclean 0.212ms
[2025-06-06T20:30:22.797+0000][2.145s][debug][safepoint   ] Safepoint synchronization initiated using futex wait barrier. (13 threads)
[2025-06-06T20:30:22.797+0000][2.145s][info ][gc,start    ] GC(15) Pause Remark
[2025-06-06T20:30:22.799+0000][2.147s][info ][gc          ] GC(15) Pause Remark 28M->28M(94M) 2.004ms
[2025-06-06T20:30:22.799+0000][2.148s][info ][gc,cpu      ] GC(15) User=0.00s Sys=0.00s Real=0.00s
[2025-06-06T20:30:22.800+0000][2.148s][info ][safepoint   ] Safepoint "G1PauseRemark", Time since last: 18839125 ns, Reaching safepoint: 73292 ns, Cleanup: 32666 ns, At safepoint: 2182917 ns, Total: 2288875 ns
[2025-06-06T20:30:22.800+0000][2.148s][info ][gc,marking  ] GC(15) Concurrent Mark 15.543ms
[2025-06-06T20:30:22.800+0000][2.148s][info ][gc,marking  ] GC(15) Concurrent Rebuild Remembered Sets
[2025-06-06T20:30:22.808+0000][2.156s][info ][gc,marking  ] GC(15) Concurrent Rebuild Remembered Sets 7.724ms
[2025-06-06T20:30:22.850+0000][2.198s][debug][safepoint   ] Safepoint synchronization initiated using futex wait barrier. (13 threads)
[2025-06-06T20:30:22.851+0000][2.199s][info ][gc,start    ] GC(15) Pause Cleanup
[2025-06-06T20:30:22.852+0000][2.200s][info ][gc          ] GC(15) Pause Cleanup 32M->32M(94M) 0.130ms
[2025-06-06T20:30:22.852+0000][2.200s][info ][gc,cpu      ] GC(15) User=0.00s Sys=0.00s Real=0.00s
[2025-06-06T20:30:22.852+0000][2.200s][info ][safepoint   ] Safepoint "G1PauseCleanup", Time since last: 50156792 ns, Reaching safepoint: 1648708 ns, Cleanup: 37167 ns, At safepoint: 242375 ns, Total: 1928250 ns
[2025-06-06T20:30:22.852+0000][2.200s][info ][gc,marking  ] GC(15) Concurrent Cleanup for Next Mark
[2025-06-06T20:30:22.855+0000][2.203s][info ][gc,marking  ] GC(15) Concurrent Cleanup for Next Mark 3.080ms
[2025-06-06T20:30:22.858+0000][2.206s][info ][gc          ] GC(15) Concurrent Mark Cycle 79.696ms
[2025-06-06T20:30:22.911+0000][2.260s][debug][safepoint   ] Safepoint synchronization initiated using futex wait barrier. (13 threads)
[2025-06-06T20:30:22.912+0000][2.260s][info ][safepoint   ] Safepoint "ICBufferFull", Time since last: 59801958 ns, Reaching safepoint: 189167 ns, Cleanup: 71375 ns, At safepoint: 1583 ns, Total: 262125 ns
[2025-06-06T20:30:22.927+0000][2.275s][debug][safepoint   ] Safepoint synchronization initiated using futex wait barrier. (13 threads)
[2025-06-06T20:30:22.947+0000][2.295s][info ][gc,start    ] GC(16) Pause Young (Normal) (G1 Evacuation Pause)
[2025-06-06T20:30:22.947+0000][2.295s][info ][gc,task     ] GC(16) Using 2 workers of 2 for evacuation
[2025-06-06T20:30:22.954+0000][2.302s][info ][gc,phases   ] GC(16)   Pre Evacuate Collection Set: 0.1ms
[2025-06-06T20:30:22.954+0000][2.302s][info ][gc,phases   ] GC(16)   Merge Heap Roots: 0.1ms
[2025-06-06T20:30:22.954+0000][2.302s][info ][gc,phases   ] GC(16)   Evacuate Collection Set: 6.5ms
[2025-06-06T20:30:22.954+0000][2.302s][info ][gc,phases   ] GC(16)   Post Evacuate Collection Set: 0.5ms
[2025-06-06T20:30:22.954+0000][2.302s][info ][gc,phases   ] GC(16)   Other: 0.2ms
[2025-06-06T20:30:22.954+0000][2.302s][info ][gc,heap     ] GC(16) Eden regions: 49->0(48)
[2025-06-06T20:30:22.954+0000][2.302s][info ][gc,heap     ] GC(16) Survivor regions: 7->7(7)
[2025-06-06T20:30:22.954+0000][2.302s][info ][gc,heap     ] GC(16) Old regions: 15->19
[2025-06-06T20:30:22.954+0000][2.302s][info ][gc,heap     ] GC(16) Archive regions: 2->2
[2025-06-06T20:30:22.954+0000][2.302s][info ][gc,heap     ] GC(16) Humongous regions: 0->0
[2025-06-06T20:30:22.954+0000][2.303s][info ][gc,metaspace] GC(16) Metaspace: 24396K(24832K)->24396K(24832K) NonClass: 21216K(21440K)->21216K(21440K) Class: 3180K(3392K)->3180K(3392K)
[2025-06-06T20:30:22.954+0000][2.303s][info ][gc          ] GC(16) Pause Young (Normal) (G1 Evacuation Pause) 71M->25M(94M) 7.907ms
[2025-06-06T20:30:22.955+0000][2.303s][info ][gc,cpu      ] GC(16) User=0.01s Sys=0.00s Real=0.01s
[2025-06-06T20:30:22.955+0000][2.303s][info ][safepoint   ] Safepoint "G1CollectForAllocation", Time since last: 14975833 ns, Reaching safepoint: 19843542 ns, Cleanup: 25000 ns, At safepoint: 8010458 ns, Total: 27879000 ns
[2025-06-06T20:30:23.014+0000][2.362s][debug][safepoint   ] Safepoint synchronization initiated using futex wait barrier. (13 threads)
[2025-06-06T20:30:23.014+0000][2.363s][info ][gc,start    ] GC(17) Pause Young (Normal) (G1 Evacuation Pause)
[2025-06-06T20:30:23.014+0000][2.363s][info ][gc,task     ] GC(17) Using 2 workers of 2 for evacuation
[2025-06-06T20:30:23.023+0000][2.372s][info ][gc,phases   ] GC(17)   Pre Evacuate Collection Set: 0.1ms
[2025-06-06T20:30:23.024+0000][2.372s][info ][gc,phases   ] GC(17)   Merge Heap Roots: 0.1ms
[2025-06-06T20:30:23.024+0000][2.372s][info ][gc,phases   ] GC(17)   Evacuate Collection Set: 7.9ms
[2025-06-06T20:30:23.024+0000][2.372s][info ][gc,phases   ] GC(17)   Post Evacuate Collection Set: 0.9ms
[2025-06-06T20:30:23.024+0000][2.372s][info ][gc,phases   ] GC(17)   Other: 0.2ms
[2025-06-06T20:30:23.024+0000][2.372s][info ][gc,heap     ] GC(17) Eden regions: 48->0(65)
[2025-06-06T20:30:23.024+0000][2.372s][info ][gc,heap     ] GC(17) Survivor regions: 7->7(7)
[2025-06-06T20:30:23.024+0000][2.372s][info ][gc,heap     ] GC(17) Old regions: 19->25
[2025-06-06T20:30:23.024+0000][2.372s][info ][gc,heap     ] GC(17) Archive regions: 2->2
[2025-06-06T20:30:23.024+0000][2.372s][info ][gc,heap     ] GC(17) Humongous regions: 0->0
[2025-06-06T20:30:23.024+0000][2.372s][info ][gc,metaspace] GC(17) Metaspace: 24431K(24832K)->24431K(24832K) NonClass: 21242K(21440K)->21242K(21440K) Class: 3189K(3392K)->3189K(3392K)
[2025-06-06T20:30:23.024+0000][2.372s][info ][gc          ] GC(17) Pause Young (Normal) (G1 Evacuation Pause) 73M->31M(125M) 9.633ms
[2025-06-06T20:30:23.024+0000][2.372s][info ][gc,cpu      ] GC(17) User=0.01s Sys=0.00s Real=0.01s
[2025-06-06T20:30:23.024+0000][2.372s][info ][safepoint   ] Safepoint "G1CollectForAllocation", Time since last: 59634292 ns, Reaching safepoint: 171750 ns, Cleanup: 48292 ns, At safepoint: 9732916 ns, Total: 9952958 ns
[2025-06-06T20:30:23.127+0000][2.475s][debug][safepoint   ] Safepoint synchronization initiated using futex wait barrier. (13 threads)
[2025-06-06T20:30:23.128+0000][2.476s][info ][gc,start    ] GC(18) Pause Young (Normal) (G1 Evacuation Pause)
[2025-06-06T20:30:23.128+0000][2.476s][info ][gc,task     ] GC(18) Using 2 workers of 2 for evacuation
[2025-06-06T20:30:23.136+0000][2.485s][info ][gc,phases   ] GC(18)   Pre Evacuate Collection Set: 0.1ms
[2025-06-06T20:30:23.137+0000][2.485s][info ][gc,phases   ] GC(18)   Merge Heap Roots: 0.1ms
[2025-06-06T20:30:23.137+0000][2.485s][info ][gc,phases   ] GC(18)   Evacuate Collection Set: 7.7ms
[2025-06-06T20:30:23.137+0000][2.485s][info ][gc,phases   ] GC(18)   Post Evacuate Collection Set: 0.9ms
[2025-06-06T20:30:23.137+0000][2.485s][info ][gc,phases   ] GC(18)   Other: 0.2ms
[2025-06-06T20:30:23.137+0000][2.485s][info ][gc,heap     ] GC(18) Eden regions: 65->0(57)
[2025-06-06T20:30:23.137+0000][2.485s][info ][gc,heap     ] GC(18) Survivor regions: 7->8(9)
[2025-06-06T20:30:23.137+0000][2.485s][info ][gc,heap     ] GC(18) Old regions: 25->31
[2025-06-06T20:30:23.137+0000][2.485s][info ][gc,heap     ] GC(18) Archive regions: 2->2
[2025-06-06T20:30:23.137+0000][2.485s][info ][gc,heap     ] GC(18) Humongous regions: 0->0
[2025-06-06T20:30:23.137+0000][2.485s][info ][gc,metaspace] GC(18) Metaspace: 24484K(24896K)->24484K(24896K) NonClass: 21289K(21504K)->21289K(21504K) Class: 3194K(3392K)->3194K(3392K)
[2025-06-06T20:30:23.137+0000][2.485s][info ][gc          ] GC(18) Pause Young (Normal) (G1 Evacuation Pause) 96M->39M(125M) 9.646ms
[2025-06-06T20:30:23.137+0000][2.485s][info ][gc,cpu      ] GC(18) User=0.02s Sys=0.00s Real=0.01s
[2025-06-06T20:30:23.137+0000][2.485s][info ][safepoint   ] Safepoint "G1CollectForAllocation", Time since last: 103114542 ns, Reaching safepoint: 222209 ns, Cleanup: 49000 ns, At safepoint: 9758750 ns, Total: 10029959 ns
[2025-06-06T20:30:23.169+0000][2.517s][debug][safepoint   ] ... found polling page loop exception at pc = 0x0000ffff75aeaecc, stub =0x0000ffff7c97ef00
[2025-06-06T20:30:23.229+0000][2.577s][debug][safepoint   ] Safepoint synchronization initiated using futex wait barrier. (13 threads)
[2025-06-06T20:30:23.229+0000][2.577s][info ][gc,start    ] GC(19) Pause Young (Normal) (G1 Evacuation Pause)
[2025-06-06T20:30:23.229+0000][2.577s][info ][gc,task     ] GC(19) Using 2 workers of 2 for evacuation
[2025-06-06T20:30:23.258+0000][2.606s][info ][gc,phases   ] GC(19)   Pre Evacuate Collection Set: 0.1ms
[2025-06-06T20:30:23.258+0000][2.606s][info ][gc,phases   ] GC(19)   Merge Heap Roots: 0.1ms
[2025-06-06T20:30:23.258+0000][2.606s][info ][gc,phases   ] GC(19)   Evacuate Collection Set: 27.1ms
[2025-06-06T20:30:23.258+0000][2.606s][info ][gc,phases   ] GC(19)   Post Evacuate Collection Set: 0.8ms
[2025-06-06T20:30:23.258+0000][2.606s][info ][gc,phases   ] GC(19)   Other: 0.2ms
[2025-06-06T20:30:23.258+0000][2.606s][info ][gc,heap     ] GC(19) Eden regions: 57->0(53)
[2025-06-06T20:30:23.258+0000][2.606s][info ][gc,heap     ] GC(19) Survivor regions: 8->6(9)
[2025-06-06T20:30:23.258+0000][2.606s][info ][gc,heap     ] GC(19) Old regions: 31->38
[2025-06-06T20:30:23.258+0000][2.606s][info ][gc,heap     ] GC(19) Archive regions: 2->2
[2025-06-06T20:30:23.258+0000][2.606s][info ][gc,heap     ] GC(19) Humongous regions: 0->0
[2025-06-06T20:30:23.258+0000][2.606s][info ][gc,metaspace] GC(19) Metaspace: 24737K(25088K)->24737K(25088K) NonClass: 21504K(21696K)->21504K(21696K) Class: 3233K(3392K)->3233K(3392K)
[2025-06-06T20:30:23.258+0000][2.606s][info ][gc          ] GC(19) Pause Young (Normal) (G1 Evacuation Pause) 96M->44M(125M) 28.918ms
[2025-06-06T20:30:23.258+0000][2.606s][info ][gc,cpu      ] GC(19) User=0.03s Sys=0.00s Real=0.03s
[2025-06-06T20:30:23.258+0000][2.606s][info ][safepoint   ] Safepoint "G1CollectForAllocation", Time since last: 91626291 ns, Reaching safepoint: 172292 ns, Cleanup: 119417 ns, At safepoint: 29064208 ns, Total: 29355917 ns
[2025-06-06T20:30:23.315+0000][2.663s][debug][safepoint   ] Safepoint synchronization initiated using futex wait barrier. (13 threads)
[2025-06-06T20:30:23.315+0000][2.663s][info ][safepoint   ] Safepoint "ICBufferFull", Time since last: 56795292 ns, Reaching safepoint: 196875 ns, Cleanup: 100791 ns, At safepoint: 1459 ns, Total: 299125 ns
[2025-06-06T20:30:23.390+0000][2.738s][debug][safepoint   ] Safepoint synchronization initiated using futex wait barrier. (13 threads)
[2025-06-06T20:30:23.391+0000][2.739s][info ][safepoint   ] Safepoint "ICBufferFull", Time since last: 74963291 ns, Reaching safepoint: 189875 ns, Cleanup: 82125 ns, At safepoint: 4167 ns, Total: 276167 ns
[2025-06-06T20:30:23.394+0000][2.742s][debug][safepoint   ] Safepoint synchronization initiated using futex wait barrier. (13 threads)
[2025-06-06T20:30:23.394+0000][2.742s][info ][gc,start    ] GC(20) Pause Young (Normal) (G1 Evacuation Pause)
[2025-06-06T20:30:23.394+0000][2.742s][info ][gc,task     ] GC(20) Using 2 workers of 2 for evacuation
[2025-06-06T20:30:23.401+0000][2.749s][info ][gc,phases   ] GC(20)   Pre Evacuate Collection Set: 0.1ms
[2025-06-06T20:30:23.401+0000][2.749s][info ][gc,phases   ] GC(20)   Merge Heap Roots: 0.1ms
[2025-06-06T20:30:23.401+0000][2.749s][info ][gc,phases   ] GC(20)   Evacuate Collection Set: 5.4ms
[2025-06-06T20:30:23.401+0000][2.749s][info ][gc,phases   ] GC(20)   Post Evacuate Collection Set: 0.7ms
[2025-06-06T20:30:23.401+0000][2.749s][info ][gc,phases   ] GC(20)   Other: 0.2ms
[2025-06-06T20:30:23.401+0000][2.749s][info ][gc,heap     ] GC(20) Eden regions: 53->0(50)
[2025-06-06T20:30:23.401+0000][2.749s][info ][gc,heap     ] GC(20) Survivor regions: 6->4(8)
[2025-06-06T20:30:23.401+0000][2.749s][info ][gc,heap     ] GC(20) Old regions: 38->44
[2025-06-06T20:30:23.401+0000][2.749s][info ][gc,heap     ] GC(20) Archive regions: 2->2
[2025-06-06T20:30:23.401+0000][2.749s][info ][gc,heap     ] GC(20) Humongous regions: 0->0
[2025-06-06T20:30:23.401+0000][2.749s][info ][gc,metaspace] GC(20) Metaspace: 25062K(25408K)->25062K(25408K) NonClass: 21804K(21952K)->21804K(21952K) Class: 3258K(3456K)->3258K(3456K)
[2025-06-06T20:30:23.401+0000][2.749s][info ][gc          ] GC(20) Pause Young (Normal) (G1 Evacuation Pause) 97M->48M(125M) 6.926ms
[2025-06-06T20:30:23.401+0000][2.749s][info ][gc,cpu      ] GC(20) User=0.01s Sys=0.00s Real=0.01s
[2025-06-06T20:30:23.401+0000][2.749s][info ][safepoint   ] Safepoint "G1CollectForAllocation", Time since last: 3447958 ns, Reaching safepoint: 116417 ns, Cleanup: 21292 ns, At safepoint: 7021250 ns, Total: 7158959 ns
[2025-06-06T20:30:23.487+0000][2.835s][debug][safepoint   ] Safepoint synchronization initiated using futex wait barrier. (13 threads)
[2025-06-06T20:30:23.487+0000][2.835s][info ][safepoint   ] Safepoint "ICBufferFull", Time since last: 85416041 ns, Reaching safepoint: 219625 ns, Cleanup: 82459 ns, At safepoint: 5125 ns, Total: 307209 ns
[2025-06-06T20:30:23.506+0000][2.855s][debug][safepoint   ] Safepoint synchronization initiated using futex wait barrier. (13 threads)
[2025-06-06T20:30:23.507+0000][2.855s][info ][gc,start    ] GC(21) Pause Young (Normal) (G1 Evacuation Pause)
[2025-06-06T20:30:23.507+0000][2.855s][info ][gc,task     ] GC(21) Using 2 workers of 2 for evacuation
[2025-06-06T20:30:23.513+0000][2.861s][info ][gc,phases   ] GC(21)   Pre Evacuate Collection Set: 0.1ms
[2025-06-06T20:30:23.513+0000][2.861s][info ][gc,phases   ] GC(21)   Merge Heap Roots: 0.1ms
[2025-06-06T20:30:23.513+0000][2.861s][info ][gc,phases   ] GC(21)   Evacuate Collection Set: 3.8ms
[2025-06-06T20:30:23.513+0000][2.862s][info ][gc,phases   ] GC(21)   Post Evacuate Collection Set: 2.4ms
[2025-06-06T20:30:23.514+0000][2.862s][info ][gc,phases   ] GC(21)   Other: 0.2ms
[2025-06-06T20:30:23.514+0000][2.862s][info ][gc,heap     ] GC(21) Eden regions: 50->0(137)
[2025-06-06T20:30:23.514+0000][2.862s][info ][gc,heap     ] GC(21) Survivor regions: 4->3(7)
[2025-06-06T20:30:23.514+0000][2.862s][info ][gc,heap     ] GC(21) Old regions: 44->48
[2025-06-06T20:30:23.514+0000][2.862s][info ][gc,heap     ] GC(21) Archive regions: 2->2
[2025-06-06T20:30:23.514+0000][2.862s][info ][gc,heap     ] GC(21) Humongous regions: 0->0
[2025-06-06T20:30:23.514+0000][2.862s][info ][gc,metaspace] GC(21) Metaspace: 25137K(25536K)->25137K(25536K) NonClass: 21878K(22080K)->21878K(22080K) Class: 3258K(3456K)->3258K(3456K)
[2025-06-06T20:30:23.514+0000][2.862s][info ][gc          ] GC(21) Pause Young (Normal) (G1 Evacuation Pause) 98M->50M(250M) 7.131ms
[2025-06-06T20:30:23.514+0000][2.862s][info ][gc,cpu      ] GC(21) User=0.01s Sys=0.00s Real=0.01s
[2025-06-06T20:30:23.514+0000][2.862s][info ][safepoint   ] Safepoint "G1CollectForAllocation", Time since last: 19526458 ns, Reaching safepoint: 177958 ns, Cleanup: 44709 ns, At safepoint: 7245708 ns, Total: 7468375 ns
[2025-06-06T20:30:23.686+0000][3.034s][debug][safepoint   ] Safepoint synchronization initiated using futex wait barrier. (13 threads)
[2025-06-06T20:30:23.686+0000][3.034s][info ][safepoint   ] Safepoint "ICBufferFull", Time since last: 171975875 ns, Reaching safepoint: 197500 ns, Cleanup: 93667 ns, At safepoint: 1916 ns, Total: 293083 ns
[2025-06-06T20:30:23.872+0000][3.220s][debug][safepoint   ] Safepoint synchronization initiated using futex wait barrier. (14 threads)
[2025-06-06T20:30:23.872+0000][3.220s][info ][gc,start    ] GC(22) Pause Young (Normal) (G1 Evacuation Pause)
[2025-06-06T20:30:23.872+0000][3.220s][info ][gc,task     ] GC(22) Using 2 workers of 2 for evacuation
[2025-06-06T20:30:23.878+0000][3.226s][info ][gc,phases   ] GC(22)   Pre Evacuate Collection Set: 0.1ms
[2025-06-06T20:30:23.878+0000][3.226s][info ][gc,phases   ] GC(22)   Merge Heap Roots: 0.1ms
[2025-06-06T20:30:23.878+0000][3.226s][info ][gc,phases   ] GC(22)   Evacuate Collection Set: 4.6ms
[2025-06-06T20:30:23.878+0000][3.226s][info ][gc,phases   ] GC(22)   Post Evacuate Collection Set: 0.7ms
[2025-06-06T20:30:23.878+0000][3.226s][info ][gc,phases   ] GC(22)   Other: 0.2ms
[2025-06-06T20:30:23.878+0000][3.226s][info ][gc,heap     ] GC(22) Eden regions: 137->0(143)
[2025-06-06T20:30:23.878+0000][3.226s][info ][gc,heap     ] GC(22) Survivor regions: 3->7(18)
[2025-06-06T20:30:23.878+0000][3.226s][info ][gc,heap     ] GC(22) Old regions: 48->48
[2025-06-06T20:30:23.878+0000][3.226s][info ][gc,heap     ] GC(22) Archive regions: 2->2
[2025-06-06T20:30:23.878+0000][3.226s][info ][gc,heap     ] GC(22) Humongous regions: 0->0
[2025-06-06T20:30:23.878+0000][3.226s][info ][gc,metaspace] GC(22) Metaspace: 26062K(26432K)->26062K(26432K) NonClass: 22730K(22912K)->22730K(22912K) Class: 3332K(3520K)->3332K(3520K)
[2025-06-06T20:30:23.878+0000][3.227s][info ][gc          ] GC(22) Pause Young (Normal) (G1 Evacuation Pause) 187M->54M(250M) 6.157ms
[2025-06-06T20:30:23.878+0000][3.227s][info ][gc,cpu      ] GC(22) User=0.01s Sys=0.00s Real=0.00s
[2025-06-06T20:30:23.879+0000][3.227s][info ][safepoint   ] Safepoint "G1CollectForAllocation", Time since last: 185676584 ns, Reaching safepoint: 209833 ns, Cleanup: 159042 ns, At safepoint: 6266500 ns, Total: 6635375 ns
[2025-06-06T20:30:24.086+0000][3.434s][debug][safepoint   ] Safepoint synchronization initiated using futex wait barrier. (13 threads)
[2025-06-06T20:30:24.086+0000][3.435s][info ][safepoint   ] Safepoint "ICBufferFull", Time since last: 207691042 ns, Reaching safepoint: 194708 ns, Cleanup: 62458 ns, At safepoint: 1542 ns, Total: 258708 ns
[2025-06-06T20:30:24.105+0000][3.453s][debug][safepoint   ] Safepoint synchronization initiated using futex wait barrier. (13 threads)
[2025-06-06T20:30:24.105+0000][3.453s][info ][gc,start    ] GC(23) Pause Young (Normal) (G1 Evacuation Pause)
[2025-06-06T20:30:24.105+0000][3.453s][info ][gc,task     ] GC(23) Using 2 workers of 2 for evacuation
[2025-06-06T20:30:24.110+0000][3.458s][info ][gc,phases   ] GC(23)   Pre Evacuate Collection Set: 0.1ms
[2025-06-06T20:30:24.110+0000][3.458s][info ][gc,phases   ] GC(23)   Merge Heap Roots: 0.1ms
[2025-06-06T20:30:24.110+0000][3.458s][info ][gc,phases   ] GC(23)   Evacuate Collection Set: 4.0ms
[2025-06-06T20:30:24.110+0000][3.458s][info ][gc,phases   ] GC(23)   Post Evacuate Collection Set: 0.6ms
[2025-06-06T20:30:24.110+0000][3.458s][info ][gc,phases   ] GC(23)   Other: 0.1ms
[2025-06-06T20:30:24.110+0000][3.458s][info ][gc,heap     ] GC(23) Eden regions: 143->0(142)
[2025-06-06T20:30:24.110+0000][3.458s][info ][gc,heap     ] GC(23) Survivor regions: 7->8(19)
[2025-06-06T20:30:24.110+0000][3.458s][info ][gc,heap     ] GC(23) Old regions: 48->48
[2025-06-06T20:30:24.110+0000][3.458s][info ][gc,heap     ] GC(23) Archive regions: 2->2
[2025-06-06T20:30:24.110+0000][3.458s][info ][gc,heap     ] GC(23) Humongous regions: 0->0
[2025-06-06T20:30:24.110+0000][3.458s][info ][gc,metaspace] GC(23) Metaspace: 27233K(27648K)->27233K(27648K) NonClass: 23789K(24000K)->23789K(24000K) Class: 3444K(3648K)->3444K(3648K)
[2025-06-06T20:30:24.110+0000][3.458s][info ][gc          ] GC(23) Pause Young (Normal) (G1 Evacuation Pause) 197M->56M(250M) 5.480ms
[2025-06-06T20:30:24.110+0000][3.458s][info ][gc,cpu      ] GC(23) User=0.01s Sys=0.00s Real=0.01s
[2025-06-06T20:30:24.110+0000][3.459s][info ][safepoint   ] Safepoint "G1CollectForAllocation", Time since last: 18211750 ns, Reaching safepoint: 186958 ns, Cleanup: 18750 ns, At safepoint: 5579334 ns, Total: 5785042 ns
[2025-06-06T20:30:24.349+0000][3.697s][debug][safepoint   ] Safepoint synchronization initiated using futex wait barrier. (13 threads)
[2025-06-06T20:30:24.350+0000][3.698s][info ][safepoint   ] Safepoint "ICBufferFull", Time since last: 238942833 ns, Reaching safepoint: 179042 ns, Cleanup: 75250 ns, At safepoint: 3583 ns, Total: 257875 ns
[2025-06-06T20:30:24.385+0000][3.733s][debug][safepoint   ] Safepoint synchronization initiated using futex wait barrier. (13 threads)
[2025-06-06T20:30:24.386+0000][3.735s][info ][safepoint   ] Safepoint "ICBufferFull", Time since last: 35324833 ns, Reaching safepoint: 1387250 ns, Cleanup: 98875 ns, At safepoint: 5042 ns, Total: 1491167 ns
[2025-06-06T20:30:24.426+0000][3.774s][debug][safepoint   ] Safepoint synchronization initiated using futex wait barrier. (13 threads)
[2025-06-06T20:30:24.426+0000][3.774s][info ][gc,start    ] GC(24) Pause Young (Normal) (G1 Evacuation Pause)
[2025-06-06T20:30:24.426+0000][3.774s][info ][gc,task     ] GC(24) Using 2 workers of 2 for evacuation
[2025-06-06T20:30:24.433+0000][3.781s][info ][gc,phases   ] GC(24)   Pre Evacuate Collection Set: 0.1ms
[2025-06-06T20:30:24.433+0000][3.781s][info ][gc,phases   ] GC(24)   Merge Heap Roots: 0.1ms
[2025-06-06T20:30:24.433+0000][3.781s][info ][gc,phases   ] GC(24)   Evacuate Collection Set: 5.3ms
[2025-06-06T20:30:24.433+0000][3.781s][info ][gc,phases   ] GC(24)   Post Evacuate Collection Set: 0.8ms
[2025-06-06T20:30:24.433+0000][3.781s][info ][gc,phases   ] GC(24)   Other: 0.2ms
[2025-06-06T20:30:24.433+0000][3.781s][info ][gc,heap     ] GC(24) Eden regions: 142->0(140)
[2025-06-06T20:30:24.433+0000][3.781s][info ][gc,heap     ] GC(24) Survivor regions: 8->10(19)
[2025-06-06T20:30:24.433+0000][3.781s][info ][gc,heap     ] GC(24) Old regions: 48->48
[2025-06-06T20:30:24.433+0000][3.781s][info ][gc,heap     ] GC(24) Archive regions: 2->2
[2025-06-06T20:30:24.433+0000][3.781s][info ][gc,heap     ] GC(24) Humongous regions: 0->0
[2025-06-06T20:30:24.433+0000][3.781s][info ][gc,metaspace] GC(24) Metaspace: 34025K(34432K)->34025K(34432K) NonClass: 29809K(30016K)->29809K(30016K) Class: 4216K(4416K)->4216K(4416K)
[2025-06-06T20:30:24.433+0000][3.781s][info ][gc          ] GC(24) Pause Young (Normal) (G1 Evacuation Pause) 198M->57M(250M) 7.105ms
[2025-06-06T20:30:24.433+0000][3.781s][info ][gc,cpu      ] GC(24) User=0.01s Sys=0.00s Real=0.01s
[2025-06-06T20:30:24.433+0000][3.781s][info ][safepoint   ] Safepoint "G1CollectForAllocation", Time since last: 39362083 ns, Reaching safepoint: 205209 ns, Cleanup: 36375 ns, At safepoint: 7230125 ns, Total: 7471709 ns
[2025-06-06T20:30:24.516+0000][3.864s][debug][safepoint   ] Safepoint synchronization initiated using futex wait barrier. (13 threads)
[2025-06-06T20:30:24.517+0000][3.865s][info ][safepoint   ] Safepoint "ICBufferFull", Time since last: 82754833 ns, Reaching safepoint: 695167 ns, Cleanup: 80625 ns, At safepoint: 1208 ns, Total: 777000 ns
[2025-06-06T20:30:24.517+0000][3.865s][debug][safepoint   ] Safepoint synchronization initiated using futex wait barrier. (13 threads)
[2025-06-06T20:30:24.518+0000][3.866s][info ][safepoint   ] Safepoint "ICBufferFull", Time since last: 178584 ns, Reaching safepoint: 1347041 ns, Cleanup: 6292 ns, At safepoint: 7125 ns, Total: 1360458 ns
[2025-06-06T20:30:24.636+0000][3.984s][debug][safepoint   ] Safepoint synchronization initiated using futex wait barrier. (13 threads)
[2025-06-06T20:30:24.637+0000][3.985s][info ][safepoint   ] Safepoint "ICBufferFull", Time since last: 117883667 ns, Reaching safepoint: 205708 ns, Cleanup: 108958 ns, At safepoint: 1250 ns, Total: 315916 ns
[2025-06-06T20:30:24.722+0000][4.070s][debug][safepoint   ] Safepoint synchronization initiated using futex wait barrier. (13 threads)
[2025-06-06T20:30:24.722+0000][4.070s][info ][gc,start    ] GC(25) Pause Young (Normal) (G1 Evacuation Pause)
[2025-06-06T20:30:24.722+0000][4.070s][info ][gc,task     ] GC(25) Using 2 workers of 2 for evacuation
[2025-06-06T20:30:24.729+0000][4.077s][info ][gc,phases   ] GC(25)   Pre Evacuate Collection Set: 0.1ms
[2025-06-06T20:30:24.729+0000][4.077s][info ][gc,phases   ] GC(25)   Merge Heap Roots: 0.1ms
[2025-06-06T20:30:24.729+0000][4.077s][info ][gc,phases   ] GC(25)   Evacuate Collection Set: 5.9ms
[2025-06-06T20:30:24.729+0000][4.077s][info ][gc,phases   ] GC(25)   Post Evacuate Collection Set: 0.6ms
[2025-06-06T20:30:24.729+0000][4.077s][info ][gc,phases   ] GC(25)   Other: 0.2ms
[2025-06-06T20:30:24.729+0000][4.077s][info ][gc,heap     ] GC(25) Eden regions: 140->0(141)
[2025-06-06T20:30:24.729+0000][4.077s][info ][gc,heap     ] GC(25) Survivor regions: 10->9(19)
[2025-06-06T20:30:24.729+0000][4.078s][info ][gc,heap     ] GC(25) Old regions: 48->48
[2025-06-06T20:30:24.730+0000][4.078s][info ][gc,heap     ] GC(25) Archive regions: 2->2
[2025-06-06T20:30:24.730+0000][4.078s][info ][gc,heap     ] GC(25) Humongous regions: 0->0
[2025-06-06T20:30:24.730+0000][4.078s][info ][gc,metaspace] GC(25) Metaspace: 35916K(36352K)->35916K(36352K) NonClass: 31454K(31680K)->31454K(31680K) Class: 4461K(4672K)->4461K(4672K)
[2025-06-06T20:30:24.730+0000][4.078s][info ][gc          ] GC(25) Pause Young (Normal) (G1 Evacuation Pause) 197M->57M(250M) 7.411ms
[2025-06-06T20:30:24.730+0000][4.078s][info ][gc,cpu      ] GC(25) User=0.01s Sys=0.00s Real=0.00s
[2025-06-06T20:30:24.730+0000][4.078s][info ][safepoint   ] Safepoint "G1CollectForAllocation", Time since last: 85384334 ns, Reaching safepoint: 171833 ns, Cleanup: 91667 ns, At safepoint: 7532208 ns, Total: 7795708 ns
[2025-06-06T20:30:24.955+0000][4.303s][debug][safepoint   ] Safepoint synchronization initiated using futex wait barrier. (13 threads)
[2025-06-06T20:30:24.955+0000][4.303s][info ][safepoint   ] Safepoint "ICBufferFull", Time since last: 224978375 ns, Reaching safepoint: 222583 ns, Cleanup: 98542 ns, At safepoint: 1667 ns, Total: 322792 ns
[2025-06-06T20:30:25.029+0000][4.377s][debug][safepoint   ] Safepoint synchronization initiated using futex wait barrier. (13 threads)
[2025-06-06T20:30:25.029+0000][4.377s][info ][gc,start    ] GC(26) Pause Young (Normal) (G1 Evacuation Pause)
[2025-06-06T20:30:25.029+0000][4.377s][info ][gc,task     ] GC(26) Using 2 workers of 2 for evacuation
[2025-06-06T20:30:25.051+0000][4.399s][info ][gc,phases   ] GC(26)   Pre Evacuate Collection Set: 0.1ms
[2025-06-06T20:30:25.052+0000][4.400s][info ][gc,phases   ] GC(26)   Merge Heap Roots: 0.1ms
[2025-06-06T20:30:25.052+0000][4.400s][info ][gc,phases   ] GC(26)   Evacuate Collection Set: 21.3ms
[2025-06-06T20:30:25.052+0000][4.400s][info ][gc,phases   ] GC(26)   Post Evacuate Collection Set: 0.7ms
[2025-06-06T20:30:25.052+0000][4.400s][info ][gc,phases   ] GC(26)   Other: 0.2ms
[2025-06-06T20:30:25.052+0000][4.400s][info ][gc,heap     ] GC(26) Eden regions: 141->0(138)
[2025-06-06T20:30:25.052+0000][4.400s][info ][gc,heap     ] GC(26) Survivor regions: 9->12(19)
[2025-06-06T20:30:25.052+0000][4.400s][info ][gc,heap     ] GC(26) Old regions: 48->48
[2025-06-06T20:30:25.052+0000][4.400s][info ][gc,heap     ] GC(26) Archive regions: 2->2
[2025-06-06T20:30:25.052+0000][4.400s][info ][gc,heap     ] GC(26) Humongous regions: 0->0
[2025-06-06T20:30:25.052+0000][4.400s][info ][gc,metaspace] GC(26) Metaspace: 39354K(39744K)->39354K(39744K) NonClass: 34396K(34560K)->34396K(34560K) Class: 4958K(5184K)->4958K(5184K)
[2025-06-06T20:30:25.052+0000][4.400s][info ][gc          ] GC(26) Pause Young (Normal) (G1 Evacuation Pause) 198M->59M(250M) 22.988ms
[2025-06-06T20:30:25.052+0000][4.400s][info ][gc,cpu      ] GC(26) User=0.02s Sys=0.00s Real=0.03s
[2025-06-06T20:30:25.052+0000][4.400s][info ][safepoint   ] Safepoint "G1CollectForAllocation", Time since last: 73494375 ns, Reaching safepoint: 203416 ns, Cleanup: 114625 ns, At safepoint: 23091292 ns, Total: 23409333 ns
[2025-06-06T20:30:25.227+0000][4.575s][debug][safepoint   ] Safepoint synchronization initiated using futex wait barrier. (13 threads)
[2025-06-06T20:30:25.227+0000][4.575s][info ][gc,start    ] GC(27) Pause Young (Concurrent Start) (Metadata GC Threshold)
[2025-06-06T20:30:25.227+0000][4.575s][info ][gc,task     ] GC(27) Using 2 workers of 2 for evacuation
[2025-06-06T20:30:25.235+0000][4.583s][info ][gc,phases   ] GC(27)   Pre Evacuate Collection Set: 0.1ms
[2025-06-06T20:30:25.235+0000][4.584s][info ][gc,phases   ] GC(27)   Merge Heap Roots: 0.1ms
[2025-06-06T20:30:25.235+0000][4.584s][info ][gc,phases   ] GC(27)   Evacuate Collection Set: 7.3ms
[2025-06-06T20:30:25.236+0000][4.584s][info ][gc,phases   ] GC(27)   Post Evacuate Collection Set: 0.7ms
[2025-06-06T20:30:25.236+0000][4.584s][info ][gc,phases   ] GC(27)   Other: 0.2ms
[2025-06-06T20:30:25.236+0000][4.584s][info ][gc,heap     ] GC(27) Eden regions: 61->0(142)
[2025-06-06T20:30:25.236+0000][4.584s][info ][gc,heap     ] GC(27) Survivor regions: 12->8(19)
[2025-06-06T20:30:25.236+0000][4.584s][info ][gc,heap     ] GC(27) Old regions: 48->52
[2025-06-06T20:30:25.236+0000][4.584s][info ][gc,heap     ] GC(27) Archive regions: 2->2
[2025-06-06T20:30:25.236+0000][4.584s][info ][gc,heap     ] GC(27) Humongous regions: 0->0
[2025-06-06T20:30:25.236+0000][4.584s][info ][gc,metaspace] GC(27) Metaspace: 40476K(40896K)->40476K(40896K) NonClass: 35382K(35584K)->35382K(35584K) Class: 5094K(5312K)->5094K(5312K)
[2025-06-06T20:30:25.236+0000][4.584s][info ][gc          ] GC(27) Pause Young (Concurrent Start) (Metadata GC Threshold) 120M->59M(250M) 8.986ms
[2025-06-06T20:30:25.236+0000][4.584s][info ][gc,cpu      ] GC(27) User=0.02s Sys=0.00s Real=0.01s
[2025-06-06T20:30:25.236+0000][4.584s][info ][gc          ] GC(28) Concurrent Mark Cycle
[2025-06-06T20:30:25.236+0000][4.584s][info ][gc,marking  ] GC(28) Concurrent Clear Claimed Marks
[2025-06-06T20:30:25.236+0000][4.584s][info ][safepoint   ] Safepoint "CollectForMetadataAllocation", Time since last: 174561042 ns, Reaching safepoint: 238583 ns, Cleanup: 78084 ns, At safepoint: 9173791 ns, Total: 9490458 ns
[2025-06-06T20:30:25.236+0000][4.584s][info ][gc,marking  ] GC(28) Concurrent Clear Claimed Marks 0.125ms
[2025-06-06T20:30:25.240+0000][4.588s][info ][gc,marking  ] GC(28) Concurrent Scan Root Regions
[2025-06-06T20:30:25.250+0000][4.598s][info ][gc,marking  ] GC(28) Concurrent Scan Root Regions 9.900ms
[2025-06-06T20:30:25.252+0000][4.600s][info ][gc,marking  ] GC(28) Concurrent Mark
[2025-06-06T20:30:25.252+0000][4.600s][info ][gc,marking  ] GC(28) Concurrent Mark From Roots
[2025-06-06T20:30:25.252+0000][4.600s][info ][gc,task     ] GC(28) Using 1 workers of 1 for marking
[2025-06-06T20:30:25.286+0000][4.634s][info ][gc,marking  ] GC(28) Concurrent Mark From Roots 33.280ms
[2025-06-06T20:30:25.286+0000][4.634s][info ][gc,marking  ] GC(28) Concurrent Preclean
[2025-06-06T20:30:25.286+0000][4.634s][info ][gc,marking  ] GC(28) Concurrent Preclean 0.246ms
[2025-06-06T20:30:25.286+0000][4.634s][debug][safepoint   ] Safepoint synchronization initiated using futex wait barrier. (13 threads)
[2025-06-06T20:30:25.288+0000][4.636s][info ][gc,start    ] GC(28) Pause Remark
[2025-06-06T20:30:25.291+0000][4.639s][info ][gc          ] GC(28) Pause Remark 74M->74M(250M) 2.889ms
[2025-06-06T20:30:25.291+0000][4.640s][info ][gc,cpu      ] GC(28) User=0.01s Sys=0.00s Real=0.01s
[2025-06-06T20:30:25.292+0000][4.640s][info ][safepoint   ] Safepoint "G1PauseRemark", Time since last: 50159917 ns, Reaching safepoint: 2196375 ns, Cleanup: 10167 ns, At safepoint: 3103416 ns, Total: 5309958 ns
[2025-06-06T20:30:25.293+0000][4.641s][info ][gc,marking  ] GC(28) Concurrent Mark 40.513ms
[2025-06-06T20:30:25.293+0000][4.641s][info ][gc,marking  ] GC(28) Concurrent Rebuild Remembered Sets
[2025-06-06T20:30:25.355+0000][4.703s][info ][gc,marking  ] GC(28) Concurrent Rebuild Remembered Sets 62.224ms
[2025-06-06T20:30:25.355+0000][4.704s][debug][safepoint   ] Safepoint synchronization initiated using futex wait barrier. (13 threads)
[2025-06-06T20:30:25.357+0000][4.705s][info ][gc,start    ] GC(28) Pause Cleanup
[2025-06-06T20:30:25.358+0000][4.706s][info ][gc          ] GC(28) Pause Cleanup 84M->84M(250M) 0.201ms
[2025-06-06T20:30:25.358+0000][4.706s][info ][gc,cpu      ] GC(28) User=0.00s Sys=0.00s Real=0.00s
[2025-06-06T20:30:25.358+0000][4.706s][info ][safepoint   ] Safepoint "G1PauseCleanup", Time since last: 63939250 ns, Reaching safepoint: 1946209 ns, Cleanup: 22375 ns, At safepoint: 320333 ns, Total: 2288917 ns
[2025-06-06T20:30:25.359+0000][4.707s][info ][gc,marking  ] GC(28) Concurrent Cleanup for Next Mark
[2025-06-06T20:30:25.360+0000][4.708s][info ][gc,marking  ] GC(28) Concurrent Cleanup for Next Mark 1.340ms
[2025-06-06T20:30:25.360+0000][4.708s][info ][gc          ] GC(28) Concurrent Mark Cycle 124.424ms
[2025-06-06T20:30:25.602+0000][4.950s][debug][safepoint   ] Safepoint synchronization initiated using futex wait barrier. (13 threads)
[2025-06-06T20:30:25.602+0000][4.950s][info ][safepoint   ] Safepoint "ICBufferFull", Time since last: 244047708 ns, Reaching safepoint: 203417 ns, Cleanup: 112792 ns, At safepoint: 1500 ns, Total: 317709 ns
[2025-06-06T20:30:25.674+0000][5.022s][debug][safepoint   ] Safepoint synchronization initiated using futex wait barrier. (13 threads)
[2025-06-06T20:30:25.675+0000][5.023s][info ][gc,start    ] GC(29) Pause Young (Prepare Mixed) (G1 Evacuation Pause)
[2025-06-06T20:30:25.675+0000][5.023s][info ][gc,task     ] GC(29) Using 2 workers of 2 for evacuation
[2025-06-06T20:30:25.682+0000][5.030s][info ][gc,phases   ] GC(29)   Pre Evacuate Collection Set: 0.1ms
[2025-06-06T20:30:25.683+0000][5.031s][info ][gc,phases   ] GC(29)   Merge Heap Roots: 0.1ms
[2025-06-06T20:30:25.683+0000][5.031s][info ][gc,phases   ] GC(29)   Evacuate Collection Set: 6.6ms
[2025-06-06T20:30:25.683+0000][5.031s][info ][gc,phases   ] GC(29)   Post Evacuate Collection Set: 0.7ms
[2025-06-06T20:30:25.683+0000][5.031s][info ][gc,phases   ] GC(29)   Other: 0.2ms
[2025-06-06T20:30:25.683+0000][5.031s][info ][gc,heap     ] GC(29) Eden regions: 142->0(3)
[2025-06-06T20:30:25.683+0000][5.031s][info ][gc,heap     ] GC(29) Survivor regions: 8->9(19)
[2025-06-06T20:30:25.683+0000][5.031s][info ][gc,heap     ] GC(29) Old regions: 52->52
[2025-06-06T20:30:25.683+0000][5.031s][info ][gc,heap     ] GC(29) Archive regions: 2->2
[2025-06-06T20:30:25.683+0000][5.031s][info ][gc,heap     ] GC(29) Humongous regions: 0->0
[2025-06-06T20:30:25.683+0000][5.031s][info ][gc,metaspace] GC(29) Metaspace: 42690K(43136K)->42690K(43136K) NonClass: 37221K(37440K)->37221K(37440K) Class: 5469K(5696K)->5469K(5696K)
[2025-06-06T20:30:25.683+0000][5.031s][info ][gc          ] GC(29) Pause Young (Prepare Mixed) (G1 Evacuation Pause) 201M->60M(250M) 8.256ms
[2025-06-06T20:30:25.683+0000][5.031s][info ][gc,cpu      ] GC(29) User=0.01s Sys=0.00s Real=0.01s
[2025-06-06T20:30:25.683+0000][5.031s][info ][safepoint   ] Safepoint "G1CollectForAllocation", Time since last: 72336041 ns, Reaching safepoint: 185500 ns, Cleanup: 57167 ns, At safepoint: 8362917 ns, Total: 8605584 ns
[2025-06-06T20:30:25.688+0000][5.037s][debug][safepoint   ] Safepoint synchronization initiated using futex wait barrier. (13 threads)
[2025-06-06T20:30:25.689+0000][5.037s][info ][gc,start    ] GC(30) Pause Young (Mixed) (G1 Evacuation Pause)
[2025-06-06T20:30:25.689+0000][5.037s][info ][gc,task     ] GC(30) Using 2 workers of 2 for evacuation
[2025-06-06T20:30:25.696+0000][5.044s][info ][gc,phases   ] GC(30)   Pre Evacuate Collection Set: 0.1ms
[2025-06-06T20:30:25.696+0000][5.044s][info ][gc,phases   ] GC(30)   Merge Heap Roots: 0.1ms
[2025-06-06T20:30:25.696+0000][5.044s][info ][gc,phases   ] GC(30)   Evacuate Collection Set: 6.5ms
[2025-06-06T20:30:25.696+0000][5.044s][info ][gc,phases   ] GC(30)   Post Evacuate Collection Set: 0.6ms
[2025-06-06T20:30:25.696+0000][5.044s][info ][gc,phases   ] GC(30)   Other: 0.1ms
[2025-06-06T20:30:25.696+0000][5.045s][info ][gc,heap     ] GC(30) Eden regions: 3->0(149)
[2025-06-06T20:30:25.696+0000][5.045s][info ][gc,heap     ] GC(30) Survivor regions: 9->1(2)
[2025-06-06T20:30:25.697+0000][5.045s][info ][gc,heap     ] GC(30) Old regions: 52->59
[2025-06-06T20:30:25.697+0000][5.045s][info ][gc,heap     ] GC(30) Archive regions: 2->2
[2025-06-06T20:30:25.697+0000][5.045s][info ][gc,heap     ] GC(30) Humongous regions: 0->0
[2025-06-06T20:30:25.697+0000][5.045s][info ][gc,metaspace] GC(30) Metaspace: 42764K(43136K)->42764K(43136K) NonClass: 37274K(37440K)->37274K(37440K) Class: 5490K(5696K)->5490K(5696K)
[2025-06-06T20:30:25.697+0000][5.045s][info ][gc          ] GC(30) Pause Young (Mixed) (G1 Evacuation Pause) 63M->60M(250M) 8.054ms
[2025-06-06T20:30:25.697+0000][5.045s][info ][gc,cpu      ] GC(30) User=0.02s Sys=0.00s Real=0.01s
[2025-06-06T20:30:25.697+0000][5.045s][info ][safepoint   ] Safepoint "G1CollectForAllocation", Time since last: 5458833 ns, Reaching safepoint: 137333 ns, Cleanup: 2417 ns, At safepoint: 8158750 ns, Total: 8298500 ns
[2025-06-06T20:30:25.815+0000][5.163s][debug][safepoint   ] Safepoint synchronization initiated using futex wait barrier. (13 threads)
[2025-06-06T20:30:25.816+0000][5.165s][info ][safepoint   ] Safepoint "ICBufferFull", Time since last: 118065958 ns, Reaching safepoint: 1549167 ns, Cleanup: 74125 ns, At safepoint: 12583 ns, Total: 1635875 ns
[2025-06-06T20:30:25.982+0000][5.330s][debug][safepoint   ] Safepoint synchronization initiated using futex wait barrier. (13 threads)
[2025-06-06T20:30:25.982+0000][5.331s][info ][safepoint   ] Safepoint "ICBufferFull", Time since last: 165638042 ns, Reaching safepoint: 223584 ns, Cleanup: 92250 ns, At safepoint: 1625 ns, Total: 317459 ns
[2025-06-06T20:30:26.156+0000][5.504s][debug][safepoint   ] Safepoint synchronization initiated using futex wait barrier. (13 threads)
[2025-06-06T20:30:26.156+0000][5.504s][info ][gc,start    ] GC(31) Pause Young (Normal) (G1 Evacuation Pause)
[2025-06-06T20:30:26.156+0000][5.504s][info ][gc,task     ] GC(31) Using 2 workers of 2 for evacuation
[2025-06-06T20:30:26.161+0000][5.509s][info ][gc,phases   ] GC(31)   Pre Evacuate Collection Set: 0.1ms
[2025-06-06T20:30:26.161+0000][5.509s][info ][gc,phases   ] GC(31)   Merge Heap Roots: 0.1ms
[2025-06-06T20:30:26.161+0000][5.509s][info ][gc,phases   ] GC(31)   Evacuate Collection Set: 3.9ms
[2025-06-06T20:30:26.161+0000][5.509s][info ][gc,phases   ] GC(31)   Post Evacuate Collection Set: 0.6ms
[2025-06-06T20:30:26.161+0000][5.509s][info ][gc,phases   ] GC(31)   Other: 0.2ms
[2025-06-06T20:30:26.161+0000][5.509s][info ][gc,heap     ] GC(31) Eden regions: 149->0(146)
[2025-06-06T20:30:26.161+0000][5.509s][info ][gc,heap     ] GC(31) Survivor regions: 1->4(19)
[2025-06-06T20:30:26.161+0000][5.509s][info ][gc,heap     ] GC(31) Old regions: 59->59
[2025-06-06T20:30:26.161+0000][5.510s][info ][gc,heap     ] GC(31) Archive regions: 2->2
[2025-06-06T20:30:26.161+0000][5.510s][info ][gc,heap     ] GC(31) Humongous regions: 0->0
[2025-06-06T20:30:26.162+0000][5.510s][info ][gc,metaspace] GC(31) Metaspace: 48304K(48832K)->48304K(48832K) NonClass: 42108K(42368K)->42108K(42368K) Class: 6196K(6464K)->6196K(6464K)
[2025-06-06T20:30:26.162+0000][5.510s][info ][gc          ] GC(31) Pause Young (Normal) (G1 Evacuation Pause) 209M->63M(250M) 5.433ms
[2025-06-06T20:30:26.162+0000][5.510s][info ][gc,cpu      ] GC(31) User=0.01s Sys=0.00s Real=0.01s
[2025-06-06T20:30:26.162+0000][5.510s][info ][safepoint   ] Safepoint "G1CollectForAllocation", Time since last: 173431791 ns, Reaching safepoint: 188750 ns, Cleanup: 85834 ns, At safepoint: 5543250 ns, Total: 5817834 ns
[2025-06-06T20:30:26.268+0000][5.616s][debug][safepoint   ] Safepoint synchronization initiated using futex wait barrier. (13 threads)
[2025-06-06T20:30:26.268+0000][5.616s][info ][safepoint   ] Safepoint "ICBufferFull", Time since last: 106179291 ns, Reaching safepoint: 187625 ns, Cleanup: 109875 ns, At safepoint: 5959 ns, Total: 303459 ns
[2025-06-06T20:30:27.432+0000][6.780s][debug][safepoint   ] Safepoint synchronization initiated using futex wait barrier. (15 threads)
[2025-06-06T20:30:27.433+0000][6.782s][info ][safepoint   ] Safepoint "Cleanup", Time since last: 1163662625 ns, Reaching safepoint: 1497167 ns, Cleanup: 120083 ns, At safepoint: 8750 ns, Total: 1626000 ns
[2025-06-06T20:30:27.479+0000][6.827s][debug][safepoint   ] Safepoint synchronization initiated using futex wait barrier. (15 threads)
[2025-06-06T20:30:27.479+0000][6.827s][info ][safepoint   ] Safepoint "ICBufferFull", Time since last: 45083334 ns, Reaching safepoint: 685458 ns, Cleanup: 91625 ns, At safepoint: 9333 ns, Total: 786416 ns
[2025-06-06T20:30:27.569+0000][6.917s][debug][safepoint   ] Safepoint synchronization initiated using futex wait barrier. (15 threads)
[2025-06-06T20:30:27.569+0000][6.917s][info ][safepoint   ] Safepoint "ICBufferFull", Time since last: 89661917 ns, Reaching safepoint: 192375 ns, Cleanup: 88208 ns, At safepoint: 1834 ns, Total: 282417 ns
[2025-06-06T20:30:27.701+0000][7.049s][debug][safepoint   ] Safepoint synchronization initiated using futex wait barrier. (15 threads)
[2025-06-06T20:30:27.701+0000][7.049s][info ][gc,start    ] GC(32) Pause Young (Normal) (G1 Evacuation Pause)
[2025-06-06T20:30:27.701+0000][7.049s][info ][gc,task     ] GC(32) Using 2 workers of 2 for evacuation
[2025-06-06T20:30:27.709+0000][7.057s][info ][gc,phases   ] GC(32)   Pre Evacuate Collection Set: 0.1ms
[2025-06-06T20:30:27.709+0000][7.057s][info ][gc,phases   ] GC(32)   Merge Heap Roots: 0.1ms
[2025-06-06T20:30:27.709+0000][7.057s][info ][gc,phases   ] GC(32)   Evacuate Collection Set: 6.5ms
[2025-06-06T20:30:27.709+0000][7.057s][info ][gc,phases   ] GC(32)   Post Evacuate Collection Set: 0.9ms
[2025-06-06T20:30:27.709+0000][7.057s][info ][gc,phases   ] GC(32)   Other: 0.2ms
[2025-06-06T20:30:27.709+0000][7.057s][info ][gc,heap     ] GC(32) Eden regions: 146->0(143)
[2025-06-06T20:30:27.709+0000][7.057s][info ][gc,heap     ] GC(32) Survivor regions: 4->7(19)
[2025-06-06T20:30:27.709+0000][7.057s][info ][gc,heap     ] GC(32) Old regions: 59->59
[2025-06-06T20:30:27.709+0000][7.057s][info ][gc,heap     ] GC(32) Archive regions: 2->2
[2025-06-06T20:30:27.709+0000][7.057s][info ][gc,heap     ] GC(32) Humongous regions: 0->0
[2025-06-06T20:30:27.709+0000][7.057s][info ][gc,metaspace] GC(32) Metaspace: 54783K(55232K)->54783K(55232K) NonClass: 47822K(48064K)->47822K(48064K) Class: 6961K(7168K)->6961K(7168K)
[2025-06-06T20:30:27.709+0000][7.057s][info ][gc          ] GC(32) Pause Young (Normal) (G1 Evacuation Pause) 209M->66M(250M) 8.384ms
[2025-06-06T20:30:27.709+0000][7.057s][info ][gc,cpu      ] GC(32) User=0.02s Sys=0.00s Real=0.00s
[2025-06-06T20:30:27.709+0000][7.057s][info ][safepoint   ] Safepoint "G1CollectForAllocation", Time since last: 131215708 ns, Reaching safepoint: 209042 ns, Cleanup: 85500 ns, At safepoint: 8487833 ns, Total: 8782375 ns
[2025-06-06T20:30:28.013+0000][7.361s][debug][safepoint   ] Safepoint synchronization initiated using futex wait barrier. (16 threads)
[2025-06-06T20:30:28.013+0000][7.361s][info ][gc,start    ] GC(33) Pause Young (Normal) (G1 Evacuation Pause)
[2025-06-06T20:30:28.013+0000][7.361s][info ][gc,task     ] GC(33) Using 2 workers of 2 for evacuation
[2025-06-06T20:30:28.020+0000][7.368s][info ][gc,phases   ] GC(33)   Pre Evacuate Collection Set: 0.1ms
[2025-06-06T20:30:28.020+0000][7.368s][info ][gc,phases   ] GC(33)   Merge Heap Roots: 0.1ms
[2025-06-06T20:30:28.020+0000][7.369s][info ][gc,phases   ] GC(33)   Evacuate Collection Set: 6.0ms
[2025-06-06T20:30:28.020+0000][7.369s][info ][gc,phases   ] GC(33)   Post Evacuate Collection Set: 0.7ms
[2025-06-06T20:30:28.021+0000][7.369s][info ][gc,phases   ] GC(33)   Other: 0.2ms
[2025-06-06T20:30:28.021+0000][7.369s][info ][gc,heap     ] GC(33) Eden regions: 143->0(142)
[2025-06-06T20:30:28.021+0000][7.369s][info ][gc,heap     ] GC(33) Survivor regions: 7->8(19)
[2025-06-06T20:30:28.021+0000][7.369s][info ][gc,heap     ] GC(33) Old regions: 59->59
[2025-06-06T20:30:28.021+0000][7.369s][info ][gc,heap     ] GC(33) Archive regions: 2->2
[2025-06-06T20:30:28.021+0000][7.369s][info ][gc,heap     ] GC(33) Humongous regions: 0->0
[2025-06-06T20:30:28.021+0000][7.369s][info ][gc,metaspace] GC(33) Metaspace: 60139K(60672K)->60139K(60672K) NonClass: 52470K(52736K)->52470K(52736K) Class: 7668K(7936K)->7668K(7936K)
[2025-06-06T20:30:28.021+0000][7.369s][info ][gc          ] GC(33) Pause Young (Normal) (G1 Evacuation Pause) 209M->67M(250M) 7.653ms
[2025-06-06T20:30:28.021+0000][7.369s][info ][gc,cpu      ] GC(33) User=0.01s Sys=0.00s Real=0.01s
[2025-06-06T20:30:28.021+0000][7.369s][info ][safepoint   ] Safepoint "G1CollectForAllocation", Time since last: 303753292 ns, Reaching safepoint: 144042 ns, Cleanup: 46458 ns, At safepoint: 7754958 ns, Total: 7945458 ns
[2025-06-06T20:30:28.169+0000][7.517s][debug][safepoint   ] Safepoint synchronization initiated using futex wait barrier. (18 threads)
[2025-06-06T20:30:28.169+0000][7.517s][info ][safepoint   ] Safepoint "ICBufferFull", Time since last: 147753625 ns, Reaching safepoint: 172584 ns, Cleanup: 92791 ns, At safepoint: 1334 ns, Total: 266709 ns
[2025-06-06T20:30:28.177+0000][7.526s][debug][safepoint   ] Safepoint synchronization initiated using futex wait barrier. (18 threads)
[2025-06-06T20:30:28.178+0000][7.526s][info ][safepoint   ] Safepoint "ICBufferFull", Time since last: 8432333 ns, Reaching safepoint: 105458 ns, Cleanup: 117625 ns, At safepoint: 5875 ns, Total: 228958 ns
[2025-06-06T20:30:28.214+0000][7.562s][debug][safepoint   ] Safepoint synchronization initiated using futex wait barrier. (18 threads)
[2025-06-06T20:30:28.214+0000][7.562s][info ][safepoint   ] Safepoint "ICBufferFull", Time since last: 35988834 ns, Reaching safepoint: 167833 ns, Cleanup: 130833 ns, At safepoint: 1709 ns, Total: 300375 ns
[2025-06-06T20:30:28.387+0000][7.735s][debug][safepoint   ] Safepoint synchronization initiated using futex wait barrier. (18 threads)
[2025-06-06T20:30:28.388+0000][7.736s][info ][gc,start    ] GC(34) Pause Young (Normal) (G1 Evacuation Pause)
[2025-06-06T20:30:28.388+0000][7.736s][info ][gc,task     ] GC(34) Using 2 workers of 2 for evacuation
[2025-06-06T20:30:28.396+0000][7.744s][info ][gc,phases   ] GC(34)   Pre Evacuate Collection Set: 0.1ms
[2025-06-06T20:30:28.396+0000][7.744s][info ][gc,phases   ] GC(34)   Merge Heap Roots: 0.1ms
[2025-06-06T20:30:28.396+0000][7.745s][info ][gc,phases   ] GC(34)   Evacuate Collection Set: 7.0ms
[2025-06-06T20:30:28.396+0000][7.745s][info ][gc,phases   ] GC(34)   Post Evacuate Collection Set: 0.8ms
[2025-06-06T20:30:28.397+0000][7.745s][info ][gc,phases   ] GC(34)   Other: 0.2ms
[2025-06-06T20:30:28.397+0000][7.745s][info ][gc,heap     ] GC(34) Eden regions: 142->0(140)
[2025-06-06T20:30:28.397+0000][7.745s][info ][gc,heap     ] GC(34) Survivor regions: 8->10(19)
[2025-06-06T20:30:28.397+0000][7.745s][info ][gc,heap     ] GC(34) Old regions: 59->59
[2025-06-06T20:30:28.397+0000][7.745s][info ][gc,heap     ] GC(34) Archive regions: 2->2
[2025-06-06T20:30:28.397+0000][7.745s][info ][gc,heap     ] GC(34) Humongous regions: 0->0
[2025-06-06T20:30:28.397+0000][7.745s][info ][gc,metaspace] GC(34) Metaspace: 63535K(64000K)->63535K(64000K) NonClass: 55445K(55680K)->55445K(55680K) Class: 8090K(8320K)->8090K(8320K)
[2025-06-06T20:30:28.397+0000][7.745s][info ][gc          ] GC(34) Pause Young (Normal) (G1 Evacuation Pause) 209M->69M(250M) 8.789ms
[2025-06-06T20:30:28.397+0000][7.745s][info ][gc,cpu      ] GC(34) User=0.02s Sys=0.00s Real=0.01s
[2025-06-06T20:30:28.397+0000][7.745s][info ][safepoint   ] Safepoint "G1CollectForAllocation", Time since last: 173038375 ns, Reaching safepoint: 172875 ns, Cleanup: 885250 ns, At safepoint: 8924708 ns, Total: 9982833 ns
[2025-06-06T20:30:28.661+0000][8.010s][debug][safepoint   ] Safepoint synchronization initiated using futex wait barrier. (18 threads)
[2025-06-06T20:30:28.662+0000][8.010s][info ][safepoint   ] Safepoint "ICBufferFull", Time since last: 264465209 ns, Reaching safepoint: 188333 ns, Cleanup: 56583 ns, At safepoint: 1334 ns, Total: 246250 ns
[2025-06-06T20:30:28.672+0000][8.020s][debug][safepoint   ] Safepoint synchronization initiated using futex wait barrier. (18 threads)
[2025-06-06T20:30:28.673+0000][8.021s][info ][gc,start    ] GC(35) Pause Young (Normal) (G1 Evacuation Pause)
[2025-06-06T20:30:28.673+0000][8.022s][info ][gc,task     ] GC(35) Using 2 workers of 2 for evacuation
[2025-06-06T20:30:28.682+0000][8.030s][info ][gc,phases   ] GC(35)   Pre Evacuate Collection Set: 0.1ms
[2025-06-06T20:30:28.682+0000][8.030s][info ][gc,phases   ] GC(35)   Merge Heap Roots: 0.1ms
[2025-06-06T20:30:28.682+0000][8.030s][info ][gc,phases   ] GC(35)   Evacuate Collection Set: 7.3ms
[2025-06-06T20:30:28.682+0000][8.030s][info ][gc,phases   ] GC(35)   Post Evacuate Collection Set: 0.8ms
[2025-06-06T20:30:28.682+0000][8.030s][info ][gc,phases   ] GC(35)   Other: 0.2ms
[2025-06-06T20:30:28.682+0000][8.030s][info ][gc,heap     ] GC(35) Eden regions: 140->0(139)
[2025-06-06T20:30:28.682+0000][8.030s][info ][gc,heap     ] GC(35) Survivor regions: 10->11(19)
[2025-06-06T20:30:28.682+0000][8.030s][info ][gc,heap     ] GC(35) Old regions: 59->59
[2025-06-06T20:30:28.682+0000][8.030s][info ][gc,heap     ] GC(35) Archive regions: 2->2
[2025-06-06T20:30:28.682+0000][8.030s][info ][gc,heap     ] GC(35) Humongous regions: 0->0
[2025-06-06T20:30:28.682+0000][8.030s][info ][gc,metaspace] GC(35) Metaspace: 67423K(67840K)->67423K(67840K) NonClass: 58755K(58944K)->58755K(58944K) Class: 8668K(8896K)->8668K(8896K)
[2025-06-06T20:30:28.682+0000][8.031s][info ][gc          ] GC(35) Pause Young (Normal) (G1 Evacuation Pause) 209M->70M(250M) 9.041ms
[2025-06-06T20:30:28.683+0000][8.031s][info ][gc,cpu      ] GC(35) User=0.02s Sys=0.00s Real=0.01s
[2025-06-06T20:30:28.683+0000][8.031s][info ][safepoint   ] Safepoint "G1CollectForAllocation", Time since last: 10386541 ns, Reaching safepoint: 1278917 ns, Cleanup: 50125 ns, At safepoint: 9179333 ns, Total: 10508375 ns
[2025-06-06T20:30:28.729+0000][8.077s][debug][safepoint   ] Safepoint synchronization initiated using futex wait barrier. (18 threads)
[2025-06-06T20:30:28.729+0000][8.077s][info ][safepoint   ] Safepoint "ICBufferFull", Time since last: 46329917 ns, Reaching safepoint: 205542 ns, Cleanup: 79958 ns, At safepoint: 1417 ns, Total: 286917 ns
[2025-06-06T20:30:28.767+0000][8.115s][debug][safepoint   ] Safepoint synchronization initiated using futex wait barrier. (18 threads)
[2025-06-06T20:30:28.768+0000][8.116s][info ][safepoint   ] Safepoint "ICBufferFull", Time since last: 38118833 ns, Reaching safepoint: 192292 ns, Cleanup: 52541 ns, At safepoint: 1500 ns, Total: 246333 ns
[2025-06-06T20:30:28.824+0000][8.172s][debug][safepoint   ] Safepoint synchronization initiated using futex wait barrier. (18 threads)
[2025-06-06T20:30:28.824+0000][8.173s][info ][safepoint   ] Safepoint "ICBufferFull", Time since last: 56639875 ns, Reaching safepoint: 188125 ns, Cleanup: 103209 ns, At safepoint: 1666 ns, Total: 293000 ns
[2025-06-06T20:30:28.901+0000][8.249s][debug][safepoint   ] Safepoint synchronization initiated using futex wait barrier. (18 threads)
[2025-06-06T20:30:28.901+0000][8.249s][info ][gc,start    ] GC(36) Pause Young (Concurrent Start) (Metadata GC Threshold)
[2025-06-06T20:30:28.902+0000][8.250s][info ][gc,task     ] GC(36) Using 2 workers of 2 for evacuation
[2025-06-06T20:30:28.913+0000][8.261s][info ][gc,phases   ] GC(36)   Pre Evacuate Collection Set: 0.2ms
[2025-06-06T20:30:28.913+0000][8.261s][info ][gc,phases   ] GC(36)   Merge Heap Roots: 0.1ms
[2025-06-06T20:30:28.913+0000][8.261s][info ][gc,phases   ] GC(36)   Evacuate Collection Set: 9.8ms
[2025-06-06T20:30:28.913+0000][8.261s][info ][gc,phases   ] GC(36)   Post Evacuate Collection Set: 0.9ms
[2025-06-06T20:30:28.913+0000][8.261s][info ][gc,phases   ] GC(36)   Other: 0.8ms
[2025-06-06T20:30:28.913+0000][8.261s][info ][gc,heap     ] GC(36) Eden regions: 82->0(140)
[2025-06-06T20:30:28.913+0000][8.262s][info ][gc,heap     ] GC(36) Survivor regions: 11->10(19)
[2025-06-06T20:30:28.913+0000][8.262s][info ][gc,heap     ] GC(36) Old regions: 59->62
[2025-06-06T20:30:28.914+0000][8.262s][info ][gc,heap     ] GC(36) Archive regions: 2->2
[2025-06-06T20:30:28.914+0000][8.262s][info ][gc,heap     ] GC(36) Humongous regions: 0->0
[2025-06-06T20:30:28.914+0000][8.262s][info ][gc,metaspace] GC(36) Metaspace: 68320K(68736K)->68320K(68736K) NonClass: 59577K(59776K)->59577K(59776K) Class: 8742K(8960K)->8742K(8960K)
[2025-06-06T20:30:28.914+0000][8.262s][info ][gc          ] GC(36) Pause Young (Concurrent Start) (Metadata GC Threshold) 151M->72M(250M) 12.519ms
[2025-06-06T20:30:28.914+0000][8.262s][info ][gc,cpu      ] GC(36) User=0.02s Sys=0.00s Real=0.01s
[2025-06-06T20:30:28.914+0000][8.262s][info ][gc          ] GC(37) Concurrent Mark Cycle
[2025-06-06T20:30:28.914+0000][8.262s][info ][gc,marking  ] GC(37) Concurrent Clear Claimed Marks
[2025-06-06T20:30:28.914+0000][8.262s][info ][safepoint   ] Safepoint "CollectForMetadataAllocation", Time since last: 76447292 ns, Reaching safepoint: 180667 ns, Cleanup: 84500 ns, At safepoint: 12676625 ns, Total: 12941792 ns
[2025-06-06T20:30:28.914+0000][8.262s][info ][gc,marking  ] GC(37) Concurrent Clear Claimed Marks 0.125ms
[2025-06-06T20:30:28.917+0000][8.265s][info ][gc,marking  ] GC(37) Concurrent Scan Root Regions
[2025-06-06T20:30:28.924+0000][8.272s][info ][gc,marking  ] GC(37) Concurrent Scan Root Regions 7.043ms
[2025-06-06T20:30:28.924+0000][8.272s][info ][gc,marking  ] GC(37) Concurrent Mark
[2025-06-06T20:30:28.925+0000][8.273s][info ][gc,marking  ] GC(37) Concurrent Mark From Roots
[2025-06-06T20:30:28.925+0000][8.273s][info ][gc,task     ] GC(37) Using 1 workers of 1 for marking
[2025-06-06T20:30:28.951+0000][8.299s][debug][safepoint   ] Safepoint synchronization initiated using futex wait barrier. (18 threads)
[2025-06-06T20:30:28.951+0000][8.299s][info ][safepoint   ] Safepoint "CollectForMetadataAllocation", Time since last: 36611000 ns, Reaching safepoint: 204916 ns, Cleanup: 18250 ns, At safepoint: 32209 ns, Total: 255375 ns
[2025-06-06T20:30:28.966+0000][8.314s][debug][safepoint   ] Safepoint synchronization initiated using futex wait barrier. (18 threads)
[2025-06-06T20:30:28.966+0000][8.314s][info ][safepoint   ] Safepoint "CollectForMetadataAllocation", Time since last: 14881291 ns, Reaching safepoint: 194125 ns, Cleanup: 34417 ns, At safepoint: 19458 ns, Total: 248000 ns
[2025-06-06T20:30:28.976+0000][8.324s][info ][gc,marking  ] GC(37) Concurrent Mark From Roots 51.345ms
[2025-06-06T20:30:28.976+0000][8.324s][info ][gc,marking  ] GC(37) Concurrent Preclean
[2025-06-06T20:30:28.976+0000][8.324s][info ][gc,marking  ] GC(37) Concurrent Preclean 0.275ms
[2025-06-06T20:30:28.980+0000][8.328s][debug][safepoint   ] Safepoint synchronization initiated using futex wait barrier. (18 threads)
[2025-06-06T20:30:28.981+0000][8.329s][info ][gc,start    ] GC(37) Pause Remark
[2025-06-06T20:30:28.985+0000][8.333s][info ][gc          ] GC(37) Pause Remark 89M->89M(250M) 4.453ms
[2025-06-06T20:30:28.985+0000][8.333s][info ][gc,cpu      ] GC(37) User=0.01s Sys=0.00s Real=0.00s
[2025-06-06T20:30:28.985+0000][8.333s][info ][safepoint   ] Safepoint "G1PauseRemark", Time since last: 14329875 ns, Reaching safepoint: 366459 ns, Cleanup: 26916 ns, At safepoint: 4693792 ns, Total: 5087167 ns
[2025-06-06T20:30:28.985+0000][8.334s][info ][gc,marking  ] GC(37) Concurrent Mark 61.016ms
[2025-06-06T20:30:28.989+0000][8.337s][info ][gc,marking  ] GC(37) Concurrent Rebuild Remembered Sets
[2025-06-06T20:30:29.055+0000][8.404s][info ][gc,marking  ] GC(37) Concurrent Rebuild Remembered Sets 66.285ms
[2025-06-06T20:30:29.056+0000][8.404s][debug][safepoint   ] Safepoint synchronization initiated using futex wait barrier. (18 threads)
[2025-06-06T20:30:29.056+0000][8.404s][info ][gc,start    ] GC(37) Pause Cleanup
[2025-06-06T20:30:29.057+0000][8.405s][info ][gc          ] GC(37) Pause Cleanup 102M->102M(250M) 0.166ms
[2025-06-06T20:30:29.057+0000][8.405s][info ][gc,cpu      ] GC(37) User=0.00s Sys=0.00s Real=0.00s
[2025-06-06T20:30:29.057+0000][8.405s][info ][safepoint   ] Safepoint "G1PauseCleanup", Time since last: 70428708 ns, Reaching safepoint: 650875 ns, Cleanup: 17167 ns, At safepoint: 278542 ns, Total: 946584 ns
[2025-06-06T20:30:29.057+0000][8.405s][info ][gc,marking  ] GC(37) Concurrent Cleanup for Next Mark
[2025-06-06T20:30:29.062+0000][8.410s][info ][gc,marking  ] GC(37) Concurrent Cleanup for Next Mark 5.244ms
[2025-06-06T20:30:29.062+0000][8.410s][info ][gc          ] GC(37) Concurrent Mark Cycle 148.247ms
[2025-06-06T20:30:29.187+0000][8.536s][debug][safepoint   ] Safepoint synchronization initiated using futex wait barrier. (18 threads)
[2025-06-06T20:30:29.188+0000][8.536s][info ][safepoint   ] Safepoint "ICBufferFull", Time since last: 130773625 ns, Reaching safepoint: 842791 ns, Cleanup: 115000 ns, At safepoint: 8625 ns, Total: 966416 ns
[2025-06-06T20:30:29.204+0000][8.553s][debug][safepoint   ] Safepoint synchronization initiated using futex wait barrier. (18 threads)
[2025-06-06T20:30:29.205+0000][8.553s][info ][safepoint   ] Safepoint "ICBufferFull", Time since last: 16070459 ns, Reaching safepoint: 222541 ns, Cleanup: 124542 ns, At safepoint: 8792 ns, Total: 355875 ns
[2025-06-06T20:30:29.251+0000][8.599s][debug][safepoint   ] Safepoint synchronization initiated using futex wait barrier. (18 threads)
[2025-06-06T20:30:29.251+0000][8.599s][info ][safepoint   ] Safepoint "ICBufferFull", Time since last: 45831000 ns, Reaching safepoint: 242625 ns, Cleanup: 125166 ns, At safepoint: 2500 ns, Total: 370291 ns
[2025-06-06T20:30:29.289+0000][8.637s][debug][safepoint   ] Safepoint synchronization initiated using futex wait barrier. (18 threads)
[2025-06-06T20:30:29.289+0000][8.637s][info ][safepoint   ] Safepoint "ICBufferFull", Time since last: 37788167 ns, Reaching safepoint: 185542 ns, Cleanup: 104916 ns, At safepoint: 18125 ns, Total: 308583 ns
[2025-06-06T20:30:29.349+0000][8.697s][debug][safepoint   ] Safepoint synchronization initiated using futex wait barrier. (18 threads)
[2025-06-06T20:30:29.349+0000][8.697s][info ][gc,start    ] GC(38) Pause Young (Prepare Mixed) (G1 Evacuation Pause)
[2025-06-06T20:30:29.349+0000][8.697s][info ][gc,task     ] GC(38) Using 2 workers of 2 for evacuation
[2025-06-06T20:30:29.359+0000][8.707s][info ][gc,phases   ] GC(38)   Pre Evacuate Collection Set: 0.1ms
[2025-06-06T20:30:29.359+0000][8.707s][info ][gc,phases   ] GC(38)   Merge Heap Roots: 0.1ms
[2025-06-06T20:30:29.359+0000][8.707s][info ][gc,phases   ] GC(38)   Evacuate Collection Set: 8.6ms
[2025-06-06T20:30:29.359+0000][8.707s][info ][gc,phases   ] GC(38)   Post Evacuate Collection Set: 1.0ms
[2025-06-06T20:30:29.359+0000][8.708s][info ][gc,phases   ] GC(38)   Other: 0.2ms
[2025-06-06T20:30:29.359+0000][8.708s][info ][gc,heap     ] GC(38) Eden regions: 140->0(1)
[2025-06-06T20:30:29.360+0000][8.708s][info ][gc,heap     ] GC(38) Survivor regions: 10->12(19)
[2025-06-06T20:30:29.360+0000][8.708s][info ][gc,heap     ] GC(38) Old regions: 62->62
[2025-06-06T20:30:29.360+0000][8.708s][info ][gc,heap     ] GC(38) Archive regions: 2->2
[2025-06-06T20:30:29.360+0000][8.708s][info ][gc,heap     ] GC(38) Humongous regions: 0->0
[2025-06-06T20:30:29.360+0000][8.708s][info ][gc,metaspace] GC(38) Metaspace: 72660K(73152K)->72660K(73152K) NonClass: 63342K(63616K)->63342K(63616K) Class: 9317K(9536K)->9317K(9536K)
[2025-06-06T20:30:29.360+0000][8.708s][info ][gc          ] GC(38) Pause Young (Prepare Mixed) (G1 Evacuation Pause) 212M->74M(250M) 10.768ms
[2025-06-06T20:30:29.360+0000][8.708s][info ][gc,cpu      ] GC(38) User=0.02s Sys=0.00s Real=0.01s
[2025-06-06T20:30:29.360+0000][8.708s][info ][safepoint   ] Safepoint "G1CollectForAllocation", Time since last: 59702584 ns, Reaching safepoint: 197708 ns, Cleanup: 24917 ns, At safepoint: 10955417 ns, Total: 11178042 ns
[2025-06-06T20:30:29.362+0000][8.710s][debug][safepoint   ] Safepoint synchronization initiated using futex wait barrier. (18 threads)
[2025-06-06T20:30:29.362+0000][8.710s][info ][gc,start    ] GC(39) Pause Young (Mixed) (G1 Evacuation Pause)
[2025-06-06T20:30:29.362+0000][8.710s][info ][gc,task     ] GC(39) Using 2 workers of 2 for evacuation
[2025-06-06T20:30:29.373+0000][8.721s][info ][gc,phases   ] GC(39)   Pre Evacuate Collection Set: 0.1ms
[2025-06-06T20:30:29.373+0000][8.721s][info ][gc,phases   ] GC(39)   Merge Heap Roots: 0.1ms
[2025-06-06T20:30:29.373+0000][8.721s][info ][gc,phases   ] GC(39)   Evacuate Collection Set: 9.3ms
[2025-06-06T20:30:29.373+0000][8.721s][info ][gc,phases   ] GC(39)   Post Evacuate Collection Set: 0.8ms
[2025-06-06T20:30:29.373+0000][8.721s][info ][gc,phases   ] GC(39)   Other: 0.1ms
[2025-06-06T20:30:29.373+0000][8.721s][info ][gc,heap     ] GC(39) Eden regions: 1->0(142)
[2025-06-06T20:30:29.373+0000][8.721s][info ][gc,heap     ] GC(39) Survivor regions: 12->1(2)
[2025-06-06T20:30:29.373+0000][8.721s][info ][gc,heap     ] GC(39) Old regions: 62->72
[2025-06-06T20:30:29.373+0000][8.721s][info ][gc,heap     ] GC(39) Archive regions: 2->2
[2025-06-06T20:30:29.373+0000][8.721s][info ][gc,heap     ] GC(39) Humongous regions: 0->0
[2025-06-06T20:30:29.373+0000][8.721s][info ][gc,metaspace] GC(39) Metaspace: 72681K(73152K)->72681K(73152K) NonClass: 63359K(63616K)->63359K(63616K) Class: 9322K(9536K)->9322K(9536K)
[2025-06-06T20:30:29.373+0000][8.722s][info ][gc          ] GC(39) Pause Young (Mixed) (G1 Evacuation Pause) 75M->73M(250M) 11.123ms
[2025-06-06T20:30:29.374+0000][8.722s][info ][gc,cpu      ] GC(39) User=0.02s Sys=0.00s Real=0.01s
[2025-06-06T20:30:29.374+0000][8.722s][info ][safepoint   ] Safepoint "G1CollectForAllocation", Time since last: 2192083 ns, Reaching safepoint: 117250 ns, Cleanup: 2167 ns, At safepoint: 11218875 ns, Total: 11338292 ns
[2025-06-06T20:30:29.644+0000][8.992s][debug][safepoint   ] Safepoint synchronization initiated using futex wait barrier. (18 threads)
[2025-06-06T20:30:29.644+0000][8.992s][info ][safepoint   ] Safepoint "ICBufferFull", Time since last: 270319125 ns, Reaching safepoint: 199791 ns, Cleanup: 143209 ns, At safepoint: 6333 ns, Total: 349333 ns
[2025-06-06T20:30:29.673+0000][9.021s][debug][safepoint   ] Safepoint synchronization initiated using futex wait barrier. (18 threads)
[2025-06-06T20:30:29.673+0000][9.021s][info ][gc,start    ] GC(40) Pause Young (Concurrent Start) (G1 Evacuation Pause)
[2025-06-06T20:30:29.673+0000][9.021s][info ][gc,task     ] GC(40) Using 2 workers of 2 for evacuation
[2025-06-06T20:30:29.676+0000][9.024s][info ][gc,phases   ] GC(40)   Pre Evacuate Collection Set: 0.1ms
[2025-06-06T20:30:29.676+0000][9.025s][info ][gc,phases   ] GC(40)   Merge Heap Roots: 0.1ms
[2025-06-06T20:30:29.677+0000][9.025s][info ][gc,phases   ] GC(40)   Evacuate Collection Set: 2.1ms
[2025-06-06T20:30:29.677+0000][9.025s][info ][gc,phases   ] GC(40)   Post Evacuate Collection Set: 0.7ms
[2025-06-06T20:30:29.677+0000][9.025s][info ][gc,phases   ] GC(40)   Other: 0.2ms
[2025-06-06T20:30:29.677+0000][9.025s][info ][gc,heap     ] GC(40) Eden regions: 142->0(143)
[2025-06-06T20:30:29.677+0000][9.025s][info ][gc,heap     ] GC(40) Survivor regions: 1->1(18)
[2025-06-06T20:30:29.677+0000][9.025s][info ][gc,heap     ] GC(40) Old regions: 72->72
[2025-06-06T20:30:29.677+0000][9.025s][info ][gc,heap     ] GC(40) Archive regions: 2->2
[2025-06-06T20:30:29.677+0000][9.025s][info ][gc,heap     ] GC(40) Humongous regions: 0->0
[2025-06-06T20:30:29.677+0000][9.025s][info ][gc,metaspace] GC(40) Metaspace: 77172K(77696K)->77172K(77696K) NonClass: 67066K(67328K)->67066K(67328K) Class: 10106K(10368K)->10106K(10368K)
[2025-06-06T20:30:29.677+0000][9.025s][info ][gc          ] GC(40) Pause Young (Concurrent Start) (G1 Evacuation Pause) 215M->73M(250M) 3.894ms
[2025-06-06T20:30:29.677+0000][9.025s][info ][gc,cpu      ] GC(40) User=0.01s Sys=0.00s Real=0.00s
[2025-06-06T20:30:29.677+0000][9.025s][info ][safepoint   ] Safepoint "G1CollectForAllocation", Time since last: 28672458 ns, Reaching safepoint: 164334 ns, Cleanup: 41541 ns, At safepoint: 4025084 ns, Total: 4230959 ns
[2025-06-06T20:30:29.677+0000][9.025s][info ][gc          ] GC(41) Concurrent Mark Cycle
[2025-06-06T20:30:29.681+0000][9.029s][info ][gc,marking  ] GC(41) Concurrent Clear Claimed Marks
[2025-06-06T20:30:29.681+0000][9.029s][info ][gc,marking  ] GC(41) Concurrent Clear Claimed Marks 0.127ms
[2025-06-06T20:30:29.681+0000][9.029s][info ][gc,marking  ] GC(41) Concurrent Scan Root Regions
[2025-06-06T20:30:29.683+0000][9.031s][info ][gc,marking  ] GC(41) Concurrent Scan Root Regions 1.247ms
[2025-06-06T20:30:29.683+0000][9.031s][info ][gc,marking  ] GC(41) Concurrent Mark
[2025-06-06T20:30:29.683+0000][9.031s][info ][gc,marking  ] GC(41) Concurrent Mark From Roots
[2025-06-06T20:30:29.683+0000][9.031s][info ][gc,task     ] GC(41) Using 1 workers of 1 for marking
[2025-06-06T20:30:29.739+0000][9.087s][info ][gc,marking  ] GC(41) Concurrent Mark From Roots 55.991ms
[2025-06-06T20:30:29.739+0000][9.087s][info ][gc,marking  ] GC(41) Concurrent Preclean
[2025-06-06T20:30:29.739+0000][9.087s][info ][gc,marking  ] GC(41) Concurrent Preclean 0.295ms
[2025-06-06T20:30:29.739+0000][9.087s][debug][safepoint   ] Safepoint synchronization initiated using futex wait barrier. (18 threads)
[2025-06-06T20:30:29.740+0000][9.088s][info ][gc,start    ] GC(41) Pause Remark
[2025-06-06T20:30:29.745+0000][9.093s][info ][gc          ] GC(41) Pause Remark 105M->105M(250M) 5.070ms
[2025-06-06T20:30:29.746+0000][9.094s][info ][gc,cpu      ] GC(41) User=0.01s Sys=0.00s Real=0.00s
[2025-06-06T20:30:29.746+0000][9.094s][info ][safepoint   ] Safepoint "G1PauseRemark", Time since last: 62286208 ns, Reaching safepoint: 874125 ns, Cleanup: 66750 ns, At safepoint: 5300208 ns, Total: 6241083 ns
[2025-06-06T20:30:29.747+0000][9.095s][info ][gc,marking  ] GC(41) Concurrent Mark 64.112ms
[2025-06-06T20:30:29.747+0000][9.095s][info ][gc,marking  ] GC(41) Concurrent Rebuild Remembered Sets
[2025-06-06T20:30:29.784+0000][9.132s][info ][gc,marking  ] GC(41) Concurrent Rebuild Remembered Sets 37.398ms
[2025-06-06T20:30:29.785+0000][9.133s][debug][safepoint   ] Safepoint synchronization initiated using futex wait barrier. (18 threads)
[2025-06-06T20:30:29.785+0000][9.133s][info ][gc,start    ] GC(41) Pause Cleanup
[2025-06-06T20:30:29.785+0000][9.133s][info ][gc          ] GC(41) Pause Cleanup 126M->126M(250M) 0.191ms
[2025-06-06T20:30:29.785+0000][9.133s][info ][gc,cpu      ] GC(41) User=0.00s Sys=0.00s Real=0.00s
[2025-06-06T20:30:29.785+0000][9.133s][info ][safepoint   ] Safepoint "G1PauseCleanup", Time since last: 38908459 ns, Reaching safepoint: 237375 ns, Cleanup: 49708 ns, At safepoint: 320958 ns, Total: 608041 ns
[2025-06-06T20:30:29.786+0000][9.134s][info ][gc,marking  ] GC(41) Concurrent Cleanup for Next Mark
[2025-06-06T20:30:29.786+0000][9.134s][info ][gc,marking  ] GC(41) Concurrent Cleanup for Next Mark 0.244ms
[2025-06-06T20:30:29.786+0000][9.134s][info ][gc          ] GC(41) Concurrent Mark Cycle 109.150ms
[2025-06-06T20:30:29.819+0000][9.167s][debug][safepoint   ] Safepoint synchronization initiated using futex wait barrier. (18 threads)
[2025-06-06T20:30:29.819+0000][9.168s][info ][safepoint   ] Safepoint "ICBufferFull", Time since last: 34051667 ns, Reaching safepoint: 171208 ns, Cleanup: 79417 ns, At safepoint: 7250 ns, Total: 257875 ns
[2025-06-06T20:30:29.850+0000][9.199s][debug][safepoint   ] Safepoint synchronization initiated using futex wait barrier. (18 threads)
[2025-06-06T20:30:29.851+0000][9.199s][info ][safepoint   ] Safepoint "ICBufferFull", Time since last: 31022125 ns, Reaching safepoint: 186125 ns, Cleanup: 84292 ns, At safepoint: 4750 ns, Total: 275167 ns
[2025-06-06T20:30:29.867+0000][9.215s][debug][safepoint   ] Safepoint synchronization initiated using futex wait barrier. (18 threads)
[2025-06-06T20:30:29.867+0000][9.215s][info ][safepoint   ] Safepoint "ICBufferFull", Time since last: 15730708 ns, Reaching safepoint: 167375 ns, Cleanup: 71958 ns, At safepoint: 2584 ns, Total: 241917 ns
[2025-06-06T20:30:29.872+0000][9.220s][debug][safepoint   ] Safepoint synchronization initiated using futex wait barrier. (18 threads)
[2025-06-06T20:30:29.872+0000][9.220s][info ][safepoint   ] Safepoint "ICBufferFull", Time since last: 5244708 ns, Reaching safepoint: 149250 ns, Cleanup: 92667 ns, At safepoint: 1125 ns, Total: 243042 ns
[2025-06-06T20:30:29.888+0000][9.236s][debug][safepoint   ] Safepoint synchronization initiated using futex wait barrier. (18 threads)
[2025-06-06T20:30:29.889+0000][9.237s][info ][safepoint   ] Safepoint "ICBufferFull", Time since last: 15919541 ns, Reaching safepoint: 1036584 ns, Cleanup: 70750 ns, At safepoint: 5208 ns, Total: 1112542 ns
[2025-06-06T20:30:29.909+0000][9.257s][debug][safepoint   ] Safepoint synchronization initiated using futex wait barrier. (18 threads)
[2025-06-06T20:30:29.909+0000][9.257s][info ][safepoint   ] Safepoint "ICBufferFull", Time since last: 19536750 ns, Reaching safepoint: 185500 ns, Cleanup: 60625 ns, At safepoint: 4500 ns, Total: 250625 ns
[2025-06-06T20:30:29.971+0000][9.320s][debug][safepoint   ] Safepoint synchronization initiated using futex wait barrier. (18 threads)
[2025-06-06T20:30:29.972+0000][9.320s][info ][safepoint   ] Safepoint "ICBufferFull", Time since last: 62385542 ns, Reaching safepoint: 198791 ns, Cleanup: 85584 ns, At safepoint: 3875 ns, Total: 288250 ns
[2025-06-06T20:30:29.994+0000][9.342s][debug][safepoint   ] Safepoint synchronization initiated using futex wait barrier. (18 threads)
[2025-06-06T20:30:29.995+0000][9.344s][info ][safepoint   ] Safepoint "ICBufferFull", Time since last: 22245958 ns, Reaching safepoint: 1415208 ns, Cleanup: 83209 ns, At safepoint: 6916 ns, Total: 1505333 ns
[2025-06-06T20:30:30.031+0000][9.379s][debug][safepoint   ] Safepoint synchronization initiated using futex wait barrier. (18 threads)
[2025-06-06T20:30:30.032+0000][9.381s][info ][safepoint   ] Safepoint "ICBufferFull", Time since last: 35707417 ns, Reaching safepoint: 1157792 ns, Cleanup: 95666 ns, At safepoint: 7334 ns, Total: 1260792 ns
[2025-06-06T20:30:30.057+0000][9.405s][debug][safepoint   ] Safepoint synchronization initiated using futex wait barrier. (18 threads)
[2025-06-06T20:30:30.058+0000][9.406s][info ][safepoint   ] Safepoint "ICBufferFull", Time since last: 24951583 ns, Reaching safepoint: 187084 ns, Cleanup: 120625 ns, At safepoint: 1958 ns, Total: 309667 ns
[2025-06-06T20:30:30.080+0000][9.428s][debug][safepoint   ] Safepoint synchronization initiated using futex wait barrier. (18 threads)
[2025-06-06T20:30:30.081+0000][9.429s][info ][gc,start    ] GC(42) Pause Young (Prepare Mixed) (G1 Evacuation Pause)
[2025-06-06T20:30:30.081+0000][9.429s][info ][gc,task     ] GC(42) Using 2 workers of 2 for evacuation
[2025-06-06T20:30:30.085+0000][9.433s][info ][gc,phases   ] GC(42)   Pre Evacuate Collection Set: 0.1ms
[2025-06-06T20:30:30.085+0000][9.433s][info ][gc,phases   ] GC(42)   Merge Heap Roots: 0.1ms
[2025-06-06T20:30:30.085+0000][9.433s][info ][gc,phases   ] GC(42)   Evacuate Collection Set: 3.4ms
[2025-06-06T20:30:30.085+0000][9.433s][info ][gc,phases   ] GC(42)   Post Evacuate Collection Set: 0.6ms
[2025-06-06T20:30:30.085+0000][9.433s][info ][gc,phases   ] GC(42)   Other: 0.2ms
[2025-06-06T20:30:30.085+0000][9.433s][info ][gc,heap     ] GC(42) Eden regions: 143->0(9)
[2025-06-06T20:30:30.085+0000][9.433s][info ][gc,heap     ] GC(42) Survivor regions: 1->3(18)
[2025-06-06T20:30:30.085+0000][9.433s][info ][gc,heap     ] GC(42) Old regions: 72->72
[2025-06-06T20:30:30.085+0000][9.433s][info ][gc,heap     ] GC(42) Archive regions: 2->2
[2025-06-06T20:30:30.085+0000][9.433s][info ][gc,heap     ] GC(42) Humongous regions: 0->0
[2025-06-06T20:30:30.085+0000][9.434s][info ][gc,metaspace] GC(42) Metaspace: 79671K(80192K)->79671K(80192K) NonClass: 69224K(69504K)->69224K(69504K) Class: 10447K(10688K)->10447K(10688K)
[2025-06-06T20:30:30.086+0000][9.434s][info ][gc          ] GC(42) Pause Young (Prepare Mixed) (G1 Evacuation Pause) 216M->74M(250M) 4.983ms
[2025-06-06T20:30:30.086+0000][9.434s][info ][gc,cpu      ] GC(42) User=0.01s Sys=0.00s Real=0.00s
[2025-06-06T20:30:30.086+0000][9.434s][info ][safepoint   ] Safepoint "G1CollectForAllocation", Time since last: 22564500 ns, Reaching safepoint: 169125 ns, Cleanup: 64000 ns, At safepoint: 5085750 ns, Total: 5318875 ns
[2025-06-06T20:30:30.102+0000][9.450s][debug][safepoint   ] Safepoint synchronization initiated using futex wait barrier. (18 threads)
[2025-06-06T20:30:30.102+0000][9.450s][info ][gc,start    ] GC(43) Pause Young (Mixed) (G1 Evacuation Pause)
[2025-06-06T20:30:30.102+0000][9.451s][info ][gc,task     ] GC(43) Using 2 workers of 2 for evacuation
[2025-06-06T20:30:30.107+0000][9.455s][info ][gc,phases   ] GC(43)   Pre Evacuate Collection Set: 0.1ms
[2025-06-06T20:30:30.107+0000][9.455s][info ][gc,phases   ] GC(43)   Merge Heap Roots: 0.1ms
[2025-06-06T20:30:30.107+0000][9.455s][info ][gc,phases   ] GC(43)   Evacuate Collection Set: 3.6ms
[2025-06-06T20:30:30.107+0000][9.455s][info ][gc,phases   ] GC(43)   Post Evacuate Collection Set: 0.6ms
[2025-06-06T20:30:30.107+0000][9.455s][info ][gc,phases   ] GC(43)   Other: 0.2ms
[2025-06-06T20:30:30.107+0000][9.455s][info ][gc,heap     ] GC(43) Eden regions: 9->0(142)
[2025-06-06T20:30:30.107+0000][9.455s][info ][gc,heap     ] GC(43) Survivor regions: 3->1(2)
[2025-06-06T20:30:30.107+0000][9.455s][info ][gc,heap     ] GC(43) Old regions: 72->73
[2025-06-06T20:30:30.107+0000][9.456s][info ][gc,heap     ] GC(43) Archive regions: 2->2
[2025-06-06T20:30:30.108+0000][9.456s][info ][gc,heap     ] GC(43) Humongous regions: 0->0
[2025-06-06T20:30:30.108+0000][9.456s][info ][gc,metaspace] GC(43) Metaspace: 79762K(80256K)->79762K(80256K) NonClass: 69306K(69568K)->69306K(69568K) Class: 10455K(10688K)->10455K(10688K)
[2025-06-06T20:30:30.108+0000][9.456s][info ][gc          ] GC(43) Pause Young (Mixed) (G1 Evacuation Pause) 83M->73M(250M) 5.181ms
[2025-06-06T20:30:30.108+0000][9.456s][info ][gc,cpu      ] GC(43) User=0.02s Sys=0.00s Real=0.00s
[2025-06-06T20:30:30.108+0000][9.456s][info ][safepoint   ] Safepoint "G1CollectForAllocation", Time since last: 16620208 ns, Reaching safepoint: 163834 ns, Cleanup: 31666 ns, At safepoint: 5280750 ns, Total: 5476250 ns
[2025-06-06T20:30:30.278+0000][9.626s][debug][safepoint   ] Safepoint synchronization initiated using futex wait barrier. (18 threads)
[2025-06-06T20:30:30.279+0000][9.627s][info ][safepoint   ] Safepoint "ICBufferFull", Time since last: 170714792 ns, Reaching safepoint: 187583 ns, Cleanup: 113084 ns, At safepoint: 1125 ns, Total: 301792 ns
[2025-06-06T20:30:30.406+0000][9.754s][debug][safepoint   ] Safepoint synchronization initiated using futex wait barrier. (18 threads)
[2025-06-06T20:30:30.406+0000][9.754s][info ][gc,start    ] GC(44) Pause Young (Normal) (G1 Evacuation Pause)
[2025-06-06T20:30:30.406+0000][9.755s][info ][gc,task     ] GC(44) Using 2 workers of 2 for evacuation
[2025-06-06T20:30:30.410+0000][9.758s][info ][gc,phases   ] GC(44)   Pre Evacuate Collection Set: 0.1ms
[2025-06-06T20:30:30.411+0000][9.759s][info ][gc,phases   ] GC(44)   Merge Heap Roots: 0.1ms
[2025-06-06T20:30:30.411+0000][9.759s][info ][gc,phases   ] GC(44)   Evacuate Collection Set: 3.0ms
[2025-06-06T20:30:30.411+0000][9.759s][info ][gc,phases   ] GC(44)   Post Evacuate Collection Set: 0.7ms
[2025-06-06T20:30:30.411+0000][9.759s][info ][gc,phases   ] GC(44)   Other: 0.2ms
[2025-06-06T20:30:30.411+0000][9.759s][info ][gc,heap     ] GC(44) Eden regions: 142->0(140)
[2025-06-06T20:30:30.411+0000][9.759s][info ][gc,heap     ] GC(44) Survivor regions: 1->3(18)
[2025-06-06T20:30:30.411+0000][9.759s][info ][gc,heap     ] GC(44) Old regions: 73->73
[2025-06-06T20:30:30.411+0000][9.759s][info ][gc,heap     ] GC(44) Archive regions: 2->2
[2025-06-06T20:30:30.411+0000][9.759s][info ][gc,heap     ] GC(44) Humongous regions: 0->0
[2025-06-06T20:30:30.411+0000][9.759s][info ][gc,metaspace] GC(44) Metaspace: 82751K(83264K)->82751K(83264K) NonClass: 71854K(72128K)->71854K(72128K) Class: 10896K(11136K)->10896K(11136K)
[2025-06-06T20:30:30.411+0000][9.759s][info ][gc          ] GC(44) Pause Young (Normal) (G1 Evacuation Pause) 215M->75M(250M) 4.529ms
[2025-06-06T20:30:30.411+0000][9.759s][info ][gc,cpu      ] GC(44) User=0.01s Sys=0.00s Real=0.01s
[2025-06-06T20:30:30.411+0000][9.759s][info ][safepoint   ] Safepoint "G1CollectForAllocation", Time since last: 127449791 ns, Reaching safepoint: 191250 ns, Cleanup: 53084 ns, At safepoint: 4634666 ns, Total: 4879000 ns
[2025-06-06T20:30:30.476+0000][9.824s][debug][safepoint   ] Safepoint synchronization initiated using futex wait barrier. (18 threads)
[2025-06-06T20:30:30.477+0000][9.826s][info ][safepoint   ] Safepoint "ICBufferFull", Time since last: 65088084 ns, Reaching safepoint: 1222958 ns, Cleanup: 95042 ns, At safepoint: 6791 ns, Total: 1324791 ns
[2025-06-06T20:30:30.548+0000][9.896s][debug][safepoint   ] Safepoint synchronization initiated using futex wait barrier. (18 threads)
[2025-06-06T20:30:30.549+0000][9.897s][info ][safepoint   ] Safepoint "ICBufferFull", Time since last: 70917709 ns, Reaching safepoint: 226250 ns, Cleanup: 99500 ns, At safepoint: 9500 ns, Total: 335250 ns
[2025-06-06T20:30:30.709+0000][10.057s][debug][safepoint   ] Safepoint synchronization initiated using futex wait barrier. (18 threads)
[2025-06-06T20:30:30.709+0000][10.057s][info ][safepoint   ] Safepoint "ICBufferFull", Time since last: 160035375 ns, Reaching safepoint: 184208 ns, Cleanup: 104292 ns, At safepoint: 6958 ns, Total: 295458 ns
[2025-06-06T20:30:30.808+0000][10.157s][debug][safepoint   ] Safepoint synchronization initiated using futex wait barrier. (18 threads)
[2025-06-06T20:30:30.809+0000][10.157s][info ][safepoint   ] Safepoint "ICBufferFull", Time since last: 99452417 ns, Reaching safepoint: 198125 ns, Cleanup: 81958 ns, At safepoint: 1250 ns, Total: 281333 ns
[2025-06-06T20:30:30.900+0000][10.248s][debug][safepoint   ] Safepoint synchronization initiated using futex wait barrier. (18 threads)
[2025-06-06T20:30:30.900+0000][10.248s][info ][gc,start    ] GC(45) Pause Young (Normal) (G1 Evacuation Pause)
[2025-06-06T20:30:30.900+0000][10.248s][info ][gc,task     ] GC(45) Using 2 workers of 2 for evacuation
[2025-06-06T20:30:30.907+0000][10.255s][info ][gc,phases   ] GC(45)   Pre Evacuate Collection Set: 0.1ms
[2025-06-06T20:30:30.907+0000][10.255s][info ][gc,phases   ] GC(45)   Merge Heap Roots: 0.1ms
[2025-06-06T20:30:30.907+0000][10.255s][info ][gc,phases   ] GC(45)   Evacuate Collection Set: 5.6ms
[2025-06-06T20:30:30.907+0000][10.255s][info ][gc,phases   ] GC(45)   Post Evacuate Collection Set: 0.8ms
[2025-06-06T20:30:30.907+0000][10.255s][info ][gc,phases   ] GC(45)   Other: 0.2ms
[2025-06-06T20:30:30.907+0000][10.255s][info ][gc,heap     ] GC(45) Eden regions: 140->0(134)
[2025-06-06T20:30:30.907+0000][10.255s][info ][gc,heap     ] GC(45) Survivor regions: 3->7(18)
[2025-06-06T20:30:30.907+0000][10.255s][info ][gc,heap     ] GC(45) Old regions: 73->73
[2025-06-06T20:30:30.907+0000][10.255s][info ][gc,heap     ] GC(45) Archive regions: 2->2
[2025-06-06T20:30:30.907+0000][10.255s][info ][gc,heap     ] GC(45) Humongous regions: 0->0
[2025-06-06T20:30:30.907+0000][10.255s][info ][gc,metaspace] GC(45) Metaspace: 85729K(86336K)->85729K(86336K) NonClass: 74637K(74944K)->74637K(74944K) Class: 11091K(11392K)->11091K(11392K)
[2025-06-06T20:30:30.907+0000][10.255s][info ][gc          ] GC(45) Pause Young (Normal) (G1 Evacuation Pause) 215M->79M(250M) 7.340ms
[2025-06-06T20:30:30.907+0000][10.255s][info ][gc,cpu      ] GC(45) User=0.02s Sys=0.00s Real=0.01s
[2025-06-06T20:30:30.907+0000][10.256s][info ][safepoint   ] Safepoint "G1CollectForAllocation", Time since last: 91028292 ns, Reaching safepoint: 185875 ns, Cleanup: 42792 ns, At safepoint: 7444375 ns, Total: 7673042 ns
[2025-06-06T20:30:31.145+0000][10.493s][debug][safepoint   ] Safepoint synchronization initiated using futex wait barrier. (18 threads)
[2025-06-06T20:30:31.146+0000][10.494s][info ][safepoint   ] Safepoint "ICBufferFull", Time since last: 237945625 ns, Reaching safepoint: 153166 ns, Cleanup: 120584 ns, At safepoint: 2125 ns, Total: 275875 ns
[2025-06-06T20:30:31.379+0000][10.727s][debug][safepoint   ] Safepoint synchronization initiated using futex wait barrier. (22 threads)
[2025-06-06T20:30:31.379+0000][10.727s][info ][gc,start    ] GC(46) Pause Young (Normal) (G1 Evacuation Pause)
[2025-06-06T20:30:31.379+0000][10.727s][info ][gc,task     ] GC(46) Using 2 workers of 2 for evacuation
[2025-06-06T20:30:31.388+0000][10.736s][info ][gc,phases   ] GC(46)   Pre Evacuate Collection Set: 0.1ms
[2025-06-06T20:30:31.389+0000][10.737s][info ][gc,phases   ] GC(46)   Merge Heap Roots: 0.1ms
[2025-06-06T20:30:31.389+0000][10.737s][info ][gc,phases   ] GC(46)   Evacuate Collection Set: 7.8ms
[2025-06-06T20:30:31.389+0000][10.737s][info ][gc,phases   ] GC(46)   Post Evacuate Collection Set: 1.0ms
[2025-06-06T20:30:31.389+0000][10.737s][info ][gc,phases   ] GC(46)   Other: 0.3ms
[2025-06-06T20:30:31.389+0000][10.737s][info ][gc,heap     ] GC(46) Eden regions: 134->0(130)
[2025-06-06T20:30:31.389+0000][10.737s][info ][gc,heap     ] GC(46) Survivor regions: 7->10(18)
[2025-06-06T20:30:31.389+0000][10.737s][info ][gc,heap     ] GC(46) Old regions: 73->73
[2025-06-06T20:30:31.389+0000][10.737s][info ][gc,heap     ] GC(46) Archive regions: 2->2
[2025-06-06T20:30:31.389+0000][10.737s][info ][gc,heap     ] GC(46) Humongous regions: 0->0
[2025-06-06T20:30:31.389+0000][10.737s][info ][gc,metaspace] GC(46) Metaspace: 88133K(88704K)->88133K(88704K) NonClass: 76833K(77120K)->76833K(77120K) Class: 11300K(11584K)->11300K(11584K)
[2025-06-06T20:30:31.389+0000][10.737s][info ][gc          ] GC(46) Pause Young (Normal) (G1 Evacuation Pause) 213M->82M(250M) 9.988ms
[2025-06-06T20:30:31.389+0000][10.737s][info ][gc,cpu      ] GC(46) User=0.03s Sys=0.00s Real=0.01s
[2025-06-06T20:30:31.389+0000][10.737s][info ][safepoint   ] Safepoint "G1CollectForAllocation", Time since last: 233048125 ns, Reaching safepoint: 168541 ns, Cleanup: 118167 ns, At safepoint: 10133958 ns, Total: 10420666 ns
[2025-06-06T20:30:31.561+0000][10.909s][debug][safepoint   ] Safepoint synchronization initiated using futex wait barrier. (22 threads)
[2025-06-06T20:30:31.563+0000][10.911s][info ][safepoint   ] Safepoint "ICBufferFull", Time since last: 171831584 ns, Reaching safepoint: 1429542 ns, Cleanup: 133291 ns, At safepoint: 3000 ns, Total: 1565833 ns
[2025-06-06T20:30:31.713+0000][11.061s][debug][safepoint   ] Safepoint synchronization initiated using futex wait barrier. (22 threads)
[2025-06-06T20:30:31.713+0000][11.061s][info ][safepoint   ] Safepoint "ICBufferFull", Time since last: 150305584 ns, Reaching safepoint: 202416 ns, Cleanup: 130084 ns, At safepoint: 1583 ns, Total: 334083 ns
[2025-06-06T20:30:31.799+0000][11.147s][debug][safepoint   ] Safepoint synchronization initiated using futex wait barrier. (22 threads)
[2025-06-06T20:30:31.799+0000][11.147s][info ][gc,start    ] GC(47) Pause Young (Normal) (G1 Evacuation Pause)
[2025-06-06T20:30:31.799+0000][11.147s][info ][gc,task     ] GC(47) Using 2 workers of 2 for evacuation
[2025-06-06T20:30:31.810+0000][11.158s][info ][gc,phases   ] GC(47)   Pre Evacuate Collection Set: 0.1ms
[2025-06-06T20:30:31.810+0000][11.158s][info ][gc,phases   ] GC(47)   Merge Heap Roots: 0.1ms
[2025-06-06T20:30:31.810+0000][11.158s][info ][gc,phases   ] GC(47)   Evacuate Collection Set: 9.2ms
[2025-06-06T20:30:31.810+0000][11.158s][info ][gc,phases   ] GC(47)   Post Evacuate Collection Set: 1.0ms
[2025-06-06T20:30:31.810+0000][11.158s][info ][gc,phases   ] GC(47)   Other: 0.2ms
[2025-06-06T20:30:31.810+0000][11.158s][info ][gc,heap     ] GC(47) Eden regions: 130->0(126)
[2025-06-06T20:30:31.810+0000][11.158s][info ][gc,heap     ] GC(47) Survivor regions: 10->11(18)
[2025-06-06T20:30:31.810+0000][11.158s][info ][gc,heap     ] GC(47) Old regions: 73->75
[2025-06-06T20:30:31.810+0000][11.158s][info ][gc,heap     ] GC(47) Archive regions: 2->2
[2025-06-06T20:30:31.810+0000][11.158s][info ][gc,heap     ] GC(47) Humongous regions: 0->0
[2025-06-06T20:30:31.810+0000][11.158s][info ][gc,metaspace] GC(47) Metaspace: 92530K(93056K)->92530K(93056K) NonClass: 80616K(80896K)->80616K(80896K) Class: 11913K(12160K)->11913K(12160K)
[2025-06-06T20:30:31.810+0000][11.158s][info ][gc          ] GC(47) Pause Young (Normal) (G1 Evacuation Pause) 212M->85M(250M) 11.263ms
[2025-06-06T20:30:31.810+0000][11.158s][info ][gc,cpu      ] GC(47) User=0.02s Sys=0.00s Real=0.02s
[2025-06-06T20:30:31.810+0000][11.158s][info ][safepoint   ] Safepoint "G1CollectForAllocation", Time since last: 85515333 ns, Reaching safepoint: 184917 ns, Cleanup: 43958 ns, At safepoint: 11379334 ns, Total: 11608209 ns
[2025-06-06T20:30:31.890+0000][11.238s][debug][safepoint   ] Safepoint synchronization initiated using futex wait barrier. (22 threads)
[2025-06-06T20:30:31.890+0000][11.238s][info ][safepoint   ] Safepoint "ICBufferFull", Time since last: 79288000 ns, Reaching safepoint: 215791 ns, Cleanup: 71209 ns, At safepoint: 8125 ns, Total: 295125 ns
[2025-06-06T20:30:31.899+0000][11.247s][debug][safepoint   ] Safepoint synchronization initiated using futex wait barrier. (22 threads)
[2025-06-06T20:30:31.899+0000][11.247s][info ][safepoint   ] Safepoint "ICBufferFull", Time since last: 9172166 ns, Reaching safepoint: 151250 ns, Cleanup: 72209 ns, At safepoint: 7625 ns, Total: 231084 ns
[2025-06-06T20:30:32.080+0000][11.428s][debug][safepoint   ] Safepoint synchronization initiated using futex wait barrier. (23 threads)
[2025-06-06T20:30:32.081+0000][11.429s][info ][gc,start    ] GC(48) Pause Young (Normal) (G1 Evacuation Pause)
[2025-06-06T20:30:32.081+0000][11.429s][info ][gc,task     ] GC(48) Using 2 workers of 2 for evacuation
[2025-06-06T20:30:32.092+0000][11.440s][info ][gc,phases   ] GC(48)   Pre Evacuate Collection Set: 0.1ms
[2025-06-06T20:30:32.092+0000][11.440s][info ][gc,phases   ] GC(48)   Merge Heap Roots: 0.1ms
[2025-06-06T20:30:32.092+0000][11.440s][info ][gc,phases   ] GC(48)   Evacuate Collection Set: 10.2ms
[2025-06-06T20:30:32.092+0000][11.440s][info ][gc,phases   ] GC(48)   Post Evacuate Collection Set: 0.9ms
[2025-06-06T20:30:32.092+0000][11.440s][info ][gc,phases   ] GC(48)   Other: 0.2ms
[2025-06-06T20:30:32.092+0000][11.440s][info ][gc,heap     ] GC(48) Eden regions: 126->0(123)
[2025-06-06T20:30:32.092+0000][11.440s][info ][gc,heap     ] GC(48) Survivor regions: 11->11(18)
[2025-06-06T20:30:32.092+0000][11.440s][info ][gc,heap     ] GC(48) Old regions: 75->78
[2025-06-06T20:30:32.092+0000][11.440s][info ][gc,heap     ] GC(48) Archive regions: 2->2
[2025-06-06T20:30:32.092+0000][11.440s][info ][gc,heap     ] GC(48) Humongous regions: 0->0
[2025-06-06T20:30:32.092+0000][11.441s][info ][gc,metaspace] GC(48) Metaspace: 95226K(95808K)->95226K(95808K) NonClass: 82723K(83008K)->82723K(83008K) Class: 12503K(12800K)->12503K(12800K)
[2025-06-06T20:30:32.093+0000][11.441s][info ][gc          ] GC(48) Pause Young (Normal) (G1 Evacuation Pause) 211M->89M(250M) 11.964ms
[2025-06-06T20:30:32.093+0000][11.441s][info ][gc,cpu      ] GC(48) User=0.03s Sys=0.00s Real=0.01s
[2025-06-06T20:30:32.093+0000][11.441s][info ][safepoint   ] Safepoint "G1CollectForAllocation", Time since last: 180964750 ns, Reaching safepoint: 186625 ns, Cleanup: 75916 ns, At safepoint: 12089125 ns, Total: 12351666 ns
[2025-06-06T20:30:32.476+0000][11.824s][debug][safepoint   ] Safepoint synchronization initiated using futex wait barrier. (24 threads)
[2025-06-06T20:30:32.476+0000][11.824s][info ][gc,start    ] GC(49) Pause Young (Normal) (G1 Evacuation Pause)
[2025-06-06T20:30:32.476+0000][11.824s][info ][gc,task     ] GC(49) Using 2 workers of 2 for evacuation
[2025-06-06T20:30:32.487+0000][11.835s][info ][gc,phases   ] GC(49)   Pre Evacuate Collection Set: 0.1ms
[2025-06-06T20:30:32.487+0000][11.835s][info ][gc,phases   ] GC(49)   Merge Heap Roots: 0.1ms
[2025-06-06T20:30:32.487+0000][11.835s][info ][gc,phases   ] GC(49)   Evacuate Collection Set: 9.7ms
[2025-06-06T20:30:32.487+0000][11.835s][info ][gc,phases   ] GC(49)   Post Evacuate Collection Set: 0.8ms
[2025-06-06T20:30:32.487+0000][11.835s][info ][gc,phases   ] GC(49)   Other: 0.2ms
[2025-06-06T20:30:32.487+0000][11.835s][info ][gc,heap     ] GC(49) Eden regions: 123->0(123)
[2025-06-06T20:30:32.487+0000][11.835s][info ][gc,heap     ] GC(49) Survivor regions: 11->8(17)
[2025-06-06T20:30:32.487+0000][11.835s][info ][gc,heap     ] GC(49) Old regions: 78->82
[2025-06-06T20:30:32.487+0000][11.835s][info ][gc,heap     ] GC(49) Archive regions: 2->2
[2025-06-06T20:30:32.487+0000][11.835s][info ][gc,heap     ] GC(49) Humongous regions: 0->0
[2025-06-06T20:30:32.487+0000][11.835s][info ][gc,metaspace] GC(49) Metaspace: 98557K(99136K)->98557K(99136K) NonClass: 85616K(85952K)->85616K(85952K) Class: 12941K(13184K)->12941K(13184K)
[2025-06-06T20:30:32.487+0000][11.836s][info ][gc          ] GC(49) Pause Young (Normal) (G1 Evacuation Pause) 212M->89M(250M) 11.381ms
[2025-06-06T20:30:32.488+0000][11.836s][info ][gc,cpu      ] GC(49) User=0.02s Sys=0.01s Real=0.01s
[2025-06-06T20:30:32.488+0000][11.836s][info ][safepoint   ] Safepoint "G1CollectForAllocation", Time since last: 383159001 ns, Reaching safepoint: 216500 ns, Cleanup: 77125 ns, At safepoint: 11585208 ns, Total: 11878833 ns
[2025-06-06T20:30:32.702+0000][12.050s][debug][safepoint   ] Safepoint synchronization initiated using futex wait barrier. (24 threads)
[2025-06-06T20:30:32.702+0000][12.050s][info ][safepoint   ] Safepoint "ICBufferFull", Time since last: 214338208 ns, Reaching safepoint: 207417 ns, Cleanup: 94083 ns, At safepoint: 1875 ns, Total: 303375 ns
[2025-06-06T20:30:32.868+0000][12.216s][debug][safepoint   ] Safepoint synchronization initiated using futex wait barrier. (26 threads)
[2025-06-06T20:30:32.869+0000][12.217s][info ][gc,start    ] GC(50) Pause Young (Normal) (G1 Evacuation Pause)
[2025-06-06T20:30:32.869+0000][12.217s][info ][gc,task     ] GC(50) Using 2 workers of 2 for evacuation
[2025-06-06T20:30:32.880+0000][12.229s][info ][gc,phases   ] GC(50)   Pre Evacuate Collection Set: 0.1ms
[2025-06-06T20:30:32.881+0000][12.229s][info ][gc,phases   ] GC(50)   Merge Heap Roots: 0.1ms
[2025-06-06T20:30:32.881+0000][12.229s][info ][gc,phases   ] GC(50)   Evacuate Collection Set: 10.6ms
[2025-06-06T20:30:32.881+0000][12.229s][info ][gc,phases   ] GC(50)   Post Evacuate Collection Set: 1.0ms
[2025-06-06T20:30:32.881+0000][12.229s][info ][gc,phases   ] GC(50)   Other: 0.2ms
[2025-06-06T20:30:32.881+0000][12.229s][info ][gc,heap     ] GC(50) Eden regions: 123->0(119)
[2025-06-06T20:30:32.881+0000][12.229s][info ][gc,heap     ] GC(50) Survivor regions: 8->11(17)
[2025-06-06T20:30:32.881+0000][12.229s][info ][gc,heap     ] GC(50) Old regions: 82->82
[2025-06-06T20:30:32.881+0000][12.229s][info ][gc,heap     ] GC(50) Archive regions: 2->2
[2025-06-06T20:30:32.881+0000][12.229s][info ][gc,heap     ] GC(50) Humongous regions: 0->0
[2025-06-06T20:30:32.881+0000][12.229s][info ][gc,metaspace] GC(50) Metaspace: 102574K(103168K)->102574K(103168K) NonClass: 89057K(89344K)->89057K(89344K) Class: 13517K(13824K)->13517K(13824K)
[2025-06-06T20:30:32.881+0000][12.229s][info ][gc          ] GC(50) Pause Young (Normal) (G1 Evacuation Pause) 212M->92M(250M) 12.527ms
[2025-06-06T20:30:32.881+0000][12.229s][info ][gc,cpu      ] GC(50) User=0.02s Sys=0.00s Real=0.02s
[2025-06-06T20:30:32.881+0000][12.229s][info ][safepoint   ] Safepoint "G1CollectForAllocation", Time since last: 165931501 ns, Reaching safepoint: 213833 ns, Cleanup: 51208 ns, At safepoint: 12651334 ns, Total: 12916375 ns
[2025-06-06T20:30:33.217+0000][12.565s][debug][safepoint   ] Safepoint synchronization initiated using futex wait barrier. (26 threads)
[2025-06-06T20:30:33.217+0000][12.565s][info ][gc,start    ] GC(51) Pause Young (Normal) (G1 Evacuation Pause)
[2025-06-06T20:30:33.217+0000][12.565s][info ][gc,task     ] GC(51) Using 2 workers of 2 for evacuation
[2025-06-06T20:30:33.229+0000][12.577s][info ][gc,phases   ] GC(51)   Pre Evacuate Collection Set: 0.1ms
[2025-06-06T20:30:33.229+0000][12.577s][info ][gc,phases   ] GC(51)   Merge Heap Roots: 0.2ms
[2025-06-06T20:30:33.229+0000][12.577s][info ][gc,phases   ] GC(51)   Evacuate Collection Set: 10.3ms
[2025-06-06T20:30:33.229+0000][12.577s][info ][gc,phases   ] GC(51)   Post Evacuate Collection Set: 1.2ms
[2025-06-06T20:30:33.229+0000][12.577s][info ][gc,phases   ] GC(51)   Other: 0.2ms
[2025-06-06T20:30:33.229+0000][12.577s][info ][gc,heap     ] GC(51) Eden regions: 119->0(119)
[2025-06-06T20:30:33.229+0000][12.577s][info ][gc,heap     ] GC(51) Survivor regions: 11->10(17)
[2025-06-06T20:30:33.229+0000][12.577s][info ][gc,heap     ] GC(51) Old regions: 82->84
[2025-06-06T20:30:33.229+0000][12.577s][info ][gc,heap     ] GC(51) Archive regions: 2->2
[2025-06-06T20:30:33.229+0000][12.577s][info ][gc,heap     ] GC(51) Humongous regions: 0->0
[2025-06-06T20:30:33.229+0000][12.578s][info ][gc,metaspace] GC(51) Metaspace: 105462K(106048K)->105462K(106048K) NonClass: 91611K(91904K)->91611K(91904K) Class: 13850K(14144K)->13850K(14144K)
[2025-06-06T20:30:33.230+0000][12.578s][info ][gc          ] GC(51) Pause Young (Normal) (G1 Evacuation Pause) 211M->94M(250M) 12.704ms
[2025-06-06T20:30:33.230+0000][12.578s][info ][gc,cpu      ] GC(51) User=0.03s Sys=0.00s Real=0.01s
[2025-06-06T20:30:33.230+0000][12.578s][info ][safepoint   ] Safepoint "G1CollectForAllocation", Time since last: 335358375 ns, Reaching safepoint: 191750 ns, Cleanup: 135500 ns, At safepoint: 12829083 ns, Total: 13156333 ns
[2025-06-06T20:30:33.606+0000][12.954s][debug][safepoint   ] Safepoint synchronization initiated using futex wait barrier. (34 threads)
[2025-06-06T20:30:33.607+0000][12.955s][info ][gc,start    ] GC(52) Pause Young (Normal) (G1 Evacuation Pause)
[2025-06-06T20:30:33.607+0000][12.955s][info ][gc,task     ] GC(52) Using 2 workers of 2 for evacuation
[2025-06-06T20:30:33.620+0000][12.968s][info ][gc,phases   ] GC(52)   Pre Evacuate Collection Set: 0.1ms
[2025-06-06T20:30:33.620+0000][12.968s][info ][gc,phases   ] GC(52)   Merge Heap Roots: 0.1ms
[2025-06-06T20:30:33.620+0000][12.968s][info ][gc,phases   ] GC(52)   Evacuate Collection Set: 11.3ms
[2025-06-06T20:30:33.620+0000][12.968s][info ][gc,phases   ] GC(52)   Post Evacuate Collection Set: 1.2ms
[2025-06-06T20:30:33.620+0000][12.968s][info ][gc,phases   ] GC(52)   Other: 0.2ms
[2025-06-06T20:30:33.620+0000][12.968s][info ][gc,heap     ] GC(52) Eden regions: 119->0(114)
[2025-06-06T20:30:33.620+0000][12.968s][info ][gc,heap     ] GC(52) Survivor regions: 10->11(17)
[2025-06-06T20:30:33.620+0000][12.968s][info ][gc,heap     ] GC(52) Old regions: 84->87
[2025-06-06T20:30:33.620+0000][12.968s][info ][gc,heap     ] GC(52) Archive regions: 2->2
[2025-06-06T20:30:33.620+0000][12.968s][info ][gc,heap     ] GC(52) Humongous regions: 0->0
[2025-06-06T20:30:33.620+0000][12.968s][info ][gc,metaspace] GC(52) Metaspace: 107451K(108160K)->107451K(108160K) NonClass: 93446K(93824K)->93446K(93824K) Class: 14004K(14336K)->14004K(14336K)
[2025-06-06T20:30:33.620+0000][12.968s][info ][gc          ] GC(52) Pause Young (Normal) (G1 Evacuation Pause) 213M->97M(250M) 13.577ms
[2025-06-06T20:30:33.620+0000][12.968s][info ][gc,cpu      ] GC(52) User=0.03s Sys=0.00s Real=0.02s
[2025-06-06T20:30:33.620+0000][12.968s][info ][safepoint   ] Safepoint "G1CollectForAllocation", Time since last: 376722709 ns, Reaching safepoint: 192666 ns, Cleanup: 104459 ns, At safepoint: 13730291 ns, Total: 14027416 ns
[2025-06-06T20:30:33.864+0000][13.212s][debug][safepoint   ] Safepoint synchronization initiated using futex wait barrier. (34 threads)
[2025-06-06T20:30:33.865+0000][13.213s][info ][safepoint   ] Safepoint "ICBufferFull", Time since last: 243924542 ns, Reaching safepoint: 106917 ns, Cleanup: 97708 ns, At safepoint: 1458 ns, Total: 206083 ns
[2025-06-06T20:30:33.926+0000][13.274s][debug][safepoint   ] Safepoint synchronization initiated using futex wait barrier. (38 threads)
[2025-06-06T20:30:33.927+0000][13.275s][info ][gc,start    ] GC(53) Pause Young (Normal) (G1 Evacuation Pause)
[2025-06-06T20:30:33.927+0000][13.275s][info ][gc,task     ] GC(53) Using 2 workers of 2 for evacuation
[2025-06-06T20:30:33.938+0000][13.286s][info ][gc,phases   ] GC(53)   Pre Evacuate Collection Set: 0.1ms
[2025-06-06T20:30:33.938+0000][13.286s][info ][gc,phases   ] GC(53)   Merge Heap Roots: 0.1ms
[2025-06-06T20:30:33.938+0000][13.286s][info ][gc,phases   ] GC(53)   Evacuate Collection Set: 10.1ms
[2025-06-06T20:30:33.938+0000][13.286s][info ][gc,phases   ] GC(53)   Post Evacuate Collection Set: 1.0ms
[2025-06-06T20:30:33.938+0000][13.286s][info ][gc,phases   ] GC(53)   Other: 0.2ms
[2025-06-06T20:30:33.938+0000][13.286s][info ][gc,heap     ] GC(53) Eden regions: 114->0(114)
[2025-06-06T20:30:33.938+0000][13.286s][info ][gc,heap     ] GC(53) Survivor regions: 11->9(16)
[2025-06-06T20:30:33.938+0000][13.287s][info ][gc,heap     ] GC(53) Old regions: 87->91
[2025-06-06T20:30:33.938+0000][13.287s][info ][gc,heap     ] GC(53) Archive regions: 2->2
[2025-06-06T20:30:33.939+0000][13.287s][info ][gc,heap     ] GC(53) Humongous regions: 0->0
[2025-06-06T20:30:33.939+0000][13.287s][info ][gc,metaspace] GC(53) Metaspace: 109806K(110464K)->109806K(110464K) NonClass: 95523K(95872K)->95523K(95872K) Class: 14283K(14592K)->14283K(14592K)
[2025-06-06T20:30:33.939+0000][13.287s][info ][gc          ] GC(53) Pause Young (Normal) (G1 Evacuation Pause) 211M->100M(250M) 12.075ms
[2025-06-06T20:30:33.939+0000][13.287s][info ][gc,cpu      ] GC(53) User=0.03s Sys=0.00s Real=0.01s
[2025-06-06T20:30:33.939+0000][13.287s][info ][safepoint   ] Safepoint "G1CollectForAllocation", Time since last: 61781917 ns, Reaching safepoint: 181375 ns, Cleanup: 38042 ns, At safepoint: 12202583 ns, Total: 12422000 ns
[2025-06-06T20:30:34.168+0000][13.516s][debug][safepoint   ] Safepoint synchronization initiated using futex wait barrier. (38 threads)
[2025-06-06T20:30:34.169+0000][13.517s][info ][safepoint   ] Safepoint "ICBufferFull", Time since last: 229653667 ns, Reaching safepoint: 124708 ns, Cleanup: 123000 ns, At safepoint: 1167 ns, Total: 248875 ns
[2025-06-06T20:30:34.277+0000][13.625s][debug][safepoint   ] Safepoint synchronization initiated using futex wait barrier. (38 threads)
[2025-06-06T20:30:34.277+0000][13.625s][info ][safepoint   ] Safepoint "ICBufferFull", Time since last: 108293833 ns, Reaching safepoint: 166667 ns, Cleanup: 109833 ns, At safepoint: 2000 ns, Total: 278500 ns
[2025-06-06T20:30:34.370+0000][13.718s][debug][safepoint   ] Safepoint synchronization initiated using futex wait barrier. (38 threads)
[2025-06-06T20:30:34.371+0000][13.719s][info ][safepoint   ] Safepoint "ICBufferFull", Time since last: 93209584 ns, Reaching safepoint: 191000 ns, Cleanup: 85333 ns, At safepoint: 2167 ns, Total: 278500 ns
[2025-06-06T20:30:34.421+0000][13.769s][debug][safepoint   ] Safepoint synchronization initiated using futex wait barrier. (38 threads)
[2025-06-06T20:30:34.421+0000][13.769s][info ][gc,start    ] GC(54) Pause Young (Normal) (G1 Evacuation Pause)
[2025-06-06T20:30:34.421+0000][13.769s][info ][gc,task     ] GC(54) Using 2 workers of 2 for evacuation
[2025-06-06T20:30:34.447+0000][13.795s][info ][gc,phases   ] GC(54)   Pre Evacuate Collection Set: 0.1ms
[2025-06-06T20:30:34.447+0000][13.795s][info ][gc,phases   ] GC(54)   Merge Heap Roots: 0.1ms
[2025-06-06T20:30:34.447+0000][13.796s][info ][gc,phases   ] GC(54)   Evacuate Collection Set: 24.7ms
[2025-06-06T20:30:34.448+0000][13.796s][info ][gc,phases   ] GC(54)   Post Evacuate Collection Set: 1.1ms
[2025-06-06T20:30:34.448+0000][13.796s][info ][gc,phases   ] GC(54)   Other: 0.2ms
[2025-06-06T20:30:34.448+0000][13.796s][info ][gc,heap     ] GC(54) Eden regions: 114->0(108)
[2025-06-06T20:30:34.448+0000][13.796s][info ][gc,heap     ] GC(54) Survivor regions: 9->12(16)
[2025-06-06T20:30:34.448+0000][13.796s][info ][gc,heap     ] GC(54) Old regions: 91->91
[2025-06-06T20:30:34.448+0000][13.796s][info ][gc,heap     ] GC(54) Archive regions: 2->2
[2025-06-06T20:30:34.448+0000][13.796s][info ][gc,heap     ] GC(54) Humongous regions: 0->0
[2025-06-06T20:30:34.448+0000][13.796s][info ][gc,metaspace] GC(54) Metaspace: 113113K(113792K)->113113K(113792K) NonClass: 98531K(98880K)->98531K(98880K) Class: 14582K(14912K)->14582K(14912K)
[2025-06-06T20:30:34.448+0000][13.796s][info ][gc          ] GC(54) Pause Young (Normal) (G1 Evacuation Pause) 214M->103M(250M) 26.646ms
[2025-06-06T20:30:34.448+0000][13.796s][info ][gc,cpu      ] GC(54) User=0.02s Sys=0.00s Real=0.02s
[2025-06-06T20:30:34.448+0000][13.796s][info ][safepoint   ] Safepoint "G1CollectForAllocation", Time since last: 50231000 ns, Reaching safepoint: 162583 ns, Cleanup: 70667 ns, At safepoint: 26793333 ns, Total: 27026583 ns
[2025-06-06T20:30:34.561+0000][13.909s][debug][safepoint   ] Safepoint synchronization initiated using futex wait barrier. (38 threads)
[2025-06-06T20:30:34.561+0000][13.909s][info ][safepoint   ] Safepoint "ICBufferFull", Time since last: 112769875 ns, Reaching safepoint: 197625 ns, Cleanup: 93792 ns, At safepoint: 4333 ns, Total: 295750 ns
[2025-06-06T20:30:34.737+0000][14.085s][debug][safepoint   ] Safepoint synchronization initiated using futex wait barrier. (38 threads)
[2025-06-06T20:30:34.737+0000][14.085s][info ][safepoint   ] Safepoint "ICBufferFull", Time since last: 175529792 ns, Reaching safepoint: 231041 ns, Cleanup: 97834 ns, At safepoint: 1333 ns, Total: 330208 ns
[2025-06-06T20:30:34.793+0000][14.141s][debug][safepoint   ] Safepoint synchronization initiated using futex wait barrier. (39 threads)
[2025-06-06T20:30:34.793+0000][14.141s][info ][gc,start    ] GC(55) Pause Young (Normal) (G1 Evacuation Pause)
[2025-06-06T20:30:34.793+0000][14.141s][info ][gc,task     ] GC(55) Using 2 workers of 2 for evacuation
[2025-06-06T20:30:34.806+0000][14.154s][info ][gc,phases   ] GC(55)   Pre Evacuate Collection Set: 0.1ms
[2025-06-06T20:30:34.806+0000][14.154s][info ][gc,phases   ] GC(55)   Merge Heap Roots: 0.1ms
[2025-06-06T20:30:34.806+0000][14.154s][info ][gc,phases   ] GC(55)   Evacuate Collection Set: 11.7ms
[2025-06-06T20:30:34.806+0000][14.154s][info ][gc,phases   ] GC(55)   Post Evacuate Collection Set: 1.0ms
[2025-06-06T20:30:34.806+0000][14.154s][info ][gc,phases   ] GC(55)   Other: 0.2ms
[2025-06-06T20:30:34.806+0000][14.155s][info ][gc,heap     ] GC(55) Eden regions: 108->0(109)
[2025-06-06T20:30:34.807+0000][14.155s][info ][gc,heap     ] GC(55) Survivor regions: 12->9(15)
[2025-06-06T20:30:34.807+0000][14.155s][info ][gc,heap     ] GC(55) Old regions: 91->96
[2025-06-06T20:30:34.807+0000][14.155s][info ][gc,heap     ] GC(55) Archive regions: 2->2
[2025-06-06T20:30:34.807+0000][14.155s][info ][gc,heap     ] GC(55) Humongous regions: 0->0
[2025-06-06T20:30:34.807+0000][14.155s][info ][gc,metaspace] GC(55) Metaspace: 115462K(116160K)->115462K(116160K) NonClass: 100659K(100992K)->100659K(100992K) Class: 14802K(15168K)->14802K(15168K)
[2025-06-06T20:30:34.807+0000][14.155s][info ][gc          ] GC(55) Pause Young (Normal) (G1 Evacuation Pause) 211M->105M(250M) 13.771ms
[2025-06-06T20:30:34.807+0000][14.155s][info ][gc,cpu      ] GC(55) User=0.03s Sys=0.00s Real=0.01s
[2025-06-06T20:30:34.807+0000][14.155s][info ][safepoint   ] Safepoint "G1CollectForAllocation", Time since last: 55790375 ns, Reaching safepoint: 227333 ns, Cleanup: 57625 ns, At safepoint: 13909959 ns, Total: 14194917 ns
[2025-06-06T20:30:35.007+0000][14.355s][debug][safepoint   ] Safepoint synchronization initiated using futex wait barrier. (39 threads)
[2025-06-06T20:30:35.007+0000][14.355s][info ][safepoint   ] Safepoint "ICBufferFull", Time since last: 199974750 ns, Reaching safepoint: 239750 ns, Cleanup: 106500 ns, At safepoint: 5292 ns, Total: 351542 ns
[2025-06-06T20:30:35.079+0000][14.427s][debug][safepoint   ] Safepoint synchronization initiated using futex wait barrier. (39 threads)
[2025-06-06T20:30:35.079+0000][14.427s][info ][gc,start    ] GC(56) Pause Young (Normal) (G1 Evacuation Pause)
[2025-06-06T20:30:35.079+0000][14.427s][info ][gc,task     ] GC(56) Using 2 workers of 2 for evacuation
[2025-06-06T20:30:35.090+0000][14.438s][info ][gc,phases   ] GC(56)   Pre Evacuate Collection Set: 0.1ms
[2025-06-06T20:30:35.090+0000][14.439s][info ][gc,phases   ] GC(56)   Merge Heap Roots: 0.1ms
[2025-06-06T20:30:35.091+0000][14.439s][info ][gc,phases   ] GC(56)   Evacuate Collection Set: 9.7ms
[2025-06-06T20:30:35.091+0000][14.439s][info ][gc,phases   ] GC(56)   Post Evacuate Collection Set: 1.1ms
[2025-06-06T20:30:35.091+0000][14.439s][info ][gc,phases   ] GC(56)   Other: 0.2ms
[2025-06-06T20:30:35.091+0000][14.439s][info ][gc,heap     ] GC(56) Eden regions: 109->0(109)
[2025-06-06T20:30:35.091+0000][14.439s][info ][gc,heap     ] GC(56) Survivor regions: 9->8(15)
[2025-06-06T20:30:35.091+0000][14.439s][info ][gc,heap     ] GC(56) Old regions: 96->98
[2025-06-06T20:30:35.091+0000][14.439s][info ][gc,heap     ] GC(56) Archive regions: 2->2
[2025-06-06T20:30:35.091+0000][14.439s][info ][gc,heap     ] GC(56) Humongous regions: 0->0
[2025-06-06T20:30:35.091+0000][14.439s][info ][gc,metaspace] GC(56) Metaspace: 116363K(117120K)->116363K(117120K) NonClass: 101417K(101824K)->101417K(101824K) Class: 14945K(15296K)->14945K(15296K)
[2025-06-06T20:30:35.091+0000][14.439s][info ][gc          ] GC(56) Pause Young (Normal) (G1 Evacuation Pause) 214M->106M(250M) 11.782ms
[2025-06-06T20:30:35.091+0000][14.439s][info ][gc,cpu      ] GC(56) User=0.03s Sys=0.00s Real=0.02s
[2025-06-06T20:30:35.091+0000][14.439s][info ][safepoint   ] Safepoint "G1CollectForAllocation", Time since last: 71715208 ns, Reaching safepoint: 228875 ns, Cleanup: 29750 ns, At safepoint: 11993958 ns, Total: 12252583 ns
[2025-06-06T20:30:35.221+0000][14.569s][debug][safepoint   ] Safepoint synchronization initiated using futex wait barrier. (42 threads)
[2025-06-06T20:30:35.222+0000][14.570s][info ][safepoint   ] Safepoint "ICBufferFull", Time since last: 130053459 ns, Reaching safepoint: 235333 ns, Cleanup: 107875 ns, At safepoint: 1500 ns, Total: 344708 ns
[2025-06-06T20:30:35.493+0000][14.841s][debug][safepoint   ] Safepoint synchronization initiated using futex wait barrier. (42 threads)
[2025-06-06T20:30:35.493+0000][14.841s][info ][gc,start    ] GC(57) Pause Young (Normal) (G1 Evacuation Pause)
[2025-06-06T20:30:35.493+0000][14.841s][info ][gc,task     ] GC(57) Using 2 workers of 2 for evacuation
[2025-06-06T20:30:35.507+0000][14.855s][info ][gc,phases   ] GC(57)   Pre Evacuate Collection Set: 0.1ms
[2025-06-06T20:30:35.507+0000][14.855s][info ][gc,phases   ] GC(57)   Merge Heap Roots: 0.1ms
[2025-06-06T20:30:35.507+0000][14.855s][info ][gc,phases   ] GC(57)   Evacuate Collection Set: 12.0ms
[2025-06-06T20:30:35.507+0000][14.855s][info ][gc,phases   ] GC(57)   Post Evacuate Collection Set: 1.1ms
[2025-06-06T20:30:35.507+0000][14.855s][info ][gc,phases   ] GC(57)   Other: 0.2ms
[2025-06-06T20:30:35.507+0000][14.855s][info ][gc,heap     ] GC(57) Eden regions: 109->0(99)
[2025-06-06T20:30:35.507+0000][14.855s][info ][gc,heap     ] GC(57) Survivor regions: 8->13(15)
[2025-06-06T20:30:35.507+0000][14.855s][info ][gc,heap     ] GC(57) Old regions: 98->98
[2025-06-06T20:30:35.507+0000][14.855s][info ][gc,heap     ] GC(57) Archive regions: 2->2
[2025-06-06T20:30:35.507+0000][14.855s][info ][gc,heap     ] GC(57) Humongous regions: 0->0
[2025-06-06T20:30:35.507+0000][14.855s][info ][gc,metaspace] GC(57) Metaspace: 122138K(122880K)->122138K(122880K) NonClass: 106536K(106944K)->106536K(106944K) Class: 15602K(15936K)->15602K(15936K)
[2025-06-06T20:30:35.507+0000][14.855s][info ][gc          ] GC(57) Pause Young (Normal) (G1 Evacuation Pause) 215M->111M(250M) 13.971ms
[2025-06-06T20:30:35.507+0000][14.855s][info ][gc,cpu      ] GC(57) User=0.03s Sys=0.00s Real=0.01s
[2025-06-06T20:30:35.507+0000][14.855s][info ][safepoint   ] Safepoint "G1CollectForAllocation", Time since last: 271322417 ns, Reaching safepoint: 205416 ns, Cleanup: 70584 ns, At safepoint: 14126916 ns, Total: 14402916 ns
[2025-06-06T20:30:35.805+0000][15.153s][debug][safepoint   ] Safepoint synchronization initiated using futex wait barrier. (42 threads)
[2025-06-06T20:30:35.805+0000][15.153s][info ][gc,start    ] GC(58) Pause Young (Normal) (G1 Evacuation Pause)
[2025-06-06T20:30:35.805+0000][15.153s][info ][gc,task     ] GC(58) Using 2 workers of 2 for evacuation
[2025-06-06T20:30:35.818+0000][15.166s][info ][gc,phases   ] GC(58)   Pre Evacuate Collection Set: 0.1ms
[2025-06-06T20:30:35.818+0000][15.166s][info ][gc,phases   ] GC(58)   Merge Heap Roots: 0.1ms
[2025-06-06T20:30:35.818+0000][15.166s][info ][gc,phases   ] GC(58)   Evacuate Collection Set: 11.5ms
[2025-06-06T20:30:35.818+0000][15.166s][info ][gc,phases   ] GC(58)   Post Evacuate Collection Set: 1.1ms
[2025-06-06T20:30:35.818+0000][15.166s][info ][gc,phases   ] GC(58)   Other: 0.2ms
[2025-06-06T20:30:35.818+0000][15.166s][info ][gc,heap     ] GC(58) Eden regions: 99->0(100)
[2025-06-06T20:30:35.818+0000][15.166s][info ][gc,heap     ] GC(58) Survivor regions: 13->9(14)
[2025-06-06T20:30:35.818+0000][15.166s][info ][gc,heap     ] GC(58) Old regions: 98->104
[2025-06-06T20:30:35.818+0000][15.166s][info ][gc,heap     ] GC(58) Archive regions: 2->2
[2025-06-06T20:30:35.818+0000][15.166s][info ][gc,heap     ] GC(58) Humongous regions: 0->0
[2025-06-06T20:30:35.818+0000][15.167s][info ][gc,metaspace] GC(58) Metaspace: 126373K(127360K)->126373K(127360K) NonClass: 110246K(110784K)->110246K(110784K) Class: 16126K(16576K)->16126K(16576K)
[2025-06-06T20:30:35.819+0000][15.167s][info ][gc          ] GC(58) Pause Young (Normal) (G1 Evacuation Pause) 210M->113M(250M) 13.521ms
[2025-06-06T20:30:35.819+0000][15.167s][info ][gc,cpu      ] GC(58) User=0.02s Sys=0.00s Real=0.01s
[2025-06-06T20:30:35.819+0000][15.167s][info ][safepoint   ] Safepoint "G1CollectForAllocation", Time since last: 297427209 ns, Reaching safepoint: 200667 ns, Cleanup: 84833 ns, At safepoint: 13655583 ns, Total: 13941083 ns
[2025-06-06T20:30:35.854+0000][15.202s][debug][safepoint   ] Safepoint synchronization initiated using futex wait barrier. (42 threads)
[2025-06-06T20:30:35.855+0000][15.203s][info ][safepoint   ] Safepoint "ICBufferFull", Time since last: 35713042 ns, Reaching safepoint: 195250 ns, Cleanup: 182833 ns, At safepoint: 2000 ns, Total: 380083 ns
[2025-06-06T20:30:35.858+0000][15.206s][debug][safepoint   ] Safepoint synchronization initiated using futex wait barrier. (42 threads)
[2025-06-06T20:30:35.863+0000][15.211s][info ][safepoint   ] Safepoint "ICBufferFull", Time since last: 3385792 ns, Reaching safepoint: 5089125 ns, Cleanup: 38167 ns, At safepoint: 3666 ns, Total: 5130958 ns
[2025-06-06T20:30:36.029+0000][15.377s][debug][safepoint   ] Safepoint synchronization initiated using futex wait barrier. (50 threads)
[2025-06-06T20:30:36.030+0000][15.378s][info ][gc,start    ] GC(59) Pause Young (Concurrent Start) (Metadata GC Threshold)
[2025-06-06T20:30:36.030+0000][15.378s][info ][gc,task     ] GC(59) Using 2 workers of 2 for evacuation
[2025-06-06T20:30:36.039+0000][15.387s][info ][gc,phases   ] GC(59)   Pre Evacuate Collection Set: 0.2ms
[2025-06-06T20:30:36.039+0000][15.387s][info ][gc,phases   ] GC(59)   Merge Heap Roots: 0.1ms
[2025-06-06T20:30:36.039+0000][15.387s][info ][gc,phases   ] GC(59)   Evacuate Collection Set: 8.1ms
[2025-06-06T20:30:36.039+0000][15.387s][info ][gc,phases   ] GC(59)   Post Evacuate Collection Set: 0.9ms
[2025-06-06T20:30:36.039+0000][15.388s][info ][gc,phases   ] GC(59)   Other: 0.2ms
[2025-06-06T20:30:36.040+0000][15.388s][info ][gc,heap     ] GC(59) Eden regions: 71->0(101)
[2025-06-06T20:30:36.040+0000][15.388s][info ][gc,heap     ] GC(59) Survivor regions: 9->8(14)
[2025-06-06T20:30:36.040+0000][15.388s][info ][gc,heap     ] GC(59) Old regions: 104->105
[2025-06-06T20:30:36.040+0000][15.388s][info ][gc,heap     ] GC(59) Archive regions: 2->2
[2025-06-06T20:30:36.040+0000][15.388s][info ][gc,heap     ] GC(59) Humongous regions: 1->0
[2025-06-06T20:30:36.040+0000][15.388s][info ][gc,metaspace] GC(59) Metaspace: 129430K(130368K)->129430K(130368K) NonClass: 113111K(113600K)->113111K(113600K) Class: 16319K(16768K)->16319K(16768K)
[2025-06-06T20:30:36.040+0000][15.388s][info ][gc          ] GC(59) Pause Young (Concurrent Start) (Metadata GC Threshold) 184M->113M(250M) 10.215ms
[2025-06-06T20:30:36.040+0000][15.388s][info ][gc,cpu      ] GC(59) User=0.02s Sys=0.00s Real=0.01s
[2025-06-06T20:30:36.040+0000][15.388s][info ][gc          ] GC(60) Concurrent Mark Cycle
[2025-06-06T20:30:36.040+0000][15.388s][info ][gc,marking  ] GC(60) Concurrent Clear Claimed Marks
[2025-06-06T20:30:36.040+0000][15.388s][info ][safepoint   ] Safepoint "CollectForMetadataAllocation", Time since last: 166040459 ns, Reaching safepoint: 205208 ns, Cleanup: 38292 ns, At safepoint: 10408375 ns, Total: 10651875 ns
[2025-06-06T20:30:36.040+0000][15.388s][info ][gc,marking  ] GC(60) Concurrent Clear Claimed Marks 0.229ms
[2025-06-06T20:30:36.041+0000][15.389s][info ][gc,marking  ] GC(60) Concurrent Scan Root Regions
[2025-06-06T20:30:36.049+0000][15.397s][info ][gc,marking  ] GC(60) Concurrent Scan Root Regions 8.556ms
[2025-06-06T20:30:36.050+0000][15.398s][info ][gc,marking  ] GC(60) Concurrent Mark
[2025-06-06T20:30:36.050+0000][15.398s][info ][gc,marking  ] GC(60) Concurrent Mark From Roots
[2025-06-06T20:30:36.051+0000][15.399s][info ][gc,task     ] GC(60) Using 1 workers of 1 for marking
[2025-06-06T20:30:36.059+0000][15.407s][debug][safepoint   ] Safepoint synchronization initiated using futex wait barrier. (50 threads)
[2025-06-06T20:30:36.059+0000][15.407s][info ][safepoint   ] Safepoint "CollectForMetadataAllocation", Time since last: 18719208 ns, Reaching safepoint: 250167 ns, Cleanup: 33250 ns, At safepoint: 28875 ns, Total: 312292 ns
[2025-06-06T20:30:36.107+0000][15.455s][debug][safepoint   ] Safepoint synchronization initiated using futex wait barrier. (50 threads)
[2025-06-06T20:30:36.107+0000][15.455s][info ][safepoint   ] Safepoint "CollectForMetadataAllocation", Time since last: 47741250 ns, Reaching safepoint: 224458 ns, Cleanup: 27333 ns, At safepoint: 44125 ns, Total: 295916 ns
[2025-06-06T20:30:36.174+0000][15.522s][info ][gc,marking  ] GC(60) Concurrent Mark From Roots 123.824ms
[2025-06-06T20:30:36.177+0000][15.525s][info ][gc,marking  ] GC(60) Concurrent Preclean
[2025-06-06T20:30:36.178+0000][15.526s][info ][gc,marking  ] GC(60) Concurrent Preclean 0.352ms
[2025-06-06T20:30:36.178+0000][15.526s][debug][safepoint   ] Safepoint synchronization initiated using futex wait barrier. (50 threads)
[2025-06-06T20:30:36.179+0000][15.527s][info ][gc,start    ] GC(60) Pause Remark
[2025-06-06T20:30:36.185+0000][15.533s][info ][gc          ] GC(60) Pause Remark 146M->146M(250M) 6.535ms
[2025-06-06T20:30:36.186+0000][15.534s][info ][gc,cpu      ] GC(60) User=0.01s Sys=0.00s Real=0.01s
[2025-06-06T20:30:36.186+0000][15.534s][info ][safepoint   ] Safepoint "G1PauseRemark", Time since last: 70636500 ns, Reaching safepoint: 1125875 ns, Cleanup: 20250 ns, At safepoint: 6797167 ns, Total: 7943292 ns
[2025-06-06T20:30:36.186+0000][15.534s][info ][gc,marking  ] GC(60) Concurrent Mark 136.223ms
[2025-06-06T20:30:36.189+0000][15.537s][info ][gc,marking  ] GC(60) Concurrent Rebuild Remembered Sets
[2025-06-06T20:30:36.290+0000][15.638s][info ][gc,marking  ] GC(60) Concurrent Rebuild Remembered Sets 100.404ms
[2025-06-06T20:30:36.290+0000][15.638s][debug][safepoint   ] Safepoint synchronization initiated using futex wait barrier. (50 threads)
[2025-06-06T20:30:36.291+0000][15.639s][debug][safepoint   ] ... found polling page loop exception at pc = 0x0000ffff7d2a5118, stub =0x0000ffff7c97ef00
[2025-06-06T20:30:36.291+0000][15.639s][info ][gc,start    ] GC(60) Pause Cleanup
[2025-06-06T20:30:36.291+0000][15.640s][info ][gc          ] GC(60) Pause Cleanup 172M->172M(250M) 0.173ms
[2025-06-06T20:30:36.291+0000][15.640s][info ][gc,cpu      ] GC(60) User=0.00s Sys=0.00s Real=0.00s
[2025-06-06T20:30:36.292+0000][15.640s][info ][safepoint   ] Safepoint "G1PauseCleanup", Time since last: 104218958 ns, Reaching safepoint: 1394542 ns, Cleanup: 22833 ns, At safepoint: 296792 ns, Total: 1714167 ns
[2025-06-06T20:30:36.292+0000][15.640s][info ][gc,marking  ] GC(60) Concurrent Cleanup for Next Mark
[2025-06-06T20:30:36.292+0000][15.640s][info ][gc,marking  ] GC(60) Concurrent Cleanup for Next Mark 0.224ms
[2025-06-06T20:30:36.292+0000][15.640s][info ][gc          ] GC(60) Concurrent Mark Cycle 252.040ms
[2025-06-06T20:30:36.420+0000][15.768s][debug][safepoint   ] Safepoint synchronization initiated using futex wait barrier. (50 threads)
[2025-06-06T20:30:36.420+0000][15.768s][info ][gc,start    ] GC(61) Pause Young (Prepare Mixed) (G1 Evacuation Pause)
[2025-06-06T20:30:36.420+0000][15.768s][info ][gc,task     ] GC(61) Using 2 workers of 2 for evacuation
[2025-06-06T20:30:36.432+0000][15.780s][info ][gc,phases   ] GC(61)   Pre Evacuate Collection Set: 0.1ms
[2025-06-06T20:30:36.432+0000][15.780s][info ][gc,phases   ] GC(61)   Merge Heap Roots: 0.1ms
[2025-06-06T20:30:36.432+0000][15.780s][info ][gc,phases   ] GC(61)   Evacuate Collection Set: 10.3ms
[2025-06-06T20:30:36.432+0000][15.780s][info ][gc,phases   ] GC(61)   Post Evacuate Collection Set: 1.1ms
[2025-06-06T20:30:36.432+0000][15.780s][info ][gc,phases   ] GC(61)   Other: 0.2ms
[2025-06-06T20:30:36.432+0000][15.780s][info ][gc,heap     ] GC(61) Eden regions: 101->0(5)
[2025-06-06T20:30:36.432+0000][15.780s][info ][gc,heap     ] GC(61) Survivor regions: 8->7(14)
[2025-06-06T20:30:36.432+0000][15.780s][info ][gc,heap     ] GC(61) Old regions: 105->110
[2025-06-06T20:30:36.432+0000][15.780s][info ][gc,heap     ] GC(61) Archive regions: 2->2
[2025-06-06T20:30:36.432+0000][15.780s][info ][gc,heap     ] GC(61) Humongous regions: 0->0
[2025-06-06T20:30:36.432+0000][15.780s][info ][gc,metaspace] GC(61) Metaspace: 131150K(132224K)->131150K(132224K) NonClass: 114707K(115264K)->114707K(115264K) Class: 16442K(16960K)->16442K(16960K)
[2025-06-06T20:30:36.432+0000][15.780s][info ][gc          ] GC(61) Pause Young (Prepare Mixed) (G1 Evacuation Pause) 214M->117M(250M) 12.463ms
[2025-06-06T20:30:36.432+0000][15.781s][info ][gc,cpu      ] GC(61) User=0.02s Sys=0.00s Real=0.02s
[2025-06-06T20:30:36.433+0000][15.781s][info ][safepoint   ] Safepoint "G1CollectForAllocation", Time since last: 128144417 ns, Reaching safepoint: 211083 ns, Cleanup: 35292 ns, At safepoint: 12593333 ns, Total: 12839708 ns
[2025-06-06T20:30:36.442+0000][15.790s][debug][safepoint   ] Safepoint synchronization initiated using futex wait barrier. (50 threads)
[2025-06-06T20:30:36.442+0000][15.790s][info ][gc,start    ] GC(62) Pause Young (Mixed) (G1 Evacuation Pause)
[2025-06-06T20:30:36.442+0000][15.790s][info ][gc,task     ] GC(62) Using 2 workers of 2 for evacuation
[2025-06-06T20:30:36.458+0000][15.806s][info ][gc,phases   ] GC(62)   Pre Evacuate Collection Set: 0.1ms
[2025-06-06T20:30:36.458+0000][15.807s][info ][gc,phases   ] GC(62)   Merge Heap Roots: 0.1ms
[2025-06-06T20:30:36.459+0000][15.807s][info ][gc,phases   ] GC(62)   Evacuate Collection Set: 14.2ms
[2025-06-06T20:30:36.459+0000][15.807s][info ][gc,phases   ] GC(62)   Post Evacuate Collection Set: 1.4ms
[2025-06-06T20:30:36.459+0000][15.807s][info ][gc,phases   ] GC(62)   Other: 0.2ms
[2025-06-06T20:30:36.459+0000][15.807s][info ][gc,heap     ] GC(62) Eden regions: 5->0(122)
[2025-06-06T20:30:36.459+0000][15.807s][info ][gc,heap     ] GC(62) Survivor regions: 7->1(2)
[2025-06-06T20:30:36.459+0000][15.807s][info ][gc,heap     ] GC(62) Old regions: 110->115
[2025-06-06T20:30:36.459+0000][15.807s][info ][gc,heap     ] GC(62) Archive regions: 2->2
[2025-06-06T20:30:36.459+0000][15.807s][info ][gc,heap     ] GC(62) Humongous regions: 0->0
[2025-06-06T20:30:36.459+0000][15.807s][info ][gc,metaspace] GC(62) Metaspace: 131157K(132224K)->131157K(132224K) NonClass: 114714K(115264K)->114714K(115264K) Class: 16443K(16960K)->16443K(16960K)
[2025-06-06T20:30:36.459+0000][15.807s][info ][gc          ] GC(62) Pause Young (Mixed) (G1 Evacuation Pause) 122M->116M(283M) 16.625ms
[2025-06-06T20:30:36.459+0000][15.807s][info ][gc,cpu      ] GC(62) User=0.03s Sys=0.00s Real=0.01s
[2025-06-06T20:30:36.459+0000][15.807s][info ][safepoint   ] Safepoint "G1CollectForAllocation", Time since last: 9542875 ns, Reaching safepoint: 175584 ns, Cleanup: 2958 ns, At safepoint: 16777125 ns, Total: 16955667 ns
[2025-06-06T20:30:36.758+0000][16.106s][debug][safepoint   ] Safepoint synchronization initiated using futex wait barrier. (50 threads)
[2025-06-06T20:30:36.758+0000][16.106s][info ][gc,start    ] GC(63) Pause Young (Concurrent Start) (G1 Evacuation Pause)
[2025-06-06T20:30:36.758+0000][16.106s][info ][gc,task     ] GC(63) Using 2 workers of 2 for evacuation
[2025-06-06T20:30:36.765+0000][16.113s][info ][gc,phases   ] GC(63)   Pre Evacuate Collection Set: 0.2ms
[2025-06-06T20:30:36.765+0000][16.114s][info ][gc,phases   ] GC(63)   Merge Heap Roots: 0.1ms
[2025-06-06T20:30:36.766+0000][16.114s][info ][gc,phases   ] GC(63)   Evacuate Collection Set: 6.0ms
[2025-06-06T20:30:36.766+0000][16.114s][info ][gc,phases   ] GC(63)   Post Evacuate Collection Set: 0.9ms
[2025-06-06T20:30:36.766+0000][16.114s][info ][gc,phases   ] GC(63)   Other: 0.2ms
[2025-06-06T20:30:36.766+0000][16.114s][info ][gc,heap     ] GC(63) Eden regions: 122->0(121)
[2025-06-06T20:30:36.766+0000][16.114s][info ][gc,heap     ] GC(63) Survivor regions: 1->3(16)
[2025-06-06T20:30:36.766+0000][16.114s][info ][gc,heap     ] GC(63) Old regions: 115->115
[2025-06-06T20:30:36.766+0000][16.114s][info ][gc,heap     ] GC(63) Archive regions: 2->2
[2025-06-06T20:30:36.766+0000][16.114s][info ][gc,heap     ] GC(63) Humongous regions: 0->0
[2025-06-06T20:30:36.766+0000][16.114s][info ][gc,metaspace] GC(63) Metaspace: 133717K(134720K)->133717K(134720K) NonClass: 117033K(117568K)->117033K(117568K) Class: 16683K(17152K)->16683K(17152K)
[2025-06-06T20:30:36.766+0000][16.114s][info ][gc          ] GC(63) Pause Young (Concurrent Start) (G1 Evacuation Pause) 238M->118M(283M) 8.014ms
[2025-06-06T20:30:36.766+0000][16.114s][info ][gc,cpu      ] GC(63) User=0.02s Sys=0.00s Real=0.01s
[2025-06-06T20:30:36.766+0000][16.114s][info ][safepoint   ] Safepoint "G1CollectForAllocation", Time since last: 298577375 ns, Reaching safepoint: 216417 ns, Cleanup: 83875 ns, At safepoint: 8153083 ns, Total: 8453375 ns
[2025-06-06T20:30:36.766+0000][16.114s][info ][gc          ] GC(64) Concurrent Mark Cycle
[2025-06-06T20:30:36.769+0000][16.117s][info ][gc,marking  ] GC(64) Concurrent Clear Claimed Marks
[2025-06-06T20:30:36.769+0000][16.118s][info ][gc,marking  ] GC(64) Concurrent Clear Claimed Marks 0.284ms
[2025-06-06T20:30:36.770+0000][16.118s][info ][gc,marking  ] GC(64) Concurrent Scan Root Regions
[2025-06-06T20:30:36.772+0000][16.120s][info ][gc,marking  ] GC(64) Concurrent Scan Root Regions 2.402ms
[2025-06-06T20:30:36.772+0000][16.120s][info ][gc,marking  ] GC(64) Concurrent Mark
[2025-06-06T20:30:36.772+0000][16.120s][info ][gc,marking  ] GC(64) Concurrent Mark From Roots
[2025-06-06T20:30:36.772+0000][16.120s][info ][gc,task     ] GC(64) Using 1 workers of 1 for marking
[2025-06-06T20:30:36.901+0000][16.249s][info ][gc,marking  ] GC(64) Concurrent Mark From Roots 128.882ms
[2025-06-06T20:30:36.901+0000][16.249s][info ][gc,marking  ] GC(64) Concurrent Preclean
[2025-06-06T20:30:36.902+0000][16.250s][info ][gc,marking  ] GC(64) Concurrent Preclean 0.318ms
[2025-06-06T20:30:36.902+0000][16.250s][debug][safepoint   ] Safepoint synchronization initiated using futex wait barrier. (50 threads)
[2025-06-06T20:30:36.902+0000][16.250s][info ][gc,start    ] GC(64) Pause Remark
[2025-06-06T20:30:36.908+0000][16.256s][info ][gc          ] GC(64) Pause Remark 177M->177M(299M) 6.022ms
[2025-06-06T20:30:36.908+0000][16.256s][info ][gc,cpu      ] GC(64) User=0.01s Sys=0.00s Real=0.00s
[2025-06-06T20:30:36.908+0000][16.256s][info ][safepoint   ] Safepoint "G1PauseRemark", Time since last: 135763083 ns, Reaching safepoint: 343125 ns, Cleanup: 2667 ns, At safepoint: 6241333 ns, Total: 6587125 ns
[2025-06-06T20:30:36.909+0000][16.257s][info ][gc,marking  ] GC(64) Concurrent Mark 136.491ms
[2025-06-06T20:30:36.912+0000][16.260s][info ][gc,marking  ] GC(64) Concurrent Rebuild Remembered Sets
[2025-06-06T20:30:37.007+0000][16.355s][info ][gc,marking  ] GC(64) Concurrent Rebuild Remembered Sets 94.962ms
[2025-06-06T20:30:37.007+0000][16.355s][debug][safepoint   ] Safepoint synchronization initiated using futex wait barrier. (51 threads)
[2025-06-06T20:30:37.007+0000][16.356s][info ][gc,start    ] GC(64) Pause Cleanup
[2025-06-06T20:30:37.008+0000][16.356s][info ][gc          ] GC(64) Pause Cleanup 207M->207M(299M) 0.169ms
[2025-06-06T20:30:37.008+0000][16.356s][info ][gc,cpu      ] GC(64) User=0.00s Sys=0.00s Real=0.00s
[2025-06-06T20:30:37.008+0000][16.356s][info ][safepoint   ] Safepoint "G1PauseCleanup", Time since last: 98927084 ns, Reaching safepoint: 111750 ns, Cleanup: 10250 ns, At safepoint: 365041 ns, Total: 487041 ns
[2025-06-06T20:30:37.008+0000][16.356s][info ][gc,marking  ] GC(64) Concurrent Cleanup for Next Mark
[2025-06-06T20:30:37.009+0000][16.357s][info ][gc,marking  ] GC(64) Concurrent Cleanup for Next Mark 0.761ms
[2025-06-06T20:30:37.009+0000][16.357s][info ][gc          ] GC(64) Concurrent Mark Cycle 242.714ms
[2025-06-06T20:30:37.102+0000][16.450s][debug][safepoint   ] Safepoint synchronization initiated using futex wait barrier. (51 threads)
[2025-06-06T20:30:37.102+0000][16.450s][info ][gc,start    ] GC(65) Pause Young (Prepare Mixed) (G1 Evacuation Pause)
[2025-06-06T20:30:37.102+0000][16.450s][info ][gc,task     ] GC(65) Using 2 workers of 2 for evacuation
[2025-06-06T20:30:37.109+0000][16.457s][info ][gc,phases   ] GC(65)   Pre Evacuate Collection Set: 0.1ms
[2025-06-06T20:30:37.109+0000][16.457s][info ][gc,phases   ] GC(65)   Merge Heap Roots: 0.1ms
[2025-06-06T20:30:37.109+0000][16.457s][info ][gc,phases   ] GC(65)   Evacuate Collection Set: 5.3ms
[2025-06-06T20:30:37.109+0000][16.457s][info ][gc,phases   ] GC(65)   Post Evacuate Collection Set: 0.9ms
[2025-06-06T20:30:37.109+0000][16.457s][info ][gc,phases   ] GC(65)   Other: 0.2ms
[2025-06-06T20:30:37.109+0000][16.457s][info ][gc,heap     ] GC(65) Eden regions: 121->0(9)
[2025-06-06T20:30:37.109+0000][16.457s][info ][gc,heap     ] GC(65) Survivor regions: 3->5(16)
[2025-06-06T20:30:37.109+0000][16.458s][info ][gc,heap     ] GC(65) Old regions: 115->115
[2025-06-06T20:30:37.110+0000][16.458s][info ][gc,heap     ] GC(65) Archive regions: 2->2
[2025-06-06T20:30:37.110+0000][16.458s][info ][gc,heap     ] GC(65) Humongous regions: 0->0
[2025-06-06T20:30:37.110+0000][16.458s][info ][gc,metaspace] GC(65) Metaspace: 136321K(137344K)->136321K(137344K) NonClass: 119304K(119808K)->119304K(119808K) Class: 17016K(17536K)->17016K(17536K)
[2025-06-06T20:30:37.110+0000][16.458s][info ][gc          ] GC(65) Pause Young (Prepare Mixed) (G1 Evacuation Pause) 239M->120M(299M) 7.325ms
[2025-06-06T20:30:37.110+0000][16.458s][info ][gc,cpu      ] GC(65) User=0.01s Sys=0.00s Real=0.00s
[2025-06-06T20:30:37.110+0000][16.458s][info ][safepoint   ] Safepoint "G1CollectForAllocation", Time since last: 94268709 ns, Reaching safepoint: 203708 ns, Cleanup: 26167 ns, At safepoint: 7475250 ns, Total: 7705125 ns
[2025-06-06T20:30:37.135+0000][16.483s][debug][safepoint   ] Safepoint synchronization initiated using futex wait barrier. (51 threads)
[2025-06-06T20:30:37.135+0000][16.483s][info ][gc,start    ] GC(66) Pause Young (Mixed) (G1 Evacuation Pause)
[2025-06-06T20:30:37.135+0000][16.483s][info ][gc,task     ] GC(66) Using 2 workers of 2 for evacuation
[2025-06-06T20:30:37.148+0000][16.496s][info ][gc,phases   ] GC(66)   Pre Evacuate Collection Set: 0.1ms
[2025-06-06T20:30:37.148+0000][16.496s][info ][gc,phases   ] GC(66)   Merge Heap Roots: 0.2ms
[2025-06-06T20:30:37.148+0000][16.496s][info ][gc,phases   ] GC(66)   Evacuate Collection Set: 11.6ms
[2025-06-06T20:30:37.148+0000][16.496s][info ][gc,phases   ] GC(66)   Post Evacuate Collection Set: 1.0ms
[2025-06-06T20:30:37.148+0000][16.496s][info ][gc,phases   ] GC(66)   Other: 0.2ms
[2025-06-06T20:30:37.148+0000][16.497s][info ][gc,heap     ] GC(66) Eden regions: 9->0(135)
[2025-06-06T20:30:37.149+0000][16.497s][info ][gc,heap     ] GC(66) Survivor regions: 5->1(2)
[2025-06-06T20:30:37.149+0000][16.497s][info ][gc,heap     ] GC(66) Old regions: 115->118
[2025-06-06T20:30:37.149+0000][16.497s][info ][gc,heap     ] GC(66) Archive regions: 2->2
[2025-06-06T20:30:37.149+0000][16.497s][info ][gc,heap     ] GC(66) Humongous regions: 0->0
[2025-06-06T20:30:37.149+0000][16.497s][info ][gc,metaspace] GC(66) Metaspace: 136470K(137472K)->136470K(137472K) NonClass: 119445K(119936K)->119445K(119936K) Class: 17024K(17536K)->17024K(17536K)
[2025-06-06T20:30:37.149+0000][16.497s][info ][gc          ] GC(66) Pause Young (Mixed) (G1 Evacuation Pause) 129M->118M(299M) 13.699ms
[2025-06-06T20:30:37.149+0000][16.497s][info ][gc,cpu      ] GC(66) User=0.01s Sys=0.00s Real=0.01s
[2025-06-06T20:30:37.149+0000][16.497s][info ][safepoint   ] Safepoint "G1CollectForAllocation", Time since last: 24974833 ns, Reaching safepoint: 241667 ns, Cleanup: 10583 ns, At safepoint: 13832375 ns, Total: 14084625 ns
[2025-06-06T20:30:37.357+0000][16.705s][debug][safepoint   ] Safepoint synchronization initiated using futex wait barrier. (54 threads)
[2025-06-06T20:30:37.357+0000][16.705s][info ][safepoint   ] Safepoint "ICBufferFull", Time since last: 208044292 ns, Reaching safepoint: 223500 ns, Cleanup: 97583 ns, At safepoint: 1959 ns, Total: 323042 ns
[2025-06-06T20:30:37.485+0000][16.833s][debug][safepoint   ] Safepoint synchronization initiated using futex wait barrier. (55 threads)
[2025-06-06T20:30:37.485+0000][16.834s][info ][gc,start    ] GC(67) Pause Young (Normal) (G1 Evacuation Pause)
[2025-06-06T20:30:37.486+0000][16.834s][info ][gc,task     ] GC(67) Using 2 workers of 2 for evacuation
[2025-06-06T20:30:37.494+0000][16.842s][info ][gc,phases   ] GC(67)   Pre Evacuate Collection Set: 0.1ms
[2025-06-06T20:30:37.494+0000][16.842s][info ][gc,phases   ] GC(67)   Merge Heap Roots: 0.1ms
[2025-06-06T20:30:37.494+0000][16.842s][info ][gc,phases   ] GC(67)   Evacuate Collection Set: 6.8ms
[2025-06-06T20:30:37.494+0000][16.842s][info ][gc,phases   ] GC(67)   Post Evacuate Collection Set: 1.1ms
[2025-06-06T20:30:37.494+0000][16.842s][info ][gc,phases   ] GC(67)   Other: 0.3ms
[2025-06-06T20:30:37.494+0000][16.842s][info ][gc,heap     ] GC(67) Eden regions: 135->0(130)
[2025-06-06T20:30:37.494+0000][16.842s][info ][gc,heap     ] GC(67) Survivor regions: 1->6(17)
[2025-06-06T20:30:37.494+0000][16.842s][info ][gc,heap     ] GC(67) Old regions: 118->118
[2025-06-06T20:30:37.494+0000][16.842s][info ][gc,heap     ] GC(67) Archive regions: 2->2
[2025-06-06T20:30:37.494+0000][16.842s][info ][gc,heap     ] GC(67) Humongous regions: 0->0
[2025-06-06T20:30:37.494+0000][16.842s][info ][gc,metaspace] GC(67) Metaspace: 138802K(139904K)->138802K(139904K) NonClass: 121639K(122240K)->121639K(122240K) Class: 17162K(17664K)->17162K(17664K)
[2025-06-06T20:30:37.494+0000][16.842s][info ][gc          ] GC(67) Pause Young (Normal) (G1 Evacuation Pause) 253M->123M(299M) 8.855ms
[2025-06-06T20:30:37.494+0000][16.842s][info ][gc,cpu      ] GC(67) User=0.02s Sys=0.00s Real=0.01s
[2025-06-06T20:30:37.494+0000][16.842s][info ][safepoint   ] Safepoint "G1CollectForAllocation", Time since last: 127976166 ns, Reaching safepoint: 210209 ns, Cleanup: 33875 ns, At safepoint: 8986666 ns, Total: 9230750 ns
[2025-06-06T20:30:37.853+0000][17.201s][debug][safepoint   ] Safepoint synchronization initiated using futex wait barrier. (61 threads)
[2025-06-06T20:30:37.853+0000][17.201s][info ][gc,start    ] GC(68) Pause Young (Normal) (G1 Evacuation Pause)
[2025-06-06T20:30:37.853+0000][17.201s][info ][gc,task     ] GC(68) Using 2 workers of 2 for evacuation
[2025-06-06T20:30:37.864+0000][17.212s][info ][gc,phases   ] GC(68)   Pre Evacuate Collection Set: 0.1ms
[2025-06-06T20:30:37.864+0000][17.212s][info ][gc,phases   ] GC(68)   Merge Heap Roots: 0.1ms
[2025-06-06T20:30:37.864+0000][17.212s][info ][gc,phases   ] GC(68)   Evacuate Collection Set: 9.2ms
[2025-06-06T20:30:37.864+0000][17.212s][info ][gc,phases   ] GC(68)   Post Evacuate Collection Set: 1.2ms
[2025-06-06T20:30:37.864+0000][17.212s][info ][gc,phases   ] GC(68)   Other: 0.2ms
[2025-06-06T20:30:37.864+0000][17.212s][info ][gc,heap     ] GC(68) Eden regions: 130->0(128)
[2025-06-06T20:30:37.864+0000][17.212s][info ][gc,heap     ] GC(68) Survivor regions: 6->9(17)
[2025-06-06T20:30:37.864+0000][17.212s][info ][gc,heap     ] GC(68) Old regions: 118->118
[2025-06-06T20:30:37.864+0000][17.212s][info ][gc,heap     ] GC(68) Archive regions: 2->2
[2025-06-06T20:30:37.864+0000][17.212s][info ][gc,heap     ] GC(68) Humongous regions: 0->0
[2025-06-06T20:30:37.864+0000][17.212s][info ][gc,metaspace] GC(68) Metaspace: 143862K(144896K)->143862K(144896K) NonClass: 126180K(126720K)->126180K(126720K) Class: 17681K(18176K)->17681K(18176K)
[2025-06-06T20:30:37.864+0000][17.212s][info ][gc          ] GC(68) Pause Young (Normal) (G1 Evacuation Pause) 253M->126M(299M) 11.402ms
[2025-06-06T20:30:37.864+0000][17.213s][info ][gc,cpu      ] GC(68) User=0.03s Sys=0.00s Real=0.01s
[2025-06-06T20:30:37.865+0000][17.213s][info ][safepoint   ] Safepoint "G1CollectForAllocation", Time since last: 358289084 ns, Reaching safepoint: 196375 ns, Cleanup: 58958 ns, At safepoint: 11543000 ns, Total: 11798333 ns
[2025-06-06T20:30:37.911+0000][17.259s][info ][cds,heap    ] initialize_from_archived_subgraph jdk.internal.math.FDBigInteger 0x000000e00014c8e8
[2025-06-06T20:30:38.023+0000][17.371s][debug][safepoint   ] Safepoint synchronization initiated using futex wait barrier. (61 threads)
[2025-06-06T20:30:38.023+0000][17.371s][info ][safepoint   ] Safepoint "ICBufferFull", Time since last: 158675125 ns, Reaching safepoint: 127667 ns, Cleanup: 74708 ns, At safepoint: 6000 ns, Total: 208375 ns
[2025-06-06T20:30:38.176+0000][17.525s][debug][safepoint   ] Safepoint synchronization initiated using futex wait barrier. (70 threads)
[2025-06-06T20:30:38.178+0000][17.526s][info ][safepoint   ] Safepoint "ICBufferFull", Time since last: 153066042 ns, Reaching safepoint: 1746292 ns, Cleanup: 93416 ns, At safepoint: 8375 ns, Total: 1848083 ns
[2025-06-06T20:30:38.287+0000][17.635s][debug][safepoint   ] Safepoint synchronization initiated using futex wait barrier. (71 threads)
[2025-06-06T20:30:38.287+0000][17.635s][info ][gc,start    ] GC(69) Pause Young (Normal) (G1 Evacuation Pause)
[2025-06-06T20:30:38.287+0000][17.635s][info ][gc,task     ] GC(69) Using 2 workers of 2 for evacuation
[2025-06-06T20:30:38.299+0000][17.647s][info ][gc,phases   ] GC(69)   Pre Evacuate Collection Set: 0.1ms
[2025-06-06T20:30:38.299+0000][17.647s][info ][gc,phases   ] GC(69)   Merge Heap Roots: 0.1ms
[2025-06-06T20:30:38.299+0000][17.647s][info ][gc,phases   ] GC(69)   Evacuate Collection Set: 10.2ms
[2025-06-06T20:30:38.299+0000][17.647s][info ][gc,phases   ] GC(69)   Post Evacuate Collection Set: 1.3ms
[2025-06-06T20:30:38.299+0000][17.647s][info ][gc,phases   ] GC(69)   Other: 0.2ms
[2025-06-06T20:30:38.299+0000][17.647s][info ][gc,heap     ] GC(69) Eden regions: 128->0(127)
[2025-06-06T20:30:38.299+0000][17.647s][info ][gc,heap     ] GC(69) Survivor regions: 9->11(18)
[2025-06-06T20:30:38.299+0000][17.647s][info ][gc,heap     ] GC(69) Old regions: 118->118
[2025-06-06T20:30:38.299+0000][17.647s][info ][gc,heap     ] GC(69) Archive regions: 2->2
[2025-06-06T20:30:38.299+0000][17.647s][info ][gc,heap     ] GC(69) Humongous regions: 0->0
[2025-06-06T20:30:38.299+0000][17.648s][info ][gc,metaspace] GC(69) Metaspace: 147742K(148800K)->147742K(148800K) NonClass: 129610K(130176K)->129610K(130176K) Class: 18132K(18624K)->18132K(18624K)
[2025-06-06T20:30:38.300+0000][17.648s][info ][gc          ] GC(69) Pause Young (Normal) (G1 Evacuation Pause) 254M->129M(299M) 12.486ms
[2025-06-06T20:30:38.300+0000][17.648s][info ][gc,cpu      ] GC(69) User=0.02s Sys=0.00s Real=0.01s
[2025-06-06T20:30:38.300+0000][17.648s][info ][safepoint   ] Safepoint "G1CollectForAllocation", Time since last: 108393500 ns, Reaching safepoint: 183500 ns, Cleanup: 99209 ns, At safepoint: 12653375 ns, Total: 12936084 ns
[2025-06-06T20:30:38.542+0000][17.890s][debug][safepoint   ] Safepoint synchronization initiated using futex wait barrier. (71 threads)
[2025-06-06T20:30:38.542+0000][17.890s][info ][gc,start    ] GC(70) Pause Young (Normal) (G1 Evacuation Pause)
[2025-06-06T20:30:38.542+0000][17.890s][info ][gc,task     ] GC(70) Using 2 workers of 2 for evacuation
[2025-06-06T20:30:38.555+0000][17.903s][info ][gc,phases   ] GC(70)   Pre Evacuate Collection Set: 0.1ms
[2025-06-06T20:30:38.555+0000][17.903s][info ][gc,phases   ] GC(70)   Merge Heap Roots: 0.1ms
[2025-06-06T20:30:38.555+0000][17.903s][info ][gc,phases   ] GC(70)   Evacuate Collection Set: 11.0ms
[2025-06-06T20:30:38.555+0000][17.903s][info ][gc,phases   ] GC(70)   Post Evacuate Collection Set: 1.2ms
[2025-06-06T20:30:38.555+0000][17.903s][info ][gc,phases   ] GC(70)   Other: 0.2ms
[2025-06-06T20:30:38.555+0000][17.903s][info ][gc,heap     ] GC(70) Eden regions: 127->0(126)
[2025-06-06T20:30:38.555+0000][17.903s][info ][gc,heap     ] GC(70) Survivor regions: 11->8(18)
[2025-06-06T20:30:38.555+0000][17.903s][info ][gc,heap     ] GC(70) Old regions: 118->123
[2025-06-06T20:30:38.555+0000][17.903s][info ][gc,heap     ] GC(70) Archive regions: 2->2
[2025-06-06T20:30:38.555+0000][17.903s][info ][gc,heap     ] GC(70) Humongous regions: 0->0
[2025-06-06T20:30:38.555+0000][17.903s][info ][gc,metaspace] GC(70) Metaspace: 149195K(150272K)->149195K(150272K) NonClass: 130848K(131392K)->130848K(131392K) Class: 18346K(18880K)->18346K(18880K)
[2025-06-06T20:30:38.556+0000][17.903s][info ][gc          ] GC(70) Pause Young (Normal) (G1 Evacuation Pause) 256M->130M(299M) 13.188ms
[2025-06-06T20:30:38.556+0000][17.904s][info ][gc,cpu      ] GC(70) User=0.02s Sys=0.01s Real=0.01s
[2025-06-06T20:30:38.556+0000][17.904s][info ][safepoint   ] Safepoint "G1CollectForAllocation", Time since last: 242230208 ns, Reaching safepoint: 209125 ns, Cleanup: 79208 ns, At safepoint: 13339500 ns, Total: 13627833 ns
[2025-06-06T20:30:38.726+0000][18.074s][debug][safepoint   ] Safepoint synchronization initiated using futex wait barrier. (71 threads)
[2025-06-06T20:30:38.726+0000][18.074s][info ][safepoint   ] Safepoint "ICBufferFull", Time since last: 170012000 ns, Reaching safepoint: 215875 ns, Cleanup: 72667 ns, At safepoint: 5667 ns, Total: 294209 ns
[2025-06-06T20:30:38.816+0000][18.164s][debug][safepoint   ] Safepoint synchronization initiated using futex wait barrier. (71 threads)
[2025-06-06T20:30:38.816+0000][18.164s][info ][gc,start    ] GC(71) Pause Young (Normal) (G1 Evacuation Pause)
[2025-06-06T20:30:38.816+0000][18.164s][info ][gc,task     ] GC(71) Using 2 workers of 2 for evacuation
[2025-06-06T20:30:38.831+0000][18.179s][info ][gc,phases   ] GC(71)   Pre Evacuate Collection Set: 0.1ms
[2025-06-06T20:30:38.831+0000][18.179s][info ][gc,phases   ] GC(71)   Merge Heap Roots: 0.1ms
[2025-06-06T20:30:38.832+0000][18.179s][info ][gc,phases   ] GC(71)   Evacuate Collection Set: 11.8ms
[2025-06-06T20:30:38.832+0000][18.179s][info ][gc,phases   ] GC(71)   Post Evacuate Collection Set: 3.1ms
[2025-06-06T20:30:38.832+0000][18.180s][info ][gc,phases   ] GC(71)   Other: 0.2ms
[2025-06-06T20:30:38.832+0000][18.180s][info ][gc,heap     ] GC(71) Eden regions: 126->0(309)
[2025-06-06T20:30:38.832+0000][18.180s][info ][gc,heap     ] GC(71) Survivor regions: 8->13(17)
[2025-06-06T20:30:38.832+0000][18.180s][info ][gc,heap     ] GC(71) Old regions: 123->123
[2025-06-06T20:30:38.832+0000][18.180s][info ][gc,heap     ] GC(71) Archive regions: 2->2
[2025-06-06T20:30:38.832+0000][18.180s][info ][gc,heap     ] GC(71) Humongous regions: 0->0
[2025-06-06T20:30:38.832+0000][18.180s][info ][gc,metaspace] GC(71) Metaspace: 150077K(151104K)->150077K(151104K) NonClass: 131619K(132160K)->131619K(132160K) Class: 18457K(18944K)->18457K(18944K)
[2025-06-06T20:30:38.832+0000][18.180s][info ][gc          ] GC(71) Pause Young (Normal) (G1 Evacuation Pause) 256M->135M(538M) 15.816ms
[2025-06-06T20:30:38.832+0000][18.180s][info ][gc,cpu      ] GC(71) User=0.03s Sys=0.01s Real=0.02s
[2025-06-06T20:30:38.832+0000][18.180s][info ][safepoint   ] Safepoint "G1CollectForAllocation", Time since last: 89896500 ns, Reaching safepoint: 189416 ns, Cleanup: 41375 ns, At safepoint: 15949625 ns, Total: 16180416 ns
[2025-06-06T20:30:39.544+0000][18.892s][debug][safepoint   ] Safepoint synchronization initiated using futex wait barrier. (71 threads)
[2025-06-06T20:30:39.544+0000][18.892s][info ][safepoint   ] Safepoint "ICBufferFull", Time since last: 711959584 ns, Reaching safepoint: 219750 ns, Cleanup: 139833 ns, At safepoint: 1375 ns, Total: 360958 ns
[2025-06-06T20:30:39.729+0000][19.077s][debug][safepoint   ] Safepoint synchronization initiated using futex wait barrier. (71 threads)
[2025-06-06T20:30:39.729+0000][19.077s][info ][safepoint   ] Safepoint "ICBufferFull", Time since last: 184635417 ns, Reaching safepoint: 218958 ns, Cleanup: 127417 ns, At safepoint: 4292 ns, Total: 350667 ns
[2025-06-06T20:30:39.747+0000][19.095s][debug][safepoint   ] Safepoint synchronization initiated using futex wait barrier. (71 threads)
[2025-06-06T20:30:39.747+0000][19.095s][info ][gc,start    ] GC(72) Pause Young (Normal) (G1 Evacuation Pause)
[2025-06-06T20:30:39.747+0000][19.095s][info ][gc,task     ] GC(72) Using 2 workers of 2 for evacuation
[2025-06-06T20:30:39.765+0000][19.113s][info ][gc,phases   ] GC(72)   Pre Evacuate Collection Set: 0.1ms
[2025-06-06T20:30:39.765+0000][19.113s][info ][gc,phases   ] GC(72)   Merge Heap Roots: 0.1ms
[2025-06-06T20:30:39.765+0000][19.113s][info ][gc,phases   ] GC(72)   Evacuate Collection Set: 16.2ms
[2025-06-06T20:30:39.765+0000][19.113s][info ][gc,phases   ] GC(72)   Post Evacuate Collection Set: 1.4ms
[2025-06-06T20:30:39.765+0000][19.113s][info ][gc,phases   ] GC(72)   Other: 0.3ms
[2025-06-06T20:30:39.765+0000][19.113s][info ][gc,heap     ] GC(72) Eden regions: 309->0(304)
[2025-06-06T20:30:39.766+0000][19.113s][info ][gc,heap     ] GC(72) Survivor regions: 13->18(41)
[2025-06-06T20:30:39.766+0000][19.113s][info ][gc,heap     ] GC(72) Old regions: 123->123
[2025-06-06T20:30:39.766+0000][19.114s][info ][gc,heap     ] GC(72) Archive regions: 2->2
[2025-06-06T20:30:39.766+0000][19.114s][info ][gc,heap     ] GC(72) Humongous regions: 0->0
[2025-06-06T20:30:39.766+0000][19.114s][info ][gc,metaspace] GC(72) Metaspace: 152887K(153920K)->152887K(153920K) NonClass: 133999K(134528K)->133999K(134528K) Class: 18888K(19392K)->18888K(19392K)
[2025-06-06T20:30:39.766+0000][19.114s][info ][gc          ] GC(72) Pause Young (Normal) (G1 Evacuation Pause) 444M->140M(538M) 18.826ms
[2025-06-06T20:30:39.766+0000][19.114s][info ][gc,cpu      ] GC(72) User=0.04s Sys=0.00s Real=0.02s
[2025-06-06T20:30:39.766+0000][19.114s][info ][safepoint   ] Safepoint "G1CollectForAllocation", Time since last: 17374416 ns, Reaching safepoint: 155917 ns, Cleanup: 12375 ns, At safepoint: 18984833 ns, Total: 19153125 ns
[2025-06-06T20:30:40.185+0000][19.533s][debug][safepoint   ] Safepoint synchronization initiated using futex wait barrier. (74 threads)
[2025-06-06T20:30:40.185+0000][19.533s][info ][safepoint   ] Safepoint "ICBufferFull", Time since last: 418799876 ns, Reaching safepoint: 181666 ns, Cleanup: 126459 ns, At safepoint: 4500 ns, Total: 312625 ns
[2025-06-06T20:30:40.418+0000][19.766s][debug][safepoint   ] Safepoint synchronization initiated using futex wait barrier. (88 threads)
[2025-06-06T20:30:40.418+0000][19.766s][info ][safepoint   ] Safepoint "ICBufferFull", Time since last: 232637916 ns, Reaching safepoint: 133209 ns, Cleanup: 104750 ns, At safepoint: 13291 ns, Total: 251250 ns
[2025-06-06T20:30:40.503+0000][19.851s][debug][safepoint   ] Safepoint synchronization initiated using futex wait barrier. (137 threads)
[2025-06-06T20:30:40.546+0000][19.894s][info ][safepoint   ] Safepoint "ICBufferFull", Time since last: 85428167 ns, Reaching safepoint: 42399125 ns, Cleanup: 132500 ns, At safepoint: 92959 ns, Total: 42624584 ns
[2025-06-06T20:30:40.567+0000][19.915s][debug][safepoint   ] Safepoint synchronization initiated using futex wait barrier. (137 threads)
[2025-06-06T20:30:40.569+0000][19.917s][info ][gc,start    ] GC(73) Pause Young (Normal) (G1 Evacuation Pause)
[2025-06-06T20:30:40.569+0000][19.917s][info ][gc,task     ] GC(73) Using 2 workers of 2 for evacuation
[2025-06-06T20:30:40.594+0000][19.942s][info ][gc,phases   ] GC(73)   Pre Evacuate Collection Set: 0.1ms
[2025-06-06T20:30:40.594+0000][19.942s][info ][gc,phases   ] GC(73)   Merge Heap Roots: 0.2ms
[2025-06-06T20:30:40.594+0000][19.942s][info ][gc,phases   ] GC(73)   Evacuate Collection Set: 23.4ms
[2025-06-06T20:30:40.595+0000][19.942s][info ][gc,phases   ] GC(73)   Post Evacuate Collection Set: 1.7ms
[2025-06-06T20:30:40.595+0000][19.942s][info ][gc,phases   ] GC(73)   Other: 0.2ms
[2025-06-06T20:30:40.595+0000][19.943s][info ][gc,heap     ] GC(73) Eden regions: 304->0(297)
[2025-06-06T20:30:40.595+0000][19.943s][info ][gc,heap     ] GC(73) Survivor regions: 18->25(41)
[2025-06-06T20:30:40.595+0000][19.943s][info ][gc,heap     ] GC(73) Old regions: 123->123
[2025-06-06T20:30:40.595+0000][19.943s][info ][gc,heap     ] GC(73) Archive regions: 2->2
[2025-06-06T20:30:40.595+0000][19.943s][info ][gc,heap     ] GC(73) Humongous regions: 0->0
[2025-06-06T20:30:40.595+0000][19.943s][info ][gc,metaspace] GC(73) Metaspace: 158712K(159872K)->158712K(159872K) NonClass: 138987K(139584K)->138987K(139584K) Class: 19725K(20288K)->19725K(20288K)
[2025-06-06T20:30:40.595+0000][19.943s][info ][gc          ] GC(73) Pause Young (Normal) (G1 Evacuation Pause) 444M->147M(538M) 26.288ms
[2025-06-06T20:30:40.595+0000][19.943s][info ][gc,cpu      ] GC(73) User=0.05s Sys=0.00s Real=0.03s
[2025-06-06T20:30:40.595+0000][19.943s][info ][safepoint   ] Safepoint "G1CollectForAllocation", Time since last: 20985250 ns, Reaching safepoint: 1630375 ns, Cleanup: 8625 ns, At safepoint: 26515041 ns, Total: 28154041 ns
[2025-06-06T20:30:40.870+0000][20.218s][debug][safepoint   ] Safepoint synchronization initiated using futex wait barrier. (159 threads)
[2025-06-06T20:30:40.871+0000][20.219s][info ][safepoint   ] Safepoint "ICBufferFull", Time since last: 275184500 ns, Reaching safepoint: 291125 ns, Cleanup: 99959 ns, At safepoint: 6791 ns, Total: 397875 ns
[2025-06-06T20:30:41.022+0000][20.370s][debug][safepoint   ] Safepoint synchronization initiated using futex wait barrier. (159 threads)
[2025-06-06T20:30:41.022+0000][20.370s][info ][safepoint   ] Safepoint "ICBufferFull", Time since last: 150995500 ns, Reaching safepoint: 694834 ns, Cleanup: 105583 ns, At safepoint: 6458 ns, Total: 806875 ns
[2025-06-06T20:30:41.111+0000][20.458s][debug][safepoint   ] Safepoint synchronization initiated using futex wait barrier. (161 threads)
[2025-06-06T20:30:41.111+0000][20.459s][info ][safepoint   ] Safepoint "ICBufferFull", Time since last: 88050250 ns, Reaching safepoint: 217959 ns, Cleanup: 91875 ns, At safepoint: 10125 ns, Total: 319959 ns
[2025-06-06T20:30:41.285+0000][20.633s][debug][safepoint   ] Safepoint synchronization initiated using futex wait barrier. (171 threads)
[2025-06-06T20:30:41.285+0000][20.633s][info ][safepoint   ] Safepoint "ICBufferFull", Time since last: 174066458 ns, Reaching safepoint: 213000 ns, Cleanup: 105917 ns, At safepoint: 2167 ns, Total: 321084 ns
[2025-06-06T20:30:41.371+0000][20.719s][debug][safepoint   ] Safepoint synchronization initiated using futex wait barrier. (173 threads)
[2025-06-06T20:30:41.371+0000][20.719s][info ][safepoint   ] Safepoint "ICBufferFull", Time since last: 85707541 ns, Reaching safepoint: 199292 ns, Cleanup: 99333 ns, At safepoint: 1959 ns, Total: 300584 ns
[2025-06-06T20:30:41.456+0000][20.804s][debug][safepoint   ] Safepoint synchronization initiated using futex wait barrier. (179 threads)
[2025-06-06T20:30:41.456+0000][20.804s][info ][safepoint   ] Safepoint "ICBufferFull", Time since last: 84915375 ns, Reaching safepoint: 161166 ns, Cleanup: 85834 ns, At safepoint: 16750 ns, Total: 263750 ns
[2025-06-06T20:30:41.457+0000][20.804s][debug][safepoint   ] Safepoint synchronization initiated using futex wait barrier. (179 threads)
[2025-06-06T20:30:41.457+0000][20.805s][info ][safepoint   ] Safepoint "ICBufferFull", Time since last: 108250 ns, Reaching safepoint: 64416 ns, Cleanup: 3584 ns, At safepoint: 15666 ns, Total: 83666 ns
[2025-06-06T20:30:41.462+0000][20.810s][debug][safepoint   ] Safepoint synchronization initiated using futex wait barrier. (179 threads)
[2025-06-06T20:30:41.462+0000][20.810s][info ][gc,start    ] GC(74) Pause Young (Normal) (G1 Evacuation Pause)
[2025-06-06T20:30:41.462+0000][20.810s][info ][gc,task     ] GC(74) Using 2 workers of 2 for evacuation
[2025-06-06T20:30:41.492+0000][20.840s][info ][gc,phases   ] GC(74)   Pre Evacuate Collection Set: 0.1ms
[2025-06-06T20:30:41.492+0000][20.840s][info ][gc,phases   ] GC(74)   Merge Heap Roots: 0.2ms
[2025-06-06T20:30:41.492+0000][20.840s][info ][gc,phases   ] GC(74)   Evacuate Collection Set: 27.8ms
[2025-06-06T20:30:41.492+0000][20.840s][info ][gc,phases   ] GC(74)   Post Evacuate Collection Set: 1.5ms
[2025-06-06T20:30:41.492+0000][20.840s][info ][gc,phases   ] GC(74)   Other: 0.2ms
[2025-06-06T20:30:41.492+0000][20.840s][info ][gc,heap     ] GC(74) Eden regions: 297->0(293)
[2025-06-06T20:30:41.492+0000][20.840s][info ][gc,heap     ] GC(74) Survivor regions: 25->29(41)
[2025-06-06T20:30:41.492+0000][20.840s][info ][gc,heap     ] GC(74) Old regions: 123->127
[2025-06-06T20:30:41.492+0000][20.840s][info ][gc,heap     ] GC(74) Archive regions: 2->2
[2025-06-06T20:30:41.492+0000][20.840s][info ][gc,heap     ] GC(74) Humongous regions: 0->0
[2025-06-06T20:30:41.492+0000][20.840s][info ][gc,metaspace] GC(74) Metaspace: 163442K(164672K)->163442K(164672K) NonClass: 143097K(143744K)->143097K(143744K) Class: 20345K(20928K)->20345K(20928K)
[2025-06-06T20:30:41.492+0000][20.840s][info ][gc          ] GC(74) Pause Young (Normal) (G1 Evacuation Pause) 444M->156M(538M) 30.478ms
[2025-06-06T20:30:41.492+0000][20.840s][info ][gc,cpu      ] GC(74) User=0.06s Sys=0.00s Real=0.03s
[2025-06-06T20:30:41.493+0000][20.841s][info ][safepoint   ] Safepoint "G1CollectForAllocation", Time since last: 5048375 ns, Reaching safepoint: 161542 ns, Cleanup: 8167 ns, At safepoint: 30809416 ns, Total: 30979125 ns
[2025-06-06T20:30:41.499+0000][20.847s][debug][safepoint   ] Safepoint synchronization initiated using futex wait barrier. (186 threads)
[2025-06-06T20:30:41.500+0000][20.847s][info ][safepoint   ] Safepoint "ICBufferFull", Time since last: 6212084 ns, Reaching safepoint: 586958 ns, Cleanup: 83708 ns, At safepoint: 36875 ns, Total: 707541 ns
[2025-06-06T20:30:41.500+0000][20.848s][debug][safepoint   ] Safepoint synchronization initiated using futex wait barrier. (186 threads)
[2025-06-06T20:30:41.500+0000][20.848s][info ][safepoint   ] Safepoint "ICBufferFull", Time since last: 266417 ns, Reaching safepoint: 151250 ns, Cleanup: 8458 ns, At safepoint: 28917 ns, Total: 188625 ns
[2025-06-06T20:30:41.554+0000][20.902s][debug][safepoint   ] Safepoint synchronization initiated using futex wait barrier. (189 threads)
[2025-06-06T20:30:41.556+0000][20.904s][info ][safepoint   ] Safepoint "ICBufferFull", Time since last: 54028917 ns, Reaching safepoint: 1509750 ns, Cleanup: 99541 ns, At safepoint: 17125 ns, Total: 1626416 ns
[2025-06-06T20:30:41.565+0000][20.912s][debug][safepoint   ] Safepoint synchronization initiated using futex wait barrier. (189 threads)
[2025-06-06T20:30:41.566+0000][20.913s][info ][safepoint   ] Safepoint "ICBufferFull", Time since last: 8893167 ns, Reaching safepoint: 818458 ns, Cleanup: 113625 ns, At safepoint: 29125 ns, Total: 961208 ns
[2025-06-06T20:30:41.571+0000][20.919s][debug][safepoint   ] Safepoint synchronization initiated using futex wait barrier. (189 threads)
[2025-06-06T20:30:41.572+0000][20.920s][info ][safepoint   ] Safepoint "ICBufferFull", Time since last: 5461459 ns, Reaching safepoint: 451583 ns, Cleanup: 124458 ns, At safepoint: 184125 ns, Total: 760166 ns
[2025-06-06T20:30:41.572+0000][20.920s][debug][safepoint   ] Safepoint synchronization initiated using futex wait barrier. (189 threads)
[2025-06-06T20:30:41.572+0000][20.920s][info ][safepoint   ] Safepoint "ICBufferFull", Time since last: 119167 ns, Reaching safepoint: 56792 ns, Cleanup: 2416 ns, At safepoint: 7542 ns, Total: 66750 ns
[2025-06-06T20:30:41.660+0000][21.008s][debug][safepoint   ] Safepoint synchronization initiated using futex wait barrier. (189 threads)
[2025-06-06T20:30:41.660+0000][21.008s][debug][safepoint   ] ... found polling page loop exception at pc = 0x0000ffff7d466b88, stub =0x0000ffff7c97ef00
[2025-06-06T20:30:41.661+0000][21.009s][info ][safepoint   ] Safepoint "ICBufferFull", Time since last: 88164375 ns, Reaching safepoint: 1255958 ns, Cleanup: 140459 ns, At safepoint: 16916 ns, Total: 1413333 ns
[2025-06-06T20:30:41.815+0000][21.163s][debug][safepoint   ] Safepoint synchronization initiated using futex wait barrier. (189 threads)
[2025-06-06T20:30:41.815+0000][21.163s][info ][safepoint   ] Safepoint "ICBufferFull", Time since last: 153184875 ns, Reaching safepoint: 178334 ns, Cleanup: 97083 ns, At safepoint: 2250 ns, Total: 277667 ns
[2025-06-06T20:30:42.818+0000][22.166s][debug][safepoint   ] Safepoint synchronization initiated using futex wait barrier. (190 threads)
[2025-06-06T20:30:42.819+0000][22.167s][info ][safepoint   ] Safepoint "Cleanup", Time since last: 1002726376 ns, Reaching safepoint: 905416 ns, Cleanup: 59750 ns, At safepoint: 23750 ns, Total: 988916 ns
[2025-06-06T20:30:43.821+0000][23.169s][debug][safepoint   ] Safepoint synchronization initiated using futex wait barrier. (191 threads)
[2025-06-06T20:30:43.822+0000][23.170s][info ][safepoint   ] Safepoint "Cleanup", Time since last: 1002013459 ns, Reaching safepoint: 1043375 ns, Cleanup: 119458 ns, At safepoint: 13667 ns, Total: 1176500 ns
[2025-06-06T20:30:44.824+0000][24.172s][debug][safepoint   ] Safepoint synchronization initiated using futex wait barrier. (191 threads)
[2025-06-06T20:30:44.826+0000][24.174s][info ][safepoint   ] Safepoint "Cleanup", Time since last: 1001334251 ns, Reaching safepoint: 2670958 ns, Cleanup: 71417 ns, At safepoint: 30208 ns, Total: 2772583 ns
[2025-06-06T20:30:45.299+0000][24.647s][debug][safepoint   ] Safepoint synchronization initiated using futex wait barrier. (191 threads)
[2025-06-06T20:30:45.300+0000][24.648s][info ][safepoint   ] Safepoint "ICBufferFull", Time since last: 473044458 ns, Reaching safepoint: 1359959 ns, Cleanup: 106666 ns, At safepoint: 5667 ns, Total: 1472292 ns
[2025-06-06T20:30:45.356+0000][24.704s][debug][safepoint   ] Safepoint synchronization initiated using futex wait barrier. (191 threads)
[2025-06-06T20:30:45.357+0000][24.705s][info ][safepoint   ] Safepoint "ICBufferFull", Time since last: 55203583 ns, Reaching safepoint: 1639334 ns, Cleanup: 101791 ns, At safepoint: 2500 ns, Total: 1743625 ns
[2025-06-06T20:30:45.368+0000][24.715s][debug][safepoint   ] Safepoint synchronization initiated using futex wait barrier. (191 threads)
[2025-06-06T20:30:45.368+0000][24.716s][info ][safepoint   ] Safepoint "ICBufferFull", Time since last: 10101542 ns, Reaching safepoint: 867250 ns, Cleanup: 76333 ns, At safepoint: 5417 ns, Total: 949000 ns
[2025-06-06T20:30:45.503+0000][24.851s][debug][safepoint   ] Safepoint synchronization initiated using futex wait barrier. (191 threads)
[2025-06-06T20:30:45.504+0000][24.852s][info ][safepoint   ] Safepoint "ICBufferFull", Time since last: 134899292 ns, Reaching safepoint: 459083 ns, Cleanup: 87000 ns, At safepoint: 5667 ns, Total: 551750 ns
[2025-06-06T20:30:45.667+0000][25.015s][debug][safepoint   ] Safepoint synchronization initiated using futex wait barrier. (191 threads)
[2025-06-06T20:30:45.670+0000][25.018s][info ][safepoint   ] Safepoint "ICBufferFull", Time since last: 162676000 ns, Reaching safepoint: 3776500 ns, Cleanup: 89375 ns, At safepoint: 5667 ns, Total: 3871542 ns
[2025-06-06T20:30:45.820+0000][25.168s][debug][safepoint   ] Safepoint synchronization initiated using futex wait barrier. (191 threads)
[2025-06-06T20:30:45.821+0000][25.169s][info ][safepoint   ] Safepoint "ICBufferFull", Time since last: 149972250 ns, Reaching safepoint: 173291 ns, Cleanup: 142459 ns, At safepoint: 2458 ns, Total: 318208 ns
[2025-06-06T20:30:45.928+0000][25.276s][debug][safepoint   ] Safepoint synchronization initiated using futex wait barrier. (191 threads)
[2025-06-06T20:30:45.930+0000][25.278s][info ][safepoint   ] Safepoint "ICBufferFull", Time since last: 107690000 ns, Reaching safepoint: 1083375 ns, Cleanup: 101500 ns, At safepoint: 1958 ns, Total: 1186833 ns
[2025-06-06T20:30:45.976+0000][25.324s][debug][safepoint   ] Safepoint synchronization initiated using futex wait barrier. (191 threads)
[2025-06-06T20:30:45.977+0000][25.325s][info ][gc,start    ] GC(75) Pause Young (Normal) (G1 Evacuation Pause)
[2025-06-06T20:30:45.978+0000][25.326s][info ][gc,task     ] GC(75) Using 2 workers of 2 for evacuation
[2025-06-06T20:30:46.009+0000][25.357s][info ][gc,phases   ] GC(75)   Pre Evacuate Collection Set: 0.1ms
[2025-06-06T20:30:46.009+0000][25.357s][info ][gc,phases   ] GC(75)   Merge Heap Roots: 0.2ms
[2025-06-06T20:30:46.009+0000][25.357s][info ][gc,phases   ] GC(75)   Evacuate Collection Set: 28.9ms
[2025-06-06T20:30:46.009+0000][25.357s][info ][gc,phases   ] GC(75)   Post Evacuate Collection Set: 1.6ms
[2025-06-06T20:30:46.009+0000][25.357s][info ][gc,phases   ] GC(75)   Other: 0.8ms
[2025-06-06T20:30:46.009+0000][25.357s][info ][gc,heap     ] GC(75) Eden regions: 293->0(297)
[2025-06-06T20:30:46.009+0000][25.357s][info ][gc,heap     ] GC(75) Survivor regions: 29->23(41)
[2025-06-06T20:30:46.010+0000][25.357s][info ][gc,heap     ] GC(75) Old regions: 127->139
[2025-06-06T20:30:46.010+0000][25.358s][info ][gc,heap     ] GC(75) Archive regions: 2->2
[2025-06-06T20:30:46.010+0000][25.358s][info ][gc,heap     ] GC(75) Humongous regions: 0->0
[2025-06-06T20:30:46.010+0000][25.358s][info ][gc,metaspace] GC(75) Metaspace: 170717K(172032K)->170717K(172032K) NonClass: 149459K(150144K)->149459K(150144K) Class: 21258K(21888K)->21258K(21888K)
[2025-06-06T20:30:46.010+0000][25.358s][info ][gc          ] GC(75) Pause Young (Normal) (G1 Evacuation Pause) 449M->162M(538M) 32.270ms
[2025-06-06T20:30:46.010+0000][25.358s][info ][gc,cpu      ] GC(75) User=0.06s Sys=0.00s Real=0.03s
[2025-06-06T20:30:46.010+0000][25.358s][info ][safepoint   ] Safepoint "G1CollectForAllocation", Time since last: 46699792 ns, Reaching safepoint: 1020250 ns, Cleanup: 35500 ns, At safepoint: 32619500 ns, Total: 33675250 ns
[2025-06-06T20:30:46.104+0000][25.451s][debug][safepoint   ] Safepoint synchronization initiated using futex wait barrier. (191 threads)
[2025-06-06T20:30:46.104+0000][25.452s][info ][safepoint   ] Safepoint "ICBufferFull", Time since last: 93549667 ns, Reaching safepoint: 157625 ns, Cleanup: 114875 ns, At safepoint: 5542 ns, Total: 278042 ns
[2025-06-06T20:30:46.105+0000][25.453s][debug][safepoint   ] ... found polling page loop exception at pc = 0x0000ffff7d365958, stub =0x0000ffff7c97ef00
[2025-06-06T20:30:46.121+0000][25.469s][debug][safepoint   ] Safepoint synchronization initiated using futex wait barrier. (191 threads)
[2025-06-06T20:30:46.121+0000][25.469s][info ][safepoint   ] Safepoint "ICBufferFull", Time since last: 17001166 ns, Reaching safepoint: 165250 ns, Cleanup: 130792 ns, At safepoint: 9708 ns, Total: 305750 ns
[2025-06-06T20:30:47.717+0000][27.065s][debug][safepoint   ] Safepoint synchronization initiated using futex wait barrier. (190 threads)
[2025-06-06T20:30:47.719+0000][27.067s][info ][safepoint   ] Safepoint "Cleanup", Time since last: 1596272501 ns, Reaching safepoint: 1462625 ns, Cleanup: 469000 ns, At safepoint: 16375 ns, Total: 1948000 ns
[2025-06-06T20:30:48.721+0000][28.069s][debug][safepoint   ] Safepoint synchronization initiated using futex wait barrier. (190 threads)
[2025-06-06T20:30:48.726+0000][28.074s][info ][safepoint   ] Safepoint "Cleanup", Time since last: 1001695667 ns, Reaching safepoint: 4623500 ns, Cleanup: 49792 ns, At safepoint: 23958 ns, Total: 4697250 ns
[2025-06-06T20:30:49.728+0000][29.075s][debug][safepoint   ] Safepoint synchronization initiated using futex wait barrier. (190 threads)
[2025-06-06T20:30:49.728+0000][29.076s][info ][safepoint   ] Safepoint "Cleanup", Time since last: 1001734209 ns, Reaching safepoint: 439042 ns, Cleanup: 28500 ns, At safepoint: 7458 ns, Total: 475000 ns
[2025-06-06T20:30:52.610+0000][31.957s][debug][safepoint   ] Safepoint synchronization initiated using futex wait barrier. (191 threads)
[2025-06-06T20:30:52.611+0000][31.959s][info ][safepoint   ] Safepoint "Cleanup", Time since last: 2881587085 ns, Reaching safepoint: 1576458 ns, Cleanup: 66875 ns, At safepoint: 27292 ns, Total: 1670625 ns
[2025-06-06T20:31:05.640+0000][44.988s][debug][safepoint   ] Safepoint synchronization initiated using futex wait barrier. (191 threads)
[2025-06-06T20:31:05.641+0000][44.989s][info ][safepoint   ] Safepoint "Cleanup", Time since last: 13028589256 ns, Reaching safepoint: 877791 ns, Cleanup: 68209 ns, At safepoint: 12791 ns, Total: 958791 ns
[2025-06-06T20:31:06.642+0000][45.989s][debug][safepoint   ] Safepoint synchronization initiated using futex wait barrier. (191 threads)
[2025-06-06T20:31:06.642+0000][45.990s][info ][safepoint   ] Safepoint "Cleanup", Time since last: 1000736293 ns, Reaching safepoint: 419583 ns, Cleanup: 57833 ns, At safepoint: 5167 ns, Total: 482583 ns
[2025-06-06T20:31:07.643+0000][46.991s][debug][safepoint   ] Safepoint synchronization initiated using futex wait barrier. (191 threads)
[2025-06-06T20:31:07.644+0000][46.992s][info ][safepoint   ] Safepoint "Cleanup", Time since last: 1000880000 ns, Reaching safepoint: 1488167 ns, Cleanup: 51333 ns, At safepoint: 14667 ns, Total: 1554167 ns
[2025-06-06T20:31:08.646+0000][47.994s][debug][safepoint   ] Safepoint synchronization initiated using futex wait barrier. (191 threads)
[2025-06-06T20:31:08.647+0000][47.995s][info ][safepoint   ] Safepoint "Cleanup", Time since last: 1001572000 ns, Reaching safepoint: 1119833 ns, Cleanup: 45500 ns, At safepoint: 9667 ns, Total: 1175000 ns
[2025-06-06T20:31:25.786+0000][65.135s][debug][safepoint   ] Safepoint synchronization initiated using futex wait barrier. (191 threads)
[2025-06-06T20:31:25.787+0000][65.136s][info ][safepoint   ] Safepoint "Cleanup", Time since last: 17139455049 ns, Reaching safepoint: 961542 ns, Cleanup: 56083 ns, At safepoint: 9250 ns, Total: 1026875 ns
[2025-06-06T20:31:31.807+0000][71.155s][debug][safepoint   ] Safepoint synchronization initiated using futex wait barrier. (190 threads)
[2025-06-06T20:31:31.809+0000][71.157s][info ][safepoint   ] Safepoint "Cleanup", Time since last: 6019218295 ns, Reaching safepoint: 2146458 ns, Cleanup: 61125 ns, At safepoint: 45959 ns, Total: 2253542 ns
[2025-06-06T20:32:36.972+0000][80.173s][debug][safepoint   ] Safepoint synchronization initiated using futex wait barrier. (178 threads)
[2025-06-06T20:32:36.975+0000][80.176s][info ][safepoint   ] Safepoint "Cleanup", Time since last: 9016402629 ns, Reaching safepoint: 1931541 ns, Cleanup: 880584 ns, At safepoint: 57625 ns, Total: 2869750 ns
[2025-06-06T20:32:38.979+0000][82.180s][debug][safepoint   ] Safepoint synchronization initiated using futex wait barrier. (178 threads)
[2025-06-06T20:32:38.979+0000][82.180s][info ][safepoint   ] Safepoint "Cleanup", Time since last: 2003297709 ns, Reaching safepoint: 184542 ns, Cleanup: 61666 ns, At safepoint: 4834 ns, Total: 251042 ns
[2025-06-06T20:32:39.986+0000][83.187s][debug][safepoint   ] Safepoint synchronization initiated using futex wait barrier. (178 threads)
[2025-06-06T20:32:39.988+0000][83.189s][info ][safepoint   ] Safepoint "Cleanup", Time since last: 1006692542 ns, Reaching safepoint: 2132333 ns, Cleanup: 64708 ns, At safepoint: 22625 ns, Total: 2219666 ns
[2025-06-06T20:32:44.995+0000][88.196s][debug][safepoint   ] Safepoint synchronization initiated using futex wait barrier. (178 threads)
[2025-06-06T20:32:44.996+0000][88.197s][info ][safepoint   ] Safepoint "Cleanup", Time since last: 5007215294 ns, Reaching safepoint: 1137250 ns, Cleanup: 103542 ns, At safepoint: 15542 ns, Total: 1256334 ns
[2025-06-06T20:32:49.001+0000][92.202s][debug][safepoint   ] Safepoint synchronization initiated using futex wait barrier. (178 threads)
[2025-06-06T20:32:49.002+0000][92.203s][info ][safepoint   ] Safepoint "Cleanup", Time since last: 4004729418 ns, Reaching safepoint: 1049000 ns, Cleanup: 44000 ns, At safepoint: 12875 ns, Total: 1105875 ns
[2025-06-06T20:32:50.005+0000][93.206s][debug][safepoint   ] Safepoint synchronization initiated using futex wait barrier. (178 threads)
[2025-06-06T20:32:50.007+0000][93.208s][info ][safepoint   ] Safepoint "Cleanup", Time since last: 1003355001 ns, Reaching safepoint: 1554417 ns, Cleanup: 72500 ns, At safepoint: 17250 ns, Total: 1644167 ns
[2025-06-06T20:32:54.013+0000][97.214s][debug][safepoint   ] Safepoint synchronization initiated using futex wait barrier. (178 threads)
[2025-06-06T20:32:54.014+0000][97.215s][info ][safepoint   ] Safepoint "Cleanup", Time since last: 4006227126 ns, Reaching safepoint: 993125 ns, Cleanup: 52834 ns, At safepoint: 10333 ns, Total: 1056292 ns
[2025-06-06T20:32:56.018+0000][99.219s][debug][safepoint   ] Safepoint synchronization initiated using futex wait barrier. (178 threads)
[2025-06-06T20:32:56.019+0000][99.220s][info ][safepoint   ] Safepoint "Cleanup", Time since last: 2003707543 ns, Reaching safepoint: 1028750 ns, Cleanup: 76708 ns, At safepoint: 67458 ns, Total: 1172916 ns
[2025-06-06T20:33:14.053+0000][117.246s][debug][safepoint   ] Safepoint synchronization initiated using futex wait barrier. (178 threads)
[2025-06-06T20:33:14.054+0000][117.247s][info ][safepoint   ] Safepoint "Cleanup", Time since last: 18025647967 ns, Reaching safepoint: 1171166 ns, Cleanup: 67084 ns, At safepoint: 17875 ns, Total: 1256125 ns
[2025-06-06T20:33:19.104+0000][122.297s][debug][safepoint   ] Safepoint synchronization initiated using futex wait barrier. (178 threads)
[2025-06-06T20:33:19.107+0000][122.300s][info ][safepoint   ] Safepoint "Cleanup", Time since last: 5050145752 ns, Reaching safepoint: 2144292 ns, Cleanup: 108250 ns, At safepoint: 46583 ns, Total: 2299125 ns
[2025-06-06T20:33:21.110+0000][124.303s][debug][safepoint   ] Safepoint synchronization initiated using futex wait barrier. (178 threads)
[2025-06-06T20:33:21.112+0000][124.305s][info ][safepoint   ] Safepoint "Cleanup", Time since last: 2003644959 ns, Reaching safepoint: 2026625 ns, Cleanup: 78417 ns, At safepoint: 18833 ns, Total: 2123875 ns
[2025-06-06T20:33:37.156+0000][140.347s][debug][safepoint   ] Safepoint synchronization initiated using futex wait barrier. (174 threads)
[2025-06-06T20:33:37.157+0000][140.349s][info ][safepoint   ] Safepoint "Cleanup", Time since last: 16042064216 ns, Reaching safepoint: 1045291 ns, Cleanup: 59292 ns, At safepoint: 12042 ns, Total: 1116625 ns
[2025-06-06T20:33:39.162+0000][142.353s][debug][safepoint   ] Safepoint synchronization initiated using futex wait barrier. (173 threads)
[2025-06-06T20:33:39.163+0000][142.355s][info ][safepoint   ] Safepoint "Cleanup", Time since last: 2004899917 ns, Reaching safepoint: 1253750 ns, Cleanup: 106250 ns, At safepoint: 19750 ns, Total: 1379750 ns
[2025-06-06T20:33:40.166+0000][143.357s][debug][safepoint   ] Safepoint synchronization initiated using futex wait barrier. (173 threads)
[2025-06-06T20:33:40.167+0000][143.359s][info ][safepoint   ] Safepoint "Cleanup", Time since last: 1002576626 ns, Reaching safepoint: 1119000 ns, Cleanup: 58000 ns, At safepoint: 15042 ns, Total: 1192042 ns
[2025-06-06T20:33:47.178+0000][150.370s][debug][safepoint   ] Safepoint synchronization initiated using futex wait barrier. (173 threads)
[2025-06-06T20:33:47.179+0000][150.371s][info ][safepoint   ] Safepoint "Cleanup", Time since last: 7011117586 ns, Reaching safepoint: 1100334 ns, Cleanup: 66333 ns, At safepoint: 9958 ns, Total: 1176625 ns
[2025-06-06T20:34:21.124+0000][184.316s][debug][safepoint   ] Safepoint synchronization initiated using futex wait barrier. (173 threads)
[2025-06-06T20:34:21.127+0000][184.318s][info ][safepoint   ] Safepoint "Cleanup", Time since last: 33944747558 ns, Reaching safepoint: 2670583 ns, Cleanup: 68083 ns, At safepoint: 14709 ns, Total: 2753375 ns
[2025-06-06T20:34:28.138+0000][191.330s][debug][safepoint   ] Safepoint synchronization initiated using futex wait barrier. (173 threads)
[2025-06-06T20:34:28.150+0000][191.341s][info ][safepoint   ] Safepoint "Cleanup", Time since last: 7011275711 ns, Reaching safepoint: 11593209 ns, Cleanup: 79125 ns, At safepoint: 12166 ns, Total: 11684500 ns
[2025-06-06T20:34:29.151+0000][192.343s][debug][safepoint   ] Safepoint synchronization initiated using futex wait barrier. (173 threads)
[2025-06-06T20:34:29.152+0000][192.344s][info ][safepoint   ] Safepoint "Cleanup", Time since last: 1001463334 ns, Reaching safepoint: 979625 ns, Cleanup: 70292 ns, At safepoint: 13292 ns, Total: 1063209 ns
[2025-06-06T20:34:30.154+0000][193.346s][debug][safepoint   ] Safepoint synchronization initiated using futex wait barrier. (173 threads)
[2025-06-06T20:34:30.154+0000][193.346s][info ][safepoint   ] Safepoint "Cleanup", Time since last: 1001870000 ns, Reaching safepoint: 402208 ns, Cleanup: 23292 ns, At safepoint: 6083 ns, Total: 431583 ns
[2025-06-06T20:34:39.168+0000][202.359s][debug][safepoint   ] Safepoint synchronization initiated using futex wait barrier. (169 threads)
[2025-06-06T20:34:39.169+0000][202.360s][info ][safepoint   ] Safepoint "Cleanup", Time since last: 9012533296 ns, Reaching safepoint: 1033416 ns, Cleanup: 81625 ns, At safepoint: 15000 ns, Total: 1130041 ns
[2025-06-06T20:34:41.176+0000][204.367s][debug][safepoint   ] Safepoint synchronization initiated using futex wait barrier. (169 threads)
[2025-06-06T20:34:41.177+0000][204.368s][info ][safepoint   ] Safepoint "Cleanup", Time since last: 2007002001 ns, Reaching safepoint: 854334 ns, Cleanup: 68083 ns, At safepoint: 10292 ns, Total: 932709 ns
[2025-06-06T20:34:42.177+0000][205.369s][debug][safepoint   ] Safepoint synchronization initiated using futex wait barrier. (169 threads)
[2025-06-06T20:34:42.178+0000][205.369s][info ][safepoint   ] Safepoint "Cleanup", Time since last: 1000795000 ns, Reaching safepoint: 390583 ns, Cleanup: 29417 ns, At safepoint: 9583 ns, Total: 429583 ns
[2025-06-06T20:34:43.179+0000][206.371s][debug][safepoint   ] Safepoint synchronization initiated using futex wait barrier. (169 threads)
[2025-06-06T20:34:43.180+0000][206.371s][info ][safepoint   ] Safepoint "Cleanup", Time since last: 1001608334 ns, Reaching safepoint: 464709 ns, Cleanup: 39916 ns, At safepoint: 8792 ns, Total: 513417 ns
[2025-06-06T20:35:17.148+0000][240.339s][debug][safepoint   ] Safepoint synchronization initiated using futex wait barrier. (169 threads)
[2025-06-06T20:35:17.152+0000][240.342s][info ][safepoint   ] Safepoint "Cleanup", Time since last: 33967528557 ns, Reaching safepoint: 3659375 ns, Cleanup: 23583 ns, At safepoint: 6375 ns, Total: 3689333 ns
[2025-06-06T20:35:32.180+0000][255.370s][debug][safepoint   ] Safepoint synchronization initiated using futex wait barrier. (169 threads)
[2025-06-06T20:35:32.181+0000][255.371s][info ][safepoint   ] Safepoint "Cleanup", Time since last: 15028120174 ns, Reaching safepoint: 929375 ns, Cleanup: 66208 ns, At safepoint: 8292 ns, Total: 1003875 ns
[2025-06-06T20:35:34.549+0000][257.740s][debug][safepoint   ] Safepoint synchronization initiated using futex wait barrier. (169 threads)
[2025-06-06T20:35:34.550+0000][257.740s][info ][gc,start    ] GC(76) Pause Young (Normal) (G1 Evacuation Pause)
[2025-06-06T20:35:34.550+0000][257.741s][info ][gc,task     ] GC(76) Using 2 workers of 2 for evacuation
[2025-06-06T20:35:34.590+0000][257.780s][info ][gc,phases   ] GC(76)   Pre Evacuate Collection Set: 0.5ms
[2025-06-06T20:35:34.590+0000][257.780s][info ][gc,phases   ] GC(76)   Merge Heap Roots: 0.4ms
[2025-06-06T20:35:34.590+0000][257.780s][info ][gc,phases   ] GC(76)   Evacuate Collection Set: 36.3ms
[2025-06-06T20:35:34.590+0000][257.780s][info ][gc,phases   ] GC(76)   Post Evacuate Collection Set: 1.7ms
[2025-06-06T20:35:34.590+0000][257.780s][info ][gc,phases   ] GC(76)   Other: 0.8ms
[2025-06-06T20:35:34.590+0000][257.780s][info ][gc,heap     ] GC(76) Eden regions: 297->0(297)
[2025-06-06T20:35:34.590+0000][257.780s][info ][gc,heap     ] GC(76) Survivor regions: 23->18(40)
[2025-06-06T20:35:34.590+0000][257.780s][info ][gc,heap     ] GC(76) Old regions: 139->147
[2025-06-06T20:35:34.590+0000][257.780s][info ][gc,heap     ] GC(76) Archive regions: 2->2
[2025-06-06T20:35:34.590+0000][257.780s][info ][gc,heap     ] GC(76) Humongous regions: 0->0
[2025-06-06T20:35:34.590+0000][257.780s][info ][gc,metaspace] GC(76) Metaspace: 171388K(172672K)->171388K(172672K) NonClass: 150071K(150720K)->150071K(150720K) Class: 21316K(21952K)->21316K(21952K)
[2025-06-06T20:35:34.590+0000][257.780s][info ][gc          ] GC(76) Pause Young (Normal) (G1 Evacuation Pause) 459M->164M(538M) 40.101ms
[2025-06-06T20:35:34.591+0000][257.781s][info ][gc,cpu      ] GC(76) User=0.08s Sys=0.00s Real=0.04s
[2025-06-06T20:35:34.591+0000][257.781s][info ][safepoint   ] Safepoint "G1CollectForAllocation", Time since last: 2368167376 ns, Reaching safepoint: 509583 ns, Cleanup: 12917 ns, At safepoint: 40663958 ns, Total: 41186458 ns
[2025-06-06T20:35:39.596+0000][262.786s][debug][safepoint   ] Safepoint synchronization initiated using futex wait barrier. (166 threads)
[2025-06-06T20:35:39.598+0000][262.788s][info ][safepoint   ] Safepoint "Cleanup", Time since last: 5005330336 ns, Reaching safepoint: 2037292 ns, Cleanup: 178958 ns, At safepoint: 11833 ns, Total: 2228083 ns
[2025-06-06T20:35:42.605+0000][265.795s][debug][safepoint   ] Safepoint synchronization initiated using futex wait barrier. (166 threads)
[2025-06-06T20:35:42.607+0000][265.797s][info ][safepoint   ] Safepoint "Cleanup", Time since last: 3006613127 ns, Reaching safepoint: 1766208 ns, Cleanup: 90500 ns, At safepoint: 10083 ns, Total: 1866791 ns
[2025-06-06T20:35:52.619+0000][275.809s][debug][safepoint   ] Safepoint synchronization initiated using futex wait barrier. (166 threads)
[2025-06-06T20:35:52.624+0000][275.814s][info ][safepoint   ] Safepoint "Cleanup", Time since last: 10011707880 ns, Reaching safepoint: 5458167 ns, Cleanup: 56750 ns, At safepoint: 27291 ns, Total: 5542208 ns
[2025-06-06T20:35:58.636+0000][281.826s][debug][safepoint   ] Safepoint synchronization initiated using futex wait barrier. (166 threads)
[2025-06-06T20:35:58.637+0000][281.827s][info ][safepoint   ] Safepoint "Cleanup", Time since last: 6011816253 ns, Reaching safepoint: 792125 ns, Cleanup: 23750 ns, At safepoint: 7042 ns, Total: 822917 ns
[2025-06-06T20:36:30.691+0000][313.881s][debug][safepoint   ] Safepoint synchronization initiated using futex wait barrier. (166 threads)
[2025-06-06T20:36:30.692+0000][313.882s][info ][safepoint   ] Safepoint "Cleanup", Time since last: 32054659598 ns, Reaching safepoint: 1005625 ns, Cleanup: 43125 ns, At safepoint: 9625 ns, Total: 1058375 ns
[2025-06-06T20:36:39.707+0000][322.896s][debug][safepoint   ] Safepoint synchronization initiated using futex wait barrier. (165 threads)
[2025-06-06T20:36:39.707+0000][322.897s][info ][safepoint   ] Safepoint "Cleanup", Time since last: 9014017421 ns, Reaching safepoint: 288583 ns, Cleanup: 44458 ns, At safepoint: 7250 ns, Total: 340291 ns
[2025-06-06T20:36:42.710+0000][325.900s][debug][safepoint   ] Safepoint synchronization initiated using futex wait barrier. (165 threads)
[2025-06-06T20:36:42.715+0000][325.905s][info ][safepoint   ] Safepoint "Cleanup", Time since last: 3003141460 ns, Reaching safepoint: 4480208 ns, Cleanup: 80792 ns, At safepoint: 12208 ns, Total: 4573208 ns
[2025-06-06T20:36:43.716+0000][326.906s][debug][safepoint   ] Safepoint synchronization initiated using futex wait barrier. (165 threads)
[2025-06-06T20:36:43.717+0000][326.907s][info ][safepoint   ] Safepoint "Cleanup", Time since last: 1001029334 ns, Reaching safepoint: 904584 ns, Cleanup: 71708 ns, At safepoint: 10458 ns, Total: 986750 ns
[2025-06-06T20:36:58.746+0000][341.936s][debug][safepoint   ] Safepoint synchronization initiated using futex wait barrier. (165 threads)
[2025-06-06T20:36:58.747+0000][341.937s][info ][safepoint   ] Safepoint "Cleanup", Time since last: 15029373757 ns, Reaching safepoint: 1037209 ns, Cleanup: 76166 ns, At safepoint: 9792 ns, Total: 1123167 ns
[2025-06-06T20:37:10.786+0000][353.976s][debug][safepoint   ] Safepoint synchronization initiated using futex wait barrier. (165 threads)
[2025-06-06T20:37:10.787+0000][353.976s][info ][safepoint   ] Safepoint "Cleanup", Time since last: 12038786047 ns, Reaching safepoint: 338292 ns, Cleanup: 62166 ns, At safepoint: 6792 ns, Total: 407250 ns
[2025-06-06T20:37:16.809+0000][359.999s][debug][safepoint   ] Safepoint synchronization initiated using futex wait barrier. (165 threads)
[2025-06-06T20:37:16.810+0000][360.000s][info ][safepoint   ] Safepoint "Cleanup", Time since last: 6022487628 ns, Reaching safepoint: 1081667 ns, Cleanup: 78625 ns, At safepoint: 15958 ns, Total: 1176250 ns
[2025-06-06T20:37:37.316+0000][380.505s][debug][safepoint   ] Safepoint synchronization initiated using futex wait barrier. (164 threads)
[2025-06-06T20:37:37.317+0000][380.507s][info ][safepoint   ] Safepoint "Cleanup", Time since last: 20505470009 ns, Reaching safepoint: 1119333 ns, Cleanup: 72459 ns, At safepoint: 15000 ns, Total: 1206792 ns
[2025-06-06T20:37:39.320+0000][382.510s][debug][safepoint   ] Safepoint synchronization initiated using futex wait barrier. (164 threads)
[2025-06-06T20:37:39.321+0000][382.511s][info ][safepoint   ] Safepoint "Cleanup", Time since last: 2002956126 ns, Reaching safepoint: 975250 ns, Cleanup: 100041 ns, At safepoint: 17000 ns, Total: 1092291 ns
[2025-06-06T20:37:40.325+0000][383.515s][debug][safepoint   ] Safepoint synchronization initiated using futex wait barrier. (164 threads)
[2025-06-06T20:37:40.326+0000][383.515s][info ][safepoint   ] Safepoint "Cleanup", Time since last: 1003948793 ns, Reaching safepoint: 560500 ns, Cleanup: 45000 ns, At safepoint: 39083 ns, Total: 644583 ns
[2025-06-06T20:37:44.338+0000][387.527s][debug][safepoint   ] Safepoint synchronization initiated using futex wait barrier. (164 threads)
[2025-06-06T20:37:44.339+0000][387.528s][info ][safepoint   ] Safepoint "Cleanup", Time since last: 4011844293 ns, Reaching safepoint: 992667 ns, Cleanup: 187375 ns, At safepoint: 14292 ns, Total: 1194334 ns
[2025-06-06T20:38:04.387+0000][407.577s][debug][safepoint   ] Safepoint synchronization initiated using futex wait barrier. (164 threads)
[2025-06-06T20:38:04.390+0000][407.579s][info ][safepoint   ] Safepoint "Cleanup", Time since last: 20048376343 ns, Reaching safepoint: 2227291 ns, Cleanup: 62000 ns, At safepoint: 10875 ns, Total: 2300166 ns
[2025-06-06T20:38:16.414+0000][419.603s][debug][safepoint   ] Safepoint synchronization initiated using futex wait barrier. (164 threads)
[2025-06-06T20:38:16.415+0000][419.604s][info ][safepoint   ] Safepoint "Cleanup", Time since last: 12024061839 ns, Reaching safepoint: 1019875 ns, Cleanup: 53166 ns, At safepoint: 16375 ns, Total: 1089416 ns
[2025-06-06T20:38:37.457+0000][440.646s][debug][safepoint   ] Safepoint synchronization initiated using futex wait barrier. (163 threads)
[2025-06-06T20:38:37.458+0000][440.647s][info ][safepoint   ] Safepoint "Cleanup", Time since last: 21041646719 ns, Reaching safepoint: 1084791 ns, Cleanup: 96084 ns, At safepoint: 14541 ns, Total: 1195416 ns
[2025-06-06T20:38:39.460+0000][442.649s][debug][safepoint   ] Safepoint synchronization initiated using futex wait barrier. (163 threads)
[2025-06-06T20:38:39.462+0000][442.651s][info ][safepoint   ] Safepoint "Cleanup", Time since last: 2002514418 ns, Reaching safepoint: 1036125 ns, Cleanup: 93250 ns, At safepoint: 18291 ns, Total: 1147666 ns
[2025-06-06T20:38:45.477+0000][448.666s][debug][safepoint   ] Safepoint synchronization initiated using futex wait barrier. (163 threads)
[2025-06-06T20:38:45.479+0000][448.668s][info ][safepoint   ] Safepoint "Cleanup", Time since last: 6015334753 ns, Reaching safepoint: 1583667 ns, Cleanup: 131542 ns, At safepoint: 29916 ns, Total: 1745125 ns
[2025-06-06T20:38:51.490+0000][454.679s][debug][safepoint   ] Safepoint synchronization initiated using futex wait barrier. (163 threads)
[2025-06-06T20:38:51.491+0000][454.680s][info ][safepoint   ] Safepoint "Cleanup", Time since last: 6011505462 ns, Reaching safepoint: 999833 ns, Cleanup: 86667 ns, At safepoint: 15041 ns, Total: 1101541 ns
[2025-06-06T20:39:39.607+0000][502.796s][debug][safepoint   ] Safepoint synchronization initiated using futex wait barrier. (163 threads)
[2025-06-06T20:39:39.608+0000][502.797s][info ][safepoint   ] Safepoint "Cleanup", Time since last: 48115377605 ns, Reaching safepoint: 985417 ns, Cleanup: 149708 ns, At safepoint: 14709 ns, Total: 1149834 ns
[2025-06-06T20:39:46.630+0000][509.819s][debug][safepoint   ] Safepoint synchronization initiated using futex wait barrier. (163 threads)
[2025-06-06T20:39:46.631+0000][509.820s][info ][safepoint   ] Safepoint "Cleanup", Time since last: 7022332878 ns, Reaching safepoint: 759167 ns, Cleanup: 26166 ns, At safepoint: 13792 ns, Total: 799125 ns
[2025-06-06T20:40:05.530+0000][528.718s][debug][safepoint   ] Safepoint synchronization initiated using futex wait barrier. (163 threads)
[2025-06-06T20:40:05.531+0000][528.720s][info ][gc,start    ] GC(77) Pause Young (Normal) (G1 Evacuation Pause)
[2025-06-06T20:40:05.532+0000][528.720s][info ][gc,task     ] GC(77) Using 2 workers of 2 for evacuation
[2025-06-06T20:40:05.574+0000][528.762s][info ][gc,phases   ] GC(77)   Pre Evacuate Collection Set: 0.5ms
[2025-06-06T20:40:05.574+0000][528.762s][info ][gc,phases   ] GC(77)   Merge Heap Roots: 0.4ms
[2025-06-06T20:40:05.574+0000][528.762s][info ][gc,phases   ] GC(77)   Evacuate Collection Set: 39.1ms
[2025-06-06T20:40:05.574+0000][528.762s][info ][gc,phases   ] GC(77)   Post Evacuate Collection Set: 1.5ms
[2025-06-06T20:40:05.574+0000][528.762s][info ][gc,phases   ] GC(77)   Other: 0.8ms
[2025-06-06T20:40:05.574+0000][528.762s][info ][gc,heap     ] GC(77) Eden regions: 297->0(301)
[2025-06-06T20:40:05.574+0000][528.762s][info ][gc,heap     ] GC(77) Survivor regions: 18->17(40)
[2025-06-06T20:40:05.574+0000][528.762s][info ][gc,heap     ] GC(77) Old regions: 147->147
[2025-06-06T20:40:05.574+0000][528.762s][info ][gc,heap     ] GC(77) Archive regions: 2->2
[2025-06-06T20:40:05.574+0000][528.762s][info ][gc,heap     ] GC(77) Humongous regions: 0->0
[2025-06-06T20:40:05.574+0000][528.762s][info ][gc,metaspace] GC(77) Metaspace: 171670K(172992K)->171670K(172992K) NonClass: 150351K(151040K)->150351K(151040K) Class: 21318K(21952K)->21318K(21952K)
[2025-06-06T20:40:05.574+0000][528.762s][info ][gc          ] GC(77) Pause Young (Normal) (G1 Evacuation Pause) 461M->164M(538M) 42.914ms
[2025-06-06T20:40:05.575+0000][528.763s][info ][gc,cpu      ] GC(77) User=0.08s Sys=0.00s Real=0.04s
[2025-06-06T20:40:05.576+0000][528.764s][info ][safepoint   ] Safepoint "G1CollectForAllocation", Time since last: 18897970675 ns, Reaching safepoint: 1437916 ns, Cleanup: 22709 ns, At safepoint: 44647208 ns, Total: 46107833 ns
[2025-06-06T20:40:30.648+0000][553.837s][debug][safepoint   ] Safepoint synchronization initiated using futex wait barrier. (163 threads)
[2025-06-06T20:40:30.651+0000][553.839s][info ][safepoint   ] Safepoint "Cleanup", Time since last: 25072488804 ns, Reaching safepoint: 2054791 ns, Cleanup: 89709 ns, At safepoint: 10708 ns, Total: 2155208 ns
[2025-06-06T20:40:36.664+0000][559.851s][debug][safepoint   ] Safepoint synchronization initiated using futex wait barrier. (162 threads)
[2025-06-06T20:40:36.665+0000][559.852s][info ][safepoint   ] Safepoint "Cleanup", Time since last: 6012625419 ns, Reaching safepoint: 835750 ns, Cleanup: 47083 ns, At safepoint: 13500 ns, Total: 896333 ns
[2025-06-06T20:40:39.671+0000][562.859s][debug][safepoint   ] Safepoint synchronization initiated using futex wait barrier. (162 threads)
[2025-06-06T20:40:39.673+0000][562.861s][info ][safepoint   ] Safepoint "Cleanup", Time since last: 3006729585 ns, Reaching safepoint: 1711250 ns, Cleanup: 82542 ns, At safepoint: 14708 ns, Total: 1808500 ns
[2025-06-06T20:40:43.684+0000][566.871s][debug][safepoint   ] Safepoint synchronization initiated using futex wait barrier. (162 threads)
[2025-06-06T20:40:43.685+0000][566.872s][info ][safepoint   ] Safepoint "Cleanup", Time since last: 4010581085 ns, Reaching safepoint: 996000 ns, Cleanup: 62667 ns, At safepoint: 16125 ns, Total: 1074792 ns
[2025-06-06T20:40:46.706+0000][569.894s][debug][safepoint   ] Safepoint synchronization initiated using futex wait barrier. (162 threads)
[2025-06-06T20:40:46.708+0000][569.895s][info ][safepoint   ] Safepoint "Cleanup", Time since last: 3021546460 ns, Reaching safepoint: 1110167 ns, Cleanup: 75625 ns, At safepoint: 16666 ns, Total: 1202458 ns
[2025-06-06T20:40:47.713+0000][570.901s][debug][safepoint   ] Safepoint synchronization initiated using futex wait barrier. (162 threads)
[2025-06-06T20:40:47.715+0000][570.903s][info ][safepoint   ] Safepoint "Cleanup", Time since last: 1005381292 ns, Reaching safepoint: 1933250 ns, Cleanup: 141375 ns, At safepoint: 40500 ns, Total: 2115125 ns
[2025-06-06T20:41:36.832+0000][620.020s][debug][safepoint   ] Safepoint synchronization initiated using futex wait barrier. (161 threads)
[2025-06-06T20:41:36.834+0000][620.021s][info ][safepoint   ] Safepoint "Cleanup", Time since last: 49117155481 ns, Reaching safepoint: 1075709 ns, Cleanup: 124333 ns, At safepoint: 11875 ns, Total: 1211917 ns
[2025-06-06T20:41:37.835+0000][621.023s][debug][safepoint   ] Safepoint synchronization initiated using futex wait barrier. (160 threads)
[2025-06-06T20:41:37.836+0000][621.024s][info ][safepoint   ] Safepoint "Cleanup", Time since last: 1001878834 ns, Reaching safepoint: 925916 ns, Cleanup: 58959 ns, At safepoint: 14833 ns, Total: 999708 ns
[2025-06-06T20:41:39.843+0000][623.031s][debug][safepoint   ] Safepoint synchronization initiated using futex wait barrier. (160 threads)
[2025-06-06T20:41:39.844+0000][623.031s][info ][safepoint   ] Safepoint "Cleanup", Time since last: 2006621709 ns, Reaching safepoint: 438125 ns, Cleanup: 35959 ns, At safepoint: 6125 ns, Total: 480209 ns
[2025-06-06T20:41:46.859+0000][630.046s][debug][safepoint   ] Safepoint synchronization initiated using futex wait barrier. (160 threads)
[2025-06-06T20:41:46.860+0000][630.047s][info ][safepoint   ] Safepoint "Cleanup", Time since last: 7015209836 ns, Reaching safepoint: 968709 ns, Cleanup: 80458 ns, At safepoint: 9750 ns, Total: 1058917 ns
[2025-06-06T20:41:48.866+0000][632.053s][debug][safepoint   ] Safepoint synchronization initiated using futex wait barrier. (160 threads)
[2025-06-06T20:41:48.867+0000][632.055s][info ][safepoint   ] Safepoint "Cleanup", Time since last: 2006138709 ns, Reaching safepoint: 1129792 ns, Cleanup: 121917 ns, At safepoint: 14125 ns, Total: 1265834 ns
[2025-06-06T20:41:56.882+0000][640.070s][debug][safepoint   ] Safepoint synchronization initiated using futex wait barrier. (160 threads)
[2025-06-06T20:41:56.883+0000][640.071s][info ][safepoint   ] Safepoint "Cleanup", Time since last: 8015156837 ns, Reaching safepoint: 991083 ns, Cleanup: 43792 ns, At safepoint: 8916 ns, Total: 1043791 ns
[2025-06-06T20:42:21.952+0000][665.139s][debug][safepoint   ] Safepoint synchronization initiated using futex wait barrier. (160 threads)
[2025-06-06T20:42:21.953+0000][665.140s][info ][safepoint   ] Safepoint "Cleanup", Time since last: 25067809261 ns, Reaching safepoint: 1669084 ns, Cleanup: 67666 ns, At safepoint: 10875 ns, Total: 1747625 ns
[2025-06-06T20:42:39.982+0000][683.168s][debug][safepoint   ] Safepoint synchronization initiated using futex wait barrier. (160 threads)
[2025-06-06T20:42:39.986+0000][683.172s][info ][safepoint   ] Safepoint "Cleanup", Time since last: 18027945425 ns, Reaching safepoint: 3635666 ns, Cleanup: 88875 ns, At safepoint: 12625 ns, Total: 3737166 ns
[2025-06-06T20:42:49.000+0000][692.186s][debug][safepoint   ] Safepoint synchronization initiated using futex wait barrier. (160 threads)
[2025-06-06T20:42:49.000+0000][692.187s][info ][safepoint   ] Safepoint "Cleanup", Time since last: 9014339088 ns, Reaching safepoint: 179083 ns, Cleanup: 15375 ns, At safepoint: 3500 ns, Total: 197958 ns
[2025-06-06T20:42:50.001+0000][693.188s][debug][safepoint   ] Safepoint synchronization initiated using futex wait barrier. (160 threads)
[2025-06-06T20:42:50.003+0000][693.189s][info ][safepoint   ] Safepoint "Cleanup", Time since last: 1000880542 ns, Reaching safepoint: 1117917 ns, Cleanup: 68458 ns, At safepoint: 34250 ns, Total: 1220625 ns
[2025-06-06T20:43:39.079+0000][742.265s][debug][safepoint   ] Safepoint synchronization initiated using futex wait barrier. (161 threads)
[2025-06-06T20:43:39.080+0000][742.266s][info ][safepoint   ] Safepoint "Cleanup", Time since last: 49076512481 ns, Reaching safepoint: 760417 ns, Cleanup: 47750 ns, At safepoint: 12458 ns, Total: 820625 ns
[2025-06-06T20:43:45.088+0000][748.274s][debug][safepoint   ] Safepoint synchronization initiated using futex wait barrier. (161 threads)
[2025-06-06T20:43:45.089+0000][748.275s][info ][safepoint   ] Safepoint "Cleanup", Time since last: 6007691670 ns, Reaching safepoint: 1394875 ns, Cleanup: 79708 ns, At safepoint: 11750 ns, Total: 1486333 ns
[2025-06-06T20:43:50.105+0000][753.291s][debug][safepoint   ] Safepoint synchronization initiated using futex wait barrier. (161 threads)
[2025-06-06T20:43:50.106+0000][753.292s][info ][safepoint   ] Safepoint "Cleanup", Time since last: 5015569711 ns, Reaching safepoint: 921583 ns, Cleanup: 73500 ns, At safepoint: 19750 ns, Total: 1014833 ns
[2025-06-06T20:44:19.156+0000][782.342s][debug][safepoint   ] Safepoint synchronization initiated using futex wait barrier. (161 threads)
[2025-06-06T20:44:19.157+0000][782.342s][info ][safepoint   ] Safepoint "Cleanup", Time since last: 29049694847 ns, Reaching safepoint: 419208 ns, Cleanup: 24042 ns, At safepoint: 6542 ns, Total: 449792 ns
[2025-06-06T20:44:24.166+0000][787.352s][debug][safepoint   ] Safepoint synchronization initiated using futex wait barrier. (161 threads)
[2025-06-06T20:44:24.167+0000][787.352s][info ][safepoint   ] Safepoint "Cleanup", Time since last: 5009708294 ns, Reaching safepoint: 438583 ns, Cleanup: 23875 ns, At safepoint: 7375 ns, Total: 469833 ns
[2025-06-06T20:44:37.182+0000][800.368s][debug][safepoint   ] Safepoint synchronization initiated using futex wait barrier. (161 threads)
[2025-06-06T20:44:37.184+0000][800.370s][info ][safepoint   ] Safepoint "Cleanup", Time since last: 13015383339 ns, Reaching safepoint: 1997250 ns, Cleanup: 48459 ns, At safepoint: 8208 ns, Total: 2053917 ns
[2025-06-06T20:44:39.187+0000][802.372s][debug][safepoint   ] Safepoint synchronization initiated using futex wait barrier. (161 threads)
[2025-06-06T20:44:39.188+0000][802.374s][info ][safepoint   ] Safepoint "Cleanup", Time since last: 2002844876 ns, Reaching safepoint: 1304875 ns, Cleanup: 139208 ns, At safepoint: 13334 ns, Total: 1457417 ns
[2025-06-06T20:44:39.811+0000][802.997s][debug][safepoint   ] Safepoint synchronization initiated using futex wait barrier. (161 threads)
[2025-06-06T20:44:39.813+0000][802.998s][info ][gc,start    ] GC(78) Pause Young (Normal) (G1 Evacuation Pause)
[2025-06-06T20:44:39.813+0000][802.999s][info ][gc,task     ] GC(78) Using 2 workers of 2 for evacuation
[2025-06-06T20:44:39.845+0000][803.030s][info ][gc,phases   ] GC(78)   Pre Evacuate Collection Set: 0.8ms
[2025-06-06T20:44:39.845+0000][803.030s][info ][gc,phases   ] GC(78)   Merge Heap Roots: 0.4ms
[2025-06-06T20:44:39.845+0000][803.030s][info ][gc,phases   ] GC(78)   Evacuate Collection Set: 28.3ms
[2025-06-06T20:44:39.845+0000][803.031s][info ][gc,phases   ] GC(78)   Post Evacuate Collection Set: 1.7ms
[2025-06-06T20:44:39.845+0000][803.031s][info ][gc,phases   ] GC(78)   Other: 1.0ms
[2025-06-06T20:44:39.845+0000][803.031s][info ][gc,heap     ] GC(78) Eden regions: 301->0(301)
[2025-06-06T20:44:39.845+0000][803.031s][info ][gc,heap     ] GC(78) Survivor regions: 17->17(40)
[2025-06-06T20:44:39.845+0000][803.031s][info ][gc,heap     ] GC(78) Old regions: 147->147
[2025-06-06T20:44:39.845+0000][803.031s][info ][gc,heap     ] GC(78) Archive regions: 2->2
[2025-06-06T20:44:39.845+0000][803.031s][info ][gc,heap     ] GC(78) Humongous regions: 0->0
[2025-06-06T20:44:39.845+0000][803.031s][info ][gc,metaspace] GC(78) Metaspace: 171868K(173184K)->171868K(173184K) NonClass: 150549K(151232K)->150549K(151232K) Class: 21318K(21952K)->21318K(21952K)
[2025-06-06T20:44:39.846+0000][803.031s][info ][gc          ] GC(78) Pause Young (Normal) (G1 Evacuation Pause) 465M->163M(538M) 32.988ms
[2025-06-06T20:44:39.846+0000][803.031s][info ][gc,cpu      ] GC(78) User=0.06s Sys=0.00s Real=0.04s
[2025-06-06T20:44:39.846+0000][803.032s][info ][safepoint   ] Safepoint "G1CollectForAllocation", Time since last: 622738500 ns, Reaching safepoint: 1294750 ns, Cleanup: 16333 ns, At safepoint: 33726542 ns, Total: 35037625 ns
[2025-06-06T20:44:40.847+0000][804.033s][debug][safepoint   ] Safepoint synchronization initiated using futex wait barrier. (161 threads)
[2025-06-06T20:44:40.849+0000][804.035s][info ][safepoint   ] Safepoint "Cleanup", Time since last: 1001312167 ns, Reaching safepoint: 1512833 ns, Cleanup: 111375 ns, At safepoint: 16000 ns, Total: 1640208 ns
[2025-06-06T20:44:56.885+0000][820.071s][debug][safepoint   ] Safepoint synchronization initiated using futex wait barrier. (161 threads)
[2025-06-06T20:44:56.886+0000][820.072s][info ][safepoint   ] Safepoint "Cleanup", Time since last: 16036258300 ns, Reaching safepoint: 542750 ns, Cleanup: 41458 ns, At safepoint: 101750 ns, Total: 685958 ns
[2025-06-06T20:45:06.921+0000][830.105s][debug][safepoint   ] Safepoint synchronization initiated using futex wait barrier. (161 threads)
[2025-06-06T20:45:06.922+0000][830.106s][info ][safepoint   ] Safepoint "Cleanup", Time since last: 10033788004 ns, Reaching safepoint: 1012042 ns, Cleanup: 54625 ns, At safepoint: 10542 ns, Total: 1077209 ns
[2025-06-06T20:45:16.959+0000][840.144s][debug][safepoint   ] Safepoint synchronization initiated using futex wait barrier. (161 threads)
[2025-06-06T20:45:16.961+0000][840.145s][info ][safepoint   ] Safepoint "Cleanup", Time since last: 10037341629 ns, Reaching safepoint: 1535917 ns, Cleanup: 67250 ns, At safepoint: 16667 ns, Total: 1619834 ns
[2025-06-06T20:45:30.449+0000][853.634s][debug][safepoint   ] Safepoint synchronization initiated using futex wait barrier. (161 threads)
[2025-06-06T20:45:30.449+0000][853.634s][info ][safepoint   ] Safepoint "Cleanup", Time since last: 13488215589 ns, Reaching safepoint: 591125 ns, Cleanup: 80834 ns, At safepoint: 11458 ns, Total: 683417 ns
[2025-06-06T20:45:37.467+0000][860.652s][debug][safepoint   ] Safepoint synchronization initiated using futex wait barrier. (161 threads)
[2025-06-06T20:45:37.470+0000][860.655s][info ][safepoint   ] Safepoint "Cleanup", Time since last: 7017940336 ns, Reaching safepoint: 2461917 ns, Cleanup: 173000 ns, At safepoint: 17792 ns, Total: 2652709 ns
[2025-06-06T20:45:52.515+0000][875.699s][debug][safepoint   ] Safepoint synchronization initiated using futex wait barrier. (161 threads)
[2025-06-06T20:45:52.516+0000][875.701s][info ][safepoint   ] Safepoint "Cleanup", Time since last: 15044509090 ns, Reaching safepoint: 996542 ns, Cleanup: 105625 ns, At safepoint: 13875 ns, Total: 1116042 ns
[2025-06-06T20:46:36.635+0000][919.820s][debug][safepoint   ] Safepoint synchronization initiated using futex wait barrier. (161 threads)
[2025-06-06T20:46:36.637+0000][919.822s][info ][safepoint   ] Safepoint "Cleanup", Time since last: 44119104645 ns, Reaching safepoint: 1990500 ns, Cleanup: 29416 ns, At safepoint: 145542 ns, Total: 2165458 ns
[2025-06-06T20:46:39.644+0000][922.829s][debug][safepoint   ] Safepoint synchronization initiated using futex wait barrier. (160 threads)
[2025-06-06T20:46:39.645+0000][922.830s][info ][safepoint   ] Safepoint "Cleanup", Time since last: 3006936585 ns, Reaching safepoint: 1034833 ns, Cleanup: 99458 ns, At safepoint: 12417 ns, Total: 1146708 ns
[2025-06-06T20:47:39.944+0000][983.128s][debug][safepoint   ] Safepoint synchronization initiated using futex wait barrier. (160 threads)
[2025-06-06T20:47:39.946+0000][983.129s][info ][safepoint   ] Safepoint "Cleanup", Time since last: 60298274778 ns, Reaching safepoint: 994625 ns, Cleanup: 160791 ns, At safepoint: 14584 ns, Total: 1170000 ns
[2025-06-06T20:47:54.978+0000][998.161s][debug][safepoint   ] Safepoint synchronization initiated using futex wait barrier. (160 threads)
[2025-06-06T20:47:54.979+0000][998.163s][info ][safepoint   ] Safepoint "Cleanup", Time since last: 15032075048 ns, Reaching safepoint: 1005042 ns, Cleanup: 160875 ns, At safepoint: 15750 ns, Total: 1181667 ns
[2025-06-06T20:48:36.992+0000][1040.175s][debug][safepoint   ] Safepoint synchronization initiated using futex wait barrier. (160 threads)
[2025-06-06T20:48:36.993+0000][1040.176s][info ][safepoint   ] Safepoint "Cleanup", Time since last: 42012090477 ns, Reaching safepoint: 1008875 ns, Cleanup: 47583 ns, At safepoint: 15542 ns, Total: 1072000 ns
[2025-06-06T20:48:40.000+0000][1043.183s][debug][safepoint   ] Safepoint synchronization initiated using futex wait barrier. (160 threads)
[2025-06-06T20:48:40.001+0000][1043.184s][info ][safepoint   ] Safepoint "Cleanup", Time since last: 3007220793 ns, Reaching safepoint: 931125 ns, Cleanup: 65917 ns, At safepoint: 12625 ns, Total: 1009667 ns
[2025-06-06T20:48:56.044+0000][1059.227s][debug][safepoint   ] Safepoint synchronization initiated using futex wait barrier. (160 threads)
[2025-06-06T20:48:56.046+0000][1059.228s][info ][safepoint   ] Safepoint "Cleanup", Time since last: 16043211632 ns, Reaching safepoint: 1145250 ns, Cleanup: 122125 ns, At safepoint: 15417 ns, Total: 1282792 ns
[2025-06-06T20:49:00.067+0000][1063.250s][debug][safepoint   ] Safepoint synchronization initiated using futex wait barrier. (160 threads)
[2025-06-06T20:49:00.069+0000][1063.251s][info ][safepoint   ] Safepoint "Cleanup", Time since last: 4021220544 ns, Reaching safepoint: 1686458 ns, Cleanup: 83083 ns, At safepoint: 10375 ns, Total: 1779916 ns
[2025-06-06T20:49:17.022+0000][1080.205s][debug][safepoint   ] Safepoint synchronization initiated using futex wait barrier. (160 threads)
[2025-06-06T20:49:17.023+0000][1080.205s][info ][gc,start    ] GC(79) Pause Young (Normal) (G1 Evacuation Pause)
[2025-06-06T20:49:17.023+0000][1080.206s][info ][gc,task     ] GC(79) Using 2 workers of 2 for evacuation
[2025-06-06T20:49:17.052+0000][1080.235s][info ][gc,phases   ] GC(79)   Pre Evacuate Collection Set: 0.4ms
[2025-06-06T20:49:17.052+0000][1080.235s][info ][gc,phases   ] GC(79)   Merge Heap Roots: 0.3ms
[2025-06-06T20:49:17.052+0000][1080.235s][info ][gc,phases   ] GC(79)   Evacuate Collection Set: 26.4ms
[2025-06-06T20:49:17.052+0000][1080.235s][info ][gc,phases   ] GC(79)   Post Evacuate Collection Set: 1.6ms
[2025-06-06T20:49:17.052+0000][1080.235s][info ][gc,phases   ] GC(79)   Other: 0.7ms
[2025-06-06T20:49:17.052+0000][1080.235s][info ][gc,heap     ] GC(79) Eden regions: 301->0(301)
[2025-06-06T20:49:17.052+0000][1080.235s][info ][gc,heap     ] GC(79) Survivor regions: 17->17(40)
[2025-06-06T20:49:17.052+0000][1080.235s][info ][gc,heap     ] GC(79) Old regions: 147->147
[2025-06-06T20:49:17.052+0000][1080.235s][info ][gc,heap     ] GC(79) Archive regions: 2->2
[2025-06-06T20:49:17.052+0000][1080.235s][info ][gc,heap     ] GC(79) Humongous regions: 0->0
[2025-06-06T20:49:17.053+0000][1080.235s][info ][gc,metaspace] GC(79) Metaspace: 172006K(173312K)->172006K(173312K) NonClass: 150684K(151360K)->150684K(151360K) Class: 21322K(21952K)->21322K(21952K)
[2025-06-06T20:49:17.053+0000][1080.236s][info ][gc          ] GC(79) Pause Young (Normal) (G1 Evacuation Pause) 464M->164M(538M) 30.087ms
[2025-06-06T20:49:17.053+0000][1080.236s][info ][gc,cpu      ] GC(79) User=0.06s Sys=0.00s Real=0.03s
[2025-06-06T20:49:17.053+0000][1080.236s][info ][safepoint   ] Safepoint "G1CollectForAllocation", Time since last: 16953292841 ns, Reaching safepoint: 549625 ns, Cleanup: 10500 ns, At safepoint: 30788041 ns, Total: 31348166 ns
[2025-06-06T20:49:18.059+0000][1081.241s][debug][safepoint   ] Safepoint synchronization initiated using futex wait barrier. (160 threads)
[2025-06-06T20:49:18.060+0000][1081.243s][info ][safepoint   ] Safepoint "Cleanup", Time since last: 1005337292 ns, Reaching safepoint: 1008125 ns, Cleanup: 167834 ns, At safepoint: 13708 ns, Total: 1189667 ns
[2025-06-06T20:49:40.036+0000][1103.219s][debug][safepoint   ] Safepoint synchronization initiated using futex wait barrier. (160 threads)
[2025-06-06T20:49:40.038+0000][1103.220s][info ][safepoint   ] Safepoint "Cleanup", Time since last: 21976148427 ns, Reaching safepoint: 1240625 ns, Cleanup: 100125 ns, At safepoint: 16917 ns, Total: 1357667 ns
[2025-06-06T20:49:57.082+0000][1120.264s][debug][safepoint   ] Safepoint synchronization initiated using futex wait barrier. (160 threads)
[2025-06-06T20:49:57.083+0000][1120.265s][info ][safepoint   ] Safepoint "Cleanup", Time since last: 17043975008 ns, Reaching safepoint: 1045583 ns, Cleanup: 140667 ns, At safepoint: 24000 ns, Total: 1210250 ns
[2025-06-06T20:50:37.104+0000][1160.286s][debug][safepoint   ] Safepoint synchronization initiated using futex wait barrier. (160 threads)
[2025-06-06T20:50:37.105+0000][1160.287s][info ][safepoint   ] Safepoint "Cleanup", Time since last: 40020677767 ns, Reaching safepoint: 1179334 ns, Cleanup: 91791 ns, At safepoint: 13125 ns, Total: 1284250 ns
[2025-06-06T20:50:40.113+0000][1163.295s][debug][safepoint   ] Safepoint synchronization initiated using futex wait barrier. (161 threads)
[2025-06-06T20:50:40.114+0000][1163.296s][info ][safepoint   ] Safepoint "Cleanup", Time since last: 3007871877 ns, Reaching safepoint: 1038333 ns, Cleanup: 130417 ns, At safepoint: 16750 ns, Total: 1185500 ns
[2025-06-06T20:50:43.119+0000][1166.301s][debug][safepoint   ] Safepoint synchronization initiated using futex wait barrier. (161 threads)
[2025-06-06T20:50:43.120+0000][1166.302s][info ][safepoint   ] Safepoint "Cleanup", Time since last: 3004763959 ns, Reaching safepoint: 1007584 ns, Cleanup: 64708 ns, At safepoint: 13042 ns, Total: 1085334 ns
[2025-06-06T20:50:48.132+0000][1171.314s][debug][safepoint   ] Safepoint synchronization initiated using futex wait barrier. (161 threads)
[2025-06-06T20:50:48.134+0000][1171.316s][info ][safepoint   ] Safepoint "Cleanup", Time since last: 5011926502 ns, Reaching safepoint: 2024084 ns, Cleanup: 57708 ns, At safepoint: 51125 ns, Total: 2132917 ns
[2025-06-06T20:50:57.167+0000][1180.349s][debug][safepoint   ] Safepoint synchronization initiated using futex wait barrier. (161 threads)
[2025-06-06T20:50:57.168+0000][1180.350s][info ][safepoint   ] Safepoint "Cleanup", Time since last: 9032265379 ns, Reaching safepoint: 1324792 ns, Cleanup: 59458 ns, At safepoint: 10417 ns, Total: 1394667 ns
[2025-06-06T20:51:07.194+0000][1190.375s][debug][safepoint   ] Safepoint synchronization initiated using futex wait barrier. (161 threads)
[2025-06-06T20:51:07.195+0000][1190.377s][info ][safepoint   ] Safepoint "Cleanup", Time since last: 10025553212 ns, Reaching safepoint: 1203584 ns, Cleanup: 82458 ns, At safepoint: 14542 ns, Total: 1300584 ns
[2025-06-06T20:51:51.379+0000][1234.560s][debug][safepoint   ] Safepoint synchronization initiated using futex wait barrier. (160 threads)
[2025-06-06T20:51:51.380+0000][1234.561s][info ][safepoint   ] Safepoint "Cleanup", Time since last: 44183105020 ns, Reaching safepoint: 1125625 ns, Cleanup: 72833 ns, At safepoint: 13167 ns, Total: 1211625 ns
[2025-06-06T20:51:52.385+0000][1235.565s][debug][safepoint   ] Safepoint synchronization initiated using futex wait barrier. (160 threads)
[2025-06-06T20:51:52.386+0000][1235.566s][info ][safepoint   ] Safepoint "Cleanup", Time since last: 1004248125 ns, Reaching safepoint: 1026334 ns, Cleanup: 77666 ns, At safepoint: 11750 ns, Total: 1115750 ns
[2025-06-06T20:51:57.409+0000][1240.590s][debug][safepoint   ] Safepoint synchronization initiated using futex wait barrier. (160 threads)
[2025-06-06T20:51:57.411+0000][1240.591s][info ][safepoint   ] Safepoint "Cleanup", Time since last: 5023145128 ns, Reaching safepoint: 1585208 ns, Cleanup: 112417 ns, At safepoint: 13583 ns, Total: 1711208 ns
[2025-06-06T20:51:58.413+0000][1241.594s][debug][safepoint   ] Safepoint synchronization initiated using futex wait barrier. (160 threads)
[2025-06-06T20:51:58.414+0000][1241.594s][info ][safepoint   ] Safepoint "Cleanup", Time since last: 1002620834 ns, Reaching safepoint: 488416 ns, Cleanup: 49750 ns, At safepoint: 5917 ns, Total: 544083 ns
[2025-06-06T20:52:39.440+0000][1282.620s][debug][safepoint   ] Safepoint synchronization initiated using futex wait barrier. (160 threads)
[2025-06-06T20:52:39.442+0000][1282.623s][info ][safepoint   ] Safepoint "Cleanup", Time since last: 41025660227 ns, Reaching safepoint: 2723917 ns, Cleanup: 108375 ns, At safepoint: 10666 ns, Total: 2842958 ns
[2025-06-06T20:52:40.444+0000][1283.624s][debug][safepoint   ] Safepoint synchronization initiated using futex wait barrier. (160 threads)
[2025-06-06T20:52:40.445+0000][1283.625s][info ][safepoint   ] Safepoint "Cleanup", Time since last: 1001130209 ns, Reaching safepoint: 1111042 ns, Cleanup: 127458 ns, At safepoint: 15333 ns, Total: 1253833 ns
[2025-06-06T20:52:57.488+0000][1300.669s][debug][safepoint   ] Safepoint synchronization initiated using futex wait barrier. (160 threads)
[2025-06-06T20:52:57.490+0000][1300.671s][info ][safepoint   ] Safepoint "Cleanup", Time since last: 17043573717 ns, Reaching safepoint: 1610458 ns, Cleanup: 61417 ns, At safepoint: 10000 ns, Total: 1681875 ns
[2025-06-06T20:52:59.494+0000][1302.674s][debug][safepoint   ] Safepoint synchronization initiated using futex wait barrier. (160 threads)
[2025-06-06T20:52:59.495+0000][1302.676s][info ][safepoint   ] Safepoint "Cleanup", Time since last: 2003553751 ns, Reaching safepoint: 1693417 ns, Cleanup: 70750 ns, At safepoint: 11708 ns, Total: 1775875 ns
[2025-06-06T20:53:39.430+0000][1342.610s][debug][safepoint   ] Safepoint synchronization initiated using futex wait barrier. (160 threads)
[2025-06-06T20:53:39.431+0000][1342.611s][info ][safepoint   ] Safepoint "Cleanup", Time since last: 39934261601 ns, Reaching safepoint: 1118417 ns, Cleanup: 72458 ns, At safepoint: 16042 ns, Total: 1206917 ns
[2025-06-06T20:53:54.746+0000][1357.926s][debug][safepoint   ] Safepoint synchronization initiated using futex wait barrier. (160 threads)
[2025-06-06T20:53:54.747+0000][1357.927s][info ][gc,start    ] GC(80) Pause Young (Normal) (G1 Evacuation Pause)
[2025-06-06T20:53:54.747+0000][1357.927s][info ][gc,task     ] GC(80) Using 2 workers of 2 for evacuation
[2025-06-06T20:53:54.777+0000][1357.957s][info ][gc,phases   ] GC(80)   Pre Evacuate Collection Set: 0.4ms
[2025-06-06T20:53:54.778+0000][1357.958s][info ][gc,phases   ] GC(80)   Merge Heap Roots: 0.3ms
[2025-06-06T20:53:54.778+0000][1357.958s][info ][gc,phases   ] GC(80)   Evacuate Collection Set: 27.0ms
[2025-06-06T20:53:54.778+0000][1357.958s][info ][gc,phases   ] GC(80)   Post Evacuate Collection Set: 2.0ms
[2025-06-06T20:53:54.778+0000][1357.958s][info ][gc,phases   ] GC(80)   Other: 0.9ms
[2025-06-06T20:53:54.778+0000][1357.958s][info ][gc,heap     ] GC(80) Eden regions: 301->0(303)
[2025-06-06T20:53:54.778+0000][1357.958s][info ][gc,heap     ] GC(80) Survivor regions: 17->16(40)
[2025-06-06T20:53:54.778+0000][1357.958s][info ][gc,heap     ] GC(80) Old regions: 147->147
[2025-06-06T20:53:54.778+0000][1357.958s][info ][gc,heap     ] GC(80) Archive regions: 2->2
[2025-06-06T20:53:54.778+0000][1357.958s][info ][gc,heap     ] GC(80) Humongous regions: 0->0
[2025-06-06T20:53:54.778+0000][1357.958s][info ][gc,metaspace] GC(80) Metaspace: 172095K(173440K)->172095K(173440K) NonClass: 150773K(151488K)->150773K(151488K) Class: 21322K(21952K)->21322K(21952K)
[2025-06-06T20:53:54.779+0000][1357.958s][info ][gc          ] GC(80) Pause Young (Normal) (G1 Evacuation Pause) 465M->162M(538M) 31.372ms
[2025-06-06T20:53:54.779+0000][1357.959s][info ][gc,cpu      ] GC(80) User=0.06s Sys=0.00s Real=0.04s
[2025-06-06T20:53:54.779+0000][1357.959s][info ][safepoint   ] Safepoint "G1CollectForAllocation", Time since last: 15313877132 ns, Reaching safepoint: 1613625 ns, Cleanup: 23625 ns, At safepoint: 32060250 ns, Total: 33697500 ns
[2025-06-06T20:53:55.785+0000][1358.965s][debug][safepoint   ] Safepoint synchronization initiated using futex wait barrier. (160 threads)
[2025-06-06T20:53:55.786+0000][1358.966s][info ][safepoint   ] Safepoint "Cleanup", Time since last: 1006384084 ns, Reaching safepoint: 915625 ns, Cleanup: 101333 ns, At safepoint: 10625 ns, Total: 1027583 ns
[2025-06-06T20:54:06.801+0000][1369.995s][debug][safepoint   ] Safepoint synchronization initiated using futex wait barrier. (160 threads)
[2025-06-06T20:54:06.802+0000][1369.996s][info ][safepoint   ] Safepoint "Cleanup", Time since last: 11028660213 ns, Reaching safepoint: 1079250 ns, Cleanup: 50333 ns, At safepoint: 13250 ns, Total: 1142833 ns
[2025-06-06T20:54:07.804+0000][1370.998s][debug][safepoint   ] Safepoint synchronization initiated using futex wait barrier. (160 threads)
[2025-06-06T20:54:07.805+0000][1370.999s][info ][safepoint   ] Safepoint "Cleanup", Time since last: 1001559959 ns, Reaching safepoint: 889625 ns, Cleanup: 47459 ns, At safepoint: 12416 ns, Total: 949500 ns
[2025-06-06T20:54:24.523+0000][1387.717s][debug][safepoint   ] Safepoint synchronization initiated using futex wait barrier. (160 threads)
[2025-06-06T20:54:24.525+0000][1387.719s][info ][safepoint   ] Safepoint "Cleanup", Time since last: 16718302633 ns, Reaching safepoint: 1534250 ns, Cleanup: 84459 ns, At safepoint: 15333 ns, Total: 1634042 ns
[2025-06-06T20:54:39.546+0000][1402.752s][debug][safepoint   ] Safepoint synchronization initiated using futex wait barrier. (160 threads)
[2025-06-06T20:54:39.548+0000][1402.753s][info ][safepoint   ] Safepoint "Cleanup", Time since last: 15033526923 ns, Reaching safepoint: 1151541 ns, Cleanup: 80459 ns, At safepoint: 18416 ns, Total: 1250416 ns
[2025-06-06T20:54:52.584+0000][1415.790s][debug][safepoint   ] Safepoint synchronization initiated using futex wait barrier. (160 threads)
[2025-06-06T20:54:52.586+0000][1415.791s][info ][safepoint   ] Safepoint "Cleanup", Time since last: 13036601048 ns, Reaching safepoint: 1124750 ns, Cleanup: 115792 ns, At safepoint: 18125 ns, Total: 1258667 ns
[2025-06-06T20:55:01.604+0000][1424.810s][debug][safepoint   ] Safepoint synchronization initiated using futex wait barrier. (160 threads)
[2025-06-06T20:55:01.605+0000][1424.811s][info ][safepoint   ] Safepoint "Cleanup", Time since last: 9018372004 ns, Reaching safepoint: 1189750 ns, Cleanup: 63917 ns, At safepoint: 12792 ns, Total: 1266459 ns
[2025-06-06T20:55:39.601+0000][1462.808s][debug][safepoint   ] Safepoint synchronization initiated using futex wait barrier. (160 threads)
[2025-06-06T20:55:39.605+0000][1462.812s][info ][safepoint   ] Safepoint "Cleanup", Time since last: 37997252891 ns, Reaching safepoint: 4171584 ns, Cleanup: 83291 ns, At safepoint: 26709 ns, Total: 4281584 ns
[2025-06-06T20:56:02.669+0000][1485.877s][debug][safepoint   ] Safepoint synchronization initiated using futex wait barrier. (160 threads)
[2025-06-06T20:56:02.672+0000][1485.879s][info ][safepoint   ] Safepoint "Cleanup", Time since last: 23064251177 ns, Reaching safepoint: 2466792 ns, Cleanup: 104042 ns, At safepoint: 31333 ns, Total: 2602167 ns
[2025-06-06T20:56:07.677+0000][1490.885s][debug][safepoint   ] Safepoint synchronization initiated using futex wait barrier. (160 threads)
[2025-06-06T20:56:07.678+0000][1490.886s][info ][safepoint   ] Safepoint "Cleanup", Time since last: 5005529293 ns, Reaching safepoint: 1027875 ns, Cleanup: 68833 ns, At safepoint: 12625 ns, Total: 1109333 ns
[2025-06-06T20:56:36.717+0000][1519.928s][debug][safepoint   ] Safepoint synchronization initiated using futex wait barrier. (160 threads)
[2025-06-06T20:56:36.718+0000][1519.929s][info ][safepoint   ] Safepoint "Cleanup", Time since last: 29042351431 ns, Reaching safepoint: 427000 ns, Cleanup: 44208 ns, At safepoint: 6750 ns, Total: 477958 ns
[2025-06-06T20:57:03.755+0000][1546.966s][debug][safepoint   ] Safepoint synchronization initiated using futex wait barrier. (160 threads)
[2025-06-06T20:57:03.758+0000][1546.969s][info ][safepoint   ] Safepoint "Cleanup", Time since last: 27037700346 ns, Reaching safepoint: 2184292 ns, Cleanup: 137250 ns, At safepoint: 15750 ns, Total: 2337292 ns
[2025-06-06T20:57:17.729+0000][1560.936s][debug][safepoint   ] Safepoint synchronization initiated using futex wait barrier. (160 threads)
[2025-06-06T20:57:17.730+0000][1560.938s][info ][safepoint   ] Safepoint "ICBufferFull", Time since last: 13967544756 ns, Reaching safepoint: 1150833 ns, Cleanup: 157292 ns, At safepoint: 2625 ns, Total: 1310750 ns
[2025-06-06T20:57:18.751+0000][1561.959s][debug][safepoint   ] Safepoint synchronization initiated using futex wait barrier. (163 threads)
[2025-06-06T20:57:18.753+0000][1561.961s][info ][safepoint   ] Safepoint "Cleanup", Time since last: 1021123125 ns, Reaching safepoint: 1354917 ns, Cleanup: 444708 ns, At safepoint: 15625 ns, Total: 1815250 ns
[2025-06-06T20:57:20.436+0000][1563.643s][debug][safepoint   ] Safepoint synchronization initiated using futex wait barrier. (163 threads)
[2025-06-06T20:57:20.436+0000][1563.644s][info ][safepoint   ] Safepoint "ICBufferFull", Time since last: 1682822335 ns, Reaching safepoint: 220000 ns, Cleanup: 108208 ns, At safepoint: 15667 ns, Total: 343875 ns
[2025-06-06T20:57:20.674+0000][1563.881s][debug][safepoint   ] Safepoint synchronization initiated using futex wait barrier. (164 threads)
[2025-06-06T20:57:20.674+0000][1563.882s][info ][gc,start    ] GC(81) Pause Young (Normal) (G1 Evacuation Pause)
[2025-06-06T20:57:20.674+0000][1563.882s][info ][gc,task     ] GC(81) Using 2 workers of 2 for evacuation
[2025-06-06T20:57:20.694+0000][1563.902s][info ][gc,phases   ] GC(81)   Pre Evacuate Collection Set: 0.1ms
[2025-06-06T20:57:20.694+0000][1563.902s][info ][gc,phases   ] GC(81)   Merge Heap Roots: 0.1ms
[2025-06-06T20:57:20.694+0000][1563.902s][info ][gc,phases   ] GC(81)   Evacuate Collection Set: 16.7ms
[2025-06-06T20:57:20.694+0000][1563.902s][info ][gc,phases   ] GC(81)   Post Evacuate Collection Set: 2.6ms
[2025-06-06T20:57:20.694+0000][1563.902s][info ][gc,phases   ] GC(81)   Other: 0.5ms
[2025-06-06T20:57:20.694+0000][1563.902s][info ][gc,heap     ] GC(81) Eden regions: 303->0(297)
[2025-06-06T20:57:20.694+0000][1563.902s][info ][gc,heap     ] GC(81) Survivor regions: 16->19(40)
[2025-06-06T20:57:20.695+0000][1563.902s][info ][gc,heap     ] GC(81) Old regions: 147->147
[2025-06-06T20:57:20.695+0000][1563.902s][info ][gc,heap     ] GC(81) Archive regions: 2->2
[2025-06-06T20:57:20.695+0000][1563.902s][info ][gc,heap     ] GC(81) Humongous regions: 19->0
[2025-06-06T20:57:20.695+0000][1563.902s][info ][gc,metaspace] GC(81) Metaspace: 173215K(174528K)->173215K(174528K) NonClass: 151760K(152448K)->151760K(152448K) Class: 21454K(22080K)->21454K(22080K)
[2025-06-06T20:57:20.695+0000][1563.903s][info ][gc          ] GC(81) Pause Young (Normal) (G1 Evacuation Pause) 484M->165M(538M) 21.024ms
[2025-06-06T20:57:20.696+0000][1563.903s][info ][gc,cpu      ] GC(81) User=0.03s Sys=0.00s Real=0.02s
[2025-06-06T20:57:20.696+0000][1563.904s][info ][safepoint   ] Safepoint "G1CollectForAllocation", Time since last: 237482416 ns, Reaching safepoint: 190959 ns, Cleanup: 32000 ns, At safepoint: 22058250 ns, Total: 22281209 ns
[2025-06-06T20:57:21.699+0000][1564.907s][debug][safepoint   ] Safepoint synchronization initiated using futex wait barrier. (163 threads)
[2025-06-06T20:57:21.700+0000][1564.907s][info ][safepoint   ] Safepoint "Cleanup", Time since last: 1003322167 ns, Reaching safepoint: 318958 ns, Cleanup: 231292 ns, At safepoint: 7708 ns, Total: 557958 ns
[2025-06-06T20:57:22.295+0000][1565.502s][debug][safepoint   ] Safepoint synchronization initiated using futex wait barrier. (163 threads)
[2025-06-06T20:57:22.295+0000][1565.503s][info ][safepoint   ] Safepoint "ICBufferFull", Time since last: 595077709 ns, Reaching safepoint: 143500 ns, Cleanup: 84541 ns, At safepoint: 2000 ns, Total: 230041 ns
[2025-06-06T20:57:22.295+0000][1565.503s][debug][safepoint   ] Safepoint synchronization initiated using futex wait barrier. (163 threads)
[2025-06-06T20:57:22.296+0000][1565.503s][info ][safepoint   ] Safepoint "ICBufferFull", Time since last: 86417 ns, Reaching safepoint: 510667 ns, Cleanup: 5166 ns, At safepoint: 38125 ns, Total: 553958 ns
[2025-06-06T20:57:22.305+0000][1565.513s][debug][safepoint   ] Safepoint synchronization initiated using futex wait barrier. (163 threads)
[2025-06-06T20:57:22.306+0000][1565.513s][info ][safepoint   ] Safepoint "ICBufferFull", Time since last: 9637250 ns, Reaching safepoint: 272459 ns, Cleanup: 174208 ns, At safepoint: 5667 ns, Total: 452334 ns
[2025-06-06T20:57:23.308+0000][1566.516s][debug][safepoint   ] Safepoint synchronization initiated using futex wait barrier. (163 threads)
[2025-06-06T20:57:23.310+0000][1566.518s][info ][safepoint   ] Safepoint "Cleanup", Time since last: 1002401750 ns, Reaching safepoint: 1633625 ns, Cleanup: 342667 ns, At safepoint: 36292 ns, Total: 2012584 ns
[2025-06-06T20:57:34.336+0000][1577.544s][debug][safepoint   ] Safepoint synchronization initiated using futex wait barrier. (163 threads)
[2025-06-06T20:57:34.339+0000][1577.546s][info ][safepoint   ] Safepoint "Cleanup", Time since last: 11025741963 ns, Reaching safepoint: 2542334 ns, Cleanup: 91625 ns, At safepoint: 12458 ns, Total: 2646417 ns
[2025-06-06T20:57:37.345+0000][1580.552s][debug][safepoint   ] Safepoint synchronization initiated using futex wait barrier. (163 threads)
[2025-06-06T20:57:37.346+0000][1580.553s][info ][safepoint   ] Safepoint "Cleanup", Time since last: 3005701501 ns, Reaching safepoint: 1011041 ns, Cleanup: 90834 ns, At safepoint: 15333 ns, Total: 1117208 ns
[2025-06-06T20:57:38.348+0000][1581.555s][debug][safepoint   ] Safepoint synchronization initiated using futex wait barrier. (162 threads)
[2025-06-06T20:57:38.349+0000][1581.557s][info ][safepoint   ] Safepoint "Cleanup", Time since last: 1002086167 ns, Reaching safepoint: 1358083 ns, Cleanup: 75417 ns, At safepoint: 13542 ns, Total: 1447042 ns
[2025-06-06T20:57:39.350+0000][1582.558s][debug][safepoint   ] Safepoint synchronization initiated using futex wait barrier. (162 threads)
[2025-06-06T20:57:39.351+0000][1582.559s][info ][safepoint   ] Safepoint "Cleanup", Time since last: 1000947250 ns, Reaching safepoint: 930084 ns, Cleanup: 80000 ns, At safepoint: 15625 ns, Total: 1025709 ns
[2025-06-06T20:58:04.393+0000][1607.601s][debug][safepoint   ] Safepoint synchronization initiated using futex wait barrier. (162 threads)
[2025-06-06T20:58:04.396+0000][1607.604s][info ][safepoint   ] Safepoint "Cleanup", Time since last: 25042172428 ns, Reaching safepoint: 2822459 ns, Cleanup: 118291 ns, At safepoint: 16250 ns, Total: 2957000 ns
[2025-06-06T20:58:39.879+0000][1643.086s][debug][safepoint   ] Safepoint synchronization initiated using futex wait barrier. (162 threads)
[2025-06-06T20:58:39.883+0000][1643.091s][info ][safepoint   ] Safepoint "Cleanup", Time since last: 35482662516 ns, Reaching safepoint: 3686541 ns, Cleanup: 536709 ns, At safepoint: 15750 ns, Total: 4239000 ns
[2025-06-06T20:59:04.924+0000][1668.131s][debug][safepoint   ] Safepoint synchronization initiated using futex wait barrier. (162 threads)
[2025-06-06T20:59:04.925+0000][1668.132s][info ][safepoint   ] Safepoint "Cleanup", Time since last: 25040639928 ns, Reaching safepoint: 877542 ns, Cleanup: 60666 ns, At safepoint: 9375 ns, Total: 947583 ns
[2025-06-06T20:59:05.926+0000][1669.134s][debug][safepoint   ] Safepoint synchronization initiated using futex wait barrier. (162 threads)
[2025-06-06T20:59:05.928+0000][1669.135s][info ][safepoint   ] Safepoint "Cleanup", Time since last: 1001475500 ns, Reaching safepoint: 1067792 ns, Cleanup: 90791 ns, At safepoint: 10709 ns, Total: 1169292 ns
[2025-06-06T20:59:22.956+0000][1686.164s][debug][safepoint   ] Safepoint synchronization initiated using futex wait barrier. (162 threads)
[2025-06-06T20:59:22.959+0000][1686.166s][info ][safepoint   ] Safepoint "Cleanup", Time since last: 17028860466 ns, Reaching safepoint: 2362167 ns, Cleanup: 70916 ns, At safepoint: 12750 ns, Total: 2445833 ns
[2025-06-06T21:00:07.032+0000][1730.239s][debug][safepoint   ] Safepoint synchronization initiated using futex wait barrier. (163 threads)
[2025-06-06T21:00:07.033+0000][1730.241s][info ][safepoint   ] Safepoint "Cleanup", Time since last: 44073324187 ns, Reaching safepoint: 1376458 ns, Cleanup: 101208 ns, At safepoint: 28334 ns, Total: 1506000 ns
[2025-06-06T21:00:40.111+0000][1763.317s][debug][safepoint   ] Safepoint synchronization initiated using futex wait barrier. (163 threads)
[2025-06-06T21:00:40.112+0000][1763.319s][info ][safepoint   ] Safepoint "Cleanup", Time since last: 33076275931 ns, Reaching safepoint: 1428875 ns, Cleanup: 55959 ns, At safepoint: 10000 ns, Total: 1494834 ns
[2025-06-06T21:00:42.115+0000][1765.322s][debug][safepoint   ] Safepoint synchronization initiated using futex wait barrier. (165 threads)
[2025-06-06T21:00:42.116+0000][1765.323s][info ][safepoint   ] Safepoint "Cleanup", Time since last: 2002908709 ns, Reaching safepoint: 805958 ns, Cleanup: 59959 ns, At safepoint: 8875 ns, Total: 874792 ns
[2025-06-06T21:00:43.150+0000][1766.357s][debug][safepoint   ] Safepoint synchronization initiated using futex wait barrier. (165 threads)
[2025-06-06T21:00:43.151+0000][1766.358s][info ][gc,start    ] GC(82) Pause Young (Normal) (G1 Evacuation Pause)
[2025-06-06T21:00:43.151+0000][1766.358s][info ][gc,task     ] GC(82) Using 2 workers of 2 for evacuation
[2025-06-06T21:00:43.182+0000][1766.388s][info ][gc,phases   ] GC(82)   Pre Evacuate Collection Set: 0.3ms
[2025-06-06T21:00:43.182+0000][1766.389s][info ][gc,phases   ] GC(82)   Merge Heap Roots: 0.4ms
[2025-06-06T21:00:43.182+0000][1766.389s][info ][gc,phases   ] GC(82)   Evacuate Collection Set: 27.9ms
[2025-06-06T21:00:43.182+0000][1766.389s][info ][gc,phases   ] GC(82)   Post Evacuate Collection Set: 1.8ms
[2025-06-06T21:00:43.182+0000][1766.389s][info ][gc,phases   ] GC(82)   Other: 0.5ms
[2025-06-06T21:00:43.182+0000][1766.389s][info ][gc,heap     ] GC(82) Eden regions: 297->0(297)
[2025-06-06T21:00:43.182+0000][1766.389s][info ][gc,heap     ] GC(82) Survivor regions: 19->19(40)
[2025-06-06T21:00:43.182+0000][1766.389s][info ][gc,heap     ] GC(82) Old regions: 147->147
[2025-06-06T21:00:43.182+0000][1766.389s][info ][gc,heap     ] GC(82) Archive regions: 2->2
[2025-06-06T21:00:43.183+0000][1766.389s][info ][gc,heap     ] GC(82) Humongous regions: 1->0
[2025-06-06T21:00:43.183+0000][1766.389s][info ][gc,metaspace] GC(82) Metaspace: 173727K(175104K)->173727K(175104K) NonClass: 152247K(152960K)->152247K(152960K) Class: 21479K(22144K)->21479K(22144K)
[2025-06-06T21:00:43.183+0000][1766.389s][info ][gc          ] GC(82) Pause Young (Normal) (G1 Evacuation Pause) 463M->166M(538M) 31.786ms
[2025-06-06T21:00:43.183+0000][1766.390s][info ][gc,cpu      ] GC(82) User=0.06s Sys=0.00s Real=0.04s
[2025-06-06T21:00:43.183+0000][1766.390s][info ][safepoint   ] Safepoint "G1CollectForAllocation", Time since last: 1034484583 ns, Reaching safepoint: 573084 ns, Cleanup: 7750 ns, At safepoint: 32367333 ns, Total: 32948167 ns
[2025-06-06T21:00:51.191+0000][1774.398s][debug][safepoint   ] Safepoint synchronization initiated using futex wait barrier. (165 threads)
[2025-06-06T21:00:51.193+0000][1774.400s][info ][safepoint   ] Safepoint "Cleanup", Time since last: 8007982796 ns, Reaching safepoint: 1954458 ns, Cleanup: 66958 ns, At safepoint: 27584 ns, Total: 2049000 ns
[2025-06-06T21:01:07.213+0000][1790.420s][debug][safepoint   ] Safepoint synchronization initiated using futex wait barrier. (165 threads)
[2025-06-06T21:01:07.214+0000][1790.420s][info ][safepoint   ] Safepoint "Cleanup", Time since last: 16019803424 ns, Reaching safepoint: 432500 ns, Cleanup: 31500 ns, At safepoint: 6333 ns, Total: 470333 ns
[2025-06-06T21:01:08.215+0000][1791.422s][debug][safepoint   ] Safepoint synchronization initiated using futex wait barrier. (165 threads)
[2025-06-06T21:01:08.217+0000][1791.423s][info ][safepoint   ] Safepoint "Cleanup", Time since last: 1001485917 ns, Reaching safepoint: 1447500 ns, Cleanup: 103750 ns, At safepoint: 28292 ns, Total: 1579542 ns
[2025-06-06T21:01:35.989+0000][1819.195s][debug][safepoint   ] Safepoint synchronization initiated using futex wait barrier. (162 threads)
[2025-06-06T21:01:35.992+0000][1819.199s][info ][safepoint   ] Safepoint "Cleanup", Time since last: 27771765721 ns, Reaching safepoint: 3323542 ns, Cleanup: 59458 ns, At safepoint: 23500 ns, Total: 3406500 ns
[2025-06-06T21:01:37.463+0000][1820.670s][debug][safepoint   ] Safepoint synchronization initiated using futex wait barrier. (162 threads)
[2025-06-06T21:01:37.465+0000][1820.671s][info ][safepoint   ] Safepoint "Cleanup", Time since last: 1471402126 ns, Reaching safepoint: 1113125 ns, Cleanup: 79833 ns, At safepoint: 12417 ns, Total: 1205375 ns
[2025-06-06T21:01:38.468+0000][1821.675s][debug][safepoint   ] Safepoint synchronization initiated using futex wait barrier. (161 threads)
[2025-06-06T21:01:38.470+0000][1821.676s][info ][safepoint   ] Safepoint "Cleanup", Time since last: 1003709250 ns, Reaching safepoint: 1359667 ns, Cleanup: 106541 ns, At safepoint: 11959 ns, Total: 1478167 ns
[2025-06-06T21:01:39.472+0000][1822.678s][debug][safepoint   ] Safepoint synchronization initiated using futex wait barrier. (161 threads)
[2025-06-06T21:01:39.473+0000][1822.680s][info ][safepoint   ] Safepoint "Cleanup", Time since last: 1001888917 ns, Reaching safepoint: 1664542 ns, Cleanup: 89666 ns, At safepoint: 9667 ns, Total: 1763875 ns
[2025-06-06T21:02:10.544+0000][1853.751s][debug][safepoint   ] Safepoint synchronization initiated using futex wait barrier. (161 threads)
[2025-06-06T21:02:10.547+0000][1853.754s][info ][safepoint   ] Safepoint "Cleanup", Time since last: 31071149389 ns, Reaching safepoint: 2847292 ns, Cleanup: 77916 ns, At safepoint: 16125 ns, Total: 2941333 ns
[2025-06-06T21:02:39.612+0000][1882.818s][debug][safepoint   ] Safepoint synchronization initiated using futex wait barrier. (162 threads)
[2025-06-06T21:02:39.613+0000][1882.819s][info ][safepoint   ] Safepoint "Cleanup", Time since last: 29064065513 ns, Reaching safepoint: 1004084 ns, Cleanup: 49875 ns, At safepoint: 19791 ns, Total: 1073750 ns
[2025-06-06T21:03:39.244+0000][1942.450s][debug][safepoint   ] Safepoint synchronization initiated using futex wait barrier. (162 threads)
[2025-06-06T21:03:39.245+0000][1942.452s][info ][safepoint   ] Safepoint "Cleanup", Time since last: 59631212111 ns, Reaching safepoint: 1195250 ns, Cleanup: 131625 ns, At safepoint: 19667 ns, Total: 1346542 ns
[2025-06-06T21:03:40.251+0000][1943.457s][debug][safepoint   ] Safepoint synchronization initiated using futex wait barrier. (162 threads)
[2025-06-06T21:03:40.251+0000][1943.457s][info ][safepoint   ] Safepoint "Cleanup", Time since last: 1005223083 ns, Reaching safepoint: 454125 ns, Cleanup: 35292 ns, At safepoint: 10083 ns, Total: 499500 ns
[2025-06-06T21:04:10.321+0000][1973.527s][debug][safepoint   ] Safepoint synchronization initiated using futex wait barrier. (162 threads)
[2025-06-06T21:04:10.322+0000][1973.529s][info ][safepoint   ] Safepoint "Cleanup", Time since last: 30069954723 ns, Reaching safepoint: 1109500 ns, Cleanup: 72208 ns, At safepoint: 14708 ns, Total: 1196416 ns
[2025-06-06T21:04:40.292+0000][2003.498s][debug][safepoint   ] Safepoint synchronization initiated using futex wait barrier. (161 threads)
[2025-06-06T21:04:40.293+0000][2003.499s][info ][safepoint   ] Safepoint "Cleanup", Time since last: 29969024931 ns, Reaching safepoint: 1059792 ns, Cleanup: 67916 ns, At safepoint: 42292 ns, Total: 1170000 ns
[2025-06-06T21:05:10.388+0000][2033.593s][debug][safepoint   ] Safepoint synchronization initiated using futex wait barrier. (161 threads)
[2025-06-06T21:05:10.389+0000][2033.594s][info ][safepoint   ] Safepoint "Cleanup", Time since last: 30094450055 ns, Reaching safepoint: 1066500 ns, Cleanup: 61833 ns, At safepoint: 14834 ns, Total: 1143167 ns
[2025-06-06T21:05:11.393+0000][2034.598s][debug][safepoint   ] Safepoint synchronization initiated using futex wait barrier. (161 threads)
[2025-06-06T21:05:11.394+0000][2034.599s][info ][safepoint   ] Safepoint "Cleanup", Time since last: 1003942584 ns, Reaching safepoint: 1014416 ns, Cleanup: 69292 ns, At safepoint: 17708 ns, Total: 1101416 ns
[2025-06-06T21:05:13.447+0000][2036.653s][debug][safepoint   ] Safepoint synchronization initiated using futex wait barrier. (161 threads)
[2025-06-06T21:05:13.449+0000][2036.654s][info ][gc,start    ] GC(83) Pause Young (Normal) (G1 Evacuation Pause)
[2025-06-06T21:05:13.449+0000][2036.654s][info ][gc,task     ] GC(83) Using 2 workers of 2 for evacuation
[2025-06-06T21:05:13.484+0000][2036.690s][info ][gc,phases   ] GC(83)   Pre Evacuate Collection Set: 0.5ms
[2025-06-06T21:05:13.484+0000][2036.690s][info ][gc,phases   ] GC(83)   Merge Heap Roots: 0.5ms
[2025-06-06T21:05:13.485+0000][2036.690s][info ][gc,phases   ] GC(83)   Evacuate Collection Set: 32.4ms
[2025-06-06T21:05:13.485+0000][2036.690s][info ][gc,phases   ] GC(83)   Post Evacuate Collection Set: 1.6ms
[2025-06-06T21:05:13.485+0000][2036.690s][info ][gc,phases   ] GC(83)   Other: 0.7ms
[2025-06-06T21:05:13.485+0000][2036.690s][info ][gc,heap     ] GC(83) Eden regions: 297->0(295)
[2025-06-06T21:05:13.485+0000][2036.690s][info ][gc,heap     ] GC(83) Survivor regions: 19->20(40)
[2025-06-06T21:05:13.485+0000][2036.691s][info ][gc,heap     ] GC(83) Old regions: 147->147
[2025-06-06T21:05:13.485+0000][2036.691s][info ][gc,heap     ] GC(83) Archive regions: 2->2
[2025-06-06T21:05:13.485+0000][2036.691s][info ][gc,heap     ] GC(83) Humongous regions: 0->0
[2025-06-06T21:05:13.485+0000][2036.691s][info ][gc,metaspace] GC(83) Metaspace: 173807K(175168K)->173807K(175168K) NonClass: 152327K(153024K)->152327K(153024K) Class: 21479K(22144K)->21479K(22144K)
[2025-06-06T21:05:13.485+0000][2036.691s][info ][gc          ] GC(83) Pause Young (Normal) (G1 Evacuation Pause) 463M->167M(538M) 36.439ms
[2025-06-06T21:05:13.485+0000][2036.691s][info ][gc,cpu      ] GC(83) User=0.07s Sys=0.00s Real=0.04s
[2025-06-06T21:05:13.485+0000][2036.691s][info ][safepoint   ] Safepoint "G1CollectForAllocation", Time since last: 2053351501 ns, Reaching safepoint: 1267125 ns, Cleanup: 21917 ns, At safepoint: 37052250 ns, Total: 38341292 ns
[2025-06-06T21:05:14.488+0000][2037.693s][debug][safepoint   ] Safepoint synchronization initiated using futex wait barrier. (161 threads)
[2025-06-06T21:05:14.489+0000][2037.694s][info ][safepoint   ] Safepoint "Cleanup", Time since last: 1002126125 ns, Reaching safepoint: 1092417 ns, Cleanup: 104083 ns, At safepoint: 12584 ns, Total: 1209084 ns
[2025-06-06T21:05:37.546+0000][2060.752s][debug][safepoint   ] Safepoint synchronization initiated using futex wait barrier. (161 threads)
[2025-06-06T21:05:37.548+0000][2060.754s][info ][safepoint   ] Safepoint "Cleanup", Time since last: 23057532510 ns, Reaching safepoint: 1746375 ns, Cleanup: 49541 ns, At safepoint: 15417 ns, Total: 1811333 ns
[2025-06-06T21:06:02.595+0000][2085.801s][debug][safepoint   ] Safepoint synchronization initiated using futex wait barrier. (161 threads)
[2025-06-06T21:06:02.596+0000][2085.802s][info ][safepoint   ] Safepoint "Cleanup", Time since last: 25046946262 ns, Reaching safepoint: 1388208 ns, Cleanup: 44542 ns, At safepoint: 73000 ns, Total: 1505750 ns
[2025-06-06T21:06:04.603+0000][2087.809s][debug][safepoint   ] Safepoint synchronization initiated using futex wait barrier. (161 threads)
[2025-06-06T21:06:04.604+0000][2087.810s][info ][safepoint   ] Safepoint "Cleanup", Time since last: 2006610626 ns, Reaching safepoint: 1090458 ns, Cleanup: 76625 ns, At safepoint: 15709 ns, Total: 1182792 ns
[2025-06-06T21:06:15.635+0000][2098.841s][debug][safepoint   ] Safepoint synchronization initiated using futex wait barrier. (162 threads)
[2025-06-06T21:06:15.636+0000][2098.842s][info ][safepoint   ] Safepoint "Cleanup", Time since last: 11031224171 ns, Reaching safepoint: 805625 ns, Cleanup: 105666 ns, At safepoint: 37000 ns, Total: 948291 ns
[2025-06-06T21:06:39.720+0000][2122.926s][debug][safepoint   ] Safepoint synchronization initiated using futex wait barrier. (162 threads)
[2025-06-06T21:06:39.721+0000][2122.927s][info ][safepoint   ] Safepoint "Cleanup", Time since last: 24083506970 ns, Reaching safepoint: 892208 ns, Cleanup: 56208 ns, At safepoint: 9125 ns, Total: 957541 ns
[2025-06-06T21:06:54.756+0000][2137.961s][debug][safepoint   ] Safepoint synchronization initiated using futex wait barrier. (162 threads)
[2025-06-06T21:06:54.756+0000][2137.962s][info ][safepoint   ] Safepoint "Cleanup", Time since last: 15034663883 ns, Reaching safepoint: 567166 ns, Cleanup: 29167 ns, At safepoint: 10083 ns, Total: 606416 ns
[2025-06-06T21:07:13.802+0000][2157.008s][debug][safepoint   ] Safepoint synchronization initiated using futex wait barrier. (162 threads)
[2025-06-06T21:07:13.803+0000][2157.009s][info ][safepoint   ] Safepoint "Cleanup", Time since last: 19045583092 ns, Reaching safepoint: 1174000 ns, Cleanup: 146458 ns, At safepoint: 14000 ns, Total: 1334458 ns
[2025-06-06T21:09:45.040+0000][2308.245s][debug][safepoint   ] Safepoint synchronization initiated using futex wait barrier. (162 threads)
[2025-06-06T21:09:45.040+0000][2308.246s][info ][gc,start    ] GC(84) Pause Young (Normal) (G1 Evacuation Pause)
[2025-06-06T21:09:45.040+0000][2308.246s][info ][gc,task     ] GC(84) Using 2 workers of 2 for evacuation
[2025-06-06T21:09:45.060+0000][2308.265s][info ][gc,phases   ] GC(84)   Pre Evacuate Collection Set: 0.2ms
[2025-06-06T21:09:45.060+0000][2308.266s][info ][gc,phases   ] GC(84)   Merge Heap Roots: 0.3ms
[2025-06-06T21:09:45.060+0000][2308.266s][info ][gc,phases   ] GC(84)   Evacuate Collection Set: 17.3ms
[2025-06-06T21:09:45.060+0000][2308.266s][info ][gc,phases   ] GC(84)   Post Evacuate Collection Set: 1.4ms
[2025-06-06T21:09:45.060+0000][2308.266s][info ][gc,phases   ] GC(84)   Other: 0.5ms
[2025-06-06T21:09:45.060+0000][2308.266s][info ][gc,heap     ] GC(84) Eden regions: 295->0(303)
[2025-06-06T21:09:45.060+0000][2308.266s][info ][gc,heap     ] GC(84) Survivor regions: 20->12(40)
[2025-06-06T21:09:45.061+0000][2308.266s][info ][gc,heap     ] GC(84) Old regions: 147->155
[2025-06-06T21:09:45.061+0000][2308.266s][info ][gc,heap     ] GC(84) Archive regions: 2->2
[2025-06-06T21:09:45.061+0000][2308.266s][info ][gc,heap     ] GC(84) Humongous regions: 0->0
[2025-06-06T21:09:45.061+0000][2308.266s][info ][gc,metaspace] GC(84) Metaspace: 173849K(175168K)->173849K(175168K) NonClass: 152368K(153024K)->152368K(153024K) Class: 21480K(22144K)->21480K(22144K)
[2025-06-06T21:09:45.061+0000][2308.266s][info ][gc          ] GC(84) Pause Young (Normal) (G1 Evacuation Pause) 462M->167M(538M) 20.443ms
[2025-06-06T21:09:45.061+0000][2308.266s][info ][gc,cpu      ] GC(84) User=0.03s Sys=0.00s Real=0.02s
[2025-06-06T21:09:45.061+0000][2308.266s][info ][safepoint   ] Safepoint "G1CollectForAllocation", Time since last: 151236264527 ns, Reaching safepoint: 572792 ns, Cleanup: 8375 ns, At safepoint: 20673625 ns, Total: 21254792 ns
[2025-06-06T21:09:46.063+0000][2309.268s][debug][safepoint   ] Safepoint synchronization initiated using futex wait barrier. (162 threads)
[2025-06-06T21:09:46.064+0000][2309.270s][info ][safepoint   ] Safepoint "Cleanup", Time since last: 1001914667 ns, Reaching safepoint: 1101833 ns, Cleanup: 89500 ns, At safepoint: 8792 ns, Total: 1200125 ns
[2025-06-06T21:10:40.167+0000][2363.373s][debug][safepoint   ] Safepoint synchronization initiated using futex wait barrier. (163 threads)
[2025-06-06T21:10:40.168+0000][2363.373s][info ][safepoint   ] Safepoint "Cleanup", Time since last: 54103135482 ns, Reaching safepoint: 260125 ns, Cleanup: 29000 ns, At safepoint: 4208 ns, Total: 293333 ns
[2025-06-06T21:11:40.312+0000][2423.517s][debug][safepoint   ] Safepoint synchronization initiated using futex wait barrier. (162 threads)
[2025-06-06T21:11:40.313+0000][2423.518s][info ][safepoint   ] Safepoint "Cleanup", Time since last: 60144466944 ns, Reaching safepoint: 958042 ns, Cleanup: 78750 ns, At safepoint: 9917 ns, Total: 1046709 ns
[2025-06-06T21:12:18.410+0000][2461.615s][debug][safepoint   ] Safepoint synchronization initiated using futex wait barrier. (162 threads)
[2025-06-06T21:12:18.411+0000][2461.616s][info ][safepoint   ] Safepoint "Cleanup", Time since last: 38096884475 ns, Reaching safepoint: 953917 ns, Cleanup: 59625 ns, At safepoint: 17708 ns, Total: 1031250 ns
[2025-06-06T21:12:19.414+0000][2462.619s][debug][safepoint   ] Safepoint synchronization initiated using futex wait barrier. (162 threads)
[2025-06-06T21:12:19.415+0000][2462.620s][info ][safepoint   ] Safepoint "Cleanup", Time since last: 1002674793 ns, Reaching safepoint: 984291 ns, Cleanup: 78334 ns, At safepoint: 15416 ns, Total: 1078041 ns
[2025-06-06T21:12:40.479+0000][2483.684s][debug][safepoint   ] Safepoint synchronization initiated using futex wait barrier. (163 threads)
[2025-06-06T21:12:40.479+0000][2483.684s][info ][safepoint   ] Safepoint "Cleanup", Time since last: 21063747385 ns, Reaching safepoint: 492125 ns, Cleanup: 49083 ns, At safepoint: 7000 ns, Total: 548208 ns
[2025-06-06T21:13:08.539+0000][2511.744s][debug][safepoint   ] Safepoint synchronization initiated using futex wait barrier. (163 threads)
[2025-06-06T21:13:08.540+0000][2511.745s][info ][safepoint   ] Safepoint "Cleanup", Time since last: 28059190221 ns, Reaching safepoint: 1104292 ns, Cleanup: 72167 ns, At safepoint: 14000 ns, Total: 1190459 ns
[2025-06-06T21:13:19.562+0000][2522.767s][debug][safepoint   ] Safepoint synchronization initiated using futex wait barrier. (163 threads)
[2025-06-06T21:13:19.563+0000][2522.767s][info ][safepoint   ] Safepoint "Cleanup", Time since last: 11021874505 ns, Reaching safepoint: 496083 ns, Cleanup: 67667 ns, At safepoint: 7667 ns, Total: 571417 ns
[2025-06-06T21:13:24.875+0000][2528.079s][debug][safepoint   ] Safepoint synchronization initiated using futex wait barrier. (163 threads)
[2025-06-06T21:13:24.876+0000][2528.080s][info ][safepoint   ] Safepoint "Cleanup", Time since last: 5312169752 ns, Reaching safepoint: 985542 ns, Cleanup: 60125 ns, At safepoint: 15625 ns, Total: 1061292 ns
[2025-06-06T21:13:39.905+0000][2543.110s][debug][safepoint   ] Safepoint synchronization initiated using futex wait barrier. (162 threads)
[2025-06-06T21:13:39.906+0000][2543.111s][info ][safepoint   ] Safepoint "Cleanup", Time since last: 15029657923 ns, Reaching safepoint: 493125 ns, Cleanup: 26208 ns, At safepoint: 7667 ns, Total: 527000 ns
[2025-06-06T21:14:08.992+0000][2572.196s][debug][safepoint   ] Safepoint synchronization initiated using futex wait barrier. (162 threads)
[2025-06-06T21:14:08.993+0000][2572.197s][info ][safepoint   ] Safepoint "Cleanup", Time since last: 29085449638 ns, Reaching safepoint: 1012125 ns, Cleanup: 116542 ns, At safepoint: 12417 ns, Total: 1141084 ns
[2025-06-06T21:14:13.007+0000][2576.211s][debug][safepoint   ] Safepoint synchronization initiated using futex wait barrier. (162 threads)
[2025-06-06T21:14:13.008+0000][2576.213s][info ][safepoint   ] Safepoint "Cleanup", Time since last: 4014031627 ns, Reaching safepoint: 1497000 ns, Cleanup: 73458 ns, At safepoint: 15583 ns, Total: 1586041 ns
[2025-06-06T21:14:20.032+0000][2583.237s][debug][safepoint   ] Safepoint synchronization initiated using futex wait barrier. (162 threads)
[2025-06-06T21:14:20.034+0000][2583.238s][info ][safepoint   ] Safepoint "Cleanup", Time since last: 7024055545 ns, Reaching safepoint: 1064917 ns, Cleanup: 64625 ns, At safepoint: 13875 ns, Total: 1143417 ns
[2025-06-06T21:14:25.186+0000][2588.391s][debug][safepoint   ] Safepoint synchronization initiated using futex wait barrier. (162 threads)
[2025-06-06T21:14:25.187+0000][2588.392s][info ][gc,start    ] GC(85) Pause Young (Normal) (G1 Evacuation Pause)
[2025-06-06T21:14:25.188+0000][2588.392s][info ][gc,task     ] GC(85) Using 2 workers of 2 for evacuation
[2025-06-06T21:14:25.214+0000][2588.418s][info ][gc,phases   ] GC(85)   Pre Evacuate Collection Set: 0.6ms
[2025-06-06T21:14:25.214+0000][2588.418s][info ][gc,phases   ] GC(85)   Merge Heap Roots: 0.4ms
[2025-06-06T21:14:25.214+0000][2588.418s][info ][gc,phases   ] GC(85)   Evacuate Collection Set: 22.5ms
[2025-06-06T21:14:25.214+0000][2588.419s][info ][gc,phases   ] GC(85)   Post Evacuate Collection Set: 2.0ms
[2025-06-06T21:14:25.214+0000][2588.419s][info ][gc,phases   ] GC(85)   Other: 0.7ms
[2025-06-06T21:14:25.214+0000][2588.419s][info ][gc,heap     ] GC(85) Eden regions: 303->0(309)
[2025-06-06T21:14:25.214+0000][2588.419s][info ][gc,heap     ] GC(85) Survivor regions: 12->6(40)
[2025-06-06T21:14:25.214+0000][2588.419s][info ][gc,heap     ] GC(85) Old regions: 155->161
[2025-06-06T21:14:25.214+0000][2588.419s][info ][gc,heap     ] GC(85) Archive regions: 2->2
[2025-06-06T21:14:25.214+0000][2588.419s][info ][gc,heap     ] GC(85) Humongous regions: 0->0
[2025-06-06T21:14:25.215+0000][2588.419s][info ][gc,metaspace] GC(85) Metaspace: 173971K(175360K)->173971K(175360K) NonClass: 152490K(153216K)->152490K(153216K) Class: 21480K(22144K)->21480K(22144K)
[2025-06-06T21:14:25.215+0000][2588.419s][info ][gc          ] GC(85) Pause Young (Normal) (G1 Evacuation Pause) 470M->167M(538M) 27.248ms
[2025-06-06T21:14:25.215+0000][2588.419s][info ][gc,cpu      ] GC(85) User=0.05s Sys=0.00s Real=0.03s
[2025-06-06T21:14:25.215+0000][2588.420s][info ][safepoint   ] Safepoint "G1CollectForAllocation", Time since last: 5152677752 ns, Reaching safepoint: 1063584 ns, Cleanup: 23000 ns, At safepoint: 28061666 ns, Total: 29148250 ns
[2025-06-06T21:14:26.218+0000][2589.422s][debug][safepoint   ] Safepoint synchronization initiated using futex wait barrier. (162 threads)
[2025-06-06T21:14:26.218+0000][2589.423s][info ][safepoint   ] Safepoint "Cleanup", Time since last: 1002261709 ns, Reaching safepoint: 629209 ns, Cleanup: 46500 ns, At safepoint: 11166 ns, Total: 686875 ns
[2025-06-06T21:14:40.253+0000][2603.457s][debug][safepoint   ] Safepoint synchronization initiated using futex wait barrier. (161 threads)
[2025-06-06T21:14:40.254+0000][2603.458s][info ][safepoint   ] Safepoint "Cleanup", Time since last: 14034267632 ns, Reaching safepoint: 1036250 ns, Cleanup: 191666 ns, At safepoint: 15375 ns, Total: 1243291 ns
[2025-06-06T21:14:48.276+0000][2611.480s][debug][safepoint   ] Safepoint synchronization initiated using futex wait barrier. (161 threads)
[2025-06-06T21:14:48.277+0000][2611.481s][info ][safepoint   ] Safepoint "Cleanup", Time since last: 8021701379 ns, Reaching safepoint: 1094542 ns, Cleanup: 123708 ns, At safepoint: 16542 ns, Total: 1234792 ns
[2025-06-06T21:15:22.004+0000][2645.208s][debug][safepoint   ] Safepoint synchronization initiated using futex wait barrier. (161 threads)
[2025-06-06T21:15:22.005+0000][2645.209s][info ][safepoint   ] Safepoint "Cleanup", Time since last: 33727030056 ns, Reaching safepoint: 1055167 ns, Cleanup: 74875 ns, At safepoint: 13292 ns, Total: 1143334 ns
[2025-06-06T21:15:40.039+0000][2663.243s][debug][safepoint   ] Safepoint synchronization initiated using futex wait barrier. (163 threads)
[2025-06-06T21:15:40.039+0000][2663.243s][info ][safepoint   ] Safepoint "Cleanup", Time since last: 18033266216 ns, Reaching safepoint: 550083 ns, Cleanup: 36334 ns, At safepoint: 8250 ns, Total: 594667 ns
[2025-06-06T21:20:02.343+0000][2698.334s][debug][safepoint   ] Safepoint synchronization initiated using futex wait barrier. (162 threads)
[2025-06-06T21:20:02.346+0000][2698.338s][info ][safepoint   ] Safepoint "Cleanup", Time since last: 35090970308 ns, Reaching safepoint: 3493791 ns, Cleanup: 53709 ns, At safepoint: 9625 ns, Total: 3557125 ns
[2025-06-06T21:20:03.348+0000][2699.339s][debug][safepoint   ] Safepoint synchronization initiated using futex wait barrier. (161 threads)
[2025-06-06T21:20:03.350+0000][2699.341s][info ][safepoint   ] Safepoint "Cleanup", Time since last: 1001495292 ns, Reaching safepoint: 1681500 ns, Cleanup: 276083 ns, At safepoint: 14292 ns, Total: 1971875 ns
[2025-06-06T21:20:10.335+0000][2706.326s][debug][safepoint   ] Safepoint synchronization initiated using futex wait barrier. (161 threads)
[2025-06-06T21:20:10.336+0000][2706.327s][info ][safepoint   ] Safepoint "Cleanup", Time since last: 6984746003 ns, Reaching safepoint: 1251125 ns, Cleanup: 52250 ns, At safepoint: 9917 ns, Total: 1313292 ns
[2025-06-06T21:20:27.365+0000][2723.355s][debug][safepoint   ] Safepoint synchronization initiated using futex wait barrier. (161 threads)
[2025-06-06T21:20:27.366+0000][2723.356s][info ][safepoint   ] Safepoint "Cleanup", Time since last: 17027564173 ns, Reaching safepoint: 1123000 ns, Cleanup: 58584 ns, At safepoint: 11625 ns, Total: 1193209 ns
[2025-06-06T21:21:06.432+0000][2762.422s][debug][safepoint   ] Safepoint synchronization initiated using futex wait barrier. (160 threads)
[2025-06-06T21:21:06.433+0000][2762.423s][info ][safepoint   ] Safepoint "Cleanup", Time since last: 39065716976 ns, Reaching safepoint: 859958 ns, Cleanup: 212667 ns, At safepoint: 11792 ns, Total: 1084417 ns
[2025-06-06T21:21:11.382+0000][2767.372s][debug][safepoint   ] Safepoint synchronization initiated using futex wait barrier. (160 threads)
[2025-06-06T21:21:11.383+0000][2767.373s][info ][safepoint   ] Safepoint "Cleanup", Time since last: 4948820752 ns, Reaching safepoint: 1337625 ns, Cleanup: 56375 ns, At safepoint: 16667 ns, Total: 1410667 ns
[2025-06-06T21:21:37.420+0000][2793.410s][debug][safepoint   ] Safepoint synchronization initiated using futex wait barrier. (160 threads)
[2025-06-06T21:21:37.422+0000][2793.412s][info ][safepoint   ] Safepoint "Cleanup", Time since last: 26037132137 ns, Reaching safepoint: 1116916 ns, Cleanup: 72792 ns, At safepoint: 12875 ns, Total: 1202583 ns
[2025-06-06T21:22:53.474+0000][2869.463s][debug][safepoint   ] Safepoint synchronization initiated using futex wait barrier. (160 threads)
[2025-06-06T21:22:53.475+0000][2869.464s][info ][gc,start    ] GC(86) Pause Young (Normal) (G1 Evacuation Pause)
[2025-06-06T21:22:53.476+0000][2869.465s][info ][gc,task     ] GC(86) Using 2 workers of 2 for evacuation
[2025-06-06T21:22:53.489+0000][2869.478s][info ][gc,phases   ] GC(86)   Pre Evacuate Collection Set: 0.6ms
[2025-06-06T21:22:53.489+0000][2869.478s][info ][gc,phases   ] GC(86)   Merge Heap Roots: 0.2ms
[2025-06-06T21:22:53.489+0000][2869.478s][info ][gc,phases   ] GC(86)   Evacuate Collection Set: 10.6ms
[2025-06-06T21:22:53.489+0000][2869.478s][info ][gc,phases   ] GC(86)   Post Evacuate Collection Set: 1.5ms
[2025-06-06T21:22:53.489+0000][2869.478s][info ][gc,phases   ] GC(86)   Other: 0.8ms
[2025-06-06T21:22:53.489+0000][2869.478s][info ][gc,heap     ] GC(86) Eden regions: 309->0(309)
[2025-06-06T21:22:53.489+0000][2869.478s][info ][gc,heap     ] GC(86) Survivor regions: 6->5(40)
[2025-06-06T21:22:53.489+0000][2869.478s][info ][gc,heap     ] GC(86) Old regions: 161->163
[2025-06-06T21:22:53.490+0000][2869.479s][info ][gc,heap     ] GC(86) Archive regions: 2->2
[2025-06-06T21:22:53.490+0000][2869.479s][info ][gc,heap     ] GC(86) Humongous regions: 0->0
[2025-06-06T21:22:53.490+0000][2869.479s][info ][gc,metaspace] GC(86) Metaspace: 174015K(175360K)->174015K(175360K) NonClass: 152533K(153216K)->152533K(153216K) Class: 21482K(22144K)->21482K(22144K)
[2025-06-06T21:22:53.490+0000][2869.479s][info ][gc          ] GC(86) Pause Young (Normal) (G1 Evacuation Pause) 476M->167M(538M) 14.219ms
[2025-06-06T21:22:53.490+0000][2869.479s][info ][gc,cpu      ] GC(86) User=0.03s Sys=0.00s Real=0.02s
[2025-06-06T21:22:53.490+0000][2869.479s][info ][safepoint   ] Safepoint "G1CollectForAllocation", Time since last: 76051300284 ns, Reaching safepoint: 1522417 ns, Cleanup: 10625 ns, At safepoint: 14551542 ns, Total: 16084584 ns
[2025-06-06T21:23:12.680+0000][2888.669s][debug][safepoint   ] Safepoint synchronization initiated using futex wait barrier. (160 threads)
[2025-06-06T21:23:12.681+0000][2888.670s][info ][safepoint   ] Safepoint "Cleanup", Time since last: 19190057092 ns, Reaching safepoint: 721000 ns, Cleanup: 28500 ns, At safepoint: 3917 ns, Total: 753417 ns
[2025-06-06T21:23:27.704+0000][2903.694s][debug][safepoint   ] Safepoint synchronization initiated using futex wait barrier. (160 threads)
[2025-06-06T21:23:27.707+0000][2903.696s][info ][safepoint   ] Safepoint "Cleanup", Time since last: 15023802257 ns, Reaching safepoint: 2320375 ns, Cleanup: 62625 ns, At safepoint: 13708 ns, Total: 2396708 ns
[2025-06-06T21:24:13.784+0000][2949.773s][debug][safepoint   ] Safepoint synchronization initiated using futex wait barrier. (160 threads)
[2025-06-06T21:24:13.786+0000][2949.775s][info ][safepoint   ] Safepoint "Cleanup", Time since last: 46076771105 ns, Reaching safepoint: 1982625 ns, Cleanup: 109833 ns, At safepoint: 8708 ns, Total: 2101166 ns
[2025-06-06T21:24:39.829+0000][2975.819s][debug][safepoint   ] Safepoint synchronization initiated using futex wait barrier. (160 threads)
[2025-06-06T21:24:39.832+0000][2975.821s][info ][safepoint   ] Safepoint "Cleanup", Time since last: 26044170887 ns, Reaching safepoint: 2432542 ns, Cleanup: 31458 ns, At safepoint: 14792 ns, Total: 2478792 ns
[2025-06-06T21:24:49.856+0000][2985.845s][debug][safepoint   ] Safepoint synchronization initiated using futex wait barrier. (160 threads)
[2025-06-06T21:24:49.858+0000][2985.848s][info ][safepoint   ] Safepoint "Cleanup", Time since last: 10024044588 ns, Reaching safepoint: 2160584 ns, Cleanup: 147458 ns, At safepoint: 13625 ns, Total: 2321667 ns
[2025-06-06T21:26:15.100+0000][3071.089s][debug][safepoint   ] Safepoint synchronization initiated using futex wait barrier. (160 threads)
[2025-06-06T21:26:15.103+0000][3071.093s][info ][safepoint   ] Safepoint "Cleanup", Time since last: 85241599164 ns, Reaching safepoint: 3181375 ns, Cleanup: 93916 ns, At safepoint: 14584 ns, Total: 3289875 ns
[2025-06-06T21:27:27.275+0000][3143.263s][debug][safepoint   ] Safepoint synchronization initiated using futex wait barrier. (160 threads)
[2025-06-06T21:27:27.276+0000][3143.264s][info ][safepoint   ] Safepoint "Cleanup", Time since last: 72170043282 ns, Reaching safepoint: 1433250 ns, Cleanup: 28083 ns, At safepoint: 7959 ns, Total: 1469292 ns
[2025-06-06T21:27:32.629+0000][3148.617s][debug][safepoint   ] Safepoint synchronization initiated using futex wait barrier. (160 threads)
[2025-06-06T21:27:32.631+0000][3148.619s][info ][gc,start    ] GC(87) Pause Young (Normal) (G1 Evacuation Pause)
[2025-06-06T21:27:32.631+0000][3148.619s][info ][gc,task     ] GC(87) Using 2 workers of 2 for evacuation
[2025-06-06T21:27:32.655+0000][3148.643s][info ][gc,phases   ] GC(87)   Pre Evacuate Collection Set: 0.5ms
[2025-06-06T21:27:32.655+0000][3148.643s][info ][gc,phases   ] GC(87)   Merge Heap Roots: 0.2ms
[2025-06-06T21:27:32.655+0000][3148.643s][info ][gc,phases   ] GC(87)   Evacuate Collection Set: 18.3ms
[2025-06-06T21:27:32.656+0000][3148.643s][info ][gc,phases   ] GC(87)   Post Evacuate Collection Set: 3.9ms
[2025-06-06T21:27:32.656+0000][3148.644s][info ][gc,phases   ] GC(87)   Other: 0.9ms
[2025-06-06T21:27:32.656+0000][3148.644s][info ][gc,heap     ] GC(87) Eden regions: 309->0(309)
[2025-06-06T21:27:32.656+0000][3148.644s][info ][gc,heap     ] GC(87) Survivor regions: 5->5(40)
[2025-06-06T21:27:32.656+0000][3148.644s][info ][gc,heap     ] GC(87) Old regions: 163->163
[2025-06-06T21:27:32.656+0000][3148.644s][info ][gc,heap     ] GC(87) Archive regions: 2->2
[2025-06-06T21:27:32.656+0000][3148.644s][info ][gc,heap     ] GC(87) Humongous regions: 0->0
[2025-06-06T21:27:32.657+0000][3148.645s][info ][gc,metaspace] GC(87) Metaspace: 174058K(175360K)->174058K(175360K) NonClass: 152575K(153216K)->152575K(153216K) Class: 21482K(22144K)->21482K(22144K)
[2025-06-06T21:27:32.657+0000][3148.645s][info ][gc          ] GC(87) Pause Young (Normal) (G1 Evacuation Pause) 476M->168M(538M) 25.635ms
[2025-06-06T21:27:32.657+0000][3148.645s][info ][gc,cpu      ] GC(87) User=0.05s Sys=0.00s Real=0.02s
[2025-06-06T21:27:32.658+0000][3148.646s][info ][safepoint   ] Safepoint "G1CollectForAllocation", Time since last: 5352425377 ns, Reaching safepoint: 2168084 ns, Cleanup: 24083 ns, At safepoint: 26827333 ns, Total: 29019500 ns
[2025-06-06T21:28:17.735+0000][3193.723s][debug][safepoint   ] Safepoint synchronization initiated using futex wait barrier. (160 threads)
[2025-06-06T21:28:17.736+0000][3193.723s][info ][safepoint   ] Safepoint "Cleanup", Time since last: 45076971354 ns, Reaching safepoint: 809959 ns, Cleanup: 49250 ns, At safepoint: 20041 ns, Total: 879250 ns
[2025-06-06T21:29:39.854+0000][3275.842s][debug][safepoint   ] Safepoint synchronization initiated using futex wait barrier. (160 threads)
[2025-06-06T21:29:39.857+0000][3275.844s][info ][safepoint   ] Safepoint "Cleanup", Time since last: 82118074580 ns, Reaching safepoint: 2526541 ns, Cleanup: 17584 ns, At safepoint: 20166 ns, Total: 2564291 ns
[2025-06-06T21:30:19.786+0000][3315.773s][debug][safepoint   ] Safepoint synchronization initiated using futex wait barrier. (160 threads)
[2025-06-06T21:30:19.789+0000][3315.776s][info ][safepoint   ] Safepoint "Cleanup", Time since last: 39928745810 ns, Reaching safepoint: 2592292 ns, Cleanup: 87500 ns, At safepoint: 18292 ns, Total: 2698084 ns
[2025-06-06T21:30:27.803+0000][3323.790s][debug][safepoint   ] Safepoint synchronization initiated using futex wait barrier. (161 threads)
[2025-06-06T21:30:27.803+0000][3323.791s][info ][safepoint   ] Safepoint "Cleanup", Time since last: 8014435920 ns, Reaching safepoint: 560625 ns, Cleanup: 45292 ns, At safepoint: 5250 ns, Total: 611167 ns
[2025-06-06T21:31:06.863+0000][3362.851s][debug][safepoint   ] Safepoint synchronization initiated using futex wait barrier. (161 threads)
[2025-06-06T21:31:06.865+0000][3362.853s][info ][safepoint   ] Safepoint "Cleanup", Time since last: 39060041435 ns, Reaching safepoint: 2036958 ns, Cleanup: 71167 ns, At safepoint: 14791 ns, Total: 2122916 ns
[2025-06-06T21:31:09.806+0000][3365.793s][debug][safepoint   ] Safepoint synchronization initiated using futex wait barrier. (161 threads)
[2025-06-06T21:31:09.807+0000][3365.795s][info ][safepoint   ] Safepoint "Cleanup", Time since last: 2940659627 ns, Reaching safepoint: 1022916 ns, Cleanup: 59417 ns, At safepoint: 6667 ns, Total: 1089000 ns
[2025-06-06T21:31:19.821+0000][3375.808s][debug][safepoint   ] Safepoint synchronization initiated using futex wait barrier. (161 threads)
[2025-06-06T21:31:19.822+0000][3375.809s][info ][safepoint   ] Safepoint "Cleanup", Time since last: 10013849921 ns, Reaching safepoint: 495958 ns, Cleanup: 27292 ns, At safepoint: 7292 ns, Total: 530542 ns
[2025-06-06T21:31:20.823+0000][3376.810s][debug][safepoint   ] Safepoint synchronization initiated using futex wait barrier. (161 threads)
[2025-06-06T21:31:20.824+0000][3376.811s][info ][safepoint   ] Safepoint "Cleanup", Time since last: 1001508500 ns, Reaching safepoint: 657792 ns, Cleanup: 30167 ns, At safepoint: 10958 ns, Total: 698917 ns
[2025-06-06T21:32:12.081+0000][3428.068s][debug][safepoint   ] Safepoint synchronization initiated using futex wait barrier. (161 threads)
[2025-06-06T21:32:12.082+0000][3428.069s][info ][gc,start    ] GC(88) Pause Young (Normal) (G1 Evacuation Pause)
[2025-06-06T21:32:12.082+0000][3428.069s][info ][gc,task     ] GC(88) Using 2 workers of 2 for evacuation
[2025-06-06T21:32:12.094+0000][3428.081s][info ][gc,phases   ] GC(88)   Pre Evacuate Collection Set: 0.6ms
[2025-06-06T21:32:12.095+0000][3428.081s][info ][gc,phases   ] GC(88)   Merge Heap Roots: 0.2ms
[2025-06-06T21:32:12.095+0000][3428.082s][info ][gc,phases   ] GC(88)   Evacuate Collection Set: 9.0ms
[2025-06-06T21:32:12.095+0000][3428.082s][info ][gc,phases   ] GC(88)   Post Evacuate Collection Set: 2.3ms
[2025-06-06T21:32:12.095+0000][3428.082s][info ][gc,phases   ] GC(88)   Other: 0.4ms
[2025-06-06T21:32:12.095+0000][3428.082s][info ][gc,heap     ] GC(88) Eden regions: 309->0(308)
[2025-06-06T21:32:12.095+0000][3428.082s][info ][gc,heap     ] GC(88) Survivor regions: 5->5(40)
[2025-06-06T21:32:12.095+0000][3428.082s][info ][gc,heap     ] GC(88) Old regions: 163->164
[2025-06-06T21:32:12.095+0000][3428.082s][info ][gc,heap     ] GC(88) Archive regions: 2->2
[2025-06-06T21:32:12.095+0000][3428.082s][info ][gc,heap     ] GC(88) Humongous regions: 0->0
[2025-06-06T21:32:12.095+0000][3428.082s][info ][gc,metaspace] GC(88) Metaspace: 174070K(175360K)->174070K(175360K) NonClass: 152588K(153216K)->152588K(153216K) Class: 21482K(22144K)->21482K(22144K)
[2025-06-06T21:32:12.095+0000][3428.082s][info ][gc          ] GC(88) Pause Young (Normal) (G1 Evacuation Pause) 477M->168M(538M) 13.211ms
[2025-06-06T21:32:12.095+0000][3428.082s][info ][gc,cpu      ] GC(88) User=0.02s Sys=0.00s Real=0.01s
[2025-06-06T21:32:12.096+0000][3428.083s][info ][safepoint   ] Safepoint "G1CollectForAllocation", Time since last: 51257101481 ns, Reaching safepoint: 595208 ns, Cleanup: 7542 ns, At safepoint: 13873667 ns, Total: 14476417 ns
[2025-06-06T21:32:13.096+0000][3429.083s][debug][safepoint   ] Safepoint synchronization initiated using futex wait barrier. (161 threads)
[2025-06-06T21:32:13.097+0000][3429.084s][info ][safepoint   ] Safepoint "Cleanup", Time since last: 1000597709 ns, Reaching safepoint: 398708 ns, Cleanup: 38625 ns, At safepoint: 5958 ns, Total: 443291 ns
[2025-06-06T21:32:17.101+0000][3433.088s][debug][safepoint   ] Safepoint synchronization initiated using futex wait barrier. (161 threads)
[2025-06-06T21:32:17.102+0000][3433.089s][info ][safepoint   ] Safepoint "Cleanup", Time since last: 4003997794 ns, Reaching safepoint: 1403458 ns, Cleanup: 39833 ns, At safepoint: 9250 ns, Total: 1452541 ns
[2025-06-06T21:32:22.113+0000][3438.100s][debug][safepoint   ] Safepoint synchronization initiated using futex wait barrier. (161 threads)
[2025-06-06T21:32:22.114+0000][3438.101s][info ][safepoint   ] Safepoint "Cleanup", Time since last: 5010959670 ns, Reaching safepoint: 935333 ns, Cleanup: 57833 ns, At safepoint: 12875 ns, Total: 1006041 ns
[2025-06-06T21:32:27.123+0000][3443.110s][debug][safepoint   ] Safepoint synchronization initiated using futex wait barrier. (160 threads)
[2025-06-06T21:32:27.124+0000][3443.111s][info ][safepoint   ] Safepoint "Cleanup", Time since last: 5008516794 ns, Reaching safepoint: 962333 ns, Cleanup: 58917 ns, At safepoint: 8125 ns, Total: 1029375 ns
[2025-06-06T21:33:30.220+0000][3506.207s][debug][safepoint   ] Safepoint synchronization initiated using futex wait barrier. (159 threads)
[2025-06-06T21:33:30.221+0000][3506.207s][info ][safepoint   ] Safepoint "Cleanup", Time since last: 63095931195 ns, Reaching safepoint: 797834 ns, Cleanup: 29208 ns, At safepoint: 32958 ns, Total: 860000 ns
[2025-06-06T21:33:40.236+0000][3516.222s][debug][safepoint   ] Safepoint synchronization initiated using futex wait barrier. (159 threads)
[2025-06-06T21:33:40.238+0000][3516.224s][info ][safepoint   ] Safepoint "Cleanup", Time since last: 10014781922 ns, Reaching safepoint: 2148708 ns, Cleanup: 66792 ns, At safepoint: 10958 ns, Total: 2226458 ns
[2025-06-06T21:33:50.260+0000][3526.246s][debug][safepoint   ] Safepoint synchronization initiated using futex wait barrier. (159 threads)
[2025-06-06T21:33:50.260+0000][3526.247s][info ][safepoint   ] Safepoint "Cleanup", Time since last: 10021675922 ns, Reaching safepoint: 613750 ns, Cleanup: 40041 ns, At safepoint: 11042 ns, Total: 664833 ns
[2025-06-06T21:33:52.262+0000][3528.249s][debug][safepoint   ] Safepoint synchronization initiated using futex wait barrier. (159 threads)
[2025-06-06T21:33:52.264+0000][3528.250s][info ][safepoint   ] Safepoint "Cleanup", Time since last: 2001682793 ns, Reaching safepoint: 1336750 ns, Cleanup: 51916 ns, At safepoint: 13084 ns, Total: 1401750 ns
[2025-06-06T21:34:02.285+0000][3538.271s][debug][safepoint   ] Safepoint synchronization initiated using futex wait barrier. (161 threads)
[2025-06-06T21:34:02.286+0000][3538.272s][info ][safepoint   ] Safepoint "Cleanup", Time since last: 10021221378 ns, Reaching safepoint: 965584 ns, Cleanup: 73208 ns, At safepoint: 44292 ns, Total: 1083084 ns
[2025-06-06T21:34:08.296+0000][3544.282s][debug][safepoint   ] Safepoint synchronization initiated using futex wait barrier. (161 threads)
[2025-06-06T21:34:08.298+0000][3544.284s][info ][safepoint   ] Safepoint "Cleanup", Time since last: 6009827044 ns, Reaching safepoint: 1852959 ns, Cleanup: 46125 ns, At safepoint: 8916 ns, Total: 1908000 ns
[2025-06-06T21:34:13.306+0000][3549.293s][debug][safepoint   ] Safepoint synchronization initiated using futex wait barrier. (161 threads)
[2025-06-06T21:34:13.307+0000][3549.294s][info ][safepoint   ] Safepoint "Cleanup", Time since last: 5008553919 ns, Reaching safepoint: 1072167 ns, Cleanup: 93542 ns, At safepoint: 14875 ns, Total: 1180584 ns
[2025-06-06T21:34:24.321+0000][3560.306s][debug][safepoint   ] Safepoint synchronization initiated using futex wait barrier. (160 threads)
[2025-06-06T21:34:24.322+0000][3560.308s][info ][safepoint   ] Safepoint "Cleanup", Time since last: 11012747296 ns, Reaching safepoint: 1279208 ns, Cleanup: 105667 ns, At safepoint: 13042 ns, Total: 1397917 ns
[2025-06-06T21:34:27.331+0000][3563.317s][debug][safepoint   ] Safepoint synchronization initiated using futex wait barrier. (161 threads)
[2025-06-06T21:34:27.332+0000][3563.318s][info ][safepoint   ] Safepoint "Cleanup", Time since last: 3009227709 ns, Reaching safepoint: 571417 ns, Cleanup: 26083 ns, At safepoint: 7834 ns, Total: 605334 ns
[2025-06-06T21:34:31.339+0000][3567.324s][debug][safepoint   ] Safepoint synchronization initiated using futex wait barrier. (161 threads)
[2025-06-06T21:34:31.341+0000][3567.327s][info ][safepoint   ] Safepoint "Cleanup", Time since last: 4006801085 ns, Reaching safepoint: 2326458 ns, Cleanup: 76709 ns, At safepoint: 18250 ns, Total: 2421417 ns
[2025-06-06T21:34:49.369+0000][3585.355s][debug][safepoint   ] Safepoint synchronization initiated using futex wait barrier. (161 threads)
[2025-06-06T21:34:49.372+0000][3585.358s][info ][safepoint   ] Safepoint "Cleanup", Time since last: 18028246217 ns, Reaching safepoint: 2478875 ns, Cleanup: 86625 ns, At safepoint: 18083 ns, Total: 2583583 ns
[2025-06-06T21:35:25.338+0000][3621.324s][debug][safepoint   ] Safepoint synchronization initiated using futex wait barrier. (163 threads)
[2025-06-06T21:35:25.340+0000][3621.326s][info ][safepoint   ] Safepoint "Cleanup", Time since last: 35966013266 ns, Reaching safepoint: 1892000 ns, Cleanup: 134875 ns, At safepoint: 8208 ns, Total: 2035083 ns
[2025-06-06T21:35:57.442+0000][3653.428s][debug][safepoint   ] Safepoint synchronization initiated using futex wait barrier. (163 threads)
[2025-06-06T21:35:57.445+0000][3653.430s][info ][safepoint   ] Safepoint "Cleanup", Time since last: 32101973306 ns, Reaching safepoint: 2614834 ns, Cleanup: 85250 ns, At safepoint: 20666 ns, Total: 2720750 ns
[2025-06-06T21:35:58.450+0000][3654.436s][debug][safepoint   ] Safepoint synchronization initiated using futex wait barrier. (163 threads)
[2025-06-06T21:35:58.450+0000][3654.436s][info ][safepoint   ] Safepoint "Cleanup", Time since last: 1005148501 ns, Reaching safepoint: 176583 ns, Cleanup: 18709 ns, At safepoint: 3333 ns, Total: 198625 ns
[2025-06-06T21:36:00.454+0000][3656.440s][debug][safepoint   ] Safepoint synchronization initiated using futex wait barrier. (163 threads)
[2025-06-06T21:36:00.455+0000][3656.441s][info ][safepoint   ] Safepoint "Cleanup", Time since last: 2004351251 ns, Reaching safepoint: 924750 ns, Cleanup: 80708 ns, At safepoint: 14500 ns, Total: 1019958 ns
[2025-06-06T21:36:10.454+0000][3666.440s][debug][safepoint   ] Safepoint synchronization initiated using futex wait barrier. (163 threads)
[2025-06-06T21:36:10.456+0000][3666.442s][info ][safepoint   ] Safepoint "Cleanup", Time since last: 9998958588 ns, Reaching safepoint: 2185875 ns, Cleanup: 53375 ns, At safepoint: 15875 ns, Total: 2255125 ns
[2025-06-06T21:36:12.462+0000][3668.448s][debug][safepoint   ] Safepoint synchronization initiated using futex wait barrier. (163 threads)
[2025-06-06T21:36:12.464+0000][3668.450s][info ][safepoint   ] Safepoint "Cleanup", Time since last: 2006026876 ns, Reaching safepoint: 1026084 ns, Cleanup: 53958 ns, At safepoint: 15375 ns, Total: 1095417 ns
[2025-06-06T21:36:25.495+0000][3681.480s][debug][safepoint   ] Safepoint synchronization initiated using futex wait barrier. (162 threads)
[2025-06-06T21:36:25.496+0000][3681.482s][info ][safepoint   ] Safepoint "Cleanup", Time since last: 13030631964 ns, Reaching safepoint: 1435083 ns, Cleanup: 23958 ns, At safepoint: 6542 ns, Total: 1465583 ns
[2025-06-06T21:36:27.501+0000][3683.486s][debug][safepoint   ] Safepoint synchronization initiated using futex wait barrier. (162 threads)
[2025-06-06T21:36:27.502+0000][3683.487s][info ][safepoint   ] Safepoint "Cleanup", Time since last: 2004743376 ns, Reaching safepoint: 690375 ns, Cleanup: 64500 ns, At safepoint: 10292 ns, Total: 765167 ns
[2025-06-06T21:36:28.503+0000][3684.489s][debug][safepoint   ] Safepoint synchronization initiated using futex wait barrier. (162 threads)
[2025-06-06T21:36:28.504+0000][3684.489s][info ][safepoint   ] Safepoint "Cleanup", Time since last: 1001383834 ns, Reaching safepoint: 652083 ns, Cleanup: 154000 ns, At safepoint: 34167 ns, Total: 840250 ns
[2025-06-06T21:36:30.509+0000][3686.495s][debug][safepoint   ] Safepoint synchronization initiated using futex wait barrier. (162 threads)
[2025-06-06T21:36:30.510+0000][3686.495s][info ][safepoint   ] Safepoint "Cleanup", Time since last: 2005189917 ns, Reaching safepoint: 819917 ns, Cleanup: 83417 ns, At safepoint: 14500 ns, Total: 917834 ns
[2025-06-06T21:36:50.681+0000][3706.666s][debug][safepoint   ] Safepoint synchronization initiated using futex wait barrier. (162 threads)
[2025-06-06T21:36:50.683+0000][3706.668s][info ][gc,start    ] GC(89) Pause Young (Normal) (G1 Evacuation Pause)
[2025-06-06T21:36:50.683+0000][3706.669s][info ][gc,task     ] GC(89) Using 2 workers of 2 for evacuation
[2025-06-06T21:36:50.702+0000][3706.687s][info ][gc,phases   ] GC(89)   Pre Evacuate Collection Set: 0.5ms
[2025-06-06T21:36:50.702+0000][3706.688s][info ][gc,phases   ] GC(89)   Merge Heap Roots: 0.3ms
[2025-06-06T21:36:50.702+0000][3706.688s][info ][gc,phases   ] GC(89)   Evacuate Collection Set: 14.1ms
[2025-06-06T21:36:50.702+0000][3706.688s][info ][gc,phases   ] GC(89)   Post Evacuate Collection Set: 3.1ms
[2025-06-06T21:36:50.702+0000][3706.688s][info ][gc,phases   ] GC(89)   Other: 1.0ms
[2025-06-06T21:36:50.703+0000][3706.688s][info ][gc,heap     ] GC(89) Eden regions: 308->0(308)
[2025-06-06T21:36:50.703+0000][3706.688s][info ][gc,heap     ] GC(89) Survivor regions: 5->5(40)
[2025-06-06T21:36:50.703+0000][3706.688s][info ][gc,heap     ] GC(89) Old regions: 164->164
[2025-06-06T21:36:50.703+0000][3706.688s][info ][gc,heap     ] GC(89) Archive regions: 2->2
[2025-06-06T21:36:50.703+0000][3706.688s][info ][gc,heap     ] GC(89) Humongous regions: 0->0
[2025-06-06T21:36:50.703+0000][3706.688s][info ][gc,metaspace] GC(89) Metaspace: 174140K(175488K)->174140K(175488K) NonClass: 152654K(153344K)->152654K(153344K) Class: 21485K(22144K)->21485K(22144K)
[2025-06-06T21:36:50.703+0000][3706.689s][info ][gc          ] GC(89) Pause Young (Normal) (G1 Evacuation Pause) 476M->168M(538M) 20.252ms
[2025-06-06T21:36:50.703+0000][3706.689s][info ][gc,cpu      ] GC(89) User=0.03s Sys=0.01s Real=0.02s
[2025-06-06T21:36:50.703+0000][3706.689s][info ][safepoint   ] Safepoint "G1CollectForAllocation", Time since last: 20170992551 ns, Reaching safepoint: 1594583 ns, Cleanup: 56417 ns, At safepoint: 20752250 ns, Total: 22403250 ns
[2025-06-06T21:37:20.489+0000][3736.474s][debug][safepoint   ] Safepoint synchronization initiated using futex wait barrier. (162 threads)
[2025-06-06T21:37:20.490+0000][3736.476s][info ][safepoint   ] Safepoint "Cleanup", Time since last: 29785435096 ns, Reaching safepoint: 1240625 ns, Cleanup: 65375 ns, At safepoint: 10917 ns, Total: 1316917 ns
[2025-06-06T21:37:37.536+0000][3753.521s][debug][safepoint   ] Safepoint synchronization initiated using futex wait barrier. (162 threads)
[2025-06-06T21:37:37.537+0000][3753.522s][info ][safepoint   ] Safepoint "Cleanup", Time since last: 17045586633 ns, Reaching safepoint: 1155708 ns, Cleanup: 82125 ns, At safepoint: 15750 ns, Total: 1253583 ns
[2025-06-06T21:38:10.632+0000][3786.617s][debug][safepoint   ] Safepoint synchronization initiated using futex wait barrier. (162 threads)
[2025-06-06T21:38:10.633+0000][3786.618s][info ][safepoint   ] Safepoint "Cleanup", Time since last: 33094327641 ns, Reaching safepoint: 1075791 ns, Cleanup: 47250 ns, At safepoint: 15459 ns, Total: 1138500 ns
[2025-06-06T21:38:15.645+0000][3791.630s][debug][safepoint   ] Safepoint synchronization initiated using futex wait barrier. (162 threads)
[2025-06-06T21:38:15.646+0000][3791.631s][info ][safepoint   ] Safepoint "Cleanup", Time since last: 5011876585 ns, Reaching safepoint: 1163709 ns, Cleanup: 88500 ns, At safepoint: 18375 ns, Total: 1270584 ns
[2025-06-06T21:38:27.689+0000][3803.673s][debug][safepoint   ] Safepoint synchronization initiated using futex wait barrier. (161 threads)
[2025-06-06T21:38:27.689+0000][3803.674s][info ][safepoint   ] Safepoint "Cleanup", Time since last: 12042308380 ns, Reaching safepoint: 425875 ns, Cleanup: 29416 ns, At safepoint: 8334 ns, Total: 463625 ns
[2025-06-06T21:38:28.697+0000][3804.681s][debug][safepoint   ] Safepoint synchronization initiated using futex wait barrier. (161 threads)
[2025-06-06T21:38:28.698+0000][3804.682s][info ][safepoint   ] Safepoint "Cleanup", Time since last: 1007505875 ns, Reaching safepoint: 1019500 ns, Cleanup: 80583 ns, At safepoint: 15042 ns, Total: 1115125 ns
[2025-06-06T21:39:27.824+0000][3863.809s][debug][safepoint   ] Safepoint synchronization initiated using futex wait barrier. (161 threads)
[2025-06-06T21:39:27.825+0000][3863.809s][info ][safepoint   ] Safepoint "Cleanup", Time since last: 59126229777 ns, Reaching safepoint: 610125 ns, Cleanup: 27667 ns, At safepoint: 10292 ns, Total: 648084 ns
[2025-06-06T21:39:29.833+0000][3865.817s][debug][safepoint   ] Safepoint synchronization initiated using futex wait barrier. (161 threads)
[2025-06-06T21:39:29.834+0000][3865.818s][info ][safepoint   ] Safepoint "Cleanup", Time since last: 2007621501 ns, Reaching safepoint: 1137750 ns, Cleanup: 51833 ns, At safepoint: 17375 ns, Total: 1206958 ns
[2025-06-06T21:40:27.950+0000][3923.933s][debug][safepoint   ] Safepoint synchronization initiated using futex wait barrier. (161 threads)
[2025-06-06T21:40:27.951+0000][3923.935s][info ][safepoint   ] Safepoint "Cleanup", Time since last: 58115177985 ns, Reaching safepoint: 1374625 ns, Cleanup: 133583 ns, At safepoint: 13667 ns, Total: 1521875 ns
[2025-06-06T21:40:29.953+0000][3925.937s][debug][safepoint   ] Safepoint synchronization initiated using futex wait barrier. (161 threads)
[2025-06-06T21:40:29.953+0000][3925.937s][info ][safepoint   ] Safepoint "Cleanup", Time since last: 2001765043 ns, Reaching safepoint: 452958 ns, Cleanup: 35833 ns, At safepoint: 8042 ns, Total: 496833 ns
[2025-06-06T21:41:16.033+0000][3972.017s][debug][safepoint   ] Safepoint synchronization initiated using futex wait barrier. (161 threads)
[2025-06-06T21:41:16.036+0000][3972.020s][info ][safepoint   ] Safepoint "Cleanup", Time since last: 46079842897 ns, Reaching safepoint: 2603458 ns, Cleanup: 84958 ns, At safepoint: 156042 ns, Total: 2844458 ns
[2025-06-06T21:41:24.053+0000][3980.036s][debug][safepoint   ] Safepoint synchronization initiated using futex wait barrier. (161 threads)
[2025-06-06T21:41:24.054+0000][3980.038s][info ][safepoint   ] Safepoint "Cleanup", Time since last: 8016517045 ns, Reaching safepoint: 1204750 ns, Cleanup: 238125 ns, At safepoint: 17083 ns, Total: 1459958 ns
[2025-06-06T21:41:25.057+0000][3981.041s][debug][safepoint   ] Safepoint synchronization initiated using futex wait barrier. (161 threads)
[2025-06-06T21:41:25.058+0000][3981.041s][info ][safepoint   ] Safepoint "Cleanup", Time since last: 1002922918 ns, Reaching safepoint: 313416 ns, Cleanup: 26500 ns, At safepoint: 5375 ns, Total: 345291 ns
[2025-06-06T21:41:31.066+0000][3987.050s][debug][safepoint   ] Safepoint synchronization initiated using futex wait barrier. (160 threads)
[2025-06-06T21:41:31.067+0000][3987.051s][info ][safepoint   ] Safepoint "Cleanup", Time since last: 6008827670 ns, Reaching safepoint: 898416 ns, Cleanup: 44584 ns, At safepoint: 25625 ns, Total: 968625 ns
[2025-06-06T21:41:34.461+0000][3990.444s][debug][safepoint   ] Safepoint synchronization initiated using futex wait barrier. (160 threads)
[2025-06-06T21:41:34.462+0000][3990.446s][info ][gc,start    ] GC(90) Pause Young (Normal) (G1 Evacuation Pause)
[2025-06-06T21:41:34.463+0000][3990.446s][info ][gc,task     ] GC(90) Using 2 workers of 2 for evacuation
[2025-06-06T21:41:34.476+0000][3990.459s][info ][gc,phases   ] GC(90)   Pre Evacuate Collection Set: 0.6ms
[2025-06-06T21:41:34.476+0000][3990.459s][info ][gc,phases   ] GC(90)   Merge Heap Roots: 0.3ms
[2025-06-06T21:41:34.476+0000][3990.459s][info ][gc,phases   ] GC(90)   Evacuate Collection Set: 9.4ms
[2025-06-06T21:41:34.476+0000][3990.460s][info ][gc,phases   ] GC(90)   Post Evacuate Collection Set: 2.2ms
[2025-06-06T21:41:34.476+0000][3990.460s][info ][gc,phases   ] GC(90)   Other: 0.8ms
[2025-06-06T21:41:34.476+0000][3990.460s][info ][gc,heap     ] GC(90) Eden regions: 308->0(308)
[2025-06-06T21:41:34.476+0000][3990.460s][info ][gc,heap     ] GC(90) Survivor regions: 5->5(40)
[2025-06-06T21:41:34.477+0000][3990.460s][info ][gc,heap     ] GC(90) Old regions: 164->164
[2025-06-06T21:41:34.477+0000][3990.460s][info ][gc,heap     ] GC(90) Archive regions: 2->2
[2025-06-06T21:41:34.477+0000][3990.460s][info ][gc,heap     ] GC(90) Humongous regions: 0->0
[2025-06-06T21:41:34.477+0000][3990.460s][info ][gc,metaspace] GC(90) Metaspace: 174182K(175488K)->174182K(175488K) NonClass: 152696K(153344K)->152696K(153344K) Class: 21485K(22144K)->21485K(22144K)
[2025-06-06T21:41:34.477+0000][3990.460s][info ][gc          ] GC(90) Pause Young (Normal) (G1 Evacuation Pause) 476M->168M(538M) 14.546ms
[2025-06-06T21:41:34.477+0000][3990.461s][info ][gc,cpu      ] GC(90) User=0.02s Sys=0.00s Real=0.02s
[2025-06-06T21:41:34.477+0000][3990.461s][info ][safepoint   ] Safepoint "G1CollectForAllocation", Time since last: 3393480126 ns, Reaching safepoint: 1362417 ns, Cleanup: 20042 ns, At safepoint: 15077625 ns, Total: 16460084 ns
[2025-06-06T21:41:35.480+0000][3991.464s][debug][safepoint   ] Safepoint synchronization initiated using futex wait barrier. (160 threads)
[2025-06-06T21:41:35.481+0000][3991.464s][info ][safepoint   ] Safepoint "Cleanup", Time since last: 1002746917 ns, Reaching safepoint: 816750 ns, Cleanup: 125375 ns, At safepoint: 9125 ns, Total: 951250 ns
[2025-06-06T21:41:42.490+0000][3998.474s][debug][safepoint   ] Safepoint synchronization initiated using futex wait barrier. (160 threads)
[2025-06-06T21:41:42.492+0000][3998.475s][info ][safepoint   ] Safepoint "Cleanup", Time since last: 7009037878 ns, Reaching safepoint: 1420250 ns, Cleanup: 61292 ns, At safepoint: 9125 ns, Total: 1490667 ns
[2025-06-06T21:43:33.079+0000][4109.062s][debug][safepoint   ] Safepoint synchronization initiated using futex wait barrier. (159 threads)
[2025-06-06T21:43:33.080+0000][4109.064s][info ][safepoint   ] Safepoint "Cleanup", Time since last: 110587407260 ns, Reaching safepoint: 1275583 ns, Cleanup: 100458 ns, At safepoint: 10542 ns, Total: 1386583 ns
[2025-06-06T21:46:14.402+0000][4270.384s][debug][safepoint   ] Safepoint synchronization initiated using futex wait barrier. (159 threads)
[2025-06-06T21:46:14.404+0000][4270.386s][info ][gc,start    ] GC(91) Pause Young (Normal) (G1 Evacuation Pause)
[2025-06-06T21:46:14.404+0000][4270.387s][info ][gc,task     ] GC(91) Using 2 workers of 2 for evacuation
[2025-06-06T21:46:14.420+0000][4270.403s][info ][gc,phases   ] GC(91)   Pre Evacuate Collection Set: 0.3ms
[2025-06-06T21:46:14.421+0000][4270.404s][info ][gc,phases   ] GC(91)   Merge Heap Roots: 0.3ms
[2025-06-06T21:46:14.421+0000][4270.404s][info ][gc,phases   ] GC(91)   Evacuate Collection Set: 12.7ms
[2025-06-06T21:46:14.421+0000][4270.404s][info ][gc,phases   ] GC(91)   Post Evacuate Collection Set: 3.0ms
[2025-06-06T21:46:14.421+0000][4270.404s][info ][gc,phases   ] GC(91)   Other: 0.5ms
[2025-06-06T21:46:14.421+0000][4270.404s][info ][gc,heap     ] GC(91) Eden regions: 308->0(310)
[2025-06-06T21:46:14.422+0000][4270.404s][info ][gc,heap     ] GC(91) Survivor regions: 5->3(40)
[2025-06-06T21:46:14.422+0000][4270.404s][info ][gc,heap     ] GC(91) Old regions: 164->166
[2025-06-06T21:46:14.422+0000][4270.404s][info ][gc,heap     ] GC(91) Archive regions: 2->2
[2025-06-06T21:46:14.422+0000][4270.405s][info ][gc,heap     ] GC(91) Humongous regions: 0->0
[2025-06-06T21:46:14.422+0000][4270.405s][info ][gc,metaspace] GC(91) Metaspace: 174188K(175552K)->174188K(175552K) NonClass: 152702K(153408K)->152702K(153408K) Class: 21485K(22144K)->21485K(22144K)
[2025-06-06T21:46:14.422+0000][4270.405s][info ][gc          ] GC(91) Pause Young (Normal) (G1 Evacuation Pause) 476M->168M(538M) 18.370ms
[2025-06-06T21:46:14.422+0000][4270.405s][info ][gc,cpu      ] GC(91) User=0.03s Sys=0.00s Real=0.02s
[2025-06-06T21:46:14.422+0000][4270.405s][info ][safepoint   ] Safepoint "G1CollectForAllocation", Time since last: 161320566657 ns, Reaching safepoint: 1941041 ns, Cleanup: 10667 ns, At safepoint: 18765708 ns, Total: 20717416 ns
[2025-06-06T21:48:27.459+0000][4403.440s][debug][safepoint   ] Safepoint synchronization initiated using futex wait barrier. (159 threads)
[2025-06-06T21:48:27.460+0000][4403.442s][info ][safepoint   ] Safepoint "Cleanup", Time since last: 133035380602 ns, Reaching safepoint: 1083000 ns, Cleanup: 84083 ns, At safepoint: 14459 ns, Total: 1181542 ns
[2025-06-06T21:50:39.664+0000][4535.645s][debug][safepoint   ] Safepoint synchronization initiated using futex wait barrier. (158 threads)
[2025-06-06T21:50:39.666+0000][4535.647s][info ][safepoint   ] Safepoint "Cleanup", Time since last: 132203715144 ns, Reaching safepoint: 1942333 ns, Cleanup: 22625 ns, At safepoint: 6875 ns, Total: 1971833 ns
[2025-06-06T21:50:52.750+0000][4548.731s][debug][safepoint   ] Safepoint synchronization initiated using futex wait barrier. (158 threads)
[2025-06-06T21:50:52.751+0000][4548.732s][info ][gc,start    ] GC(92) Pause Young (Normal) (G1 Evacuation Pause)
[2025-06-06T21:50:52.751+0000][4548.732s][info ][gc,task     ] GC(92) Using 2 workers of 2 for evacuation
[2025-06-06T21:50:52.757+0000][4548.738s][info ][gc,phases   ] GC(92)   Pre Evacuate Collection Set: 0.3ms
[2025-06-06T21:50:52.757+0000][4548.738s][info ][gc,phases   ] GC(92)   Merge Heap Roots: 0.1ms
[2025-06-06T21:50:52.757+0000][4548.738s][info ][gc,phases   ] GC(92)   Evacuate Collection Set: 3.9ms
[2025-06-06T21:50:52.757+0000][4548.738s][info ][gc,phases   ] GC(92)   Post Evacuate Collection Set: 1.2ms
[2025-06-06T21:50:52.757+0000][4548.738s][info ][gc,phases   ] GC(92)   Other: 0.4ms
[2025-06-06T21:50:52.757+0000][4548.738s][info ][gc,heap     ] GC(92) Eden regions: 310->0(311)
[2025-06-06T21:50:52.757+0000][4548.738s][info ][gc,heap     ] GC(92) Survivor regions: 3->2(40)
[2025-06-06T21:50:52.757+0000][4548.738s][info ][gc,heap     ] GC(92) Old regions: 166->167
[2025-06-06T21:50:52.757+0000][4548.738s][info ][gc,heap     ] GC(92) Archive regions: 2->2
[2025-06-06T21:50:52.757+0000][4548.738s][info ][gc,heap     ] GC(92) Humongous regions: 0->0
[2025-06-06T21:50:52.757+0000][4548.738s][info ][gc,metaspace] GC(92) Metaspace: 174192K(175552K)->174192K(175552K) NonClass: 152706K(153408K)->152706K(153408K) Class: 21485K(22144K)->21485K(22144K)
[2025-06-06T21:50:52.757+0000][4548.738s][info ][gc          ] GC(92) Pause Young (Normal) (G1 Evacuation Pause) 478M->168M(538M) 6.528ms
[2025-06-06T21:50:52.757+0000][4548.738s][info ][gc,cpu      ] GC(92) User=0.01s Sys=0.00s Real=0.01s
[2025-06-06T21:50:52.758+0000][4548.739s][info ][safepoint   ] Safepoint "G1CollectForAllocation", Time since last: 13083951548 ns, Reaching safepoint: 428500 ns, Cleanup: 8083 ns, At safepoint: 6768792 ns, Total: 7205375 ns
[2025-06-06T21:52:25.915+0000][4641.895s][debug][safepoint   ] Safepoint synchronization initiated using futex wait barrier. (159 threads)
[2025-06-06T21:52:25.916+0000][4641.897s][info ][safepoint   ] Safepoint "Cleanup", Time since last: 93156934125 ns, Reaching safepoint: 1328000 ns, Cleanup: 24916 ns, At safepoint: 7459 ns, Total: 1360375 ns
[2025-06-06T21:52:42.941+0000][4658.922s][debug][safepoint   ] Safepoint synchronization initiated using futex wait barrier. (159 threads)
[2025-06-06T21:52:42.942+0000][4658.922s][info ][safepoint   ] Safepoint "Cleanup", Time since last: 17024712883 ns, Reaching safepoint: 608000 ns, Cleanup: 37875 ns, At safepoint: 11333 ns, Total: 657208 ns
[2025-06-06T21:53:28.067+0000][4704.047s][debug][safepoint   ] Safepoint synchronization initiated using futex wait barrier. (160 threads)
[2025-06-06T21:53:28.068+0000][4704.048s][info ][safepoint   ] Safepoint "Cleanup", Time since last: 45125024520 ns, Reaching safepoint: 1173750 ns, Cleanup: 74792 ns, At safepoint: 15791 ns, Total: 1264333 ns
[2025-06-06T21:53:42.100+0000][4718.080s][debug][safepoint   ] Safepoint synchronization initiated using futex wait barrier. (160 threads)
[2025-06-06T21:53:42.102+0000][4718.082s][info ][safepoint   ] Safepoint "Cleanup", Time since last: 14031662382 ns, Reaching safepoint: 1452292 ns, Cleanup: 550291 ns, At safepoint: 22167 ns, Total: 2024750 ns
[2025-06-06T21:55:33.206+0000][4829.186s][debug][safepoint   ] Safepoint synchronization initiated using futex wait barrier. (159 threads)
[2025-06-06T21:55:33.208+0000][4829.188s][info ][gc,start    ] GC(93) Pause Young (Normal) (G1 Evacuation Pause)
[2025-06-06T21:55:33.208+0000][4829.188s][info ][gc,task     ] GC(93) Using 2 workers of 2 for evacuation
[2025-06-06T21:55:33.218+0000][4829.198s][info ][gc,phases   ] GC(93)   Pre Evacuate Collection Set: 0.6ms
[2025-06-06T21:55:33.219+0000][4829.199s][info ][gc,phases   ] GC(93)   Merge Heap Roots: 0.2ms
[2025-06-06T21:55:33.219+0000][4829.199s][info ][gc,phases   ] GC(93)   Evacuate Collection Set: 5.8ms
[2025-06-06T21:55:33.219+0000][4829.199s][info ][gc,phases   ] GC(93)   Post Evacuate Collection Set: 3.2ms
[2025-06-06T21:55:33.219+0000][4829.199s][info ][gc,phases   ] GC(93)   Other: 0.9ms
[2025-06-06T21:55:33.219+0000][4829.199s][info ][gc,heap     ] GC(93) Eden regions: 311->0(311)
[2025-06-06T21:55:33.219+0000][4829.199s][info ][gc,heap     ] GC(93) Survivor regions: 2->2(40)
[2025-06-06T21:55:33.219+0000][4829.199s][info ][gc,heap     ] GC(93) Old regions: 167->167
[2025-06-06T21:55:33.219+0000][4829.199s][info ][gc,heap     ] GC(93) Archive regions: 2->2
[2025-06-06T21:55:33.220+0000][4829.200s][info ][gc,heap     ] GC(93) Humongous regions: 0->0
[2025-06-06T21:55:33.220+0000][4829.200s][info ][gc,metaspace] GC(93) Metaspace: 174194K(175552K)->174194K(175552K) NonClass: 152708K(153408K)->152708K(153408K) Class: 21485K(22144K)->21485K(22144K)
[2025-06-06T21:55:33.220+0000][4829.200s][info ][gc          ] GC(93) Pause Young (Normal) (G1 Evacuation Pause) 479M->168M(538M) 12.275ms
[2025-06-06T21:55:33.220+0000][4829.200s][info ][gc,cpu      ] GC(93) User=0.02s Sys=0.00s Real=0.02s
[2025-06-06T21:55:33.220+0000][4829.200s][info ][safepoint   ] Safepoint "G1CollectForAllocation", Time since last: 111103633008 ns, Reaching safepoint: 1554834 ns, Cleanup: 26750 ns, At safepoint: 12791416 ns, Total: 14373000 ns
[2025-06-06T21:55:45.240+0000][4841.220s][debug][safepoint   ] Safepoint synchronization initiated using futex wait barrier. (159 threads)
[2025-06-06T21:55:45.241+0000][4841.221s][info ][safepoint   ] Safepoint "Cleanup", Time since last: 12019412048 ns, Reaching safepoint: 1151625 ns, Cleanup: 92000 ns, At safepoint: 19083 ns, Total: 1262708 ns
[2025-06-06T21:56:28.306+0000][4884.285s][debug][safepoint   ] Safepoint synchronization initiated using futex wait barrier. (160 threads)
[2025-06-06T21:56:28.307+0000][4884.286s][info ][safepoint   ] Safepoint "Cleanup", Time since last: 43064226312 ns, Reaching safepoint: 1272625 ns, Cleanup: 81166 ns, At safepoint: 28959 ns, Total: 1382750 ns
[2025-06-06T21:58:28.500+0000][5004.479s][debug][safepoint   ] Safepoint synchronization initiated using futex wait barrier. (160 threads)
[2025-06-06T21:58:28.503+0000][5004.482s][info ][safepoint   ] Safepoint "Cleanup", Time since last: 120192486180 ns, Reaching safepoint: 2742291 ns, Cleanup: 95834 ns, At safepoint: 10916 ns, Total: 2849041 ns
[2025-06-06T21:58:48.524+0000][5024.504s][debug][safepoint   ] Safepoint synchronization initiated using futex wait barrier. (160 threads)
[2025-06-06T21:58:48.525+0000][5024.504s][info ][safepoint   ] Safepoint "Cleanup", Time since last: 20021752885 ns, Reaching safepoint: 474250 ns, Cleanup: 86500 ns, At safepoint: 6917 ns, Total: 567667 ns
[2025-06-06T21:59:18.565+0000][5054.543s][debug][safepoint   ] Safepoint synchronization initiated using futex wait barrier. (162 threads)
[2025-06-06T21:59:18.565+0000][5054.544s][info ][safepoint   ] Safepoint "Cleanup", Time since last: 30039397555 ns, Reaching safepoint: 128709 ns, Cleanup: 112250 ns, At safepoint: 9250 ns, Total: 250209 ns
[2025-06-06T21:59:19.566+0000][5055.544s][debug][safepoint   ] Safepoint synchronization initiated using futex wait barrier. (162 threads)
[2025-06-06T21:59:19.566+0000][5055.545s][info ][safepoint   ] Safepoint "Cleanup", Time since last: 1000737792 ns, Reaching safepoint: 144583 ns, Cleanup: 15292 ns, At safepoint: 2541 ns, Total: 162416 ns
[2025-06-06T21:59:24.573+0000][5060.552s][debug][safepoint   ] Safepoint synchronization initiated using futex wait barrier. (162 threads)
[2025-06-06T21:59:24.575+0000][5060.553s][info ][safepoint   ] Safepoint "Cleanup", Time since last: 5007437544 ns, Reaching safepoint: 1115000 ns, Cleanup: 186209 ns, At safepoint: 12458 ns, Total: 1313667 ns
[2025-06-06T21:59:52.694+0000][5088.673s][debug][safepoint   ] Safepoint synchronization initiated using futex wait barrier. (162 threads)
[2025-06-06T21:59:52.695+0000][5088.674s][info ][gc,start    ] GC(94) Pause Young (Normal) (G1 Evacuation Pause)
[2025-06-06T21:59:52.695+0000][5088.674s][info ][gc,task     ] GC(94) Using 2 workers of 2 for evacuation
[2025-06-06T21:59:52.704+0000][5088.683s][info ][gc,phases   ] GC(94)   Pre Evacuate Collection Set: 0.4ms
[2025-06-06T21:59:52.704+0000][5088.683s][info ][gc,phases   ] GC(94)   Merge Heap Roots: 0.1ms
[2025-06-06T21:59:52.704+0000][5088.683s][info ][gc,phases   ] GC(94)   Evacuate Collection Set: 5.0ms
[2025-06-06T21:59:52.704+0000][5088.683s][info ][gc,phases   ] GC(94)   Post Evacuate Collection Set: 2.7ms
[2025-06-06T21:59:52.704+0000][5088.683s][info ][gc,phases   ] GC(94)   Other: 0.8ms
[2025-06-06T21:59:52.705+0000][5088.683s][info ][gc,heap     ] GC(94) Eden regions: 311->0(311)
[2025-06-06T21:59:52.705+0000][5088.683s][info ][gc,heap     ] GC(94) Survivor regions: 2->2(40)
[2025-06-06T21:59:52.705+0000][5088.683s][info ][gc,heap     ] GC(94) Old regions: 167->167
[2025-06-06T21:59:52.705+0000][5088.683s][info ][gc,heap     ] GC(94) Archive regions: 2->2
[2025-06-06T21:59:52.705+0000][5088.683s][info ][gc,heap     ] GC(94) Humongous regions: 0->0
[2025-06-06T21:59:52.705+0000][5088.684s][info ][gc,metaspace] GC(94) Metaspace: 174305K(175616K)->174305K(175616K) NonClass: 152813K(153472K)->152813K(153472K) Class: 21491K(22144K)->21491K(22144K)
[2025-06-06T21:59:52.705+0000][5088.684s][info ][gc          ] GC(94) Pause Young (Normal) (G1 Evacuation Pause) 479M->168M(538M) 9.974ms
[2025-06-06T21:59:52.705+0000][5088.684s][info ][gc,cpu      ] GC(94) User=0.02s Sys=0.00s Real=0.01s
[2025-06-06T21:59:52.705+0000][5088.684s][info ][safepoint   ] Safepoint "G1CollectForAllocation", Time since last: 28119478638 ns, Reaching safepoint: 629125 ns, Cleanup: 17750 ns, At safepoint: 10252334 ns, Total: 10899209 ns
[2025-06-06T22:00:00.715+0000][5096.693s][debug][safepoint   ] Safepoint synchronization initiated using futex wait barrier. (162 threads)
[2025-06-06T22:00:00.717+0000][5096.695s][info ][safepoint   ] Safepoint "Cleanup", Time since last: 8008950753 ns, Reaching safepoint: 1137458 ns, Cleanup: 1027459 ns, At safepoint: 20833 ns, Total: 2185750 ns
[2025-06-06T22:00:27.751+0000][5123.729s][debug][safepoint   ] Safepoint synchronization initiated using futex wait barrier. (160 threads)
[2025-06-06T22:00:27.751+0000][5123.729s][info ][safepoint   ] Safepoint "Cleanup", Time since last: 27033913512 ns, Reaching safepoint: 547084 ns, Cleanup: 42000 ns, At safepoint: 7125 ns, Total: 596209 ns
[2025-06-06T22:01:17.839+0000][5173.817s][debug][safepoint   ] Safepoint synchronization initiated using futex wait barrier. (160 threads)
[2025-06-06T22:01:17.841+0000][5173.819s][info ][safepoint   ] Safepoint "Cleanup", Time since last: 50087753981 ns, Reaching safepoint: 1687667 ns, Cleanup: 23791 ns, At safepoint: 6209 ns, Total: 1717667 ns
[2025-06-06T22:01:27.859+0000][5183.837s][debug][safepoint   ] Safepoint synchronization initiated using futex wait barrier. (161 threads)
[2025-06-06T22:01:27.860+0000][5183.837s][info ][safepoint   ] Safepoint "Cleanup", Time since last: 10017919962 ns, Reaching safepoint: 605208 ns, Cleanup: 31000 ns, At safepoint: 9625 ns, Total: 645833 ns
[2025-06-06T22:01:51.901+0000][5207.879s][debug][safepoint   ] Safepoint synchronization initiated using futex wait barrier. (161 threads)
[2025-06-06T22:01:51.901+0000][5207.879s][info ][safepoint   ] Safepoint "Cleanup", Time since last: 24041392220 ns, Reaching safepoint: 420167 ns, Cleanup: 38500 ns, At safepoint: 7042 ns, Total: 465709 ns
[2025-06-06T22:02:17.960+0000][5233.938s][debug][safepoint   ] Safepoint synchronization initiated using futex wait barrier. (161 threads)
[2025-06-06T22:02:17.961+0000][5233.939s][info ][safepoint   ] Safepoint "Cleanup", Time since last: 26058496970 ns, Reaching safepoint: 1203000 ns, Cleanup: 16875 ns, At safepoint: 3000 ns, Total: 1222875 ns
[2025-06-06T22:02:53.021+0000][5268.998s][debug][safepoint   ] Safepoint synchronization initiated using futex wait barrier. (160 threads)
[2025-06-06T22:02:53.021+0000][5268.999s][info ][safepoint   ] Safepoint "Cleanup", Time since last: 35059311599 ns, Reaching safepoint: 417667 ns, Cleanup: 23542 ns, At safepoint: 6291 ns, Total: 447500 ns
[2025-06-06T22:03:19.066+0000][5295.043s][debug][safepoint   ] Safepoint synchronization initiated using futex wait barrier. (161 threads)
[2025-06-06T22:03:19.066+0000][5295.043s][info ][safepoint   ] Safepoint "Cleanup", Time since last: 26044199179 ns, Reaching safepoint: 437084 ns, Cleanup: 30125 ns, At safepoint: 7291 ns, Total: 474500 ns
[2025-06-06T22:03:28.085+0000][5304.062s][debug][safepoint   ] Safepoint synchronization initiated using futex wait barrier. (160 threads)
[2025-06-06T22:03:28.090+0000][5304.068s][info ][safepoint   ] Safepoint "Cleanup", Time since last: 9018566296 ns, Reaching safepoint: 5530583 ns, Cleanup: 84792 ns, At safepoint: 19208 ns, Total: 5634583 ns
[2025-06-06T22:04:22.885+0000][5358.862s][debug][safepoint   ] Safepoint synchronization initiated using futex wait barrier. (162 threads)
[2025-06-06T22:04:22.885+0000][5358.863s][info ][safepoint   ] Safepoint "Cleanup", Time since last: 54794705109 ns, Reaching safepoint: 400583 ns, Cleanup: 27375 ns, At safepoint: 5667 ns, Total: 433625 ns
[2025-06-06T22:04:28.894+0000][5364.871s][debug][safepoint   ] Safepoint synchronization initiated using futex wait barrier. (162 threads)
[2025-06-06T22:04:28.895+0000][5364.873s][info ][safepoint   ] Safepoint "Cleanup", Time since last: 6008342169 ns, Reaching safepoint: 1288666 ns, Cleanup: 90709 ns, At safepoint: 40083 ns, Total: 1419458 ns
[2025-06-06T22:04:30.140+0000][5366.118s][debug][safepoint   ] Safepoint synchronization initiated using futex wait barrier. (162 threads)
[2025-06-06T22:04:30.141+0000][5366.119s][info ][gc,start    ] GC(95) Pause Young (Normal) (G1 Evacuation Pause)
[2025-06-06T22:04:30.142+0000][5366.119s][info ][gc,task     ] GC(95) Using 2 workers of 2 for evacuation
[2025-06-06T22:04:30.152+0000][5366.130s][info ][gc,phases   ] GC(95)   Pre Evacuate Collection Set: 0.7ms
[2025-06-06T22:04:30.153+0000][5366.130s][info ][gc,phases   ] GC(95)   Merge Heap Roots: 0.2ms
[2025-06-06T22:04:30.153+0000][5366.130s][info ][gc,phases   ] GC(95)   Evacuate Collection Set: 6.3ms
[2025-06-06T22:04:30.153+0000][5366.131s][info ][gc,phases   ] GC(95)   Post Evacuate Collection Set: 3.0ms
[2025-06-06T22:04:30.153+0000][5366.131s][info ][gc,phases   ] GC(95)   Other: 0.9ms
[2025-06-06T22:04:30.153+0000][5366.131s][info ][gc,heap     ] GC(95) Eden regions: 311->0(310)
[2025-06-06T22:04:30.153+0000][5366.131s][info ][gc,heap     ] GC(95) Survivor regions: 2->2(40)
[2025-06-06T22:04:30.154+0000][5366.131s][info ][gc,heap     ] GC(95) Old regions: 167->167
[2025-06-06T22:04:30.154+0000][5366.131s][info ][gc,heap     ] GC(95) Archive regions: 2->2
[2025-06-06T22:04:30.154+0000][5366.131s][info ][gc,heap     ] GC(95) Humongous regions: 0->0
[2025-06-06T22:04:30.154+0000][5366.131s][info ][gc,metaspace] GC(95) Metaspace: 174331K(175616K)->174331K(175616K) NonClass: 152839K(153472K)->152839K(153472K) Class: 21491K(22144K)->21491K(22144K)
[2025-06-06T22:04:30.154+0000][5366.132s][info ][gc          ] GC(95) Pause Young (Normal) (G1 Evacuation Pause) 479M->168M(538M) 12.691ms
[2025-06-06T22:04:30.154+0000][5366.132s][info ][gc,cpu      ] GC(95) User=0.02s Sys=0.00s Real=0.01s
[2025-06-06T22:04:30.154+0000][5366.132s][info ][safepoint   ] Safepoint "G1CollectForAllocation", Time since last: 1245048917 ns, Reaching safepoint: 1138875 ns, Cleanup: 21417 ns, At safepoint: 13146000 ns, Total: 14306292 ns
[2025-06-06T22:04:36.169+0000][5372.147s][debug][safepoint   ] Safepoint synchronization initiated using futex wait barrier. (162 threads)
[2025-06-06T22:04:36.170+0000][5372.147s][info ][safepoint   ] Safepoint "Cleanup", Time since last: 6014610128 ns, Reaching safepoint: 785166 ns, Cleanup: 40125 ns, At safepoint: 7084 ns, Total: 832375 ns
[2025-06-06T22:04:41.178+0000][5377.155s][debug][safepoint   ] Safepoint synchronization initiated using futex wait barrier. (162 threads)
[2025-06-06T22:04:41.179+0000][5377.156s][info ][safepoint   ] Safepoint "Cleanup", Time since last: 5007924877 ns, Reaching safepoint: 1058250 ns, Cleanup: 60542 ns, At safepoint: 14416 ns, Total: 1133208 ns
[2025-06-06T22:05:24.132+0000][5420.109s][debug][safepoint   ] Safepoint synchronization initiated using futex wait barrier. (160 threads)
[2025-06-06T22:05:24.133+0000][5420.110s][info ][safepoint   ] Safepoint "Cleanup", Time since last: 42952911061 ns, Reaching safepoint: 863375 ns, Cleanup: 99208 ns, At safepoint: 12542 ns, Total: 975125 ns
[2025-06-06T22:08:58.330+0000][5634.301s][debug][safepoint   ] Safepoint synchronization initiated using futex wait barrier. (159 threads)
[2025-06-06T22:08:58.332+0000][5634.304s][info ][safepoint   ] Safepoint "Cleanup", Time since last: 214191026306 ns, Reaching safepoint: 2261208 ns, Cleanup: 78125 ns, At safepoint: 11209 ns, Total: 2350542 ns
[2025-06-06T22:09:13.331+0000][5649.302s][debug][safepoint   ] Safepoint synchronization initiated using futex wait barrier. (159 threads)
[2025-06-06T22:09:13.332+0000][5649.303s][info ][gc,start    ] GC(96) Pause Young (Normal) (G1 Evacuation Pause)
[2025-06-06T22:09:13.332+0000][5649.304s][info ][gc,task     ] GC(96) Using 2 workers of 2 for evacuation
[2025-06-06T22:09:13.343+0000][5649.315s][info ][gc,phases   ] GC(96)   Pre Evacuate Collection Set: 1.0ms
[2025-06-06T22:09:13.344+0000][5649.315s][info ][gc,phases   ] GC(96)   Merge Heap Roots: 0.4ms
[2025-06-06T22:09:13.344+0000][5649.315s][info ][gc,phases   ] GC(96)   Evacuate Collection Set: 6.2ms
[2025-06-06T22:09:13.344+0000][5649.316s][info ][gc,phases   ] GC(96)   Post Evacuate Collection Set: 3.0ms
[2025-06-06T22:09:13.344+0000][5649.316s][info ][gc,phases   ] GC(96)   Other: 1.0ms
[2025-06-06T22:09:13.344+0000][5649.316s][info ][gc,heap     ] GC(96) Eden regions: 310->0(311)
[2025-06-06T22:09:13.344+0000][5649.316s][info ][gc,heap     ] GC(96) Survivor regions: 2->2(39)
[2025-06-06T22:09:13.345+0000][5649.316s][info ][gc,heap     ] GC(96) Old regions: 167->167
[2025-06-06T22:09:13.345+0000][5649.316s][info ][gc,heap     ] GC(96) Archive regions: 2->2
[2025-06-06T22:09:13.345+0000][5649.316s][info ][gc,heap     ] GC(96) Humongous regions: 0->0
[2025-06-06T22:09:13.345+0000][5649.316s][info ][gc,metaspace] GC(96) Metaspace: 174341K(175680K)->174341K(175680K) NonClass: 152850K(153536K)->152850K(153536K) Class: 21491K(22144K)->21491K(22144K)
[2025-06-06T22:09:13.345+0000][5649.317s][info ][gc          ] GC(96) Pause Young (Normal) (G1 Evacuation Pause) 478M->169M(538M) 13.157ms
[2025-06-06T22:09:13.345+0000][5649.317s][info ][gc,cpu      ] GC(96) User=0.02s Sys=0.00s Real=0.01s
[2025-06-06T22:09:13.346+0000][5649.318s][info ][safepoint   ] Safepoint "G1CollectForAllocation", Time since last: 14998504340 ns, Reaching safepoint: 1124625 ns, Cleanup: 22917 ns, At safepoint: 14263958 ns, Total: 15411500 ns
[2025-06-06T22:09:28.449+0000][5664.410s][debug][safepoint   ] Safepoint synchronization initiated using futex wait barrier. (159 threads)
[2025-06-06T22:09:28.451+0000][5664.411s][info ][safepoint   ] Safepoint "Cleanup", Time since last: 15091892548 ns, Reaching safepoint: 1098375 ns, Cleanup: 81167 ns, At safepoint: 44875 ns, Total: 1224417 ns
[2025-06-06T22:10:28.461+0000][5724.419s][debug][safepoint   ] Safepoint synchronization initiated using futex wait barrier. (160 threads)
[2025-06-06T22:10:28.462+0000][5724.420s][info ][safepoint   ] Safepoint "Cleanup", Time since last: 60007951903 ns, Reaching safepoint: 1010000 ns, Cleanup: 86625 ns, At safepoint: 12042 ns, Total: 1108667 ns
[2025-06-06T22:10:59.536+0000][5755.493s][debug][safepoint   ] Safepoint synchronization initiated using futex wait barrier. (160 threads)
[2025-06-06T22:10:59.537+0000][5755.495s][info ][safepoint   ] Safepoint "Cleanup", Time since last: 31073666056 ns, Reaching safepoint: 1216458 ns, Cleanup: 79875 ns, At safepoint: 16750 ns, Total: 1313083 ns
[2025-06-06T22:12:01.559+0000][5817.516s][debug][safepoint   ] Safepoint synchronization initiated using futex wait barrier. (159 threads)
[2025-06-06T22:12:01.560+0000][5817.517s][info ][safepoint   ] Safepoint "Cleanup", Time since last: 62020801279 ns, Reaching safepoint: 1076167 ns, Cleanup: 101666 ns, At safepoint: 14667 ns, Total: 1192500 ns
[2025-06-06T22:14:00.528+0000][5936.484s][debug][safepoint   ] Safepoint synchronization initiated using futex wait barrier. (160 threads)
[2025-06-06T22:14:00.530+0000][5936.486s][info ][gc,start    ] GC(97) Pause Young (Normal) (G1 Evacuation Pause)
[2025-06-06T22:14:00.530+0000][5936.486s][info ][gc,task     ] GC(97) Using 2 workers of 2 for evacuation
[2025-06-06T22:14:00.541+0000][5936.496s][info ][gc,phases   ] GC(97)   Pre Evacuate Collection Set: 0.7ms
[2025-06-06T22:14:00.541+0000][5936.497s][info ][gc,phases   ] GC(97)   Merge Heap Roots: 0.2ms
[2025-06-06T22:14:00.541+0000][5936.497s][info ][gc,phases   ] GC(97)   Evacuate Collection Set: 5.6ms
[2025-06-06T22:14:00.541+0000][5936.497s][info ][gc,phases   ] GC(97)   Post Evacuate Collection Set: 3.5ms
[2025-06-06T22:14:00.541+0000][5936.497s][info ][gc,phases   ] GC(97)   Other: 0.7ms
[2025-06-06T22:14:00.542+0000][5936.497s][info ][gc,heap     ] GC(97) Eden regions: 311->0(311)
[2025-06-06T22:14:00.542+0000][5936.498s][info ][gc,heap     ] GC(97) Survivor regions: 2->2(40)
[2025-06-06T22:14:00.542+0000][5936.498s][info ][gc,heap     ] GC(97) Old regions: 167->167
[2025-06-06T22:14:00.542+0000][5936.498s][info ][gc,heap     ] GC(97) Archive regions: 2->2
[2025-06-06T22:14:00.542+0000][5936.498s][info ][gc,heap     ] GC(97) Humongous regions: 0->0
[2025-06-06T22:14:00.542+0000][5936.498s][info ][gc,metaspace] GC(97) Metaspace: 174359K(175744K)->174359K(175744K) NonClass: 152867K(153600K)->152867K(153600K) Class: 21491K(22144K)->21491K(22144K)
[2025-06-06T22:14:00.543+0000][5936.498s][info ][gc          ] GC(97) Pause Young (Normal) (G1 Evacuation Pause) 480M->169M(538M) 12.605ms
[2025-06-06T22:14:00.543+0000][5936.498s][info ][gc,cpu      ] GC(97) User=0.02s Sys=0.00s Real=0.02s
[2025-06-06T22:14:00.543+0000][5936.499s][info ][safepoint   ] Safepoint "G1CollectForAllocation", Time since last: 118966891721 ns, Reaching safepoint: 1783083 ns, Cleanup: 22625 ns, At safepoint: 13212375 ns, Total: 15018083 ns
[2025-06-06T22:14:01.544+0000][5937.499s][debug][safepoint   ] Safepoint synchronization initiated using futex wait barrier. (160 threads)
[2025-06-06T22:14:01.544+0000][5937.500s][info ][safepoint   ] Safepoint "Cleanup", Time since last: 1000662459 ns, Reaching safepoint: 626792 ns, Cleanup: 26166 ns, At safepoint: 5792 ns, Total: 658750 ns
[2025-06-06T22:14:18.514+0000][5954.469s][debug][safepoint   ] Safepoint synchronization initiated using futex wait barrier. (160 threads)
[2025-06-06T22:14:18.515+0000][5954.470s][info ][safepoint   ] Safepoint "Cleanup", Time since last: 16969352425 ns, Reaching safepoint: 1061041 ns, Cleanup: 70834 ns, At safepoint: 16291 ns, Total: 1148166 ns
[2025-06-06T22:16:28.624+0000][6084.578s][debug][safepoint   ] Safepoint synchronization initiated using futex wait barrier. (160 threads)
[2025-06-06T22:16:28.625+0000][6084.580s][info ][safepoint   ] Safepoint "Cleanup", Time since last: 130108003976 ns, Reaching safepoint: 960625 ns, Cleanup: 67125 ns, At safepoint: 11167 ns, Total: 1038917 ns
[2025-06-06T22:17:06.683+0000][6122.638s][debug][safepoint   ] Safepoint synchronization initiated using futex wait barrier. (160 threads)
[2025-06-06T22:17:06.684+0000][6122.638s][info ][safepoint   ] Safepoint "Cleanup", Time since last: 38058062392 ns, Reaching safepoint: 585125 ns, Cleanup: 56417 ns, At safepoint: 10750 ns, Total: 652292 ns
[2025-06-06T22:18:28.815+0000][6204.768s][debug][safepoint   ] Safepoint synchronization initiated using futex wait barrier. (160 threads)
[2025-06-06T22:18:28.816+0000][6204.770s][info ][safepoint   ] Safepoint "Cleanup", Time since last: 82130136995 ns, Reaching safepoint: 1465750 ns, Cleanup: 29542 ns, At safepoint: 6708 ns, Total: 1502000 ns
[2025-06-06T22:18:37.828+0000][6213.782s][debug][safepoint   ] Safepoint synchronization initiated using futex wait barrier. (160 threads)
[2025-06-06T22:18:37.830+0000][6213.783s][info ][safepoint   ] Safepoint "Cleanup", Time since last: 9011853004 ns, Reaching safepoint: 1540959 ns, Cleanup: 77083 ns, At safepoint: 12625 ns, Total: 1630667 ns
[2025-06-06T22:18:40.157+0000][6216.111s][debug][safepoint   ] Safepoint synchronization initiated using futex wait barrier. (160 threads)
[2025-06-06T22:18:40.158+0000][6216.112s][info ][gc,start    ] GC(98) Pause Young (Normal) (G1 Evacuation Pause)
[2025-06-06T22:18:40.159+0000][6216.113s][info ][gc,task     ] GC(98) Using 2 workers of 2 for evacuation
[2025-06-06T22:18:40.169+0000][6216.123s][info ][gc,phases   ] GC(98)   Pre Evacuate Collection Set: 0.6ms
[2025-06-06T22:18:40.169+0000][6216.123s][info ][gc,phases   ] GC(98)   Merge Heap Roots: 0.2ms
[2025-06-06T22:18:40.169+0000][6216.123s][info ][gc,phases   ] GC(98)   Evacuate Collection Set: 5.3ms
[2025-06-06T22:18:40.170+0000][6216.123s][info ][gc,phases   ] GC(98)   Post Evacuate Collection Set: 3.2ms
[2025-06-06T22:18:40.170+0000][6216.123s][info ][gc,phases   ] GC(98)   Other: 1.4ms
[2025-06-06T22:18:40.170+0000][6216.123s][info ][gc,heap     ] GC(98) Eden regions: 311->0(311)
[2025-06-06T22:18:40.170+0000][6216.124s][info ][gc,heap     ] GC(98) Survivor regions: 2->2(40)
[2025-06-06T22:18:40.170+0000][6216.124s][info ][gc,heap     ] GC(98) Old regions: 167->167
[2025-06-06T22:18:40.170+0000][6216.124s][info ][gc,heap     ] GC(98) Archive regions: 2->2
[2025-06-06T22:18:40.170+0000][6216.124s][info ][gc,heap     ] GC(98) Humongous regions: 0->0
[2025-06-06T22:18:40.170+0000][6216.124s][info ][gc,metaspace] GC(98) Metaspace: 174363K(175744K)->174363K(175744K) NonClass: 152871K(153600K)->152871K(153600K) Class: 21491K(22144K)->21491K(22144K)
[2025-06-06T22:18:40.171+0000][6216.124s][info ][gc          ] GC(98) Pause Young (Normal) (G1 Evacuation Pause) 480M->168M(538M) 12.257ms
[2025-06-06T22:18:40.171+0000][6216.124s][info ][gc,cpu      ] GC(98) User=0.02s Sys=0.00s Real=0.01s
[2025-06-06T22:18:40.171+0000][6216.125s][info ][safepoint   ] Safepoint "G1CollectForAllocation", Time since last: 2327316543 ns, Reaching safepoint: 1063291 ns, Cleanup: 23709 ns, At safepoint: 12808791 ns, Total: 13895791 ns
[2025-06-06T22:19:09.209+0000][6245.162s][debug][safepoint   ] Safepoint synchronization initiated using futex wait barrier. (160 threads)
[2025-06-06T22:19:09.209+0000][6245.163s][info ][safepoint   ] Safepoint "Cleanup", Time since last: 29037569014 ns, Reaching safepoint: 556791 ns, Cleanup: 46875 ns, At safepoint: 5959 ns, Total: 609625 ns
[2025-06-06T22:19:17.637+0000][6253.590s][debug][safepoint   ] Safepoint synchronization initiated using futex wait barrier. (160 threads)
[2025-06-06T22:19:17.638+0000][6253.592s][info ][safepoint   ] Safepoint "Cleanup", Time since last: 8427604837 ns, Reaching safepoint: 1352250 ns, Cleanup: 96625 ns, At safepoint: 15042 ns, Total: 1463917 ns
[2025-06-06T22:20:09.743+0000][6305.696s][debug][safepoint   ] Safepoint synchronization initiated using futex wait barrier. (159 threads)
[2025-06-06T22:20:09.745+0000][6305.698s][info ][safepoint   ] Safepoint "Cleanup", Time since last: 52103814274 ns, Reaching safepoint: 2417583 ns, Cleanup: 68250 ns, At safepoint: 12833 ns, Total: 2498666 ns
[2025-06-06T22:21:10.857+0000][6366.809s][debug][safepoint   ] Safepoint synchronization initiated using futex wait barrier. (159 threads)
[2025-06-06T22:21:10.858+0000][6366.811s][info ][safepoint   ] Safepoint "Cleanup", Time since last: 61111252444 ns, Reaching safepoint: 1207709 ns, Cleanup: 56500 ns, At safepoint: 10625 ns, Total: 1274834 ns
[2025-06-06T22:22:09.970+0000][6425.922s][debug][safepoint   ] Safepoint synchronization initiated using futex wait barrier. (160 threads)
[2025-06-06T22:22:09.971+0000][6425.923s][info ][safepoint   ] Safepoint "Cleanup", Time since last: 59111806610 ns, Reaching safepoint: 168042 ns, Cleanup: 31875 ns, At safepoint: 5375 ns, Total: 205292 ns
[2025-06-06T22:22:11.964+0000][6427.916s][debug][safepoint   ] Safepoint synchronization initiated using futex wait barrier. (160 threads)
[2025-06-06T22:22:11.965+0000][6427.917s][info ][safepoint   ] Safepoint "Cleanup", Time since last: 1993167917 ns, Reaching safepoint: 481459 ns, Cleanup: 221708 ns, At safepoint: 8500 ns, Total: 711667 ns
[2025-06-06T22:23:19.153+0000][6495.105s][debug][safepoint   ] Safepoint synchronization initiated using futex wait barrier. (159 threads)
[2025-06-06T22:23:19.155+0000][6495.107s][info ][gc,start    ] GC(99) Pause Young (Normal) (G1 Evacuation Pause)
[2025-06-06T22:23:19.155+0000][6495.107s][info ][gc,task     ] GC(99) Using 2 workers of 2 for evacuation
[2025-06-06T22:23:19.164+0000][6495.115s][info ][gc,phases   ] GC(99)   Pre Evacuate Collection Set: 0.8ms
[2025-06-06T22:23:19.164+0000][6495.116s][info ][gc,phases   ] GC(99)   Merge Heap Roots: 0.3ms
[2025-06-06T22:23:19.164+0000][6495.116s][info ][gc,phases   ] GC(99)   Evacuate Collection Set: 3.7ms
[2025-06-06T22:23:19.164+0000][6495.116s][info ][gc,phases   ] GC(99)   Post Evacuate Collection Set: 2.5ms
[2025-06-06T22:23:19.164+0000][6495.116s][info ][gc,phases   ] GC(99)   Other: 1.6ms
[2025-06-06T22:23:19.164+0000][6495.116s][info ][gc,heap     ] GC(99) Eden regions: 311->0(311)
[2025-06-06T22:23:19.164+0000][6495.116s][info ][gc,heap     ] GC(99) Survivor regions: 2->2(40)
[2025-06-06T22:23:19.165+0000][6495.116s][info ][gc,heap     ] GC(99) Old regions: 167->167
[2025-06-06T22:23:19.165+0000][6495.116s][info ][gc,heap     ] GC(99) Archive regions: 2->2
[2025-06-06T22:23:19.165+0000][6495.117s][info ][gc,heap     ] GC(99) Humongous regions: 0->0
[2025-06-06T22:23:19.165+0000][6495.117s][info ][gc,metaspace] GC(99) Metaspace: 174384K(175744K)->174384K(175744K) NonClass: 152892K(153600K)->152892K(153600K) Class: 21491K(22144K)->21491K(22144K)
[2025-06-06T22:23:19.165+0000][6495.117s][info ][gc          ] GC(99) Pause Young (Normal) (G1 Evacuation Pause) 479M->168M(538M) 10.156ms
[2025-06-06T22:23:19.165+0000][6495.117s][info ][gc,cpu      ] GC(99) User=0.01s Sys=0.00s Real=0.01s
[2025-06-06T22:23:19.166+0000][6495.117s][info ][safepoint   ] Safepoint "G1CollectForAllocation", Time since last: 67188548030 ns, Reaching safepoint: 1350792 ns, Cleanup: 17792 ns, At safepoint: 10893791 ns, Total: 12262375 ns
[2025-06-06T22:25:26.263+0000][6622.212s][debug][safepoint   ] Safepoint synchronization initiated using futex wait barrier. (159 threads)
[2025-06-06T22:25:26.265+0000][6622.214s][debug][safepoint   ] ... found polling page loop exception at pc = 0x0000ffff7db0cfa4, stub =0x0000ffff7c97ec00
[2025-06-06T22:25:26.266+0000][6622.216s][info ][safepoint   ] Safepoint "Cleanup", Time since last: 127094867767 ns, Reaching safepoint: 3208458 ns, Cleanup: 30458 ns, At safepoint: 38417 ns, Total: 3277333 ns
[2025-06-06T22:25:26.287+0000][6622.236s][debug][safepoint   ] ... found polling page loop exception at pc = 0x0000ffff7d91dd44, stub =0x0000ffff7c97ef00
[2025-06-06T22:25:27.290+0000][6623.239s][debug][safepoint   ] Safepoint synchronization initiated using futex wait barrier. (161 threads)
[2025-06-06T22:25:27.290+0000][6623.240s][info ][safepoint   ] Safepoint "Cleanup", Time since last: 1023488626 ns, Reaching safepoint: 311416 ns, Cleanup: 219042 ns, At safepoint: 5208 ns, Total: 535666 ns
[2025-06-06T22:25:58.340+0000][6654.290s][debug][safepoint   ] Safepoint synchronization initiated using futex wait barrier. (161 threads)
[2025-06-06T22:25:58.341+0000][6654.291s][info ][safepoint   ] Safepoint "Cleanup", Time since last: 31050600681 ns, Reaching safepoint: 842542 ns, Cleanup: 70291 ns, At safepoint: 10125 ns, Total: 922958 ns
[2025-06-06T22:27:28.271+0000][6744.220s][debug][safepoint   ] Safepoint synchronization initiated using futex wait barrier. (160 threads)
[2025-06-06T22:27:28.272+0000][6744.221s][info ][safepoint   ] Safepoint "Cleanup", Time since last: 89929199874 ns, Reaching safepoint: 1117833 ns, Cleanup: 83042 ns, At safepoint: 21667 ns, Total: 1222542 ns
[2025-06-06T22:27:41.574+0000][6757.523s][debug][safepoint   ] Safepoint synchronization initiated using futex wait barrier. (160 threads)
[2025-06-06T22:27:41.574+0000][6757.524s][info ][gc,start    ] GC(100) Pause Young (Normal) (G1 Evacuation Pause)
[2025-06-06T22:27:41.575+0000][6757.524s][info ][gc,task     ] GC(100) Using 2 workers of 2 for evacuation
[2025-06-06T22:27:41.583+0000][6757.532s][info ][gc,phases   ] GC(100)   Pre Evacuate Collection Set: 0.4ms
[2025-06-06T22:27:41.583+0000][6757.532s][info ][gc,phases   ] GC(100)   Merge Heap Roots: 0.2ms
[2025-06-06T22:27:41.583+0000][6757.532s][info ][gc,phases   ] GC(100)   Evacuate Collection Set: 4.6ms
[2025-06-06T22:27:41.583+0000][6757.533s][info ][gc,phases   ] GC(100)   Post Evacuate Collection Set: 2.4ms
[2025-06-06T22:27:41.583+0000][6757.533s][info ][gc,phases   ] GC(100)   Other: 0.7ms
[2025-06-06T22:27:41.583+0000][6757.533s][info ][gc,heap     ] GC(100) Eden regions: 311->0(311)
[2025-06-06T22:27:41.584+0000][6757.533s][info ][gc,heap     ] GC(100) Survivor regions: 2->2(40)
[2025-06-06T22:27:41.584+0000][6757.533s][info ][gc,heap     ] GC(100) Old regions: 167->167
[2025-06-06T22:27:41.584+0000][6757.533s][info ][gc,heap     ] GC(100) Archive regions: 2->2
[2025-06-06T22:27:41.584+0000][6757.533s][info ][gc,heap     ] GC(100) Humongous regions: 0->0
[2025-06-06T22:27:41.584+0000][6757.533s][info ][gc,metaspace] GC(100) Metaspace: 174481K(175808K)->174481K(175808K) NonClass: 152985K(153664K)->152985K(153664K) Class: 21496K(22144K)->21496K(22144K)
[2025-06-06T22:27:41.584+0000][6757.534s][info ][gc          ] GC(100) Pause Young (Normal) (G1 Evacuation Pause) 479M->169M(538M) 9.823ms
[2025-06-06T22:27:41.584+0000][6757.534s][info ][gc,cpu      ] GC(100) User=0.01s Sys=0.00s Real=0.01s
[2025-06-06T22:27:41.585+0000][6757.534s][info ][safepoint   ] Safepoint "G1CollectForAllocation", Time since last: 13301492798 ns, Reaching safepoint: 695750 ns, Cleanup: 8333 ns, At safepoint: 10362292 ns, Total: 11066375 ns
[2025-06-06T22:31:20.521+0000][6976.468s][debug][safepoint   ] Safepoint synchronization initiated using futex wait barrier. (160 threads)
[2025-06-06T22:31:20.522+0000][6976.469s][info ][safepoint   ] Safepoint "Cleanup", Time since last: 218934205599 ns, Reaching safepoint: 680209 ns, Cleanup: 51291 ns, At safepoint: 7542 ns, Total: 739042 ns
[2025-06-06T22:32:06.592+0000][7022.539s][debug][safepoint   ] Safepoint synchronization initiated using futex wait barrier. (160 threads)
[2025-06-06T22:32:06.594+0000][7022.541s][info ][safepoint   ] Safepoint "Cleanup", Time since last: 46069740687 ns, Reaching safepoint: 2025458 ns, Cleanup: 83584 ns, At safepoint: 16833 ns, Total: 2125875 ns
[2025-06-06T22:32:12.608+0000][7028.554s][debug][safepoint   ] Safepoint synchronization initiated using futex wait barrier. (160 threads)
[2025-06-06T22:32:12.609+0000][7028.555s][info ][safepoint   ] Safepoint "Cleanup", Time since last: 6013567753 ns, Reaching safepoint: 836875 ns, Cleanup: 62875 ns, At safepoint: 12458 ns, Total: 912208 ns
[2025-06-06T22:32:18.625+0000][7034.572s][debug][safepoint   ] Safepoint synchronization initiated using futex wait barrier. (160 threads)
[2025-06-06T22:32:18.627+0000][7034.573s][info ][safepoint   ] Safepoint "Cleanup", Time since last: 6016562586 ns, Reaching safepoint: 1404084 ns, Cleanup: 149666 ns, At safepoint: 14792 ns, Total: 1568542 ns
[2025-06-06T22:32:21.632+0000][7037.579s][debug][safepoint   ] Safepoint synchronization initiated using futex wait barrier. (160 threads)
[2025-06-06T22:32:21.638+0000][7037.585s][info ][safepoint   ] Safepoint "Cleanup", Time since last: 3005113918 ns, Reaching safepoint: 5849542 ns, Cleanup: 199250 ns, At safepoint: 15542 ns, Total: 6064334 ns
[2025-06-06T22:32:23.659+0000][7039.605s][debug][safepoint   ] Safepoint synchronization initiated using futex wait barrier. (160 threads)
[2025-06-06T22:32:23.660+0000][7039.606s][info ][gc,start    ] GC(101) Pause Young (Normal) (G1 Evacuation Pause)
[2025-06-06T22:32:23.660+0000][7039.606s][info ][gc,task     ] GC(101) Using 2 workers of 2 for evacuation
[2025-06-06T22:32:23.680+0000][7039.626s][info ][gc,phases   ] GC(101)   Pre Evacuate Collection Set: 1.3ms
[2025-06-06T22:32:23.680+0000][7039.626s][info ][gc,phases   ] GC(101)   Merge Heap Roots: 0.2ms
[2025-06-06T22:32:23.680+0000][7039.626s][info ][gc,phases   ] GC(101)   Evacuate Collection Set: 13.3ms
[2025-06-06T22:32:23.680+0000][7039.626s][info ][gc,phases   ] GC(101)   Post Evacuate Collection Set: 4.3ms
[2025-06-06T22:32:23.680+0000][7039.626s][info ][gc,phases   ] GC(101)   Other: 0.7ms
[2025-06-06T22:32:23.680+0000][7039.626s][info ][gc,heap     ] GC(101) Eden regions: 311->0(311)
[2025-06-06T22:32:23.680+0000][7039.626s][info ][gc,heap     ] GC(101) Survivor regions: 2->2(40)
[2025-06-06T22:32:23.680+0000][7039.626s][info ][gc,heap     ] GC(101) Old regions: 167->167
[2025-06-06T22:32:23.680+0000][7039.626s][info ][gc,heap     ] GC(101) Archive regions: 2->2
[2025-06-06T22:32:23.680+0000][7039.626s][info ][gc,heap     ] GC(101) Humongous regions: 0->0
[2025-06-06T22:32:23.680+0000][7039.626s][info ][gc,metaspace] GC(101) Metaspace: 174509K(175872K)->174509K(175872K) NonClass: 153013K(153728K)->153013K(153728K) Class: 21496K(22144K)->21496K(22144K)
[2025-06-06T22:32:23.680+0000][7039.626s][info ][gc          ] GC(101) Pause Young (Normal) (G1 Evacuation Pause) 480M->168M(538M) 20.441ms
[2025-06-06T22:32:23.680+0000][7039.627s][info ][gc,cpu      ] GC(101) User=0.04s Sys=0.00s Real=0.02s
[2025-06-06T22:32:23.680+0000][7039.627s][info ][safepoint   ] Safepoint "G1CollectForAllocation", Time since last: 2020610542 ns, Reaching safepoint: 578417 ns, Cleanup: 7458 ns, At safepoint: 20770875 ns, Total: 21356750 ns
[2025-06-06T22:32:41.727+0000][7057.673s][debug][safepoint   ] Safepoint synchronization initiated using futex wait barrier. (160 threads)
[2025-06-06T22:32:41.728+0000][7057.674s][info ][safepoint   ] Safepoint "Cleanup", Time since last: 18046824925 ns, Reaching safepoint: 487167 ns, Cleanup: 86083 ns, At safepoint: 11042 ns, Total: 584292 ns
[2025-06-06T22:33:06.774+0000][7082.721s][debug][safepoint   ] Safepoint synchronization initiated using futex wait barrier. (161 threads)
[2025-06-06T22:33:06.775+0000][7082.722s][info ][safepoint   ] Safepoint "Cleanup", Time since last: 25046559011 ns, Reaching safepoint: 809334 ns, Cleanup: 32375 ns, At safepoint: 5875 ns, Total: 847584 ns
[2025-06-06T22:33:18.370+0000][7094.316s][debug][safepoint   ] Safepoint synchronization initiated using futex wait barrier. (159 threads)
[2025-06-06T22:33:18.371+0000][7094.317s][info ][safepoint   ] Safepoint "Cleanup", Time since last: 11595011630 ns, Reaching safepoint: 703167 ns, Cleanup: 22542 ns, At safepoint: 6666 ns, Total: 732375 ns
[2025-06-06T22:33:22.379+0000][7098.325s][debug][safepoint   ] Safepoint synchronization initiated using futex wait barrier. (161 threads)
[2025-06-06T22:33:22.379+0000][7098.325s][info ][safepoint   ] Safepoint "Cleanup", Time since last: 4007733794 ns, Reaching safepoint: 333833 ns, Cleanup: 23709 ns, At safepoint: 15291 ns, Total: 372833 ns
[2025-06-06T22:33:37.404+0000][7113.350s][debug][safepoint   ] Safepoint synchronization initiated using futex wait barrier. (161 threads)
[2025-06-06T22:33:37.404+0000][7113.351s][info ][safepoint   ] Safepoint "Cleanup", Time since last: 15025098632 ns, Reaching safepoint: 526000 ns, Cleanup: 70167 ns, At safepoint: 12583 ns, Total: 608750 ns
[2025-06-06T22:35:18.550+0000][7214.496s][debug][safepoint   ] Safepoint synchronization initiated using futex wait barrier. (158 threads)
[2025-06-06T22:35:18.551+0000][7214.498s][info ][safepoint   ] Safepoint "Cleanup", Time since last: 101144913796 ns, Reaching safepoint: 1582375 ns, Cleanup: 32333 ns, At safepoint: 9000 ns, Total: 1623708 ns
[2025-06-06T22:35:25.558+0000][7221.504s][debug][safepoint   ] Safepoint synchronization initiated using futex wait barrier. (163 threads)
[2025-06-06T22:35:25.559+0000][7221.504s][info ][safepoint   ] Safepoint "Cleanup", Time since last: 7006113253 ns, Reaching safepoint: 426625 ns, Cleanup: 39875 ns, At safepoint: 9166 ns, Total: 475666 ns
[2025-06-06T22:36:37.709+0000][7293.653s][debug][safepoint   ] Safepoint synchronization initiated using futex wait barrier. (162 threads)
[2025-06-06T22:36:37.709+0000][7293.654s][info ][safepoint   ] Safepoint "Cleanup", Time since last: 72149315492 ns, Reaching safepoint: 662791 ns, Cleanup: 25959 ns, At safepoint: 8166 ns, Total: 696916 ns
[2025-06-06T22:37:02.226+0000][7318.171s][debug][safepoint   ] Safepoint synchronization initiated using futex wait barrier. (162 threads)
[2025-06-06T22:37:02.228+0000][7318.173s][info ][gc,start    ] GC(102) Pause Young (Normal) (G1 Evacuation Pause)
[2025-06-06T22:37:02.229+0000][7318.173s][info ][gc,task     ] GC(102) Using 2 workers of 2 for evacuation
[2025-06-06T22:37:02.240+0000][7318.185s][info ][gc,phases   ] GC(102)   Pre Evacuate Collection Set: 0.4ms
[2025-06-06T22:37:02.241+0000][7318.185s][info ][gc,phases   ] GC(102)   Merge Heap Roots: 0.2ms
[2025-06-06T22:37:02.241+0000][7318.185s][info ][gc,phases   ] GC(102)   Evacuate Collection Set: 6.6ms
[2025-06-06T22:37:02.241+0000][7318.185s][info ][gc,phases   ] GC(102)   Post Evacuate Collection Set: 3.6ms
[2025-06-06T22:37:02.241+0000][7318.185s][info ][gc,phases   ] GC(102)   Other: 1.1ms
[2025-06-06T22:37:02.241+0000][7318.185s][info ][gc,heap     ] GC(102) Eden regions: 311->0(311)
[2025-06-06T22:37:02.241+0000][7318.186s][info ][gc,heap     ] GC(102) Survivor regions: 2->2(40)
[2025-06-06T22:37:02.241+0000][7318.186s][info ][gc,heap     ] GC(102) Old regions: 167->167
[2025-06-06T22:37:02.241+0000][7318.186s][info ][gc,heap     ] GC(102) Archive regions: 2->2
[2025-06-06T22:37:02.241+0000][7318.186s][info ][gc,heap     ] GC(102) Humongous regions: 0->0
[2025-06-06T22:37:02.241+0000][7318.186s][info ][gc,metaspace] GC(102) Metaspace: 174536K(175872K)->174536K(175872K) NonClass: 153040K(153728K)->153040K(153728K) Class: 21496K(22144K)->21496K(22144K)
[2025-06-06T22:37:02.242+0000][7318.186s][info ][gc          ] GC(102) Pause Young (Normal) (G1 Evacuation Pause) 479M->169M(538M) 13.255ms
[2025-06-06T22:37:02.242+0000][7318.186s][info ][gc,cpu      ] GC(102) User=0.02s Sys=0.00s Real=0.01s
[2025-06-06T22:37:02.242+0000][7318.186s][info ][safepoint   ] Safepoint "G1CollectForAllocation", Time since last: 24516395178 ns, Reaching safepoint: 2127334 ns, Cleanup: 24166 ns, At safepoint: 13697459 ns, Total: 15848959 ns
[2025-06-06T22:39:37.140+0000][7473.083s][debug][safepoint   ] Safepoint synchronization initiated using futex wait barrier. (160 threads)
[2025-06-06T22:39:37.141+0000][7473.084s][info ][safepoint   ] Safepoint "Cleanup", Time since last: 154896632528 ns, Reaching safepoint: 1121708 ns, Cleanup: 77750 ns, At safepoint: 52375 ns, Total: 1251833 ns
[2025-06-06T22:40:29.222+0000][7525.165s][debug][safepoint   ] Safepoint synchronization initiated using futex wait barrier. (160 threads)
[2025-06-06T22:40:29.225+0000][7525.168s][info ][safepoint   ] Safepoint "Cleanup", Time since last: 52080662899 ns, Reaching safepoint: 3077083 ns, Cleanup: 68125 ns, At safepoint: 16667 ns, Total: 3161875 ns
[2025-06-06T22:41:42.983+0000][7598.925s][debug][safepoint   ] Safepoint synchronization initiated using futex wait barrier. (159 threads)
[2025-06-06T22:41:42.984+0000][7598.926s][info ][gc,start    ] GC(103) Pause Young (Normal) (G1 Evacuation Pause)
[2025-06-06T22:41:42.984+0000][7598.926s][info ][gc,task     ] GC(103) Using 2 workers of 2 for evacuation
[2025-06-06T22:41:42.991+0000][7598.933s][info ][gc,phases   ] GC(103)   Pre Evacuate Collection Set: 0.7ms
[2025-06-06T22:41:42.991+0000][7598.933s][info ][gc,phases   ] GC(103)   Merge Heap Roots: 0.3ms
[2025-06-06T22:41:42.991+0000][7598.933s][info ][gc,phases   ] GC(103)   Evacuate Collection Set: 3.0ms
[2025-06-06T22:41:42.991+0000][7598.933s][info ][gc,phases   ] GC(103)   Post Evacuate Collection Set: 2.2ms
[2025-06-06T22:41:42.991+0000][7598.933s][info ][gc,phases   ] GC(103)   Other: 1.0ms
[2025-06-06T22:41:42.991+0000][7598.933s][info ][gc,heap     ] GC(103) Eden regions: 311->0(311)
[2025-06-06T22:41:42.991+0000][7598.933s][info ][gc,heap     ] GC(103) Survivor regions: 2->2(40)
[2025-06-06T22:41:42.991+0000][7598.933s][info ][gc,heap     ] GC(103) Old regions: 167->167
[2025-06-06T22:41:42.991+0000][7598.933s][info ][gc,heap     ] GC(103) Archive regions: 2->2
[2025-06-06T22:41:42.991+0000][7598.933s][info ][gc,heap     ] GC(103) Humongous regions: 0->0
[2025-06-06T22:41:42.992+0000][7598.933s][info ][gc,metaspace] GC(103) Metaspace: 174538K(175872K)->174538K(175872K) NonClass: 153042K(153728K)->153042K(153728K) Class: 21496K(22144K)->21496K(22144K)
[2025-06-06T22:41:42.992+0000][7598.934s][info ][gc          ] GC(103) Pause Young (Normal) (G1 Evacuation Pause) 480M->169M(538M) 7.887ms
[2025-06-06T22:41:42.992+0000][7598.934s][info ][gc,cpu      ] GC(103) User=0.01s Sys=0.00s Real=0.01s
[2025-06-06T22:41:42.992+0000][7598.934s][info ][safepoint   ] Safepoint "G1CollectForAllocation", Time since last: 73756466826 ns, Reaching safepoint: 821208 ns, Cleanup: 218792 ns, At safepoint: 8137792 ns, Total: 9177792 ns
[2025-06-06T22:41:58.021+0000][7613.962s][debug][safepoint   ] Safepoint synchronization initiated using futex wait barrier. (159 threads)
[2025-06-06T22:41:58.025+0000][7613.966s][info ][safepoint   ] Safepoint "Cleanup", Time since last: 15028612090 ns, Reaching safepoint: 3390333 ns, Cleanup: 124083 ns, At safepoint: 12042 ns, Total: 3526458 ns
[2025-06-06T22:42:25.073+0000][7641.015s][debug][safepoint   ] Safepoint synchronization initiated using futex wait barrier. (159 threads)
[2025-06-06T22:42:25.074+0000][7641.015s][info ][safepoint   ] Safepoint "Cleanup", Time since last: 27048827887 ns, Reaching safepoint: 237625 ns, Cleanup: 15625 ns, At safepoint: 3417 ns, Total: 256667 ns
[2025-06-06T22:44:34.306+0000][7770.246s][debug][safepoint   ] Safepoint synchronization initiated using futex wait barrier. (159 threads)
[2025-06-06T22:44:34.307+0000][7770.247s][info ][safepoint   ] Safepoint "Cleanup", Time since last: 129231467643 ns, Reaching safepoint: 900833 ns, Cleanup: 57458 ns, At safepoint: 6875 ns, Total: 965166 ns
[2025-06-06T22:45:26.388+0000][7822.331s][debug][safepoint   ] Safepoint synchronization initiated using futex wait barrier. (159 threads)
[2025-06-06T22:45:26.389+0000][7822.333s][info ][safepoint   ] Safepoint "Cleanup", Time since last: 52083890565 ns, Reaching safepoint: 1230292 ns, Cleanup: 62000 ns, At safepoint: 12292 ns, Total: 1304584 ns
[2025-06-06T22:46:23.675+0000][7879.619s][debug][safepoint   ] Safepoint synchronization initiated using futex wait barrier. (159 threads)
[2025-06-06T22:46:23.676+0000][7879.620s][info ][gc,start    ] GC(104) Pause Young (Normal) (G1 Evacuation Pause)
[2025-06-06T22:46:23.676+0000][7879.620s][info ][gc,task     ] GC(104) Using 2 workers of 2 for evacuation
[2025-06-06T22:46:23.682+0000][7879.626s][info ][gc,phases   ] GC(104)   Pre Evacuate Collection Set: 0.3ms
[2025-06-06T22:46:23.682+0000][7879.626s][info ][gc,phases   ] GC(104)   Merge Heap Roots: 0.2ms
[2025-06-06T22:46:23.682+0000][7879.626s][info ][gc,phases   ] GC(104)   Evacuate Collection Set: 2.7ms
[2025-06-06T22:46:23.682+0000][7879.626s][info ][gc,phases   ] GC(104)   Post Evacuate Collection Set: 2.4ms
[2025-06-06T22:46:23.682+0000][7879.626s][info ][gc,phases   ] GC(104)   Other: 0.5ms
[2025-06-06T22:46:23.682+0000][7879.626s][info ][gc,heap     ] GC(104) Eden regions: 311->0(311)
[2025-06-06T22:46:23.682+0000][7879.626s][info ][gc,heap     ] GC(104) Survivor regions: 2->2(40)
[2025-06-06T22:46:23.682+0000][7879.626s][info ][gc,heap     ] GC(104) Old regions: 167->167
[2025-06-06T22:46:23.682+0000][7879.626s][info ][gc,heap     ] GC(104) Archive regions: 2->2
[2025-06-06T22:46:23.682+0000][7879.626s][info ][gc,heap     ] GC(104) Humongous regions: 0->0
[2025-06-06T22:46:23.682+0000][7879.626s][info ][gc,metaspace] GC(104) Metaspace: 174582K(175936K)->174582K(175936K) NonClass: 153086K(153792K)->153086K(153792K) Class: 21496K(22144K)->21496K(22144K)
[2025-06-06T22:46:23.682+0000][7879.626s][info ][gc          ] GC(104) Pause Young (Normal) (G1 Evacuation Pause) 480M->168M(538M) 6.601ms
[2025-06-06T22:46:23.683+0000][7879.626s][info ][gc,cpu      ] GC(104) User=0.01s Sys=0.00s Real=0.00s
[2025-06-06T22:46:23.683+0000][7879.626s][info ][safepoint   ] Safepoint "G1CollectForAllocation", Time since last: 57286410193 ns, Reaching safepoint: 537625 ns, Cleanup: 7375 ns, At safepoint: 6796708 ns, Total: 7341708 ns
[2025-06-06T22:47:28.808+0000][7944.751s][debug][safepoint   ] Safepoint synchronization initiated using futex wait barrier. (160 threads)
[2025-06-06T22:47:28.809+0000][7944.752s][info ][safepoint   ] Safepoint "Cleanup", Time since last: 65124842238 ns, Reaching safepoint: 927792 ns, Cleanup: 23708 ns, At safepoint: 7708 ns, Total: 959208 ns
[2025-06-06T22:48:37.918+0000][8013.861s][debug][safepoint   ] Safepoint synchronization initiated using futex wait barrier. (159 threads)
[2025-06-06T22:48:37.919+0000][8013.862s][info ][safepoint   ] Safepoint "Cleanup", Time since last: 69108362615 ns, Reaching safepoint: 1045667 ns, Cleanup: 75125 ns, At safepoint: 13417 ns, Total: 1134209 ns
[2025-06-06T22:51:04.297+0000][8160.238s][debug][safepoint   ] Safepoint synchronization initiated using futex wait barrier. (160 threads)
[2025-06-06T22:51:04.301+0000][8160.242s][info ][gc,start    ] GC(105) Pause Young (Normal) (G1 Evacuation Pause)
[2025-06-06T22:51:04.301+0000][8160.243s][info ][gc,task     ] GC(105) Using 2 workers of 2 for evacuation
[2025-06-06T22:51:04.310+0000][8160.252s][info ][gc,phases   ] GC(105)   Pre Evacuate Collection Set: 0.6ms
[2025-06-06T22:51:04.311+0000][8160.252s][info ][gc,phases   ] GC(105)   Merge Heap Roots: 0.3ms
[2025-06-06T22:51:04.311+0000][8160.252s][info ][gc,phases   ] GC(105)   Evacuate Collection Set: 4.6ms
[2025-06-06T22:51:04.311+0000][8160.253s][info ][gc,phases   ] GC(105)   Post Evacuate Collection Set: 3.1ms
[2025-06-06T22:51:04.311+0000][8160.253s][info ][gc,phases   ] GC(105)   Other: 1.1ms
[2025-06-06T22:51:04.311+0000][8160.253s][info ][gc,heap     ] GC(105) Eden regions: 311->0(313)
[2025-06-06T22:51:04.311+0000][8160.253s][info ][gc,heap     ] GC(105) Survivor regions: 2->1(40)
[2025-06-06T22:51:04.312+0000][8160.253s][info ][gc,heap     ] GC(105) Old regions: 167->167
[2025-06-06T22:51:04.312+0000][8160.253s][info ][gc,heap     ] GC(105) Archive regions: 2->2
[2025-06-06T22:51:04.312+0000][8160.253s][info ][gc,heap     ] GC(105) Humongous regions: 0->0
[2025-06-06T22:51:04.312+0000][8160.253s][info ][gc,metaspace] GC(105) Metaspace: 174586K(175936K)->174586K(175936K) NonClass: 153090K(153792K)->153090K(153792K) Class: 21496K(22144K)->21496K(22144K)
[2025-06-06T22:51:04.312+0000][8160.254s][info ][gc          ] GC(105) Pause Young (Normal) (G1 Evacuation Pause) 479M->168M(538M) 11.349ms
[2025-06-06T22:51:04.312+0000][8160.254s][info ][gc,cpu      ] GC(105) User=0.02s Sys=0.00s Real=0.01s
[2025-06-06T22:51:04.313+0000][8160.254s][info ][safepoint   ] Safepoint "G1CollectForAllocation", Time since last: 146376342774 ns, Reaching safepoint: 4087375 ns, Cleanup: 24667 ns, At safepoint: 11841208 ns, Total: 15953250 ns
[2025-06-06T22:51:05.315+0000][8161.257s][debug][safepoint   ] Safepoint synchronization initiated using futex wait barrier. (160 threads)
[2025-06-06T22:51:05.317+0000][8161.258s][info ][safepoint   ] Safepoint "Cleanup", Time since last: 1002651834 ns, Reaching safepoint: 1070417 ns, Cleanup: 453916 ns, At safepoint: 16292 ns, Total: 1540625 ns
[2025-06-06T22:52:07.438+0000][8223.379s][debug][safepoint   ] Safepoint synchronization initiated using futex wait barrier. (160 threads)
[2025-06-06T22:52:07.439+0000][8223.380s][info ][safepoint   ] Safepoint "Cleanup", Time since last: 62121091278 ns, Reaching safepoint: 837333 ns, Cleanup: 47083 ns, At safepoint: 11500 ns, Total: 895916 ns
[2025-06-06T22:53:25.683+0000][8301.623s][debug][safepoint   ] Safepoint synchronization initiated using futex wait barrier. (160 threads)
[2025-06-06T22:53:25.686+0000][8301.626s][info ][safepoint   ] Safepoint "Cleanup", Time since last: 78242815245 ns, Reaching safepoint: 2837250 ns, Cleanup: 58291 ns, At safepoint: 13500 ns, Total: 2909041 ns
[2025-06-06T22:55:06.877+0000][8402.816s][debug][safepoint   ] Safepoint synchronization initiated using futex wait barrier. (159 threads)
[2025-06-06T22:55:06.879+0000][8402.819s][info ][safepoint   ] Safepoint "Cleanup", Time since last: 101190480838 ns, Reaching safepoint: 2325334 ns, Cleanup: 64500 ns, At safepoint: 17958 ns, Total: 2407792 ns
[2025-06-06T22:55:24.764+0000][8420.704s][debug][safepoint   ] Safepoint synchronization initiated using futex wait barrier. (159 threads)
[2025-06-06T22:55:24.766+0000][8420.705s][info ][safepoint   ] Safepoint "Cleanup", Time since last: 17884788633 ns, Reaching safepoint: 1897958 ns, Cleanup: 52542 ns, At safepoint: 11833 ns, Total: 1962333 ns
[2025-06-06T22:55:36.783+0000][8432.722s][debug][safepoint   ] Safepoint synchronization initiated using futex wait barrier. (160 threads)
[2025-06-06T22:55:36.784+0000][8432.724s][info ][safepoint   ] Safepoint "Cleanup", Time since last: 12017011214 ns, Reaching safepoint: 1580333 ns, Cleanup: 30209 ns, At safepoint: 9458 ns, Total: 1620000 ns
[2025-06-06T22:55:47.515+0000][8443.454s][debug][safepoint   ] Safepoint synchronization initiated using futex wait barrier. (160 threads)
[2025-06-06T22:55:47.519+0000][8443.458s][info ][gc,start    ] GC(106) Pause Young (Normal) (G1 Evacuation Pause)
[2025-06-06T22:55:47.519+0000][8443.459s][info ][gc,task     ] GC(106) Using 2 workers of 2 for evacuation
[2025-06-06T22:55:47.525+0000][8443.465s][info ][gc,phases   ] GC(106)   Pre Evacuate Collection Set: 0.6ms
[2025-06-06T22:55:47.526+0000][8443.465s][info ][gc,phases   ] GC(106)   Merge Heap Roots: 0.3ms
[2025-06-06T22:55:47.526+0000][8443.465s][info ][gc,phases   ] GC(106)   Evacuate Collection Set: 2.5ms
[2025-06-06T22:55:47.526+0000][8443.465s][info ][gc,phases   ] GC(106)   Post Evacuate Collection Set: 2.4ms
[2025-06-06T22:55:47.526+0000][8443.466s][info ][gc,phases   ] GC(106)   Other: 2.2ms
[2025-06-06T22:55:47.526+0000][8443.466s][info ][gc,heap     ] GC(106) Eden regions: 313->0(311)
[2025-06-06T22:55:47.526+0000][8443.466s][info ][gc,heap     ] GC(106) Survivor regions: 1->2(40)
[2025-06-06T22:55:47.526+0000][8443.466s][info ][gc,heap     ] GC(106) Old regions: 167->167
[2025-06-06T22:55:47.526+0000][8443.466s][info ][gc,heap     ] GC(106) Archive regions: 2->2
[2025-06-06T22:55:47.526+0000][8443.466s][info ][gc,heap     ] GC(106) Humongous regions: 0->0
[2025-06-06T22:55:47.526+0000][8443.466s][info ][gc,metaspace] GC(106) Metaspace: 174586K(175936K)->174586K(175936K) NonClass: 153090K(153792K)->153090K(153792K) Class: 21496K(22144K)->21496K(22144K)
[2025-06-06T22:55:47.526+0000][8443.466s][info ][gc          ] GC(106) Pause Young (Normal) (G1 Evacuation Pause) 481M->168M(538M) 7.668ms
[2025-06-06T22:55:47.526+0000][8443.466s][info ][gc,cpu      ] GC(106) User=0.01s Sys=0.00s Real=0.00s
[2025-06-06T22:55:47.527+0000][8443.466s][info ][safepoint   ] Safepoint "G1CollectForAllocation", Time since last: 10730213172 ns, Reaching safepoint: 2753041 ns, Cleanup: 41125 ns, At safepoint: 9191750 ns, Total: 11985916 ns
[2025-06-06T22:55:48.543+0000][8444.483s][debug][safepoint   ] Safepoint synchronization initiated using futex wait barrier. (160 threads)
[2025-06-06T22:55:48.545+0000][8444.484s][info ][safepoint   ] Safepoint "Cleanup", Time since last: 1016741126 ns, Reaching safepoint: 1243333 ns, Cleanup: 43959 ns, At safepoint: 11500 ns, Total: 1298792 ns
[2025-06-06T22:56:28.615+0000][8484.553s][debug][safepoint   ] Safepoint synchronization initiated using futex wait barrier. (160 threads)
[2025-06-06T22:56:28.618+0000][8484.556s][info ][safepoint   ] Safepoint "Cleanup", Time since last: 40069050892 ns, Reaching safepoint: 2853750 ns, Cleanup: 63125 ns, At safepoint: 10959 ns, Total: 2927834 ns
[2025-06-06T22:57:06.682+0000][8522.621s][debug][safepoint   ] Safepoint synchronization initiated using futex wait barrier. (160 threads)
[2025-06-06T22:57:06.686+0000][8522.625s][info ][safepoint   ] Safepoint "Cleanup", Time since last: 38064403142 ns, Reaching safepoint: 3696334 ns, Cleanup: 77416 ns, At safepoint: 17250 ns, Total: 3791000 ns
[2025-06-06T22:57:24.723+0000][8540.662s][debug][safepoint   ] Safepoint synchronization initiated using futex wait barrier. (160 threads)
[2025-06-06T22:57:24.725+0000][8540.663s][info ][safepoint   ] Safepoint "Cleanup", Time since last: 18036976758 ns, Reaching safepoint: 1227292 ns, Cleanup: 64333 ns, At safepoint: 37084 ns, Total: 1328709 ns
[2025-06-06T22:58:56.896+0000][8632.833s][debug][safepoint   ] Safepoint synchronization initiated using futex wait barrier. (160 threads)
[2025-06-06T22:58:56.902+0000][8632.840s][info ][safepoint   ] Safepoint "Cleanup", Time since last: 92170528833 ns, Reaching safepoint: 6622500 ns, Cleanup: 84333 ns, At safepoint: 14125 ns, Total: 6720958 ns
[2025-06-06T22:59:23.922+0000][8659.859s][debug][safepoint   ] Safepoint synchronization initiated using futex wait barrier. (160 threads)
[2025-06-06T22:59:23.924+0000][8659.862s][info ][safepoint   ] Safepoint "Cleanup", Time since last: 27019327513 ns, Reaching safepoint: 2255583 ns, Cleanup: 72958 ns, At safepoint: 15125 ns, Total: 2343666 ns
[2025-06-06T22:59:24.926+0000][8660.863s][debug][safepoint   ] Safepoint synchronization initiated using futex wait barrier. (160 threads)
[2025-06-06T22:59:24.927+0000][8660.864s][info ][safepoint   ] Safepoint "Cleanup", Time since last: 1001744208 ns, Reaching safepoint: 463792 ns, Cleanup: 25833 ns, At safepoint: 6542 ns, Total: 496167 ns
[2025-06-06T22:59:46.960+0000][8682.897s][debug][safepoint   ] Safepoint synchronization initiated using futex wait barrier. (159 threads)
[2025-06-06T22:59:46.963+0000][8682.901s][info ][safepoint   ] Safepoint "Cleanup", Time since last: 22032926135 ns, Reaching safepoint: 3513959 ns, Cleanup: 72958 ns, At safepoint: 34750 ns, Total: 3621667 ns
[2025-06-06T23:00:28.616+0000][8724.553s][debug][safepoint   ] Safepoint synchronization initiated using futex wait barrier. (160 threads)
[2025-06-06T23:00:28.618+0000][8724.555s][info ][gc,start    ] GC(107) Pause Young (Normal) (G1 Evacuation Pause)
[2025-06-06T23:00:28.618+0000][8724.555s][info ][gc,task     ] GC(107) Using 2 workers of 2 for evacuation
[2025-06-06T23:00:28.625+0000][8724.562s][info ][gc,phases   ] GC(107)   Pre Evacuate Collection Set: 0.4ms
[2025-06-06T23:00:28.626+0000][8724.563s][info ][gc,phases   ] GC(107)   Merge Heap Roots: 0.1ms
[2025-06-06T23:00:28.626+0000][8724.563s][info ][gc,phases   ] GC(107)   Evacuate Collection Set: 4.0ms
[2025-06-06T23:00:28.626+0000][8724.563s][info ][gc,phases   ] GC(107)   Post Evacuate Collection Set: 2.7ms
[2025-06-06T23:00:28.626+0000][8724.563s][info ][gc,phases   ] GC(107)   Other: 0.5ms
[2025-06-06T23:00:28.626+0000][8724.563s][info ][gc,heap     ] GC(107) Eden regions: 311->0(313)
[2025-06-06T23:00:28.626+0000][8724.563s][info ][gc,heap     ] GC(107) Survivor regions: 2->1(40)
[2025-06-06T23:00:28.626+0000][8724.563s][info ][gc,heap     ] GC(107) Old regions: 167->167
[2025-06-06T23:00:28.626+0000][8724.563s][info ][gc,heap     ] GC(107) Archive regions: 2->2
[2025-06-06T23:00:28.626+0000][8724.563s][info ][gc,heap     ] GC(107) Humongous regions: 0->0
[2025-06-06T23:00:28.626+0000][8724.563s][info ][gc,metaspace] GC(107) Metaspace: 174587K(175936K)->174587K(175936K) NonClass: 153091K(153792K)->153091K(153792K) Class: 21496K(22144K)->21496K(22144K)
[2025-06-06T23:00:28.626+0000][8724.563s][info ][gc          ] GC(107) Pause Young (Normal) (G1 Evacuation Pause) 479M->168M(538M) 8.345ms
[2025-06-06T23:00:28.626+0000][8724.563s][info ][gc,cpu      ] GC(107) User=0.01s Sys=0.00s Real=0.01s
[2025-06-06T23:00:28.626+0000][8724.563s][info ][safepoint   ] Safepoint "G1CollectForAllocation", Time since last: 41652680935 ns, Reaching safepoint: 1555000 ns, Cleanup: 5667 ns, At safepoint: 8661417 ns, Total: 10222084 ns
[2025-06-06T23:00:46.652+0000][8742.589s][debug][safepoint   ] Safepoint synchronization initiated using futex wait barrier. (160 threads)
[2025-06-06T23:00:46.657+0000][8742.593s][info ][safepoint   ] Safepoint "Cleanup", Time since last: 18026009633 ns, Reaching safepoint: 4001667 ns, Cleanup: 55833 ns, At safepoint: 12000 ns, Total: 4069500 ns
[2025-06-06T23:01:07.697+0000][8763.635s][debug][safepoint   ] Safepoint synchronization initiated using futex wait barrier. (160 threads)
[2025-06-06T23:01:07.700+0000][8763.638s][info ][safepoint   ] Safepoint "Cleanup", Time since last: 21041387593 ns, Reaching safepoint: 2558958 ns, Cleanup: 125458 ns, At safepoint: 10584 ns, Total: 2695000 ns
[2025-06-06T23:01:24.723+0000][8780.659s][debug][safepoint   ] Safepoint synchronization initiated using futex wait barrier. (160 threads)
[2025-06-06T23:01:24.724+0000][8780.660s][info ][safepoint   ] Safepoint "Cleanup", Time since last: 17021661466 ns, Reaching safepoint: 1166750 ns, Cleanup: 16083 ns, At safepoint: 4250 ns, Total: 1187083 ns
[2025-06-06T23:01:28.729+0000][8784.665s][debug][safepoint   ] Safepoint synchronization initiated using futex wait barrier. (160 threads)
[2025-06-06T23:01:28.730+0000][8784.666s][info ][safepoint   ] Safepoint "Cleanup", Time since last: 4004997085 ns, Reaching safepoint: 122125 ns, Cleanup: 14542 ns, At safepoint: 2292 ns, Total: 138959 ns
[2025-06-06T23:01:37.738+0000][8793.674s][debug][safepoint   ] Safepoint synchronization initiated using futex wait barrier. (160 threads)
[2025-06-06T23:01:37.739+0000][8793.675s][info ][safepoint   ] Safepoint "Cleanup", Time since last: 9008187296 ns, Reaching safepoint: 1402000 ns, Cleanup: 118875 ns, At safepoint: 8625 ns, Total: 1529500 ns
[2025-06-06T23:01:50.755+0000][8806.691s][debug][safepoint   ] Safepoint synchronization initiated using futex wait barrier. (160 threads)
[2025-06-06T23:01:50.756+0000][8806.692s][info ][safepoint   ] Safepoint "Cleanup", Time since last: 13016161089 ns, Reaching safepoint: 457584 ns, Cleanup: 35208 ns, At safepoint: 6750 ns, Total: 499542 ns
[2025-06-06T23:02:25.211+0000][8841.147s][debug][safepoint   ] Safepoint synchronization initiated using futex wait barrier. (160 threads)
[2025-06-06T23:02:25.212+0000][8841.148s][info ][safepoint   ] Safepoint "Cleanup", Time since last: 34454649848 ns, Reaching safepoint: 1479250 ns, Cleanup: 59709 ns, At safepoint: 10583 ns, Total: 1549542 ns
[2025-06-06T23:02:34.223+0000][8850.158s][debug][safepoint   ] Safepoint synchronization initiated using futex wait barrier. (162 threads)
[2025-06-06T23:02:34.225+0000][8850.161s][info ][safepoint   ] Safepoint "Cleanup", Time since last: 9010316129 ns, Reaching safepoint: 2228500 ns, Cleanup: 22250 ns, At safepoint: 7167 ns, Total: 2257917 ns
[2025-06-06T23:02:52.254+0000][8868.190s][debug][safepoint   ] Safepoint synchronization initiated using futex wait barrier. (160 threads)
[2025-06-06T23:02:52.256+0000][8868.192s][info ][safepoint   ] Safepoint "Cleanup", Time since last: 18029480550 ns, Reaching safepoint: 1302167 ns, Cleanup: 40083 ns, At safepoint: 12625 ns, Total: 1354875 ns
[2025-06-06T23:03:26.309+0000][8902.245s][debug][safepoint   ] Safepoint synchronization initiated using futex wait barrier. (160 threads)
[2025-06-06T23:03:26.310+0000][8902.246s][info ][safepoint   ] Safepoint "Cleanup", Time since last: 34053700932 ns, Reaching safepoint: 446209 ns, Cleanup: 29583 ns, At safepoint: 3083 ns, Total: 478875 ns
[2025-06-06T23:04:07.370+0000][8943.305s][debug][safepoint   ] Safepoint synchronization initiated using futex wait barrier. (162 threads)
[2025-06-06T23:04:07.372+0000][8943.308s][info ][safepoint   ] Safepoint "Cleanup", Time since last: 41059735519 ns, Reaching safepoint: 2405625 ns, Cleanup: 91584 ns, At safepoint: 9125 ns, Total: 2506334 ns
[2025-06-06T23:04:29.490+0000][8965.424s][debug][safepoint   ] Safepoint synchronization initiated using futex wait barrier. (160 threads)
[2025-06-06T23:04:29.490+0000][8965.425s][info ][safepoint   ] Safepoint "Cleanup", Time since last: 22116306093 ns, Reaching safepoint: 389375 ns, Cleanup: 30125 ns, At safepoint: 3292 ns, Total: 422792 ns
[2025-06-06T23:05:02.623+0000][8998.557s][debug][safepoint   ] Safepoint synchronization initiated using futex wait barrier. (159 threads)
[2025-06-06T23:05:02.624+0000][8998.559s][info ][gc,start    ] GC(108) Pause Young (Normal) (G1 Evacuation Pause)
[2025-06-06T23:05:02.625+0000][8998.559s][info ][gc,task     ] GC(108) Using 2 workers of 2 for evacuation
[2025-06-06T23:05:02.632+0000][8998.567s][info ][gc,phases   ] GC(108)   Pre Evacuate Collection Set: 0.8ms
[2025-06-06T23:05:02.632+0000][8998.567s][info ][gc,phases   ] GC(108)   Merge Heap Roots: 0.2ms
[2025-06-06T23:05:02.632+0000][8998.567s][info ][gc,phases   ] GC(108)   Evacuate Collection Set: 3.9ms
[2025-06-06T23:05:02.632+0000][8998.567s][info ][gc,phases   ] GC(108)   Post Evacuate Collection Set: 2.0ms
[2025-06-06T23:05:02.632+0000][8998.567s][info ][gc,phases   ] GC(108)   Other: 0.6ms
[2025-06-06T23:05:02.632+0000][8998.567s][info ][gc,heap     ] GC(108) Eden regions: 313->0(311)
[2025-06-06T23:05:02.632+0000][8998.567s][info ][gc,heap     ] GC(108) Survivor regions: 1->2(40)
[2025-06-06T23:05:02.633+0000][8998.567s][info ][gc,heap     ] GC(108) Old regions: 167->167
[2025-06-06T23:05:02.633+0000][8998.567s][info ][gc,heap     ] GC(108) Archive regions: 2->2
[2025-06-06T23:05:02.633+0000][8998.567s][info ][gc,heap     ] GC(108) Humongous regions: 0->0
[2025-06-06T23:05:02.633+0000][8998.567s][info ][gc,metaspace] GC(108) Metaspace: 174647K(176000K)->174647K(176000K) NonClass: 153151K(153856K)->153151K(153856K) Class: 21496K(22144K)->21496K(22144K)
[2025-06-06T23:05:02.633+0000][8998.567s][info ][gc          ] GC(108) Pause Young (Normal) (G1 Evacuation Pause) 481M->168M(538M) 8.250ms
[2025-06-06T23:05:02.633+0000][8998.568s][info ][gc,cpu      ] GC(108) User=0.01s Sys=0.00s Real=0.00s
[2025-06-06T23:05:02.633+0000][8998.568s][info ][safepoint   ] Safepoint "G1CollectForAllocation", Time since last: 33132737723 ns, Reaching safepoint: 1664959 ns, Cleanup: 9250 ns, At safepoint: 8500208 ns, Total: 10174417 ns
[2025-06-06T23:05:19.658+0000][9015.593s][debug][safepoint   ] Safepoint synchronization initiated using futex wait barrier. (159 threads)
[2025-06-06T23:05:19.659+0000][9015.593s][info ][safepoint   ] Safepoint "Cleanup", Time since last: 17025145883 ns, Reaching safepoint: 498542 ns, Cleanup: 39708 ns, At safepoint: 5792 ns, Total: 544042 ns
[2025-06-06T23:05:55.721+0000][9051.656s][debug][safepoint   ] Safepoint synchronization initiated using futex wait barrier. (159 threads)
[2025-06-06T23:05:55.722+0000][9051.656s][info ][safepoint   ] Safepoint "Cleanup", Time since last: 36062214515 ns, Reaching safepoint: 306875 ns, Cleanup: 44500 ns, At safepoint: 3583 ns, Total: 354958 ns
[2025-06-06T23:09:29.151+0000][9265.090s][debug][safepoint   ] Safepoint synchronization initiated using futex wait barrier. (160 threads)
[2025-06-06T23:09:29.152+0000][9265.091s][info ][safepoint   ] Safepoint "Cleanup", Time since last: 213433737930 ns, Reaching safepoint: 1551458 ns, Cleanup: 23584 ns, At safepoint: 7333 ns, Total: 1582375 ns
[2025-06-06T23:09:40.583+0000][9276.522s][debug][safepoint   ] Safepoint synchronization initiated using futex wait barrier. (160 threads)
[2025-06-06T23:09:40.584+0000][9276.523s][info ][gc,start    ] GC(109) Pause Young (Normal) (G1 Evacuation Pause)
[2025-06-06T23:09:40.584+0000][9276.523s][info ][gc,task     ] GC(109) Using 2 workers of 2 for evacuation
[2025-06-06T23:09:40.589+0000][9276.528s][info ][gc,phases   ] GC(109)   Pre Evacuate Collection Set: 0.2ms
[2025-06-06T23:09:40.590+0000][9276.529s][info ][gc,phases   ] GC(109)   Merge Heap Roots: 0.1ms
[2025-06-06T23:09:40.590+0000][9276.529s][info ][gc,phases   ] GC(109)   Evacuate Collection Set: 3.3ms
[2025-06-06T23:09:40.590+0000][9276.529s][info ][gc,phases   ] GC(109)   Post Evacuate Collection Set: 1.5ms
[2025-06-06T23:09:40.590+0000][9276.529s][info ][gc,phases   ] GC(109)   Other: 0.4ms
[2025-06-06T23:09:40.590+0000][9276.529s][info ][gc,heap     ] GC(109) Eden regions: 311->0(311)
[2025-06-06T23:09:40.590+0000][9276.529s][info ][gc,heap     ] GC(109) Survivor regions: 2->2(40)
[2025-06-06T23:09:40.590+0000][9276.529s][info ][gc,heap     ] GC(109) Old regions: 167->167
[2025-06-06T23:09:40.590+0000][9276.529s][info ][gc,heap     ] GC(109) Archive regions: 2->2
[2025-06-06T23:09:40.590+0000][9276.529s][info ][gc,heap     ] GC(109) Humongous regions: 0->0
[2025-06-06T23:09:40.590+0000][9276.529s][info ][gc,metaspace] GC(109) Metaspace: 174655K(176000K)->174655K(176000K) NonClass: 153158K(153856K)->153158K(153856K) Class: 21496K(22144K)->21496K(22144K)
[2025-06-06T23:09:40.590+0000][9276.529s][info ][gc          ] GC(109) Pause Young (Normal) (G1 Evacuation Pause) 479M->168M(538M) 6.179ms
[2025-06-06T23:09:40.590+0000][9276.529s][info ][gc,cpu      ] GC(109) User=0.01s Sys=0.00s Real=0.01s
[2025-06-06T23:09:40.590+0000][9276.529s][info ][safepoint   ] Safepoint "G1CollectForAllocation", Time since last: 11431123464 ns, Reaching safepoint: 460458 ns, Cleanup: 8000 ns, At safepoint: 6388167 ns, Total: 6856625 ns
[2025-06-06T23:10:02.623+0000][9298.562s][debug][safepoint   ] Safepoint synchronization initiated using futex wait barrier. (161 threads)
[2025-06-06T23:10:02.624+0000][9298.563s][info ][safepoint   ] Safepoint "Cleanup", Time since last: 22032581426 ns, Reaching safepoint: 726292 ns, Cleanup: 22792 ns, At safepoint: 6708 ns, Total: 755792 ns
[2025-06-06T23:14:19.868+0000][9555.805s][debug][safepoint   ] Safepoint synchronization initiated using futex wait barrier. (160 threads)
[2025-06-06T23:14:19.869+0000][9555.806s][info ][gc,start    ] GC(110) Pause Young (Normal) (G1 Evacuation Pause)
[2025-06-06T23:14:19.869+0000][9555.806s][info ][gc,task     ] GC(110) Using 2 workers of 2 for evacuation
[2025-06-06T23:14:19.874+0000][9555.811s][info ][gc,phases   ] GC(110)   Pre Evacuate Collection Set: 0.3ms
[2025-06-06T23:14:19.874+0000][9555.811s][info ][gc,phases   ] GC(110)   Merge Heap Roots: 0.1ms
[2025-06-06T23:14:19.874+0000][9555.811s][info ][gc,phases   ] GC(110)   Evacuate Collection Set: 3.0ms
[2025-06-06T23:14:19.874+0000][9555.811s][info ][gc,phases   ] GC(110)   Post Evacuate Collection Set: 1.2ms
[2025-06-06T23:14:19.874+0000][9555.811s][info ][gc,phases   ] GC(110)   Other: 0.6ms
[2025-06-06T23:14:19.874+0000][9555.812s][info ][gc,heap     ] GC(110) Eden regions: 311->0(313)
[2025-06-06T23:14:19.874+0000][9555.812s][info ][gc,heap     ] GC(110) Survivor regions: 2->1(40)
[2025-06-06T23:14:19.874+0000][9555.812s][info ][gc,heap     ] GC(110) Old regions: 167->167
[2025-06-06T23:14:19.875+0000][9555.812s][info ][gc,heap     ] GC(110) Archive regions: 2->2
[2025-06-06T23:14:19.875+0000][9555.812s][info ][gc,heap     ] GC(110) Humongous regions: 0->0
[2025-06-06T23:14:19.875+0000][9555.812s][info ][gc,metaspace] GC(110) Metaspace: 174676K(176064K)->174676K(176064K) NonClass: 153179K(153920K)->153179K(153920K) Class: 21496K(22144K)->21496K(22144K)
[2025-06-06T23:14:19.875+0000][9555.812s][info ][gc          ] GC(110) Pause Young (Normal) (G1 Evacuation Pause) 479M->168M(538M) 5.880ms
[2025-06-06T23:14:19.875+0000][9555.812s][info ][gc,cpu      ] GC(110) User=0.01s Sys=0.00s Real=0.01s
[2025-06-06T23:14:19.875+0000][9555.812s][info ][safepoint   ] Safepoint "G1CollectForAllocation", Time since last: 257242439492 ns, Reaching safepoint: 1017500 ns, Cleanup: 15084 ns, At safepoint: 6117416 ns, Total: 7150000 ns
[2025-06-06T23:19:00.534+0000][9836.470s][debug][safepoint   ] Safepoint synchronization initiated using futex wait barrier. (160 threads)
[2025-06-06T23:19:00.536+0000][9836.472s][info ][gc,start    ] GC(111) Pause Young (Normal) (G1 Evacuation Pause)
[2025-06-06T23:19:00.536+0000][9836.472s][info ][gc,task     ] GC(111) Using 2 workers of 2 for evacuation
[2025-06-06T23:19:00.542+0000][9836.478s][info ][gc,phases   ] GC(111)   Pre Evacuate Collection Set: 0.4ms
[2025-06-06T23:19:00.542+0000][9836.478s][info ][gc,phases   ] GC(111)   Merge Heap Roots: 0.2ms
[2025-06-06T23:19:00.542+0000][9836.478s][info ][gc,phases   ] GC(111)   Evacuate Collection Set: 2.9ms
[2025-06-06T23:19:00.542+0000][9836.478s][info ][gc,phases   ] GC(111)   Post Evacuate Collection Set: 2.0ms
[2025-06-06T23:19:00.543+0000][9836.478s][info ][gc,phases   ] GC(111)   Other: 0.5ms
[2025-06-06T23:19:00.543+0000][9836.478s][info ][gc,heap     ] GC(111) Eden regions: 313->0(313)
[2025-06-06T23:19:00.543+0000][9836.478s][info ][gc,heap     ] GC(111) Survivor regions: 1->1(40)
[2025-06-06T23:19:00.543+0000][9836.478s][info ][gc,heap     ] GC(111) Old regions: 167->167
[2025-06-06T23:19:00.543+0000][9836.478s][info ][gc,heap     ] GC(111) Archive regions: 2->2
[2025-06-06T23:19:00.543+0000][9836.478s][info ][gc,heap     ] GC(111) Humongous regions: 0->0
[2025-06-06T23:19:00.543+0000][9836.478s][info ][gc,metaspace] GC(111) Metaspace: 174677K(176064K)->174677K(176064K) NonClass: 153181K(153920K)->153181K(153920K) Class: 21496K(22144K)->21496K(22144K)
[2025-06-06T23:19:00.543+0000][9836.479s][info ][gc          ] GC(111) Pause Young (Normal) (G1 Evacuation Pause) 481M->168M(538M) 6.577ms
[2025-06-06T23:19:00.543+0000][9836.479s][info ][gc,cpu      ] GC(111) User=0.01s Sys=0.00s Real=0.01s
[2025-06-06T23:19:00.543+0000][9836.479s][info ][safepoint   ] Safepoint "G1CollectForAllocation", Time since last: 280657880668 ns, Reaching safepoint: 1888083 ns, Cleanup: 11584 ns, At safepoint: 6863125 ns, Total: 8762792 ns
[2025-06-06T23:19:29.811+0000][9865.746s][debug][safepoint   ] Safepoint synchronization initiated using futex wait barrier. (160 threads)
[2025-06-06T23:19:29.812+0000][9865.747s][info ][safepoint   ] Safepoint "Cleanup", Time since last: 29267031054 ns, Reaching safepoint: 972250 ns, Cleanup: 27584 ns, At safepoint: 7916 ns, Total: 1007750 ns
[2025-06-06T23:20:08.875+0000][9904.810s][debug][safepoint   ] Safepoint synchronization initiated using futex wait barrier. (160 threads)
[2025-06-06T23:20:08.876+0000][9904.810s][info ][safepoint   ] Safepoint "Cleanup", Time since last: 39063140393 ns, Reaching safepoint: 485208 ns, Cleanup: 27667 ns, At safepoint: 15167 ns, Total: 528042 ns
[2025-06-06T23:21:29.929+0000][9985.864s][debug][safepoint   ] Safepoint synchronization initiated using futex wait barrier. (160 threads)
[2025-06-06T23:21:29.934+0000][9985.868s][info ][safepoint   ] Safepoint "Cleanup", Time since last: 81053215996 ns, Reaching safepoint: 4288541 ns, Cleanup: 221584 ns, At safepoint: 17333 ns, Total: 4527458 ns
[2025-06-06T23:22:27.024+0000][10042.959s][debug][safepoint   ] Safepoint synchronization initiated using futex wait barrier. (163 threads)
[2025-06-06T23:22:27.027+0000][10042.963s][info ][safepoint   ] Safepoint "Cleanup", Time since last: 57090980192 ns, Reaching safepoint: 2873375 ns, Cleanup: 489417 ns, At safepoint: 15916 ns, Total: 3378708 ns
[2025-06-06T23:22:32.039+0000][10047.974s][debug][safepoint   ] Safepoint synchronization initiated using futex wait barrier. (162 threads)
[2025-06-06T23:22:32.040+0000][10047.975s][info ][safepoint   ] Safepoint "Cleanup", Time since last: 5011018878 ns, Reaching safepoint: 1156542 ns, Cleanup: 122958 ns, At safepoint: 16875 ns, Total: 1296375 ns
[2025-06-06T23:23:41.666+0000][10117.599s][debug][safepoint   ] Safepoint synchronization initiated using futex wait barrier. (159 threads)
[2025-06-06T23:23:41.669+0000][10117.602s][info ][gc,start    ] GC(112) Pause Young (Normal) (G1 Evacuation Pause)
[2025-06-06T23:23:41.669+0000][10117.603s][info ][gc,task     ] GC(112) Using 2 workers of 2 for evacuation
[2025-06-06T23:23:41.675+0000][10117.609s][info ][gc,phases   ] GC(112)   Pre Evacuate Collection Set: 0.3ms
[2025-06-06T23:23:41.675+0000][10117.609s][info ][gc,phases   ] GC(112)   Merge Heap Roots: 0.1ms
[2025-06-06T23:23:41.675+0000][10117.609s][info ][gc,phases   ] GC(112)   Evacuate Collection Set: 3.1ms
[2025-06-06T23:23:41.675+0000][10117.609s][info ][gc,phases   ] GC(112)   Post Evacuate Collection Set: 2.2ms
[2025-06-06T23:23:41.675+0000][10117.609s][info ][gc,phases   ] GC(112)   Other: 0.7ms
[2025-06-06T23:23:41.676+0000][10117.609s][info ][gc,heap     ] GC(112) Eden regions: 313->0(313)
[2025-06-06T23:23:41.676+0000][10117.609s][info ][gc,heap     ] GC(112) Survivor regions: 1->1(40)
[2025-06-06T23:23:41.676+0000][10117.609s][info ][gc,heap     ] GC(112) Old regions: 167->167
[2025-06-06T23:23:41.676+0000][10117.609s][info ][gc,heap     ] GC(112) Archive regions: 2->2
[2025-06-06T23:23:41.676+0000][10117.609s][info ][gc,heap     ] GC(112) Humongous regions: 0->0
[2025-06-06T23:23:41.676+0000][10117.609s][info ][gc,metaspace] GC(112) Metaspace: 174691K(176064K)->174691K(176064K) NonClass: 153194K(153920K)->153194K(153920K) Class: 21496K(22144K)->21496K(22144K)
[2025-06-06T23:23:41.676+0000][10117.609s][info ][gc          ] GC(112) Pause Young (Normal) (G1 Evacuation Pause) 481M->168M(538M) 7.066ms
[2025-06-06T23:23:41.676+0000][10117.610s][info ][gc,cpu      ] GC(112) User=0.01s Sys=0.00s Real=0.01s
[2025-06-06T23:23:41.676+0000][10117.610s][info ][safepoint   ] Safepoint "G1CollectForAllocation", Time since last: 69624405407 ns, Reaching safepoint: 2857375 ns, Cleanup: 25041 ns, At safepoint: 7544292 ns, Total: 10426708 ns
[2025-06-06T23:23:42.677+0000][10118.611s][debug][safepoint   ] Safepoint synchronization initiated using futex wait barrier. (159 threads)
[2025-06-06T23:23:42.678+0000][10118.612s][info ][safepoint   ] Safepoint "Cleanup", Time since last: 1000793084 ns, Reaching safepoint: 962208 ns, Cleanup: 69959 ns, At safepoint: 15041 ns, Total: 1047208 ns
[2025-06-06T23:26:15.089+0000][10271.022s][debug][safepoint   ] Safepoint synchronization initiated using futex wait barrier. (160 threads)
[2025-06-06T23:26:15.091+0000][10271.023s][info ][safepoint   ] Safepoint "Cleanup", Time since last: 152410311027 ns, Reaching safepoint: 1476167 ns, Cleanup: 34166 ns, At safepoint: 12875 ns, Total: 1523208 ns
[2025-06-06T23:28:23.142+0000][10399.074s][debug][safepoint   ] Safepoint synchronization initiated using futex wait barrier. (161 threads)
[2025-06-06T23:28:23.146+0000][10399.078s][info ][gc,start    ] GC(113) Pause Young (Normal) (G1 Evacuation Pause)
[2025-06-06T23:28:23.146+0000][10399.078s][info ][gc,task     ] GC(113) Using 2 workers of 2 for evacuation
[2025-06-06T23:28:23.152+0000][10399.084s][info ][gc,phases   ] GC(113)   Pre Evacuate Collection Set: 0.4ms
[2025-06-06T23:28:23.152+0000][10399.084s][info ][gc,phases   ] GC(113)   Merge Heap Roots: 0.1ms
[2025-06-06T23:28:23.152+0000][10399.084s][info ][gc,phases   ] GC(113)   Evacuate Collection Set: 3.1ms
[2025-06-06T23:28:23.153+0000][10399.085s][info ][gc,phases   ] GC(113)   Post Evacuate Collection Set: 2.2ms
[2025-06-06T23:28:23.153+0000][10399.085s][info ][gc,phases   ] GC(113)   Other: 0.6ms
[2025-06-06T23:28:23.153+0000][10399.085s][info ][gc,heap     ] GC(113) Eden regions: 313->0(313)
[2025-06-06T23:28:23.153+0000][10399.085s][info ][gc,heap     ] GC(113) Survivor regions: 1->1(40)
[2025-06-06T23:28:23.153+0000][10399.085s][info ][gc,heap     ] GC(113) Old regions: 167->167
[2025-06-06T23:28:23.153+0000][10399.085s][info ][gc,heap     ] GC(113) Archive regions: 2->2
[2025-06-06T23:28:23.153+0000][10399.085s][info ][gc,heap     ] GC(113) Humongous regions: 0->0
[2025-06-06T23:28:23.153+0000][10399.085s][info ][gc,metaspace] GC(113) Metaspace: 174699K(176064K)->174699K(176064K) NonClass: 153202K(153920K)->153202K(153920K) Class: 21496K(22144K)->21496K(22144K)
[2025-06-06T23:28:23.153+0000][10399.085s][info ][gc          ] GC(113) Pause Young (Normal) (G1 Evacuation Pause) 481M->168M(538M) 6.912ms
[2025-06-06T23:28:23.153+0000][10399.085s][info ][gc,cpu      ] GC(113) User=0.01s Sys=0.00s Real=0.01s
[2025-06-06T23:28:23.153+0000][10399.085s][info ][safepoint   ] Safepoint "G1CollectForAllocation", Time since last: 128050748310 ns, Reaching safepoint: 3805250 ns, Cleanup: 23250 ns, At safepoint: 7196708 ns, Total: 11025208 ns
[2025-06-06T23:30:02.295+0000][10498.255s][debug][safepoint   ] Safepoint synchronization initiated using futex wait barrier. (161 threads)
[2025-06-06T23:30:02.298+0000][10498.258s][info ][safepoint   ] Safepoint "Cleanup", Time since last: 99170258711 ns, Reaching safepoint: 2425250 ns, Cleanup: 58500 ns, At safepoint: 8375 ns, Total: 2492125 ns
[2025-06-06T23:32:20.729+0000][10636.689s][debug][safepoint   ] Safepoint synchronization initiated using futex wait barrier. (160 threads)
[2025-06-06T23:32:20.731+0000][10636.691s][info ][safepoint   ] Safepoint "Cleanup", Time since last: 138431203522 ns, Reaching safepoint: 2005125 ns, Cleanup: 23917 ns, At safepoint: 7458 ns, Total: 2036500 ns
[2025-06-06T23:32:29.742+0000][10645.703s][debug][safepoint   ] Safepoint synchronization initiated using futex wait barrier. (162 threads)
[2025-06-06T23:32:29.747+0000][10645.707s][info ][safepoint   ] Safepoint "Cleanup", Time since last: 9011851004 ns, Reaching safepoint: 3918625 ns, Cleanup: 86042 ns, At safepoint: 14125 ns, Total: 4018792 ns
[2025-06-06T23:32:57.796+0000][10673.756s][debug][safepoint   ] Safepoint synchronization initiated using futex wait barrier. (162 threads)
[2025-06-06T23:32:57.798+0000][10673.758s][info ][safepoint   ] Safepoint "Cleanup", Time since last: 28049290554 ns, Reaching safepoint: 1664625 ns, Cleanup: 21958 ns, At safepoint: 6209 ns, Total: 1692792 ns
[2025-06-06T23:33:03.597+0000][10679.557s][debug][safepoint   ] Safepoint synchronization initiated using futex wait barrier. (162 threads)
[2025-06-06T23:33:03.597+0000][10679.557s][info ][gc,start    ] GC(114) Pause Young (Normal) (G1 Evacuation Pause)
[2025-06-06T23:33:03.597+0000][10679.557s][info ][gc,task     ] GC(114) Using 2 workers of 2 for evacuation
[2025-06-06T23:33:03.605+0000][10679.565s][info ][gc,phases   ] GC(114)   Pre Evacuate Collection Set: 0.4ms
[2025-06-06T23:33:03.605+0000][10679.565s][info ][gc,phases   ] GC(114)   Merge Heap Roots: 0.5ms
[2025-06-06T23:33:03.605+0000][10679.565s][info ][gc,phases   ] GC(114)   Evacuate Collection Set: 4.2ms
[2025-06-06T23:33:03.605+0000][10679.566s][info ][gc,phases   ] GC(114)   Post Evacuate Collection Set: 2.4ms
[2025-06-06T23:33:03.606+0000][10679.566s][info ][gc,phases   ] GC(114)   Other: 0.4ms
[2025-06-06T23:33:03.606+0000][10679.566s][info ][gc,heap     ] GC(114) Eden regions: 313->0(311)
[2025-06-06T23:33:03.606+0000][10679.566s][info ][gc,heap     ] GC(114) Survivor regions: 1->2(40)
[2025-06-06T23:33:03.606+0000][10679.566s][info ][gc,heap     ] GC(114) Old regions: 167->167
[2025-06-06T23:33:03.606+0000][10679.566s][info ][gc,heap     ] GC(114) Archive regions: 2->2
[2025-06-06T23:33:03.606+0000][10679.566s][info ][gc,heap     ] GC(114) Humongous regions: 0->0
[2025-06-06T23:33:03.606+0000][10679.566s][info ][gc,metaspace] GC(114) Metaspace: 174724K(176064K)->174724K(176064K) NonClass: 153227K(153920K)->153227K(153920K) Class: 21496K(22144K)->21496K(22144K)
[2025-06-06T23:33:03.606+0000][10679.566s][info ][gc          ] GC(114) Pause Young (Normal) (G1 Evacuation Pause) 481M->168M(538M) 8.632ms
[2025-06-06T23:33:03.606+0000][10679.566s][info ][gc,cpu      ] GC(114) User=0.02s Sys=0.00s Real=0.01s
[2025-06-06T23:33:03.606+0000][10679.566s][info ][safepoint   ] Safepoint "G1CollectForAllocation", Time since last: 5798727961 ns, Reaching safepoint: 587042 ns, Cleanup: 7541 ns, At safepoint: 9021417 ns, Total: 9616000 ns
[2025-06-06T23:35:19.308+0000][10815.268s][debug][safepoint   ] Safepoint synchronization initiated using futex wait barrier. (160 threads)
[2025-06-06T23:35:19.310+0000][10815.270s][info ][safepoint   ] Safepoint "Cleanup", Time since last: 135701537353 ns, Reaching safepoint: 2094875 ns, Cleanup: 39167 ns, At safepoint: 8917 ns, Total: 2142959 ns
[2025-06-06T23:35:25.314+0000][10821.275s][debug][safepoint   ] Safepoint synchronization initiated using futex wait barrier. (163 threads)
[2025-06-06T23:35:25.317+0000][10821.277s][info ][safepoint   ] Safepoint "Cleanup", Time since last: 6004852711 ns, Reaching safepoint: 2452208 ns, Cleanup: 35292 ns, At safepoint: 6333 ns, Total: 2493833 ns
[2025-06-06T23:36:19.398+0000][10875.359s][debug][safepoint   ] Safepoint synchronization initiated using futex wait barrier. (163 threads)
[2025-06-06T23:36:19.400+0000][10875.360s][info ][safepoint   ] Safepoint "Cleanup", Time since last: 54081585608 ns, Reaching safepoint: 1411917 ns, Cleanup: 85583 ns, At safepoint: 19292 ns, Total: 1516792 ns
[2025-06-06T23:37:41.449+0000][10957.409s][debug][safepoint   ] Safepoint synchronization initiated using futex wait barrier. (162 threads)
[2025-06-06T23:37:41.451+0000][10957.411s][info ][gc,start    ] GC(115) Pause Young (Normal) (G1 Evacuation Pause)
[2025-06-06T23:37:41.451+0000][10957.412s][info ][gc,task     ] GC(115) Using 2 workers of 2 for evacuation
[2025-06-06T23:37:41.467+0000][10957.427s][info ][gc,phases   ] GC(115)   Pre Evacuate Collection Set: 1.1ms
[2025-06-06T23:37:41.467+0000][10957.427s][info ][gc,phases   ] GC(115)   Merge Heap Roots: 0.2ms
[2025-06-06T23:37:41.467+0000][10957.427s][info ][gc,phases   ] GC(115)   Evacuate Collection Set: 8.7ms
[2025-06-06T23:37:41.467+0000][10957.427s][info ][gc,phases   ] GC(115)   Post Evacuate Collection Set: 4.7ms
[2025-06-06T23:37:41.467+0000][10957.427s][info ][gc,phases   ] GC(115)   Other: 0.8ms
[2025-06-06T23:37:41.467+0000][10957.427s][info ][gc,heap     ] GC(115) Eden regions: 311->0(311)
[2025-06-06T23:37:41.467+0000][10957.427s][info ][gc,heap     ] GC(115) Survivor regions: 2->2(40)
[2025-06-06T23:37:41.467+0000][10957.427s][info ][gc,heap     ] GC(115) Old regions: 167->167
[2025-06-06T23:37:41.467+0000][10957.427s][info ][gc,heap     ] GC(115) Archive regions: 2->2
[2025-06-06T23:37:41.467+0000][10957.427s][info ][gc,heap     ] GC(115) Humongous regions: 0->0
[2025-06-06T23:37:41.467+0000][10957.427s][info ][gc,metaspace] GC(115) Metaspace: 174730K(176064K)->174730K(176064K) NonClass: 153233K(153920K)->153233K(153920K) Class: 21496K(22144K)->21496K(22144K)
[2025-06-06T23:37:41.467+0000][10957.427s][info ][gc          ] GC(115) Pause Young (Normal) (G1 Evacuation Pause) 479M->168M(538M) 16.098ms
[2025-06-06T23:37:41.467+0000][10957.428s][info ][gc,cpu      ] GC(115) User=0.03s Sys=0.00s Real=0.01s
[2025-06-06T23:37:41.468+0000][10957.428s][info ][safepoint   ] Safepoint "G1CollectForAllocation", Time since last: 82048316912 ns, Reaching safepoint: 2363917 ns, Cleanup: 11875 ns, At safepoint: 16604625 ns, Total: 18980417 ns
[2025-06-06T23:37:42.471+0000][10958.431s][debug][safepoint   ] Safepoint synchronization initiated using futex wait barrier. (162 threads)
[2025-06-06T23:37:42.472+0000][10958.432s][info ][safepoint   ] Safepoint "Cleanup", Time since last: 1003084333 ns, Reaching safepoint: 1050375 ns, Cleanup: 51709 ns, At safepoint: 9666 ns, Total: 1111750 ns
[2025-06-06T23:40:29.167+0000][11125.127s][debug][safepoint   ] Safepoint synchronization initiated using futex wait barrier. (161 threads)
[2025-06-06T23:40:29.168+0000][11125.129s][info ][safepoint   ] Safepoint "Cleanup", Time since last: 166695534118 ns, Reaching safepoint: 1460375 ns, Cleanup: 24542 ns, At safepoint: 7291 ns, Total: 1492208 ns
[2025-06-06T23:41:29.302+0000][11185.263s][debug][safepoint   ] Safepoint synchronization initiated using futex wait barrier. (160 threads)
[2025-06-06T23:41:29.306+0000][11185.267s][info ][safepoint   ] Safepoint "Cleanup", Time since last: 60133946277 ns, Reaching safepoint: 3737834 ns, Cleanup: 49375 ns, At safepoint: 13708 ns, Total: 3800917 ns
[2025-06-06T23:41:30.308+0000][11186.268s][debug][safepoint   ] Safepoint synchronization initiated using futex wait barrier. (160 threads)
[2025-06-06T23:41:30.309+0000][11186.270s][info ][safepoint   ] Safepoint "Cleanup", Time since last: 1001714626 ns, Reaching safepoint: 964166 ns, Cleanup: 93625 ns, At safepoint: 13834 ns, Total: 1071625 ns
[2025-06-06T23:42:20.746+0000][11236.706s][debug][safepoint   ] Safepoint synchronization initiated using futex wait barrier. (160 threads)
[2025-06-06T23:42:20.746+0000][11236.707s][info ][gc,start    ] GC(116) Pause Young (Normal) (G1 Evacuation Pause)
[2025-06-06T23:42:20.746+0000][11236.707s][info ][gc,task     ] GC(116) Using 2 workers of 2 for evacuation
[2025-06-06T23:42:20.751+0000][11236.712s][info ][gc,phases   ] GC(116)   Pre Evacuate Collection Set: 0.3ms
[2025-06-06T23:42:20.752+0000][11236.712s][info ][gc,phases   ] GC(116)   Merge Heap Roots: 0.1ms
[2025-06-06T23:42:20.752+0000][11236.712s][info ][gc,phases   ] GC(116)   Evacuate Collection Set: 3.2ms
[2025-06-06T23:42:20.752+0000][11236.712s][info ][gc,phases   ] GC(116)   Post Evacuate Collection Set: 1.4ms
[2025-06-06T23:42:20.752+0000][11236.712s][info ][gc,phases   ] GC(116)   Other: 0.4ms
[2025-06-06T23:42:20.752+0000][11236.712s][info ][gc,heap     ] GC(116) Eden regions: 311->0(312)
[2025-06-06T23:42:20.752+0000][11236.712s][info ][gc,heap     ] GC(116) Survivor regions: 2->1(40)
[2025-06-06T23:42:20.752+0000][11236.713s][info ][gc,heap     ] GC(116) Old regions: 167->167
[2025-06-06T23:42:20.752+0000][11236.713s][info ][gc,heap     ] GC(116) Archive regions: 2->2
[2025-06-06T23:42:20.752+0000][11236.713s][info ][gc,heap     ] GC(116) Humongous regions: 0->0
[2025-06-06T23:42:20.752+0000][11236.713s][info ][gc,metaspace] GC(116) Metaspace: 174732K(176064K)->174732K(176064K) NonClass: 153235K(153920K)->153235K(153920K) Class: 21497K(22144K)->21497K(22144K)
[2025-06-06T23:42:20.752+0000][11236.713s][info ][gc          ] GC(116) Pause Young (Normal) (G1 Evacuation Pause) 479M->168M(538M) 6.066ms
[2025-06-06T23:42:20.752+0000][11236.713s][info ][gc,cpu      ] GC(116) User=0.01s Sys=0.00s Real=0.01s
[2025-06-06T23:42:20.752+0000][11236.713s][info ][safepoint   ] Safepoint "G1CollectForAllocation", Time since last: 50436709940 ns, Reaching safepoint: 362750 ns, Cleanup: 7333 ns, At safepoint: 6243667 ns, Total: 6613750 ns
[2025-06-06T23:42:21.753+0000][11237.714s][debug][safepoint   ] Safepoint synchronization initiated using futex wait barrier. (160 threads)
[2025-06-06T23:42:21.755+0000][11237.715s][info ][safepoint   ] Safepoint "Cleanup", Time since last: 1001069709 ns, Reaching safepoint: 1134041 ns, Cleanup: 75042 ns, At safepoint: 14708 ns, Total: 1223791 ns
[2025-06-06T23:45:37.531+0000][11433.491s][debug][safepoint   ] Safepoint synchronization initiated using futex wait barrier. (160 threads)
[2025-06-06T23:45:37.532+0000][11433.493s][info ][safepoint   ] Safepoint "Cleanup", Time since last: 195776153297 ns, Reaching safepoint: 1485875 ns, Cleanup: 39792 ns, At safepoint: 13708 ns, Total: 1539375 ns
[2025-06-06T23:46:19.603+0000][11475.564s][debug][safepoint   ] Safepoint synchronization initiated using futex wait barrier. (160 threads)
[2025-06-06T23:46:19.604+0000][11475.564s][info ][safepoint   ] Safepoint "Cleanup", Time since last: 42070743395 ns, Reaching safepoint: 827791 ns, Cleanup: 65167 ns, At safepoint: 14958 ns, Total: 907916 ns
[2025-06-06T23:46:29.619+0000][11485.580s][debug][safepoint   ] Safepoint synchronization initiated using futex wait barrier. (159 threads)
[2025-06-06T23:46:29.620+0000][11485.581s][info ][safepoint   ] Safepoint "Cleanup", Time since last: 10015582047 ns, Reaching safepoint: 662083 ns, Cleanup: 27417 ns, At safepoint: 5666 ns, Total: 695166 ns
[2025-06-06T23:47:01.463+0000][11517.424s][debug][safepoint   ] Safepoint synchronization initiated using futex wait barrier. (159 threads)
[2025-06-06T23:47:01.465+0000][11517.426s][info ][gc,start    ] GC(117) Pause Young (Normal) (G1 Evacuation Pause)
[2025-06-06T23:47:01.465+0000][11517.426s][info ][gc,task     ] GC(117) Using 2 workers of 2 for evacuation
[2025-06-06T23:47:01.469+0000][11517.430s][info ][gc,phases   ] GC(117)   Pre Evacuate Collection Set: 0.3ms
[2025-06-06T23:47:01.469+0000][11517.430s][info ][gc,phases   ] GC(117)   Merge Heap Roots: 0.1ms
[2025-06-06T23:47:01.469+0000][11517.431s][info ][gc,phases   ] GC(117)   Evacuate Collection Set: 2.1ms
[2025-06-06T23:47:01.469+0000][11517.431s][info ][gc,phases   ] GC(117)   Post Evacuate Collection Set: 1.3ms
[2025-06-06T23:47:01.470+0000][11517.431s][info ][gc,phases   ] GC(117)   Other: 0.4ms
[2025-06-06T23:47:01.470+0000][11517.431s][info ][gc,heap     ] GC(117) Eden regions: 312->0(311)
[2025-06-06T23:47:01.470+0000][11517.431s][info ][gc,heap     ] GC(117) Survivor regions: 1->2(40)
[2025-06-06T23:47:01.470+0000][11517.431s][info ][gc,heap     ] GC(117) Old regions: 167->167
[2025-06-06T23:47:01.470+0000][11517.431s][info ][gc,heap     ] GC(117) Archive regions: 2->2
[2025-06-06T23:47:01.470+0000][11517.431s][info ][gc,heap     ] GC(117) Humongous regions: 0->0
[2025-06-06T23:47:01.470+0000][11517.431s][info ][gc,metaspace] GC(117) Metaspace: 174736K(176064K)->174736K(176064K) NonClass: 153239K(153920K)->153239K(153920K) Class: 21497K(22144K)->21497K(22144K)
[2025-06-06T23:47:01.470+0000][11517.431s][info ][gc          ] GC(117) Pause Young (Normal) (G1 Evacuation Pause) 480M->168M(538M) 4.922ms
[2025-06-06T23:47:01.470+0000][11517.431s][info ][gc,cpu      ] GC(117) User=0.00s Sys=0.00s Real=0.01s
[2025-06-06T23:47:01.470+0000][11517.431s][info ][safepoint   ] Safepoint "G1CollectForAllocation", Time since last: 31843080598 ns, Reaching safepoint: 2206666 ns, Cleanup: 12667 ns, At safepoint: 5179083 ns, Total: 7398416 ns
[2025-06-06T23:47:08.477+0000][11524.438s][debug][safepoint   ] Safepoint synchronization initiated using futex wait barrier. (159 threads)
[2025-06-06T23:47:08.478+0000][11524.439s][info ][safepoint   ] Safepoint "Cleanup", Time since last: 7007130004 ns, Reaching safepoint: 1000000 ns, Cleanup: 107666 ns, At safepoint: 14250 ns, Total: 1121916 ns
[2025-06-06T23:47:14.486+0000][11530.447s][debug][safepoint   ] Safepoint synchronization initiated using futex wait barrier. (159 threads)
[2025-06-06T23:47:14.486+0000][11530.447s][info ][safepoint   ] Safepoint "Cleanup", Time since last: 6007245587 ns, Reaching safepoint: 671708 ns, Cleanup: 23042 ns, At safepoint: 5833 ns, Total: 700583 ns
[2025-06-06T23:47:24.499+0000][11540.460s][debug][safepoint   ] Safepoint synchronization initiated using futex wait barrier. (159 threads)
[2025-06-06T23:47:24.500+0000][11540.461s][info ][safepoint   ] Safepoint "Cleanup", Time since last: 10012160546 ns, Reaching safepoint: 1249167 ns, Cleanup: 69625 ns, At safepoint: 61458 ns, Total: 1380250 ns
[2025-06-06T23:49:25.925+0000][11661.886s][debug][safepoint   ] Safepoint synchronization initiated using futex wait barrier. (161 threads)
[2025-06-06T23:49:25.927+0000][11661.888s][info ][safepoint   ] Safepoint "Cleanup", Time since last: 121424747556 ns, Reaching safepoint: 2132375 ns, Cleanup: 36291 ns, At safepoint: 8667 ns, Total: 2177333 ns
[2025-06-06T23:51:30.117+0000][11786.093s][debug][safepoint   ] Safepoint synchronization initiated using futex wait barrier. (161 threads)
[2025-06-06T23:51:30.119+0000][11786.095s][info ][safepoint   ] Safepoint "Cleanup", Time since last: 124204992640 ns, Reaching safepoint: 2098583 ns, Cleanup: 32042 ns, At safepoint: 11791 ns, Total: 2142416 ns
[2025-06-06T23:51:40.225+0000][11796.201s][debug][safepoint   ] Safepoint synchronization initiated using futex wait barrier. (161 threads)
[2025-06-06T23:51:40.227+0000][11796.204s][info ][gc,start    ] GC(118) Pause Young (Normal) (G1 Evacuation Pause)
[2025-06-06T23:51:40.228+0000][11796.204s][info ][gc,task     ] GC(118) Using 2 workers of 2 for evacuation
[2025-06-06T23:51:40.232+0000][11796.208s][info ][gc,phases   ] GC(118)   Pre Evacuate Collection Set: 0.3ms
[2025-06-06T23:51:40.232+0000][11796.208s][info ][gc,phases   ] GC(118)   Merge Heap Roots: 0.1ms
[2025-06-06T23:51:40.232+0000][11796.208s][info ][gc,phases   ] GC(118)   Evacuate Collection Set: 1.9ms
[2025-06-06T23:51:40.232+0000][11796.208s][info ][gc,phases   ] GC(118)   Post Evacuate Collection Set: 1.4ms
[2025-06-06T23:51:40.232+0000][11796.208s][info ][gc,phases   ] GC(118)   Other: 0.9ms
[2025-06-06T23:51:40.232+0000][11796.208s][info ][gc,heap     ] GC(118) Eden regions: 311->0(313)
[2025-06-06T23:51:40.232+0000][11796.208s][info ][gc,heap     ] GC(118) Survivor regions: 2->1(40)
[2025-06-06T23:51:40.232+0000][11796.208s][info ][gc,heap     ] GC(118) Old regions: 167->167
[2025-06-06T23:51:40.232+0000][11796.209s][info ][gc,heap     ] GC(118) Archive regions: 2->2
[2025-06-06T23:51:40.232+0000][11796.209s][info ][gc,heap     ] GC(118) Humongous regions: 0->0
[2025-06-06T23:51:40.232+0000][11796.209s][info ][gc,metaspace] GC(118) Metaspace: 174745K(176064K)->174745K(176064K) NonClass: 153248K(153920K)->153248K(153920K) Class: 21497K(22144K)->21497K(22144K)
[2025-06-06T23:51:40.232+0000][11796.209s][info ][gc          ] GC(118) Pause Young (Normal) (G1 Evacuation Pause) 479M->168M(538M) 4.960ms
[2025-06-06T23:51:40.232+0000][11796.209s][info ][gc,cpu      ] GC(118) User=0.01s Sys=0.00s Real=0.01s
[2025-06-06T23:51:40.232+0000][11796.209s][info ][safepoint   ] Safepoint "G1CollectForAllocation", Time since last: 10106304755 ns, Reaching safepoint: 1969250 ns, Cleanup: 11125 ns, At safepoint: 5497167 ns, Total: 7477542 ns
[2025-06-06T23:54:29.618+0000][11965.595s][debug][safepoint   ] Safepoint synchronization initiated using futex wait barrier. (159 threads)
[2025-06-06T23:54:29.620+0000][11965.597s][info ][safepoint   ] Safepoint "Cleanup", Time since last: 169385721744 ns, Reaching safepoint: 2417458 ns, Cleanup: 70292 ns, At safepoint: 9916 ns, Total: 2497666 ns
[2025-06-06T23:54:43.647+0000][11979.623s][debug][safepoint   ] Safepoint synchronization initiated using futex wait barrier. (159 threads)
[2025-06-06T23:54:43.649+0000][11979.626s][info ][safepoint   ] Safepoint "Cleanup", Time since last: 14026321382 ns, Reaching safepoint: 2140000 ns, Cleanup: 125333 ns, At safepoint: 44125 ns, Total: 2309458 ns
[2025-06-06T23:56:21.159+0000][12077.136s][debug][safepoint   ] Safepoint synchronization initiated using futex wait barrier. (159 threads)
[2025-06-06T23:56:21.160+0000][12077.137s][info ][gc,start    ] GC(119) Pause Young (Normal) (G1 Evacuation Pause)
[2025-06-06T23:56:21.160+0000][12077.137s][info ][gc,task     ] GC(119) Using 2 workers of 2 for evacuation
[2025-06-06T23:56:21.166+0000][12077.143s][info ][gc,phases   ] GC(119)   Pre Evacuate Collection Set: 0.5ms
[2025-06-06T23:56:21.166+0000][12077.143s][info ][gc,phases   ] GC(119)   Merge Heap Roots: 0.2ms
[2025-06-06T23:56:21.166+0000][12077.143s][info ][gc,phases   ] GC(119)   Evacuate Collection Set: 2.9ms
[2025-06-06T23:56:21.166+0000][12077.143s][info ][gc,phases   ] GC(119)   Post Evacuate Collection Set: 1.6ms
[2025-06-06T23:56:21.166+0000][12077.143s][info ][gc,phases   ] GC(119)   Other: 0.7ms
[2025-06-06T23:56:21.166+0000][12077.143s][info ][gc,heap     ] GC(119) Eden regions: 313->0(313)
[2025-06-06T23:56:21.166+0000][12077.143s][info ][gc,heap     ] GC(119) Survivor regions: 1->1(40)
[2025-06-06T23:56:21.166+0000][12077.143s][info ][gc,heap     ] GC(119) Old regions: 167->167
[2025-06-06T23:56:21.166+0000][12077.143s][info ][gc,heap     ] GC(119) Archive regions: 2->2
[2025-06-06T23:56:21.166+0000][12077.143s][info ][gc,heap     ] GC(119) Humongous regions: 0->0
[2025-06-06T23:56:21.166+0000][12077.143s][info ][gc,metaspace] GC(119) Metaspace: 174750K(176064K)->174750K(176064K) NonClass: 153252K(153920K)->153252K(153920K) Class: 21497K(22144K)->21497K(22144K)
[2025-06-06T23:56:21.166+0000][12077.144s][info ][gc          ] GC(119) Pause Young (Normal) (G1 Evacuation Pause) 481M->168M(538M) 6.669ms
[2025-06-06T23:56:21.167+0000][12077.144s][info ][gc,cpu      ] GC(119) User=0.00s Sys=0.00s Real=0.01s
[2025-06-06T23:56:21.167+0000][12077.144s][info ][safepoint   ] Safepoint "G1CollectForAllocation", Time since last: 97510412253 ns, Reaching safepoint: 695250 ns, Cleanup: 10708 ns, At safepoint: 6953583 ns, Total: 7659541 ns
[2025-06-06T23:56:29.698+0000][12085.676s][debug][safepoint   ] Safepoint synchronization initiated using futex wait barrier. (159 threads)
[2025-06-06T23:56:29.700+0000][12085.677s][info ][safepoint   ] Safepoint "Cleanup", Time since last: 8531788504 ns, Reaching safepoint: 1648542 ns, Cleanup: 114542 ns, At safepoint: 11125 ns, Total: 1774209 ns
[2025-06-06T23:57:46.828+0000][12162.806s][debug][safepoint   ] Safepoint synchronization initiated using futex wait barrier. (160 threads)
[2025-06-06T23:57:46.831+0000][12162.809s][info ][safepoint   ] Safepoint "Cleanup", Time since last: 77128868869 ns, Reaching safepoint: 2700125 ns, Cleanup: 99000 ns, At safepoint: 16583 ns, Total: 2815708 ns
[2025-06-07T00:00:25.141+0000][12321.120s][debug][safepoint   ] Safepoint synchronization initiated using futex wait barrier. (159 threads)
[2025-06-07T00:00:25.143+0000][12321.121s][info ][safepoint   ] Safepoint "Cleanup", Time since last: 158310748197 ns, Reaching safepoint: 1405292 ns, Cleanup: 34958 ns, At safepoint: 6667 ns, Total: 1446917 ns
[2025-06-07T00:00:49.195+0000][12345.173s][debug][safepoint   ] Safepoint synchronization initiated using futex wait barrier. (159 threads)
[2025-06-07T00:00:49.196+0000][12345.174s][info ][safepoint   ] Safepoint "Cleanup", Time since last: 24051827428 ns, Reaching safepoint: 992250 ns, Cleanup: 82459 ns, At safepoint: 11208 ns, Total: 1085917 ns
[2025-06-07T00:01:02.303+0000][12358.281s][debug][safepoint   ] Safepoint synchronization initiated using futex wait barrier. (159 threads)
[2025-06-07T00:01:02.305+0000][12358.284s][info ][gc,start    ] GC(120) Pause Young (Normal) (G1 Evacuation Pause)
[2025-06-07T00:01:02.306+0000][12358.284s][info ][gc,task     ] GC(120) Using 2 workers of 2 for evacuation
[2025-06-07T00:01:02.312+0000][12358.290s][info ][gc,phases   ] GC(120)   Pre Evacuate Collection Set: 0.4ms
[2025-06-07T00:01:02.312+0000][12358.290s][info ][gc,phases   ] GC(120)   Merge Heap Roots: 0.1ms
[2025-06-07T00:01:02.312+0000][12358.290s][info ][gc,phases   ] GC(120)   Evacuate Collection Set: 2.6ms
[2025-06-07T00:01:02.312+0000][12358.290s][info ][gc,phases   ] GC(120)   Post Evacuate Collection Set: 2.3ms
[2025-06-07T00:01:02.312+0000][12358.291s][info ][gc,phases   ] GC(120)   Other: 1.0ms
[2025-06-07T00:01:02.312+0000][12358.291s][info ][gc,heap     ] GC(120) Eden regions: 313->0(313)
[2025-06-07T00:01:02.312+0000][12358.291s][info ][gc,heap     ] GC(120) Survivor regions: 1->1(40)
[2025-06-07T00:01:02.312+0000][12358.291s][info ][gc,heap     ] GC(120) Old regions: 167->167
[2025-06-07T00:01:02.312+0000][12358.291s][info ][gc,heap     ] GC(120) Archive regions: 2->2
[2025-06-07T00:01:02.312+0000][12358.291s][info ][gc,heap     ] GC(120) Humongous regions: 0->0
[2025-06-07T00:01:02.312+0000][12358.291s][info ][gc,metaspace] GC(120) Metaspace: 174783K(176128K)->174783K(176128K) NonClass: 153284K(153984K)->153284K(153984K) Class: 21498K(22144K)->21498K(22144K)
[2025-06-07T00:01:02.312+0000][12358.291s][info ][gc          ] GC(120) Pause Young (Normal) (G1 Evacuation Pause) 481M->168M(538M) 7.130ms
[2025-06-07T00:01:02.312+0000][12358.291s][info ][gc,cpu      ] GC(120) User=0.01s Sys=0.00s Real=0.01s
[2025-06-07T00:01:02.313+0000][12358.291s][info ][safepoint   ] Safepoint "G1CollectForAllocation", Time since last: 13107022089 ns, Reaching safepoint: 1696500 ns, Cleanup: 680083 ns, At safepoint: 7514209 ns, Total: 9890792 ns
[2025-06-07T00:02:11.427+0000][12427.405s][debug][safepoint   ] Safepoint synchronization initiated using futex wait barrier. (161 threads)
[2025-06-07T00:02:11.428+0000][12427.407s][info ][safepoint   ] Safepoint "Cleanup", Time since last: 69114426156 ns, Reaching safepoint: 1474000 ns, Cleanup: 24542 ns, At safepoint: 8750 ns, Total: 1507292 ns
[2025-06-07T00:05:19.731+0000][12615.711s][debug][safepoint   ] Safepoint synchronization initiated using futex wait barrier. (160 threads)
[2025-06-07T00:05:19.733+0000][12615.712s][info ][safepoint   ] Safepoint "Cleanup", Time since last: 188303917587 ns, Reaching safepoint: 1444750 ns, Cleanup: 31083 ns, At safepoint: 7292 ns, Total: 1483125 ns
[2025-06-07T00:05:23.749+0000][12619.729s][debug][safepoint   ] Safepoint synchronization initiated using futex wait barrier. (160 threads)
[2025-06-07T00:05:23.751+0000][12619.731s][info ][safepoint   ] Safepoint "Cleanup", Time since last: 4016876877 ns, Reaching safepoint: 1714333 ns, Cleanup: 27875 ns, At safepoint: 5417 ns, Total: 1747625 ns
[2025-06-07T00:05:41.286+0000][12637.266s][debug][safepoint   ] Safepoint synchronization initiated using futex wait barrier. (159 threads)
[2025-06-07T00:05:41.289+0000][12637.269s][info ][gc,start    ] GC(121) Pause Young (Normal) (G1 Evacuation Pause)
[2025-06-07T00:05:41.290+0000][12637.269s][info ][gc,task     ] GC(121) Using 2 workers of 2 for evacuation
[2025-06-07T00:05:41.294+0000][12637.274s][info ][gc,phases   ] GC(121)   Pre Evacuate Collection Set: 0.3ms
[2025-06-07T00:05:41.294+0000][12637.274s][info ][gc,phases   ] GC(121)   Merge Heap Roots: 0.2ms
[2025-06-07T00:05:41.294+0000][12637.274s][info ][gc,phases   ] GC(121)   Evacuate Collection Set: 2.2ms
[2025-06-07T00:05:41.295+0000][12637.274s][info ][gc,phases   ] GC(121)   Post Evacuate Collection Set: 1.6ms
[2025-06-07T00:05:41.295+0000][12637.274s][info ][gc,phases   ] GC(121)   Other: 1.2ms
[2025-06-07T00:05:41.295+0000][12637.274s][info ][gc,heap     ] GC(121) Eden regions: 313->0(312)
[2025-06-07T00:05:41.295+0000][12637.274s][info ][gc,heap     ] GC(121) Survivor regions: 1->1(40)
[2025-06-07T00:05:41.295+0000][12637.274s][info ][gc,heap     ] GC(121) Old regions: 167->167
[2025-06-07T00:05:41.295+0000][12637.275s][info ][gc,heap     ] GC(121) Archive regions: 2->2
[2025-06-07T00:05:41.295+0000][12637.275s][info ][gc,heap     ] GC(121) Humongous regions: 0->0
[2025-06-07T00:05:41.295+0000][12637.275s][info ][gc,metaspace] GC(121) Metaspace: 174795K(176128K)->174795K(176128K) NonClass: 153297K(153984K)->153297K(153984K) Class: 21498K(22144K)->21498K(22144K)
[2025-06-07T00:05:41.295+0000][12637.275s][info ][gc          ] GC(121) Pause Young (Normal) (G1 Evacuation Pause) 481M->168M(538M) 6.219ms
[2025-06-07T00:05:41.295+0000][12637.275s][info ][gc,cpu      ] GC(121) User=0.01s Sys=0.00s Real=0.00s
[2025-06-07T00:05:41.295+0000][12637.275s][info ][safepoint   ] Safepoint "G1CollectForAllocation", Time since last: 17534759174 ns, Reaching safepoint: 2730500 ns, Cleanup: 9791 ns, At safepoint: 6600417 ns, Total: 9340708 ns
[2025-06-07T00:07:30.138+0000][12746.119s][debug][safepoint   ] Safepoint synchronization initiated using futex wait barrier. (158 threads)
[2025-06-07T00:07:30.140+0000][12746.120s][info ][safepoint   ] Safepoint "Cleanup", Time since last: 108843503840 ns, Reaching safepoint: 1370375 ns, Cleanup: 72667 ns, At safepoint: 41000 ns, Total: 1484042 ns
[2025-06-07T00:07:37.149+0000][12753.130s][debug][safepoint   ] Safepoint synchronization initiated using futex wait barrier. (158 threads)
[2025-06-07T00:07:37.150+0000][12753.130s][info ][safepoint   ] Safepoint "Cleanup", Time since last: 7009611045 ns, Reaching safepoint: 711041 ns, Cleanup: 31750 ns, At safepoint: 10500 ns, Total: 753291 ns
[2025-06-07T00:08:30.233+0000][12806.214s][debug][safepoint   ] Safepoint synchronization initiated using futex wait barrier. (158 threads)
[2025-06-07T00:08:30.235+0000][12806.216s][info ][safepoint   ] Safepoint "Cleanup", Time since last: 53084041941 ns, Reaching safepoint: 1204458 ns, Cleanup: 84750 ns, At safepoint: 14125 ns, Total: 1303333 ns
[2025-06-07T00:10:21.983+0000][12917.964s][debug][safepoint   ] Safepoint synchronization initiated using futex wait barrier. (159 threads)
[2025-06-07T00:10:21.986+0000][12917.967s][info ][gc,start    ] GC(122) Pause Young (Normal) (G1 Evacuation Pause)
[2025-06-07T00:10:21.986+0000][12917.968s][info ][gc,task     ] GC(122) Using 2 workers of 2 for evacuation
[2025-06-07T00:10:21.991+0000][12917.972s][info ][gc,phases   ] GC(122)   Pre Evacuate Collection Set: 0.2ms
[2025-06-07T00:10:21.991+0000][12917.972s][info ][gc,phases   ] GC(122)   Merge Heap Roots: 0.1ms
[2025-06-07T00:10:21.991+0000][12917.972s][info ][gc,phases   ] GC(122)   Evacuate Collection Set: 2.5ms
[2025-06-07T00:10:21.991+0000][12917.973s][info ][gc,phases   ] GC(122)   Post Evacuate Collection Set: 1.6ms
[2025-06-07T00:10:21.991+0000][12917.973s][info ][gc,phases   ] GC(122)   Other: 0.6ms
[2025-06-07T00:10:21.991+0000][12917.973s][info ][gc,heap     ] GC(122) Eden regions: 312->0(312)
[2025-06-07T00:10:21.991+0000][12917.973s][info ][gc,heap     ] GC(122) Survivor regions: 1->1(40)
[2025-06-07T00:10:21.991+0000][12917.973s][info ][gc,heap     ] GC(122) Old regions: 167->167
[2025-06-07T00:10:21.991+0000][12917.973s][info ][gc,heap     ] GC(122) Archive regions: 2->2
[2025-06-07T00:10:21.991+0000][12917.973s][info ][gc,heap     ] GC(122) Humongous regions: 0->0
[2025-06-07T00:10:21.991+0000][12917.973s][info ][gc,metaspace] GC(122) Metaspace: 174795K(176128K)->174795K(176128K) NonClass: 153297K(153984K)->153297K(153984K) Class: 21498K(22144K)->21498K(22144K)
[2025-06-07T00:10:21.991+0000][12917.973s][info ][gc          ] GC(122) Pause Young (Normal) (G1 Evacuation Pause) 480M->168M(538M) 5.379ms
[2025-06-07T00:10:21.991+0000][12917.973s][info ][gc,cpu      ] GC(122) User=0.01s Sys=0.00s Real=0.01s
[2025-06-07T00:10:21.991+0000][12917.973s][info ][safepoint   ] Safepoint "G1CollectForAllocation", Time since last: 111748614926 ns, Reaching safepoint: 2891833 ns, Cleanup: 23167 ns, At safepoint: 5612333 ns, Total: 8527333 ns
[2025-06-07T00:11:07.069+0000][12963.050s][debug][safepoint   ] Safepoint synchronization initiated using futex wait barrier. (159 threads)
[2025-06-07T00:11:07.069+0000][12963.051s][info ][safepoint   ] Safepoint "Cleanup", Time since last: 45077321355 ns, Reaching safepoint: 407000 ns, Cleanup: 24708 ns, At safepoint: 5833 ns, Total: 437541 ns
[2025-06-07T00:11:37.338+0000][12993.319s][debug][safepoint   ] Safepoint synchronization initiated using futex wait barrier. (159 threads)
[2025-06-07T00:11:37.339+0000][12993.320s][info ][safepoint   ] Safepoint "Cleanup", Time since last: 30268386806 ns, Reaching safepoint: 864625 ns, Cleanup: 42125 ns, At safepoint: 11667 ns, Total: 918417 ns
[2025-06-07T00:12:02.399+0000][13018.381s][debug][safepoint   ] Safepoint synchronization initiated using futex wait barrier. (159 threads)
[2025-06-07T00:12:02.401+0000][13018.382s][info ][safepoint   ] Safepoint "Cleanup", Time since last: 25060860261 ns, Reaching safepoint: 1462208 ns, Cleanup: 33000 ns, At safepoint: 10250 ns, Total: 1505458 ns
[2025-06-07T00:14:20.579+0000][13156.561s][debug][safepoint   ] Safepoint synchronization initiated using futex wait barrier. (160 threads)
[2025-06-07T00:14:20.583+0000][13156.565s][info ][safepoint   ] Safepoint "Cleanup", Time since last: 138179013689 ns, Reaching safepoint: 3379666 ns, Cleanup: 24334 ns, At safepoint: 7083 ns, Total: 3411083 ns
[2025-06-07T00:14:30.593+0000][13166.576s][debug][safepoint   ] Safepoint synchronization initiated using futex wait barrier. (160 threads)
[2025-06-07T00:14:30.593+0000][13166.576s][info ][safepoint   ] Safepoint "Cleanup", Time since last: 10010748546 ns, Reaching safepoint: 384666 ns, Cleanup: 23709 ns, At safepoint: 5500 ns, Total: 413875 ns
[2025-06-07T00:15:01.498+0000][13197.481s][debug][safepoint   ] Safepoint synchronization initiated using futex wait barrier. (160 threads)
[2025-06-07T00:15:01.501+0000][13197.483s][info ][gc,start    ] GC(123) Pause Young (Normal) (G1 Evacuation Pause)
[2025-06-07T00:15:01.501+0000][13197.483s][info ][gc,task     ] GC(123) Using 2 workers of 2 for evacuation
[2025-06-07T00:15:01.506+0000][13197.488s][info ][gc,phases   ] GC(123)   Pre Evacuate Collection Set: 0.2ms
[2025-06-07T00:15:01.506+0000][13197.489s][info ][gc,phases   ] GC(123)   Merge Heap Roots: 0.1ms
[2025-06-07T00:15:01.506+0000][13197.489s][info ][gc,phases   ] GC(123)   Evacuate Collection Set: 2.4ms
[2025-06-07T00:15:01.506+0000][13197.489s][info ][gc,phases   ] GC(123)   Post Evacuate Collection Set: 2.1ms
[2025-06-07T00:15:01.506+0000][13197.489s][info ][gc,phases   ] GC(123)   Other: 0.6ms
[2025-06-07T00:15:01.507+0000][13197.489s][info ][gc,heap     ] GC(123) Eden regions: 312->0(313)
[2025-06-07T00:15:01.507+0000][13197.489s][info ][gc,heap     ] GC(123) Survivor regions: 1->1(40)
[2025-06-07T00:15:01.507+0000][13197.489s][info ][gc,heap     ] GC(123) Old regions: 167->167
[2025-06-07T00:15:01.507+0000][13197.489s][info ][gc,heap     ] GC(123) Archive regions: 2->2
[2025-06-07T00:15:01.507+0000][13197.489s][info ][gc,heap     ] GC(123) Humongous regions: 0->0
[2025-06-07T00:15:01.507+0000][13197.489s][info ][gc,metaspace] GC(123) Metaspace: 174795K(176128K)->174795K(176128K) NonClass: 153297K(153984K)->153297K(153984K) Class: 21498K(22144K)->21498K(22144K)
[2025-06-07T00:15:01.507+0000][13197.489s][info ][gc          ] GC(123) Pause Young (Normal) (G1 Evacuation Pause) 480M->168M(538M) 6.039ms
[2025-06-07T00:15:01.507+0000][13197.489s][info ][gc,cpu      ] GC(123) User=0.01s Sys=0.00s Real=0.01s
[2025-06-07T00:15:01.507+0000][13197.489s][info ][safepoint   ] Safepoint "G1CollectForAllocation", Time since last: 30904572347 ns, Reaching safepoint: 2547084 ns, Cleanup: 19958 ns, At safepoint: 6325583 ns, Total: 8892625 ns
[2025-06-07T00:16:42.904+0000][13298.888s][debug][safepoint   ] Safepoint synchronization initiated using futex wait barrier. (159 threads)
[2025-06-07T00:16:42.909+0000][13298.892s][info ][safepoint   ] Safepoint "Cleanup", Time since last: 101398249255 ns, Reaching safepoint: 4107959 ns, Cleanup: 38125 ns, At safepoint: 6916 ns, Total: 4153000 ns
[2025-06-07T00:19:08.047+0000][13444.031s][debug][safepoint   ] Safepoint synchronization initiated using futex wait barrier. (159 threads)
[2025-06-07T00:19:08.049+0000][13444.033s][info ][safepoint   ] Safepoint "Cleanup", Time since last: 145138707025 ns, Reaching safepoint: 2600042 ns, Cleanup: 91750 ns, At safepoint: 78750 ns, Total: 2770542 ns
[2025-06-07T00:19:33.225+0000][13469.209s][debug][safepoint   ] Safepoint synchronization initiated using futex wait barrier. (160 threads)
[2025-06-07T00:19:33.226+0000][13469.210s][info ][safepoint   ] Safepoint "Cleanup", Time since last: 25175735094 ns, Reaching safepoint: 800167 ns, Cleanup: 78875 ns, At safepoint: 14583 ns, Total: 893625 ns
[2025-06-07T00:19:42.993+0000][13478.977s][debug][safepoint   ] Safepoint synchronization initiated using futex wait barrier. (160 threads)
[2025-06-07T00:19:42.996+0000][13478.980s][info ][gc,start    ] GC(124) Pause Young (Normal) (G1 Evacuation Pause)
[2025-06-07T00:19:42.996+0000][13478.980s][info ][gc,task     ] GC(124) Using 2 workers of 2 for evacuation
[2025-06-07T00:19:43.002+0000][13478.986s][info ][gc,phases   ] GC(124)   Pre Evacuate Collection Set: 0.6ms
[2025-06-07T00:19:43.002+0000][13478.986s][info ][gc,phases   ] GC(124)   Merge Heap Roots: 0.2ms
[2025-06-07T00:19:43.002+0000][13478.986s][info ][gc,phases   ] GC(124)   Evacuate Collection Set: 2.2ms
[2025-06-07T00:19:43.002+0000][13478.986s][info ][gc,phases   ] GC(124)   Post Evacuate Collection Set: 2.2ms
[2025-06-07T00:19:43.002+0000][13478.986s][info ][gc,phases   ] GC(124)   Other: 1.0ms
[2025-06-07T00:19:43.002+0000][13478.986s][info ][gc,heap     ] GC(124) Eden regions: 313->0(310)
[2025-06-07T00:19:43.002+0000][13478.986s][info ][gc,heap     ] GC(124) Survivor regions: 1->2(40)
[2025-06-07T00:19:43.003+0000][13478.986s][info ][gc,heap     ] GC(124) Old regions: 167->168
[2025-06-07T00:19:43.003+0000][13478.987s][info ][gc,heap     ] GC(124) Archive regions: 2->2
[2025-06-07T00:19:43.003+0000][13478.987s][info ][gc,heap     ] GC(124) Humongous regions: 0->0
[2025-06-07T00:19:43.003+0000][13478.987s][info ][gc,metaspace] GC(124) Metaspace: 174795K(176128K)->174795K(176128K) NonClass: 153297K(153984K)->153297K(153984K) Class: 21498K(22144K)->21498K(22144K)
[2025-06-07T00:19:43.003+0000][13478.987s][info ][gc          ] GC(124) Pause Young (Normal) (G1 Evacuation Pause) 481M->169M(538M) 6.951ms
[2025-06-07T00:19:43.003+0000][13478.987s][info ][gc,cpu      ] GC(124) User=0.01s Sys=0.00s Real=0.00s
[2025-06-07T00:19:43.003+0000][13478.987s][info ][safepoint   ] Safepoint "G1CollectForAllocation", Time since last: 9767205963 ns, Reaching safepoint: 2440875 ns, Cleanup: 26958 ns, At safepoint: 7299167 ns, Total: 9767000 ns
[2025-06-07T00:23:11.307+0000][13687.311s][debug][safepoint   ] Safepoint synchronization initiated using futex wait barrier. (160 threads)
[2025-06-07T00:23:11.309+0000][13687.313s][info ][safepoint   ] Safepoint "Cleanup", Time since last: 208324120387 ns, Reaching safepoint: 1689583 ns, Cleanup: 36583 ns, At safepoint: 7750 ns, Total: 1733916 ns
[2025-06-07T00:24:23.054+0000][13759.058s][debug][safepoint   ] Safepoint synchronization initiated using futex wait barrier. (160 threads)
[2025-06-07T00:24:23.056+0000][13759.060s][info ][gc,start    ] GC(125) Pause Young (Normal) (G1 Evacuation Pause)
[2025-06-07T00:24:23.056+0000][13759.060s][info ][gc,task     ] GC(125) Using 2 workers of 2 for evacuation
[2025-06-07T00:24:23.065+0000][13759.069s][info ][gc,phases   ] GC(125)   Pre Evacuate Collection Set: 0.5ms
[2025-06-07T00:24:23.065+0000][13759.069s][info ][gc,phases   ] GC(125)   Merge Heap Roots: 0.2ms
[2025-06-07T00:24:23.065+0000][13759.069s][info ][gc,phases   ] GC(125)   Evacuate Collection Set: 5.8ms
[2025-06-07T00:24:23.065+0000][13759.070s][info ][gc,phases   ] GC(125)   Post Evacuate Collection Set: 2.1ms
[2025-06-07T00:24:23.065+0000][13759.070s][info ][gc,phases   ] GC(125)   Other: 0.6ms
[2025-06-07T00:24:23.065+0000][13759.070s][info ][gc,heap     ] GC(125) Eden regions: 310->0(312)
[2025-06-07T00:24:23.065+0000][13759.070s][info ][gc,heap     ] GC(125) Survivor regions: 2->1(39)
[2025-06-07T00:24:23.065+0000][13759.070s][info ][gc,heap     ] GC(125) Old regions: 168->168
[2025-06-07T00:24:23.065+0000][13759.070s][info ][gc,heap     ] GC(125) Archive regions: 2->2
[2025-06-07T00:24:23.065+0000][13759.070s][info ][gc,heap     ] GC(125) Humongous regions: 0->0
[2025-06-07T00:24:23.065+0000][13759.070s][info ][gc,metaspace] GC(125) Metaspace: 174795K(176128K)->174795K(176128K) NonClass: 153297K(153984K)->153297K(153984K) Class: 21498K(22144K)->21498K(22144K)
[2025-06-07T00:24:23.065+0000][13759.070s][info ][gc          ] GC(125) Pause Young (Normal) (G1 Evacuation Pause) 479M->168M(538M) 9.820ms
[2025-06-07T00:24:23.066+0000][13759.070s][info ][gc,cpu      ] GC(125) User=0.01s Sys=0.00s Real=0.01s
[2025-06-07T00:24:23.066+0000][13759.070s][info ][safepoint   ] Safepoint "G1CollectForAllocation", Time since last: 71745473075 ns, Reaching safepoint: 1765709 ns, Cleanup: 8208 ns, At safepoint: 10092000 ns, Total: 11865917 ns
[2025-06-07T00:24:54.109+0000][13790.114s][debug][safepoint   ] Safepoint synchronization initiated using futex wait barrier. (160 threads)
[2025-06-07T00:24:54.110+0000][13790.115s][info ][safepoint   ] Safepoint "Cleanup", Time since last: 31043453848 ns, Reaching safepoint: 1359916 ns, Cleanup: 26000 ns, At safepoint: 7625 ns, Total: 1393541 ns
[2025-06-07T00:25:13.137+0000][13809.142s][debug][safepoint   ] Safepoint synchronization initiated using futex wait barrier. (160 threads)
[2025-06-07T00:25:13.138+0000][13809.143s][info ][safepoint   ] Safepoint "Cleanup", Time since last: 19026694926 ns, Reaching safepoint: 1804041 ns, Cleanup: 18125 ns, At safepoint: 4542 ns, Total: 1826708 ns
[2025-06-07T00:25:58.213+0000][13854.219s][debug][safepoint   ] Safepoint synchronization initiated using futex wait barrier. (161 threads)
[2025-06-07T00:25:58.216+0000][13854.221s][info ][safepoint   ] Safepoint "Cleanup", Time since last: 45075068270 ns, Reaching safepoint: 2790875 ns, Cleanup: 90750 ns, At safepoint: 19500 ns, Total: 2901125 ns
[2025-06-07T00:29:03.786+0000][14039.794s][debug][safepoint   ] Safepoint synchronization initiated using futex wait barrier. (161 threads)
[2025-06-07T00:29:03.788+0000][14039.795s][info ][gc,start    ] GC(126) Pause Young (Normal) (G1 Evacuation Pause)
[2025-06-07T00:29:03.788+0000][14039.795s][info ][gc,task     ] GC(126) Using 2 workers of 2 for evacuation
[2025-06-07T00:29:03.793+0000][14039.800s][info ][gc,phases   ] GC(126)   Pre Evacuate Collection Set: 0.3ms
[2025-06-07T00:29:03.793+0000][14039.800s][info ][gc,phases   ] GC(126)   Merge Heap Roots: 0.1ms
[2025-06-07T00:29:03.793+0000][14039.800s][info ][gc,phases   ] GC(126)   Evacuate Collection Set: 2.5ms
[2025-06-07T00:29:03.793+0000][14039.800s][info ][gc,phases   ] GC(126)   Post Evacuate Collection Set: 1.4ms
[2025-06-07T00:29:03.793+0000][14039.800s][info ][gc,phases   ] GC(126)   Other: 0.5ms
[2025-06-07T00:29:03.793+0000][14039.800s][info ][gc,heap     ] GC(126) Eden regions: 312->0(312)
[2025-06-07T00:29:03.793+0000][14039.801s][info ][gc,heap     ] GC(126) Survivor regions: 1->1(40)
[2025-06-07T00:29:03.793+0000][14039.801s][info ][gc,heap     ] GC(126) Old regions: 168->168
[2025-06-07T00:29:03.794+0000][14039.801s][info ][gc,heap     ] GC(126) Archive regions: 2->2
[2025-06-07T00:29:03.794+0000][14039.801s][info ][gc,heap     ] GC(126) Humongous regions: 0->0
[2025-06-07T00:29:03.794+0000][14039.801s][info ][gc,metaspace] GC(126) Metaspace: 174797K(176128K)->174797K(176128K) NonClass: 153298K(153984K)->153298K(153984K) Class: 21498K(22144K)->21498K(22144K)
[2025-06-07T00:29:03.794+0000][14039.801s][info ][gc          ] GC(126) Pause Young (Normal) (G1 Evacuation Pause) 480M->168M(538M) 6.020ms
[2025-06-07T00:29:03.794+0000][14039.801s][info ][gc,cpu      ] GC(126) User=0.00s Sys=0.00s Real=0.01s
[2025-06-07T00:29:03.794+0000][14039.801s][info ][safepoint   ] Safepoint "G1CollectForAllocation", Time since last: 185572298001 ns, Reaching safepoint: 1303167 ns, Cleanup: 6917 ns, At safepoint: 6324416 ns, Total: 7634500 ns
[2025-06-07T00:29:04.796+0000][14040.803s][debug][safepoint   ] Safepoint synchronization initiated using futex wait barrier. (161 threads)
[2025-06-07T00:29:04.796+0000][14040.804s][info ][safepoint   ] Safepoint "Cleanup", Time since last: 1001961626 ns, Reaching safepoint: 231708 ns, Cleanup: 15958 ns, At safepoint: 3250 ns, Total: 250916 ns
[2025-06-07T00:29:27.830+0000][14063.837s][debug][safepoint   ] Safepoint synchronization initiated using futex wait barrier. (161 threads)
[2025-06-07T00:29:27.830+0000][14063.838s][info ][safepoint   ] Safepoint "Cleanup", Time since last: 23033897427 ns, Reaching safepoint: 345583 ns, Cleanup: 24584 ns, At safepoint: 5875 ns, Total: 376042 ns
[2025-06-07T00:31:02.967+0000][14158.975s][debug][safepoint   ] Safepoint synchronization initiated using futex wait barrier. (162 threads)
[2025-06-07T00:31:02.968+0000][14158.977s][info ][safepoint   ] Safepoint "Cleanup", Time since last: 95137143793 ns, Reaching safepoint: 1755959 ns, Cleanup: 23250 ns, At safepoint: 7083 ns, Total: 1786292 ns
[2025-06-07T00:31:19.998+0000][14176.007s][debug][safepoint   ] Safepoint synchronization initiated using futex wait barrier. (160 threads)
[2025-06-07T00:31:20.000+0000][14176.008s][info ][safepoint   ] Safepoint "Cleanup", Time since last: 17029918633 ns, Reaching safepoint: 1127042 ns, Cleanup: 71666 ns, At safepoint: 11750 ns, Total: 1210458 ns
[2025-06-07T00:31:30.804+0000][14186.812s][debug][safepoint   ] Safepoint synchronization initiated using futex wait barrier. (160 threads)
[2025-06-07T00:31:30.806+0000][14186.814s][info ][safepoint   ] Safepoint "Cleanup", Time since last: 10804553213 ns, Reaching safepoint: 1633208 ns, Cleanup: 210250 ns, At safepoint: 11125 ns, Total: 1854583 ns
[2025-06-07T00:32:08.866+0000][14224.876s][debug][safepoint   ] Safepoint synchronization initiated using futex wait barrier. (162 threads)
[2025-06-07T00:32:08.868+0000][14224.878s][info ][safepoint   ] Safepoint "Cleanup", Time since last: 38062198142 ns, Reaching safepoint: 1186542 ns, Cleanup: 94875 ns, At safepoint: 14500 ns, Total: 1295917 ns
[2025-06-07T00:32:20.887+0000][14236.897s][debug][safepoint   ] Safepoint synchronization initiated using futex wait barrier. (162 threads)
[2025-06-07T00:32:20.889+0000][14236.899s][info ][safepoint   ] Safepoint "Cleanup", Time since last: 12019667047 ns, Reaching safepoint: 1279667 ns, Cleanup: 75417 ns, At safepoint: 15083 ns, Total: 1370167 ns
[2025-06-07T00:32:30.045+0000][14246.054s][debug][safepoint   ] Safepoint synchronization initiated using futex wait barrier. (160 threads)
[2025-06-07T00:32:30.046+0000][14246.055s][info ][safepoint   ] Safepoint "Cleanup", Time since last: 9155131879 ns, Reaching safepoint: 517625 ns, Cleanup: 59709 ns, At safepoint: 179250 ns, Total: 756584 ns
[2025-06-07T00:32:31.047+0000][14247.056s][debug][safepoint   ] Safepoint synchronization initiated using futex wait barrier. (162 threads)
[2025-06-07T00:32:31.047+0000][14247.056s][info ][safepoint   ] Safepoint "Cleanup", Time since last: 1000885167 ns, Reaching safepoint: 448750 ns, Cleanup: 20708 ns, At safepoint: 5958 ns, Total: 475416 ns
[2025-06-07T00:32:36.056+0000][14252.065s][debug][safepoint   ] Safepoint synchronization initiated using futex wait barrier. (162 threads)
[2025-06-07T00:32:36.057+0000][14252.065s][info ][safepoint   ] Safepoint "Cleanup", Time since last: 5008766086 ns, Reaching safepoint: 536958 ns, Cleanup: 23542 ns, At safepoint: 5958 ns, Total: 566458 ns
[2025-06-07T00:33:42.136+0000][14318.145s][debug][safepoint   ] Safepoint synchronization initiated using futex wait barrier. (160 threads)
[2025-06-07T00:33:42.139+0000][14318.148s][info ][gc,start    ] GC(127) Pause Young (Normal) (G1 Evacuation Pause)
[2025-06-07T00:33:42.139+0000][14318.148s][info ][gc,task     ] GC(127) Using 2 workers of 2 for evacuation
[2025-06-07T00:33:42.145+0000][14318.155s][info ][gc,phases   ] GC(127)   Pre Evacuate Collection Set: 0.2ms
[2025-06-07T00:33:42.145+0000][14318.155s][info ][gc,phases   ] GC(127)   Merge Heap Roots: 0.1ms
[2025-06-07T00:33:42.145+0000][14318.155s][info ][gc,phases   ] GC(127)   Evacuate Collection Set: 2.7ms
[2025-06-07T00:33:42.145+0000][14318.155s][info ][gc,phases   ] GC(127)   Post Evacuate Collection Set: 2.3ms
[2025-06-07T00:33:42.146+0000][14318.155s][info ][gc,phases   ] GC(127)   Other: 1.4ms
[2025-06-07T00:33:42.146+0000][14318.155s][info ][gc,heap     ] GC(127) Eden regions: 312->0(311)
[2025-06-07T00:33:42.146+0000][14318.155s][info ][gc,heap     ] GC(127) Survivor regions: 1->1(40)
[2025-06-07T00:33:42.146+0000][14318.155s][info ][gc,heap     ] GC(127) Old regions: 168->168
[2025-06-07T00:33:42.146+0000][14318.155s][info ][gc,heap     ] GC(127) Archive regions: 2->2
[2025-06-07T00:33:42.146+0000][14318.155s][info ][gc,heap     ] GC(127) Humongous regions: 0->0
[2025-06-07T00:33:42.146+0000][14318.155s][info ][gc,metaspace] GC(127) Metaspace: 174813K(176128K)->174813K(176128K) NonClass: 153314K(153984K)->153314K(153984K) Class: 21498K(22144K)->21498K(22144K)
[2025-06-07T00:33:42.146+0000][14318.155s][info ][gc          ] GC(127) Pause Young (Normal) (G1 Evacuation Pause) 480M->168M(538M) 7.388ms
[2025-06-07T00:33:42.146+0000][14318.155s][info ][gc,cpu      ] GC(127) User=0.01s Sys=0.00s Real=0.01s
[2025-06-07T00:33:42.146+0000][14318.155s][info ][safepoint   ] Safepoint "G1CollectForAllocation", Time since last: 66079693739 ns, Reaching safepoint: 2669792 ns, Cleanup: 24833 ns, At safepoint: 7692542 ns, Total: 10387167 ns
[2025-06-07T00:33:43.147+0000][14319.156s][debug][safepoint   ] Safepoint synchronization initiated using futex wait barrier. (160 threads)
[2025-06-07T00:33:43.149+0000][14319.158s][info ][safepoint   ] Safepoint "Cleanup", Time since last: 1000498292 ns, Reaching safepoint: 1825583 ns, Cleanup: 95000 ns, At safepoint: 41000 ns, Total: 1961583 ns
[2025-06-07T00:33:53.164+0000][14329.173s][debug][safepoint   ] Safepoint synchronization initiated using futex wait barrier. (160 threads)
[2025-06-07T00:33:53.166+0000][14329.175s][info ][safepoint   ] Safepoint "Cleanup", Time since last: 10015172047 ns, Reaching safepoint: 1728958 ns, Cleanup: 79875 ns, At safepoint: 34708 ns, Total: 1843541 ns
[2025-06-07T00:35:25.315+0000][14421.326s][debug][safepoint   ] Safepoint synchronization initiated using futex wait barrier. (163 threads)
[2025-06-07T00:35:25.318+0000][14421.329s][info ][safepoint   ] Safepoint "Cleanup", Time since last: 92151193542 ns, Reaching safepoint: 2640708 ns, Cleanup: 74125 ns, At safepoint: 19750 ns, Total: 2734583 ns
[2025-06-07T00:35:30.325+0000][14426.336s][debug][safepoint   ] Safepoint synchronization initiated using futex wait barrier. (163 threads)
[2025-06-07T00:35:30.326+0000][14426.337s][info ][safepoint   ] Safepoint "Cleanup", Time since last: 5006914544 ns, Reaching safepoint: 972125 ns, Cleanup: 93792 ns, At safepoint: 12792 ns, Total: 1078709 ns
[2025-06-07T00:38:21.745+0000][14597.756s][debug][safepoint   ] Safepoint synchronization initiated using futex wait barrier. (163 threads)
[2025-06-07T00:38:21.748+0000][14597.760s][info ][gc,start    ] GC(128) Pause Young (Normal) (G1 Evacuation Pause)
[2025-06-07T00:38:21.748+0000][14597.760s][info ][gc,task     ] GC(128) Using 2 workers of 2 for evacuation
[2025-06-07T00:38:21.754+0000][14597.765s][info ][gc,phases   ] GC(128)   Pre Evacuate Collection Set: 0.3ms
[2025-06-07T00:38:21.754+0000][14597.766s][info ][gc,phases   ] GC(128)   Merge Heap Roots: 0.1ms
[2025-06-07T00:38:21.754+0000][14597.766s][info ][gc,phases   ] GC(128)   Evacuate Collection Set: 3.0ms
[2025-06-07T00:38:21.754+0000][14597.766s][info ][gc,phases   ] GC(128)   Post Evacuate Collection Set: 2.1ms
[2025-06-07T00:38:21.754+0000][14597.766s][info ][gc,phases   ] GC(128)   Other: 0.5ms
[2025-06-07T00:38:21.754+0000][14597.766s][info ][gc,heap     ] GC(128) Eden regions: 311->0(310)
[2025-06-07T00:38:21.754+0000][14597.766s][info ][gc,heap     ] GC(128) Survivor regions: 1->2(39)
[2025-06-07T00:38:21.754+0000][14597.766s][info ][gc,heap     ] GC(128) Old regions: 168->168
[2025-06-07T00:38:21.754+0000][14597.766s][info ][gc,heap     ] GC(128) Archive regions: 2->2
[2025-06-07T00:38:21.754+0000][14597.766s][info ][gc,heap     ] GC(128) Humongous regions: 0->0
[2025-06-07T00:38:21.754+0000][14597.766s][info ][gc,metaspace] GC(128) Metaspace: 174818K(176192K)->174818K(176192K) NonClass: 153320K(154048K)->153320K(154048K) Class: 21498K(22144K)->21498K(22144K)
[2025-06-07T00:38:21.754+0000][14597.766s][info ][gc          ] GC(128) Pause Young (Normal) (G1 Evacuation Pause) 479M->169M(538M) 6.474ms
[2025-06-07T00:38:21.754+0000][14597.766s][info ][gc,cpu      ] GC(128) User=0.01s Sys=0.00s Real=0.00s
[2025-06-07T00:38:21.754+0000][14597.766s][info ][safepoint   ] Safepoint "G1CollectForAllocation", Time since last: 171419596953 ns, Reaching safepoint: 2925625 ns, Cleanup: 23042 ns, At safepoint: 6766917 ns, Total: 9715584 ns
[2025-06-07T00:43:01.401+0000][14877.390s][debug][safepoint   ] Safepoint synchronization initiated using futex wait barrier. (160 threads)
[2025-06-07T00:43:01.405+0000][14877.393s][info ][gc,start    ] GC(129) Pause Young (Normal) (G1 Evacuation Pause)
[2025-06-07T00:43:01.405+0000][14877.393s][info ][gc,task     ] GC(129) Using 2 workers of 2 for evacuation
[2025-06-07T00:43:01.413+0000][14877.401s][info ][gc,phases   ] GC(129)   Pre Evacuate Collection Set: 0.6ms
[2025-06-07T00:43:01.413+0000][14877.402s][info ][gc,phases   ] GC(129)   Merge Heap Roots: 0.1ms
[2025-06-07T00:43:01.413+0000][14877.402s][info ][gc,phases   ] GC(129)   Evacuate Collection Set: 4.4ms
[2025-06-07T00:43:01.413+0000][14877.402s][info ][gc,phases   ] GC(129)   Post Evacuate Collection Set: 2.7ms
[2025-06-07T00:43:01.413+0000][14877.402s][info ][gc,phases   ] GC(129)   Other: 0.9ms
[2025-06-07T00:43:01.413+0000][14877.402s][info ][gc,heap     ] GC(129) Eden regions: 310->0(310)
[2025-06-07T00:43:01.413+0000][14877.402s][info ][gc,heap     ] GC(129) Survivor regions: 2->2(39)
[2025-06-07T00:43:01.414+0000][14877.402s][info ][gc,heap     ] GC(129) Old regions: 168->168
[2025-06-07T00:43:01.414+0000][14877.402s][info ][gc,heap     ] GC(129) Archive regions: 2->2
[2025-06-07T00:43:01.414+0000][14877.402s][info ][gc,heap     ] GC(129) Humongous regions: 0->0
[2025-06-07T00:43:01.414+0000][14877.402s][info ][gc,metaspace] GC(129) Metaspace: 174820K(176192K)->174820K(176192K) NonClass: 153322K(154048K)->153322K(154048K) Class: 21498K(22144K)->21498K(22144K)
[2025-06-07T00:43:01.414+0000][14877.402s][info ][gc          ] GC(129) Pause Young (Normal) (G1 Evacuation Pause) 479M->169M(538M) 9.228ms
[2025-06-07T00:43:01.414+0000][14877.402s][info ][gc,cpu      ] GC(129) User=0.02s Sys=0.00s Real=0.01s
[2025-06-07T00:43:01.414+0000][14877.402s][info ][safepoint   ] Safepoint "G1CollectForAllocation", Time since last: 279623324835 ns, Reaching safepoint: 3194667 ns, Cleanup: 24875 ns, At safepoint: 9624666 ns, Total: 12844208 ns
[2025-06-07T00:46:30.726+0000][15086.715s][debug][safepoint   ] Safepoint synchronization initiated using futex wait barrier. (159 threads)
[2025-06-07T00:46:30.729+0000][15086.718s][info ][safepoint   ] Safepoint "Cleanup", Time since last: 209312560011 ns, Reaching safepoint: 2873542 ns, Cleanup: 65042 ns, At safepoint: 20291 ns, Total: 2958875 ns
[2025-06-07T00:47:35.829+0000][15151.819s][debug][safepoint   ] Safepoint synchronization initiated using futex wait barrier. (160 threads)
[2025-06-07T00:47:35.831+0000][15151.821s][info ][safepoint   ] Safepoint "Cleanup", Time since last: 65101032614 ns, Reaching safepoint: 1750333 ns, Cleanup: 35542 ns, At safepoint: 8541 ns, Total: 1794416 ns
[2025-06-07T00:47:41.465+0000][15157.455s][debug][safepoint   ] Safepoint synchronization initiated using futex wait barrier. (160 threads)
[2025-06-07T00:47:41.467+0000][15157.457s][info ][gc,start    ] GC(130) Pause Young (Normal) (G1 Evacuation Pause)
[2025-06-07T00:47:41.470+0000][15157.460s][info ][gc,task     ] GC(130) Using 2 workers of 2 for evacuation
[2025-06-07T00:47:41.476+0000][15157.465s][info ][gc,phases   ] GC(130)   Pre Evacuate Collection Set: 0.3ms
[2025-06-07T00:47:41.476+0000][15157.466s][info ][gc,phases   ] GC(130)   Merge Heap Roots: 0.1ms
[2025-06-07T00:47:41.476+0000][15157.466s][info ][gc,phases   ] GC(130)   Evacuate Collection Set: 2.4ms
[2025-06-07T00:47:41.476+0000][15157.466s][info ][gc,phases   ] GC(130)   Post Evacuate Collection Set: 2.2ms
[2025-06-07T00:47:41.476+0000][15157.466s][info ][gc,phases   ] GC(130)   Other: 4.0ms
[2025-06-07T00:47:41.476+0000][15157.466s][info ][gc,heap     ] GC(130) Eden regions: 310->0(312)
[2025-06-07T00:47:41.476+0000][15157.466s][info ][gc,heap     ] GC(130) Survivor regions: 2->1(39)
[2025-06-07T00:47:41.476+0000][15157.466s][info ][gc,heap     ] GC(130) Old regions: 168->168
[2025-06-07T00:47:41.476+0000][15157.466s][info ][gc,heap     ] GC(130) Archive regions: 2->2
[2025-06-07T00:47:41.476+0000][15157.466s][info ][gc,heap     ] GC(130) Humongous regions: 0->0
[2025-06-07T00:47:41.476+0000][15157.466s][info ][gc,metaspace] GC(130) Metaspace: 174827K(176192K)->174827K(176192K) NonClass: 153328K(154048K)->153328K(154048K) Class: 21498K(22144K)->21498K(22144K)
[2025-06-07T00:47:41.476+0000][15157.466s][info ][gc          ] GC(130) Pause Young (Normal) (G1 Evacuation Pause) 479M->168M(538M) 9.167ms
[2025-06-07T00:47:41.476+0000][15157.466s][info ][gc,cpu      ] GC(130) User=0.01s Sys=0.00s Real=0.01s
[2025-06-07T00:47:41.477+0000][15157.467s][info ][safepoint   ] Safepoint "G1CollectForAllocation", Time since last: 5634667795 ns, Reaching safepoint: 1021833 ns, Cleanup: 22500 ns, At safepoint: 10096208 ns, Total: 11140541 ns
[2025-06-07T00:51:25.050+0000][15381.039s][debug][safepoint   ] Safepoint synchronization initiated using futex wait barrier. (159 threads)
[2025-06-07T00:51:25.050+0000][15381.040s][info ][safepoint   ] Safepoint "Cleanup", Time since last: 223572685893 ns, Reaching safepoint: 482000 ns, Cleanup: 26125 ns, At safepoint: 9875 ns, Total: 518000 ns
[2025-06-07T00:52:22.536+0000][15438.526s][debug][safepoint   ] Safepoint synchronization initiated using futex wait barrier. (159 threads)
[2025-06-07T00:52:22.537+0000][15438.527s][info ][gc,start    ] GC(131) Pause Young (Normal) (G1 Evacuation Pause)
[2025-06-07T00:52:22.537+0000][15438.527s][info ][gc,task     ] GC(131) Using 2 workers of 2 for evacuation
[2025-06-07T00:52:22.542+0000][15438.532s][info ][gc,phases   ] GC(131)   Pre Evacuate Collection Set: 0.2ms
[2025-06-07T00:52:22.542+0000][15438.532s][info ][gc,phases   ] GC(131)   Merge Heap Roots: 0.1ms
[2025-06-07T00:52:22.542+0000][15438.532s][info ][gc,phases   ] GC(131)   Evacuate Collection Set: 2.4ms
[2025-06-07T00:52:22.542+0000][15438.532s][info ][gc,phases   ] GC(131)   Post Evacuate Collection Set: 1.5ms
[2025-06-07T00:52:22.542+0000][15438.532s][info ][gc,phases   ] GC(131)   Other: 0.5ms
[2025-06-07T00:52:22.543+0000][15438.532s][info ][gc,heap     ] GC(131) Eden regions: 312->0(312)
[2025-06-07T00:52:22.543+0000][15438.532s][info ][gc,heap     ] GC(131) Survivor regions: 1->1(40)
[2025-06-07T00:52:22.543+0000][15438.532s][info ][gc,heap     ] GC(131) Old regions: 168->168
[2025-06-07T00:52:22.543+0000][15438.532s][info ][gc,heap     ] GC(131) Archive regions: 2->2
[2025-06-07T00:52:22.543+0000][15438.532s][info ][gc,heap     ] GC(131) Humongous regions: 0->0
[2025-06-07T00:52:22.543+0000][15438.532s][info ][gc,metaspace] GC(131) Metaspace: 174868K(176192K)->174868K(176192K) NonClass: 153369K(154048K)->153369K(154048K) Class: 21498K(22144K)->21498K(22144K)
[2025-06-07T00:52:22.543+0000][15438.532s][info ][gc          ] GC(131) Pause Young (Normal) (G1 Evacuation Pause) 480M->168M(538M) 5.460ms
[2025-06-07T00:52:22.543+0000][15438.533s][info ][gc,cpu      ] GC(131) User=0.01s Sys=0.00s Real=0.01s
[2025-06-07T00:52:22.543+0000][15438.533s][info ][safepoint   ] Safepoint "G1CollectForAllocation", Time since last: 57485850360 ns, Reaching safepoint: 1354084 ns, Cleanup: 7791 ns, At safepoint: 5648375 ns, Total: 7010250 ns
[2025-06-07T00:52:26.548+0000][15442.537s][debug][safepoint   ] Safepoint synchronization initiated using futex wait barrier. (160 threads)
[2025-06-07T00:52:26.548+0000][15442.538s][info ][safepoint   ] Safepoint "Cleanup", Time since last: 4004805294 ns, Reaching safepoint: 341416 ns, Cleanup: 24792 ns, At safepoint: 6625 ns, Total: 372833 ns
[2025-06-07T00:57:04.203+0000][15720.194s][debug][safepoint   ] Safepoint synchronization initiated using futex wait barrier. (159 threads)
[2025-06-07T00:57:04.207+0000][15720.197s][info ][gc,start    ] GC(132) Pause Young (Normal) (G1 Evacuation Pause)
[2025-06-07T00:57:04.207+0000][15720.197s][info ][gc,task     ] GC(132) Using 2 workers of 2 for evacuation
[2025-06-07T00:57:04.212+0000][15720.202s][info ][gc,phases   ] GC(132)   Pre Evacuate Collection Set: 0.3ms
[2025-06-07T00:57:04.212+0000][15720.203s][info ][gc,phases   ] GC(132)   Merge Heap Roots: 0.1ms
[2025-06-07T00:57:04.212+0000][15720.203s][info ][gc,phases   ] GC(132)   Evacuate Collection Set: 2.1ms
[2025-06-07T00:57:04.212+0000][15720.203s][info ][gc,phases   ] GC(132)   Post Evacuate Collection Set: 2.3ms
[2025-06-07T00:57:04.212+0000][15720.203s][info ][gc,phases   ] GC(132)   Other: 0.6ms
[2025-06-07T00:57:04.212+0000][15720.203s][info ][gc,heap     ] GC(132) Eden regions: 312->0(312)
[2025-06-07T00:57:04.212+0000][15720.203s][info ][gc,heap     ] GC(132) Survivor regions: 1->1(40)
[2025-06-07T00:57:04.212+0000][15720.203s][info ][gc,heap     ] GC(132) Old regions: 168->168
[2025-06-07T00:57:04.212+0000][15720.203s][info ][gc,heap     ] GC(132) Archive regions: 2->2
[2025-06-07T00:57:04.212+0000][15720.203s][info ][gc,heap     ] GC(132) Humongous regions: 0->0
[2025-06-07T00:57:04.212+0000][15720.203s][info ][gc,metaspace] GC(132) Metaspace: 174891K(176192K)->174891K(176192K) NonClass: 153392K(154048K)->153392K(154048K) Class: 21498K(22144K)->21498K(22144K)
[2025-06-07T00:57:04.213+0000][15720.203s][info ][gc          ] GC(132) Pause Young (Normal) (G1 Evacuation Pause) 480M->168M(538M) 5.945ms
[2025-06-07T00:57:04.213+0000][15720.203s][info ][gc,cpu      ] GC(132) User=0.01s Sys=0.00s Real=0.01s
[2025-06-07T00:57:04.213+0000][15720.203s][info ][safepoint   ] Safepoint "G1CollectForAllocation", Time since last: 277656132251 ns, Reaching safepoint: 3223750 ns, Cleanup: 22375 ns, At safepoint: 6289667 ns, Total: 9535792 ns
[2025-06-07T00:57:31.055+0000][15747.045s][debug][safepoint   ] Safepoint synchronization initiated using futex wait barrier. (159 threads)
[2025-06-07T00:57:31.055+0000][15747.046s][info ][safepoint   ] Safepoint "Cleanup", Time since last: 26841905513 ns, Reaching safepoint: 355041 ns, Cleanup: 25042 ns, At safepoint: 6708 ns, Total: 386791 ns
[2025-06-07T01:01:43.888+0000][15999.879s][debug][safepoint   ] Safepoint synchronization initiated using futex wait barrier. (159 threads)
[2025-06-07T01:01:43.890+0000][15999.881s][info ][gc,start    ] GC(133) Pause Young (Normal) (G1 Evacuation Pause)
[2025-06-07T01:01:43.890+0000][15999.881s][info ][gc,task     ] GC(133) Using 2 workers of 2 for evacuation
[2025-06-07T01:01:43.896+0000][15999.887s][info ][gc,phases   ] GC(133)   Pre Evacuate Collection Set: 0.5ms
[2025-06-07T01:01:43.896+0000][15999.887s][info ][gc,phases   ] GC(133)   Merge Heap Roots: 0.2ms
[2025-06-07T01:01:43.896+0000][15999.887s][info ][gc,phases   ] GC(133)   Evacuate Collection Set: 2.7ms
[2025-06-07T01:01:43.896+0000][15999.887s][info ][gc,phases   ] GC(133)   Post Evacuate Collection Set: 2.2ms
[2025-06-07T01:01:43.896+0000][15999.887s][info ][gc,phases   ] GC(133)   Other: 0.8ms
[2025-06-07T01:01:43.896+0000][15999.888s][info ][gc,heap     ] GC(133) Eden regions: 312->0(312)
[2025-06-07T01:01:43.896+0000][15999.888s][info ][gc,heap     ] GC(133) Survivor regions: 1->1(40)
[2025-06-07T01:01:43.896+0000][15999.888s][info ][gc,heap     ] GC(133) Old regions: 168->168
[2025-06-07T01:01:43.896+0000][15999.888s][info ][gc,heap     ] GC(133) Archive regions: 2->2
[2025-06-07T01:01:43.896+0000][15999.888s][info ][gc,heap     ] GC(133) Humongous regions: 0->0
[2025-06-07T01:01:43.896+0000][15999.888s][info ][gc,metaspace] GC(133) Metaspace: 174891K(176192K)->174891K(176192K) NonClass: 153392K(154048K)->153392K(154048K) Class: 21498K(22144K)->21498K(22144K)
[2025-06-07T01:01:43.897+0000][15999.888s][info ][gc          ] GC(133) Pause Young (Normal) (G1 Evacuation Pause) 480M->168M(538M) 6.931ms
[2025-06-07T01:01:43.897+0000][15999.888s][info ][gc,cpu      ] GC(133) User=0.01s Sys=0.00s Real=0.00s
[2025-06-07T01:01:43.897+0000][15999.888s][info ][safepoint   ] Safepoint "G1CollectForAllocation", Time since last: 252833232406 ns, Reaching safepoint: 1631417 ns, Cleanup: 58917 ns, At safepoint: 7302875 ns, Total: 8993209 ns
[2025-06-07T01:01:45.898+0000][16001.890s][debug][safepoint   ] Safepoint synchronization initiated using futex wait barrier. (161 threads)
[2025-06-07T01:01:45.899+0000][16001.890s][info ][safepoint   ] Safepoint "Cleanup", Time since last: 2001646876 ns, Reaching safepoint: 340083 ns, Cleanup: 35583 ns, At safepoint: 5417 ns, Total: 381083 ns
[2025-06-07T01:04:08.822+0000][16144.814s][debug][safepoint   ] Safepoint synchronization initiated using futex wait barrier. (159 threads)
[2025-06-07T01:04:08.823+0000][16144.814s][info ][safepoint   ] Safepoint "Cleanup", Time since last: 142923740898 ns, Reaching safepoint: 329750 ns, Cleanup: 135000 ns, At safepoint: 5916 ns, Total: 470666 ns
[2025-06-07T01:06:23.506+0000][16279.498s][debug][safepoint   ] Safepoint synchronization initiated using futex wait barrier. (159 threads)
[2025-06-07T01:06:23.509+0000][16279.501s][info ][gc,start    ] GC(134) Pause Young (Normal) (G1 Evacuation Pause)
[2025-06-07T01:06:23.510+0000][16279.501s][info ][gc,task     ] GC(134) Using 2 workers of 2 for evacuation
[2025-06-07T01:06:23.515+0000][16279.507s][info ][gc,phases   ] GC(134)   Pre Evacuate Collection Set: 0.3ms
[2025-06-07T01:06:23.515+0000][16279.507s][info ][gc,phases   ] GC(134)   Merge Heap Roots: 0.1ms
[2025-06-07T01:06:23.515+0000][16279.507s][info ][gc,phases   ] GC(134)   Evacuate Collection Set: 2.7ms
[2025-06-07T01:06:23.515+0000][16279.507s][info ][gc,phases   ] GC(134)   Post Evacuate Collection Set: 2.0ms
[2025-06-07T01:06:23.515+0000][16279.507s][info ][gc,phases   ] GC(134)   Other: 0.6ms
[2025-06-07T01:06:23.515+0000][16279.507s][info ][gc,heap     ] GC(134) Eden regions: 312->0(310)
[2025-06-07T01:06:23.515+0000][16279.507s][info ][gc,heap     ] GC(134) Survivor regions: 1->2(40)
[2025-06-07T01:06:23.516+0000][16279.507s][info ][gc,heap     ] GC(134) Old regions: 168->168
[2025-06-07T01:06:23.516+0000][16279.507s][info ][gc,heap     ] GC(134) Archive regions: 2->2
[2025-06-07T01:06:23.516+0000][16279.507s][info ][gc,heap     ] GC(134) Humongous regions: 0->0
[2025-06-07T01:06:23.516+0000][16279.507s][info ][gc,metaspace] GC(134) Metaspace: 174905K(176192K)->174905K(176192K) NonClass: 153405K(154048K)->153405K(154048K) Class: 21499K(22144K)->21499K(22144K)
[2025-06-07T01:06:23.516+0000][16279.507s][info ][gc          ] GC(134) Pause Young (Normal) (G1 Evacuation Pause) 480M->169M(538M) 6.356ms
[2025-06-07T01:06:23.516+0000][16279.508s][info ][gc,cpu      ] GC(134) User=0.01s Sys=0.00s Real=0.00s
[2025-06-07T01:06:23.516+0000][16279.508s][info ][safepoint   ] Safepoint "G1CollectForAllocation", Time since last: 134683653770 ns, Reaching safepoint: 3036542 ns, Cleanup: 21791 ns, At safepoint: 6693834 ns, Total: 9752167 ns
[2025-06-07T01:11:01.596+0000][16557.589s][debug][safepoint   ] Safepoint synchronization initiated using futex wait barrier. (161 threads)
[2025-06-07T01:11:01.599+0000][16557.592s][info ][gc,start    ] GC(135) Pause Young (Normal) (G1 Evacuation Pause)
[2025-06-07T01:11:01.600+0000][16557.593s][info ][gc,task     ] GC(135) Using 2 workers of 2 for evacuation
[2025-06-07T01:11:01.605+0000][16557.598s][info ][gc,phases   ] GC(135)   Pre Evacuate Collection Set: 0.4ms
[2025-06-07T01:11:01.606+0000][16557.599s][info ][gc,phases   ] GC(135)   Merge Heap Roots: 0.1ms
[2025-06-07T01:11:01.606+0000][16557.599s][info ][gc,phases   ] GC(135)   Evacuate Collection Set: 2.4ms
[2025-06-07T01:11:01.606+0000][16557.599s][info ][gc,phases   ] GC(135)   Post Evacuate Collection Set: 2.1ms
[2025-06-07T01:11:01.606+0000][16557.599s][info ][gc,phases   ] GC(135)   Other: 1.5ms
[2025-06-07T01:11:01.606+0000][16557.599s][info ][gc,heap     ] GC(135) Eden regions: 310->0(310)
[2025-06-07T01:11:01.606+0000][16557.599s][info ][gc,heap     ] GC(135) Survivor regions: 2->2(39)
[2025-06-07T01:11:01.606+0000][16557.599s][info ][gc,heap     ] GC(135) Old regions: 168->168
[2025-06-07T01:11:01.606+0000][16557.599s][info ][gc,heap     ] GC(135) Archive regions: 2->2
[2025-06-07T01:11:01.606+0000][16557.599s][info ][gc,heap     ] GC(135) Humongous regions: 0->0
[2025-06-07T01:11:01.606+0000][16557.599s][info ][gc,metaspace] GC(135) Metaspace: 174912K(176256K)->174912K(176256K) NonClass: 153412K(154112K)->153412K(154112K) Class: 21499K(22144K)->21499K(22144K)
[2025-06-07T01:11:01.606+0000][16557.599s][info ][gc          ] GC(135) Pause Young (Normal) (G1 Evacuation Pause) 479M->169M(538M) 7.214ms
[2025-06-07T01:11:01.606+0000][16557.599s][info ][gc,cpu      ] GC(135) User=0.00s Sys=0.00s Real=0.01s
[2025-06-07T01:11:01.606+0000][16557.599s][info ][safepoint   ] Safepoint "G1CollectForAllocation", Time since last: 278081347001 ns, Reaching safepoint: 2747083 ns, Cleanup: 23292 ns, At safepoint: 7533625 ns, Total: 10304000 ns
[2025-06-07T01:12:30.476+0000][16646.469s][debug][safepoint   ] Safepoint synchronization initiated using futex wait barrier. (160 threads)
[2025-06-07T01:12:30.478+0000][16646.470s][info ][safepoint   ] Safepoint "Cleanup", Time since last: 88869360790 ns, Reaching safepoint: 1693250 ns, Cleanup: 48667 ns, At safepoint: 13667 ns, Total: 1755584 ns
[2025-06-07T01:13:00.660+0000][16676.653s][debug][safepoint   ] Safepoint synchronization initiated using futex wait barrier. (160 threads)
[2025-06-07T01:13:00.662+0000][16676.655s][info ][safepoint   ] Safepoint "Cleanup", Time since last: 30182988347 ns, Reaching safepoint: 2018500 ns, Cleanup: 57167 ns, At safepoint: 13833 ns, Total: 2089500 ns
[2025-06-07T01:15:40.657+0000][16836.652s][debug][safepoint   ] Safepoint synchronization initiated using futex wait barrier. (160 threads)
[2025-06-07T01:15:40.659+0000][16836.654s][info ][gc,start    ] GC(136) Pause Young (Normal) (G1 Evacuation Pause)
[2025-06-07T01:15:40.659+0000][16836.654s][info ][gc,task     ] GC(136) Using 2 workers of 2 for evacuation
[2025-06-07T01:15:40.663+0000][16836.657s][info ][gc,phases   ] GC(136)   Pre Evacuate Collection Set: 0.2ms
[2025-06-07T01:15:40.663+0000][16836.657s][info ][gc,phases   ] GC(136)   Merge Heap Roots: 0.1ms
[2025-06-07T01:15:40.663+0000][16836.657s][info ][gc,phases   ] GC(136)   Evacuate Collection Set: 1.4ms
[2025-06-07T01:15:40.663+0000][16836.657s][info ][gc,phases   ] GC(136)   Post Evacuate Collection Set: 1.4ms
[2025-06-07T01:15:40.663+0000][16836.658s][info ][gc,phases   ] GC(136)   Other: 0.4ms
[2025-06-07T01:15:40.663+0000][16836.658s][info ][gc,heap     ] GC(136) Eden regions: 310->0(312)
[2025-06-07T01:15:40.663+0000][16836.658s][info ][gc,heap     ] GC(136) Survivor regions: 2->1(39)
[2025-06-07T01:15:40.663+0000][16836.658s][info ][gc,heap     ] GC(136) Old regions: 168->168
[2025-06-07T01:15:40.663+0000][16836.658s][info ][gc,heap     ] GC(136) Archive regions: 2->2
[2025-06-07T01:15:40.663+0000][16836.658s][info ][gc,heap     ] GC(136) Humongous regions: 0->0
[2025-06-07T01:15:40.663+0000][16836.658s][info ][gc,metaspace] GC(136) Metaspace: 174912K(176256K)->174912K(176256K) NonClass: 153412K(154112K)->153412K(154112K) Class: 21499K(22144K)->21499K(22144K)
[2025-06-07T01:15:40.664+0000][16836.658s][info ][gc          ] GC(136) Pause Young (Normal) (G1 Evacuation Pause) 479M->168M(538M) 4.326ms
[2025-06-07T01:15:40.664+0000][16836.658s][info ][gc,cpu      ] GC(136) User=0.01s Sys=0.00s Real=0.00s
[2025-06-07T01:15:40.664+0000][16836.658s][info ][safepoint   ] Safepoint "G1CollectForAllocation", Time since last: 159996384448 ns, Reaching safepoint: 1828625 ns, Cleanup: 7875 ns, At safepoint: 4645000 ns, Total: 6481500 ns
[2025-06-07T01:16:30.745+0000][16886.739s][debug][safepoint   ] Safepoint synchronization initiated using futex wait barrier. (160 threads)
[2025-06-07T01:16:30.747+0000][16886.740s][info ][safepoint   ] Safepoint "Cleanup", Time since last: 50080210773 ns, Reaching safepoint: 1765416 ns, Cleanup: 49167 ns, At safepoint: 8583 ns, Total: 1823166 ns
[2025-06-07T01:17:38.001+0000][16953.995s][debug][safepoint   ] Safepoint synchronization initiated using futex wait barrier. (160 threads)
[2025-06-07T01:17:38.003+0000][16953.997s][info ][safepoint   ] Safepoint "Cleanup", Time since last: 67254432906 ns, Reaching safepoint: 1620833 ns, Cleanup: 205209 ns, At safepoint: 11458 ns, Total: 1837500 ns
[2025-06-07T01:20:22.438+0000][17118.432s][debug][safepoint   ] Safepoint synchronization initiated using futex wait barrier. (160 threads)
[2025-06-07T01:20:22.441+0000][17118.435s][info ][gc,start    ] GC(137) Pause Young (Normal) (G1 Evacuation Pause)
[2025-06-07T01:20:22.441+0000][17118.435s][info ][gc,task     ] GC(137) Using 2 workers of 2 for evacuation
[2025-06-07T01:20:22.450+0000][17118.444s][info ][gc,phases   ] GC(137)   Pre Evacuate Collection Set: 0.6ms
[2025-06-07T01:20:22.450+0000][17118.444s][info ][gc,phases   ] GC(137)   Merge Heap Roots: 0.1ms
[2025-06-07T01:20:22.450+0000][17118.444s][info ][gc,phases   ] GC(137)   Evacuate Collection Set: 5.1ms
[2025-06-07T01:20:22.450+0000][17118.445s][info ][gc,phases   ] GC(137)   Post Evacuate Collection Set: 2.9ms
[2025-06-07T01:20:22.451+0000][17118.445s][info ][gc,phases   ] GC(137)   Other: 0.7ms
[2025-06-07T01:20:22.451+0000][17118.445s][info ][gc,heap     ] GC(137) Eden regions: 312->0(310)
[2025-06-07T01:20:22.451+0000][17118.445s][info ][gc,heap     ] GC(137) Survivor regions: 1->2(40)
[2025-06-07T01:20:22.451+0000][17118.445s][info ][gc,heap     ] GC(137) Old regions: 168->168
[2025-06-07T01:20:22.451+0000][17118.445s][info ][gc,heap     ] GC(137) Archive regions: 2->2
[2025-06-07T01:20:22.451+0000][17118.445s][info ][gc,heap     ] GC(137) Humongous regions: 0->0
[2025-06-07T01:20:22.451+0000][17118.445s][info ][gc,metaspace] GC(137) Metaspace: 174913K(176256K)->174913K(176256K) NonClass: 153413K(154112K)->153413K(154112K) Class: 21499K(22144K)->21499K(22144K)
[2025-06-07T01:20:22.451+0000][17118.445s][info ][gc          ] GC(137) Pause Young (Normal) (G1 Evacuation Pause) 480M->169M(538M) 10.181ms
[2025-06-07T01:20:22.451+0000][17118.445s][info ][gc,cpu      ] GC(137) User=0.02s Sys=0.00s Real=0.01s
[2025-06-07T01:20:22.451+0000][17118.445s][info ][safepoint   ] Safepoint "G1CollectForAllocation", Time since last: 164435664533 ns, Reaching safepoint: 2378042 ns, Cleanup: 21208 ns, At safepoint: 10666500 ns, Total: 13065750 ns
[2025-06-07T01:25:02.125+0000][17398.120s][debug][safepoint   ] Safepoint synchronization initiated using futex wait barrier. (160 threads)
[2025-06-07T01:25:02.127+0000][17398.122s][info ][gc,start    ] GC(138) Pause Young (Normal) (G1 Evacuation Pause)
[2025-06-07T01:25:02.128+0000][17398.123s][info ][gc,task     ] GC(138) Using 2 workers of 2 for evacuation
[2025-06-07T01:25:02.133+0000][17398.128s][info ][gc,phases   ] GC(138)   Pre Evacuate Collection Set: 0.2ms
[2025-06-07T01:25:02.133+0000][17398.128s][info ][gc,phases   ] GC(138)   Merge Heap Roots: 0.1ms
[2025-06-07T01:25:02.133+0000][17398.128s][info ][gc,phases   ] GC(138)   Evacuate Collection Set: 2.1ms
[2025-06-07T01:25:02.133+0000][17398.128s][info ][gc,phases   ] GC(138)   Post Evacuate Collection Set: 2.0ms
[2025-06-07T01:25:02.133+0000][17398.128s][info ][gc,phases   ] GC(138)   Other: 1.2ms
[2025-06-07T01:25:02.133+0000][17398.128s][info ][gc,heap     ] GC(138) Eden regions: 310->0(312)
[2025-06-07T01:25:02.133+0000][17398.128s][info ][gc,heap     ] GC(138) Survivor regions: 2->1(39)
[2025-06-07T01:25:02.133+0000][17398.128s][info ][gc,heap     ] GC(138) Old regions: 168->168
[2025-06-07T01:25:02.133+0000][17398.128s][info ][gc,heap     ] GC(138) Archive regions: 2->2
[2025-06-07T01:25:02.133+0000][17398.128s][info ][gc,heap     ] GC(138) Humongous regions: 0->0
[2025-06-07T01:25:02.134+0000][17398.129s][info ][gc,metaspace] GC(138) Metaspace: 174913K(176256K)->174913K(176256K) NonClass: 153413K(154112K)->153413K(154112K) Class: 21499K(22144K)->21499K(22144K)
[2025-06-07T01:25:02.134+0000][17398.129s][info ][gc          ] GC(138) Pause Young (Normal) (G1 Evacuation Pause) 479M->168M(538M) 6.185ms
[2025-06-07T01:25:02.134+0000][17398.129s][info ][gc,cpu      ] GC(138) User=0.01s Sys=0.00s Real=0.01s
[2025-06-07T01:25:02.134+0000][17398.129s][info ][safepoint   ] Safepoint "G1CollectForAllocation", Time since last: 279674255669 ns, Reaching safepoint: 2640000 ns, Cleanup: 16667 ns, At safepoint: 6499500 ns, Total: 9156167 ns
[2025-06-07T01:26:14.152+0000][17470.148s][debug][safepoint   ] Safepoint synchronization initiated using futex wait barrier. (160 threads)
[2025-06-07T01:26:14.154+0000][17470.149s][info ][safepoint   ] Safepoint "Cleanup", Time since last: 72018872367 ns, Reaching safepoint: 1715375 ns, Cleanup: 23208 ns, At safepoint: 5958 ns, Total: 1744541 ns
[2025-06-07T01:29:43.864+0000][17679.860s][debug][safepoint   ] Safepoint synchronization initiated using futex wait barrier. (161 threads)
[2025-06-07T01:29:43.867+0000][17679.863s][info ][gc,start    ] GC(139) Pause Young (Normal) (G1 Evacuation Pause)
[2025-06-07T01:29:43.867+0000][17679.863s][info ][gc,task     ] GC(139) Using 2 workers of 2 for evacuation
[2025-06-07T01:29:43.873+0000][17679.869s][info ][gc,phases   ] GC(139)   Pre Evacuate Collection Set: 0.5ms
[2025-06-07T01:29:43.873+0000][17679.869s][info ][gc,phases   ] GC(139)   Merge Heap Roots: 0.1ms
[2025-06-07T01:29:43.873+0000][17679.869s][info ][gc,phases   ] GC(139)   Evacuate Collection Set: 2.3ms
[2025-06-07T01:29:43.873+0000][17679.869s][info ][gc,phases   ] GC(139)   Post Evacuate Collection Set: 2.2ms
[2025-06-07T01:29:43.873+0000][17679.869s][info ][gc,phases   ] GC(139)   Other: 0.9ms
[2025-06-07T01:29:43.873+0000][17679.869s][info ][gc,heap     ] GC(139) Eden regions: 312->0(312)
[2025-06-07T01:29:43.874+0000][17679.869s][info ][gc,heap     ] GC(139) Survivor regions: 1->1(40)
[2025-06-07T01:29:43.874+0000][17679.869s][info ][gc,heap     ] GC(139) Old regions: 168->168
[2025-06-07T01:29:43.874+0000][17679.869s][info ][gc,heap     ] GC(139) Archive regions: 2->2
[2025-06-07T01:29:43.874+0000][17679.869s][info ][gc,heap     ] GC(139) Humongous regions: 0->0
[2025-06-07T01:29:43.874+0000][17679.869s][info ][gc,metaspace] GC(139) Metaspace: 174913K(176256K)->174913K(176256K) NonClass: 153413K(154112K)->153413K(154112K) Class: 21499K(22144K)->21499K(22144K)
[2025-06-07T01:29:43.874+0000][17679.870s][info ][gc          ] GC(139) Pause Young (Normal) (G1 Evacuation Pause) 480M->168M(538M) 6.825ms
[2025-06-07T01:29:43.874+0000][17679.870s][info ][gc,cpu      ] GC(139) User=0.01s Sys=0.00s Real=0.01s
[2025-06-07T01:29:43.874+0000][17679.870s][info ][safepoint   ] Safepoint "G1CollectForAllocation", Time since last: 209710493387 ns, Reaching safepoint: 2715000 ns, Cleanup: 24667 ns, At safepoint: 7260292 ns, Total: 9999959 ns
[2025-06-07T01:30:34.401+0000][17730.397s][debug][safepoint   ] Safepoint synchronization initiated using futex wait barrier. (161 threads)
[2025-06-07T01:30:34.403+0000][17730.399s][info ][safepoint   ] Safepoint "Cleanup", Time since last: 50527587480 ns, Reaching safepoint: 1432834 ns, Cleanup: 81291 ns, At safepoint: 13625 ns, Total: 1527750 ns
[2025-06-07T01:30:37.408+0000][17733.405s][debug][safepoint   ] Safepoint synchronization initiated using futex wait barrier. (161 threads)
[2025-06-07T01:30:37.410+0000][17733.407s][info ][safepoint   ] Safepoint "Cleanup", Time since last: 3005642043 ns, Reaching safepoint: 1868084 ns, Cleanup: 82416 ns, At safepoint: 13709 ns, Total: 1964209 ns
[2025-06-07T01:30:56.443+0000][17752.439s][debug][safepoint   ] Safepoint synchronization initiated using futex wait barrier. (161 threads)
[2025-06-07T01:30:56.444+0000][17752.440s][info ][safepoint   ] Safepoint "Cleanup", Time since last: 19032700424 ns, Reaching safepoint: 397792 ns, Cleanup: 25917 ns, At safepoint: 6291 ns, Total: 430000 ns
[2025-06-07T01:32:02.468+0000][17818.464s][debug][safepoint   ] Safepoint synchronization initiated using futex wait barrier. (161 threads)
[2025-06-07T01:32:02.470+0000][17818.466s][info ][safepoint   ] Safepoint "Cleanup", Time since last: 66024443406 ns, Reaching safepoint: 1634334 ns, Cleanup: 72625 ns, At safepoint: 11625 ns, Total: 1718584 ns
[2025-06-07T01:34:22.497+0000][17958.449s][debug][safepoint   ] Safepoint synchronization initiated using futex wait barrier. (158 threads)
[2025-06-07T01:34:22.499+0000][17958.451s][info ][gc,start    ] GC(140) Pause Young (Normal) (G1 Evacuation Pause)
[2025-06-07T01:34:22.499+0000][17958.451s][info ][gc,task     ] GC(140) Using 2 workers of 2 for evacuation
[2025-06-07T01:34:22.505+0000][17958.457s][info ][gc,phases   ] GC(140)   Pre Evacuate Collection Set: 0.5ms
[2025-06-07T01:34:22.506+0000][17958.457s][info ][gc,phases   ] GC(140)   Merge Heap Roots: 0.2ms
[2025-06-07T01:34:22.506+0000][17958.457s][info ][gc,phases   ] GC(140)   Evacuate Collection Set: 2.8ms
[2025-06-07T01:34:22.506+0000][17958.457s][info ][gc,phases   ] GC(140)   Post Evacuate Collection Set: 2.4ms
[2025-06-07T01:34:22.506+0000][17958.458s][info ][gc,phases   ] GC(140)   Other: 0.8ms
[2025-06-07T01:34:22.506+0000][17958.458s][info ][gc,heap     ] GC(140) Eden regions: 312->0(310)
[2025-06-07T01:34:22.506+0000][17958.458s][info ][gc,heap     ] GC(140) Survivor regions: 1->2(40)
[2025-06-07T01:34:22.506+0000][17958.458s][info ][gc,heap     ] GC(140) Old regions: 168->168
[2025-06-07T01:34:22.506+0000][17958.458s][info ][gc,heap     ] GC(140) Archive regions: 2->2
[2025-06-07T01:34:22.506+0000][17958.458s][info ][gc,heap     ] GC(140) Humongous regions: 0->0
[2025-06-07T01:34:22.506+0000][17958.458s][info ][gc,metaspace] GC(140) Metaspace: 174932K(176320K)->174932K(176320K) NonClass: 153432K(154176K)->153432K(154176K) Class: 21499K(22144K)->21499K(22144K)
[2025-06-07T01:34:22.506+0000][17958.458s][info ][gc          ] GC(140) Pause Young (Normal) (G1 Evacuation Pause) 480M->169M(538M) 7.420ms
[2025-06-07T01:34:22.506+0000][17958.458s][info ][gc,cpu      ] GC(140) User=0.02s Sys=0.00s Real=0.00s
[2025-06-07T01:34:22.506+0000][17958.458s][info ][safepoint   ] Safepoint "G1CollectForAllocation", Time since last: 139983155980 ns, Reaching safepoint: 1325375 ns, Cleanup: 22167 ns, At safepoint: 7714583 ns, Total: 9062125 ns
[2025-06-07T01:34:31.522+0000][17967.472s][debug][safepoint   ] Safepoint synchronization initiated using futex wait barrier. (159 threads)
[2025-06-07T01:34:31.522+0000][17967.473s][info ][safepoint   ] Safepoint "Cleanup", Time since last: 9014268503 ns, Reaching safepoint: 327000 ns, Cleanup: 25459 ns, At safepoint: 5833 ns, Total: 358292 ns
[2025-06-07T01:36:29.941+0000][18085.891s][debug][safepoint   ] Safepoint synchronization initiated using futex wait barrier. (163 threads)
[2025-06-07T01:36:29.942+0000][18085.892s][info ][safepoint   ] Safepoint "Cleanup", Time since last: 118417793221 ns, Reaching safepoint: 1633709 ns, Cleanup: 35916 ns, At safepoint: 11125 ns, Total: 1680750 ns
[2025-06-07T01:39:01.598+0000][18237.547s][debug][safepoint   ] Safepoint synchronization initiated using futex wait barrier. (161 threads)
[2025-06-07T01:39:01.599+0000][18237.548s][info ][gc,start    ] GC(141) Pause Young (Normal) (G1 Evacuation Pause)
[2025-06-07T01:39:01.599+0000][18237.548s][info ][gc,task     ] GC(141) Using 2 workers of 2 for evacuation
[2025-06-07T01:39:01.605+0000][18237.554s][info ][gc,phases   ] GC(141)   Pre Evacuate Collection Set: 0.3ms
[2025-06-07T01:39:01.606+0000][18237.554s][info ][gc,phases   ] GC(141)   Merge Heap Roots: 0.1ms
[2025-06-07T01:39:01.606+0000][18237.554s][info ][gc,phases   ] GC(141)   Evacuate Collection Set: 4.1ms
[2025-06-07T01:39:01.606+0000][18237.554s][info ][gc,phases   ] GC(141)   Post Evacuate Collection Set: 1.5ms
[2025-06-07T01:39:01.606+0000][18237.554s][info ][gc,phases   ] GC(141)   Other: 0.5ms
[2025-06-07T01:39:01.606+0000][18237.554s][info ][gc,heap     ] GC(141) Eden regions: 310->0(311)
[2025-06-07T01:39:01.606+0000][18237.554s][info ][gc,heap     ] GC(141) Survivor regions: 2->1(39)
[2025-06-07T01:39:01.606+0000][18237.555s][info ][gc,heap     ] GC(141) Old regions: 168->168
[2025-06-07T01:39:01.606+0000][18237.555s][info ][gc,heap     ] GC(141) Archive regions: 2->2
[2025-06-07T01:39:01.606+0000][18237.555s][info ][gc,heap     ] GC(141) Humongous regions: 0->0
[2025-06-07T01:39:01.606+0000][18237.555s][info ][gc,metaspace] GC(141) Metaspace: 174933K(176320K)->174933K(176320K) NonClass: 153433K(154176K)->153433K(154176K) Class: 21499K(22144K)->21499K(22144K)
[2025-06-07T01:39:01.606+0000][18237.555s][info ][gc          ] GC(141) Pause Young (Normal) (G1 Evacuation Pause) 479M->169M(538M) 7.132ms
[2025-06-07T01:39:01.606+0000][18237.555s][info ][gc,cpu      ] GC(141) User=0.01s Sys=0.00s Real=0.01s
[2025-06-07T01:39:01.606+0000][18237.555s][info ][safepoint   ] Safepoint "G1CollectForAllocation", Time since last: 151654542402 ns, Reaching safepoint: 782709 ns, Cleanup: 8333 ns, At safepoint: 7390167 ns, Total: 8181209 ns
[2025-06-07T01:43:31.569+0000][18507.516s][debug][safepoint   ] Safepoint synchronization initiated using futex wait barrier. (158 threads)
[2025-06-07T01:43:31.570+0000][18507.517s][info ][safepoint   ] Safepoint "Cleanup", Time since last: 269960633289 ns, Reaching safepoint: 1435167 ns, Cleanup: 26875 ns, At safepoint: 9958 ns, Total: 1472000 ns
[2025-06-07T01:43:41.231+0000][18517.178s][debug][safepoint   ] Safepoint synchronization initiated using futex wait barrier. (158 threads)
[2025-06-07T01:43:41.233+0000][18517.180s][info ][gc,start    ] GC(142) Pause Young (Normal) (G1 Evacuation Pause)
[2025-06-07T01:43:41.233+0000][18517.180s][info ][gc,task     ] GC(142) Using 2 workers of 2 for evacuation
[2025-06-07T01:43:41.237+0000][18517.184s][info ][gc,phases   ] GC(142)   Pre Evacuate Collection Set: 0.5ms
[2025-06-07T01:43:41.238+0000][18517.184s][info ][gc,phases   ] GC(142)   Merge Heap Roots: 0.2ms
[2025-06-07T01:43:41.238+0000][18517.184s][info ][gc,phases   ] GC(142)   Evacuate Collection Set: 2.1ms
[2025-06-07T01:43:41.238+0000][18517.184s][info ][gc,phases   ] GC(142)   Post Evacuate Collection Set: 1.3ms
[2025-06-07T01:43:41.238+0000][18517.185s][info ][gc,phases   ] GC(142)   Other: 0.6ms
[2025-06-07T01:43:41.238+0000][18517.185s][info ][gc,heap     ] GC(142) Eden regions: 311->0(312)
[2025-06-07T01:43:41.238+0000][18517.185s][info ][gc,heap     ] GC(142) Survivor regions: 1->1(39)
[2025-06-07T01:43:41.238+0000][18517.185s][info ][gc,heap     ] GC(142) Old regions: 168->168
[2025-06-07T01:43:41.238+0000][18517.185s][info ][gc,heap     ] GC(142) Archive regions: 2->2
[2025-06-07T01:43:41.238+0000][18517.185s][info ][gc,heap     ] GC(142) Humongous regions: 0->0
[2025-06-07T01:43:41.238+0000][18517.185s][info ][gc,metaspace] GC(142) Metaspace: 174933K(176320K)->174933K(176320K) NonClass: 153433K(154176K)->153433K(154176K) Class: 21499K(22144K)->21499K(22144K)
[2025-06-07T01:43:41.238+0000][18517.185s][info ][gc          ] GC(142) Pause Young (Normal) (G1 Evacuation Pause) 480M->169M(538M) 5.288ms
[2025-06-07T01:43:41.238+0000][18517.185s][info ][gc,cpu      ] GC(142) User=0.01s Sys=0.00s Real=0.00s
[2025-06-07T01:43:41.238+0000][18517.185s][info ][safepoint   ] Safepoint "G1CollectForAllocation", Time since last: 9661245713 ns, Reaching safepoint: 1189292 ns, Cleanup: 48708 ns, At safepoint: 5596792 ns, Total: 6834792 ns
[2025-06-07T01:44:31.317+0000][18567.264s][debug][safepoint   ] Safepoint synchronization initiated using futex wait barrier. (160 threads)
[2025-06-07T01:44:31.318+0000][18567.264s][info ][safepoint   ] Safepoint "Cleanup", Time since last: 50078805648 ns, Reaching safepoint: 364916 ns, Cleanup: 46334 ns, At safepoint: 8291 ns, Total: 419541 ns
[2025-06-07T01:48:21.950+0000][18797.895s][debug][safepoint   ] Safepoint synchronization initiated using futex wait barrier. (158 threads)
[2025-06-07T01:48:21.953+0000][18797.898s][info ][gc,start    ] GC(143) Pause Young (Normal) (G1 Evacuation Pause)
[2025-06-07T01:48:21.954+0000][18797.898s][info ][gc,task     ] GC(143) Using 2 workers of 2 for evacuation
[2025-06-07T01:48:21.959+0000][18797.903s][info ][gc,phases   ] GC(143)   Pre Evacuate Collection Set: 0.2ms
[2025-06-07T01:48:21.959+0000][18797.904s][info ][gc,phases   ] GC(143)   Merge Heap Roots: 0.1ms
[2025-06-07T01:48:21.959+0000][18797.904s][info ][gc,phases   ] GC(143)   Evacuate Collection Set: 2.2ms
[2025-06-07T01:48:21.959+0000][18797.904s][info ][gc,phases   ] GC(143)   Post Evacuate Collection Set: 2.2ms
[2025-06-07T01:48:21.959+0000][18797.904s][info ][gc,phases   ] GC(143)   Other: 0.6ms
[2025-06-07T01:48:21.959+0000][18797.904s][info ][gc,heap     ] GC(143) Eden regions: 312->0(312)
[2025-06-07T01:48:21.959+0000][18797.904s][info ][gc,heap     ] GC(143) Survivor regions: 1->1(40)
[2025-06-07T01:48:21.959+0000][18797.904s][info ][gc,heap     ] GC(143) Old regions: 168->168
[2025-06-07T01:48:21.959+0000][18797.904s][info ][gc,heap     ] GC(143) Archive regions: 2->2
[2025-06-07T01:48:21.959+0000][18797.904s][info ][gc,heap     ] GC(143) Humongous regions: 0->0
[2025-06-07T01:48:21.959+0000][18797.904s][info ][gc,metaspace] GC(143) Metaspace: 174933K(176320K)->174933K(176320K) NonClass: 153433K(154176K)->153433K(154176K) Class: 21499K(22144K)->21499K(22144K)
[2025-06-07T01:48:21.959+0000][18797.904s][info ][gc          ] GC(143) Pause Young (Normal) (G1 Evacuation Pause) 481M->169M(538M) 5.902ms
[2025-06-07T01:48:21.959+0000][18797.904s][info ][gc,cpu      ] GC(143) User=0.01s Sys=0.00s Real=0.00s
[2025-06-07T01:48:21.960+0000][18797.904s][info ][safepoint   ] Safepoint "G1CollectForAllocation", Time since last: 230630853230 ns, Reaching safepoint: 2889417 ns, Cleanup: 24791 ns, At safepoint: 6297209 ns, Total: 9211417 ns
[2025-06-07T01:51:21.596+0000][18977.540s][debug][safepoint   ] Safepoint synchronization initiated using futex wait barrier. (159 threads)
[2025-06-07T01:51:21.597+0000][18977.541s][info ][safepoint   ] Safepoint "Cleanup", Time since last: 179636031122 ns, Reaching safepoint: 461584 ns, Cleanup: 46666 ns, At safepoint: 7042 ns, Total: 515292 ns
[2025-06-07T01:53:02.460+0000][19078.402s][debug][safepoint   ] Safepoint synchronization initiated using futex wait barrier. (159 threads)
[2025-06-07T01:53:02.461+0000][19078.403s][info ][gc,start    ] GC(144) Pause Young (Normal) (G1 Evacuation Pause)
[2025-06-07T01:53:02.461+0000][19078.403s][info ][gc,task     ] GC(144) Using 2 workers of 2 for evacuation
[2025-06-07T01:53:02.467+0000][19078.409s][info ][gc,phases   ] GC(144)   Pre Evacuate Collection Set: 0.5ms
[2025-06-07T01:53:02.467+0000][19078.410s][info ][gc,phases   ] GC(144)   Merge Heap Roots: 0.2ms
[2025-06-07T01:53:02.467+0000][19078.410s][info ][gc,phases   ] GC(144)   Evacuate Collection Set: 2.7ms
[2025-06-07T01:53:02.467+0000][19078.410s][info ][gc,phases   ] GC(144)   Post Evacuate Collection Set: 2.2ms
[2025-06-07T01:53:02.467+0000][19078.410s][info ][gc,phases   ] GC(144)   Other: 0.7ms
[2025-06-07T01:53:02.468+0000][19078.410s][info ][gc,heap     ] GC(144) Eden regions: 312->0(312)
[2025-06-07T01:53:02.468+0000][19078.410s][info ][gc,heap     ] GC(144) Survivor regions: 1->1(40)
[2025-06-07T01:53:02.468+0000][19078.410s][info ][gc,heap     ] GC(144) Old regions: 168->168
[2025-06-07T01:53:02.468+0000][19078.410s][info ][gc,heap     ] GC(144) Archive regions: 2->2
[2025-06-07T01:53:02.468+0000][19078.410s][info ][gc,heap     ] GC(144) Humongous regions: 0->0
[2025-06-07T01:53:02.468+0000][19078.410s][info ][gc,metaspace] GC(144) Metaspace: 174933K(176320K)->174933K(176320K) NonClass: 153433K(154176K)->153433K(154176K) Class: 21499K(22144K)->21499K(22144K)
[2025-06-07T01:53:02.468+0000][19078.410s][info ][gc          ] GC(144) Pause Young (Normal) (G1 Evacuation Pause) 481M->169M(538M) 7.286ms
[2025-06-07T01:53:02.468+0000][19078.410s][info ][gc,cpu      ] GC(144) User=0.01s Sys=0.00s Real=0.01s
[2025-06-07T01:53:02.468+0000][19078.411s][info ][safepoint   ] Safepoint "G1CollectForAllocation", Time since last: 100861061504 ns, Reaching safepoint: 915917 ns, Cleanup: 20125 ns, At safepoint: 7597666 ns, Total: 8533708 ns
[2025-06-07T01:54:09.558+0000][19145.534s][debug][safepoint   ] Safepoint synchronization initiated using futex wait barrier. (159 threads)
[2025-06-07T01:54:09.559+0000][19145.535s][info ][safepoint   ] Safepoint "Cleanup", Time since last: 67123708781 ns, Reaching safepoint: 739875 ns, Cleanup: 38083 ns, At safepoint: 5084 ns, Total: 783042 ns
[2025-06-07T01:55:16.992+0000][19212.978s][debug][safepoint   ] Safepoint synchronization initiated using futex wait barrier. (159 threads)
[2025-06-07T01:55:16.995+0000][19212.981s][info ][safepoint   ] Safepoint "Cleanup", Time since last: 67442590488 ns, Reaching safepoint: 3436834 ns, Cleanup: 62500 ns, At safepoint: 16500 ns, Total: 3515834 ns
[2025-06-07T01:57:43.902+0000][19359.889s][debug][safepoint   ] Safepoint synchronization initiated using futex wait barrier. (159 threads)
[2025-06-07T01:57:43.904+0000][19359.891s][info ][gc,start    ] GC(145) Pause Young (Normal) (G1 Evacuation Pause)
[2025-06-07T01:57:43.904+0000][19359.891s][info ][gc,task     ] GC(145) Using 2 workers of 2 for evacuation
[2025-06-07T01:57:43.910+0000][19359.896s][info ][gc,phases   ] GC(145)   Pre Evacuate Collection Set: 0.6ms
[2025-06-07T01:57:43.910+0000][19359.896s][info ][gc,phases   ] GC(145)   Merge Heap Roots: 0.2ms
[2025-06-07T01:57:43.910+0000][19359.897s][info ][gc,phases   ] GC(145)   Evacuate Collection Set: 1.7ms
[2025-06-07T01:57:43.910+0000][19359.897s][info ][gc,phases   ] GC(145)   Post Evacuate Collection Set: 2.3ms
[2025-06-07T01:57:43.910+0000][19359.897s][info ][gc,phases   ] GC(145)   Other: 1.1ms
[2025-06-07T01:57:43.910+0000][19359.897s][info ][gc,heap     ] GC(145) Eden regions: 312->0(312)
[2025-06-07T01:57:43.910+0000][19359.897s][info ][gc,heap     ] GC(145) Survivor regions: 1->1(40)
[2025-06-07T01:57:43.910+0000][19359.897s][info ][gc,heap     ] GC(145) Old regions: 168->168
[2025-06-07T01:57:43.910+0000][19359.897s][info ][gc,heap     ] GC(145) Archive regions: 2->2
[2025-06-07T01:57:43.910+0000][19359.897s][info ][gc,heap     ] GC(145) Humongous regions: 0->0
[2025-06-07T01:57:43.910+0000][19359.897s][info ][gc,metaspace] GC(145) Metaspace: 174934K(176320K)->174934K(176320K) NonClass: 153434K(154176K)->153434K(154176K) Class: 21499K(22144K)->21499K(22144K)
[2025-06-07T01:57:43.910+0000][19359.897s][info ][gc          ] GC(145) Pause Young (Normal) (G1 Evacuation Pause) 481M->169M(538M) 6.493ms
[2025-06-07T01:57:43.910+0000][19359.897s][info ][gc,cpu      ] GC(145) User=0.01s Sys=0.00s Real=0.00s
[2025-06-07T01:57:43.910+0000][19359.897s][info ][safepoint   ] Safepoint "G1CollectForAllocation", Time since last: 146907752317 ns, Reaching safepoint: 1554917 ns, Cleanup: 8166 ns, At safepoint: 6712334 ns, Total: 8275417 ns
[2025-06-07T02:00:01.154+0000][19497.141s][debug][safepoint   ] Safepoint synchronization initiated using futex wait barrier. (162 threads)
[2025-06-07T02:00:01.154+0000][19497.141s][info ][safepoint   ] Safepoint "Cleanup", Time since last: 137243570811 ns, Reaching safepoint: 589000 ns, Cleanup: 26250 ns, At safepoint: 6292 ns, Total: 621542 ns
[2025-06-07T02:01:12.282+0000][19568.269s][debug][safepoint   ] Safepoint synchronization initiated using futex wait barrier. (162 threads)
[2025-06-07T02:01:12.285+0000][19568.272s][info ][safepoint   ] Safepoint "Cleanup", Time since last: 71127603158 ns, Reaching safepoint: 2707708 ns, Cleanup: 68625 ns, At safepoint: 10542 ns, Total: 2786875 ns
[2025-06-07T02:01:17.291+0000][19573.278s][debug][safepoint   ] Safepoint synchronization initiated using futex wait barrier. (162 threads)
[2025-06-07T02:01:17.293+0000][19573.281s][info ][safepoint   ] Safepoint "Cleanup", Time since last: 5006217086 ns, Reaching safepoint: 2457583 ns, Cleanup: 86208 ns, At safepoint: 16375 ns, Total: 2560166 ns
[2025-06-07T02:01:54.360+0000][19610.348s][debug][safepoint   ] Safepoint synchronization initiated using futex wait barrier. (159 threads)
[2025-06-07T02:01:54.363+0000][19610.350s][info ][safepoint   ] Safepoint "Cleanup", Time since last: 37067101559 ns, Reaching safepoint: 2725291 ns, Cleanup: 47209 ns, At safepoint: 11666 ns, Total: 2784166 ns
[2025-06-07T02:02:22.895+0000][19638.884s][debug][safepoint   ] Safepoint synchronization initiated using futex wait barrier. (159 threads)
[2025-06-07T02:02:22.898+0000][19638.886s][info ][gc,start    ] GC(146) Pause Young (Normal) (G1 Evacuation Pause)
[2025-06-07T02:02:22.899+0000][19638.887s][info ][gc,task     ] GC(146) Using 2 workers of 2 for evacuation
[2025-06-07T02:02:22.922+0000][19638.910s][info ][gc,phases   ] GC(146)   Pre Evacuate Collection Set: 1.5ms
[2025-06-07T02:02:22.922+0000][19638.910s][info ][gc,phases   ] GC(146)   Merge Heap Roots: 0.3ms
[2025-06-07T02:02:22.922+0000][19638.910s][info ][gc,phases   ] GC(146)   Evacuate Collection Set: 13.6ms
[2025-06-07T02:02:22.922+0000][19638.911s][info ][gc,phases   ] GC(146)   Post Evacuate Collection Set: 7.2ms
[2025-06-07T02:02:22.922+0000][19638.911s][info ][gc,phases   ] GC(146)   Other: 1.5ms
[2025-06-07T02:02:22.923+0000][19638.911s][info ][gc,heap     ] GC(146) Eden regions: 312->0(310)
[2025-06-07T02:02:22.923+0000][19638.911s][info ][gc,heap     ] GC(146) Survivor regions: 1->2(40)
[2025-06-07T02:02:22.923+0000][19638.911s][info ][gc,heap     ] GC(146) Old regions: 168->168
[2025-06-07T02:02:22.923+0000][19638.911s][info ][gc,heap     ] GC(146) Archive regions: 2->2
[2025-06-07T02:02:22.923+0000][19638.911s][info ][gc,heap     ] GC(146) Humongous regions: 0->0
[2025-06-07T02:02:22.923+0000][19638.911s][info ][gc,metaspace] GC(146) Metaspace: 174952K(176320K)->174952K(176320K) NonClass: 153452K(154176K)->153452K(154176K) Class: 21499K(22144K)->21499K(22144K)
[2025-06-07T02:02:22.923+0000][19638.911s][info ][gc          ] GC(146) Pause Young (Normal) (G1 Evacuation Pause) 481M->169M(538M) 24.872ms
[2025-06-07T02:02:22.923+0000][19638.911s][info ][gc,cpu      ] GC(146) User=0.05s Sys=0.00s Real=0.03s
[2025-06-07T02:02:22.923+0000][19638.911s][info ][safepoint   ] Safepoint "G1CollectForAllocation", Time since last: 28533124638 ns, Reaching safepoint: 2341167 ns, Cleanup: 20333 ns, At safepoint: 25508417 ns, Total: 27869917 ns
[2025-06-07T02:05:23.791+0000][19819.779s][debug][safepoint   ] Safepoint synchronization initiated using futex wait barrier. (159 threads)
[2025-06-07T02:05:23.795+0000][19819.782s][info ][safepoint   ] Safepoint "Cleanup", Time since last: 180867277666 ns, Reaching safepoint: 3712541 ns, Cleanup: 35792 ns, At safepoint: 5375 ns, Total: 3753708 ns
[2025-06-07T02:05:31.810+0000][19827.800s][debug][safepoint   ] Safepoint synchronization initiated using futex wait barrier. (159 threads)
[2025-06-07T02:05:31.812+0000][19827.801s][info ][safepoint   ] Safepoint "Cleanup", Time since last: 8017187045 ns, Reaching safepoint: 1318000 ns, Cleanup: 71083 ns, At safepoint: 10625 ns, Total: 1399708 ns
[2025-06-07T02:10:16.225+0000][19921.565s][debug][safepoint   ] Safepoint synchronization initiated using futex wait barrier. (157 threads)
[2025-06-07T02:10:16.229+0000][19921.569s][info ][gc,start    ] GC(147) Pause Young (Normal) (G1 Evacuation Pause)
[2025-06-07T02:10:16.229+0000][19921.569s][info ][gc,task     ] GC(147) Using 2 workers of 2 for evacuation
[2025-06-07T02:10:16.240+0000][19921.580s][info ][gc,phases   ] GC(147)   Pre Evacuate Collection Set: 1.0ms
[2025-06-07T02:10:16.240+0000][19921.580s][info ][gc,phases   ] GC(147)   Merge Heap Roots: 0.2ms
[2025-06-07T02:10:16.241+0000][19921.580s][info ][gc,phases   ] GC(147)   Evacuate Collection Set: 4.2ms
[2025-06-07T02:10:16.241+0000][19921.580s][info ][gc,phases   ] GC(147)   Post Evacuate Collection Set: 5.1ms
[2025-06-07T02:10:16.241+0000][19921.580s][info ][gc,phases   ] GC(147)   Other: 0.8ms
[2025-06-07T02:10:16.241+0000][19921.580s][info ][gc,heap     ] GC(147) Eden regions: 310->0(310)
[2025-06-07T02:10:16.241+0000][19921.580s][info ][gc,heap     ] GC(147) Survivor regions: 2->2(39)
[2025-06-07T02:10:16.241+0000][19921.580s][info ][gc,heap     ] GC(147) Old regions: 168->168
[2025-06-07T02:10:16.241+0000][19921.580s][info ][gc,heap     ] GC(147) Archive regions: 2->2
[2025-06-07T02:10:16.241+0000][19921.580s][info ][gc,heap     ] GC(147) Humongous regions: 0->0
[2025-06-07T02:10:16.241+0000][19921.580s][info ][gc,metaspace] GC(147) Metaspace: 174955K(176320K)->174955K(176320K) NonClass: 153455K(154176K)->153455K(154176K) Class: 21499K(22144K)->21499K(22144K)
[2025-06-07T02:10:16.241+0000][19921.581s][info ][gc          ] GC(147) Pause Young (Normal) (G1 Evacuation Pause) 479M->169M(538M) 11.956ms
[2025-06-07T02:10:16.241+0000][19921.581s][info ][gc,cpu      ] GC(147) User=0.02s Sys=0.00s Real=0.01s
[2025-06-07T02:10:16.241+0000][19921.581s][info ][safepoint   ] Safepoint "G1CollectForAllocation", Time since last: 93763969252 ns, Reaching safepoint: 3431583 ns, Cleanup: 26250 ns, At safepoint: 12327667 ns, Total: 15785500 ns
[2025-06-07T02:59:56.300+0000][20204.160s][debug][safepoint   ] Safepoint synchronization initiated using futex wait barrier. (160 threads)
[2025-06-07T02:59:56.304+0000][20204.164s][info ][gc,start    ] GC(148) Pause Young (Normal) (G1 Evacuation Pause)
[2025-06-07T02:59:56.304+0000][20204.164s][info ][gc,task     ] GC(148) Using 2 workers of 2 for evacuation
[2025-06-07T02:59:56.311+0000][20204.171s][info ][gc,phases   ] GC(148)   Pre Evacuate Collection Set: 0.6ms
[2025-06-07T02:59:56.311+0000][20204.171s][info ][gc,phases   ] GC(148)   Merge Heap Roots: 0.2ms
[2025-06-07T02:59:56.311+0000][20204.171s][info ][gc,phases   ] GC(148)   Evacuate Collection Set: 3.5ms
[2025-06-07T02:59:56.311+0000][20204.171s][info ][gc,phases   ] GC(148)   Post Evacuate Collection Set: 2.7ms
[2025-06-07T02:59:56.311+0000][20204.171s][info ][gc,phases   ] GC(148)   Other: 0.6ms
[2025-06-07T02:59:56.311+0000][20204.171s][info ][gc,heap     ] GC(148) Eden regions: 310->0(312)
[2025-06-07T02:59:56.311+0000][20204.171s][info ][gc,heap     ] GC(148) Survivor regions: 2->1(39)
[2025-06-07T02:59:56.312+0000][20204.171s][info ][gc,heap     ] GC(148) Old regions: 168->168
[2025-06-07T02:59:56.312+0000][20204.171s][info ][gc,heap     ] GC(148) Archive regions: 2->2
[2025-06-07T02:59:56.312+0000][20204.172s][info ][gc,heap     ] GC(148) Humongous regions: 0->0
[2025-06-07T02:59:56.312+0000][20204.172s][info ][gc,metaspace] GC(148) Metaspace: 174960K(176320K)->174960K(176320K) NonClass: 153460K(154176K)->153460K(154176K) Class: 21499K(22144K)->21499K(22144K)
[2025-06-07T02:59:56.312+0000][20204.172s][info ][gc          ] GC(148) Pause Young (Normal) (G1 Evacuation Pause) 479M->169M(538M) 8.014ms
[2025-06-07T02:59:56.312+0000][20204.172s][info ][gc,cpu      ] GC(148) User=0.01s Sys=0.00s Real=0.01s
[2025-06-07T02:59:56.312+0000][20204.172s][info ][safepoint   ] Safepoint "G1CollectForAllocation", Time since last: 282579239003 ns, Reaching safepoint: 3402000 ns, Cleanup: 30666 ns, At safepoint: 8337209 ns, Total: 11769875 ns
[2025-06-07T03:03:14.904+0000][20402.762s][debug][safepoint   ] Safepoint synchronization initiated using futex wait barrier. (159 threads)
[2025-06-07T03:03:14.906+0000][20402.763s][info ][safepoint   ] Safepoint "Cleanup", Time since last: 198590307006 ns, Reaching safepoint: 1180875 ns, Cleanup: 135417 ns, At safepoint: 7500 ns, Total: 1323792 ns
[2025-06-07T03:03:15.906+0000][20403.764s][debug][safepoint   ] Safepoint synchronization initiated using futex wait barrier. (160 threads)
[2025-06-07T03:03:15.910+0000][20403.768s][info ][safepoint   ] Safepoint "Cleanup", Time since last: 1000610876 ns, Reaching safepoint: 3951583 ns, Cleanup: 333958 ns, At safepoint: 10584 ns, Total: 4296125 ns
[2025-06-07T03:03:29.944+0000][20417.802s][debug][safepoint   ] Safepoint synchronization initiated using futex wait barrier. (160 threads)
[2025-06-07T03:03:29.947+0000][20417.805s][info ][safepoint   ] Safepoint "Cleanup", Time since last: 14033499131 ns, Reaching safepoint: 2613334 ns, Cleanup: 77541 ns, At safepoint: 10834 ns, Total: 2701709 ns
[2025-06-07T03:03:34.316+0000][20422.174s][debug][safepoint   ] Safepoint synchronization initiated using futex wait barrier. (159 threads)
[2025-06-07T03:03:34.317+0000][20422.175s][info ][gc,start    ] GC(149) Pause Young (Normal) (G1 Evacuation Pause)
[2025-06-07T03:03:34.317+0000][20422.175s][info ][gc,task     ] GC(149) Using 2 workers of 2 for evacuation
[2025-06-07T03:03:34.323+0000][20422.181s][info ][gc,phases   ] GC(149)   Pre Evacuate Collection Set: 0.2ms
[2025-06-07T03:03:34.323+0000][20422.181s][info ][gc,phases   ] GC(149)   Merge Heap Roots: 0.1ms
[2025-06-07T03:03:34.324+0000][20422.181s][info ][gc,phases   ] GC(149)   Evacuate Collection Set: 4.0ms
[2025-06-07T03:03:34.324+0000][20422.181s][info ][gc,phases   ] GC(149)   Post Evacuate Collection Set: 1.7ms
[2025-06-07T03:03:34.324+0000][20422.182s][info ][gc,phases   ] GC(149)   Other: 0.5ms
[2025-06-07T03:03:34.324+0000][20422.182s][info ][gc,heap     ] GC(149) Eden regions: 312->0(310)
[2025-06-07T03:03:34.324+0000][20422.182s][info ][gc,heap     ] GC(149) Survivor regions: 1->2(40)
[2025-06-07T03:03:34.324+0000][20422.182s][info ][gc,heap     ] GC(149) Old regions: 168->168
[2025-06-07T03:03:34.324+0000][20422.182s][info ][gc,heap     ] GC(149) Archive regions: 2->2
[2025-06-07T03:03:34.324+0000][20422.182s][info ][gc,heap     ] GC(149) Humongous regions: 27->0
[2025-06-07T03:03:34.324+0000][20422.182s][info ][gc,metaspace] GC(149) Metaspace: 175165K(176448K)->175165K(176448K) NonClass: 153660K(154304K)->153660K(154304K) Class: 21505K(22144K)->21505K(22144K)
[2025-06-07T03:03:34.324+0000][20422.182s][info ][gc          ] GC(149) Pause Young (Normal) (G1 Evacuation Pause) 508M->169M(538M) 7.597ms
[2025-06-07T03:03:34.324+0000][20422.182s][info ][gc,cpu      ] GC(149) User=0.01s Sys=0.00s Real=0.01s
[2025-06-07T03:03:34.324+0000][20422.182s][info ][safepoint   ] Safepoint "G1CollectForAllocation", Time since last: 4369547877 ns, Reaching safepoint: 426666 ns, Cleanup: 7459 ns, At safepoint: 7826583 ns, Total: 8260708 ns
[2025-06-07T03:04:40.067+0000][20487.924s][debug][safepoint   ] Safepoint synchronization initiated using futex wait barrier. (160 threads)
[2025-06-07T03:04:40.069+0000][20487.927s][info ][safepoint   ] Safepoint "Cleanup", Time since last: 65741850738 ns, Reaching safepoint: 2261166 ns, Cleanup: 94459 ns, At safepoint: 10833 ns, Total: 2366458 ns
[2025-06-07T03:05:13.126+0000][20520.986s][debug][safepoint   ] Safepoint synchronization initiated using futex wait barrier. (160 threads)
[2025-06-07T03:05:13.127+0000][20520.987s][info ][safepoint   ] Safepoint "Cleanup", Time since last: 33059297516 ns, Reaching safepoint: 1143708 ns, Cleanup: 67875 ns, At safepoint: 14333 ns, Total: 1225916 ns
[2025-06-07T03:05:40.176+0000][20548.033s][debug][safepoint   ] Safepoint synchronization initiated using futex wait barrier. (160 threads)
[2025-06-07T03:05:40.177+0000][20548.034s][info ][safepoint   ] Safepoint "Cleanup", Time since last: 27045710179 ns, Reaching safepoint: 1324333 ns, Cleanup: 21167 ns, At safepoint: 26375 ns, Total: 1371875 ns
[2025-06-07T03:06:13.241+0000][20581.097s][debug][safepoint   ] Safepoint synchronization initiated using futex wait barrier. (160 threads)
[2025-06-07T03:06:13.241+0000][20581.098s][info ][safepoint   ] Safepoint "Cleanup", Time since last: 33063237557 ns, Reaching safepoint: 476583 ns, Cleanup: 17667 ns, At safepoint: 3166 ns, Total: 497416 ns
[2025-06-07T03:07:40.347+0000][20668.204s][debug][safepoint   ] Safepoint synchronization initiated using futex wait barrier. (161 threads)
[2025-06-07T03:07:40.350+0000][20668.207s][info ][safepoint   ] Safepoint "Cleanup", Time since last: 87105662914 ns, Reaching safepoint: 2899375 ns, Cleanup: 88334 ns, At safepoint: 18291 ns, Total: 3006000 ns
[2025-06-07T03:08:13.974+0000][20701.830s][debug][safepoint   ] Safepoint synchronization initiated using futex wait barrier. (161 threads)
[2025-06-07T03:08:13.975+0000][20701.831s][info ][gc,start    ] GC(150) Pause Young (Normal) (G1 Evacuation Pause)
[2025-06-07T03:08:13.975+0000][20701.831s][info ][gc,task     ] GC(150) Using 2 workers of 2 for evacuation
[2025-06-07T03:08:13.981+0000][20701.837s][info ][gc,phases   ] GC(150)   Pre Evacuate Collection Set: 0.3ms
[2025-06-07T03:08:13.981+0000][20701.837s][info ][gc,phases   ] GC(150)   Merge Heap Roots: 0.1ms
[2025-06-07T03:08:13.981+0000][20701.837s][info ][gc,phases   ] GC(150)   Evacuate Collection Set: 3.4ms
[2025-06-07T03:08:13.981+0000][20701.837s][info ][gc,phases   ] GC(150)   Post Evacuate Collection Set: 1.5ms
[2025-06-07T03:08:13.981+0000][20701.837s][info ][gc,phases   ] GC(150)   Other: 0.6ms
[2025-06-07T03:08:13.981+0000][20701.837s][info ][gc,heap     ] GC(150) Eden regions: 310->0(310)
[2025-06-07T03:08:13.981+0000][20701.837s][info ][gc,heap     ] GC(150) Survivor regions: 2->2(39)
[2025-06-07T03:08:13.981+0000][20701.837s][info ][gc,heap     ] GC(150) Old regions: 168->168
[2025-06-07T03:08:13.981+0000][20701.838s][info ][gc,heap     ] GC(150) Archive regions: 2->2
[2025-06-07T03:08:13.981+0000][20701.838s][info ][gc,heap     ] GC(150) Humongous regions: 0->0
[2025-06-07T03:08:13.981+0000][20701.838s][info ][gc,metaspace] GC(150) Metaspace: 175165K(176448K)->175165K(176448K) NonClass: 153660K(154304K)->153660K(154304K) Class: 21505K(22144K)->21505K(22144K)
[2025-06-07T03:08:13.982+0000][20701.838s][info ][gc          ] GC(150) Pause Young (Normal) (G1 Evacuation Pause) 479M->169M(538M) 6.949ms
[2025-06-07T03:08:13.982+0000][20701.838s][info ][gc,cpu      ] GC(150) User=0.01s Sys=0.00s Real=0.00s
[2025-06-07T03:08:13.982+0000][20701.838s][info ][safepoint   ] Safepoint "G1CollectForAllocation", Time since last: 33623472849 ns, Reaching safepoint: 642542 ns, Cleanup: 8083 ns, At safepoint: 7306250 ns, Total: 7956875 ns
[2025-06-07T03:08:14.982+0000][20702.838s][debug][safepoint   ] Safepoint synchronization initiated using futex wait barrier. (161 threads)
[2025-06-07T03:08:14.982+0000][20702.839s][info ][safepoint   ] Safepoint "Cleanup", Time since last: 1000323876 ns, Reaching safepoint: 333250 ns, Cleanup: 22208 ns, At safepoint: 5958 ns, Total: 361416 ns
[2025-06-07T03:08:15.984+0000][20703.840s][debug][safepoint   ] Safepoint synchronization initiated using futex wait barrier. (161 threads)
[2025-06-07T03:08:15.984+0000][20703.840s][info ][safepoint   ] Safepoint "Cleanup", Time since last: 1001034834 ns, Reaching safepoint: 411292 ns, Cleanup: 107875 ns, At safepoint: 33625 ns, Total: 552792 ns
[2025-06-07T03:12:54.084+0000][20981.939s][debug][safepoint   ] Safepoint synchronization initiated using futex wait barrier. (160 threads)
[2025-06-07T03:12:54.087+0000][20981.941s][info ][gc,start    ] GC(151) Pause Young (Normal) (G1 Evacuation Pause)
[2025-06-07T03:12:54.087+0000][20981.942s][info ][gc,task     ] GC(151) Using 2 workers of 2 for evacuation
[2025-06-07T03:12:54.094+0000][20981.949s][info ][gc,phases   ] GC(151)   Pre Evacuate Collection Set: 0.5ms
[2025-06-07T03:12:54.094+0000][20981.949s][info ][gc,phases   ] GC(151)   Merge Heap Roots: 0.1ms
[2025-06-07T03:12:54.094+0000][20981.949s][info ][gc,phases   ] GC(151)   Evacuate Collection Set: 4.1ms
[2025-06-07T03:12:54.094+0000][20981.949s][info ][gc,phases   ] GC(151)   Post Evacuate Collection Set: 2.1ms
[2025-06-07T03:12:54.094+0000][20981.949s][info ][gc,phases   ] GC(151)   Other: 0.8ms
[2025-06-07T03:12:54.095+0000][20981.949s][info ][gc,heap     ] GC(151) Eden regions: 310->0(310)
[2025-06-07T03:12:54.095+0000][20981.949s][info ][gc,heap     ] GC(151) Survivor regions: 2->2(39)
[2025-06-07T03:12:54.095+0000][20981.950s][info ][gc,heap     ] GC(151) Old regions: 168->168
[2025-06-07T03:12:54.095+0000][20981.950s][info ][gc,heap     ] GC(151) Archive regions: 2->2
[2025-06-07T03:12:54.095+0000][20981.950s][info ][gc,heap     ] GC(151) Humongous regions: 0->0
[2025-06-07T03:12:54.095+0000][20981.950s][info ][gc,metaspace] GC(151) Metaspace: 175165K(176448K)->175165K(176448K) NonClass: 153660K(154304K)->153660K(154304K) Class: 21505K(22144K)->21505K(22144K)
[2025-06-07T03:12:54.095+0000][20981.950s][info ][gc          ] GC(151) Pause Young (Normal) (G1 Evacuation Pause) 479M->169M(538M) 8.269ms
[2025-06-07T03:12:54.095+0000][20981.950s][info ][gc,cpu      ] GC(151) User=0.01s Sys=0.00s Real=0.01s
[2025-06-07T03:12:54.095+0000][20981.950s][info ][safepoint   ] Safepoint "G1CollectForAllocation", Time since last: 278098525377 ns, Reaching safepoint: 2532084 ns, Cleanup: 22083 ns, At safepoint: 8566250 ns, Total: 11120417 ns
[2025-06-07T03:14:06.502+0000][21054.357s][debug][safepoint   ] Safepoint synchronization initiated using futex wait barrier. (160 threads)
[2025-06-07T03:14:06.505+0000][21054.360s][info ][safepoint   ] Safepoint "Cleanup", Time since last: 72406676408 ns, Reaching safepoint: 3236625 ns, Cleanup: 190333 ns, At safepoint: 16917 ns, Total: 3443875 ns
[2025-06-07T03:15:39.646+0000][21147.499s][debug][safepoint   ] Safepoint synchronization initiated using futex wait barrier. (161 threads)
[2025-06-07T03:15:39.649+0000][21147.502s][info ][safepoint   ] Safepoint "Cleanup", Time since last: 93138889667 ns, Reaching safepoint: 2866292 ns, Cleanup: 54667 ns, At safepoint: 13833 ns, Total: 2934792 ns
[2025-06-07T03:16:23.719+0000][21191.571s][debug][safepoint   ] Safepoint synchronization initiated using futex wait barrier. (161 threads)
[2025-06-07T03:16:23.721+0000][21191.574s][info ][safepoint   ] Safepoint "Cleanup", Time since last: 44069591687 ns, Reaching safepoint: 2390458 ns, Cleanup: 75583 ns, At safepoint: 12875 ns, Total: 2478916 ns
[2025-06-07T03:17:33.033+0000][21260.885s][debug][safepoint   ] Safepoint synchronization initiated using futex wait barrier. (161 threads)
[2025-06-07T03:17:33.034+0000][21260.886s][info ][gc,start    ] GC(152) Pause Young (Normal) (G1 Evacuation Pause)
[2025-06-07T03:17:33.034+0000][21260.886s][info ][gc,task     ] GC(152) Using 2 workers of 2 for evacuation
[2025-06-07T03:17:33.040+0000][21260.892s][info ][gc,phases   ] GC(152)   Pre Evacuate Collection Set: 0.4ms
[2025-06-07T03:17:33.041+0000][21260.893s][info ][gc,phases   ] GC(152)   Merge Heap Roots: 0.2ms
[2025-06-07T03:17:33.041+0000][21260.893s][info ][gc,phases   ] GC(152)   Evacuate Collection Set: 4.0ms
[2025-06-07T03:17:33.041+0000][21260.893s][info ][gc,phases   ] GC(152)   Post Evacuate Collection Set: 1.6ms
[2025-06-07T03:17:33.041+0000][21260.893s][info ][gc,phases   ] GC(152)   Other: 0.5ms
[2025-06-07T03:17:33.041+0000][21260.893s][info ][gc,heap     ] GC(152) Eden regions: 310->0(310)
[2025-06-07T03:17:33.041+0000][21260.893s][info ][gc,heap     ] GC(152) Survivor regions: 2->2(39)
[2025-06-07T03:17:33.041+0000][21260.893s][info ][gc,heap     ] GC(152) Old regions: 168->168
[2025-06-07T03:17:33.041+0000][21260.893s][info ][gc,heap     ] GC(152) Archive regions: 2->2
[2025-06-07T03:17:33.041+0000][21260.893s][info ][gc,heap     ] GC(152) Humongous regions: 0->0
[2025-06-07T03:17:33.041+0000][21260.893s][info ][gc,metaspace] GC(152) Metaspace: 175172K(176512K)->175172K(176512K) NonClass: 153665K(154368K)->153665K(154368K) Class: 21506K(22144K)->21506K(22144K)
[2025-06-07T03:17:33.041+0000][21260.893s][info ][gc          ] GC(152) Pause Young (Normal) (G1 Evacuation Pause) 479M->169M(538M) 7.320ms
[2025-06-07T03:17:33.041+0000][21260.893s][info ][gc,cpu      ] GC(152) User=0.01s Sys=0.00s Real=0.01s
[2025-06-07T03:17:33.041+0000][21260.893s][info ][safepoint   ] Safepoint "G1CollectForAllocation", Time since last: 69311260741 ns, Reaching safepoint: 550083 ns, Cleanup: 11292 ns, At safepoint: 7644458 ns, Total: 8205833 ns
[2025-06-07T03:18:38.144+0000][21325.996s][debug][safepoint   ] Safepoint synchronization initiated using futex wait barrier. (162 threads)
[2025-06-07T03:18:38.146+0000][21325.997s][info ][safepoint   ] Safepoint "Cleanup", Time since last: 65102439488 ns, Reaching safepoint: 1507375 ns, Cleanup: 28875 ns, At safepoint: 6833 ns, Total: 1543083 ns
[2025-06-07T03:18:54.466+0000][21342.318s][debug][safepoint   ] Safepoint synchronization initiated using futex wait barrier. (162 threads)
[2025-06-07T03:18:54.468+0000][21342.319s][info ][safepoint   ] Safepoint "Cleanup", Time since last: 16320403258 ns, Reaching safepoint: 1626958 ns, Cleanup: 34417 ns, At safepoint: 11375 ns, Total: 1672750 ns
[2025-06-07T03:19:46.539+0000][21394.391s][debug][safepoint   ] Safepoint synchronization initiated using futex wait barrier. (162 threads)
[2025-06-07T03:19:46.539+0000][21394.392s][info ][safepoint   ] Safepoint "Cleanup", Time since last: 52071819107 ns, Reaching safepoint: 608625 ns, Cleanup: 16750 ns, At safepoint: 3000 ns, Total: 628375 ns
[2025-06-07T03:20:27.604+0000][21435.456s][debug][safepoint   ] Safepoint synchronization initiated using futex wait barrier. (160 threads)
[2025-06-07T03:20:27.615+0000][21435.466s][info ][safepoint   ] Safepoint "Cleanup", Time since last: 41063759519 ns, Reaching safepoint: 10410292 ns, Cleanup: 43875 ns, At safepoint: 52250 ns, Total: 10506417 ns
[2025-06-07T03:22:11.430+0000][21539.280s][debug][safepoint   ] Safepoint synchronization initiated using futex wait barrier. (159 threads)
[2025-06-07T03:22:11.434+0000][21539.284s][info ][gc,start    ] GC(153) Pause Young (Normal) (G1 Evacuation Pause)
[2025-06-07T03:22:11.435+0000][21539.285s][info ][gc,task     ] GC(153) Using 2 workers of 2 for evacuation
[2025-06-07T03:22:11.441+0000][21539.291s][info ][gc,phases   ] GC(153)   Pre Evacuate Collection Set: 0.3ms
[2025-06-07T03:22:11.441+0000][21539.292s][info ][gc,phases   ] GC(153)   Merge Heap Roots: 0.1ms
[2025-06-07T03:22:11.441+0000][21539.292s][info ][gc,phases   ] GC(153)   Evacuate Collection Set: 3.4ms
[2025-06-07T03:22:11.441+0000][21539.292s][info ][gc,phases   ] GC(153)   Post Evacuate Collection Set: 2.1ms
[2025-06-07T03:22:11.441+0000][21539.292s][info ][gc,phases   ] GC(153)   Other: 1.4ms
[2025-06-07T03:22:11.441+0000][21539.292s][info ][gc,heap     ] GC(153) Eden regions: 310->0(310)
[2025-06-07T03:22:11.442+0000][21539.292s][info ][gc,heap     ] GC(153) Survivor regions: 2->2(39)
[2025-06-07T03:22:11.442+0000][21539.292s][info ][gc,heap     ] GC(153) Old regions: 168->168
[2025-06-07T03:22:11.442+0000][21539.292s][info ][gc,heap     ] GC(153) Archive regions: 2->2
[2025-06-07T03:22:11.442+0000][21539.292s][info ][gc,heap     ] GC(153) Humongous regions: 0->0
[2025-06-07T03:22:11.442+0000][21539.292s][info ][gc,metaspace] GC(153) Metaspace: 175187K(176576K)->175187K(176576K) NonClass: 153681K(154432K)->153681K(154432K) Class: 21506K(22144K)->21506K(22144K)
[2025-06-07T03:22:11.442+0000][21539.292s][info ][gc          ] GC(153) Pause Young (Normal) (G1 Evacuation Pause) 479M->169M(538M) 7.893ms
[2025-06-07T03:22:11.442+0000][21539.292s][info ][gc,cpu      ] GC(153) User=0.02s Sys=0.00s Real=0.01s
[2025-06-07T03:22:11.442+0000][21539.292s][info ][safepoint   ] Safepoint "G1CollectForAllocation", Time since last: 103814239547 ns, Reaching safepoint: 3715417 ns, Cleanup: 26417 ns, At safepoint: 8266625 ns, Total: 12008459 ns
[2025-06-07T03:23:33.893+0000][21621.744s][debug][safepoint   ] Safepoint synchronization initiated using futex wait barrier. (163 threads)
[2025-06-07T03:23:33.897+0000][21621.747s][info ][safepoint   ] Safepoint "Cleanup", Time since last: 82451215788 ns, Reaching safepoint: 3730542 ns, Cleanup: 87375 ns, At safepoint: 19500 ns, Total: 3837417 ns
[2025-06-07T03:26:52.256+0000][21820.106s][debug][safepoint   ] Safepoint synchronization initiated using futex wait barrier. (161 threads)
[2025-06-07T03:26:52.259+0000][21820.108s][info ][gc,start    ] GC(154) Pause Young (Normal) (G1 Evacuation Pause)
[2025-06-07T03:26:52.259+0000][21820.108s][info ][gc,task     ] GC(154) Using 2 workers of 2 for evacuation
[2025-06-07T03:26:52.264+0000][21820.114s][info ][gc,phases   ] GC(154)   Pre Evacuate Collection Set: 0.3ms
[2025-06-07T03:26:52.265+0000][21820.114s][info ][gc,phases   ] GC(154)   Merge Heap Roots: 0.2ms
[2025-06-07T03:26:52.265+0000][21820.114s][info ][gc,phases   ] GC(154)   Evacuate Collection Set: 3.4ms
[2025-06-07T03:26:52.265+0000][21820.114s][info ][gc,phases   ] GC(154)   Post Evacuate Collection Set: 1.3ms
[2025-06-07T03:26:52.265+0000][21820.114s][info ][gc,phases   ] GC(154)   Other: 0.4ms
[2025-06-07T03:26:52.265+0000][21820.114s][info ][gc,heap     ] GC(154) Eden regions: 310->0(310)
[2025-06-07T03:26:52.265+0000][21820.114s][info ][gc,heap     ] GC(154) Survivor regions: 2->2(39)
[2025-06-07T03:26:52.265+0000][21820.114s][info ][gc,heap     ] GC(154) Old regions: 168->168
[2025-06-07T03:26:52.265+0000][21820.114s][info ][gc,heap     ] GC(154) Archive regions: 2->2
[2025-06-07T03:26:52.265+0000][21820.114s][info ][gc,heap     ] GC(154) Humongous regions: 0->0
[2025-06-07T03:26:52.265+0000][21820.114s][info ][gc,metaspace] GC(154) Metaspace: 175187K(176576K)->175187K(176576K) NonClass: 153681K(154432K)->153681K(154432K) Class: 21506K(22144K)->21506K(22144K)
[2025-06-07T03:26:52.265+0000][21820.115s][info ][gc          ] GC(154) Pause Young (Normal) (G1 Evacuation Pause) 479M->169M(538M) 6.224ms
[2025-06-07T03:26:52.265+0000][21820.115s][info ][gc,cpu      ] GC(154) User=0.01s Sys=0.00s Real=0.00s
[2025-06-07T03:26:52.265+0000][21820.115s][info ][safepoint   ] Safepoint "G1CollectForAllocation", Time since last: 198358303756 ns, Reaching safepoint: 2483250 ns, Cleanup: 11583 ns, At safepoint: 6487875 ns, Total: 8982708 ns
[2025-06-07T03:27:40.387+0000][21868.235s][debug][safepoint   ] Safepoint synchronization initiated using futex wait barrier. (160 threads)
[2025-06-07T03:27:40.389+0000][21868.238s][info ][safepoint   ] Safepoint "Cleanup", Time since last: 48120657648 ns, Reaching safepoint: 2562750 ns, Cleanup: 72958 ns, At safepoint: 11542 ns, Total: 2647250 ns
[2025-06-07T03:28:34.519+0000][21922.368s][debug][safepoint   ] Safepoint synchronization initiated using futex wait barrier. (160 threads)
[2025-06-07T03:28:34.521+0000][21922.370s][info ][safepoint   ] Safepoint "Cleanup", Time since last: 54129737108 ns, Reaching safepoint: 1803292 ns, Cleanup: 150541 ns, At safepoint: 21334 ns, Total: 1975167 ns
[2025-06-07T03:29:45.669+0000][21993.518s][debug][safepoint   ] Safepoint synchronization initiated using futex wait barrier. (159 threads)
[2025-06-07T03:29:45.671+0000][21993.519s][info ][safepoint   ] Safepoint "Cleanup", Time since last: 71147999490 ns, Reaching safepoint: 1066042 ns, Cleanup: 74250 ns, At safepoint: 15208 ns, Total: 1155500 ns
[2025-06-07T03:31:35.438+0000][22103.285s][debug][safepoint   ] Safepoint synchronization initiated using futex wait barrier. (159 threads)
[2025-06-07T03:31:35.439+0000][22103.286s][info ][gc,start    ] GC(155) Pause Young (Normal) (G1 Evacuation Pause)
[2025-06-07T03:31:35.439+0000][22103.287s][info ][gc,task     ] GC(155) Using 2 workers of 2 for evacuation
[2025-06-07T03:31:35.445+0000][22103.293s][info ][gc,phases   ] GC(155)   Pre Evacuate Collection Set: 0.4ms
[2025-06-07T03:31:35.446+0000][22103.293s][info ][gc,phases   ] GC(155)   Merge Heap Roots: 0.3ms
[2025-06-07T03:31:35.446+0000][22103.293s][info ][gc,phases   ] GC(155)   Evacuate Collection Set: 3.6ms
[2025-06-07T03:31:35.446+0000][22103.293s][info ][gc,phases   ] GC(155)   Post Evacuate Collection Set: 1.3ms
[2025-06-07T03:31:35.446+0000][22103.293s][info ][gc,phases   ] GC(155)   Other: 0.7ms
[2025-06-07T03:31:35.446+0000][22103.293s][info ][gc,heap     ] GC(155) Eden regions: 310->0(310)
[2025-06-07T03:31:35.446+0000][22103.293s][info ][gc,heap     ] GC(155) Survivor regions: 2->2(39)
[2025-06-07T03:31:35.446+0000][22103.293s][info ][gc,heap     ] GC(155) Old regions: 168->168
[2025-06-07T03:31:35.446+0000][22103.293s][info ][gc,heap     ] GC(155) Archive regions: 2->2
[2025-06-07T03:31:35.446+0000][22103.293s][info ][gc,heap     ] GC(155) Humongous regions: 0->0
[2025-06-07T03:31:35.446+0000][22103.293s][info ][gc,metaspace] GC(155) Metaspace: 175191K(176576K)->175191K(176576K) NonClass: 153685K(154432K)->153685K(154432K) Class: 21506K(22144K)->21506K(22144K)
[2025-06-07T03:31:35.446+0000][22103.293s][info ][gc          ] GC(155) Pause Young (Normal) (G1 Evacuation Pause) 479M->169M(538M) 7.131ms
[2025-06-07T03:31:35.446+0000][22103.294s][info ][gc,cpu      ] GC(155) User=0.01s Sys=0.00s Real=0.01s
[2025-06-07T03:31:35.446+0000][22103.294s][info ][safepoint   ] Safepoint "G1CollectForAllocation", Time since last: 109766375758 ns, Reaching safepoint: 946000 ns, Cleanup: 11250 ns, At safepoint: 7347750 ns, Total: 8305000 ns
[2025-06-07T03:35:39.983+0000][22347.874s][debug][safepoint   ] Safepoint synchronization initiated using futex wait barrier. (160 threads)
[2025-06-07T03:35:39.984+0000][22347.875s][info ][safepoint   ] Safepoint "Cleanup", Time since last: 244580444988 ns, Reaching safepoint: 933958 ns, Cleanup: 59042 ns, At safepoint: 14042 ns, Total: 1007042 ns
[2025-06-07T03:36:18.992+0000][22386.883s][debug][safepoint   ] Safepoint synchronization initiated using futex wait barrier. (160 threads)
[2025-06-07T03:36:18.994+0000][22386.885s][info ][gc,start    ] GC(156) Pause Young (Normal) (G1 Evacuation Pause)
[2025-06-07T03:36:18.995+0000][22386.885s][info ][gc,task     ] GC(156) Using 2 workers of 2 for evacuation
[2025-06-07T03:36:19.003+0000][22386.893s][info ][gc,phases   ] GC(156)   Pre Evacuate Collection Set: 0.7ms
[2025-06-07T03:36:19.003+0000][22386.894s][info ][gc,phases   ] GC(156)   Merge Heap Roots: 0.2ms
[2025-06-07T03:36:19.003+0000][22386.894s][info ][gc,phases   ] GC(156)   Evacuate Collection Set: 4.5ms
[2025-06-07T03:36:19.003+0000][22386.894s][info ][gc,phases   ] GC(156)   Post Evacuate Collection Set: 2.3ms
[2025-06-07T03:36:19.003+0000][22386.894s][info ][gc,phases   ] GC(156)   Other: 0.8ms
[2025-06-07T03:36:19.003+0000][22386.894s][info ][gc,heap     ] GC(156) Eden regions: 310->0(310)
[2025-06-07T03:36:19.003+0000][22386.894s][info ][gc,heap     ] GC(156) Survivor regions: 2->2(39)
[2025-06-07T03:36:19.003+0000][22386.894s][info ][gc,heap     ] GC(156) Old regions: 168->168
[2025-06-07T03:36:19.003+0000][22386.894s][info ][gc,heap     ] GC(156) Archive regions: 2->2
[2025-06-07T03:36:19.003+0000][22386.894s][info ][gc,heap     ] GC(156) Humongous regions: 0->0
[2025-06-07T03:36:19.003+0000][22386.894s][info ][gc,metaspace] GC(156) Metaspace: 175191K(176576K)->175191K(176576K) NonClass: 153685K(154432K)->153685K(154432K) Class: 21506K(22144K)->21506K(22144K)
[2025-06-07T03:36:19.003+0000][22386.894s][info ][gc          ] GC(156) Pause Young (Normal) (G1 Evacuation Pause) 479M->169M(538M) 9.127ms
[2025-06-07T03:36:19.004+0000][22386.894s][info ][gc,cpu      ] GC(156) User=0.01s Sys=0.00s Real=0.01s
[2025-06-07T03:36:19.004+0000][22386.894s][info ][safepoint   ] Safepoint "G1CollectForAllocation", Time since last: 39008140726 ns, Reaching safepoint: 1745500 ns, Cleanup: 21584 ns, At safepoint: 9450833 ns, Total: 11217917 ns
[2025-06-07T03:41:02.410+0000][22670.302s][debug][safepoint   ] Safepoint synchronization initiated using futex wait barrier. (160 threads)
[2025-06-07T03:41:02.412+0000][22670.304s][info ][gc,start    ] GC(157) Pause Young (Normal) (G1 Evacuation Pause)
[2025-06-07T03:41:02.412+0000][22670.304s][info ][gc,task     ] GC(157) Using 2 workers of 2 for evacuation
[2025-06-07T03:41:02.420+0000][22670.312s][info ][gc,phases   ] GC(157)   Pre Evacuate Collection Set: 0.5ms
[2025-06-07T03:41:02.420+0000][22670.312s][info ][gc,phases   ] GC(157)   Merge Heap Roots: 0.2ms
[2025-06-07T03:41:02.420+0000][22670.312s][info ][gc,phases   ] GC(157)   Evacuate Collection Set: 4.4ms
[2025-06-07T03:41:02.420+0000][22670.312s][info ][gc,phases   ] GC(157)   Post Evacuate Collection Set: 2.3ms
[2025-06-07T03:41:02.420+0000][22670.312s][info ][gc,phases   ] GC(157)   Other: 0.9ms
[2025-06-07T03:41:02.420+0000][22670.312s][info ][gc,heap     ] GC(157) Eden regions: 310->0(310)
[2025-06-07T03:41:02.421+0000][22670.313s][info ][gc,heap     ] GC(157) Survivor regions: 2->2(39)
[2025-06-07T03:41:02.421+0000][22670.313s][info ][gc,heap     ] GC(157) Old regions: 168->168
[2025-06-07T03:41:02.421+0000][22670.313s][info ][gc,heap     ] GC(157) Archive regions: 2->2
[2025-06-07T03:41:02.421+0000][22670.313s][info ][gc,heap     ] GC(157) Humongous regions: 0->0
[2025-06-07T03:41:02.421+0000][22670.313s][info ][gc,metaspace] GC(157) Metaspace: 175192K(176576K)->175192K(176576K) NonClass: 153686K(154432K)->153686K(154432K) Class: 21506K(22144K)->21506K(22144K)
[2025-06-07T03:41:02.421+0000][22670.313s][info ][gc          ] GC(157) Pause Young (Normal) (G1 Evacuation Pause) 479M->169M(538M) 9.135ms
[2025-06-07T03:41:02.421+0000][22670.313s][info ][gc,cpu      ] GC(157) User=0.02s Sys=0.00s Real=0.01s
[2025-06-07T03:41:02.421+0000][22670.313s][info ][safepoint   ] Safepoint "G1CollectForAllocation", Time since last: 283407623462 ns, Reaching safepoint: 1326083 ns, Cleanup: 23209 ns, At safepoint: 9566833 ns, Total: 10916125 ns
[2025-06-07T03:42:23.591+0000][22751.484s][debug][safepoint   ] Safepoint synchronization initiated using futex wait barrier. (159 threads)
[2025-06-07T03:42:23.594+0000][22751.486s][info ][safepoint   ] Safepoint "Cleanup", Time since last: 81170805745 ns, Reaching safepoint: 2622208 ns, Cleanup: 67459 ns, At safepoint: 10958 ns, Total: 2700625 ns
[2025-06-07T03:43:19.718+0000][22807.612s][debug][safepoint   ] Safepoint synchronization initiated using futex wait barrier. (159 threads)
[2025-06-07T03:43:19.719+0000][22807.612s][info ][safepoint   ] Safepoint "Cleanup", Time since last: 56125118276 ns, Reaching safepoint: 518500 ns, Cleanup: 33042 ns, At safepoint: 9541 ns, Total: 561083 ns
[2025-06-07T03:44:55.846+0000][22903.740s][debug][safepoint   ] Safepoint synchronization initiated using futex wait barrier. (159 threads)
[2025-06-07T03:44:55.847+0000][22903.740s][info ][safepoint   ] Safepoint "Cleanup", Time since last: 96127480879 ns, Reaching safepoint: 583791 ns, Cleanup: 77875 ns, At safepoint: 11000 ns, Total: 672666 ns
[2025-06-07T03:45:45.669+0000][22953.563s][debug][safepoint   ] Safepoint synchronization initiated using futex wait barrier. (159 threads)
[2025-06-07T03:45:45.670+0000][22953.564s][info ][gc,start    ] GC(158) Pause Young (Normal) (G1 Evacuation Pause)
[2025-06-07T03:45:45.671+0000][22953.565s][info ][gc,task     ] GC(158) Using 2 workers of 2 for evacuation
[2025-06-07T03:45:45.678+0000][22953.572s][info ][gc,phases   ] GC(158)   Pre Evacuate Collection Set: 0.5ms
[2025-06-07T03:45:45.678+0000][22953.572s][info ][gc,phases   ] GC(158)   Merge Heap Roots: 0.2ms
[2025-06-07T03:45:45.678+0000][22953.572s][info ][gc,phases   ] GC(158)   Evacuate Collection Set: 4.3ms
[2025-06-07T03:45:45.678+0000][22953.572s][info ][gc,phases   ] GC(158)   Post Evacuate Collection Set: 1.9ms
[2025-06-07T03:45:45.678+0000][22953.572s][info ][gc,phases   ] GC(158)   Other: 0.7ms
[2025-06-07T03:45:45.678+0000][22953.572s][info ][gc,heap     ] GC(158) Eden regions: 310->0(310)
[2025-06-07T03:45:45.678+0000][22953.572s][info ][gc,heap     ] GC(158) Survivor regions: 2->2(39)
[2025-06-07T03:45:45.678+0000][22953.572s][info ][gc,heap     ] GC(158) Old regions: 168->168
[2025-06-07T03:45:45.679+0000][22953.572s][info ][gc,heap     ] GC(158) Archive regions: 2->2
[2025-06-07T03:45:45.679+0000][22953.572s][info ][gc,heap     ] GC(158) Humongous regions: 0->0
[2025-06-07T03:45:45.679+0000][22953.572s][info ][gc,metaspace] GC(158) Metaspace: 175192K(176576K)->175192K(176576K) NonClass: 153686K(154432K)->153686K(154432K) Class: 21506K(22144K)->21506K(22144K)
[2025-06-07T03:45:45.679+0000][22953.573s][info ][gc          ] GC(158) Pause Young (Normal) (G1 Evacuation Pause) 479M->169M(538M) 8.199ms
[2025-06-07T03:45:45.679+0000][22953.573s][info ][gc,cpu      ] GC(158) User=0.02s Sys=0.00s Real=0.01s
[2025-06-07T03:45:45.679+0000][22953.573s][info ][safepoint   ] Safepoint "G1CollectForAllocation", Time since last: 49822545315 ns, Reaching safepoint: 1313375 ns, Cleanup: 22500 ns, At safepoint: 8523750 ns, Total: 9859625 ns
[2025-06-07T03:47:34.355+0000][23062.249s][debug][safepoint   ] Safepoint synchronization initiated using futex wait barrier. (160 threads)
[2025-06-07T03:47:34.357+0000][23062.251s][info ][safepoint   ] Safepoint "Cleanup", Time since last: 108676326508 ns, Reaching safepoint: 1683375 ns, Cleanup: 37792 ns, At safepoint: 10250 ns, Total: 1731417 ns
[2025-06-07T03:48:32.480+0000][23120.375s][debug][safepoint   ] Safepoint synchronization initiated using futex wait barrier. (162 threads)
[2025-06-07T03:48:32.482+0000][23120.376s][info ][safepoint   ] Safepoint "Cleanup", Time since last: 58123872319 ns, Reaching safepoint: 1205791 ns, Cleanup: 75750 ns, At safepoint: 32917 ns, Total: 1314458 ns
[2025-06-07T03:50:26.718+0000][23234.612s][debug][safepoint   ] Safepoint synchronization initiated using futex wait barrier. (160 threads)
[2025-06-07T03:50:26.719+0000][23234.614s][info ][gc,start    ] GC(159) Pause Young (Normal) (G1 Evacuation Pause)
[2025-06-07T03:50:26.720+0000][23234.615s][info ][gc,task     ] GC(159) Using 2 workers of 2 for evacuation
[2025-06-07T03:50:26.725+0000][23234.619s][info ][gc,phases   ] GC(159)   Pre Evacuate Collection Set: 0.3ms
[2025-06-07T03:50:26.725+0000][23234.619s][info ][gc,phases   ] GC(159)   Merge Heap Roots: 0.1ms
[2025-06-07T03:50:26.725+0000][23234.619s][info ][gc,phases   ] GC(159)   Evacuate Collection Set: 2.6ms
[2025-06-07T03:50:26.725+0000][23234.619s][info ][gc,phases   ] GC(159)   Post Evacuate Collection Set: 1.1ms
[2025-06-07T03:50:26.725+0000][23234.620s][info ][gc,phases   ] GC(159)   Other: 1.3ms
[2025-06-07T03:50:26.725+0000][23234.620s][info ][gc,heap     ] GC(159) Eden regions: 310->0(310)
[2025-06-07T03:50:26.725+0000][23234.620s][info ][gc,heap     ] GC(159) Survivor regions: 2->2(39)
[2025-06-07T03:50:26.725+0000][23234.620s][info ][gc,heap     ] GC(159) Old regions: 168->168
[2025-06-07T03:50:26.725+0000][23234.620s][info ][gc,heap     ] GC(159) Archive regions: 2->2
[2025-06-07T03:50:26.725+0000][23234.620s][info ][gc,heap     ] GC(159) Humongous regions: 0->0
[2025-06-07T03:50:26.725+0000][23234.620s][info ][gc,metaspace] GC(159) Metaspace: 175221K(176576K)->175221K(176576K) NonClass: 153715K(154432K)->153715K(154432K) Class: 21506K(22144K)->21506K(22144K)
[2025-06-07T03:50:26.725+0000][23234.620s][info ][gc          ] GC(159) Pause Young (Normal) (G1 Evacuation Pause) 479M->169M(538M) 6.086ms
[2025-06-07T03:50:26.725+0000][23234.620s][info ][gc,cpu      ] GC(159) User=0.01s Sys=0.00s Real=0.01s
[2025-06-07T03:50:26.725+0000][23234.620s][info ][safepoint   ] Safepoint "G1CollectForAllocation", Time since last: 114236320177 ns, Reaching safepoint: 1422000 ns, Cleanup: 11958 ns, At safepoint: 6380125 ns, Total: 7814083 ns
[2025-06-07T03:54:01.590+0000][23449.486s][debug][safepoint   ] Safepoint synchronization initiated using futex wait barrier. (160 threads)
[2025-06-07T03:54:01.595+0000][23449.490s][info ][safepoint   ] Safepoint "Cleanup", Time since last: 214866076891 ns, Reaching safepoint: 3970708 ns, Cleanup: 181333 ns, At safepoint: 30834 ns, Total: 4182875 ns
[2025-06-07T03:54:30.651+0000][23478.546s][debug][safepoint   ] Safepoint synchronization initiated using futex wait barrier. (160 threads)
[2025-06-07T03:54:30.651+0000][23478.547s][info ][safepoint   ] Safepoint "Cleanup", Time since last: 29056114429 ns, Reaching safepoint: 835000 ns, Cleanup: 73209 ns, At safepoint: 11000 ns, Total: 919209 ns
[2025-06-07T03:54:40.695+0000][23488.589s][debug][safepoint   ] Safepoint synchronization initiated using futex wait barrier. (160 threads)
[2025-06-07T03:54:40.696+0000][23488.590s][info ][safepoint   ] Safepoint "Cleanup", Time since last: 10042131754 ns, Reaching safepoint: 471500 ns, Cleanup: 34250 ns, At safepoint: 9958 ns, Total: 515708 ns
[2025-06-07T03:55:01.736+0000][23509.631s][debug][safepoint   ] Safepoint synchronization initiated using futex wait barrier. (160 threads)
[2025-06-07T03:55:01.738+0000][23509.633s][info ][safepoint   ] Safepoint "Cleanup", Time since last: 21040949885 ns, Reaching safepoint: 1597667 ns, Cleanup: 67792 ns, At safepoint: 13208 ns, Total: 1678667 ns
[2025-06-07T03:55:10.301+0000][23518.178s][debug][safepoint   ] Safepoint synchronization initiated using futex wait barrier. (160 threads)
[2025-06-07T03:55:10.303+0000][23518.180s][info ][gc,start    ] GC(160) Pause Young (Normal) (G1 Evacuation Pause)
[2025-06-07T03:55:10.303+0000][23518.181s][info ][gc,task     ] GC(160) Using 2 workers of 2 for evacuation
[2025-06-07T03:55:10.310+0000][23518.187s][info ][gc,phases   ] GC(160)   Pre Evacuate Collection Set: 0.5ms
[2025-06-07T03:55:10.310+0000][23518.188s][info ][gc,phases   ] GC(160)   Merge Heap Roots: 0.2ms
[2025-06-07T03:55:10.310+0000][23518.188s][info ][gc,phases   ] GC(160)   Evacuate Collection Set: 3.1ms
[2025-06-07T03:55:10.310+0000][23518.188s][info ][gc,phases   ] GC(160)   Post Evacuate Collection Set: 2.5ms
[2025-06-07T03:55:10.310+0000][23518.188s][info ][gc,phases   ] GC(160)   Other: 0.7ms
[2025-06-07T03:55:10.310+0000][23518.188s][info ][gc,heap     ] GC(160) Eden regions: 310->0(311)
[2025-06-07T03:55:10.310+0000][23518.188s][info ][gc,heap     ] GC(160) Survivor regions: 2->1(39)
[2025-06-07T03:55:10.310+0000][23518.188s][info ][gc,heap     ] GC(160) Old regions: 168->168
[2025-06-07T03:55:10.311+0000][23518.188s][info ][gc,heap     ] GC(160) Archive regions: 2->2
[2025-06-07T03:55:10.311+0000][23518.188s][info ][gc,heap     ] GC(160) Humongous regions: 0->0
[2025-06-07T03:55:10.311+0000][23518.188s][info ][gc,metaspace] GC(160) Metaspace: 175235K(176576K)->175235K(176576K) NonClass: 153728K(154432K)->153728K(154432K) Class: 21506K(22144K)->21506K(22144K)
[2025-06-07T03:55:10.311+0000][23518.188s][info ][gc          ] GC(160) Pause Young (Normal) (G1 Evacuation Pause) 479M->169M(538M) 7.760ms
[2025-06-07T03:55:10.311+0000][23518.188s][info ][gc,cpu      ] GC(160) User=0.02s Sys=0.00s Real=0.01s
[2025-06-07T03:55:10.311+0000][23518.189s][info ][safepoint   ] Safepoint "G1CollectForAllocation", Time since last: 8545500837 ns, Reaching safepoint: 2183250 ns, Cleanup: 21458 ns, At safepoint: 8194917 ns, Total: 10399625 ns
[2025-06-07T03:58:10.920+0000][23698.795s][debug][safepoint   ] Safepoint synchronization initiated using futex wait barrier. (161 threads)
[2025-06-07T03:58:10.923+0000][23698.798s][info ][safepoint   ] Safepoint "Cleanup", Time since last: 180606004874 ns, Reaching safepoint: 2878291 ns, Cleanup: 71875 ns, At safepoint: 15792 ns, Total: 2965958 ns
[2025-06-07T03:59:33.135+0000][23781.009s][debug][safepoint   ] Safepoint synchronization initiated using futex wait barrier. (161 threads)
[2025-06-07T03:59:33.137+0000][23781.012s][info ][safepoint   ] Safepoint "Cleanup", Time since last: 82211774289 ns, Reaching safepoint: 2807833 ns, Cleanup: 52750 ns, At safepoint: 17167 ns, Total: 2877750 ns
[2025-06-07T03:59:54.120+0000][23801.994s][debug][safepoint   ] Safepoint synchronization initiated using futex wait barrier. (160 threads)
[2025-06-07T03:59:54.123+0000][23801.998s][info ][gc,start    ] GC(161) Pause Young (Normal) (G1 Evacuation Pause)
[2025-06-07T03:59:54.124+0000][23801.999s][info ][gc,task     ] GC(161) Using 2 workers of 2 for evacuation
[2025-06-07T03:59:54.130+0000][23802.004s][info ][gc,phases   ] GC(161)   Pre Evacuate Collection Set: 0.5ms
[2025-06-07T03:59:54.130+0000][23802.005s][info ][gc,phases   ] GC(161)   Merge Heap Roots: 0.2ms
[2025-06-07T03:59:54.130+0000][23802.005s][info ][gc,phases   ] GC(161)   Evacuate Collection Set: 2.3ms
[2025-06-07T03:59:54.130+0000][23802.005s][info ][gc,phases   ] GC(161)   Post Evacuate Collection Set: 2.4ms
[2025-06-07T03:59:54.130+0000][23802.005s][info ][gc,phases   ] GC(161)   Other: 1.9ms
[2025-06-07T03:59:54.130+0000][23802.005s][info ][gc,heap     ] GC(161) Eden regions: 311->0(310)
[2025-06-07T03:59:54.130+0000][23802.005s][info ][gc,heap     ] GC(161) Survivor regions: 1->2(39)
[2025-06-07T03:59:54.130+0000][23802.005s][info ][gc,heap     ] GC(161) Old regions: 168->168
[2025-06-07T03:59:54.130+0000][23802.005s][info ][gc,heap     ] GC(161) Archive regions: 2->2
[2025-06-07T03:59:54.130+0000][23802.005s][info ][gc,heap     ] GC(161) Humongous regions: 0->0
[2025-06-07T03:59:54.130+0000][23802.005s][info ][gc,metaspace] GC(161) Metaspace: 175235K(176576K)->175235K(176576K) NonClass: 153728K(154432K)->153728K(154432K) Class: 21506K(22144K)->21506K(22144K)
[2025-06-07T03:59:54.131+0000][23802.005s][info ][gc          ] GC(161) Pause Young (Normal) (G1 Evacuation Pause) 480M->169M(538M) 7.871ms
[2025-06-07T03:59:54.131+0000][23802.006s][info ][gc,cpu      ] GC(161) User=0.01s Sys=0.00s Real=0.01s
[2025-06-07T03:59:54.131+0000][23802.006s][info ][safepoint   ] Safepoint "G1CollectForAllocation", Time since last: 20982288593 ns, Reaching safepoint: 2738375 ns, Cleanup: 50541 ns, At safepoint: 8572667 ns, Total: 11361583 ns
[2025-06-07T04:04:37.368+0000][24085.242s][debug][safepoint   ] Safepoint synchronization initiated using futex wait barrier. (161 threads)
[2025-06-07T04:04:37.370+0000][24085.245s][info ][gc,start    ] GC(162) Pause Young (Normal) (G1 Evacuation Pause)
[2025-06-07T04:04:37.370+0000][24085.245s][info ][gc,task     ] GC(162) Using 2 workers of 2 for evacuation
[2025-06-07T04:04:37.373+0000][24085.248s][info ][gc,phases   ] GC(162)   Pre Evacuate Collection Set: 0.2ms
[2025-06-07T04:04:37.373+0000][24085.248s][info ][gc,phases   ] GC(162)   Merge Heap Roots: 0.1ms
[2025-06-07T04:04:37.373+0000][24085.248s][info ][gc,phases   ] GC(162)   Evacuate Collection Set: 1.1ms
[2025-06-07T04:04:37.373+0000][24085.248s][info ][gc,phases   ] GC(162)   Post Evacuate Collection Set: 1.3ms
[2025-06-07T04:04:37.373+0000][24085.248s][info ][gc,phases   ] GC(162)   Other: 0.4ms
[2025-06-07T04:04:37.374+0000][24085.248s][info ][gc,heap     ] GC(162) Eden regions: 310->0(312)
[2025-06-07T04:04:37.374+0000][24085.248s][info ][gc,heap     ] GC(162) Survivor regions: 2->1(39)
[2025-06-07T04:04:37.374+0000][24085.248s][info ][gc,heap     ] GC(162) Old regions: 168->168
[2025-06-07T04:04:37.374+0000][24085.248s][info ][gc,heap     ] GC(162) Archive regions: 2->2
[2025-06-07T04:04:37.374+0000][24085.248s][info ][gc,heap     ] GC(162) Humongous regions: 0->0
[2025-06-07T04:04:37.374+0000][24085.248s][info ][gc,metaspace] GC(162) Metaspace: 175237K(176576K)->175237K(176576K) NonClass: 153731K(154432K)->153731K(154432K) Class: 21506K(22144K)->21506K(22144K)
[2025-06-07T04:04:37.374+0000][24085.248s][info ][gc          ] GC(162) Pause Young (Normal) (G1 Evacuation Pause) 479M->169M(538M) 3.603ms
[2025-06-07T04:04:37.374+0000][24085.248s][info ][gc,cpu      ] GC(162) User=0.00s Sys=0.00s Real=0.01s
[2025-06-07T04:04:37.374+0000][24085.249s][info ][safepoint   ] Safepoint "G1CollectForAllocation", Time since last: 283236309046 ns, Reaching safepoint: 2561666 ns, Cleanup: 14625 ns, At safepoint: 3833375 ns, Total: 6409666 ns
[2025-06-07T04:04:41.387+0000][24089.262s][debug][safepoint   ] Safepoint synchronization initiated using futex wait barrier. (161 threads)
[2025-06-07T04:04:41.390+0000][24089.264s][info ][safepoint   ] Safepoint "Cleanup", Time since last: 4013036961 ns, Reaching safepoint: 2808541 ns, Cleanup: 107042 ns, At safepoint: 14417 ns, Total: 2930000 ns
[2025-06-07T04:05:58.485+0000][24166.361s][debug][safepoint   ] Safepoint synchronization initiated using futex wait barrier. (161 threads)
[2025-06-07T04:05:58.488+0000][24166.364s][info ][safepoint   ] Safepoint "Cleanup", Time since last: 77096203286 ns, Reaching safepoint: 3193916 ns, Cleanup: 75084 ns, At safepoint: 12583 ns, Total: 3281583 ns
[2025-06-07T04:07:40.732+0000][24268.607s][debug][safepoint   ] Safepoint synchronization initiated using futex wait barrier. (161 threads)
[2025-06-07T04:07:40.734+0000][24268.610s][info ][safepoint   ] Safepoint "Cleanup", Time since last: 102243346546 ns, Reaching safepoint: 2216750 ns, Cleanup: 34667 ns, At safepoint: 9875 ns, Total: 2261292 ns
[2025-06-07T04:09:22.327+0000][24370.202s][debug][safepoint   ] Safepoint synchronization initiated using futex wait barrier. (161 threads)
[2025-06-07T04:09:22.328+0000][24370.203s][info ][gc,start    ] GC(163) Pause Young (Normal) (G1 Evacuation Pause)
[2025-06-07T04:09:22.328+0000][24370.203s][info ][gc,task     ] GC(163) Using 2 workers of 2 for evacuation
[2025-06-07T04:09:22.332+0000][24370.207s][info ][gc,phases   ] GC(163)   Pre Evacuate Collection Set: 0.3ms
[2025-06-07T04:09:22.333+0000][24370.207s][info ][gc,phases   ] GC(163)   Merge Heap Roots: 0.1ms
[2025-06-07T04:09:22.333+0000][24370.207s][info ][gc,phases   ] GC(163)   Evacuate Collection Set: 1.9ms
[2025-06-07T04:09:22.333+0000][24370.207s][info ][gc,phases   ] GC(163)   Post Evacuate Collection Set: 1.4ms
[2025-06-07T04:09:22.333+0000][24370.207s][info ][gc,phases   ] GC(163)   Other: 0.6ms
[2025-06-07T04:09:22.333+0000][24370.207s][info ][gc,heap     ] GC(163) Eden regions: 312->0(312)
[2025-06-07T04:09:22.333+0000][24370.207s][info ][gc,heap     ] GC(163) Survivor regions: 1->1(40)
[2025-06-07T04:09:22.333+0000][24370.207s][info ][gc,heap     ] GC(163) Old regions: 168->168
[2025-06-07T04:09:22.333+0000][24370.207s][info ][gc,heap     ] GC(163) Archive regions: 2->2
[2025-06-07T04:09:22.333+0000][24370.207s][info ][gc,heap     ] GC(163) Humongous regions: 0->0
[2025-06-07T04:09:22.333+0000][24370.208s][info ][gc,metaspace] GC(163) Metaspace: 175237K(176576K)->175237K(176576K) NonClass: 153731K(154432K)->153731K(154432K) Class: 21506K(22144K)->21506K(22144K)
[2025-06-07T04:09:22.333+0000][24370.208s][info ][gc          ] GC(163) Pause Young (Normal) (G1 Evacuation Pause) 481M->169M(538M) 4.998ms
[2025-06-07T04:09:22.333+0000][24370.208s][info ][gc,cpu      ] GC(163) User=0.00s Sys=0.00s Real=0.00s
[2025-06-07T04:09:22.333+0000][24370.208s][info ][safepoint   ] Safepoint "G1CollectForAllocation", Time since last: 101591973920 ns, Reaching safepoint: 961084 ns, Cleanup: 11916 ns, At safepoint: 5215167 ns, Total: 6188167 ns
[2025-06-07T04:09:23.335+0000][24371.209s][debug][safepoint   ] Safepoint synchronization initiated using futex wait barrier. (161 threads)
[2025-06-07T04:09:23.336+0000][24371.210s][info ][safepoint   ] Safepoint "Cleanup", Time since last: 1001642667 ns, Reaching safepoint: 707042 ns, Cleanup: 39042 ns, At safepoint: 11166 ns, Total: 757250 ns
[2025-06-07T04:14:07.782+0000][24655.656s][debug][safepoint   ] Safepoint synchronization initiated using futex wait barrier. (160 threads)
[2025-06-07T04:14:07.783+0000][24655.658s][info ][gc,start    ] GC(164) Pause Young (Normal) (G1 Evacuation Pause)
[2025-06-07T04:14:07.783+0000][24655.658s][info ][gc,task     ] GC(164) Using 2 workers of 2 for evacuation
[2025-06-07T04:14:07.793+0000][24655.667s][info ][gc,phases   ] GC(164)   Pre Evacuate Collection Set: 0.7ms
[2025-06-07T04:14:07.793+0000][24655.667s][info ][gc,phases   ] GC(164)   Merge Heap Roots: 0.3ms
[2025-06-07T04:14:07.793+0000][24655.667s][info ][gc,phases   ] GC(164)   Evacuate Collection Set: 5.6ms
[2025-06-07T04:14:07.793+0000][24655.668s][info ][gc,phases   ] GC(164)   Post Evacuate Collection Set: 2.3ms
[2025-06-07T04:14:07.793+0000][24655.668s][info ][gc,phases   ] GC(164)   Other: 0.9ms
[2025-06-07T04:14:07.793+0000][24655.668s][info ][gc,heap     ] GC(164) Eden regions: 312->0(312)
[2025-06-07T04:14:07.793+0000][24655.668s][info ][gc,heap     ] GC(164) Survivor regions: 1->1(40)
[2025-06-07T04:14:07.793+0000][24655.668s][info ][gc,heap     ] GC(164) Old regions: 168->168
[2025-06-07T04:14:07.793+0000][24655.668s][info ][gc,heap     ] GC(164) Archive regions: 2->2
[2025-06-07T04:14:07.793+0000][24655.668s][info ][gc,heap     ] GC(164) Humongous regions: 0->0
[2025-06-07T04:14:07.793+0000][24655.668s][info ][gc,metaspace] GC(164) Metaspace: 175238K(176576K)->175238K(176576K) NonClass: 153732K(154432K)->153732K(154432K) Class: 21506K(22144K)->21506K(22144K)
[2025-06-07T04:14:07.794+0000][24655.668s][info ][gc          ] GC(164) Pause Young (Normal) (G1 Evacuation Pause) 481M->169M(538M) 10.438ms
[2025-06-07T04:14:07.794+0000][24655.668s][info ][gc,cpu      ] GC(164) User=0.02s Sys=0.00s Real=0.01s
[2025-06-07T04:14:07.794+0000][24655.668s][info ][safepoint   ] Safepoint "G1CollectForAllocation", Time since last: 284446115130 ns, Reaching safepoint: 1085541 ns, Cleanup: 23167 ns, At safepoint: 10754375 ns, Total: 11863083 ns
[2025-06-07T04:16:47.224+0000][24815.107s][debug][safepoint   ] Safepoint synchronization initiated using futex wait barrier. (161 threads)
[2025-06-07T04:16:47.224+0000][24815.108s][info ][safepoint   ] Safepoint "Cleanup", Time since last: 159439288989 ns, Reaching safepoint: 474125 ns, Cleanup: 33084 ns, At safepoint: 5875 ns, Total: 513084 ns
[2025-06-07T04:18:51.107+0000][24938.991s][debug][safepoint   ] Safepoint synchronization initiated using futex wait barrier. (161 threads)
[2025-06-07T04:18:51.109+0000][24938.992s][info ][gc,start    ] GC(165) Pause Young (Normal) (G1 Evacuation Pause)
[2025-06-07T04:18:51.109+0000][24938.993s][info ][gc,task     ] GC(165) Using 2 workers of 2 for evacuation
[2025-06-07T04:18:51.115+0000][24938.999s][info ][gc,phases   ] GC(165)   Pre Evacuate Collection Set: 0.7ms
[2025-06-07T04:18:51.116+0000][24938.999s][info ][gc,phases   ] GC(165)   Merge Heap Roots: 0.2ms
[2025-06-07T04:18:51.116+0000][24938.999s][info ][gc,phases   ] GC(165)   Evacuate Collection Set: 2.6ms
[2025-06-07T04:18:51.116+0000][24938.999s][info ][gc,phases   ] GC(165)   Post Evacuate Collection Set: 2.4ms
[2025-06-07T04:18:51.116+0000][24939.000s][info ][gc,phases   ] GC(165)   Other: 1.0ms
[2025-06-07T04:18:51.116+0000][24939.000s][info ][gc,heap     ] GC(165) Eden regions: 312->0(311)
[2025-06-07T04:18:51.116+0000][24939.000s][info ][gc,heap     ] GC(165) Survivor regions: 1->1(40)
[2025-06-07T04:18:51.116+0000][24939.000s][info ][gc,heap     ] GC(165) Old regions: 168->168
[2025-06-07T04:18:51.116+0000][24939.000s][info ][gc,heap     ] GC(165) Archive regions: 2->2
[2025-06-07T04:18:51.116+0000][24939.000s][info ][gc,heap     ] GC(165) Humongous regions: 0->0
[2025-06-07T04:18:51.116+0000][24939.000s][info ][gc,metaspace] GC(165) Metaspace: 175260K(176576K)->175260K(176576K) NonClass: 153754K(154432K)->153754K(154432K) Class: 21506K(22144K)->21506K(22144K)
[2025-06-07T04:18:51.116+0000][24939.000s][info ][gc          ] GC(165) Pause Young (Normal) (G1 Evacuation Pause) 481M->169M(538M) 7.469ms
[2025-06-07T04:18:51.116+0000][24939.000s][info ][gc,cpu      ] GC(165) User=0.01s Sys=0.00s Real=0.01s
[2025-06-07T04:18:51.117+0000][24939.000s][info ][safepoint   ] Safepoint "G1CollectForAllocation", Time since last: 123882881765 ns, Reaching safepoint: 1252375 ns, Cleanup: 24458 ns, At safepoint: 7985042 ns, Total: 9261875 ns
[2025-06-07T04:18:58.138+0000][24946.021s][debug][safepoint   ] Safepoint synchronization initiated using futex wait barrier. (161 threads)
[2025-06-07T04:18:58.138+0000][24946.022s][info ][safepoint   ] Safepoint "Cleanup", Time since last: 7021421378 ns, Reaching safepoint: 399792 ns, Cleanup: 27625 ns, At safepoint: 7875 ns, Total: 435292 ns
[2025-06-07T04:19:03.145+0000][24951.028s][debug][safepoint   ] Safepoint synchronization initiated using futex wait barrier. (159 threads)
[2025-06-07T04:19:03.146+0000][24951.029s][info ][safepoint   ] Safepoint "Cleanup", Time since last: 5006390586 ns, Reaching safepoint: 1066125 ns, Cleanup: 82625 ns, At safepoint: 15541 ns, Total: 1164291 ns
[2025-06-07T04:19:15.168+0000][24963.052s][debug][safepoint   ] Safepoint synchronization initiated using futex wait barrier. (161 threads)
[2025-06-07T04:19:15.169+0000][24963.053s][info ][safepoint   ] Safepoint "Cleanup", Time since last: 12022442256 ns, Reaching safepoint: 999375 ns, Cleanup: 58291 ns, At safepoint: 19167 ns, Total: 1076833 ns
[2025-06-07T04:23:33.284+0000][25221.169s][debug][safepoint   ] Safepoint synchronization initiated using futex wait barrier. (164 threads)
[2025-06-07T04:23:33.285+0000][25221.169s][info ][safepoint   ] Safepoint "Cleanup", Time since last: 258115827618 ns, Reaching safepoint: 208250 ns, Cleanup: 24792 ns, At safepoint: 3250 ns, Total: 236292 ns
[2025-06-07T04:23:34.718+0000][25222.602s][debug][safepoint   ] Safepoint synchronization initiated using futex wait barrier. (164 threads)
[2025-06-07T04:23:34.719+0000][25222.604s][info ][gc,start    ] GC(166) Pause Young (Normal) (G1 Evacuation Pause)
[2025-06-07T04:23:34.719+0000][25222.604s][info ][gc,task     ] GC(166) Using 2 workers of 2 for evacuation
[2025-06-07T04:23:34.724+0000][25222.609s][info ][gc,phases   ] GC(166)   Pre Evacuate Collection Set: 0.4ms
[2025-06-07T04:23:34.724+0000][25222.609s][info ][gc,phases   ] GC(166)   Merge Heap Roots: 0.2ms
[2025-06-07T04:23:34.724+0000][25222.609s][info ][gc,phases   ] GC(166)   Evacuate Collection Set: 2.4ms
[2025-06-07T04:23:34.725+0000][25222.609s][info ][gc,phases   ] GC(166)   Post Evacuate Collection Set: 1.4ms
[2025-06-07T04:23:34.725+0000][25222.609s][info ][gc,phases   ] GC(166)   Other: 0.7ms
[2025-06-07T04:23:34.725+0000][25222.609s][info ][gc,heap     ] GC(166) Eden regions: 311->0(311)
[2025-06-07T04:23:34.725+0000][25222.609s][info ][gc,heap     ] GC(166) Survivor regions: 1->1(39)
[2025-06-07T04:23:34.725+0000][25222.609s][info ][gc,heap     ] GC(166) Old regions: 168->168
[2025-06-07T04:23:34.725+0000][25222.609s][info ][gc,heap     ] GC(166) Archive regions: 2->2
[2025-06-07T04:23:34.725+0000][25222.609s][info ][gc,heap     ] GC(166) Humongous regions: 0->0
[2025-06-07T04:23:34.725+0000][25222.609s][info ][gc,metaspace] GC(166) Metaspace: 175262K(176576K)->175262K(176576K) NonClass: 153756K(154432K)->153756K(154432K) Class: 21506K(22144K)->21506K(22144K)
[2025-06-07T04:23:34.725+0000][25222.609s][info ][gc          ] GC(166) Pause Young (Normal) (G1 Evacuation Pause) 480M->169M(538M) 5.757ms
[2025-06-07T04:23:34.725+0000][25222.609s][info ][gc,cpu      ] GC(166) User=0.00s Sys=0.00s Real=0.01s
[2025-06-07T04:23:34.725+0000][25222.610s][info ][safepoint   ] Safepoint "G1CollectForAllocation", Time since last: 1433381084 ns, Reaching safepoint: 1097083 ns, Cleanup: 11959 ns, At safepoint: 5957166 ns, Total: 7066208 ns
[2025-06-07T04:28:18.612+0000][25506.497s][debug][safepoint   ] Safepoint synchronization initiated using futex wait barrier. (161 threads)
[2025-06-07T04:28:18.614+0000][25506.498s][info ][gc,start    ] GC(167) Pause Young (Normal) (G1 Evacuation Pause)
[2025-06-07T04:28:18.614+0000][25506.499s][info ][gc,task     ] GC(167) Using 2 workers of 2 for evacuation
[2025-06-07T04:28:18.618+0000][25506.503s][info ][gc,phases   ] GC(167)   Pre Evacuate Collection Set: 0.4ms
[2025-06-07T04:28:18.618+0000][25506.503s][info ][gc,phases   ] GC(167)   Merge Heap Roots: 0.3ms
[2025-06-07T04:28:18.618+0000][25506.503s][info ][gc,phases   ] GC(167)   Evacuate Collection Set: 2.0ms
[2025-06-07T04:28:18.618+0000][25506.503s][info ][gc,phases   ] GC(167)   Post Evacuate Collection Set: 1.3ms
[2025-06-07T04:28:18.619+0000][25506.503s][info ][gc,phases   ] GC(167)   Other: 0.6ms
[2025-06-07T04:28:18.619+0000][25506.503s][info ][gc,heap     ] GC(167) Eden regions: 311->0(312)
[2025-06-07T04:28:18.619+0000][25506.504s][info ][gc,heap     ] GC(167) Survivor regions: 1->1(39)
[2025-06-07T04:28:18.619+0000][25506.504s][info ][gc,heap     ] GC(167) Old regions: 168->168
[2025-06-07T04:28:18.619+0000][25506.504s][info ][gc,heap     ] GC(167) Archive regions: 2->2
[2025-06-07T04:28:18.619+0000][25506.504s][info ][gc,heap     ] GC(167) Humongous regions: 0->0
[2025-06-07T04:28:18.619+0000][25506.504s][info ][gc,metaspace] GC(167) Metaspace: 175262K(176576K)->175262K(176576K) NonClass: 153756K(154432K)->153756K(154432K) Class: 21506K(22144K)->21506K(22144K)
[2025-06-07T04:28:18.619+0000][25506.504s][info ][gc          ] GC(167) Pause Young (Normal) (G1 Evacuation Pause) 480M->169M(538M) 5.291ms
[2025-06-07T04:28:18.619+0000][25506.504s][info ][gc,cpu      ] GC(167) User=0.01s Sys=0.00s Real=0.00s
[2025-06-07T04:28:18.619+0000][25506.504s][info ][safepoint   ] Safepoint "G1CollectForAllocation", Time since last: 283887357214 ns, Reaching safepoint: 1503041 ns, Cleanup: 10750 ns, At safepoint: 5846000 ns, Total: 7359791 ns
[2025-06-07T04:33:04.061+0000][25791.946s][debug][safepoint   ] Safepoint synchronization initiated using futex wait barrier. (160 threads)
[2025-06-07T04:33:04.063+0000][25791.948s][info ][gc,start    ] GC(168) Pause Young (Normal) (G1 Evacuation Pause)
[2025-06-07T04:33:04.063+0000][25791.948s][info ][gc,task     ] GC(168) Using 2 workers of 2 for evacuation
[2025-06-07T04:33:04.069+0000][25791.954s][info ][gc,phases   ] GC(168)   Pre Evacuate Collection Set: 0.5ms
[2025-06-07T04:33:04.069+0000][25791.954s][info ][gc,phases   ] GC(168)   Merge Heap Roots: 0.2ms
[2025-06-07T04:33:04.069+0000][25791.954s][info ][gc,phases   ] GC(168)   Evacuate Collection Set: 2.6ms
[2025-06-07T04:33:04.069+0000][25791.955s][info ][gc,phases   ] GC(168)   Post Evacuate Collection Set: 2.3ms
[2025-06-07T04:33:04.069+0000][25791.955s][info ][gc,phases   ] GC(168)   Other: 0.7ms
[2025-06-07T04:33:04.069+0000][25791.955s][info ][gc,heap     ] GC(168) Eden regions: 312->0(312)
[2025-06-07T04:33:04.069+0000][25791.955s][info ][gc,heap     ] GC(168) Survivor regions: 1->1(40)
[2025-06-07T04:33:04.069+0000][25791.955s][info ][gc,heap     ] GC(168) Old regions: 168->168
[2025-06-07T04:33:04.070+0000][25791.955s][info ][gc,heap     ] GC(168) Archive regions: 2->2
[2025-06-07T04:33:04.070+0000][25791.955s][info ][gc,heap     ] GC(168) Humongous regions: 0->0
[2025-06-07T04:33:04.070+0000][25791.955s][info ][gc,metaspace] GC(168) Metaspace: 175264K(176576K)->175264K(176576K) NonClass: 153758K(154432K)->153758K(154432K) Class: 21506K(22144K)->21506K(22144K)
[2025-06-07T04:33:04.070+0000][25791.955s][info ][gc          ] GC(168) Pause Young (Normal) (G1 Evacuation Pause) 481M->169M(538M) 7.070ms
[2025-06-07T04:33:04.070+0000][25791.955s][info ][gc,cpu      ] GC(168) User=0.01s Sys=0.00s Real=0.01s
[2025-06-07T04:33:04.070+0000][25791.955s][info ][safepoint   ] Safepoint "G1CollectForAllocation", Time since last: 285441913256 ns, Reaching safepoint: 1570584 ns, Cleanup: 20208 ns, At safepoint: 7360292 ns, Total: 8951084 ns
[2025-06-07T04:37:48.666+0000][26076.595s][debug][safepoint   ] Safepoint synchronization initiated using futex wait barrier. (160 threads)
[2025-06-07T04:37:48.668+0000][26076.597s][info ][gc,start    ] GC(169) Pause Young (Normal) (G1 Evacuation Pause)
[2025-06-07T04:37:48.668+0000][26076.597s][info ][gc,task     ] GC(169) Using 2 workers of 2 for evacuation
[2025-06-07T04:37:48.674+0000][26076.603s][info ][gc,phases   ] GC(169)   Pre Evacuate Collection Set: 0.4ms
[2025-06-07T04:37:48.674+0000][26076.603s][info ][gc,phases   ] GC(169)   Merge Heap Roots: 0.2ms
[2025-06-07T04:37:48.674+0000][26076.603s][info ][gc,phases   ] GC(169)   Evacuate Collection Set: 2.5ms
[2025-06-07T04:37:48.674+0000][26076.603s][info ][gc,phases   ] GC(169)   Post Evacuate Collection Set: 1.8ms
[2025-06-07T04:37:48.674+0000][26076.603s][info ][gc,phases   ] GC(169)   Other: 0.8ms
[2025-06-07T04:37:48.674+0000][26076.603s][info ][gc,heap     ] GC(169) Eden regions: 312->0(312)
[2025-06-07T04:37:48.674+0000][26076.603s][info ][gc,heap     ] GC(169) Survivor regions: 1->1(40)
[2025-06-07T04:37:48.674+0000][26076.603s][info ][gc,heap     ] GC(169) Old regions: 168->168
[2025-06-07T04:37:48.674+0000][26076.603s][info ][gc,heap     ] GC(169) Archive regions: 2->2
[2025-06-07T04:37:48.674+0000][26076.603s][info ][gc,heap     ] GC(169) Humongous regions: 0->0
[2025-06-07T04:37:48.674+0000][26076.603s][info ][gc,metaspace] GC(169) Metaspace: 175266K(176576K)->175266K(176576K) NonClass: 153760K(154432K)->153760K(154432K) Class: 21506K(22144K)->21506K(22144K)
[2025-06-07T04:37:48.674+0000][26076.603s][info ][gc          ] GC(169) Pause Young (Normal) (G1 Evacuation Pause) 481M->169M(538M) 6.468ms
[2025-06-07T04:37:48.675+0000][26076.604s][info ][gc,cpu      ] GC(169) User=0.01s Sys=0.00s Real=0.01s
[2025-06-07T04:37:48.675+0000][26076.604s][info ][safepoint   ] Safepoint "G1CollectForAllocation", Time since last: 284640240795 ns, Reaching safepoint: 1495250 ns, Cleanup: 10167 ns, At safepoint: 6850875 ns, Total: 8356292 ns
[2025-06-07T04:42:33.867+0000][26361.807s][debug][safepoint   ] Safepoint synchronization initiated using futex wait barrier. (160 threads)
[2025-06-07T04:42:33.870+0000][26361.810s][info ][gc,start    ] GC(170) Pause Young (Normal) (G1 Evacuation Pause)
[2025-06-07T04:42:33.870+0000][26361.810s][info ][gc,task     ] GC(170) Using 2 workers of 2 for evacuation
[2025-06-07T04:42:33.875+0000][26361.815s][info ][gc,phases   ] GC(170)   Pre Evacuate Collection Set: 0.3ms
[2025-06-07T04:42:33.875+0000][26361.815s][info ][gc,phases   ] GC(170)   Merge Heap Roots: 0.1ms
[2025-06-07T04:42:33.875+0000][26361.815s][info ][gc,phases   ] GC(170)   Evacuate Collection Set: 1.8ms
[2025-06-07T04:42:33.875+0000][26361.815s][info ][gc,phases   ] GC(170)   Post Evacuate Collection Set: 2.2ms
[2025-06-07T04:42:33.875+0000][26361.815s][info ][gc,phases   ] GC(170)   Other: 0.7ms
[2025-06-07T04:42:33.875+0000][26361.815s][info ][gc,heap     ] GC(170) Eden regions: 312->0(312)
[2025-06-07T04:42:33.875+0000][26361.815s][info ][gc,heap     ] GC(170) Survivor regions: 1->1(40)
[2025-06-07T04:42:33.875+0000][26361.815s][info ][gc,heap     ] GC(170) Old regions: 168->168
[2025-06-07T04:42:33.875+0000][26361.815s][info ][gc,heap     ] GC(170) Archive regions: 2->2
[2025-06-07T04:42:33.875+0000][26361.815s][info ][gc,heap     ] GC(170) Humongous regions: 0->0
[2025-06-07T04:42:33.875+0000][26361.815s][info ][gc,metaspace] GC(170) Metaspace: 175266K(176576K)->175266K(176576K) NonClass: 153760K(154432K)->153760K(154432K) Class: 21506K(22144K)->21506K(22144K)
[2025-06-07T04:42:33.875+0000][26361.815s][info ][gc          ] GC(170) Pause Young (Normal) (G1 Evacuation Pause) 481M->169M(538M) 5.575ms
[2025-06-07T04:42:33.876+0000][26361.815s][info ][gc,cpu      ] GC(170) User=0.01s Sys=0.00s Real=0.00s
[2025-06-07T04:42:33.876+0000][26361.815s][info ][safepoint   ] Safepoint "G1CollectForAllocation", Time since last: 285202923505 ns, Reaching safepoint: 2921458 ns, Cleanup: 23334 ns, At safepoint: 5857250 ns, Total: 8802042 ns
[2025-06-07T04:46:41.407+0000][26609.351s][debug][safepoint   ] Safepoint synchronization initiated using futex wait barrier. (159 threads)
[2025-06-07T04:46:41.409+0000][26609.353s][info ][safepoint   ] Safepoint "Cleanup", Time since last: 247535566155 ns, Reaching safepoint: 2037083 ns, Cleanup: 36042 ns, At safepoint: 10166 ns, Total: 2083291 ns
[2025-06-07T04:47:18.709+0000][26646.653s][debug][safepoint   ] Safepoint synchronization initiated using futex wait barrier. (161 threads)
[2025-06-07T04:47:18.710+0000][26646.654s][info ][gc,start    ] GC(171) Pause Young (Normal) (G1 Evacuation Pause)
[2025-06-07T04:47:18.710+0000][26646.654s][info ][gc,task     ] GC(171) Using 2 workers of 2 for evacuation
[2025-06-07T04:47:18.714+0000][26646.659s][info ][gc,phases   ] GC(171)   Pre Evacuate Collection Set: 0.3ms
[2025-06-07T04:47:18.714+0000][26646.659s][info ][gc,phases   ] GC(171)   Merge Heap Roots: 0.1ms
[2025-06-07T04:47:18.714+0000][26646.659s][info ][gc,phases   ] GC(171)   Evacuate Collection Set: 2.0ms
[2025-06-07T04:47:18.715+0000][26646.659s][info ][gc,phases   ] GC(171)   Post Evacuate Collection Set: 1.5ms
[2025-06-07T04:47:18.715+0000][26646.659s][info ][gc,phases   ] GC(171)   Other: 0.7ms
[2025-06-07T04:47:18.715+0000][26646.659s][info ][gc,heap     ] GC(171) Eden regions: 312->0(312)
[2025-06-07T04:47:18.715+0000][26646.659s][info ][gc,heap     ] GC(171) Survivor regions: 1->1(40)
[2025-06-07T04:47:18.715+0000][26646.659s][info ][gc,heap     ] GC(171) Old regions: 168->168
[2025-06-07T04:47:18.715+0000][26646.660s][info ][gc,heap     ] GC(171) Archive regions: 2->2
[2025-06-07T04:47:18.715+0000][26646.660s][info ][gc,heap     ] GC(171) Humongous regions: 0->0
[2025-06-07T04:47:18.715+0000][26646.660s][info ][gc,metaspace] GC(171) Metaspace: 175267K(176576K)->175267K(176576K) NonClass: 153760K(154432K)->153760K(154432K) Class: 21506K(22144K)->21506K(22144K)
[2025-06-07T04:47:18.715+0000][26646.660s][info ][gc          ] GC(171) Pause Young (Normal) (G1 Evacuation Pause) 481M->169M(538M) 5.570ms
[2025-06-07T04:47:18.715+0000][26646.660s][info ][gc,cpu      ] GC(171) User=0.01s Sys=0.01s Real=0.01s
[2025-06-07T04:47:18.715+0000][26646.660s][info ][safepoint   ] Safepoint "G1CollectForAllocation", Time since last: 37300018643 ns, Reaching safepoint: 971625 ns, Cleanup: 12333 ns, At safepoint: 5793500 ns, Total: 6777458 ns
[2025-06-07T04:47:44.774+0000][26672.719s][debug][safepoint   ] Safepoint synchronization initiated using futex wait barrier. (161 threads)
[2025-06-07T04:47:44.775+0000][26672.720s][info ][safepoint   ] Safepoint "Cleanup", Time since last: 26058895595 ns, Reaching safepoint: 1002542 ns, Cleanup: 74166 ns, At safepoint: 14959 ns, Total: 1091667 ns
[2025-06-07T04:47:49.788+0000][26677.733s][debug][safepoint   ] Safepoint synchronization initiated using futex wait barrier. (159 threads)
[2025-06-07T04:47:49.788+0000][26677.733s][info ][safepoint   ] Safepoint "Cleanup", Time since last: 5012910502 ns, Reaching safepoint: 320042 ns, Cleanup: 27666 ns, At safepoint: 6250 ns, Total: 353958 ns
[2025-06-07T04:48:10.297+0000][26698.242s][debug][safepoint   ] Safepoint synchronization initiated using futex wait barrier. (161 threads)
[2025-06-07T04:48:10.298+0000][26698.243s][info ][safepoint   ] Safepoint "Cleanup", Time since last: 20508507426 ns, Reaching safepoint: 918333 ns, Cleanup: 67667 ns, At safepoint: 13333 ns, Total: 999333 ns
[2025-06-07T04:49:14.336+0000][26762.282s][debug][safepoint   ] Safepoint synchronization initiated using futex wait barrier. (160 threads)
[2025-06-07T04:49:14.338+0000][26762.283s][info ][safepoint   ] Safepoint "Cleanup", Time since last: 64039459446 ns, Reaching safepoint: 955208 ns, Cleanup: 88875 ns, At safepoint: 15459 ns, Total: 1059542 ns
[2025-06-07T04:52:02.331+0000][26930.279s][debug][safepoint   ] Safepoint synchronization initiated using futex wait barrier. (159 threads)
[2025-06-07T04:52:02.331+0000][26930.279s][info ][gc,start    ] GC(172) Pause Young (Normal) (G1 Evacuation Pause)
[2025-06-07T04:52:02.331+0000][26930.279s][info ][gc,task     ] GC(172) Using 2 workers of 2 for evacuation
[2025-06-07T04:52:02.336+0000][26930.284s][info ][gc,phases   ] GC(172)   Pre Evacuate Collection Set: 0.3ms
[2025-06-07T04:52:02.336+0000][26930.284s][info ][gc,phases   ] GC(172)   Merge Heap Roots: 0.1ms
[2025-06-07T04:52:02.336+0000][26930.284s][info ][gc,phases   ] GC(172)   Evacuate Collection Set: 1.9ms
[2025-06-07T04:52:02.336+0000][26930.284s][info ][gc,phases   ] GC(172)   Post Evacuate Collection Set: 1.9ms
[2025-06-07T04:52:02.336+0000][26930.284s][info ][gc,phases   ] GC(172)   Other: 0.4ms
[2025-06-07T04:52:02.336+0000][26930.284s][info ][gc,heap     ] GC(172) Eden regions: 312->0(311)
[2025-06-07T04:52:02.336+0000][26930.284s][info ][gc,heap     ] GC(172) Survivor regions: 1->1(40)
[2025-06-07T04:52:02.336+0000][26930.284s][info ][gc,heap     ] GC(172) Old regions: 168->168
[2025-06-07T04:52:02.336+0000][26930.284s][info ][gc,heap     ] GC(172) Archive regions: 2->2
[2025-06-07T04:52:02.336+0000][26930.284s][info ][gc,heap     ] GC(172) Humongous regions: 0->0
[2025-06-07T04:52:02.336+0000][26930.284s][info ][gc,metaspace] GC(172) Metaspace: 175324K(176640K)->175324K(176640K) NonClass: 153818K(154496K)->153818K(154496K) Class: 21506K(22144K)->21506K(22144K)
[2025-06-07T04:52:02.337+0000][26930.284s][info ][gc          ] GC(172) Pause Young (Normal) (G1 Evacuation Pause) 481M->169M(538M) 5.274ms
[2025-06-07T04:52:02.337+0000][26930.284s][info ][gc,cpu      ] GC(172) User=0.01s Sys=0.00s Real=0.00s
[2025-06-07T04:52:02.337+0000][26930.285s][info ][safepoint   ] Safepoint "G1CollectForAllocation", Time since last: 167995489410 ns, Reaching safepoint: 473666 ns, Cleanup: 7334 ns, At safepoint: 5442250 ns, Total: 5923250 ns
[2025-06-07T04:53:32.016+0000][27019.965s][debug][safepoint   ] Safepoint synchronization initiated using futex wait barrier. (159 threads)
[2025-06-07T04:53:32.016+0000][27019.966s][info ][safepoint   ] Safepoint "Cleanup", Time since last: 89680755415 ns, Reaching safepoint: 358750 ns, Cleanup: 39417 ns, At safepoint: 5916 ns, Total: 404083 ns
[2025-06-07T04:53:42.040+0000][27029.990s][debug][safepoint   ] Safepoint synchronization initiated using futex wait barrier. (159 threads)
[2025-06-07T04:53:42.041+0000][27029.991s][info ][safepoint   ] Safepoint "Cleanup", Time since last: 10024064629 ns, Reaching safepoint: 1062292 ns, Cleanup: 90750 ns, At safepoint: 15542 ns, Total: 1168584 ns
[2025-06-07T04:56:47.370+0000][27215.322s][debug][safepoint   ] Safepoint synchronization initiated using futex wait barrier. (160 threads)
[2025-06-07T04:56:47.372+0000][27215.323s][info ][gc,start    ] GC(173) Pause Young (Normal) (G1 Evacuation Pause)
[2025-06-07T04:56:47.372+0000][27215.324s][info ][gc,task     ] GC(173) Using 2 workers of 2 for evacuation
[2025-06-07T04:56:47.378+0000][27215.330s][info ][gc,phases   ] GC(173)   Pre Evacuate Collection Set: 0.6ms
[2025-06-07T04:56:47.379+0000][27215.331s][info ][gc,phases   ] GC(173)   Merge Heap Roots: 0.2ms
[2025-06-07T04:56:47.379+0000][27215.331s][info ][gc,phases   ] GC(173)   Evacuate Collection Set: 3.4ms
[2025-06-07T04:56:47.379+0000][27215.331s][info ][gc,phases   ] GC(173)   Post Evacuate Collection Set: 2.2ms
[2025-06-07T04:56:47.379+0000][27215.331s][info ][gc,phases   ] GC(173)   Other: 0.7ms
[2025-06-07T04:56:47.379+0000][27215.331s][info ][gc,heap     ] GC(173) Eden regions: 311->0(311)
[2025-06-07T04:56:47.379+0000][27215.331s][info ][gc,heap     ] GC(173) Survivor regions: 1->1(39)
[2025-06-07T04:56:47.379+0000][27215.331s][info ][gc,heap     ] GC(173) Old regions: 168->168
[2025-06-07T04:56:47.379+0000][27215.331s][info ][gc,heap     ] GC(173) Archive regions: 2->2
[2025-06-07T04:56:47.379+0000][27215.331s][info ][gc,heap     ] GC(173) Humongous regions: 0->0
[2025-06-07T04:56:47.379+0000][27215.331s][info ][gc,metaspace] GC(173) Metaspace: 175329K(176704K)->175329K(176704K) NonClass: 153823K(154560K)->153823K(154560K) Class: 21506K(22144K)->21506K(22144K)
[2025-06-07T04:56:47.379+0000][27215.331s][info ][gc          ] GC(173) Pause Young (Normal) (G1 Evacuation Pause) 480M->169M(538M) 7.871ms
[2025-06-07T04:56:47.379+0000][27215.331s][info ][gc,cpu      ] GC(173) User=0.01s Sys=0.00s Real=0.01s
[2025-06-07T04:56:47.380+0000][27215.331s][info ][safepoint   ] Safepoint "G1CollectForAllocation", Time since last: 185331135333 ns, Reaching safepoint: 1181667 ns, Cleanup: 24292 ns, At safepoint: 8187541 ns, Total: 9393500 ns
[2025-06-07T05:01:31.377+0000][27499.332s][debug][safepoint   ] Safepoint synchronization initiated using futex wait barrier. (160 threads)
[2025-06-07T05:01:31.378+0000][27499.334s][info ][gc,start    ] GC(174) Pause Young (Normal) (G1 Evacuation Pause)
[2025-06-07T05:01:31.378+0000][27499.334s][info ][gc,task     ] GC(174) Using 2 workers of 2 for evacuation
[2025-06-07T05:01:31.384+0000][27499.340s][info ][gc,phases   ] GC(174)   Pre Evacuate Collection Set: 0.4ms
[2025-06-07T05:01:31.385+0000][27499.340s][info ][gc,phases   ] GC(174)   Merge Heap Roots: 0.2ms
[2025-06-07T05:01:31.385+0000][27499.341s][info ][gc,phases   ] GC(174)   Evacuate Collection Set: 3.1ms
[2025-06-07T05:01:31.385+0000][27499.341s][info ][gc,phases   ] GC(174)   Post Evacuate Collection Set: 2.1ms
[2025-06-07T05:01:31.385+0000][27499.341s][info ][gc,phases   ] GC(174)   Other: 0.7ms
[2025-06-07T05:01:31.385+0000][27499.341s][info ][gc,heap     ] GC(174) Eden regions: 311->0(312)
[2025-06-07T05:01:31.385+0000][27499.341s][info ][gc,heap     ] GC(174) Survivor regions: 1->1(39)
[2025-06-07T05:01:31.386+0000][27499.341s][info ][gc,heap     ] GC(174) Old regions: 168->168
[2025-06-07T05:01:31.386+0000][27499.341s][info ][gc,heap     ] GC(174) Archive regions: 2->2
[2025-06-07T05:01:31.386+0000][27499.342s][info ][gc,heap     ] GC(174) Humongous regions: 0->0
[2025-06-07T05:01:31.386+0000][27499.342s][info ][gc,metaspace] GC(174) Metaspace: 175330K(176704K)->175330K(176704K) NonClass: 153823K(154560K)->153823K(154560K) Class: 21506K(22144K)->21506K(22144K)
[2025-06-07T05:01:31.386+0000][27499.342s][info ][gc          ] GC(174) Pause Young (Normal) (G1 Evacuation Pause) 480M->169M(538M) 8.135ms
[2025-06-07T05:01:31.386+0000][27499.342s][info ][gc,cpu      ] GC(174) User=0.01s Sys=0.00s Real=0.01s
[2025-06-07T05:01:31.386+0000][27499.342s][info ][safepoint   ] Safepoint "G1CollectForAllocation", Time since last: 284000889421 ns, Reaching safepoint: 1035875 ns, Cleanup: 17458 ns, At safepoint: 8405625 ns, Total: 9458958 ns
[2025-06-07T05:03:09.568+0000][27597.525s][debug][safepoint   ] Safepoint synchronization initiated using futex wait barrier. (159 threads)
[2025-06-07T05:03:09.570+0000][27597.527s][info ][safepoint   ] Safepoint "Cleanup", Time since last: 98183191962 ns, Reaching safepoint: 2326583 ns, Cleanup: 51250 ns, At safepoint: 10167 ns, Total: 2388000 ns
[2025-06-07T05:03:31.639+0000][27619.596s][debug][safepoint   ] Safepoint synchronization initiated using futex wait barrier. (159 threads)
[2025-06-07T05:03:31.639+0000][27619.597s][info ][safepoint   ] Safepoint "Cleanup", Time since last: 22069094510 ns, Reaching safepoint: 340584 ns, Cleanup: 23291 ns, At safepoint: 6209 ns, Total: 370084 ns
[2025-06-07T05:23:46.658+0000][27785.148s][debug][safepoint   ] Safepoint synchronization initiated using futex wait barrier. (158 threads)
[2025-06-07T05:23:46.662+0000][27785.152s][info ][gc,start    ] GC(175) Pause Young (Normal) (G1 Evacuation Pause)
[2025-06-07T05:23:46.662+0000][27785.152s][info ][gc,task     ] GC(175) Using 2 workers of 2 for evacuation
[2025-06-07T05:23:46.669+0000][27785.159s][info ][gc,phases   ] GC(175)   Pre Evacuate Collection Set: 0.4ms
[2025-06-07T05:23:46.669+0000][27785.159s][info ][gc,phases   ] GC(175)   Merge Heap Roots: 0.2ms
[2025-06-07T05:23:46.669+0000][27785.159s][info ][gc,phases   ] GC(175)   Evacuate Collection Set: 3.0ms
[2025-06-07T05:23:46.669+0000][27785.159s][info ][gc,phases   ] GC(175)   Post Evacuate Collection Set: 2.7ms
[2025-06-07T05:23:46.669+0000][27785.159s][info ][gc,phases   ] GC(175)   Other: 0.7ms
[2025-06-07T05:23:46.669+0000][27785.159s][info ][gc,heap     ] GC(175) Eden regions: 312->0(312)
[2025-06-07T05:23:46.669+0000][27785.159s][info ][gc,heap     ] GC(175) Survivor regions: 1->1(40)
[2025-06-07T05:23:46.669+0000][27785.160s][info ][gc,heap     ] GC(175) Old regions: 168->168
[2025-06-07T05:23:46.669+0000][27785.160s][info ][gc,heap     ] GC(175) Archive regions: 2->2
[2025-06-07T05:23:46.669+0000][27785.160s][info ][gc,heap     ] GC(175) Humongous regions: 0->0
[2025-06-07T05:23:46.670+0000][27785.160s][info ][gc,metaspace] GC(175) Metaspace: 175330K(176704K)->175330K(176704K) NonClass: 153823K(154560K)->153823K(154560K) Class: 21506K(22144K)->21506K(22144K)
[2025-06-07T05:23:46.670+0000][27785.160s][info ][gc          ] GC(175) Pause Young (Normal) (G1 Evacuation Pause) 481M->169M(538M) 7.917ms
[2025-06-07T05:23:46.670+0000][27785.160s][info ][gc,cpu      ] GC(175) User=0.01s Sys=0.00s Real=0.01s
[2025-06-07T05:23:46.670+0000][27785.160s][info ][safepoint   ] Safepoint "G1CollectForAllocation", Time since last: 165551601574 ns, Reaching safepoint: 3269250 ns, Cleanup: 24958 ns, At safepoint: 8371042 ns, Total: 11665250 ns
[2025-06-07T06:04:51.364+0000][28043.413s][debug][safepoint   ] Safepoint synchronization initiated using futex wait barrier. (158 threads)
[2025-06-07T06:04:51.366+0000][28043.415s][info ][safepoint   ] Safepoint "Cleanup", Time since last: 258252946451 ns, Reaching safepoint: 1492500 ns, Cleanup: 32291 ns, At safepoint: 8834 ns, Total: 1533625 ns
[2025-06-07T06:05:17.366+0000][28069.415s][debug][safepoint   ] Safepoint synchronization initiated using futex wait barrier. (158 threads)
[2025-06-07T06:05:17.367+0000][28069.416s][info ][gc,start    ] GC(176) Pause Young (Normal) (G1 Evacuation Pause)
[2025-06-07T06:05:17.368+0000][28069.416s][info ][gc,task     ] GC(176) Using 2 workers of 2 for evacuation
[2025-06-07T06:05:17.379+0000][28069.427s][info ][gc,phases   ] GC(176)   Pre Evacuate Collection Set: 1.1ms
[2025-06-07T06:05:17.379+0000][28069.427s][info ][gc,phases   ] GC(176)   Merge Heap Roots: 0.2ms
[2025-06-07T06:05:17.379+0000][28069.427s][info ][gc,phases   ] GC(176)   Evacuate Collection Set: 4.6ms
[2025-06-07T06:05:17.379+0000][28069.427s][info ][gc,phases   ] GC(176)   Post Evacuate Collection Set: 4.2ms
[2025-06-07T06:05:17.379+0000][28069.427s][info ][gc,phases   ] GC(176)   Other: 1.1ms
[2025-06-07T06:05:17.379+0000][28069.427s][info ][gc,heap     ] GC(176) Eden regions: 312->0(312)
[2025-06-07T06:05:17.379+0000][28069.428s][info ][gc,heap     ] GC(176) Survivor regions: 1->1(40)
[2025-06-07T06:05:17.379+0000][28069.428s][info ][gc,heap     ] GC(176) Old regions: 168->168
[2025-06-07T06:05:17.379+0000][28069.428s][info ][gc,heap     ] GC(176) Archive regions: 2->2
[2025-06-07T06:05:17.379+0000][28069.428s][info ][gc,heap     ] GC(176) Humongous regions: 0->0
[2025-06-07T06:05:17.379+0000][28069.428s][info ][gc,metaspace] GC(176) Metaspace: 175330K(176704K)->175330K(176704K) NonClass: 153824K(154560K)->153824K(154560K) Class: 21506K(22144K)->21506K(22144K)
[2025-06-07T06:05:17.379+0000][28069.428s][info ][gc          ] GC(176) Pause Young (Normal) (G1 Evacuation Pause) 481M->169M(538M) 11.925ms
[2025-06-07T06:05:17.379+0000][28069.428s][info ][gc,cpu      ] GC(176) User=0.02s Sys=0.00s Real=0.01s
[2025-06-07T06:05:17.380+0000][28069.428s][info ][safepoint   ] Safepoint "G1CollectForAllocation", Time since last: 26000116470 ns, Reaching safepoint: 1039167 ns, Cleanup: 26208 ns, At safepoint: 12272500 ns, Total: 13337875 ns
[2025-06-07T06:08:21.787+0000][28253.836s][debug][safepoint   ] Safepoint synchronization initiated using futex wait barrier. (161 threads)
[2025-06-07T06:08:21.789+0000][28253.838s][info ][safepoint   ] Safepoint "Cleanup", Time since last: 184407717960 ns, Reaching safepoint: 2506042 ns, Cleanup: 64541 ns, At safepoint: 12792 ns, Total: 2583375 ns
[2025-06-07T06:09:59.293+0000][28351.342s][debug][safepoint   ] Safepoint synchronization initiated using futex wait barrier. (160 threads)
[2025-06-07T06:09:59.294+0000][28351.343s][info ][gc,start    ] GC(177) Pause Young (Normal) (G1 Evacuation Pause)
[2025-06-07T06:09:59.294+0000][28351.344s][info ][gc,task     ] GC(177) Using 2 workers of 2 for evacuation
[2025-06-07T06:09:59.299+0000][28351.348s][info ][gc,phases   ] GC(177)   Pre Evacuate Collection Set: 0.2ms
[2025-06-07T06:09:59.300+0000][28351.349s][info ][gc,phases   ] GC(177)   Merge Heap Roots: 0.1ms
[2025-06-07T06:09:59.300+0000][28351.349s][info ][gc,phases   ] GC(177)   Evacuate Collection Set: 1.9ms
[2025-06-07T06:09:59.300+0000][28351.349s][info ][gc,phases   ] GC(177)   Post Evacuate Collection Set: 2.3ms
[2025-06-07T06:09:59.300+0000][28351.349s][info ][gc,phases   ] GC(177)   Other: 0.6ms
[2025-06-07T06:09:59.300+0000][28351.349s][info ][gc,heap     ] GC(177) Eden regions: 312->0(312)
[2025-06-07T06:09:59.300+0000][28351.349s][info ][gc,heap     ] GC(177) Survivor regions: 1->1(40)
[2025-06-07T06:09:59.300+0000][28351.349s][info ][gc,heap     ] GC(177) Old regions: 168->168
[2025-06-07T06:09:59.300+0000][28351.349s][info ][gc,heap     ] GC(177) Archive regions: 2->2
[2025-06-07T06:09:59.300+0000][28351.349s][info ][gc,heap     ] GC(177) Humongous regions: 0->0
[2025-06-07T06:09:59.300+0000][28351.349s][info ][gc,metaspace] GC(177) Metaspace: 175330K(176704K)->175330K(176704K) NonClass: 153824K(154560K)->153824K(154560K) Class: 21506K(22144K)->21506K(22144K)
[2025-06-07T06:09:59.300+0000][28351.349s][info ][gc          ] GC(177) Pause Young (Normal) (G1 Evacuation Pause) 481M->169M(538M) 5.805ms
[2025-06-07T06:09:59.300+0000][28351.349s][info ][gc,cpu      ] GC(177) User=0.01s Sys=0.01s Real=0.01s
[2025-06-07T06:09:59.300+0000][28351.349s][info ][safepoint   ] Safepoint "G1CollectForAllocation", Time since last: 97503497960 ns, Reaching safepoint: 1406084 ns, Cleanup: 20500 ns, At safepoint: 6157958 ns, Total: 7584542 ns
[2025-06-07T06:10:29.879+0000][28381.928s][debug][safepoint   ] Safepoint synchronization initiated using futex wait barrier. (161 threads)
[2025-06-07T06:10:29.881+0000][28381.930s][info ][safepoint   ] Safepoint "Cleanup", Time since last: 30579036472 ns, Reaching safepoint: 1280042 ns, Cleanup: 35541 ns, At safepoint: 6250 ns, Total: 1321833 ns
[2025-06-07T06:10:34.886+0000][28386.935s][debug][safepoint   ] Safepoint synchronization initiated using futex wait barrier. (159 threads)
[2025-06-07T06:10:34.887+0000][28386.936s][info ][safepoint   ] Safepoint "Cleanup", Time since last: 5005379919 ns, Reaching safepoint: 1199375 ns, Cleanup: 23959 ns, At safepoint: 7375 ns, Total: 1230709 ns
[2025-06-07T06:11:31.187+0000][28443.237s][debug][safepoint   ] Safepoint synchronization initiated using futex wait barrier. (162 threads)
[2025-06-07T06:11:31.189+0000][28443.238s][info ][safepoint   ] Safepoint "Cleanup", Time since last: 56300062776 ns, Reaching safepoint: 1156333 ns, Cleanup: 85833 ns, At safepoint: 27375 ns, Total: 1269541 ns
[2025-06-07T06:11:52.224+0000][28464.273s][debug][safepoint   ] Safepoint synchronization initiated using futex wait barrier. (162 threads)
[2025-06-07T06:11:52.225+0000][28464.274s][info ][safepoint   ] Safepoint "Cleanup", Time since last: 21035013719 ns, Reaching safepoint: 1218041 ns, Cleanup: 25584 ns, At safepoint: 7875 ns, Total: 1251500 ns
[2025-06-07T06:12:41.140+0000][28513.191s][debug][safepoint   ] Safepoint synchronization initiated using futex wait barrier. (162 threads)
[2025-06-07T06:12:41.140+0000][28513.191s][info ][safepoint   ] Safepoint "Cleanup", Time since last: 48916636647 ns, Reaching safepoint: 360750 ns, Cleanup: 32666 ns, At safepoint: 5500 ns, Total: 398916 ns
[2025-06-07T06:14:38.981+0000][28631.030s][debug][safepoint   ] Safepoint synchronization initiated using futex wait barrier. (160 threads)
[2025-06-07T06:14:38.981+0000][28631.030s][info ][gc,start    ] GC(178) Pause Young (Normal) (G1 Evacuation Pause)
[2025-06-07T06:14:38.981+0000][28631.030s][info ][gc,task     ] GC(178) Using 2 workers of 2 for evacuation
[2025-06-07T06:14:38.986+0000][28631.035s][info ][gc,phases   ] GC(178)   Pre Evacuate Collection Set: 0.2ms
[2025-06-07T06:14:38.986+0000][28631.035s][info ][gc,phases   ] GC(178)   Merge Heap Roots: 0.1ms
[2025-06-07T06:14:38.986+0000][28631.035s][info ][gc,phases   ] GC(178)   Evacuate Collection Set: 2.2ms
[2025-06-07T06:14:38.986+0000][28631.035s][info ][gc,phases   ] GC(178)   Post Evacuate Collection Set: 1.5ms
[2025-06-07T06:14:38.986+0000][28631.035s][info ][gc,phases   ] GC(178)   Other: 0.3ms
[2025-06-07T06:14:38.986+0000][28631.035s][info ][gc,heap     ] GC(178) Eden regions: 312->0(311)
[2025-06-07T06:14:38.986+0000][28631.035s][info ][gc,heap     ] GC(178) Survivor regions: 1->1(40)
[2025-06-07T06:14:38.986+0000][28631.035s][info ][gc,heap     ] GC(178) Old regions: 168->168
[2025-06-07T06:14:38.986+0000][28631.035s][info ][gc,heap     ] GC(178) Archive regions: 2->2
[2025-06-07T06:14:38.986+0000][28631.035s][info ][gc,heap     ] GC(178) Humongous regions: 0->0
[2025-06-07T06:14:38.986+0000][28631.035s][info ][gc,metaspace] GC(178) Metaspace: 175345K(176704K)->175345K(176704K) NonClass: 153838K(154560K)->153838K(154560K) Class: 21506K(22144K)->21506K(22144K)
[2025-06-07T06:14:38.986+0000][28631.035s][info ][gc          ] GC(178) Pause Young (Normal) (G1 Evacuation Pause) 481M->169M(538M) 4.912ms
[2025-06-07T06:14:38.986+0000][28631.035s][info ][gc,cpu      ] GC(178) User=0.00s Sys=0.00s Real=0.00s
[2025-06-07T06:14:38.986+0000][28631.035s][info ][safepoint   ] Safepoint "G1CollectForAllocation", Time since last: 117838945887 ns, Reaching safepoint: 339584 ns, Cleanup: 6791 ns, At safepoint: 5071042 ns, Total: 5417417 ns
[2025-06-07T06:17:49.692+0000][28821.709s][debug][safepoint   ] Safepoint synchronization initiated using futex wait barrier. (163 threads)
[2025-06-07T06:17:49.695+0000][28821.712s][info ][safepoint   ] Safepoint "Cleanup", Time since last: 190673956212 ns, Reaching safepoint: 2557166 ns, Cleanup: 66334 ns, At safepoint: 13583 ns, Total: 2637083 ns
[2025-06-07T06:19:19.642+0000][28911.658s][debug][safepoint   ] Safepoint synchronization initiated using futex wait barrier. (162 threads)
[2025-06-07T06:19:19.645+0000][28911.661s][info ][gc,start    ] GC(179) Pause Young (Normal) (G1 Evacuation Pause)
[2025-06-07T06:19:19.645+0000][28911.661s][info ][gc,task     ] GC(179) Using 2 workers of 2 for evacuation
[2025-06-07T06:19:19.652+0000][28911.667s][info ][gc,phases   ] GC(179)   Pre Evacuate Collection Set: 0.3ms
[2025-06-07T06:19:19.652+0000][28911.668s][info ][gc,phases   ] GC(179)   Merge Heap Roots: 0.2ms
[2025-06-07T06:19:19.652+0000][28911.668s][info ][gc,phases   ] GC(179)   Evacuate Collection Set: 2.8ms
[2025-06-07T06:19:19.652+0000][28911.668s][info ][gc,phases   ] GC(179)   Post Evacuate Collection Set: 2.9ms
[2025-06-07T06:19:19.653+0000][28911.668s][info ][gc,phases   ] GC(179)   Other: 0.7ms
[2025-06-07T06:19:19.653+0000][28911.669s][info ][gc,heap     ] GC(179) Eden regions: 311->0(310)
[2025-06-07T06:19:19.653+0000][28911.669s][info ][gc,heap     ] GC(179) Survivor regions: 1->2(39)
[2025-06-07T06:19:19.653+0000][28911.669s][info ][gc,heap     ] GC(179) Old regions: 168->168
[2025-06-07T06:19:19.653+0000][28911.669s][info ][gc,heap     ] GC(179) Archive regions: 2->2
[2025-06-07T06:19:19.654+0000][28911.670s][info ][gc,heap     ] GC(179) Humongous regions: 0->0
[2025-06-07T06:19:19.654+0000][28911.670s][info ][gc,metaspace] GC(179) Metaspace: 175346K(176704K)->175346K(176704K) NonClass: 153839K(154560K)->153839K(154560K) Class: 21506K(22144K)->21506K(22144K)
[2025-06-07T06:19:19.654+0000][28911.670s][info ][gc          ] GC(179) Pause Young (Normal) (G1 Evacuation Pause) 480M->169M(538M) 9.203ms
[2025-06-07T06:19:19.654+0000][28911.670s][info ][gc,cpu      ] GC(179) User=0.01s Sys=0.00s Real=0.01s
[2025-06-07T06:19:19.655+0000][28911.671s][info ][safepoint   ] Safepoint "G1CollectForAllocation", Time since last: 89946000709 ns, Reaching safepoint: 2432083 ns, Cleanup: 21875 ns, At safepoint: 10450292 ns, Total: 12904250 ns
[2025-06-07T06:24:00.199+0000][29192.213s][debug][safepoint   ] Safepoint synchronization initiated using futex wait barrier. (158 threads)
[2025-06-07T06:24:00.203+0000][29192.217s][info ][gc,start    ] GC(180) Pause Young (Normal) (G1 Evacuation Pause)
[2025-06-07T06:24:00.203+0000][29192.217s][info ][gc,task     ] GC(180) Using 2 workers of 2 for evacuation
[2025-06-07T06:24:00.209+0000][29192.224s][info ][gc,phases   ] GC(180)   Pre Evacuate Collection Set: 0.3ms
[2025-06-07T06:24:00.210+0000][29192.224s][info ][gc,phases   ] GC(180)   Merge Heap Roots: 0.2ms
[2025-06-07T06:24:00.210+0000][29192.224s][info ][gc,phases   ] GC(180)   Evacuate Collection Set: 2.8ms
[2025-06-07T06:24:00.210+0000][29192.224s][info ][gc,phases   ] GC(180)   Post Evacuate Collection Set: 2.8ms
[2025-06-07T06:24:00.210+0000][29192.225s][info ][gc,phases   ] GC(180)   Other: 0.8ms
[2025-06-07T06:24:00.210+0000][29192.225s][info ][gc,heap     ] GC(180) Eden regions: 310->0(312)
[2025-06-07T06:24:00.210+0000][29192.225s][info ][gc,heap     ] GC(180) Survivor regions: 2->1(39)
[2025-06-07T06:24:00.210+0000][29192.225s][info ][gc,heap     ] GC(180) Old regions: 168->168
[2025-06-07T06:24:00.211+0000][29192.225s][info ][gc,heap     ] GC(180) Archive regions: 2->2
[2025-06-07T06:24:00.211+0000][29192.225s][info ][gc,heap     ] GC(180) Humongous regions: 0->0
[2025-06-07T06:24:00.211+0000][29192.225s][info ][gc,metaspace] GC(180) Metaspace: 175346K(176704K)->175346K(176704K) NonClass: 153839K(154560K)->153839K(154560K) Class: 21506K(22144K)->21506K(22144K)
[2025-06-07T06:24:00.211+0000][29192.225s][info ][gc          ] GC(180) Pause Young (Normal) (G1 Evacuation Pause) 479M->169M(538M) 8.301ms
[2025-06-07T06:24:00.211+0000][29192.226s][info ][gc,cpu      ] GC(180) User=0.01s Sys=0.00s Real=0.01s
[2025-06-07T06:24:00.211+0000][29192.226s][info ][safepoint   ] Safepoint "G1CollectForAllocation", Time since last: 280542478961 ns, Reaching safepoint: 3578750 ns, Cleanup: 25125 ns, At safepoint: 8688750 ns, Total: 12292625 ns
[2025-06-07T06:24:01.212+0000][29193.227s][debug][safepoint   ] Safepoint synchronization initiated using futex wait barrier. (158 threads)
[2025-06-07T06:24:01.213+0000][29193.228s][info ][safepoint   ] Safepoint "Cleanup", Time since last: 1000925709 ns, Reaching safepoint: 1020417 ns, Cleanup: 71166 ns, At safepoint: 11542 ns, Total: 1103125 ns
[2025-06-07T06:28:42.151+0000][29474.164s][debug][safepoint   ] Safepoint synchronization initiated using futex wait barrier. (158 threads)
[2025-06-07T06:28:42.154+0000][29474.167s][info ][gc,start    ] GC(181) Pause Young (Normal) (G1 Evacuation Pause)
[2025-06-07T06:28:42.155+0000][29474.167s][info ][gc,task     ] GC(181) Using 2 workers of 2 for evacuation
[2025-06-07T06:28:42.161+0000][29474.174s][info ][gc,phases   ] GC(181)   Pre Evacuate Collection Set: 0.4ms
[2025-06-07T06:28:42.162+0000][29474.174s][info ][gc,phases   ] GC(181)   Merge Heap Roots: 0.2ms
[2025-06-07T06:28:42.162+0000][29474.175s][info ][gc,phases   ] GC(181)   Evacuate Collection Set: 2.8ms
[2025-06-07T06:28:42.162+0000][29474.175s][info ][gc,phases   ] GC(181)   Post Evacuate Collection Set: 2.9ms
[2025-06-07T06:28:42.162+0000][29474.175s][info ][gc,phases   ] GC(181)   Other: 1.0ms
[2025-06-07T06:28:42.162+0000][29474.175s][info ][gc,heap     ] GC(181) Eden regions: 312->0(312)
[2025-06-07T06:28:42.162+0000][29474.175s][info ][gc,heap     ] GC(181) Survivor regions: 1->1(40)
[2025-06-07T06:28:42.162+0000][29474.175s][info ][gc,heap     ] GC(181) Old regions: 168->168
[2025-06-07T06:28:42.162+0000][29474.175s][info ][gc,heap     ] GC(181) Archive regions: 2->2
[2025-06-07T06:28:42.163+0000][29474.175s][info ][gc,heap     ] GC(181) Humongous regions: 0->0
[2025-06-07T06:28:42.163+0000][29474.176s][info ][gc,metaspace] GC(181) Metaspace: 175346K(176704K)->175346K(176704K) NonClass: 153839K(154560K)->153839K(154560K) Class: 21506K(22144K)->21506K(22144K)
[2025-06-07T06:28:42.163+0000][29474.176s][info ][gc          ] GC(181) Pause Young (Normal) (G1 Evacuation Pause) 481M->169M(538M) 8.567ms
[2025-06-07T06:28:42.163+0000][29474.176s][info ][gc,cpu      ] GC(181) User=0.01s Sys=0.01s Real=0.01s
[2025-06-07T06:28:42.163+0000][29474.176s][info ][safepoint   ] Safepoint "G1CollectForAllocation", Time since last: 280936111670 ns, Reaching safepoint: 3082208 ns, Cleanup: 24792 ns, At safepoint: 8978875 ns, Total: 12085875 ns
[2025-06-07T06:28:43.164+0000][29475.177s][debug][safepoint   ] Safepoint synchronization initiated using futex wait barrier. (158 threads)
[2025-06-07T06:28:43.165+0000][29475.178s][info ][safepoint   ] Safepoint "Cleanup", Time since last: 1000792834 ns, Reaching safepoint: 1037375 ns, Cleanup: 102042 ns, At safepoint: 66541 ns, Total: 1205958 ns
[2025-06-07T06:33:24.036+0000][29756.048s][debug][safepoint   ] Safepoint synchronization initiated using futex wait barrier. (159 threads)
[2025-06-07T06:33:24.037+0000][29756.049s][info ][gc,start    ] GC(182) Pause Young (Normal) (G1 Evacuation Pause)
[2025-06-07T06:33:24.037+0000][29756.049s][info ][gc,task     ] GC(182) Using 2 workers of 2 for evacuation
[2025-06-07T06:33:24.045+0000][29756.057s][info ][gc,phases   ] GC(182)   Pre Evacuate Collection Set: 0.5ms
[2025-06-07T06:33:24.046+0000][29756.058s][info ][gc,phases   ] GC(182)   Merge Heap Roots: 0.2ms
[2025-06-07T06:33:24.046+0000][29756.058s][info ][gc,phases   ] GC(182)   Evacuate Collection Set: 3.7ms
[2025-06-07T06:33:24.046+0000][29756.058s][info ][gc,phases   ] GC(182)   Post Evacuate Collection Set: 3.1ms
[2025-06-07T06:33:24.046+0000][29756.058s][info ][gc,phases   ] GC(182)   Other: 0.8ms
[2025-06-07T06:33:24.046+0000][29756.058s][info ][gc,heap     ] GC(182) Eden regions: 312->0(312)
[2025-06-07T06:33:24.046+0000][29756.058s][info ][gc,heap     ] GC(182) Survivor regions: 1->1(40)
[2025-06-07T06:33:24.046+0000][29756.058s][info ][gc,heap     ] GC(182) Old regions: 168->168
[2025-06-07T06:33:24.047+0000][29756.058s][info ][gc,heap     ] GC(182) Archive regions: 2->2
[2025-06-07T06:33:24.047+0000][29756.059s][info ][gc,heap     ] GC(182) Humongous regions: 0->0
[2025-06-07T06:33:24.047+0000][29756.059s][info ][gc,metaspace] GC(182) Metaspace: 175346K(176704K)->175346K(176704K) NonClass: 153839K(154560K)->153839K(154560K) Class: 21506K(22144K)->21506K(22144K)
[2025-06-07T06:33:24.047+0000][29756.059s][info ][gc          ] GC(182) Pause Young (Normal) (G1 Evacuation Pause) 481M->169M(538M) 9.876ms
[2025-06-07T06:33:24.047+0000][29756.059s][info ][gc,cpu      ] GC(182) User=0.02s Sys=0.00s Real=0.01s
[2025-06-07T06:33:24.047+0000][29756.059s][info ][safepoint   ] Safepoint "G1CollectForAllocation", Time since last: 280869705794 ns, Reaching safepoint: 1170334 ns, Cleanup: 22208 ns, At safepoint: 10385750 ns, Total: 11578292 ns
[2025-06-07T06:38:06.300+0000][30038.319s][debug][safepoint   ] Safepoint synchronization initiated using futex wait barrier. (159 threads)
[2025-06-07T06:38:06.302+0000][30038.321s][info ][gc,start    ] GC(183) Pause Young (Normal) (G1 Evacuation Pause)
[2025-06-07T06:38:06.302+0000][30038.321s][info ][gc,task     ] GC(183) Using 2 workers of 2 for evacuation
[2025-06-07T06:38:06.310+0000][30038.329s][info ][gc,phases   ] GC(183)   Pre Evacuate Collection Set: 0.6ms
[2025-06-07T06:38:06.310+0000][30038.329s][info ][gc,phases   ] GC(183)   Merge Heap Roots: 0.3ms
[2025-06-07T06:38:06.310+0000][30038.329s][info ][gc,phases   ] GC(183)   Evacuate Collection Set: 5.7ms
[2025-06-07T06:38:06.311+0000][30038.330s][info ][gc,phases   ] GC(183)   Post Evacuate Collection Set: 1.2ms
[2025-06-07T06:38:06.311+0000][30038.330s][info ][gc,phases   ] GC(183)   Other: 1.0ms
[2025-06-07T06:38:06.311+0000][30038.330s][info ][gc,heap     ] GC(183) Eden regions: 312->0(312)
[2025-06-07T06:38:06.311+0000][30038.330s][info ][gc,heap     ] GC(183) Survivor regions: 1->1(40)
[2025-06-07T06:38:06.311+0000][30038.330s][info ][gc,heap     ] GC(183) Old regions: 168->168
[2025-06-07T06:38:06.311+0000][30038.330s][info ][gc,heap     ] GC(183) Archive regions: 2->2
[2025-06-07T06:38:06.311+0000][30038.330s][info ][gc,heap     ] GC(183) Humongous regions: 0->0
[2025-06-07T06:38:06.311+0000][30038.330s][info ][gc,metaspace] GC(183) Metaspace: 175347K(176704K)->175347K(176704K) NonClass: 153840K(154560K)->153840K(154560K) Class: 21506K(22144K)->21506K(22144K)
[2025-06-07T06:38:06.311+0000][30038.330s][info ][gc          ] GC(183) Pause Young (Normal) (G1 Evacuation Pause) 481M->169M(538M) 9.470ms
[2025-06-07T06:38:06.311+0000][30038.330s][info ][gc,cpu      ] GC(183) User=0.01s Sys=0.00s Real=0.01s
[2025-06-07T06:38:06.311+0000][30038.330s][info ][safepoint   ] Safepoint "G1CollectForAllocation", Time since last: 282259377379 ns, Reaching safepoint: 1906041 ns, Cleanup: 12292 ns, At safepoint: 9785542 ns, Total: 11703875 ns
[2025-06-07T06:40:09.725+0000][30161.744s][debug][safepoint   ] Safepoint synchronization initiated using futex wait barrier. (162 threads)
[2025-06-07T06:40:09.729+0000][30161.747s][info ][safepoint   ] Safepoint "Cleanup", Time since last: 123413348014 ns, Reaching safepoint: 3358667 ns, Cleanup: 63541 ns, At safepoint: 7084 ns, Total: 3429292 ns
[2025-06-07T06:42:26.030+0000][30298.048s][debug][safepoint   ] Safepoint synchronization initiated using futex wait barrier. (162 threads)
[2025-06-07T06:42:26.032+0000][30298.050s][info ][safepoint   ] Safepoint "Cleanup", Time since last: 136300549979 ns, Reaching safepoint: 2392459 ns, Cleanup: 34541 ns, At safepoint: 12000 ns, Total: 2439000 ns
[2025-06-07T06:42:47.546+0000][30319.564s][debug][safepoint   ] Safepoint synchronization initiated using futex wait barrier. (160 threads)
[2025-06-07T06:42:47.547+0000][30319.565s][info ][gc,start    ] GC(184) Pause Young (Normal) (G1 Evacuation Pause)
[2025-06-07T06:42:47.547+0000][30319.565s][info ][gc,task     ] GC(184) Using 2 workers of 2 for evacuation
[2025-06-07T06:42:47.555+0000][30319.573s][info ][gc,phases   ] GC(184)   Pre Evacuate Collection Set: 0.5ms
[2025-06-07T06:42:47.556+0000][30319.574s][info ][gc,phases   ] GC(184)   Merge Heap Roots: 0.2ms
[2025-06-07T06:42:47.556+0000][30319.574s][info ][gc,phases   ] GC(184)   Evacuate Collection Set: 3.5ms
[2025-06-07T06:42:47.556+0000][30319.574s][info ][gc,phases   ] GC(184)   Post Evacuate Collection Set: 3.5ms
[2025-06-07T06:42:47.556+0000][30319.574s][info ][gc,phases   ] GC(184)   Other: 0.6ms
[2025-06-07T06:42:47.556+0000][30319.574s][info ][gc,heap     ] GC(184) Eden regions: 312->0(311)
[2025-06-07T06:42:47.556+0000][30319.574s][info ][gc,heap     ] GC(184) Survivor regions: 1->1(40)
[2025-06-07T06:42:47.557+0000][30319.574s][info ][gc,heap     ] GC(184) Old regions: 168->168
[2025-06-07T06:42:47.557+0000][30319.575s][info ][gc,heap     ] GC(184) Archive regions: 2->2
[2025-06-07T06:42:47.557+0000][30319.575s][info ][gc,heap     ] GC(184) Humongous regions: 0->0
[2025-06-07T06:42:47.557+0000][30319.575s][info ][gc,metaspace] GC(184) Metaspace: 175354K(176704K)->175354K(176704K) NonClass: 153847K(154560K)->153847K(154560K) Class: 21506K(22144K)->21506K(22144K)
[2025-06-07T06:42:47.557+0000][30319.575s][info ][gc          ] GC(184) Pause Young (Normal) (G1 Evacuation Pause) 481M->169M(538M) 9.993ms
[2025-06-07T06:42:47.557+0000][30319.575s][info ][gc,cpu      ] GC(184) User=0.01s Sys=0.00s Real=0.01s
[2025-06-07T06:42:47.558+0000][30319.575s][info ][safepoint   ] Safepoint "G1CollectForAllocation", Time since last: 21513751844 ns, Reaching safepoint: 1114792 ns, Cleanup: 18916 ns, At safepoint: 10436584 ns, Total: 11570292 ns
[2025-06-07T06:47:33.800+0000][30605.816s][debug][safepoint   ] Safepoint synchronization initiated using futex wait barrier. (160 threads)
[2025-06-07T06:47:33.801+0000][30605.817s][info ][gc,start    ] GC(185) Pause Young (Normal) (G1 Evacuation Pause)
[2025-06-07T06:47:33.801+0000][30605.818s][info ][gc,task     ] GC(185) Using 2 workers of 2 for evacuation
[2025-06-07T06:47:33.810+0000][30605.827s][info ][gc,phases   ] GC(185)   Pre Evacuate Collection Set: 0.5ms
[2025-06-07T06:47:33.810+0000][30605.827s][info ][gc,phases   ] GC(185)   Merge Heap Roots: 0.2ms
[2025-06-07T06:47:33.811+0000][30605.827s][info ][gc,phases   ] GC(185)   Evacuate Collection Set: 4.5ms
[2025-06-07T06:47:33.811+0000][30605.827s][info ][gc,phases   ] GC(185)   Post Evacuate Collection Set: 3.0ms
[2025-06-07T06:47:33.811+0000][30605.827s][info ][gc,phases   ] GC(185)   Other: 1.2ms
[2025-06-07T06:47:33.811+0000][30605.828s][info ][gc,heap     ] GC(185) Eden regions: 311->0(311)
[2025-06-07T06:47:33.811+0000][30605.828s][info ][gc,heap     ] GC(185) Survivor regions: 1->1(39)
[2025-06-07T06:47:33.811+0000][30605.828s][info ][gc,heap     ] GC(185) Old regions: 168->168
[2025-06-07T06:47:33.811+0000][30605.828s][info ][gc,heap     ] GC(185) Archive regions: 2->2
[2025-06-07T06:47:33.811+0000][30605.828s][info ][gc,heap     ] GC(185) Humongous regions: 0->0
[2025-06-07T06:47:33.812+0000][30605.828s][info ][gc,metaspace] GC(185) Metaspace: 175365K(176704K)->175365K(176704K) NonClass: 153858K(154560K)->153858K(154560K) Class: 21506K(22144K)->21506K(22144K)
[2025-06-07T06:47:33.812+0000][30605.828s][info ][gc          ] GC(185) Pause Young (Normal) (G1 Evacuation Pause) 480M->169M(538M) 10.944ms
[2025-06-07T06:47:33.812+0000][30605.828s][info ][gc,cpu      ] GC(185) User=0.01s Sys=0.00s Real=0.02s
[2025-06-07T06:47:33.813+0000][30605.829s][info ][safepoint   ] Safepoint "G1CollectForAllocation", Time since last: 286240782130 ns, Reaching safepoint: 1010792 ns, Cleanup: 24083 ns, At safepoint: 12066834 ns, Total: 13101709 ns
[2025-06-07T06:52:19.863+0000][30891.878s][debug][safepoint   ] Safepoint synchronization initiated using futex wait barrier. (160 threads)
[2025-06-07T06:52:19.865+0000][30891.880s][info ][gc,start    ] GC(186) Pause Young (Normal) (G1 Evacuation Pause)
[2025-06-07T06:52:19.865+0000][30891.880s][info ][gc,task     ] GC(186) Using 2 workers of 2 for evacuation
[2025-06-07T06:52:19.872+0000][30891.887s][info ][gc,phases   ] GC(186)   Pre Evacuate Collection Set: 0.6ms
[2025-06-07T06:52:19.872+0000][30891.888s][info ][gc,phases   ] GC(186)   Merge Heap Roots: 0.4ms
[2025-06-07T06:52:19.873+0000][30891.888s][info ][gc,phases   ] GC(186)   Evacuate Collection Set: 2.3ms
[2025-06-07T06:52:19.873+0000][30891.888s][info ][gc,phases   ] GC(186)   Post Evacuate Collection Set: 3.3ms
[2025-06-07T06:52:19.873+0000][30891.888s][info ][gc,phases   ] GC(186)   Other: 0.8ms
[2025-06-07T06:52:19.873+0000][30891.888s][info ][gc,heap     ] GC(186) Eden regions: 311->0(312)
[2025-06-07T06:52:19.873+0000][30891.888s][info ][gc,heap     ] GC(186) Survivor regions: 1->1(39)
[2025-06-07T06:52:19.873+0000][30891.888s][info ][gc,heap     ] GC(186) Old regions: 168->168
[2025-06-07T06:52:19.873+0000][30891.889s][info ][gc,heap     ] GC(186) Archive regions: 2->2
[2025-06-07T06:52:19.873+0000][30891.889s][info ][gc,heap     ] GC(186) Humongous regions: 0->0
[2025-06-07T06:52:19.874+0000][30891.889s][info ][gc,metaspace] GC(186) Metaspace: 175365K(176704K)->175365K(176704K) NonClass: 153858K(154560K)->153858K(154560K) Class: 21506K(22144K)->21506K(22144K)
[2025-06-07T06:52:19.874+0000][30891.889s][info ][gc          ] GC(186) Pause Young (Normal) (G1 Evacuation Pause) 480M->169M(538M) 9.101ms
[2025-06-07T06:52:19.874+0000][30891.889s][info ][gc,cpu      ] GC(186) User=0.01s Sys=0.00s Real=0.01s
[2025-06-07T06:52:19.874+0000][30891.889s][info ][safepoint   ] Safepoint "G1CollectForAllocation", Time since last: 286048811087 ns, Reaching safepoint: 1725542 ns, Cleanup: 24667 ns, At safepoint: 9579833 ns, Total: 11330042 ns
[2025-06-07T06:52:26.890+0000][30898.904s][debug][safepoint   ] Safepoint synchronization initiated using futex wait barrier. (161 threads)
[2025-06-07T06:52:26.890+0000][30898.905s][info ][safepoint   ] Safepoint "Cleanup", Time since last: 7015087836 ns, Reaching safepoint: 467958 ns, Cleanup: 24459 ns, At safepoint: 8125 ns, Total: 500542 ns
[2025-06-07T06:52:58.970+0000][30930.985s][debug][safepoint   ] Safepoint synchronization initiated using futex wait barrier. (161 threads)
[2025-06-07T06:52:58.973+0000][30930.987s][info ][safepoint   ] Safepoint "Cleanup", Time since last: 32080216556 ns, Reaching safepoint: 2128041 ns, Cleanup: 86084 ns, At safepoint: 15583 ns, Total: 2229708 ns
[2025-06-07T06:53:21.032+0000][30953.047s][debug][safepoint   ] Safepoint synchronization initiated using futex wait barrier. (161 threads)
[2025-06-07T06:53:21.034+0000][30953.049s][info ][safepoint   ] Safepoint "Cleanup", Time since last: 22059692427 ns, Reaching safepoint: 2032000 ns, Cleanup: 95083 ns, At safepoint: 11334 ns, Total: 2138417 ns
[2025-06-07T06:57:07.212+0000][31179.256s][debug][safepoint   ] Safepoint synchronization initiated using futex wait barrier. (161 threads)
[2025-06-07T06:57:07.212+0000][31179.257s][info ][gc,start    ] GC(187) Pause Young (Normal) (G1 Evacuation Pause)
[2025-06-07T06:57:07.212+0000][31179.257s][info ][gc,task     ] GC(187) Using 2 workers of 2 for evacuation
[2025-06-07T06:57:07.217+0000][31179.262s][info ][gc,phases   ] GC(187)   Pre Evacuate Collection Set: 0.2ms
[2025-06-07T06:57:07.217+0000][31179.262s][info ][gc,phases   ] GC(187)   Merge Heap Roots: 0.1ms
[2025-06-07T06:57:07.218+0000][31179.262s][info ][gc,phases   ] GC(187)   Evacuate Collection Set: 1.9ms
[2025-06-07T06:57:07.218+0000][31179.262s][info ][gc,phases   ] GC(187)   Post Evacuate Collection Set: 2.3ms
[2025-06-07T06:57:07.218+0000][31179.263s][info ][gc,phases   ] GC(187)   Other: 0.5ms
[2025-06-07T06:57:07.218+0000][31179.263s][info ][gc,heap     ] GC(187) Eden regions: 312->0(312)
[2025-06-07T06:57:07.218+0000][31179.263s][info ][gc,heap     ] GC(187) Survivor regions: 1->1(40)
[2025-06-07T06:57:07.218+0000][31179.263s][info ][gc,heap     ] GC(187) Old regions: 168->168
[2025-06-07T06:57:07.218+0000][31179.263s][info ][gc,heap     ] GC(187) Archive regions: 2->2
[2025-06-07T06:57:07.219+0000][31179.263s][info ][gc,heap     ] GC(187) Humongous regions: 0->0
[2025-06-07T06:57:07.219+0000][31179.263s][info ][gc,metaspace] GC(187) Metaspace: 175377K(176704K)->175377K(176704K) NonClass: 153870K(154560K)->153870K(154560K) Class: 21506K(22144K)->21506K(22144K)
[2025-06-07T06:57:07.219+0000][31179.264s][info ][gc          ] GC(187) Pause Young (Normal) (G1 Evacuation Pause) 481M->169M(538M) 6.638ms
[2025-06-07T06:57:07.219+0000][31179.264s][info ][gc,cpu      ] GC(187) User=0.01s Sys=0.00s Real=0.01s
[2025-06-07T06:57:07.219+0000][31179.264s][info ][safepoint   ] Safepoint "G1CollectForAllocation", Time since last: 226206995270 ns, Reaching safepoint: 597791 ns, Cleanup: 10375 ns, At safepoint: 6992167 ns, Total: 7600333 ns
[2025-06-07T06:58:25.853+0000][31257.898s][debug][safepoint   ] Safepoint synchronization initiated using futex wait barrier. (161 threads)
[2025-06-07T06:58:25.856+0000][31257.901s][info ][safepoint   ] Safepoint "Cleanup", Time since last: 78634232286 ns, Reaching safepoint: 2541000 ns, Cleanup: 81166 ns, At safepoint: 10834 ns, Total: 2633000 ns
[2025-06-07T07:01:50.765+0000][31462.811s][debug][safepoint   ] Safepoint synchronization initiated using futex wait barrier. (161 threads)
[2025-06-07T07:01:50.768+0000][31462.814s][info ][gc,start    ] GC(188) Pause Young (Normal) (G1 Evacuation Pause)
[2025-06-07T07:01:50.768+0000][31462.814s][info ][gc,task     ] GC(188) Using 2 workers of 2 for evacuation
[2025-06-07T07:01:50.773+0000][31462.819s][info ][gc,phases   ] GC(188)   Pre Evacuate Collection Set: 0.3ms
[2025-06-07T07:01:50.773+0000][31462.819s][info ][gc,phases   ] GC(188)   Merge Heap Roots: 0.1ms
[2025-06-07T07:01:50.773+0000][31462.819s][info ][gc,phases   ] GC(188)   Evacuate Collection Set: 1.7ms
[2025-06-07T07:01:50.773+0000][31462.819s][info ][gc,phases   ] GC(188)   Post Evacuate Collection Set: 2.3ms
[2025-06-07T07:01:50.773+0000][31462.820s][info ][gc,phases   ] GC(188)   Other: 0.8ms
[2025-06-07T07:01:50.773+0000][31462.820s][info ][gc,heap     ] GC(188) Eden regions: 312->0(312)
[2025-06-07T07:01:50.773+0000][31462.820s][info ][gc,heap     ] GC(188) Survivor regions: 1->1(40)
[2025-06-07T07:01:50.774+0000][31462.820s][info ][gc,heap     ] GC(188) Old regions: 168->168
[2025-06-07T07:01:50.774+0000][31462.820s][info ][gc,heap     ] GC(188) Archive regions: 2->2
[2025-06-07T07:01:50.774+0000][31462.820s][info ][gc,heap     ] GC(188) Humongous regions: 0->0
[2025-06-07T07:01:50.774+0000][31462.820s][info ][gc,metaspace] GC(188) Metaspace: 175379K(176704K)->175379K(176704K) NonClass: 153872K(154560K)->153872K(154560K) Class: 21506K(22144K)->21506K(22144K)
[2025-06-07T07:01:50.774+0000][31462.820s][info ][gc          ] GC(188) Pause Young (Normal) (G1 Evacuation Pause) 481M->169M(538M) 6.427ms
[2025-06-07T07:01:50.774+0000][31462.820s][info ][gc,cpu      ] GC(188) User=0.00s Sys=0.00s Real=0.01s
[2025-06-07T07:01:50.774+0000][31462.821s][info ][safepoint   ] Safepoint "G1CollectForAllocation", Time since last: 204910742928 ns, Reaching safepoint: 2221083 ns, Cleanup: 24208 ns, At safepoint: 6925125 ns, Total: 9170416 ns
[2025-06-07T07:06:38.415+0000][31750.462s][debug][safepoint   ] Safepoint synchronization initiated using futex wait barrier. (161 threads)
[2025-06-07T07:06:38.415+0000][31750.463s][info ][gc,start    ] GC(189) Pause Young (Normal) (G1 Evacuation Pause)
[2025-06-07T07:06:38.416+0000][31750.463s][info ][gc,task     ] GC(189) Using 2 workers of 2 for evacuation
[2025-06-07T07:06:38.419+0000][31750.466s][info ][gc,phases   ] GC(189)   Pre Evacuate Collection Set: 0.3ms
[2025-06-07T07:06:38.419+0000][31750.467s][info ][gc,phases   ] GC(189)   Merge Heap Roots: 0.1ms
[2025-06-07T07:06:38.419+0000][31750.467s][info ][gc,phases   ] GC(189)   Evacuate Collection Set: 1.7ms
[2025-06-07T07:06:38.420+0000][31750.467s][info ][gc,phases   ] GC(189)   Post Evacuate Collection Set: 1.3ms
[2025-06-07T07:06:38.420+0000][31750.467s][info ][gc,phases   ] GC(189)   Other: 0.4ms
[2025-06-07T07:06:38.420+0000][31750.467s][info ][gc,heap     ] GC(189) Eden regions: 312->0(312)
[2025-06-07T07:06:38.420+0000][31750.467s][info ][gc,heap     ] GC(189) Survivor regions: 1->1(40)
[2025-06-07T07:06:38.420+0000][31750.467s][info ][gc,heap     ] GC(189) Old regions: 168->168
[2025-06-07T07:06:38.420+0000][31750.467s][info ][gc,heap     ] GC(189) Archive regions: 2->2
[2025-06-07T07:06:38.420+0000][31750.467s][info ][gc,heap     ] GC(189) Humongous regions: 0->0
[2025-06-07T07:06:38.420+0000][31750.467s][info ][gc,metaspace] GC(189) Metaspace: 175379K(176704K)->175379K(176704K) NonClass: 153872K(154560K)->153872K(154560K) Class: 21506K(22144K)->21506K(22144K)
[2025-06-07T07:06:38.420+0000][31750.467s][info ][gc          ] GC(189) Pause Young (Normal) (G1 Evacuation Pause) 481M->169M(538M) 4.385ms
[2025-06-07T07:06:38.420+0000][31750.467s][info ][gc,cpu      ] GC(189) User=0.00s Sys=0.00s Real=0.00s
[2025-06-07T07:06:38.420+0000][31750.467s][info ][safepoint   ] Safepoint "G1CollectForAllocation", Time since last: 287641481090 ns, Reaching safepoint: 565958 ns, Cleanup: 7875 ns, At safepoint: 4589750 ns, Total: 5163583 ns
[2025-06-07T07:09:25.748+0000][31917.796s][debug][safepoint   ] Safepoint synchronization initiated using futex wait barrier. (161 threads)
[2025-06-07T07:09:25.749+0000][31917.797s][info ][safepoint   ] Safepoint "Cleanup", Time since last: 167328493618 ns, Reaching safepoint: 1133375 ns, Cleanup: 55750 ns, At safepoint: 8000 ns, Total: 1197125 ns
[2025-06-07T07:11:23.904+0000][32035.952s][debug][safepoint   ] Safepoint synchronization initiated using futex wait barrier. (162 threads)
[2025-06-07T07:11:23.905+0000][32035.953s][info ][gc,start    ] GC(190) Pause Young (Normal) (G1 Evacuation Pause)
[2025-06-07T07:11:23.906+0000][32035.953s][info ][gc,task     ] GC(190) Using 2 workers of 2 for evacuation
[2025-06-07T07:11:23.913+0000][32035.961s][info ][gc,phases   ] GC(190)   Pre Evacuate Collection Set: 0.5ms
[2025-06-07T07:11:23.914+0000][32035.961s][info ][gc,phases   ] GC(190)   Merge Heap Roots: 0.2ms
[2025-06-07T07:11:23.914+0000][32035.961s][info ][gc,phases   ] GC(190)   Evacuate Collection Set: 3.3ms
[2025-06-07T07:11:23.914+0000][32035.962s][info ][gc,phases   ] GC(190)   Post Evacuate Collection Set: 3.2ms
[2025-06-07T07:11:23.914+0000][32035.962s][info ][gc,phases   ] GC(190)   Other: 0.8ms
[2025-06-07T07:11:23.914+0000][32035.962s][info ][gc,heap     ] GC(190) Eden regions: 312->0(311)
[2025-06-07T07:11:23.914+0000][32035.962s][info ][gc,heap     ] GC(190) Survivor regions: 1->1(40)
[2025-06-07T07:11:23.914+0000][32035.962s][info ][gc,heap     ] GC(190) Old regions: 168->168
[2025-06-07T07:11:23.915+0000][32035.962s][info ][gc,heap     ] GC(190) Archive regions: 2->2
[2025-06-07T07:11:23.915+0000][32035.962s][info ][gc,heap     ] GC(190) Humongous regions: 0->0
[2025-06-07T07:11:23.915+0000][32035.962s][info ][gc,metaspace] GC(190) Metaspace: 175379K(176704K)->175379K(176704K) NonClass: 153872K(154560K)->153872K(154560K) Class: 21506K(22144K)->21506K(22144K)
[2025-06-07T07:11:23.915+0000][32035.963s][info ][gc          ] GC(190) Pause Young (Normal) (G1 Evacuation Pause) 481M->169M(538M) 9.519ms
[2025-06-07T07:11:23.915+0000][32035.963s][info ][gc,cpu      ] GC(190) User=0.01s Sys=0.00s Real=0.01s
[2025-06-07T07:11:23.915+0000][32035.963s][info ][safepoint   ] Safepoint "G1CollectForAllocation", Time since last: 118154574387 ns, Reaching safepoint: 1298500 ns, Cleanup: 18625 ns, At safepoint: 9987500 ns, Total: 11304625 ns
[2025-06-07T07:16:09.361+0000][32321.422s][debug][safepoint   ] Safepoint synchronization initiated using futex wait barrier. (160 threads)
[2025-06-07T07:16:09.362+0000][32321.423s][info ][gc,start    ] GC(191) Pause Young (Normal) (G1 Evacuation Pause)
[2025-06-07T07:16:09.363+0000][32321.424s][info ][gc,task     ] GC(191) Using 2 workers of 2 for evacuation
[2025-06-07T07:16:09.371+0000][32321.432s][info ][gc,phases   ] GC(191)   Pre Evacuate Collection Set: 0.6ms
[2025-06-07T07:16:09.371+0000][32321.432s][info ][gc,phases   ] GC(191)   Merge Heap Roots: 0.2ms
[2025-06-07T07:16:09.371+0000][32321.433s][info ][gc,phases   ] GC(191)   Evacuate Collection Set: 3.5ms
[2025-06-07T07:16:09.371+0000][32321.433s][info ][gc,phases   ] GC(191)   Post Evacuate Collection Set: 3.3ms
[2025-06-07T07:16:09.372+0000][32321.433s][info ][gc,phases   ] GC(191)   Other: 1.2ms
[2025-06-07T07:16:09.372+0000][32321.433s][info ][gc,heap     ] GC(191) Eden regions: 311->0(311)
[2025-06-07T07:16:09.372+0000][32321.433s][info ][gc,heap     ] GC(191) Survivor regions: 1->1(39)
[2025-06-07T07:16:09.372+0000][32321.433s][info ][gc,heap     ] GC(191) Old regions: 168->168
[2025-06-07T07:16:09.372+0000][32321.433s][info ][gc,heap     ] GC(191) Archive regions: 2->2
[2025-06-07T07:16:09.372+0000][32321.433s][info ][gc,heap     ] GC(191) Humongous regions: 0->0
[2025-06-07T07:16:09.372+0000][32321.433s][info ][gc,metaspace] GC(191) Metaspace: 175386K(176704K)->175386K(176704K) NonClass: 153879K(154560K)->153879K(154560K) Class: 21506K(22144K)->21506K(22144K)
[2025-06-07T07:16:09.372+0000][32321.434s][info ][gc          ] GC(191) Pause Young (Normal) (G1 Evacuation Pause) 480M->169M(538M) 10.235ms
[2025-06-07T07:16:09.373+0000][32321.434s][info ][gc,cpu      ] GC(191) User=0.01s Sys=0.00s Real=0.01s
[2025-06-07T07:16:09.373+0000][32321.434s][info ][safepoint   ] Safepoint "G1CollectForAllocation", Time since last: 285458912757 ns, Reaching safepoint: 1430792 ns, Cleanup: 70292 ns, At safepoint: 10999666 ns, Total: 12500750 ns
[2025-06-07T07:17:49.414+0000][32421.475s][debug][safepoint   ] Safepoint synchronization initiated using futex wait barrier. (163 threads)
[2025-06-07T07:17:49.416+0000][32421.477s][info ][safepoint   ] Safepoint "Cleanup", Time since last: 100041139089 ns, Reaching safepoint: 1971375 ns, Cleanup: 45625 ns, At safepoint: 12791 ns, Total: 2029791 ns
[2025-06-07T07:20:54.864+0000][32606.926s][debug][safepoint   ] Safepoint synchronization initiated using futex wait barrier. (161 threads)
[2025-06-07T07:20:54.865+0000][32606.928s][info ][gc,start    ] GC(192) Pause Young (Normal) (G1 Evacuation Pause)
[2025-06-07T07:20:54.865+0000][32606.928s][info ][gc,task     ] GC(192) Using 2 workers of 2 for evacuation
[2025-06-07T07:20:54.873+0000][32606.935s][info ][gc,phases   ] GC(192)   Pre Evacuate Collection Set: 0.5ms
[2025-06-07T07:20:54.873+0000][32606.936s][info ][gc,phases   ] GC(192)   Merge Heap Roots: 0.2ms
[2025-06-07T07:20:54.873+0000][32606.936s][info ][gc,phases   ] GC(192)   Evacuate Collection Set: 3.3ms
[2025-06-07T07:20:54.873+0000][32606.936s][info ][gc,phases   ] GC(192)   Post Evacuate Collection Set: 3.2ms
[2025-06-07T07:20:54.873+0000][32606.936s][info ][gc,phases   ] GC(192)   Other: 0.7ms
[2025-06-07T07:20:54.874+0000][32606.936s][info ][gc,heap     ] GC(192) Eden regions: 311->0(312)
[2025-06-07T07:20:54.874+0000][32606.936s][info ][gc,heap     ] GC(192) Survivor regions: 1->1(39)
[2025-06-07T07:20:54.874+0000][32606.936s][info ][gc,heap     ] GC(192) Old regions: 168->168
[2025-06-07T07:20:54.874+0000][32606.937s][info ][gc,heap     ] GC(192) Archive regions: 2->2
[2025-06-07T07:20:54.874+0000][32606.937s][info ][gc,heap     ] GC(192) Humongous regions: 0->0
[2025-06-07T07:20:54.874+0000][32606.937s][info ][gc,metaspace] GC(192) Metaspace: 175386K(176704K)->175386K(176704K) NonClass: 153879K(154560K)->153879K(154560K) Class: 21506K(22144K)->21506K(22144K)
[2025-06-07T07:20:54.874+0000][32606.937s][info ][gc          ] GC(192) Pause Young (Normal) (G1 Evacuation Pause) 480M->169M(538M) 9.346ms
[2025-06-07T07:20:54.874+0000][32606.937s][info ][gc,cpu      ] GC(192) User=0.01s Sys=0.00s Real=0.01s
[2025-06-07T07:20:54.875+0000][32606.937s][info ][safepoint   ] Safepoint "G1CollectForAllocation", Time since last: 185448841667 ns, Reaching safepoint: 1167625 ns, Cleanup: 19792 ns, At safepoint: 9797250 ns, Total: 10984667 ns
[2025-06-07T07:25:41.065+0000][32893.129s][debug][safepoint   ] Safepoint synchronization initiated using futex wait barrier. (160 threads)
[2025-06-07T07:25:41.066+0000][32893.130s][info ][gc,start    ] GC(193) Pause Young (Normal) (G1 Evacuation Pause)
[2025-06-07T07:25:41.066+0000][32893.130s][info ][gc,task     ] GC(193) Using 2 workers of 2 for evacuation
[2025-06-07T07:25:41.071+0000][32893.135s][info ][gc,phases   ] GC(193)   Pre Evacuate Collection Set: 0.8ms
[2025-06-07T07:25:41.071+0000][32893.135s][info ][gc,phases   ] GC(193)   Merge Heap Roots: 0.2ms
[2025-06-07T07:25:41.071+0000][32893.135s][info ][gc,phases   ] GC(193)   Evacuate Collection Set: 2.4ms
[2025-06-07T07:25:41.071+0000][32893.135s][info ][gc,phases   ] GC(193)   Post Evacuate Collection Set: 1.4ms
[2025-06-07T07:25:41.071+0000][32893.135s][info ][gc,phases   ] GC(193)   Other: 0.5ms
[2025-06-07T07:25:41.071+0000][32893.135s][info ][gc,heap     ] GC(193) Eden regions: 312->0(312)
[2025-06-07T07:25:41.071+0000][32893.135s][info ][gc,heap     ] GC(193) Survivor regions: 1->1(40)
[2025-06-07T07:25:41.071+0000][32893.135s][info ][gc,heap     ] GC(193) Old regions: 168->168
[2025-06-07T07:25:41.071+0000][32893.135s][info ][gc,heap     ] GC(193) Archive regions: 2->2
[2025-06-07T07:25:41.071+0000][32893.136s][info ][gc,heap     ] GC(193) Humongous regions: 0->0
[2025-06-07T07:25:41.071+0000][32893.136s][info ][gc,metaspace] GC(193) Metaspace: 175386K(176704K)->175386K(176704K) NonClass: 153879K(154560K)->153879K(154560K) Class: 21506K(22144K)->21506K(22144K)
[2025-06-07T07:25:41.072+0000][32893.136s][info ][gc          ] GC(193) Pause Young (Normal) (G1 Evacuation Pause) 481M->169M(538M) 5.991ms
[2025-06-07T07:25:41.072+0000][32893.136s][info ][gc,cpu      ] GC(193) User=0.00s Sys=0.00s Real=0.00s
[2025-06-07T07:25:41.072+0000][32893.136s][info ][safepoint   ] Safepoint "G1CollectForAllocation", Time since last: 286191819048 ns, Reaching safepoint: 534542 ns, Cleanup: 9542 ns, At safepoint: 6243541 ns, Total: 6787625 ns
[2025-06-08T05:14:18.429+0000][33022.825s][debug][safepoint   ] Safepoint synchronization initiated using futex wait barrier. (159 threads)
[2025-06-08T05:14:18.431+0000][33022.827s][info ][safepoint   ] Safepoint "Cleanup", Time since last: 129689237268 ns, Reaching safepoint: 1186208 ns, Cleanup: 192083 ns, At safepoint: 13417 ns, Total: 1391708 ns
[2025-06-08T05:17:21.285+0000][33205.669s][debug][safepoint   ] Safepoint synchronization initiated using futex wait barrier. (159 threads)
[2025-06-08T05:17:21.285+0000][33205.669s][info ][gc,start    ] GC(194) Pause Young (Normal) (G1 Evacuation Pause)
[2025-06-08T05:17:21.285+0000][33205.670s][info ][gc,task     ] GC(194) Using 2 workers of 2 for evacuation
[2025-06-08T05:17:21.299+0000][33205.683s][info ][gc,phases   ] GC(194)   Pre Evacuate Collection Set: 1.7ms
[2025-06-08T05:17:21.300+0000][33205.684s][info ][gc,phases   ] GC(194)   Merge Heap Roots: 0.3ms
[2025-06-08T05:17:21.300+0000][33205.684s][info ][gc,phases   ] GC(194)   Evacuate Collection Set: 5.8ms
[2025-06-08T05:17:21.300+0000][33205.684s][info ][gc,phases   ] GC(194)   Post Evacuate Collection Set: 5.5ms
[2025-06-08T05:17:21.300+0000][33205.684s][info ][gc,phases   ] GC(194)   Other: 0.8ms
[2025-06-08T05:17:21.300+0000][33205.684s][info ][gc,heap     ] GC(194) Eden regions: 312->0(312)
[2025-06-08T05:17:21.300+0000][33205.684s][info ][gc,heap     ] GC(194) Survivor regions: 1->1(40)
[2025-06-08T05:17:21.300+0000][33205.684s][info ][gc,heap     ] GC(194) Old regions: 168->168
[2025-06-08T05:17:21.300+0000][33205.684s][info ][gc,heap     ] GC(194) Archive regions: 2->2
[2025-06-08T05:17:21.300+0000][33205.684s][info ][gc,heap     ] GC(194) Humongous regions: 0->0
[2025-06-08T05:17:21.300+0000][33205.684s][info ][gc,metaspace] GC(194) Metaspace: 175386K(176704K)->175386K(176704K) NonClass: 153879K(154560K)->153879K(154560K) Class: 21506K(22144K)->21506K(22144K)
[2025-06-08T05:17:21.300+0000][33205.684s][info ][gc          ] GC(194) Pause Young (Normal) (G1 Evacuation Pause) 481M->169M(538M) 14.843ms
[2025-06-08T05:17:21.300+0000][33205.684s][info ][gc,cpu      ] GC(194) User=0.02s Sys=0.00s Real=0.01s
[2025-06-08T05:17:21.300+0000][33205.684s][info ][safepoint   ] Safepoint "G1CollectForAllocation", Time since last: 182842226584 ns, Reaching safepoint: 524958 ns, Cleanup: 7250 ns, At safepoint: 15132667 ns, Total: 15664875 ns
[2025-06-08T05:17:26.309+0000][33210.693s][debug][safepoint   ] Safepoint synchronization initiated using futex wait barrier. (159 threads)
[2025-06-08T05:17:26.310+0000][33210.694s][info ][safepoint   ] Safepoint "Cleanup", Time since last: 5009078377 ns, Reaching safepoint: 793458 ns, Cleanup: 97167 ns, At safepoint: 11333 ns, Total: 901958 ns
[2025-06-08T05:19:27.441+0000][33331.826s][debug][safepoint   ] Safepoint synchronization initiated using futex wait barrier. (159 threads)
[2025-06-08T05:19:27.443+0000][33331.827s][info ][safepoint   ] Safepoint "Cleanup", Time since last: 121131875889 ns, Reaching safepoint: 934708 ns, Cleanup: 111584 ns, At safepoint: 10541 ns, Total: 1056833 ns
[2025-06-08T05:22:02.814+0000][33487.199s][debug][safepoint   ] Safepoint synchronization initiated using futex wait barrier. (159 threads)
[2025-06-08T05:22:02.814+0000][33487.199s][info ][gc,start    ] GC(195) Pause Young (Normal) (G1 Evacuation Pause)
[2025-06-08T05:22:02.814+0000][33487.199s][info ][gc,task     ] GC(195) Using 2 workers of 2 for evacuation
[2025-06-08T05:22:02.817+0000][33487.202s][info ][gc,phases   ] GC(195)   Pre Evacuate Collection Set: 0.1ms
[2025-06-08T05:22:02.817+0000][33487.202s][info ][gc,phases   ] GC(195)   Merge Heap Roots: 0.1ms
[2025-06-08T05:22:02.817+0000][33487.202s][info ][gc,phases   ] GC(195)   Evacuate Collection Set: 1.1ms
[2025-06-08T05:22:02.817+0000][33487.202s][info ][gc,phases   ] GC(195)   Post Evacuate Collection Set: 1.3ms
[2025-06-08T05:22:02.817+0000][33487.202s][info ][gc,phases   ] GC(195)   Other: 0.2ms
[2025-06-08T05:22:02.817+0000][33487.202s][info ][gc,heap     ] GC(195) Eden regions: 312->0(312)
[2025-06-08T05:22:02.817+0000][33487.202s][info ][gc,heap     ] GC(195) Survivor regions: 1->1(40)
[2025-06-08T05:22:02.817+0000][33487.202s][info ][gc,heap     ] GC(195) Old regions: 168->168
[2025-06-08T05:22:02.817+0000][33487.202s][info ][gc,heap     ] GC(195) Archive regions: 2->2
[2025-06-08T05:22:02.817+0000][33487.202s][info ][gc,heap     ] GC(195) Humongous regions: 0->0
[2025-06-08T05:22:02.817+0000][33487.202s][info ][gc,metaspace] GC(195) Metaspace: 175386K(176704K)->175386K(176704K) NonClass: 153879K(154560K)->153879K(154560K) Class: 21506K(22144K)->21506K(22144K)
[2025-06-08T05:22:02.818+0000][33487.202s][info ][gc          ] GC(195) Pause Young (Normal) (G1 Evacuation Pause) 481M->169M(538M) 3.526ms
[2025-06-08T05:22:02.818+0000][33487.202s][info ][gc,cpu      ] GC(195) User=0.00s Sys=0.00s Real=0.00s
[2025-06-08T05:22:02.818+0000][33487.203s][info ][safepoint   ] Safepoint "G1CollectForAllocation", Time since last: 155371328613 ns, Reaching safepoint: 142833 ns, Cleanup: 5959 ns, At safepoint: 3746541 ns, Total: 3895333 ns
[2025-06-08T05:22:30.884+0000][33515.268s][debug][safepoint   ] Safepoint synchronization initiated using futex wait barrier. (160 threads)
[2025-06-08T05:22:30.885+0000][33515.269s][info ][safepoint   ] Safepoint "Cleanup", Time since last: 28065265263 ns, Reaching safepoint: 1576542 ns, Cleanup: 111125 ns, At safepoint: 12250 ns, Total: 1699917 ns
[2025-06-08T05:22:44.901+0000][33529.286s][debug][safepoint   ] Safepoint synchronization initiated using futex wait barrier. (160 threads)
[2025-06-08T05:22:44.902+0000][33529.287s][info ][safepoint   ] Safepoint "Cleanup", Time since last: 14016007506 ns, Reaching safepoint: 955708 ns, Cleanup: 77834 ns, At safepoint: 15500 ns, Total: 1049042 ns
[2025-06-08T05:26:42.430+0000][33766.814s][debug][safepoint   ] Safepoint synchronization initiated using futex wait barrier. (160 threads)
[2025-06-08T05:26:42.430+0000][33766.815s][info ][gc,start    ] GC(196) Pause Young (Normal) (G1 Evacuation Pause)
[2025-06-08T05:26:42.431+0000][33766.815s][info ][gc,task     ] GC(196) Using 2 workers of 2 for evacuation
[2025-06-08T05:26:42.439+0000][33766.823s][info ][gc,phases   ] GC(196)   Pre Evacuate Collection Set: 0.7ms
[2025-06-08T05:26:42.439+0000][33766.823s][info ][gc,phases   ] GC(196)   Merge Heap Roots: 0.3ms
[2025-06-08T05:26:42.439+0000][33766.824s][info ][gc,phases   ] GC(196)   Evacuate Collection Set: 3.5ms
[2025-06-08T05:26:42.439+0000][33766.824s][info ][gc,phases   ] GC(196)   Post Evacuate Collection Set: 3.2ms
[2025-06-08T05:26:42.439+0000][33766.824s][info ][gc,phases   ] GC(196)   Other: 0.6ms
[2025-06-08T05:26:42.440+0000][33766.824s][info ][gc,heap     ] GC(196) Eden regions: 312->0(312)
[2025-06-08T05:26:42.440+0000][33766.824s][info ][gc,heap     ] GC(196) Survivor regions: 1->1(40)
[2025-06-08T05:26:42.440+0000][33766.824s][info ][gc,heap     ] GC(196) Old regions: 168->168
[2025-06-08T05:26:42.440+0000][33766.824s][info ][gc,heap     ] GC(196) Archive regions: 2->2
[2025-06-08T05:26:42.440+0000][33766.825s][info ][gc,heap     ] GC(196) Humongous regions: 0->0
[2025-06-08T05:26:42.440+0000][33766.825s][info ][gc,metaspace] GC(196) Metaspace: 175386K(176704K)->175386K(176704K) NonClass: 153879K(154560K)->153879K(154560K) Class: 21506K(22144K)->21506K(22144K)
[2025-06-08T05:26:42.440+0000][33766.825s][info ][gc          ] GC(196) Pause Young (Normal) (G1 Evacuation Pause) 481M->169M(538M) 9.924ms
[2025-06-08T05:26:42.440+0000][33766.825s][info ][gc,cpu      ] GC(196) User=0.01s Sys=0.00s Real=0.01s
[2025-06-08T05:26:42.441+0000][33766.825s][info ][safepoint   ] Safepoint "G1CollectForAllocation", Time since last: 237527568525 ns, Reaching safepoint: 696500 ns, Cleanup: 22375 ns, At safepoint: 10407709 ns, Total: 11126584 ns
[2025-06-08T05:27:45.070+0000][33829.454s][debug][safepoint   ] Safepoint synchronization initiated using futex wait barrier. (162 threads)
[2025-06-08T05:27:45.070+0000][33829.454s][info ][safepoint   ] Safepoint "Cleanup", Time since last: 62628610862 ns, Reaching safepoint: 442958 ns, Cleanup: 25667 ns, At safepoint: 6583 ns, Total: 475208 ns
[2025-06-08T05:31:21.512+0000][34045.896s][debug][safepoint   ] Safepoint synchronization initiated using futex wait barrier. (159 threads)
[2025-06-08T05:31:21.513+0000][34045.897s][info ][gc,start    ] GC(197) Pause Young (Normal) (G1 Evacuation Pause)
[2025-06-08T05:31:21.513+0000][34045.897s][info ][gc,task     ] GC(197) Using 2 workers of 2 for evacuation
[2025-06-08T05:31:21.521+0000][34045.906s][info ][gc,phases   ] GC(197)   Pre Evacuate Collection Set: 0.7ms
[2025-06-08T05:31:21.522+0000][34045.906s][info ][gc,phases   ] GC(197)   Merge Heap Roots: 0.3ms
[2025-06-08T05:31:21.522+0000][34045.906s][info ][gc,phases   ] GC(197)   Evacuate Collection Set: 3.7ms
[2025-06-08T05:31:21.522+0000][34045.906s][info ][gc,phases   ] GC(197)   Post Evacuate Collection Set: 3.2ms
[2025-06-08T05:31:21.522+0000][34045.906s][info ][gc,phases   ] GC(197)   Other: 0.7ms
[2025-06-08T05:31:21.522+0000][34045.906s][info ][gc,heap     ] GC(197) Eden regions: 312->0(311)
[2025-06-08T05:31:21.522+0000][34045.907s][info ][gc,heap     ] GC(197) Survivor regions: 1->1(40)
[2025-06-08T05:31:21.522+0000][34045.907s][info ][gc,heap     ] GC(197) Old regions: 168->168
[2025-06-08T05:31:21.523+0000][34045.907s][info ][gc,heap     ] GC(197) Archive regions: 2->2
[2025-06-08T05:31:21.523+0000][34045.907s][info ][gc,heap     ] GC(197) Humongous regions: 0->0
[2025-06-08T05:31:21.523+0000][34045.907s][info ][gc,metaspace] GC(197) Metaspace: 175386K(176704K)->175386K(176704K) NonClass: 153879K(154560K)->153879K(154560K) Class: 21506K(22144K)->21506K(22144K)
[2025-06-08T05:31:21.523+0000][34045.907s][info ][gc          ] GC(197) Pause Young (Normal) (G1 Evacuation Pause) 481M->169M(538M) 10.018ms
[2025-06-08T05:31:21.523+0000][34045.907s][info ][gc,cpu      ] GC(197) User=0.02s Sys=0.00s Real=0.01s
[2025-06-08T05:31:21.523+0000][34045.908s][info ][safepoint   ] Safepoint "G1CollectForAllocation", Time since last: 216441566473 ns, Reaching safepoint: 1129834 ns, Cleanup: 23083 ns, At safepoint: 10593542 ns, Total: 11746459 ns
[2025-06-08T05:36:02.631+0000][34327.016s][debug][safepoint   ] Safepoint synchronization initiated using futex wait barrier. (159 threads)
[2025-06-08T05:36:02.632+0000][34327.016s][info ][gc,start    ] GC(198) Pause Young (Normal) (G1 Evacuation Pause)
[2025-06-08T05:36:02.632+0000][34327.017s][info ][gc,task     ] GC(198) Using 2 workers of 2 for evacuation
[2025-06-08T05:36:02.639+0000][34327.023s][info ][gc,phases   ] GC(198)   Pre Evacuate Collection Set: 0.7ms
[2025-06-08T05:36:02.639+0000][34327.024s][info ][gc,phases   ] GC(198)   Merge Heap Roots: 0.2ms
[2025-06-08T05:36:02.639+0000][34327.024s][info ][gc,phases   ] GC(198)   Evacuate Collection Set: 3.1ms
[2025-06-08T05:36:02.639+0000][34327.024s][info ][gc,phases   ] GC(198)   Post Evacuate Collection Set: 2.5ms
[2025-06-08T05:36:02.639+0000][34327.024s][info ][gc,phases   ] GC(198)   Other: 0.6ms
[2025-06-08T05:36:02.639+0000][34327.024s][info ][gc,heap     ] GC(198) Eden regions: 311->0(311)
[2025-06-08T05:36:02.639+0000][34327.024s][info ][gc,heap     ] GC(198) Survivor regions: 1->1(39)
[2025-06-08T05:36:02.639+0000][34327.024s][info ][gc,heap     ] GC(198) Old regions: 168->168
[2025-06-08T05:36:02.639+0000][34327.024s][info ][gc,heap     ] GC(198) Archive regions: 2->2
[2025-06-08T05:36:02.639+0000][34327.024s][info ][gc,heap     ] GC(198) Humongous regions: 0->0
[2025-06-08T05:36:02.639+0000][34327.024s][info ][gc,metaspace] GC(198) Metaspace: 175386K(176704K)->175386K(176704K) NonClass: 153879K(154560K)->153879K(154560K) Class: 21506K(22144K)->21506K(22144K)
[2025-06-08T05:36:02.640+0000][34327.024s][info ][gc          ] GC(198) Pause Young (Normal) (G1 Evacuation Pause) 480M->169M(538M) 7.741ms
[2025-06-08T05:36:02.640+0000][34327.024s][info ][gc,cpu      ] GC(198) User=0.01s Sys=0.00s Real=0.01s
[2025-06-08T05:36:02.640+0000][34327.024s][info ][safepoint   ] Safepoint "G1CollectForAllocation", Time since last: 281107859379 ns, Reaching safepoint: 673083 ns, Cleanup: 19458 ns, At safepoint: 8188709 ns, Total: 8881250 ns
[2025-06-08T05:40:48.541+0000][34612.926s][debug][safepoint   ] Safepoint synchronization initiated using futex wait barrier. (160 threads)
[2025-06-08T05:40:48.542+0000][34612.927s][info ][gc,start    ] GC(199) Pause Young (Normal) (G1 Evacuation Pause)
[2025-06-08T05:40:48.542+0000][34612.927s][info ][gc,task     ] GC(199) Using 2 workers of 2 for evacuation
[2025-06-08T05:40:48.553+0000][34612.938s][info ][gc,phases   ] GC(199)   Pre Evacuate Collection Set: 0.6ms
[2025-06-08T05:40:48.553+0000][34612.938s][info ][gc,phases   ] GC(199)   Merge Heap Roots: 0.3ms
[2025-06-08T05:40:48.554+0000][34612.938s][info ][gc,phases   ] GC(199)   Evacuate Collection Set: 4.7ms
[2025-06-08T05:40:48.554+0000][34612.939s][info ][gc,phases   ] GC(199)   Post Evacuate Collection Set: 2.8ms
[2025-06-08T05:40:48.554+0000][34612.939s][info ][gc,phases   ] GC(199)   Other: 2.6ms
[2025-06-08T05:40:48.554+0000][34612.939s][info ][gc,heap     ] GC(199) Eden regions: 311->0(312)
[2025-06-08T05:40:48.554+0000][34612.939s][info ][gc,heap     ] GC(199) Survivor regions: 1->1(39)
[2025-06-08T05:40:48.554+0000][34612.939s][info ][gc,heap     ] GC(199) Old regions: 168->168
[2025-06-08T05:40:48.554+0000][34612.939s][info ][gc,heap     ] GC(199) Archive regions: 2->2
[2025-06-08T05:40:48.554+0000][34612.939s][info ][gc,heap     ] GC(199) Humongous regions: 0->0
[2025-06-08T05:40:48.555+0000][34612.939s][info ][gc,metaspace] GC(199) Metaspace: 175387K(176704K)->175387K(176704K) NonClass: 153880K(154560K)->153880K(154560K) Class: 21506K(22144K)->21506K(22144K)
[2025-06-08T05:40:48.555+0000][34612.940s][info ][gc          ] GC(199) Pause Young (Normal) (G1 Evacuation Pause) 480M->169M(538M) 12.557ms
[2025-06-08T05:40:48.555+0000][34612.940s][info ][gc,cpu      ] GC(199) User=0.02s Sys=0.00s Real=0.02s
[2025-06-08T05:40:48.555+0000][34612.940s][info ][safepoint   ] Safepoint "G1CollectForAllocation", Time since last: 285901619837 ns, Reaching safepoint: 867917 ns, Cleanup: 21875 ns, At safepoint: 13108083 ns, Total: 13997875 ns
[2025-06-08T05:45:29.295+0000][34893.680s][debug][safepoint   ] Safepoint synchronization initiated using futex wait barrier. (158 threads)
[2025-06-08T05:45:29.296+0000][34893.681s][info ][gc,start    ] GC(200) Pause Young (Normal) (G1 Evacuation Pause)
[2025-06-08T05:45:29.296+0000][34893.681s][info ][gc,task     ] GC(200) Using 2 workers of 2 for evacuation
[2025-06-08T05:45:29.303+0000][34893.687s][info ][gc,phases   ] GC(200)   Pre Evacuate Collection Set: 1.1ms
[2025-06-08T05:45:29.303+0000][34893.688s][info ][gc,phases   ] GC(200)   Merge Heap Roots: 0.2ms
[2025-06-08T05:45:29.303+0000][34893.688s][info ][gc,phases   ] GC(200)   Evacuate Collection Set: 2.1ms
[2025-06-08T05:45:29.303+0000][34893.688s][info ][gc,phases   ] GC(200)   Post Evacuate Collection Set: 2.8ms
[2025-06-08T05:45:29.303+0000][34893.688s][info ][gc,phases   ] GC(200)   Other: 0.7ms
[2025-06-08T05:45:29.303+0000][34893.688s][info ][gc,heap     ] GC(200) Eden regions: 312->0(312)
[2025-06-08T05:45:29.304+0000][34893.688s][info ][gc,heap     ] GC(200) Survivor regions: 1->1(40)
[2025-06-08T05:45:29.304+0000][34893.689s][info ][gc,heap     ] GC(200) Old regions: 168->168
[2025-06-08T05:45:29.304+0000][34893.689s][info ][gc,heap     ] GC(200) Archive regions: 2->2
[2025-06-08T05:45:29.304+0000][34893.689s][info ][gc,heap     ] GC(200) Humongous regions: 0->0
[2025-06-08T05:45:29.304+0000][34893.689s][info ][gc,metaspace] GC(200) Metaspace: 175387K(176704K)->175387K(176704K) NonClass: 153880K(154560K)->153880K(154560K) Class: 21506K(22144K)->21506K(22144K)
[2025-06-08T05:45:29.304+0000][34893.689s][info ][gc          ] GC(200) Pause Young (Normal) (G1 Evacuation Pause) 481M->169M(538M) 8.409ms
[2025-06-08T05:45:29.304+0000][34893.689s][info ][gc,cpu      ] GC(200) User=0.01s Sys=0.00s Real=0.01s
[2025-06-08T05:45:29.305+0000][34893.689s][info ][safepoint   ] Safepoint "G1CollectForAllocation", Time since last: 280739789919 ns, Reaching safepoint: 669459 ns, Cleanup: 19041 ns, At safepoint: 8975917 ns, Total: 9664417 ns
[2025-06-08T05:49:57.869+0000][35162.254s][debug][safepoint   ] Safepoint synchronization initiated using futex wait barrier. (159 threads)
[2025-06-08T05:49:57.870+0000][35162.255s][info ][safepoint   ] Safepoint "Cleanup", Time since last: 268564079622 ns, Reaching safepoint: 945166 ns, Cleanup: 59667 ns, At safepoint: 11542 ns, Total: 1016375 ns
[2025-06-08T05:50:12.562+0000][35176.947s][debug][safepoint   ] Safepoint synchronization initiated using futex wait barrier. (159 threads)
[2025-06-08T05:50:12.564+0000][35176.949s][info ][gc,start    ] GC(201) Pause Young (Normal) (G1 Evacuation Pause)
[2025-06-08T05:50:12.564+0000][35176.949s][info ][gc,task     ] GC(201) Using 2 workers of 2 for evacuation
[2025-06-08T05:50:12.571+0000][35176.956s][info ][gc,phases   ] GC(201)   Pre Evacuate Collection Set: 0.7ms
[2025-06-08T05:50:12.571+0000][35176.956s][info ][gc,phases   ] GC(201)   Merge Heap Roots: 0.5ms
[2025-06-08T05:50:12.571+0000][35176.956s][info ][gc,phases   ] GC(201)   Evacuate Collection Set: 3.0ms
[2025-06-08T05:50:12.571+0000][35176.956s][info ][gc,phases   ] GC(201)   Post Evacuate Collection Set: 2.1ms
[2025-06-08T05:50:12.571+0000][35176.956s][info ][gc,phases   ] GC(201)   Other: 0.8ms
[2025-06-08T05:50:12.572+0000][35176.956s][info ][gc,heap     ] GC(201) Eden regions: 312->0(312)
[2025-06-08T05:50:12.572+0000][35176.956s][info ][gc,heap     ] GC(201) Survivor regions: 1->1(40)
[2025-06-08T05:50:12.572+0000][35176.957s][info ][gc,heap     ] GC(201) Old regions: 168->168
[2025-06-08T05:50:12.572+0000][35176.957s][info ][gc,heap     ] GC(201) Archive regions: 2->2
[2025-06-08T05:50:12.572+0000][35176.957s][info ][gc,heap     ] GC(201) Humongous regions: 0->0
[2025-06-08T05:50:12.572+0000][35176.957s][info ][gc,metaspace] GC(201) Metaspace: 175388K(176704K)->175388K(176704K) NonClass: 153881K(154560K)->153881K(154560K) Class: 21506K(22144K)->21506K(22144K)
[2025-06-08T05:50:12.572+0000][35176.957s][info ][gc          ] GC(201) Pause Young (Normal) (G1 Evacuation Pause) 481M->169M(538M) 7.859ms
[2025-06-08T05:50:12.572+0000][35176.957s][info ][gc,cpu      ] GC(201) User=0.01s Sys=0.00s Real=0.00s
[2025-06-08T05:50:12.572+0000][35176.957s][info ][safepoint   ] Safepoint "G1CollectForAllocation", Time since last: 14692744881 ns, Reaching safepoint: 1408750 ns, Cleanup: 20958 ns, At safepoint: 8473042 ns, Total: 9902750 ns
[2025-06-08T05:54:50.306+0000][35454.691s][debug][safepoint   ] Safepoint synchronization initiated using futex wait barrier. (161 threads)
[2025-06-08T05:54:50.307+0000][35454.692s][info ][safepoint   ] Safepoint "Cleanup", Time since last: 277734022750 ns, Reaching safepoint: 316541 ns, Cleanup: 25167 ns, At safepoint: 5875 ns, Total: 347583 ns
[2025-06-08T05:55:00.332+0000][35464.717s][debug][safepoint   ] Safepoint synchronization initiated using futex wait barrier. (162 threads)
[2025-06-08T05:55:00.333+0000][35464.718s][info ][safepoint   ] Safepoint "Cleanup", Time since last: 10025119630 ns, Reaching safepoint: 866333 ns, Cleanup: 76667 ns, At safepoint: 14333 ns, Total: 957333 ns
[2025-06-08T05:55:01.475+0000][35465.860s][debug][safepoint   ] Safepoint synchronization initiated using futex wait barrier. (162 threads)
[2025-06-08T05:55:01.475+0000][35465.860s][info ][gc,start    ] GC(202) Pause Young (Normal) (G1 Evacuation Pause)
[2025-06-08T05:55:01.476+0000][35465.860s][info ][gc,task     ] GC(202) Using 2 workers of 2 for evacuation
[2025-06-08T05:55:01.480+0000][35465.865s][info ][gc,phases   ] GC(202)   Pre Evacuate Collection Set: 0.2ms
[2025-06-08T05:55:01.480+0000][35465.865s][info ][gc,phases   ] GC(202)   Merge Heap Roots: 0.1ms
[2025-06-08T05:55:01.480+0000][35465.865s][info ][gc,phases   ] GC(202)   Evacuate Collection Set: 1.9ms
[2025-06-08T05:55:01.480+0000][35465.865s][info ][gc,phases   ] GC(202)   Post Evacuate Collection Set: 1.8ms
[2025-06-08T05:55:01.480+0000][35465.865s][info ][gc,phases   ] GC(202)   Other: 0.4ms
[2025-06-08T05:55:01.480+0000][35465.865s][info ][gc,heap     ] GC(202) Eden regions: 312->0(312)
[2025-06-08T05:55:01.480+0000][35465.865s][info ][gc,heap     ] GC(202) Survivor regions: 1->1(40)
[2025-06-08T05:55:01.480+0000][35465.865s][info ][gc,heap     ] GC(202) Old regions: 168->168
[2025-06-08T05:55:01.481+0000][35465.865s][info ][gc,heap     ] GC(202) Archive regions: 2->2
[2025-06-08T05:55:01.481+0000][35465.865s][info ][gc,heap     ] GC(202) Humongous regions: 0->0
[2025-06-08T05:55:01.481+0000][35465.865s][info ][gc,metaspace] GC(202) Metaspace: 175389K(176704K)->175389K(176704K) NonClass: 153882K(154560K)->153882K(154560K) Class: 21506K(22144K)->21506K(22144K)
[2025-06-08T05:55:01.481+0000][35465.866s][info ][gc          ] GC(202) Pause Young (Normal) (G1 Evacuation Pause) 481M->169M(538M) 5.360ms
[2025-06-08T05:55:01.481+0000][35465.866s][info ][gc,cpu      ] GC(202) User=0.01s Sys=0.00s Real=0.00s
[2025-06-08T05:55:01.481+0000][35465.866s][info ][safepoint   ] Safepoint "G1CollectForAllocation", Time since last: 1142041584 ns, Reaching safepoint: 456375 ns, Cleanup: 8083 ns, At safepoint: 5589292 ns, Total: 6053750 ns
[2025-06-08T05:59:07.337+0000][35711.722s][debug][safepoint   ] Safepoint synchronization initiated using futex wait barrier. (160 threads)
[2025-06-08T05:59:07.337+0000][35711.723s][info ][safepoint   ] Safepoint "Cleanup", Time since last: 245856394820 ns, Reaching safepoint: 396833 ns, Cleanup: 28000 ns, At safepoint: 6709 ns, Total: 431542 ns
[2025-06-08T05:59:19.359+0000][35723.744s][debug][safepoint   ] Safepoint synchronization initiated using futex wait barrier. (160 threads)
[2025-06-08T05:59:19.360+0000][35723.745s][info ][safepoint   ] Safepoint "Cleanup", Time since last: 12021722839 ns, Reaching safepoint: 1071666 ns, Cleanup: 38959 ns, At safepoint: 34041 ns, Total: 1144666 ns
[2025-06-08T05:59:46.354+0000][35750.739s][debug][safepoint   ] Safepoint synchronization initiated using futex wait barrier. (160 threads)
[2025-06-08T05:59:46.354+0000][35750.739s][info ][gc,start    ] GC(203) Pause Young (Normal) (G1 Evacuation Pause)
[2025-06-08T05:59:46.354+0000][35750.739s][info ][gc,task     ] GC(203) Using 2 workers of 2 for evacuation
[2025-06-08T05:59:46.360+0000][35750.745s][info ][gc,phases   ] GC(203)   Pre Evacuate Collection Set: 0.2ms
[2025-06-08T05:59:46.360+0000][35750.745s][info ][gc,phases   ] GC(203)   Merge Heap Roots: 0.1ms
[2025-06-08T05:59:46.360+0000][35750.745s][info ][gc,phases   ] GC(203)   Evacuate Collection Set: 3.1ms
[2025-06-08T05:59:46.360+0000][35750.745s][info ][gc,phases   ] GC(203)   Post Evacuate Collection Set: 1.6ms
[2025-06-08T05:59:46.360+0000][35750.745s][info ][gc,phases   ] GC(203)   Other: 0.4ms
[2025-06-08T05:59:46.360+0000][35750.745s][info ][gc,heap     ] GC(203) Eden regions: 312->0(310)
[2025-06-08T05:59:46.360+0000][35750.745s][info ][gc,heap     ] GC(203) Survivor regions: 1->2(40)
[2025-06-08T05:59:46.360+0000][35750.745s][info ][gc,heap     ] GC(203) Old regions: 168->168
[2025-06-08T05:59:46.360+0000][35750.745s][info ][gc,heap     ] GC(203) Archive regions: 2->2
[2025-06-08T05:59:46.360+0000][35750.745s][info ][gc,heap     ] GC(203) Humongous regions: 0->0
[2025-06-08T05:59:46.360+0000][35750.745s][info ][gc,metaspace] GC(203) Metaspace: 175389K(176704K)->175389K(176704K) NonClass: 153882K(154560K)->153882K(154560K) Class: 21506K(22144K)->21506K(22144K)
[2025-06-08T05:59:46.360+0000][35750.745s][info ][gc          ] GC(203) Pause Young (Normal) (G1 Evacuation Pause) 481M->169M(538M) 5.889ms
[2025-06-08T05:59:46.360+0000][35750.745s][info ][gc,cpu      ] GC(203) User=0.01s Sys=0.00s Real=0.00s
[2025-06-08T05:59:46.360+0000][35750.745s][info ][safepoint   ] Safepoint "G1CollectForAllocation", Time since last: 26993428305 ns, Reaching safepoint: 424291 ns, Cleanup: 8917 ns, At safepoint: 6095000 ns, Total: 6528208 ns
[2025-06-08T06:04:31.216+0000][36035.601s][debug][safepoint   ] Safepoint synchronization initiated using futex wait barrier. (163 threads)
[2025-06-08T06:04:31.217+0000][36035.602s][info ][gc,start    ] GC(204) Pause Young (Normal) (G1 Evacuation Pause)
[2025-06-08T06:04:31.217+0000][36035.602s][info ][gc,task     ] GC(204) Using 2 workers of 2 for evacuation
[2025-06-08T06:04:31.225+0000][36035.610s][info ][gc,phases   ] GC(204)   Pre Evacuate Collection Set: 0.6ms
[2025-06-08T06:04:31.225+0000][36035.610s][info ][gc,phases   ] GC(204)   Merge Heap Roots: 0.2ms
[2025-06-08T06:04:31.225+0000][36035.610s][info ][gc,phases   ] GC(204)   Evacuate Collection Set: 3.4ms
[2025-06-08T06:04:31.225+0000][36035.611s][info ][gc,phases   ] GC(204)   Post Evacuate Collection Set: 3.1ms
[2025-06-08T06:04:31.225+0000][36035.611s][info ][gc,phases   ] GC(204)   Other: 0.7ms
[2025-06-08T06:04:31.226+0000][36035.611s][info ][gc,heap     ] GC(204) Eden regions: 310->0(311)
[2025-06-08T06:04:31.226+0000][36035.611s][info ][gc,heap     ] GC(204) Survivor regions: 2->1(39)
[2025-06-08T06:04:31.226+0000][36035.611s][info ][gc,heap     ] GC(204) Old regions: 168->168
[2025-06-08T06:04:31.226+0000][36035.611s][info ][gc,heap     ] GC(204) Archive regions: 2->2
[2025-06-08T06:04:31.226+0000][36035.611s][info ][gc,heap     ] GC(204) Humongous regions: 0->0
[2025-06-08T06:04:31.226+0000][36035.611s][info ][gc,metaspace] GC(204) Metaspace: 175391K(176704K)->175391K(176704K) NonClass: 153884K(154560K)->153884K(154560K) Class: 21506K(22144K)->21506K(22144K)
[2025-06-08T06:04:31.226+0000][36035.612s][info ][gc          ] GC(204) Pause Young (Normal) (G1 Evacuation Pause) 479M->169M(538M) 9.525ms
[2025-06-08T06:04:31.227+0000][36035.612s][info ][gc,cpu      ] GC(204) User=0.01s Sys=0.00s Real=0.01s
[2025-06-08T06:04:31.227+0000][36035.612s][info ][safepoint   ] Safepoint "G1CollectForAllocation", Time since last: 284855625838 ns, Reaching safepoint: 777292 ns, Cleanup: 26042 ns, At safepoint: 10004333 ns, Total: 10807667 ns
[2025-06-08T06:09:17.676+0000][36322.061s][debug][safepoint   ] Safepoint synchronization initiated using futex wait barrier. (159 threads)
[2025-06-08T06:09:17.677+0000][36322.063s][info ][gc,start    ] GC(205) Pause Young (Normal) (G1 Evacuation Pause)
[2025-06-08T06:09:17.678+0000][36322.063s][info ][gc,task     ] GC(205) Using 2 workers of 2 for evacuation
[2025-06-08T06:09:17.685+0000][36322.070s][info ][gc,phases   ] GC(205)   Pre Evacuate Collection Set: 0.5ms
[2025-06-08T06:09:17.685+0000][36322.070s][info ][gc,phases   ] GC(205)   Merge Heap Roots: 0.2ms
[2025-06-08T06:09:17.685+0000][36322.071s][info ][gc,phases   ] GC(205)   Evacuate Collection Set: 3.1ms
[2025-06-08T06:09:17.686+0000][36322.071s][info ][gc,phases   ] GC(205)   Post Evacuate Collection Set: 3.1ms
[2025-06-08T06:09:17.686+0000][36322.071s][info ][gc,phases   ] GC(205)   Other: 0.9ms
[2025-06-08T06:09:17.686+0000][36322.071s][info ][gc,heap     ] GC(205) Eden regions: 311->0(312)
[2025-06-08T06:09:17.686+0000][36322.071s][info ][gc,heap     ] GC(205) Survivor regions: 1->1(39)
[2025-06-08T06:09:17.686+0000][36322.071s][info ][gc,heap     ] GC(205) Old regions: 168->168
[2025-06-08T06:09:17.686+0000][36322.071s][info ][gc,heap     ] GC(205) Archive regions: 2->2
[2025-06-08T06:09:17.686+0000][36322.071s][info ][gc,heap     ] GC(205) Humongous regions: 0->0
[2025-06-08T06:09:17.686+0000][36322.072s][info ][gc,metaspace] GC(205) Metaspace: 175391K(176704K)->175391K(176704K) NonClass: 153884K(154560K)->153884K(154560K) Class: 21506K(22144K)->21506K(22144K)
[2025-06-08T06:09:17.687+0000][36322.072s][info ][gc          ] GC(205) Pause Young (Normal) (G1 Evacuation Pause) 480M->169M(538M) 9.172ms
[2025-06-08T06:09:17.687+0000][36322.072s][info ][gc,cpu      ] GC(205) User=0.02s Sys=0.00s Real=0.01s
[2025-06-08T06:09:17.687+0000][36322.072s][info ][safepoint   ] Safepoint "G1CollectForAllocation", Time since last: 286449403712 ns, Reaching safepoint: 1058750 ns, Cleanup: 20792 ns, At safepoint: 9734750 ns, Total: 10814292 ns
[2025-06-08T06:10:17.827+0000][36382.212s][debug][safepoint   ] Safepoint synchronization initiated using futex wait barrier. (159 threads)
[2025-06-08T06:10:17.828+0000][36382.213s][info ][safepoint   ] Safepoint "Cleanup", Time since last: 60139945527 ns, Reaching safepoint: 1082084 ns, Cleanup: 85416 ns, At safepoint: 16292 ns, Total: 1183792 ns
[2025-06-08T06:10:18.830+0000][36383.215s][debug][safepoint   ] Safepoint synchronization initiated using futex wait barrier. (159 threads)
[2025-06-08T06:10:18.830+0000][36383.216s][info ][safepoint   ] Safepoint "Cleanup", Time since last: 1001762125 ns, Reaching safepoint: 670875 ns, Cleanup: 95292 ns, At safepoint: 10500 ns, Total: 776667 ns
[2025-06-08T06:13:19.795+0000][36564.181s][debug][safepoint   ] Safepoint synchronization initiated using futex wait barrier. (159 threads)
[2025-06-08T06:13:19.796+0000][36564.181s][info ][safepoint   ] Safepoint "Cleanup", Time since last: 180964866624 ns, Reaching safepoint: 779125 ns, Cleanup: 71916 ns, At safepoint: 12792 ns, Total: 863833 ns
[2025-06-08T06:14:04.979+0000][36609.365s][debug][safepoint   ] Safepoint synchronization initiated using futex wait barrier. (159 threads)
[2025-06-08T06:14:04.981+0000][36609.366s][info ][gc,start    ] GC(206) Pause Young (Normal) (G1 Evacuation Pause)
[2025-06-08T06:14:04.986+0000][36609.372s][info ][gc,task     ] GC(206) Using 2 workers of 2 for evacuation
[2025-06-08T06:14:04.991+0000][36609.376s][info ][gc,phases   ] GC(206)   Pre Evacuate Collection Set: 0.7ms
[2025-06-08T06:14:04.995+0000][36609.381s][info ][gc,phases   ] GC(206)   Merge Heap Roots: 0.1ms
[2025-06-08T06:14:05.000+0000][36609.386s][info ][gc,phases   ] GC(206)   Evacuate Collection Set: 2.0ms
[2025-06-08T06:14:05.000+0000][36609.386s][info ][gc,phases   ] GC(206)   Post Evacuate Collection Set: 1.6ms
[2025-06-08T06:14:05.000+0000][36609.386s][info ][gc,phases   ] GC(206)   Other: 5.6ms
[2025-06-08T06:14:05.000+0000][36609.386s][info ][gc,heap     ] GC(206) Eden regions: 312->0(312)
[2025-06-08T06:14:05.000+0000][36609.386s][info ][gc,heap     ] GC(206) Survivor regions: 1->1(40)
[2025-06-08T06:14:05.001+0000][36609.386s][info ][gc,heap     ] GC(206) Old regions: 168->168
[2025-06-08T06:14:05.001+0000][36609.387s][info ][gc,heap     ] GC(206) Archive regions: 2->2
[2025-06-08T06:14:05.011+0000][36609.397s][info ][gc,heap     ] GC(206) Humongous regions: 0->0
[2025-06-08T06:14:05.014+0000][36609.400s][info ][gc,metaspace] GC(206) Metaspace: 175391K(176704K)->175391K(176704K) NonClass: 153884K(154560K)->153884K(154560K) Class: 21506K(22144K)->21506K(22144K)
[2025-06-08T06:14:05.015+0000][36609.400s][info ][gc          ] GC(206) Pause Young (Normal) (G1 Evacuation Pause) 481M->169M(538M) 33.901ms
[2025-06-08T06:14:05.015+0000][36609.400s][info ][gc,cpu      ] GC(206) User=0.01s Sys=0.00s Real=0.04s
[2025-06-08T06:14:05.015+0000][36609.401s][info ][safepoint   ] Safepoint "G1CollectForAllocation", Time since last: 45183472396 ns, Reaching safepoint: 1527042 ns, Cleanup: 7833 ns, At safepoint: 34234875 ns, Total: 35769750 ns
[2025-06-08T06:18:52.136+0000][36896.522s][debug][safepoint   ] Safepoint synchronization initiated using futex wait barrier. (159 threads)
[2025-06-08T06:18:52.137+0000][36896.523s][info ][gc,start    ] GC(207) Pause Young (Normal) (G1 Evacuation Pause)
[2025-06-08T06:18:52.137+0000][36896.523s][info ][gc,task     ] GC(207) Using 2 workers of 2 for evacuation
[2025-06-08T06:18:52.146+0000][36896.532s][info ][gc,phases   ] GC(207)   Pre Evacuate Collection Set: 0.5ms
[2025-06-08T06:18:52.146+0000][36896.532s][info ][gc,phases   ] GC(207)   Merge Heap Roots: 0.2ms
[2025-06-08T06:18:52.146+0000][36896.532s][info ][gc,phases   ] GC(207)   Evacuate Collection Set: 4.2ms
[2025-06-08T06:18:52.146+0000][36896.533s][info ][gc,phases   ] GC(207)   Post Evacuate Collection Set: 3.3ms
[2025-06-08T06:18:52.146+0000][36896.533s][info ][gc,phases   ] GC(207)   Other: 0.7ms
[2025-06-08T06:18:52.147+0000][36896.533s][info ][gc,heap     ] GC(207) Eden regions: 312->0(312)
[2025-06-08T06:18:52.147+0000][36896.533s][info ][gc,heap     ] GC(207) Survivor regions: 1->1(40)
[2025-06-08T06:18:52.147+0000][36896.533s][info ][gc,heap     ] GC(207) Old regions: 168->168
[2025-06-08T06:18:52.147+0000][36896.533s][info ][gc,heap     ] GC(207) Archive regions: 2->2
[2025-06-08T06:18:52.147+0000][36896.533s][info ][gc,heap     ] GC(207) Humongous regions: 0->0
[2025-06-08T06:18:52.147+0000][36896.533s][info ][gc,metaspace] GC(207) Metaspace: 175391K(176704K)->175391K(176704K) NonClass: 153884K(154560K)->153884K(154560K) Class: 21506K(22144K)->21506K(22144K)
[2025-06-08T06:18:52.147+0000][36896.534s][info ][gc          ] GC(207) Pause Young (Normal) (G1 Evacuation Pause) 481M->169M(538M) 10.492ms
[2025-06-08T06:18:52.148+0000][36896.534s][info ][gc,cpu      ] GC(207) User=0.02s Sys=0.00s Real=0.01s
[2025-06-08T06:18:52.148+0000][36896.534s][info ][safepoint   ] Safepoint "G1CollectForAllocation", Time since last: 287121404048 ns, Reaching safepoint: 886667 ns, Cleanup: 25792 ns, At safepoint: 10941750 ns, Total: 11854209 ns
[2025-06-08T06:23:39.185+0000][37183.570s][debug][safepoint   ] Safepoint synchronization initiated using futex wait barrier. (159 threads)
[2025-06-08T06:23:39.186+0000][37183.571s][info ][gc,start    ] GC(208) Pause Young (Normal) (G1 Evacuation Pause)
[2025-06-08T06:23:39.186+0000][37183.571s][info ][gc,task     ] GC(208) Using 2 workers of 2 for evacuation
[2025-06-08T06:23:39.194+0000][37183.579s][info ][gc,phases   ] GC(208)   Pre Evacuate Collection Set: 1.3ms
[2025-06-08T06:23:39.194+0000][37183.580s][info ][gc,phases   ] GC(208)   Merge Heap Roots: 0.3ms
[2025-06-08T06:23:39.194+0000][37183.580s][info ][gc,phases   ] GC(208)   Evacuate Collection Set: 2.8ms
[2025-06-08T06:23:39.195+0000][37183.580s][info ][gc,phases   ] GC(208)   Post Evacuate Collection Set: 3.0ms
[2025-06-08T06:23:39.195+0000][37183.580s][info ][gc,phases   ] GC(208)   Other: 0.7ms
[2025-06-08T06:23:39.195+0000][37183.580s][info ][gc,heap     ] GC(208) Eden regions: 312->0(312)
[2025-06-08T06:23:39.195+0000][37183.580s][info ][gc,heap     ] GC(208) Survivor regions: 1->1(40)
[2025-06-08T06:23:39.195+0000][37183.580s][info ][gc,heap     ] GC(208) Old regions: 168->168
[2025-06-08T06:23:39.195+0000][37183.580s][info ][gc,heap     ] GC(208) Archive regions: 2->2
[2025-06-08T06:23:39.195+0000][37183.581s][info ][gc,heap     ] GC(208) Humongous regions: 0->0
[2025-06-08T06:23:39.195+0000][37183.581s][info ][gc,metaspace] GC(208) Metaspace: 175391K(176704K)->175391K(176704K) NonClass: 153884K(154560K)->153884K(154560K) Class: 21506K(22144K)->21506K(22144K)
[2025-06-08T06:23:39.196+0000][37183.581s][info ][gc          ] GC(208) Pause Young (Normal) (G1 Evacuation Pause) 481M->169M(538M) 9.455ms
[2025-06-08T06:23:39.196+0000][37183.581s][info ][gc,cpu      ] GC(208) User=0.02s Sys=0.00s Real=0.01s
[2025-06-08T06:23:39.196+0000][37183.581s][info ][safepoint   ] Safepoint "G1CollectForAllocation", Time since last: 287036351298 ns, Reaching safepoint: 846708 ns, Cleanup: 21417 ns, At safepoint: 9925750 ns, Total: 10793875 ns
[2025-06-08T06:28:22.302+0000][37466.688s][debug][safepoint   ] Safepoint synchronization initiated using futex wait barrier. (161 threads)
[2025-06-08T06:28:22.302+0000][37466.688s][info ][gc,start    ] GC(209) Pause Young (Normal) (G1 Evacuation Pause)
[2025-06-08T06:28:22.303+0000][37466.688s][info ][gc,task     ] GC(209) Using 2 workers of 2 for evacuation
[2025-06-08T06:28:22.309+0000][37466.694s][info ][gc,phases   ] GC(209)   Pre Evacuate Collection Set: 0.3ms
[2025-06-08T06:28:22.309+0000][37466.694s][info ][gc,phases   ] GC(209)   Merge Heap Roots: 0.1ms
[2025-06-08T06:28:22.309+0000][37466.695s][info ][gc,phases   ] GC(209)   Evacuate Collection Set: 1.8ms
[2025-06-08T06:28:22.309+0000][37466.695s][info ][gc,phases   ] GC(209)   Post Evacuate Collection Set: 3.7ms
[2025-06-08T06:28:22.309+0000][37466.695s][info ][gc,phases   ] GC(209)   Other: 0.4ms
[2025-06-08T06:28:22.309+0000][37466.695s][info ][gc,heap     ] GC(209) Eden regions: 312->0(311)
[2025-06-08T06:28:22.309+0000][37466.695s][info ][gc,heap     ] GC(209) Survivor regions: 1->1(40)
[2025-06-08T06:28:22.309+0000][37466.695s][info ][gc,heap     ] GC(209) Old regions: 168->168
[2025-06-08T06:28:22.309+0000][37466.695s][info ][gc,heap     ] GC(209) Archive regions: 2->2
[2025-06-08T06:28:22.309+0000][37466.695s][info ][gc,heap     ] GC(209) Humongous regions: 0->0
[2025-06-08T06:28:22.310+0000][37466.695s][info ][gc,metaspace] GC(209) Metaspace: 175391K(176704K)->175391K(176704K) NonClass: 153884K(154560K)->153884K(154560K) Class: 21506K(22144K)->21506K(22144K)
[2025-06-08T06:28:22.310+0000][37466.695s][info ][gc          ] GC(209) Pause Young (Normal) (G1 Evacuation Pause) 481M->169M(538M) 7.147ms
[2025-06-08T06:28:22.310+0000][37466.695s][info ][gc,cpu      ] GC(209) User=0.01s Sys=0.00s Real=0.01s
[2025-06-08T06:28:22.310+0000][37466.695s][info ][safepoint   ] Safepoint "G1CollectForAllocation", Time since last: 283106538004 ns, Reaching safepoint: 348875 ns, Cleanup: 7375 ns, At safepoint: 7462959 ns, Total: 7819209 ns
[2025-06-08T16:45:43.063+0000][37761.849s][debug][safepoint   ] Safepoint synchronization initiated using futex wait barrier. (157 threads)
[2025-06-08T16:45:43.064+0000][37761.850s][info ][gc,start    ] GC(210) Pause Young (Normal) (G1 Evacuation Pause)
[2025-06-08T16:45:43.064+0000][37761.850s][info ][gc,task     ] GC(210) Using 2 workers of 2 for evacuation
[2025-06-08T16:45:43.070+0000][37761.857s][info ][gc,phases   ] GC(210)   Pre Evacuate Collection Set: 0.5ms
[2025-06-08T16:45:43.071+0000][37761.857s][info ][gc,phases   ] GC(210)   Merge Heap Roots: 0.2ms
[2025-06-08T16:45:43.071+0000][37761.857s][info ][gc,phases   ] GC(210)   Evacuate Collection Set: 3.4ms
[2025-06-08T16:45:43.071+0000][37761.857s][info ][gc,phases   ] GC(210)   Post Evacuate Collection Set: 2.3ms
[2025-06-08T16:45:43.071+0000][37761.857s][info ][gc,phases   ] GC(210)   Other: 0.7ms
[2025-06-08T16:45:43.071+0000][37761.857s][info ][gc,heap     ] GC(210) Eden regions: 311->0(311)
[2025-06-08T16:45:43.071+0000][37761.857s][info ][gc,heap     ] GC(210) Survivor regions: 1->1(39)
[2025-06-08T16:45:43.071+0000][37761.858s][info ][gc,heap     ] GC(210) Old regions: 168->168
[2025-06-08T16:45:43.072+0000][37761.858s][info ][gc,heap     ] GC(210) Archive regions: 2->2
[2025-06-08T16:45:43.072+0000][37761.858s][info ][gc,heap     ] GC(210) Humongous regions: 0->0
[2025-06-08T16:45:43.072+0000][37761.858s][info ][gc,metaspace] GC(210) Metaspace: 175392K(176704K)->175392K(176704K) NonClass: 153885K(154560K)->153885K(154560K) Class: 21506K(22144K)->21506K(22144K)
[2025-06-08T16:45:43.072+0000][37761.858s][info ][gc          ] GC(210) Pause Young (Normal) (G1 Evacuation Pause) 480M->169M(538M) 8.389ms
[2025-06-08T16:45:43.072+0000][37761.858s][info ][gc,cpu      ] GC(210) User=0.01s Sys=0.00s Real=0.01s
[2025-06-08T16:45:43.072+0000][37761.858s][info ][safepoint   ] Safepoint "G1CollectForAllocation", Time since last: 295153592427 ns, Reaching safepoint: 566750 ns, Cleanup: 15500 ns, At safepoint: 8842792 ns, Total: 9425042 ns
[2025-06-09T03:56:09.976+0000][38058.249s][debug][safepoint   ] Safepoint synchronization initiated using futex wait barrier. (157 threads)
[2025-06-09T03:56:09.977+0000][38058.250s][info ][gc,start    ] GC(211) Pause Young (Normal) (G1 Evacuation Pause)
[2025-06-09T03:56:09.982+0000][38058.254s][info ][gc,task     ] GC(211) Using 2 workers of 2 for evacuation
[2025-06-09T03:56:09.989+0000][38058.262s][info ][gc,phases   ] GC(211)   Pre Evacuate Collection Set: 0.3ms
[2025-06-09T03:56:09.990+0000][38058.263s][info ][gc,phases   ] GC(211)   Merge Heap Roots: 0.3ms
[2025-06-09T03:56:09.991+0000][38058.264s][info ][gc,phases   ] GC(211)   Evacuate Collection Set: 4.6ms
[2025-06-09T03:56:09.991+0000][38058.264s][info ][gc,phases   ] GC(211)   Post Evacuate Collection Set: 1.6ms
[2025-06-09T03:56:09.991+0000][38058.264s][info ][gc,phases   ] GC(211)   Other: 4.7ms
[2025-06-09T03:56:09.991+0000][38058.264s][info ][gc,heap     ] GC(211) Eden regions: 311->0(310)
[2025-06-09T03:56:09.997+0000][38058.269s][info ][gc,heap     ] GC(211) Survivor regions: 1->2(39)
[2025-06-09T03:56:09.997+0000][38058.270s][info ][gc,heap     ] GC(211) Old regions: 168->168
[2025-06-09T03:56:09.997+0000][38058.270s][info ][gc,heap     ] GC(211) Archive regions: 2->2
[2025-06-09T03:56:09.997+0000][38058.270s][info ][gc,heap     ] GC(211) Humongous regions: 0->0
[2025-06-09T03:56:09.997+0000][38058.270s][info ][gc,metaspace] GC(211) Metaspace: 175399K(176704K)->175399K(176704K) NonClass: 153892K(154560K)->153892K(154560K) Class: 21506K(22144K)->21506K(22144K)
[2025-06-09T03:56:09.997+0000][38058.270s][info ][gc          ] GC(211) Pause Young (Normal) (G1 Evacuation Pause) 480M->169M(538M) 19.918ms
[2025-06-09T03:56:09.997+0000][38058.270s][info ][gc,cpu      ] GC(211) User=0.01s Sys=0.00s Real=0.02s
[2025-06-09T03:56:09.998+0000][38058.270s][info ][safepoint   ] Safepoint "G1CollectForAllocation", Time since last: 296390233467 ns, Reaching safepoint: 1374875 ns, Cleanup: 8375 ns, At safepoint: 20306042 ns, Total: 21689292 ns
[2025-06-09T12:56:35.600+0000][38348.329s][debug][safepoint   ] Safepoint synchronization initiated using futex wait barrier. (160 threads)
[2025-06-09T12:56:35.600+0000][38348.330s][info ][gc,start    ] GC(212) Pause Young (Normal) (G1 Evacuation Pause)
[2025-06-09T12:56:35.600+0000][38348.330s][info ][gc,task     ] GC(212) Using 2 workers of 2 for evacuation
[2025-06-09T12:56:35.606+0000][38348.336s][info ][gc,phases   ] GC(212)   Pre Evacuate Collection Set: 0.7ms
[2025-06-09T12:56:35.607+0000][38348.336s][info ][gc,phases   ] GC(212)   Merge Heap Roots: 0.5ms
[2025-06-09T12:56:35.607+0000][38348.336s][info ][gc,phases   ] GC(212)   Evacuate Collection Set: 3.3ms
[2025-06-09T12:56:35.607+0000][38348.336s][info ][gc,phases   ] GC(212)   Post Evacuate Collection Set: 1.4ms
[2025-06-09T12:56:35.607+0000][38348.336s][info ][gc,phases   ] GC(212)   Other: 0.5ms
[2025-06-09T12:56:35.607+0000][38348.337s][info ][gc,heap     ] GC(212) Eden regions: 310->0(312)
[2025-06-09T12:56:35.607+0000][38348.337s][info ][gc,heap     ] GC(212) Survivor regions: 2->1(39)
[2025-06-09T12:56:35.607+0000][38348.337s][info ][gc,heap     ] GC(212) Old regions: 168->168
[2025-06-09T12:56:35.607+0000][38348.337s][info ][gc,heap     ] GC(212) Archive regions: 2->2
[2025-06-09T12:56:35.607+0000][38348.337s][info ][gc,heap     ] GC(212) Humongous regions: 0->0
[2025-06-09T12:56:35.607+0000][38348.337s][info ][gc,metaspace] GC(212) Metaspace: 175399K(176704K)->175399K(176704K) NonClass: 153892K(154560K)->153892K(154560K) Class: 21506K(22144K)->21506K(22144K)
[2025-06-09T12:56:35.607+0000][38348.337s][info ][gc          ] GC(212) Pause Young (Normal) (G1 Evacuation Pause) 479M->169M(538M) 7.188ms
[2025-06-09T12:56:35.607+0000][38348.337s][info ][gc,cpu      ] GC(212) User=0.01s Sys=0.00s Real=0.00s
[2025-06-09T12:56:35.608+0000][38348.337s][info ][safepoint   ] Safepoint "G1CollectForAllocation", Time since last: 290058881382 ns, Reaching safepoint: 410167 ns, Cleanup: 8750 ns, At safepoint: 7620958 ns, Total: 8039875 ns
