[2025-06-05T22:42:51.654+0000][0.003s][info][gc] Using G1
[2025-06-05T22:42:51.655+0000][0.004s][info][gc,init] Version: 17.0.12+7-Debian-2deb12u1 (release)
[2025-06-05T22:42:51.655+0000][0.004s][info][gc,init] CPUs: 10 total, 2 available
[2025-06-05T22:42:51.655+0000][0.004s][info][gc,init] Memory: 4096M
[2025-06-05T22:42:51.655+0000][0.004s][info][gc,init] Large Page Support: Disabled
[2025-06-05T22:42:51.655+0000][0.004s][info][gc,init] NUMA Support: Disabled
[2025-06-05T22:42:51.655+0000][0.004s][info][gc,init] Compressed Oops: Enabled (32-bit)
[2025-06-05T22:42:51.655+0000][0.004s][info][gc,init] Heap Region Size: 1M
[2025-06-05T22:42:51.655+0000][0.004s][info][gc,init] Heap Min Capacity: 8M
[2025-06-05T22:42:51.655+0000][0.004s][info][gc,init] Heap Initial Capacity: 64M
[2025-06-05T22:42:51.655+0000][0.004s][info][gc,init] Heap Max Capacity: 1G
[2025-06-05T22:42:51.655+0000][0.004s][info][gc,init] Pre-touch: Disabled
[2025-06-05T22:42:51.656+0000][0.004s][info][gc,init] Parallel Workers: 2
[2025-06-05T22:42:51.656+0000][0.004s][info][gc,init] Concurrent Workers: 1
[2025-06-05T22:42:51.656+0000][0.004s][info][gc,init] Concurrent Refinement Workers: 2
[2025-06-05T22:42:51.656+0000][0.004s][info][gc,init] Periodic GC: Disabled
[2025-06-05T22:42:51.661+0000][0.009s][info][gc,metaspace] CDS archive(s) mapped at: [0x000000f800000000-0x000000f800be0000-0x000000f800be0000), size 12451840, SharedBaseAddress: 0x000000f800000000, ArchiveRelocationMode: 1.
[2025-06-05T22:42:51.661+0000][0.009s][info][gc,metaspace] Compressed class space mapped at: 0x000000f801000000-0x000000f841000000, reserved size: 1073741824
[2025-06-05T22:42:51.661+0000][0.009s][info][gc,metaspace] Narrow klass base: 0x000000f800000000, Narrow klass shift: 0, Narrow klass range: 0x100000000
[2025-06-05T22:42:51.663+0000][0.012s][info][cds,heap    ] initialize_from_archived_subgraph java.lang.Module$ArchivedData 0x000000f800182380 (early)
[2025-06-05T22:42:51.664+0000][0.012s][info][cds,heap    ] initialize_from_archived_subgraph java.util.ImmutableCollections 0x000000f800070cd8 (early)
[2025-06-05T22:42:51.665+0000][0.014s][info][cds,heap    ] initialize_from_archived_subgraph java.lang.Integer$IntegerCache 0x000000f800036060 (early)
[2025-06-05T22:42:51.667+0000][0.015s][info][cds,heap    ] initialize_from_archived_subgraph java.lang.module.Configuration 0x000000f800170300 (early)
[2025-06-05T22:42:51.667+0000][0.015s][info][cds,heap    ] initialize_from_archived_subgraph java.lang.ModuleLayer 0x000000f800144c50 (early)
[2025-06-05T22:42:51.667+0000][0.016s][info][cds,heap    ] initialize_from_archived_subgraph jdk.internal.loader.ArchivedClassLoaders 0x000000f8001ab770 (early)
[2025-06-05T22:42:51.668+0000][0.016s][info][cds,heap    ] initialize_from_archived_subgraph jdk.internal.module.ArchivedBootLayer 0x000000f800176f40 (early)
[2025-06-05T22:42:51.668+0000][0.017s][info][cds,heap    ] initialize_from_archived_subgraph sun.util.locale.BaseLocale 0x000000f80026c120
[2025-06-05T22:42:51.672+0000][0.021s][info][cds,heap    ] initialize_from_archived_subgraph java.util.jar.Attributes$Name 0x000000f80019d1e8
[2025-06-05T22:42:51.684+0000][0.033s][info][cds,heap    ] initialize_from_archived_subgraph java.lang.Long$LongCache 0x000000f80001f998
[2025-06-05T22:42:51.719+0000][0.068s][info][cds,heap    ] initialize_from_archived_subgraph java.lang.Character$CharacterCache 0x000000f8000393e8
[2025-06-05T22:42:51.757+0000][0.105s][debug][safepoint   ] Safepoint synchronization initiated using futex wait barrier. (12 threads)
[2025-06-05T22:42:51.757+0000][0.105s][info ][safepoint   ] Safepoint "ICBufferFull", Time since last: 93535375 ns, Reaching safepoint: 182834 ns, Cleanup: 55333 ns, At safepoint: 1500 ns, Total: 239667 ns
[2025-06-05T22:42:51.790+0000][0.138s][debug][safepoint   ] Safepoint synchronization initiated using futex wait barrier. (12 threads)
[2025-06-05T22:42:51.790+0000][0.139s][info ][gc,start    ] GC(0) Pause Young (Normal) (G1 Evacuation Pause)
[2025-06-05T22:42:51.790+0000][0.139s][info ][gc,task     ] GC(0) Using 2 workers of 2 for evacuation
[2025-06-05T22:42:51.793+0000][0.142s][info ][gc,phases   ] GC(0)   Pre Evacuate Collection Set: 0.1ms
[2025-06-05T22:42:51.793+0000][0.142s][info ][gc,phases   ] GC(0)   Merge Heap Roots: 0.1ms
[2025-06-05T22:42:51.793+0000][0.142s][info ][gc,phases   ] GC(0)   Evacuate Collection Set: 2.1ms
[2025-06-05T22:42:51.793+0000][0.142s][info ][gc,phases   ] GC(0)   Post Evacuate Collection Set: 0.3ms
[2025-06-05T22:42:51.793+0000][0.142s][info ][gc,phases   ] GC(0)   Other: 0.4ms
[2025-06-05T22:42:51.793+0000][0.142s][info ][gc,heap     ] GC(0) Eden regions: 18->0(22)
[2025-06-05T22:42:51.793+0000][0.142s][info ][gc,heap     ] GC(0) Survivor regions: 0->3(3)
[2025-06-05T22:42:51.793+0000][0.142s][info ][gc,heap     ] GC(0) Old regions: 0->1
[2025-06-05T22:42:51.794+0000][0.142s][info ][gc,heap     ] GC(0) Archive regions: 2->2
[2025-06-05T22:42:51.794+0000][0.142s][info ][gc,heap     ] GC(0) Humongous regions: 0->0
[2025-06-05T22:42:51.794+0000][0.142s][info ][gc,metaspace] GC(0) Metaspace: 1976K(2176K)->1976K(2176K) NonClass: 1770K(1856K)->1770K(1856K) Class: 205K(320K)->205K(320K)
[2025-06-05T22:42:51.794+0000][0.142s][info ][gc          ] GC(0) Pause Young (Normal) (G1 Evacuation Pause) 18M->4M(66M) 3.515ms
[2025-06-05T22:42:51.794+0000][0.142s][info ][gc,cpu      ] GC(0) User=0.01s Sys=0.00s Real=0.00s
[2025-06-05T22:42:51.794+0000][0.142s][info ][safepoint   ] Safepoint "G1CollectForAllocation", Time since last: 33038167 ns, Reaching safepoint: 167875 ns, Cleanup: 22416 ns, At safepoint: 3631000 ns, Total: 3821291 ns
[2025-06-05T22:42:51.853+0000][0.202s][debug][safepoint   ] Safepoint synchronization initiated using futex wait barrier. (12 threads)
[2025-06-05T22:42:51.854+0000][0.202s][info ][gc,start    ] GC(1) Pause Young (Normal) (G1 Evacuation Pause)
[2025-06-05T22:42:51.854+0000][0.202s][info ][gc,task     ] GC(1) Using 2 workers of 2 for evacuation
[2025-06-05T22:42:51.857+0000][0.205s][info ][gc,phases   ] GC(1)   Pre Evacuate Collection Set: 0.1ms
[2025-06-05T22:42:51.857+0000][0.205s][info ][gc,phases   ] GC(1)   Merge Heap Roots: 0.1ms
[2025-06-05T22:42:51.857+0000][0.206s][info ][gc,phases   ] GC(1)   Evacuate Collection Set: 2.5ms
[2025-06-05T22:42:51.857+0000][0.206s][info ][gc,phases   ] GC(1)   Post Evacuate Collection Set: 0.4ms
[2025-06-05T22:42:51.857+0000][0.206s][info ][gc,phases   ] GC(1)   Other: 0.2ms
[2025-06-05T22:42:51.857+0000][0.206s][info ][gc,heap     ] GC(1) Eden regions: 22->0(33)
[2025-06-05T22:42:51.857+0000][0.206s][info ][gc,heap     ] GC(1) Survivor regions: 3->3(4)
[2025-06-05T22:42:51.857+0000][0.206s][info ][gc,heap     ] GC(1) Old regions: 1->4
[2025-06-05T22:42:51.857+0000][0.206s][info ][gc,heap     ] GC(1) Archive regions: 2->2
[2025-06-05T22:42:51.857+0000][0.206s][info ][gc,heap     ] GC(1) Humongous regions: 0->0
[2025-06-05T22:42:51.857+0000][0.206s][info ][gc,metaspace] GC(1) Metaspace: 2079K(2304K)->2079K(2304K) NonClass: 1873K(1984K)->1873K(1984K) Class: 206K(320K)->206K(320K)
[2025-06-05T22:42:51.857+0000][0.206s][info ][gc          ] GC(1) Pause Young (Normal) (G1 Evacuation Pause) 26M->7M(66M) 3.730ms
[2025-06-05T22:42:51.857+0000][0.206s][info ][gc,cpu      ] GC(1) User=0.00s Sys=0.00s Real=0.01s
[2025-06-05T22:42:51.858+0000][0.206s][info ][safepoint   ] Safepoint "G1CollectForAllocation", Time since last: 59681875 ns, Reaching safepoint: 203584 ns, Cleanup: 25166 ns, At safepoint: 3845417 ns, Total: 4074167 ns
[2025-06-05T22:42:52.006+0000][0.355s][debug][safepoint   ] Safepoint synchronization initiated using futex wait barrier. (12 threads)
[2025-06-05T22:42:52.006+0000][0.355s][info ][gc,start    ] GC(2) Pause Young (Normal) (G1 Evacuation Pause)
[2025-06-05T22:42:52.006+0000][0.355s][info ][gc,task     ] GC(2) Using 2 workers of 2 for evacuation
[2025-06-05T22:42:52.009+0000][0.358s][info ][gc,phases   ] GC(2)   Pre Evacuate Collection Set: 0.1ms
[2025-06-05T22:42:52.010+0000][0.358s][info ][gc,phases   ] GC(2)   Merge Heap Roots: 0.1ms
[2025-06-05T22:42:52.010+0000][0.358s][info ][gc,phases   ] GC(2)   Evacuate Collection Set: 2.3ms
[2025-06-05T22:42:52.010+0000][0.358s][info ][gc,phases   ] GC(2)   Post Evacuate Collection Set: 0.4ms
[2025-06-05T22:42:52.010+0000][0.358s][info ][gc,phases   ] GC(2)   Other: 0.1ms
[2025-06-05T22:42:52.010+0000][0.358s][info ][gc,heap     ] GC(2) Eden regions: 33->0(31)
[2025-06-05T22:42:52.010+0000][0.358s][info ][gc,heap     ] GC(2) Survivor regions: 3->3(5)
[2025-06-05T22:42:52.010+0000][0.358s][info ][gc,heap     ] GC(2) Old regions: 4->7
[2025-06-05T22:42:52.010+0000][0.358s][info ][gc,heap     ] GC(2) Archive regions: 2->2
[2025-06-05T22:42:52.010+0000][0.358s][info ][gc,heap     ] GC(2) Humongous regions: 0->0
[2025-06-05T22:42:52.010+0000][0.359s][info ][gc,metaspace] GC(2) Metaspace: 3067K(3328K)->3067K(3328K) NonClass: 2770K(2880K)->2770K(2880K) Class: 297K(448K)->297K(448K)
[2025-06-05T22:42:52.010+0000][0.359s][info ][gc          ] GC(2) Pause Young (Normal) (G1 Evacuation Pause) 40M->10M(66M) 3.664ms
[2025-06-05T22:42:52.010+0000][0.359s][info ][gc,cpu      ] GC(2) User=0.01s Sys=0.00s Real=0.01s
[2025-06-05T22:42:52.010+0000][0.359s][info ][safepoint   ] Safepoint "G1CollectForAllocation", Time since last: 148553250 ns, Reaching safepoint: 229583 ns, Cleanup: 71459 ns, At safepoint: 3768500 ns, Total: 4069542 ns
[2025-06-05T22:42:52.126+0000][0.475s][debug][safepoint   ] Safepoint synchronization initiated using futex wait barrier. (12 threads)
[2025-06-05T22:42:52.126+0000][0.475s][info ][gc,start    ] GC(3) Pause Young (Normal) (G1 Evacuation Pause)
[2025-06-05T22:42:52.127+0000][0.475s][info ][gc,task     ] GC(3) Using 2 workers of 2 for evacuation
[2025-06-05T22:42:52.129+0000][0.477s][info ][gc,phases   ] GC(3)   Pre Evacuate Collection Set: 0.1ms
[2025-06-05T22:42:52.129+0000][0.477s][info ][gc,phases   ] GC(3)   Merge Heap Roots: 0.1ms
[2025-06-05T22:42:52.129+0000][0.477s][info ][gc,phases   ] GC(3)   Evacuate Collection Set: 1.6ms
[2025-06-05T22:42:52.129+0000][0.477s][info ][gc,phases   ] GC(3)   Post Evacuate Collection Set: 0.5ms
[2025-06-05T22:42:52.129+0000][0.478s][info ][gc,phases   ] GC(3)   Other: 0.2ms
[2025-06-05T22:42:52.129+0000][0.478s][info ][gc,heap     ] GC(3) Eden regions: 31->0(33)
[2025-06-05T22:42:52.129+0000][0.478s][info ][gc,heap     ] GC(3) Survivor regions: 3->4(5)
[2025-06-05T22:42:52.129+0000][0.478s][info ][gc,heap     ] GC(3) Old regions: 7->7
[2025-06-05T22:42:52.129+0000][0.478s][info ][gc,heap     ] GC(3) Archive regions: 2->2
[2025-06-05T22:42:52.129+0000][0.478s][info ][gc,heap     ] GC(3) Humongous regions: 0->0
[2025-06-05T22:42:52.129+0000][0.478s][info ][gc,metaspace] GC(3) Metaspace: 4574K(4864K)->4574K(4864K) NonClass: 4057K(4224K)->4057K(4224K) Class: 517K(640K)->517K(640K)
[2025-06-05T22:42:52.129+0000][0.478s][info ][gc          ] GC(3) Pause Young (Normal) (G1 Evacuation Pause) 41M->11M(66M) 2.840ms
[2025-06-05T22:42:52.129+0000][0.478s][info ][gc,cpu      ] GC(3) User=0.01s Sys=0.00s Real=0.01s
[2025-06-05T22:42:52.129+0000][0.478s][info ][safepoint   ] Safepoint "G1CollectForAllocation", Time since last: 116074041 ns, Reaching safepoint: 200292 ns, Cleanup: 42167 ns, At safepoint: 2930625 ns, Total: 3173084 ns
[2025-06-05T22:42:52.249+0000][0.598s][debug][safepoint   ] Safepoint synchronization initiated using futex wait barrier. (13 threads)
[2025-06-05T22:42:52.249+0000][0.598s][info ][gc,start    ] GC(4) Pause Young (Normal) (G1 Evacuation Pause)
[2025-06-05T22:42:52.249+0000][0.598s][info ][gc,task     ] GC(4) Using 2 workers of 2 for evacuation
[2025-06-05T22:42:52.252+0000][0.601s][info ][gc,phases   ] GC(4)   Pre Evacuate Collection Set: 0.1ms
[2025-06-05T22:42:52.253+0000][0.601s][info ][gc,phases   ] GC(4)   Merge Heap Roots: 0.1ms
[2025-06-05T22:42:52.253+0000][0.601s][info ][gc,phases   ] GC(4)   Evacuate Collection Set: 2.3ms
[2025-06-05T22:42:52.253+0000][0.601s][info ][gc,phases   ] GC(4)   Post Evacuate Collection Set: 0.4ms
[2025-06-05T22:42:52.253+0000][0.601s][info ][gc,phases   ] GC(4)   Other: 0.2ms
[2025-06-05T22:42:52.253+0000][0.601s][info ][gc,heap     ] GC(4) Eden regions: 33->0(46)
[2025-06-05T22:42:52.253+0000][0.601s][info ][gc,heap     ] GC(4) Survivor regions: 4->2(5)
[2025-06-05T22:42:52.253+0000][0.601s][info ][gc,heap     ] GC(4) Old regions: 7->10
[2025-06-05T22:42:52.253+0000][0.601s][info ][gc,heap     ] GC(4) Archive regions: 2->2
[2025-06-05T22:42:52.253+0000][0.601s][info ][gc,heap     ] GC(4) Humongous regions: 0->0
[2025-06-05T22:42:52.253+0000][0.601s][info ][gc,metaspace] GC(4) Metaspace: 5791K(6016K)->5791K(6016K) NonClass: 5078K(5184K)->5078K(5184K) Class: 712K(832K)->712K(832K)
[2025-06-05T22:42:52.253+0000][0.601s][info ][gc          ] GC(4) Pause Young (Normal) (G1 Evacuation Pause) 44M->11M(80M) 3.605ms
[2025-06-05T22:42:52.253+0000][0.602s][info ][gc,cpu      ] GC(4) User=0.01s Sys=0.00s Real=0.00s
[2025-06-05T22:42:52.253+0000][0.602s][info ][safepoint   ] Safepoint "G1CollectForAllocation", Time since last: 119632000 ns, Reaching safepoint: 206000 ns, Cleanup: 140041 ns, At safepoint: 3709000 ns, Total: 4055041 ns
[2025-06-05T22:42:52.417+0000][0.765s][debug][safepoint   ] Safepoint synchronization initiated using futex wait barrier. (13 threads)
[2025-06-05T22:42:52.417+0000][0.765s][info ][safepoint   ] Safepoint "ICBufferFull", Time since last: 163654542 ns, Reaching safepoint: 188167 ns, Cleanup: 54958 ns, At safepoint: 1667 ns, Total: 244792 ns
[2025-06-05T22:42:52.436+0000][0.785s][debug][safepoint   ] Safepoint synchronization initiated using futex wait barrier. (13 threads)
[2025-06-05T22:42:52.436+0000][0.785s][info ][gc,start    ] GC(5) Pause Young (Normal) (G1 Evacuation Pause)
[2025-06-05T22:42:52.436+0000][0.785s][info ][gc,task     ] GC(5) Using 2 workers of 2 for evacuation
[2025-06-05T22:42:52.439+0000][0.787s][info ][gc,phases   ] GC(5)   Pre Evacuate Collection Set: 0.1ms
[2025-06-05T22:42:52.439+0000][0.787s][info ][gc,phases   ] GC(5)   Merge Heap Roots: 0.1ms
[2025-06-05T22:42:52.439+0000][0.787s][info ][gc,phases   ] GC(5)   Evacuate Collection Set: 1.7ms
[2025-06-05T22:42:52.439+0000][0.788s][info ][gc,phases   ] GC(5)   Post Evacuate Collection Set: 0.4ms
[2025-06-05T22:42:52.439+0000][0.788s][info ][gc,phases   ] GC(5)   Other: 0.2ms
[2025-06-05T22:42:52.439+0000][0.788s][info ][gc,heap     ] GC(5) Eden regions: 46->0(45)
[2025-06-05T22:42:52.439+0000][0.788s][info ][gc,heap     ] GC(5) Survivor regions: 2->3(6)
[2025-06-05T22:42:52.439+0000][0.788s][info ][gc,heap     ] GC(5) Old regions: 10->10
[2025-06-05T22:42:52.439+0000][0.788s][info ][gc,heap     ] GC(5) Archive regions: 2->2
[2025-06-05T22:42:52.439+0000][0.788s][info ][gc,heap     ] GC(5) Humongous regions: 0->0
[2025-06-05T22:42:52.439+0000][0.788s][info ][gc,metaspace] GC(5) Metaspace: 7960K(8256K)->7960K(8256K) NonClass: 6962K(7104K)->6962K(7104K) Class: 998K(1152K)->998K(1152K)
[2025-06-05T22:42:52.439+0000][0.788s][info ][gc          ] GC(5) Pause Young (Normal) (G1 Evacuation Pause) 57M->12M(80M) 2.955ms
[2025-06-05T22:42:52.439+0000][0.788s][info ][gc,cpu      ] GC(5) User=0.00s Sys=0.00s Real=0.01s
[2025-06-05T22:42:52.439+0000][0.788s][info ][safepoint   ] Safepoint "G1CollectForAllocation", Time since last: 19250125 ns, Reaching safepoint: 165750 ns, Cleanup: 14208 ns, At safepoint: 3047375 ns, Total: 3227333 ns
[2025-06-05T22:42:52.578+0000][0.927s][debug][safepoint   ] Safepoint synchronization initiated using futex wait barrier. (13 threads)
[2025-06-05T22:42:52.579+0000][0.927s][info ][gc,start    ] GC(6) Pause Young (Normal) (G1 Evacuation Pause)
[2025-06-05T22:42:52.579+0000][0.927s][info ][gc,task     ] GC(6) Using 2 workers of 2 for evacuation
[2025-06-05T22:42:52.582+0000][0.930s][info ][gc,phases   ] GC(6)   Pre Evacuate Collection Set: 0.1ms
[2025-06-05T22:42:52.582+0000][0.930s][info ][gc,phases   ] GC(6)   Merge Heap Roots: 0.1ms
[2025-06-05T22:42:52.582+0000][0.930s][info ][gc,phases   ] GC(6)   Evacuate Collection Set: 2.3ms
[2025-06-05T22:42:52.582+0000][0.930s][info ][gc,phases   ] GC(6)   Post Evacuate Collection Set: 0.4ms
[2025-06-05T22:42:52.582+0000][0.930s][info ][gc,phases   ] GC(6)   Other: 0.1ms
[2025-06-05T22:42:52.582+0000][0.930s][info ][gc,heap     ] GC(6) Eden regions: 45->0(44)
[2025-06-05T22:42:52.582+0000][0.930s][info ][gc,heap     ] GC(6) Survivor regions: 3->4(6)
[2025-06-05T22:42:52.582+0000][0.931s][info ][gc,heap     ] GC(6) Old regions: 10->10
[2025-06-05T22:42:52.582+0000][0.931s][info ][gc,heap     ] GC(6) Archive regions: 2->2
[2025-06-05T22:42:52.582+0000][0.931s][info ][gc,heap     ] GC(6) Humongous regions: 0->0
[2025-06-05T22:42:52.582+0000][0.931s][info ][gc,metaspace] GC(6) Metaspace: 10263K(10560K)->10263K(10560K) NonClass: 8936K(9088K)->8936K(9088K) Class: 1326K(1472K)->1326K(1472K)
[2025-06-05T22:42:52.582+0000][0.931s][info ][gc          ] GC(6) Pause Young (Normal) (G1 Evacuation Pause) 57M->13M(80M) 3.663ms
[2025-06-05T22:42:52.582+0000][0.931s][info ][gc,cpu      ] GC(6) User=0.01s Sys=0.00s Real=0.00s
[2025-06-05T22:42:52.582+0000][0.931s][info ][safepoint   ] Safepoint "G1CollectForAllocation", Time since last: 138895209 ns, Reaching safepoint: 207458 ns, Cleanup: 58375 ns, At safepoint: 3765792 ns, Total: 4031625 ns
[2025-06-05T22:42:52.677+0000][1.025s][debug][safepoint   ] Safepoint synchronization initiated using futex wait barrier. (13 threads)
[2025-06-05T22:42:52.677+0000][1.026s][info ][gc,start    ] GC(7) Pause Young (Normal) (G1 Evacuation Pause)
[2025-06-05T22:42:52.677+0000][1.026s][info ][gc,task     ] GC(7) Using 2 workers of 2 for evacuation
[2025-06-05T22:42:52.680+0000][1.028s][info ][gc,phases   ] GC(7)   Pre Evacuate Collection Set: 0.1ms
[2025-06-05T22:42:52.680+0000][1.029s][info ][gc,phases   ] GC(7)   Merge Heap Roots: 0.1ms
[2025-06-05T22:42:52.680+0000][1.029s][info ][gc,phases   ] GC(7)   Evacuate Collection Set: 2.2ms
[2025-06-05T22:42:52.680+0000][1.029s][info ][gc,phases   ] GC(7)   Post Evacuate Collection Set: 0.4ms
[2025-06-05T22:42:52.680+0000][1.029s][info ][gc,phases   ] GC(7)   Other: 0.2ms
[2025-06-05T22:42:52.680+0000][1.029s][info ][gc,heap     ] GC(7) Eden regions: 44->0(45)
[2025-06-05T22:42:52.680+0000][1.029s][info ][gc,heap     ] GC(7) Survivor regions: 4->3(6)
[2025-06-05T22:42:52.680+0000][1.029s][info ][gc,heap     ] GC(7) Old regions: 10->10
[2025-06-05T22:42:52.680+0000][1.029s][info ][gc,heap     ] GC(7) Archive regions: 2->2
[2025-06-05T22:42:52.680+0000][1.029s][info ][gc,heap     ] GC(7) Humongous regions: 0->0
[2025-06-05T22:42:52.680+0000][1.029s][info ][gc,metaspace] GC(7) Metaspace: 11207K(11520K)->11207K(11520K) NonClass: 9737K(9920K)->9737K(9920K) Class: 1470K(1600K)->1470K(1600K)
[2025-06-05T22:42:52.680+0000][1.029s][info ][gc          ] GC(7) Pause Young (Normal) (G1 Evacuation Pause) 57M->13M(80M) 3.465ms
[2025-06-05T22:42:52.681+0000][1.029s][info ][gc,cpu      ] GC(7) User=0.01s Sys=0.01s Real=0.00s
[2025-06-05T22:42:52.681+0000][1.029s][info ][safepoint   ] Safepoint "G1CollectForAllocation", Time since last: 94397000 ns, Reaching safepoint: 203958 ns, Cleanup: 16917 ns, At safepoint: 3563958 ns, Total: 3784833 ns
[2025-06-05T22:42:52.716+0000][1.065s][debug][safepoint   ] Safepoint synchronization initiated using futex wait barrier. (13 threads)
[2025-06-05T22:42:52.717+0000][1.065s][info ][safepoint   ] Safepoint "ICBufferFull", Time since last: 35743958 ns, Reaching safepoint: 186250 ns, Cleanup: 58500 ns, At safepoint: 4625 ns, Total: 249375 ns
[2025-06-05T22:42:52.801+0000][1.150s][debug][safepoint   ] Safepoint synchronization initiated using futex wait barrier. (13 threads)
[2025-06-05T22:42:52.801+0000][1.150s][info ][safepoint   ] Safepoint "ICBufferFull", Time since last: 84520834 ns, Reaching safepoint: 141500 ns, Cleanup: 94875 ns, At safepoint: 6000 ns, Total: 242375 ns
[2025-06-05T22:42:52.888+0000][1.237s][debug][safepoint   ] Safepoint synchronization initiated using futex wait barrier. (14 threads)
[2025-06-05T22:42:52.889+0000][1.237s][info ][safepoint   ] Safepoint "ICBufferFull", Time since last: 86873500 ns, Reaching safepoint: 360666 ns, Cleanup: 94500 ns, At safepoint: 8375 ns, Total: 463541 ns
[2025-06-05T22:42:52.916+0000][1.265s][debug][safepoint   ] Safepoint synchronization initiated using futex wait barrier. (14 threads)
[2025-06-05T22:42:52.916+0000][1.265s][info ][gc,start    ] GC(8) Pause Young (Normal) (G1 Evacuation Pause)
[2025-06-05T22:42:52.917+0000][1.265s][info ][gc,task     ] GC(8) Using 2 workers of 2 for evacuation
[2025-06-05T22:42:52.940+0000][1.288s][info ][gc,phases   ] GC(8)   Pre Evacuate Collection Set: 0.1ms
[2025-06-05T22:42:52.940+0000][1.288s][info ][gc,phases   ] GC(8)   Merge Heap Roots: 0.1ms
[2025-06-05T22:42:52.940+0000][1.288s][info ][gc,phases   ] GC(8)   Evacuate Collection Set: 22.2ms
[2025-06-05T22:42:52.940+0000][1.288s][info ][gc,phases   ] GC(8)   Post Evacuate Collection Set: 0.8ms
[2025-06-05T22:42:52.940+0000][1.289s][info ][gc,phases   ] GC(8)   Other: 0.2ms
[2025-06-05T22:42:52.940+0000][1.289s][info ][gc,heap     ] GC(8) Eden regions: 45->0(52)
[2025-06-05T22:42:52.940+0000][1.289s][info ][gc,heap     ] GC(8) Survivor regions: 3->5(6)
[2025-06-05T22:42:52.940+0000][1.289s][info ][gc,heap     ] GC(8) Old regions: 10->10
[2025-06-05T22:42:52.940+0000][1.289s][info ][gc,heap     ] GC(8) Archive regions: 2->2
[2025-06-05T22:42:52.940+0000][1.289s][info ][gc,heap     ] GC(8) Humongous regions: 0->0
[2025-06-05T22:42:52.940+0000][1.289s][info ][gc,metaspace] GC(8) Metaspace: 13097K(13376K)->13097K(13376K) NonClass: 11395K(11520K)->11395K(11520K) Class: 1701K(1856K)->1701K(1856K)
[2025-06-05T22:42:52.940+0000][1.289s][info ][gc          ] GC(8) Pause Young (Normal) (G1 Evacuation Pause) 58M->15M(96M) 23.999ms
[2025-06-05T22:42:52.940+0000][1.289s][info ][gc,cpu      ] GC(8) User=0.01s Sys=0.00s Real=0.03s
[2025-06-05T22:42:52.941+0000][1.289s][info ][safepoint   ] Safepoint "G1CollectForAllocation", Time since last: 27539792 ns, Reaching safepoint: 165375 ns, Cleanup: 40333 ns, At safepoint: 24147209 ns, Total: 24352917 ns
[2025-06-05T22:42:52.965+0000][1.314s][debug][safepoint   ] ... found polling page loop exception at pc = 0x0000ffff7cfa94e4, stub =0x0000ffff7c97ef00
[2025-06-05T22:42:53.005+0000][1.353s][debug][safepoint   ] Safepoint synchronization initiated using futex wait barrier. (14 threads)
[2025-06-05T22:42:53.005+0000][1.353s][info ][safepoint   ] Safepoint "ICBufferFull", Time since last: 64108875 ns, Reaching safepoint: 195042 ns, Cleanup: 95875 ns, At safepoint: 1666 ns, Total: 292583 ns
[2025-06-05T22:42:53.005+0000][1.354s][debug][safepoint   ] Safepoint synchronization initiated using futex wait barrier. (14 threads)
[2025-06-05T22:42:53.005+0000][1.354s][info ][safepoint   ] Safepoint "ICBufferFull", Time since last: 144750 ns, Reaching safepoint: 56459 ns, Cleanup: 7916 ns, At safepoint: 959 ns, Total: 65334 ns
[2025-06-05T22:42:53.076+0000][1.425s][debug][safepoint   ] Safepoint synchronization initiated using futex wait barrier. (14 threads)
[2025-06-05T22:42:53.076+0000][1.425s][info ][gc,start    ] GC(9) Pause Young (Normal) (G1 Evacuation Pause)
[2025-06-05T22:42:53.076+0000][1.425s][info ][gc,task     ] GC(9) Using 2 workers of 2 for evacuation
[2025-06-05T22:42:53.080+0000][1.429s][info ][gc,phases   ] GC(9)   Pre Evacuate Collection Set: 0.1ms
[2025-06-05T22:42:53.081+0000][1.429s][info ][gc,phases   ] GC(9)   Merge Heap Roots: 0.1ms
[2025-06-05T22:42:53.081+0000][1.429s][info ][gc,phases   ] GC(9)   Evacuate Collection Set: 3.4ms
[2025-06-05T22:42:53.081+0000][1.429s][info ][gc,phases   ] GC(9)   Post Evacuate Collection Set: 0.4ms
[2025-06-05T22:42:53.081+0000][1.429s][info ][gc,phases   ] GC(9)   Other: 0.2ms
[2025-06-05T22:42:53.081+0000][1.429s][info ][gc,heap     ] GC(9) Eden regions: 52->0(53)
[2025-06-05T22:42:53.081+0000][1.429s][info ][gc,heap     ] GC(9) Survivor regions: 5->4(8)
[2025-06-05T22:42:53.081+0000][1.429s][info ][gc,heap     ] GC(9) Old regions: 10->12
[2025-06-05T22:42:53.081+0000][1.429s][info ][gc,heap     ] GC(9) Archive regions: 2->2
[2025-06-05T22:42:53.081+0000][1.429s][info ][gc,heap     ] GC(9) Humongous regions: 0->0
[2025-06-05T22:42:53.081+0000][1.429s][info ][gc,metaspace] GC(9) Metaspace: 14758K(15104K)->14758K(15104K) NonClass: 12842K(12992K)->12842K(12992K) Class: 1915K(2112K)->1915K(2112K)
[2025-06-05T22:42:53.081+0000][1.429s][info ][gc          ] GC(9) Pause Young (Normal) (G1 Evacuation Pause) 67M->16M(96M) 4.687ms
[2025-06-05T22:42:53.081+0000][1.430s][info ][gc,cpu      ] GC(9) User=0.01s Sys=0.00s Real=0.01s
[2025-06-05T22:42:53.081+0000][1.430s][info ][safepoint   ] Safepoint "G1CollectForAllocation", Time since last: 70955875 ns, Reaching safepoint: 139875 ns, Cleanup: 20375 ns, At safepoint: 4834083 ns, Total: 4994333 ns
[2025-06-05T22:42:53.201+0000][1.549s][debug][safepoint   ] Safepoint synchronization initiated using futex wait barrier. (14 threads)
[2025-06-05T22:42:53.201+0000][1.549s][info ][gc,start    ] GC(10) Pause Young (Normal) (G1 Evacuation Pause)
[2025-06-05T22:42:53.201+0000][1.550s][info ][gc,task     ] GC(10) Using 2 workers of 2 for evacuation
[2025-06-05T22:42:53.205+0000][1.553s][info ][gc,phases   ] GC(10)   Pre Evacuate Collection Set: 0.1ms
[2025-06-05T22:42:53.205+0000][1.553s][info ][gc,phases   ] GC(10)   Merge Heap Roots: 0.1ms
[2025-06-05T22:42:53.205+0000][1.553s][info ][gc,phases   ] GC(10)   Evacuate Collection Set: 2.9ms
[2025-06-05T22:42:53.205+0000][1.553s][info ][gc,phases   ] GC(10)   Post Evacuate Collection Set: 0.4ms
[2025-06-05T22:42:53.205+0000][1.553s][info ][gc,phases   ] GC(10)   Other: 0.3ms
[2025-06-05T22:42:53.205+0000][1.553s][info ][gc,heap     ] GC(10) Eden regions: 53->0(53)
[2025-06-05T22:42:53.205+0000][1.553s][info ][gc,heap     ] GC(10) Survivor regions: 4->4(8)
[2025-06-05T22:42:53.205+0000][1.553s][info ][gc,heap     ] GC(10) Old regions: 12->12
[2025-06-05T22:42:53.205+0000][1.553s][info ][gc,heap     ] GC(10) Archive regions: 2->2
[2025-06-05T22:42:53.205+0000][1.554s][info ][gc,heap     ] GC(10) Humongous regions: 0->0
[2025-06-05T22:42:53.205+0000][1.554s][info ][gc,metaspace] GC(10) Metaspace: 16074K(16448K)->16074K(16448K) NonClass: 13890K(14080K)->13890K(14080K) Class: 2183K(2368K)->2183K(2368K)
[2025-06-05T22:42:53.205+0000][1.554s][info ][gc          ] GC(10) Pause Young (Normal) (G1 Evacuation Pause) 69M->16M(96M) 4.180ms
[2025-06-05T22:42:53.205+0000][1.554s][info ][gc,cpu      ] GC(10) User=0.01s Sys=0.00s Real=0.00s
[2025-06-05T22:42:53.205+0000][1.554s][info ][safepoint   ] Safepoint "G1CollectForAllocation", Time since last: 119581583 ns, Reaching safepoint: 155417 ns, Cleanup: 43542 ns, At safepoint: 4277083 ns, Total: 4476042 ns
[2025-06-05T22:42:53.251+0000][1.600s][info ][cds,heap    ] initialize_from_archived_subgraph java.lang.Byte$ByteCache 0x000000f8000395f8
[2025-06-05T22:42:53.251+0000][1.600s][info ][cds,heap    ] initialize_from_archived_subgraph java.lang.Short$ShortCache 0x000000f80003fce8
[2025-06-05T22:42:53.347+0000][1.696s][debug][safepoint   ] Safepoint synchronization initiated using futex wait barrier. (14 threads)
[2025-06-05T22:42:53.348+0000][1.696s][info ][gc,start    ] GC(11) Pause Young (Normal) (G1 Evacuation Pause)
[2025-06-05T22:42:53.348+0000][1.696s][info ][gc,task     ] GC(11) Using 2 workers of 2 for evacuation
[2025-06-05T22:42:53.351+0000][1.700s][info ][gc,phases   ] GC(11)   Pre Evacuate Collection Set: 0.1ms
[2025-06-05T22:42:53.352+0000][1.700s][info ][gc,phases   ] GC(11)   Merge Heap Roots: 0.0ms
[2025-06-05T22:42:53.352+0000][1.700s][info ][gc,phases   ] GC(11)   Evacuate Collection Set: 3.0ms
[2025-06-05T22:42:53.352+0000][1.700s][info ][gc,phases   ] GC(11)   Post Evacuate Collection Set: 0.4ms
[2025-06-05T22:42:53.352+0000][1.700s][info ][gc,phases   ] GC(11)   Other: 0.2ms
[2025-06-05T22:42:53.352+0000][1.700s][info ][gc,heap     ] GC(11) Eden regions: 53->0(52)
[2025-06-05T22:42:53.352+0000][1.700s][info ][gc,heap     ] GC(11) Survivor regions: 4->5(8)
[2025-06-05T22:42:53.352+0000][1.700s][info ][gc,heap     ] GC(11) Old regions: 12->12
[2025-06-05T22:42:53.352+0000][1.700s][info ][gc,heap     ] GC(11) Archive regions: 2->2
[2025-06-05T22:42:53.352+0000][1.700s][info ][gc,heap     ] GC(11) Humongous regions: 0->0
[2025-06-05T22:42:53.352+0000][1.701s][info ][gc,metaspace] GC(11) Metaspace: 19153K(19456K)->19153K(19456K) NonClass: 16640K(16832K)->16640K(16832K) Class: 2512K(2624K)->2512K(2624K)
[2025-06-05T22:42:53.352+0000][1.701s][info ][gc          ] GC(11) Pause Young (Normal) (G1 Evacuation Pause) 69M->17M(96M) 4.307ms
[2025-06-05T22:42:53.352+0000][1.701s][info ][gc,cpu      ] GC(11) User=0.00s Sys=0.00s Real=0.00s
[2025-06-05T22:42:53.352+0000][1.701s][info ][safepoint   ] Safepoint "G1CollectForAllocation", Time since last: 142306708 ns, Reaching safepoint: 215792 ns, Cleanup: 59833 ns, At safepoint: 4463250 ns, Total: 4738875 ns
[2025-06-05T22:42:53.452+0000][1.800s][debug][safepoint   ] Safepoint synchronization initiated using futex wait barrier. (14 threads)
[2025-06-05T22:42:53.452+0000][1.800s][info ][gc,start    ] GC(12) Pause Young (Normal) (G1 Evacuation Pause)
[2025-06-05T22:42:53.452+0000][1.800s][info ][gc,task     ] GC(12) Using 2 workers of 2 for evacuation
[2025-06-05T22:42:53.457+0000][1.806s][info ][gc,phases   ] GC(12)   Pre Evacuate Collection Set: 0.1ms
[2025-06-05T22:42:53.457+0000][1.806s][info ][gc,phases   ] GC(12)   Merge Heap Roots: 0.1ms
[2025-06-05T22:42:53.457+0000][1.806s][info ][gc,phases   ] GC(12)   Evacuate Collection Set: 4.3ms
[2025-06-05T22:42:53.457+0000][1.806s][info ][gc,phases   ] GC(12)   Post Evacuate Collection Set: 0.8ms
[2025-06-05T22:42:53.457+0000][1.806s][info ][gc,phases   ] GC(12)   Other: 0.2ms
[2025-06-05T22:42:53.458+0000][1.806s][info ][gc,heap     ] GC(12) Eden regions: 52->0(71)
[2025-06-05T22:42:53.458+0000][1.806s][info ][gc,heap     ] GC(12) Survivor regions: 5->7(8)
[2025-06-05T22:42:53.458+0000][1.806s][info ][gc,heap     ] GC(12) Old regions: 12->13
[2025-06-05T22:42:53.458+0000][1.806s][info ][gc,heap     ] GC(12) Archive regions: 2->2
[2025-06-05T22:42:53.458+0000][1.806s][info ][gc,heap     ] GC(12) Humongous regions: 0->0
[2025-06-05T22:42:53.458+0000][1.806s][info ][gc,metaspace] GC(12) Metaspace: 21107K(21440K)->21107K(21440K) NonClass: 18352K(18560K)->18352K(18560K) Class: 2754K(2880K)->2754K(2880K)
[2025-06-05T22:42:53.458+0000][1.806s][info ][gc          ] GC(12) Pause Young (Normal) (G1 Evacuation Pause) 69M->19M(131M) 5.907ms
[2025-06-05T22:42:53.458+0000][1.806s][info ][gc,cpu      ] GC(12) User=0.02s Sys=0.00s Real=0.01s
[2025-06-05T22:42:53.458+0000][1.806s][info ][safepoint   ] Safepoint "G1CollectForAllocation", Time since last: 99412917 ns, Reaching safepoint: 173792 ns, Cleanup: 41416 ns, At safepoint: 6025625 ns, Total: 6240833 ns
[2025-06-05T22:42:53.465+0000][1.814s][debug][safepoint   ] Safepoint synchronization initiated using futex wait barrier. (14 threads)
[2025-06-05T22:42:53.466+0000][1.814s][info ][gc,start    ] GC(13) Pause Young (Concurrent Start) (Metadata GC Threshold)
[2025-06-05T22:42:53.466+0000][1.814s][info ][gc,task     ] GC(13) Using 2 workers of 2 for evacuation
[2025-06-05T22:42:53.470+0000][1.818s][info ][gc,phases   ] GC(13)   Pre Evacuate Collection Set: 0.1ms
[2025-06-05T22:42:53.470+0000][1.818s][info ][gc,phases   ] GC(13)   Merge Heap Roots: 0.1ms
[2025-06-05T22:42:53.470+0000][1.818s][info ][gc,phases   ] GC(13)   Evacuate Collection Set: 3.3ms
[2025-06-05T22:42:53.470+0000][1.818s][info ][gc,phases   ] GC(13)   Post Evacuate Collection Set: 0.4ms
[2025-06-05T22:42:53.470+0000][1.818s][info ][gc,phases   ] GC(13)   Other: 0.2ms
[2025-06-05T22:42:53.470+0000][1.818s][info ][gc,heap     ] GC(13) Eden regions: 4->0(74)
[2025-06-05T22:42:53.470+0000][1.818s][info ][gc,heap     ] GC(13) Survivor regions: 7->4(10)
[2025-06-05T22:42:53.470+0000][1.818s][info ][gc,heap     ] GC(13) Old regions: 13->15
[2025-06-05T22:42:53.470+0000][1.818s][info ][gc,heap     ] GC(13) Archive regions: 2->2
[2025-06-05T22:42:53.470+0000][1.819s][info ][gc,heap     ] GC(13) Humongous regions: 0->0
[2025-06-05T22:42:53.470+0000][1.819s][info ][gc,metaspace] GC(13) Metaspace: 21263K(21504K)->21263K(21504K) NonClass: 18478K(18624K)->18478K(18624K) Class: 2784K(2880K)->2784K(2880K)
[2025-06-05T22:42:53.470+0000][1.819s][info ][gc          ] GC(13) Pause Young (Concurrent Start) (Metadata GC Threshold) 23M->19M(131M) 4.518ms
[2025-06-05T22:42:53.470+0000][1.819s][info ][gc,cpu      ] GC(13) User=0.00s Sys=0.01s Real=0.01s
[2025-06-05T22:42:53.470+0000][1.819s][info ][safepoint   ] Safepoint "CollectForMetadataAllocation", Time since last: 7544500 ns, Reaching safepoint: 144459 ns, Cleanup: 6333 ns, At safepoint: 4638750 ns, Total: 4789542 ns
[2025-06-05T22:42:53.470+0000][1.819s][info ][gc          ] GC(14) Concurrent Mark Cycle
[2025-06-05T22:42:53.471+0000][1.820s][info ][gc,marking  ] GC(14) Concurrent Clear Claimed Marks
[2025-06-05T22:42:53.471+0000][1.820s][info ][gc,marking  ] GC(14) Concurrent Clear Claimed Marks 0.117ms
[2025-06-05T22:42:53.472+0000][1.820s][info ][gc,marking  ] GC(14) Concurrent Scan Root Regions
[2025-06-05T22:42:53.474+0000][1.823s][info ][gc,marking  ] GC(14) Concurrent Scan Root Regions 2.820ms
[2025-06-05T22:42:53.475+0000][1.823s][info ][gc,marking  ] GC(14) Concurrent Mark
[2025-06-05T22:42:53.475+0000][1.823s][info ][gc,marking  ] GC(14) Concurrent Mark From Roots
[2025-06-05T22:42:53.475+0000][1.823s][info ][gc,task     ] GC(14) Using 1 workers of 1 for marking
[2025-06-05T22:42:53.484+0000][1.832s][info ][gc,marking  ] GC(14) Concurrent Mark From Roots 9.005ms
[2025-06-05T22:42:53.484+0000][1.833s][info ][gc,marking  ] GC(14) Concurrent Preclean
[2025-06-05T22:42:53.484+0000][1.833s][debug][safepoint   ] Safepoint synchronization initiated using futex wait barrier. (14 threads)
[2025-06-05T22:42:53.486+0000][1.834s][info ][safepoint   ] Safepoint "CollectForMetadataAllocation", Time since last: 14105417 ns, Reaching safepoint: 1477583 ns, Cleanup: 25042 ns, At safepoint: 44125 ns, Total: 1546750 ns
[2025-06-05T22:42:53.486+0000][1.835s][info ][gc,marking  ] GC(14) Concurrent Preclean 1.668ms
[2025-06-05T22:42:53.486+0000][1.835s][debug][safepoint   ] Safepoint synchronization initiated using futex wait barrier. (14 threads)
[2025-06-05T22:42:53.487+0000][1.835s][info ][gc,start    ] GC(14) Pause Remark
[2025-06-05T22:42:53.489+0000][1.837s][info ][gc          ] GC(14) Pause Remark 23M->23M(87M) 1.998ms
[2025-06-05T22:42:53.489+0000][1.837s][info ][gc,cpu      ] GC(14) User=0.01s Sys=0.00s Real=0.00s
[2025-06-05T22:42:53.489+0000][1.837s][info ][safepoint   ] Safepoint "G1PauseRemark", Time since last: 250041 ns, Reaching safepoint: 465459 ns, Cleanup: 1875 ns, At safepoint: 2142166 ns, Total: 2609500 ns
[2025-06-05T22:42:53.490+0000][1.839s][info ][gc,marking  ] GC(14) Concurrent Mark 15.834ms
[2025-06-05T22:42:53.491+0000][1.839s][info ][gc,marking  ] GC(14) Concurrent Rebuild Remembered Sets
[2025-06-05T22:42:53.497+0000][1.845s][info ][gc,marking  ] GC(14) Concurrent Rebuild Remembered Sets 5.983ms
[2025-06-05T22:42:53.497+0000][1.845s][debug][safepoint   ] Safepoint synchronization initiated using futex wait barrier. (14 threads)
[2025-06-05T22:42:53.498+0000][1.846s][info ][gc,start    ] GC(14) Pause Cleanup
[2025-06-05T22:42:53.498+0000][1.846s][info ][gc          ] GC(14) Pause Cleanup 27M->27M(87M) 0.116ms
[2025-06-05T22:42:53.498+0000][1.846s][info ][gc,cpu      ] GC(14) User=0.00s Sys=0.00s Real=0.00s
[2025-06-05T22:42:53.498+0000][1.846s][info ][safepoint   ] Safepoint "G1PauseCleanup", Time since last: 8033459 ns, Reaching safepoint: 951916 ns, Cleanup: 9709 ns, At safepoint: 240416 ns, Total: 1202041 ns
[2025-06-05T22:42:53.498+0000][1.847s][info ][gc,marking  ] GC(14) Concurrent Cleanup for Next Mark
[2025-06-05T22:42:53.498+0000][1.847s][info ][gc,marking  ] GC(14) Concurrent Cleanup for Next Mark 0.402ms
[2025-06-05T22:42:53.499+0000][1.847s][info ][gc          ] GC(14) Concurrent Mark Cycle 28.343ms
[2025-06-05T22:42:53.661+0000][2.010s][debug][safepoint   ] Safepoint synchronization initiated using futex wait barrier. (13 threads)
[2025-06-05T22:42:53.661+0000][2.010s][info ][safepoint   ] Safepoint "ICBufferFull", Time since last: 163154875 ns, Reaching safepoint: 201375 ns, Cleanup: 76792 ns, At safepoint: 4458 ns, Total: 282625 ns
[2025-06-05T22:42:53.677+0000][2.025s][debug][safepoint   ] Safepoint synchronization initiated using futex wait barrier. (13 threads)
[2025-06-05T22:42:53.677+0000][2.025s][info ][gc,start    ] GC(15) Pause Young (Concurrent Start) (G1 Preventive Collection)
[2025-06-05T22:42:53.677+0000][2.026s][info ][gc,task     ] GC(15) Using 2 workers of 2 for evacuation
[2025-06-05T22:42:53.682+0000][2.030s][info ][gc,phases   ] GC(15)   Pre Evacuate Collection Set: 0.1ms
[2025-06-05T22:42:53.682+0000][2.030s][info ][gc,phases   ] GC(15)   Merge Heap Roots: 0.1ms
[2025-06-05T22:42:53.682+0000][2.030s][info ][gc,phases   ] GC(15)   Evacuate Collection Set: 3.8ms
[2025-06-05T22:42:53.682+0000][2.030s][info ][gc,phases   ] GC(15)   Post Evacuate Collection Set: 0.6ms
[2025-06-05T22:42:53.682+0000][2.030s][info ][gc,phases   ] GC(15)   Other: 0.2ms
[2025-06-05T22:42:53.682+0000][2.031s][info ][gc,heap     ] GC(15) Eden regions: 59->0(45)
[2025-06-05T22:42:53.682+0000][2.031s][info ][gc,heap     ] GC(15) Survivor regions: 4->7(10)
[2025-06-05T22:42:53.682+0000][2.031s][info ][gc,heap     ] GC(15) Old regions: 15->15
[2025-06-05T22:42:53.682+0000][2.031s][info ][gc,heap     ] GC(15) Archive regions: 2->2
[2025-06-05T22:42:53.682+0000][2.031s][info ][gc,heap     ] GC(15) Humongous regions: 0->0
[2025-06-05T22:42:53.682+0000][2.031s][info ][gc,metaspace] GC(15) Metaspace: 24099K(24448K)->24099K(24448K) NonClass: 20946K(21120K)->20946K(21120K) Class: 3153K(3328K)->3153K(3328K)
[2025-06-05T22:42:53.682+0000][2.031s][info ][gc          ] GC(15) Pause Young (Concurrent Start) (G1 Preventive Collection) 78M->22M(87M) 5.322ms
[2025-06-05T22:42:53.682+0000][2.031s][info ][gc,cpu      ] GC(15) User=0.01s Sys=0.00s Real=0.00s
[2025-06-05T22:42:53.682+0000][2.031s][info ][safepoint   ] Safepoint "G1CollectForAllocation", Time since last: 15365459 ns, Reaching safepoint: 173000 ns, Cleanup: 26083 ns, At safepoint: 5418917 ns, Total: 5618000 ns
[2025-06-05T22:42:53.682+0000][2.031s][info ][gc          ] GC(16) Concurrent Mark Cycle
[2025-06-05T22:42:53.683+0000][2.032s][info ][gc,marking  ] GC(16) Concurrent Clear Claimed Marks
[2025-06-05T22:42:53.684+0000][2.032s][info ][gc,marking  ] GC(16) Concurrent Clear Claimed Marks 0.093ms
[2025-06-05T22:42:53.684+0000][2.032s][info ][gc,marking  ] GC(16) Concurrent Scan Root Regions
[2025-06-05T22:42:53.686+0000][2.034s][info ][gc,marking  ] GC(16) Concurrent Scan Root Regions 2.252ms
[2025-06-05T22:42:53.686+0000][2.035s][info ][gc,marking  ] GC(16) Concurrent Mark
[2025-06-05T22:42:53.686+0000][2.035s][info ][gc,marking  ] GC(16) Concurrent Mark From Roots
[2025-06-05T22:42:53.686+0000][2.035s][info ][gc,task     ] GC(16) Using 1 workers of 1 for marking
[2025-06-05T22:42:53.697+0000][2.046s][info ][gc,marking  ] GC(16) Concurrent Mark From Roots 11.157ms
[2025-06-05T22:42:53.697+0000][2.046s][info ][gc,marking  ] GC(16) Concurrent Preclean
[2025-06-05T22:42:53.701+0000][2.049s][info ][gc,marking  ] GC(16) Concurrent Preclean 3.193ms
[2025-06-05T22:42:53.701+0000][2.049s][debug][safepoint   ] Safepoint synchronization initiated using futex wait barrier. (13 threads)
[2025-06-05T22:42:53.702+0000][2.050s][info ][gc,start    ] GC(16) Pause Remark
[2025-06-05T22:42:53.704+0000][2.052s][info ][gc          ] GC(16) Pause Remark 29M->29M(87M) 1.952ms
[2025-06-05T22:42:53.704+0000][2.052s][info ][gc,cpu      ] GC(16) User=0.00s Sys=0.00s Real=0.00s
[2025-06-05T22:42:53.704+0000][2.052s][info ][safepoint   ] Safepoint "G1PauseRemark", Time since last: 18435500 ns, Reaching safepoint: 749333 ns, Cleanup: 29250 ns, At safepoint: 2093792 ns, Total: 2872375 ns
[2025-06-05T22:42:53.705+0000][2.054s][info ][gc,marking  ] GC(16) Concurrent Mark 18.977ms
[2025-06-05T22:42:53.705+0000][2.054s][info ][gc,marking  ] GC(16) Concurrent Rebuild Remembered Sets
[2025-06-05T22:42:53.712+0000][2.060s][info ][gc,marking  ] GC(16) Concurrent Rebuild Remembered Sets 6.571ms
[2025-06-05T22:42:53.740+0000][2.088s][debug][safepoint   ] Safepoint synchronization initiated using futex wait barrier. (13 threads)
[2025-06-05T22:42:53.740+0000][2.089s][info ][gc,start    ] GC(16) Pause Cleanup
[2025-06-05T22:42:53.740+0000][2.089s][info ][gc          ] GC(16) Pause Cleanup 30M->30M(87M) 0.148ms
[2025-06-05T22:42:53.740+0000][2.089s][info ][gc,cpu      ] GC(16) User=0.00s Sys=0.00s Real=0.00s
[2025-06-05T22:42:53.740+0000][2.089s][info ][safepoint   ] Safepoint "G1PauseCleanup", Time since last: 36155625 ns, Reaching safepoint: 171208 ns, Cleanup: 17375 ns, At safepoint: 301292 ns, Total: 489875 ns
[2025-06-05T22:42:53.740+0000][2.089s][info ][gc,marking  ] GC(16) Concurrent Cleanup for Next Mark
[2025-06-05T22:42:53.744+0000][2.093s][info ][gc,marking  ] GC(16) Concurrent Cleanup for Next Mark 3.591ms
[2025-06-05T22:42:53.744+0000][2.093s][info ][gc          ] GC(16) Concurrent Mark Cycle 61.860ms
[2025-06-05T22:42:53.797+0000][2.145s][debug][safepoint   ] Safepoint synchronization initiated using futex wait barrier. (13 threads)
[2025-06-05T22:42:53.797+0000][2.146s][info ][safepoint   ] Safepoint "ICBufferFull", Time since last: 56475917 ns, Reaching safepoint: 187166 ns, Cleanup: 63167 ns, At safepoint: 1167 ns, Total: 251500 ns
[2025-06-05T22:42:53.813+0000][2.162s][debug][safepoint   ] Safepoint synchronization initiated using futex wait barrier. (13 threads)
[2025-06-05T22:42:53.813+0000][2.162s][info ][gc,start    ] GC(17) Pause Young (Normal) (G1 Evacuation Pause)
[2025-06-05T22:42:53.813+0000][2.162s][info ][gc,task     ] GC(17) Using 2 workers of 2 for evacuation
[2025-06-05T22:42:53.846+0000][2.194s][info ][gc,phases   ] GC(17)   Pre Evacuate Collection Set: 0.1ms
[2025-06-05T22:42:53.846+0000][2.194s][info ][gc,phases   ] GC(17)   Merge Heap Roots: 0.1ms
[2025-06-05T22:42:53.846+0000][2.194s][info ][gc,phases   ] GC(17)   Evacuate Collection Set: 31.4ms
[2025-06-05T22:42:53.846+0000][2.194s][info ][gc,phases   ] GC(17)   Post Evacuate Collection Set: 0.5ms
[2025-06-05T22:42:53.846+0000][2.194s][info ][gc,phases   ] GC(17)   Other: 0.2ms
[2025-06-05T22:42:53.846+0000][2.194s][info ][gc,heap     ] GC(17) Eden regions: 45->0(43)
[2025-06-05T22:42:53.846+0000][2.194s][info ][gc,heap     ] GC(17) Survivor regions: 7->7(7)
[2025-06-05T22:42:53.846+0000][2.194s][info ][gc,heap     ] GC(17) Old regions: 15->19
[2025-06-05T22:42:53.846+0000][2.195s][info ][gc,heap     ] GC(17) Archive regions: 2->2
[2025-06-05T22:42:53.846+0000][2.195s][info ][gc,heap     ] GC(17) Humongous regions: 0->0
[2025-06-05T22:42:53.846+0000][2.195s][info ][gc,metaspace] GC(17) Metaspace: 24403K(24832K)->24403K(24832K) NonClass: 21227K(21440K)->21227K(21440K) Class: 3176K(3392K)->3176K(3392K)
[2025-06-05T22:42:53.846+0000][2.195s][info ][gc          ] GC(17) Pause Young (Normal) (G1 Evacuation Pause) 67M->25M(87M) 32.758ms
[2025-06-05T22:42:53.846+0000][2.195s][info ][gc,cpu      ] GC(17) User=0.01s Sys=0.00s Real=0.03s
[2025-06-05T22:42:53.846+0000][2.195s][info ][safepoint   ] Safepoint "G1CollectForAllocation", Time since last: 16112500 ns, Reaching safepoint: 165708 ns, Cleanup: 17125 ns, At safepoint: 32859875 ns, Total: 33042708 ns
[2025-06-05T22:42:53.900+0000][2.248s][debug][safepoint   ] Safepoint synchronization initiated using futex wait barrier. (13 threads)
[2025-06-05T22:42:53.900+0000][2.249s][info ][safepoint   ] Safepoint "ICBufferFull", Time since last: 53577000 ns, Reaching safepoint: 200125 ns, Cleanup: 85083 ns, At safepoint: 6250 ns, Total: 291458 ns
[2025-06-05T22:42:53.907+0000][2.256s][debug][safepoint   ] Safepoint synchronization initiated using futex wait barrier. (13 threads)
[2025-06-05T22:42:53.907+0000][2.256s][info ][gc,start    ] GC(18) Pause Young (Normal) (G1 Evacuation Pause)
[2025-06-05T22:42:53.907+0000][2.256s][info ][gc,task     ] GC(18) Using 2 workers of 2 for evacuation
[2025-06-05T22:42:53.914+0000][2.263s][info ][gc,phases   ] GC(18)   Pre Evacuate Collection Set: 0.1ms
[2025-06-05T22:42:53.915+0000][2.263s][info ][gc,phases   ] GC(18)   Merge Heap Roots: 0.1ms
[2025-06-05T22:42:53.915+0000][2.263s][info ][gc,phases   ] GC(18)   Evacuate Collection Set: 6.2ms
[2025-06-05T22:42:53.915+0000][2.263s][info ][gc,phases   ] GC(18)   Post Evacuate Collection Set: 0.7ms
[2025-06-05T22:42:53.915+0000][2.263s][info ][gc,phases   ] GC(18)   Other: 0.1ms
[2025-06-05T22:42:53.915+0000][2.263s][info ][gc,heap     ] GC(18) Eden regions: 43->0(37)
[2025-06-05T22:42:53.915+0000][2.263s][info ][gc,heap     ] GC(18) Survivor regions: 7->7(7)
[2025-06-05T22:42:53.915+0000][2.263s][info ][gc,heap     ] GC(18) Old regions: 19->23
[2025-06-05T22:42:53.915+0000][2.263s][info ][gc,heap     ] GC(18) Archive regions: 2->2
[2025-06-05T22:42:53.915+0000][2.263s][info ][gc,heap     ] GC(18) Humongous regions: 0->0
[2025-06-05T22:42:53.915+0000][2.264s][info ][gc,metaspace] GC(18) Metaspace: 24459K(24832K)->24459K(24832K) NonClass: 21273K(21440K)->21273K(21440K) Class: 3186K(3392K)->3186K(3392K)
[2025-06-05T22:42:53.915+0000][2.264s][info ][gc          ] GC(18) Pause Young (Normal) (G1 Evacuation Pause) 68M->29M(87M) 7.849ms
[2025-06-05T22:42:53.915+0000][2.264s][info ][gc,cpu      ] GC(18) User=0.02s Sys=0.00s Real=0.00s
[2025-06-05T22:42:53.915+0000][2.264s][info ][safepoint   ] Safepoint "G1CollectForAllocation", Time since last: 7003417 ns, Reaching safepoint: 125667 ns, Cleanup: 6166 ns, At safepoint: 7966250 ns, Total: 8098083 ns
[2025-06-05T22:42:53.962+0000][2.311s][debug][safepoint   ] Safepoint synchronization initiated using futex wait barrier. (13 threads)
[2025-06-05T22:42:53.962+0000][2.311s][info ][gc,start    ] GC(19) Pause Young (Normal) (G1 Evacuation Pause)
[2025-06-05T22:42:53.962+0000][2.311s][info ][gc,task     ] GC(19) Using 2 workers of 2 for evacuation
[2025-06-05T22:42:53.970+0000][2.318s][info ][gc,phases   ] GC(19)   Pre Evacuate Collection Set: 0.1ms
[2025-06-05T22:42:53.970+0000][2.318s][info ][gc,phases   ] GC(19)   Merge Heap Roots: 0.1ms
[2025-06-05T22:42:53.970+0000][2.318s][info ][gc,phases   ] GC(19)   Evacuate Collection Set: 6.3ms
[2025-06-05T22:42:53.970+0000][2.318s][info ][gc,phases   ] GC(19)   Post Evacuate Collection Set: 0.6ms
[2025-06-05T22:42:53.970+0000][2.318s][info ][gc,phases   ] GC(19)   Other: 0.2ms
[2025-06-05T22:42:53.970+0000][2.318s][info ][gc,heap     ] GC(19) Eden regions: 37->0(31)
[2025-06-05T22:42:53.970+0000][2.318s][info ][gc,heap     ] GC(19) Survivor regions: 7->6(6)
[2025-06-05T22:42:53.970+0000][2.318s][info ][gc,heap     ] GC(19) Old regions: 23->30
[2025-06-05T22:42:53.970+0000][2.318s][info ][gc,heap     ] GC(19) Archive regions: 2->2
[2025-06-05T22:42:53.970+0000][2.318s][info ][gc,heap     ] GC(19) Humongous regions: 0->0
[2025-06-05T22:42:53.970+0000][2.319s][info ][gc,metaspace] GC(19) Metaspace: 24459K(24832K)->24459K(24832K) NonClass: 21273K(21440K)->21273K(21440K) Class: 3186K(3392K)->3186K(3392K)
[2025-06-05T22:42:53.970+0000][2.319s][info ][gc          ] GC(19) Pause Young (Normal) (G1 Evacuation Pause) 66M->35M(87M) 7.764ms
[2025-06-05T22:42:53.970+0000][2.319s][info ][gc,cpu      ] GC(19) User=0.02s Sys=0.00s Real=0.01s
[2025-06-05T22:42:53.970+0000][2.319s][info ][safepoint   ] Safepoint "G1CollectForAllocation", Time since last: 46899292 ns, Reaching safepoint: 202792 ns, Cleanup: 9125 ns, At safepoint: 7872708 ns, Total: 8084625 ns
[2025-06-05T22:42:54.008+0000][2.357s][debug][safepoint   ] Safepoint synchronization initiated using futex wait barrier. (13 threads)
[2025-06-05T22:42:54.008+0000][2.357s][info ][gc,start    ] GC(20) Pause Young (Normal) (G1 Evacuation Pause)
[2025-06-05T22:42:54.009+0000][2.357s][info ][gc,task     ] GC(20) Using 2 workers of 2 for evacuation
[2025-06-05T22:42:54.016+0000][2.365s][info ][gc,phases   ] GC(20)   Pre Evacuate Collection Set: 0.1ms
[2025-06-05T22:42:54.016+0000][2.365s][info ][gc,phases   ] GC(20)   Merge Heap Roots: 0.1ms
[2025-06-05T22:42:54.016+0000][2.365s][info ][gc,phases   ] GC(20)   Evacuate Collection Set: 6.5ms
[2025-06-05T22:42:54.016+0000][2.365s][info ][gc,phases   ] GC(20)   Post Evacuate Collection Set: 0.9ms
[2025-06-05T22:42:54.016+0000][2.365s][info ][gc,phases   ] GC(20)   Other: 0.2ms
[2025-06-05T22:42:54.017+0000][2.365s][info ][gc,heap     ] GC(20) Eden regions: 31->0(97)
[2025-06-05T22:42:54.017+0000][2.365s][info ][gc,heap     ] GC(20) Survivor regions: 6->4(5)
[2025-06-05T22:42:54.017+0000][2.365s][info ][gc,heap     ] GC(20) Old regions: 30->36
[2025-06-05T22:42:54.017+0000][2.365s][info ][gc,heap     ] GC(20) Archive regions: 2->2
[2025-06-05T22:42:54.017+0000][2.365s][info ][gc,heap     ] GC(20) Humongous regions: 0->0
[2025-06-05T22:42:54.017+0000][2.365s][info ][gc,metaspace] GC(20) Metaspace: 24506K(24896K)->24506K(24896K) NonClass: 21315K(21504K)->21315K(21504K) Class: 3191K(3392K)->3191K(3392K)
[2025-06-05T22:42:54.017+0000][2.365s][info ][gc          ] GC(20) Pause Young (Normal) (G1 Evacuation Pause) 66M->39M(184M) 8.388ms
[2025-06-05T22:42:54.017+0000][2.365s][info ][gc,cpu      ] GC(20) User=0.01s Sys=0.01s Real=0.01s
[2025-06-05T22:42:54.017+0000][2.365s][info ][safepoint   ] Safepoint "G1CollectForAllocation", Time since last: 38065792 ns, Reaching safepoint: 195666 ns, Cleanup: 22792 ns, At safepoint: 8488667 ns, Total: 8707125 ns
[2025-06-05T22:42:54.154+0000][2.502s][debug][safepoint   ] Safepoint synchronization initiated using futex wait barrier. (13 threads)
[2025-06-05T22:42:54.154+0000][2.503s][info ][safepoint   ] Safepoint "ICBufferFull", Time since last: 136863208 ns, Reaching safepoint: 207833 ns, Cleanup: 88167 ns, At safepoint: 1542 ns, Total: 297542 ns
[2025-06-05T22:42:54.199+0000][2.547s][debug][safepoint   ] Safepoint synchronization initiated using futex wait barrier. (13 threads)
[2025-06-05T22:42:54.199+0000][2.548s][info ][safepoint   ] Safepoint "ICBufferFull", Time since last: 44785708 ns, Reaching safepoint: 189958 ns, Cleanup: 74125 ns, At safepoint: 1375 ns, Total: 265458 ns
[2025-06-05T22:42:54.210+0000][2.559s][debug][safepoint   ] Safepoint synchronization initiated using futex wait barrier. (13 threads)
[2025-06-05T22:42:54.210+0000][2.559s][info ][gc,start    ] GC(21) Pause Young (Normal) (G1 Evacuation Pause)
[2025-06-05T22:42:54.210+0000][2.559s][info ][gc,task     ] GC(21) Using 2 workers of 2 for evacuation
[2025-06-05T22:42:54.244+0000][2.593s][info ][gc,phases   ] GC(21)   Pre Evacuate Collection Set: 0.1ms
[2025-06-05T22:42:54.244+0000][2.593s][info ][gc,phases   ] GC(21)   Merge Heap Roots: 0.1ms
[2025-06-05T22:42:54.244+0000][2.593s][info ][gc,phases   ] GC(21)   Evacuate Collection Set: 33.1ms
[2025-06-05T22:42:54.244+0000][2.593s][info ][gc,phases   ] GC(21)   Post Evacuate Collection Set: 0.6ms
[2025-06-05T22:42:54.244+0000][2.593s][info ][gc,phases   ] GC(21)   Other: 0.2ms
[2025-06-05T22:42:54.245+0000][2.593s][info ][gc,heap     ] GC(21) Eden regions: 97->0(88)
[2025-06-05T22:42:54.245+0000][2.593s][info ][gc,heap     ] GC(21) Survivor regions: 4->12(13)
[2025-06-05T22:42:54.245+0000][2.593s][info ][gc,heap     ] GC(21) Old regions: 36->36
[2025-06-05T22:42:54.245+0000][2.593s][info ][gc,heap     ] GC(21) Archive regions: 2->2
[2025-06-05T22:42:54.245+0000][2.593s][info ][gc,heap     ] GC(21) Humongous regions: 0->0
[2025-06-05T22:42:54.245+0000][2.593s][info ][gc,metaspace] GC(21) Metaspace: 24989K(25344K)->24989K(25344K) NonClass: 21745K(21888K)->21745K(21888K) Class: 3243K(3456K)->3243K(3456K)
[2025-06-05T22:42:54.245+0000][2.593s][info ][gc          ] GC(21) Pause Young (Normal) (G1 Evacuation Pause) 136M->47M(184M) 34.608ms
[2025-06-05T22:42:54.245+0000][2.593s][info ][gc,cpu      ] GC(21) User=0.02s Sys=0.00s Real=0.03s
[2025-06-05T22:42:54.245+0000][2.593s][info ][safepoint   ] Safepoint "G1CollectForAllocation", Time since last: 10856417 ns, Reaching safepoint: 174083 ns, Cleanup: 12167 ns, At safepoint: 34708833 ns, Total: 34895083 ns
[2025-06-05T22:42:54.324+0000][2.673s][debug][safepoint   ] Safepoint synchronization initiated using futex wait barrier. (13 threads)
[2025-06-05T22:42:54.326+0000][2.674s][info ][safepoint   ] Safepoint "ICBufferFull", Time since last: 79403042 ns, Reaching safepoint: 1484208 ns, Cleanup: 71584 ns, At safepoint: 4416 ns, Total: 1560208 ns
[2025-06-05T22:42:54.383+0000][2.731s][debug][safepoint   ] Safepoint synchronization initiated using futex wait barrier. (13 threads)
[2025-06-05T22:42:54.384+0000][2.732s][info ][safepoint   ] Safepoint "ICBufferFull", Time since last: 56822417 ns, Reaching safepoint: 1007167 ns, Cleanup: 84666 ns, At safepoint: 5042 ns, Total: 1096875 ns
[2025-06-05T22:42:54.407+0000][2.755s][debug][safepoint   ] Safepoint synchronization initiated using futex wait barrier. (13 threads)
[2025-06-05T22:42:54.407+0000][2.756s][info ][gc,start    ] GC(22) Pause Young (Normal) (G1 Evacuation Pause)
[2025-06-05T22:42:54.407+0000][2.756s][info ][gc,task     ] GC(22) Using 2 workers of 2 for evacuation
[2025-06-05T22:42:54.417+0000][2.766s][info ][gc,phases   ] GC(22)   Pre Evacuate Collection Set: 0.1ms
[2025-06-05T22:42:54.417+0000][2.766s][info ][gc,phases   ] GC(22)   Merge Heap Roots: 0.1ms
[2025-06-05T22:42:54.417+0000][2.766s][info ][gc,phases   ] GC(22)   Evacuate Collection Set: 8.6ms
[2025-06-05T22:42:54.417+0000][2.766s][info ][gc,phases   ] GC(22)   Post Evacuate Collection Set: 1.0ms
[2025-06-05T22:42:54.418+0000][2.766s][info ][gc,phases   ] GC(22)   Other: 0.2ms
[2025-06-05T22:42:54.418+0000][2.766s][info ][gc,heap     ] GC(22) Eden regions: 88->0(89)
[2025-06-05T22:42:54.418+0000][2.766s][info ][gc,heap     ] GC(22) Survivor regions: 12->4(13)
[2025-06-05T22:42:54.418+0000][2.766s][info ][gc,heap     ] GC(22) Old regions: 36->48
[2025-06-05T22:42:54.418+0000][2.766s][info ][gc,heap     ] GC(22) Archive regions: 2->2
[2025-06-05T22:42:54.418+0000][2.766s][info ][gc,heap     ] GC(22) Humongous regions: 0->0
[2025-06-05T22:42:54.418+0000][2.766s][info ][gc,metaspace] GC(22) Metaspace: 25180K(25600K)->25180K(25600K) NonClass: 21923K(22144K)->21923K(22144K) Class: 3257K(3456K)->3257K(3456K)
[2025-06-05T22:42:54.418+0000][2.766s][info ][gc          ] GC(22) Pause Young (Normal) (G1 Evacuation Pause) 135M->51M(184M) 10.691ms
[2025-06-05T22:42:54.418+0000][2.766s][info ][gc,cpu      ] GC(22) User=0.03s Sys=0.00s Real=0.01s
[2025-06-05T22:42:54.418+0000][2.766s][info ][safepoint   ] Safepoint "G1CollectForAllocation", Time since last: 23154959 ns, Reaching safepoint: 175791 ns, Cleanup: 31959 ns, At safepoint: 10803708 ns, Total: 11011458 ns
[2025-06-05T22:42:54.502+0000][2.851s][debug][safepoint   ] Safepoint synchronization initiated using futex wait barrier. (13 threads)
[2025-06-05T22:42:54.503+0000][2.851s][info ][safepoint   ] Safepoint "ICBufferFull", Time since last: 84283750 ns, Reaching safepoint: 326292 ns, Cleanup: 91541 ns, At safepoint: 5167 ns, Total: 423000 ns
[2025-06-05T22:42:54.541+0000][2.889s][debug][safepoint   ] Safepoint synchronization initiated using futex wait barrier. (13 threads)
[2025-06-05T22:42:54.541+0000][2.890s][info ][safepoint   ] Safepoint "ICBufferFull", Time since last: 38224792 ns, Reaching safepoint: 182416 ns, Cleanup: 60792 ns, At safepoint: 1292 ns, Total: 244500 ns
[2025-06-05T22:42:54.567+0000][2.915s][debug][safepoint   ] Safepoint synchronization initiated using futex wait barrier. (13 threads)
[2025-06-05T22:42:54.567+0000][2.915s][info ][gc,start    ] GC(23) Pause Young (Normal) (G1 Evacuation Pause)
[2025-06-05T22:42:54.567+0000][2.916s][info ][gc,task     ] GC(23) Using 2 workers of 2 for evacuation
[2025-06-05T22:42:54.572+0000][2.920s][info ][gc,phases   ] GC(23)   Pre Evacuate Collection Set: 0.1ms
[2025-06-05T22:42:54.572+0000][2.921s][info ][gc,phases   ] GC(23)   Merge Heap Roots: 0.1ms
[2025-06-05T22:42:54.572+0000][2.921s][info ][gc,phases   ] GC(23)   Evacuate Collection Set: 4.1ms
[2025-06-05T22:42:54.572+0000][2.921s][info ][gc,phases   ] GC(23)   Post Evacuate Collection Set: 0.6ms
[2025-06-05T22:42:54.572+0000][2.921s][info ][gc,phases   ] GC(23)   Other: 0.2ms
[2025-06-05T22:42:54.572+0000][2.921s][info ][gc,heap     ] GC(23) Eden regions: 89->0(90)
[2025-06-05T22:42:54.572+0000][2.921s][info ][gc,heap     ] GC(23) Survivor regions: 4->7(12)
[2025-06-05T22:42:54.572+0000][2.921s][info ][gc,heap     ] GC(23) Old regions: 48->48
[2025-06-05T22:42:54.572+0000][2.921s][info ][gc,heap     ] GC(23) Archive regions: 2->2
[2025-06-05T22:42:54.572+0000][2.921s][info ][gc,heap     ] GC(23) Humongous regions: 0->0
[2025-06-05T22:42:54.572+0000][2.921s][info ][gc,metaspace] GC(23) Metaspace: 25353K(25728K)->25353K(25728K) NonClass: 22072K(22272K)->22072K(22272K) Class: 3280K(3456K)->3280K(3456K)
[2025-06-05T22:42:54.572+0000][2.921s][info ][gc          ] GC(23) Pause Young (Normal) (G1 Evacuation Pause) 140M->54M(184M) 5.505ms
[2025-06-05T22:42:54.573+0000][2.921s][info ][gc,cpu      ] GC(23) User=0.01s Sys=0.00s Real=0.00s
[2025-06-05T22:42:54.573+0000][2.921s][info ][safepoint   ] Safepoint "G1CollectForAllocation", Time since last: 25601000 ns, Reaching safepoint: 199000 ns, Cleanup: 48083 ns, At safepoint: 5602583 ns, Total: 5849666 ns
[2025-06-05T22:42:54.718+0000][3.066s][debug][safepoint   ] Safepoint synchronization initiated using futex wait barrier. (14 threads)
[2025-06-05T22:42:54.718+0000][3.067s][info ][gc,start    ] GC(24) Pause Young (Normal) (G1 Evacuation Pause)
[2025-06-05T22:42:54.718+0000][3.067s][info ][gc,task     ] GC(24) Using 2 workers of 2 for evacuation
[2025-06-05T22:42:54.724+0000][3.072s][info ][gc,phases   ] GC(24)   Pre Evacuate Collection Set: 0.1ms
[2025-06-05T22:42:54.724+0000][3.072s][info ][gc,phases   ] GC(24)   Merge Heap Roots: 0.1ms
[2025-06-05T22:42:54.724+0000][3.072s][info ][gc,phases   ] GC(24)   Evacuate Collection Set: 4.0ms
[2025-06-05T22:42:54.724+0000][3.072s][info ][gc,phases   ] GC(24)   Post Evacuate Collection Set: 1.3ms
[2025-06-05T22:42:54.724+0000][3.073s][info ][gc,phases   ] GC(24)   Other: 0.2ms
[2025-06-05T22:42:54.724+0000][3.073s][info ][gc,heap     ] GC(24) Eden regions: 90->0(201)
[2025-06-05T22:42:54.724+0000][3.073s][info ][gc,heap     ] GC(24) Survivor regions: 7->4(13)
[2025-06-05T22:42:54.724+0000][3.073s][info ][gc,heap     ] GC(24) Old regions: 48->51
[2025-06-05T22:42:54.724+0000][3.073s][info ][gc,heap     ] GC(24) Archive regions: 2->2
[2025-06-05T22:42:54.724+0000][3.073s][info ][gc,heap     ] GC(24) Humongous regions: 0->0
[2025-06-05T22:42:54.724+0000][3.073s][info ][gc,metaspace] GC(24) Metaspace: 26872K(27200K)->26872K(27200K) NonClass: 23477K(23616K)->23477K(23616K) Class: 3394K(3584K)->3394K(3584K)
[2025-06-05T22:42:54.724+0000][3.073s][info ][gc          ] GC(24) Pause Young (Normal) (G1 Evacuation Pause) 144M->55M(342M) 6.304ms
[2025-06-05T22:42:54.725+0000][3.073s][info ][gc,cpu      ] GC(24) User=0.02s Sys=0.00s Real=0.00s
[2025-06-05T22:42:54.725+0000][3.073s][info ][safepoint   ] Safepoint "G1CollectForAllocation", Time since last: 145313084 ns, Reaching safepoint: 216666 ns, Cleanup: 46584 ns, At safepoint: 6502416 ns, Total: 6765666 ns
[2025-06-05T22:42:54.841+0000][3.189s][debug][safepoint   ] Safepoint synchronization initiated using futex wait barrier. (13 threads)
[2025-06-05T22:42:54.841+0000][3.189s][info ][safepoint   ] Safepoint "ICBufferFull", Time since last: 115927834 ns, Reaching safepoint: 198875 ns, Cleanup: 77000 ns, At safepoint: 7875 ns, Total: 283750 ns
[2025-06-05T22:42:55.053+0000][3.401s][debug][safepoint   ] Safepoint synchronization initiated using futex wait barrier. (13 threads)
[2025-06-05T22:42:55.054+0000][3.402s][info ][safepoint   ] Safepoint "ICBufferFull", Time since last: 211656166 ns, Reaching safepoint: 1199584 ns, Cleanup: 71500 ns, At safepoint: 4458 ns, Total: 1275542 ns
[2025-06-05T22:42:55.097+0000][3.446s][debug][safepoint   ] Safepoint synchronization initiated using futex wait barrier. (13 threads)
[2025-06-05T22:42:55.097+0000][3.446s][info ][gc,start    ] GC(25) Pause Young (Normal) (G1 Evacuation Pause)
[2025-06-05T22:42:55.098+0000][3.446s][info ][gc,task     ] GC(25) Using 2 workers of 2 for evacuation
[2025-06-05T22:42:55.103+0000][3.451s][info ][gc,phases   ] GC(25)   Pre Evacuate Collection Set: 0.1ms
[2025-06-05T22:42:55.103+0000][3.452s][info ][gc,phases   ] GC(25)   Merge Heap Roots: 0.1ms
[2025-06-05T22:42:55.103+0000][3.452s][info ][gc,phases   ] GC(25)   Evacuate Collection Set: 4.3ms
[2025-06-05T22:42:55.103+0000][3.452s][info ][gc,phases   ] GC(25)   Post Evacuate Collection Set: 0.7ms
[2025-06-05T22:42:55.103+0000][3.452s][info ][gc,phases   ] GC(25)   Other: 0.3ms
[2025-06-05T22:42:55.103+0000][3.452s][info ][gc,heap     ] GC(25) Eden regions: 201->0(198)
[2025-06-05T22:42:55.103+0000][3.452s][info ][gc,heap     ] GC(25) Survivor regions: 4->7(26)
[2025-06-05T22:42:55.103+0000][3.452s][info ][gc,heap     ] GC(25) Old regions: 51->51
[2025-06-05T22:42:55.103+0000][3.452s][info ][gc,heap     ] GC(25) Archive regions: 2->2
[2025-06-05T22:42:55.103+0000][3.452s][info ][gc,heap     ] GC(25) Humongous regions: 0->0
[2025-06-05T22:42:55.104+0000][3.452s][info ][gc,metaspace] GC(25) Metaspace: 33603K(33984K)->33603K(33984K) NonClass: 29446K(29632K)->29446K(29632K) Class: 4157K(4352K)->4157K(4352K)
[2025-06-05T22:42:55.104+0000][3.452s][info ][gc          ] GC(25) Pause Young (Normal) (G1 Evacuation Pause) 256M->57M(342M) 6.150ms
[2025-06-05T22:42:55.104+0000][3.452s][info ][gc,cpu      ] GC(25) User=0.02s Sys=0.00s Real=0.00s
[2025-06-05T22:42:55.104+0000][3.452s][info ][safepoint   ] Safepoint "G1CollectForAllocation", Time since last: 43378000 ns, Reaching safepoint: 207750 ns, Cleanup: 48250 ns, At safepoint: 6257042 ns, Total: 6513042 ns
[2025-06-05T22:42:55.339+0000][3.688s][debug][safepoint   ] Safepoint synchronization initiated using futex wait barrier. (13 threads)
[2025-06-05T22:42:55.341+0000][3.689s][info ][safepoint   ] Safepoint "ICBufferFull", Time since last: 235759792 ns, Reaching safepoint: 1119833 ns, Cleanup: 119208 ns, At safepoint: 3959 ns, Total: 1243000 ns
[2025-06-05T22:42:55.380+0000][3.728s][debug][safepoint   ] Safepoint synchronization initiated using futex wait barrier. (13 threads)
[2025-06-05T22:42:55.382+0000][3.730s][info ][safepoint   ] Safepoint "ICBufferFull", Time since last: 38951250 ns, Reaching safepoint: 2123958 ns, Cleanup: 127167 ns, At safepoint: 8833 ns, Total: 2259958 ns
[2025-06-05T22:42:55.417+0000][3.766s][debug][safepoint   ] Safepoint synchronization initiated using futex wait barrier. (13 threads)
[2025-06-05T22:42:55.418+0000][3.766s][info ][safepoint   ] Safepoint "ICBufferFull", Time since last: 35337167 ns, Reaching safepoint: 225166 ns, Cleanup: 101667 ns, At safepoint: 3875 ns, Total: 330708 ns
[2025-06-05T22:42:55.522+0000][3.870s][debug][safepoint   ] Safepoint synchronization initiated using futex wait barrier. (13 threads)
[2025-06-05T22:42:55.522+0000][3.871s][info ][gc,start    ] GC(26) Pause Young (Normal) (G1 Evacuation Pause)
[2025-06-05T22:42:55.522+0000][3.871s][info ][gc,task     ] GC(26) Using 2 workers of 2 for evacuation
[2025-06-05T22:42:55.529+0000][3.877s][info ][gc,phases   ] GC(26)   Pre Evacuate Collection Set: 0.1ms
[2025-06-05T22:42:55.529+0000][3.877s][info ][gc,phases   ] GC(26)   Merge Heap Roots: 0.1ms
[2025-06-05T22:42:55.529+0000][3.877s][info ][gc,phases   ] GC(26)   Evacuate Collection Set: 5.5ms
[2025-06-05T22:42:55.529+0000][3.877s][info ][gc,phases   ] GC(26)   Post Evacuate Collection Set: 0.7ms
[2025-06-05T22:42:55.529+0000][3.877s][info ][gc,phases   ] GC(26)   Other: 0.2ms
[2025-06-05T22:42:55.529+0000][3.878s][info ][gc,heap     ] GC(26) Eden regions: 198->0(196)
[2025-06-05T22:42:55.529+0000][3.878s][info ][gc,heap     ] GC(26) Survivor regions: 7->9(26)
[2025-06-05T22:42:55.529+0000][3.878s][info ][gc,heap     ] GC(26) Old regions: 51->51
[2025-06-05T22:42:55.529+0000][3.878s][info ][gc,heap     ] GC(26) Archive regions: 2->2
[2025-06-05T22:42:55.529+0000][3.878s][info ][gc,heap     ] GC(26) Humongous regions: 0->0
[2025-06-05T22:42:55.529+0000][3.878s][info ][gc,metaspace] GC(26) Metaspace: 37489K(37888K)->37489K(37888K) NonClass: 32709K(32896K)->32709K(32896K) Class: 4780K(4992K)->4780K(4992K)
[2025-06-05T22:42:55.529+0000][3.878s][info ][gc          ] GC(26) Pause Young (Normal) (G1 Evacuation Pause) 255M->60M(342M) 7.174ms
[2025-06-05T22:42:55.529+0000][3.878s][info ][gc,cpu      ] GC(26) User=0.02s Sys=0.00s Real=0.01s
[2025-06-05T22:42:55.529+0000][3.878s][info ][safepoint   ] Safepoint "G1CollectForAllocation", Time since last: 104378083 ns, Reaching safepoint: 145292 ns, Cleanup: 30958 ns, At safepoint: 7304542 ns, Total: 7480792 ns
[2025-06-05T22:42:55.671+0000][4.019s][debug][safepoint   ] Safepoint synchronization initiated using futex wait barrier. (13 threads)
[2025-06-05T22:42:55.672+0000][4.020s][info ][safepoint   ] Safepoint "ICBufferFull", Time since last: 141397000 ns, Reaching safepoint: 832625 ns, Cleanup: 68458 ns, At safepoint: 4417 ns, Total: 905500 ns
[2025-06-05T22:42:55.719+0000][4.068s][debug][safepoint   ] Safepoint synchronization initiated using futex wait barrier. (13 threads)
[2025-06-05T22:42:55.720+0000][4.068s][info ][safepoint   ] Safepoint "ICBufferFull", Time since last: 47585000 ns, Reaching safepoint: 219542 ns, Cleanup: 105666 ns, At safepoint: 1375 ns, Total: 326583 ns
[2025-06-05T22:42:55.883+0000][4.231s][debug][safepoint   ] Safepoint synchronization initiated using futex wait barrier. (13 threads)
[2025-06-05T22:42:55.883+0000][4.232s][info ][gc,start    ] GC(27) Pause Young (Concurrent Start) (Metadata GC Threshold)
[2025-06-05T22:42:55.883+0000][4.232s][info ][gc,task     ] GC(27) Using 2 workers of 2 for evacuation
[2025-06-05T22:42:55.891+0000][4.240s][info ][gc,phases   ] GC(27)   Pre Evacuate Collection Set: 0.1ms
[2025-06-05T22:42:55.891+0000][4.240s][info ][gc,phases   ] GC(27)   Merge Heap Roots: 0.1ms
[2025-06-05T22:42:55.891+0000][4.240s][info ][gc,phases   ] GC(27)   Evacuate Collection Set: 6.9ms
[2025-06-05T22:42:55.891+0000][4.240s][info ][gc,phases   ] GC(27)   Post Evacuate Collection Set: 0.8ms
[2025-06-05T22:42:55.892+0000][4.240s][info ][gc,phases   ] GC(27)   Other: 0.2ms
[2025-06-05T22:42:55.892+0000][4.240s][info ][gc,heap     ] GC(27) Eden regions: 167->0(194)
[2025-06-05T22:42:55.892+0000][4.240s][info ][gc,heap     ] GC(27) Survivor regions: 9->11(26)
[2025-06-05T22:42:55.892+0000][4.240s][info ][gc,heap     ] GC(27) Old regions: 51->51
[2025-06-05T22:42:55.892+0000][4.240s][info ][gc,heap     ] GC(27) Archive regions: 2->2
[2025-06-05T22:42:55.892+0000][4.240s][info ][gc,heap     ] GC(27) Humongous regions: 0->0
[2025-06-05T22:42:55.892+0000][4.240s][info ][gc,metaspace] GC(27) Metaspace: 40550K(40960K)->40550K(40960K) NonClass: 35457K(35648K)->35457K(35648K) Class: 5092K(5312K)->5092K(5312K)
[2025-06-05T22:42:55.892+0000][4.240s][info ][gc          ] GC(27) Pause Young (Concurrent Start) (Metadata GC Threshold) 227M->61M(342M) 8.700ms
[2025-06-05T22:42:55.892+0000][4.240s][info ][gc,cpu      ] GC(27) User=0.03s Sys=0.00s Real=0.01s
[2025-06-05T22:42:55.892+0000][4.241s][info ][gc          ] GC(28) Concurrent Mark Cycle
[2025-06-05T22:42:55.892+0000][4.241s][info ][gc,marking  ] GC(28) Concurrent Clear Claimed Marks
[2025-06-05T22:42:55.892+0000][4.241s][info ][safepoint   ] Safepoint "CollectForMetadataAllocation", Time since last: 163250792 ns, Reaching safepoint: 208584 ns, Cleanup: 67750 ns, At safepoint: 8852666 ns, Total: 9129000 ns
[2025-06-05T22:42:55.892+0000][4.241s][info ][gc,marking  ] GC(28) Concurrent Clear Claimed Marks 0.093ms
[2025-06-05T22:42:55.894+0000][4.242s][info ][gc,marking  ] GC(28) Concurrent Scan Root Regions
[2025-06-05T22:42:55.899+0000][4.248s][info ][gc,marking  ] GC(28) Concurrent Scan Root Regions 5.290ms
[2025-06-05T22:42:55.902+0000][4.250s][info ][gc,marking  ] GC(28) Concurrent Mark
[2025-06-05T22:42:55.902+0000][4.250s][info ][gc,marking  ] GC(28) Concurrent Mark From Roots
[2025-06-05T22:42:55.902+0000][4.250s][info ][gc,task     ] GC(28) Using 1 workers of 1 for marking
[2025-06-05T22:42:55.961+0000][4.309s][info ][gc,marking  ] GC(28) Concurrent Mark From Roots 58.976ms
[2025-06-05T22:42:55.961+0000][4.309s][info ][gc,marking  ] GC(28) Concurrent Preclean
[2025-06-05T22:42:55.961+0000][4.310s][info ][gc,marking  ] GC(28) Concurrent Preclean 0.198ms
[2025-06-05T22:42:55.961+0000][4.310s][debug][safepoint   ] Safepoint synchronization initiated using futex wait barrier. (13 threads)
[2025-06-05T22:42:55.963+0000][4.311s][info ][gc,start    ] GC(28) Pause Remark
[2025-06-05T22:42:55.966+0000][4.314s][info ][gc          ] GC(28) Pause Remark 79M->79M(274M) 2.870ms
[2025-06-05T22:42:55.966+0000][4.314s][info ][gc,cpu      ] GC(28) User=0.01s Sys=0.00s Real=0.00s
[2025-06-05T22:42:55.966+0000][4.314s][info ][safepoint   ] Safepoint "G1PauseRemark", Time since last: 69178667 ns, Reaching safepoint: 1573125 ns, Cleanup: 15500 ns, At safepoint: 3053917 ns, Total: 4642542 ns
[2025-06-05T22:42:55.967+0000][4.315s][info ][gc,marking  ] GC(28) Concurrent Mark 65.021ms
[2025-06-05T22:42:55.967+0000][4.315s][info ][gc,marking  ] GC(28) Concurrent Rebuild Remembered Sets
[2025-06-05T22:42:55.989+0000][4.338s][info ][gc,marking  ] GC(28) Concurrent Rebuild Remembered Sets 22.284ms
[2025-06-05T22:42:55.989+0000][4.338s][debug][safepoint   ] Safepoint synchronization initiated using futex wait barrier. (13 threads)
[2025-06-05T22:42:55.990+0000][4.338s][debug][safepoint   ] ... found polling page loop exception at pc = 0x0000ffff7cf93f30, stub =0x0000ffff7c97ef00
[2025-06-05T22:42:55.991+0000][4.339s][info ][gc,start    ] GC(28) Pause Cleanup
[2025-06-05T22:42:55.991+0000][4.339s][info ][gc          ] GC(28) Pause Cleanup 90M->90M(274M) 0.138ms
[2025-06-05T22:42:55.991+0000][4.339s][info ][gc,cpu      ] GC(28) User=0.00s Sys=0.00s Real=0.00s
[2025-06-05T22:42:55.991+0000][4.340s][info ][safepoint   ] Safepoint "G1PauseCleanup", Time since last: 23481125 ns, Reaching safepoint: 1433083 ns, Cleanup: 14750 ns, At safepoint: 243417 ns, Total: 1691250 ns
[2025-06-05T22:42:55.993+0000][4.342s][info ][gc,marking  ] GC(28) Concurrent Cleanup for Next Mark
[2025-06-05T22:42:55.994+0000][4.342s][info ][gc,marking  ] GC(28) Concurrent Cleanup for Next Mark 0.731ms
[2025-06-05T22:42:55.994+0000][4.343s][info ][gc          ] GC(28) Concurrent Mark Cycle 102.080ms
[2025-06-05T22:42:56.197+0000][4.546s][debug][safepoint   ] Safepoint synchronization initiated using futex wait barrier. (13 threads)
[2025-06-05T22:42:56.198+0000][4.546s][info ][safepoint   ] Safepoint "ICBufferFull", Time since last: 206195791 ns, Reaching safepoint: 218959 ns, Cleanup: 108166 ns, At safepoint: 4334 ns, Total: 331459 ns
[2025-06-05T22:42:56.309+0000][4.657s][debug][safepoint   ] Safepoint synchronization initiated using futex wait barrier. (13 threads)
[2025-06-05T22:42:56.310+0000][4.658s][info ][safepoint   ] Safepoint "ICBufferFull", Time since last: 111412875 ns, Reaching safepoint: 670208 ns, Cleanup: 89417 ns, At safepoint: 8625 ns, Total: 768250 ns
[2025-06-05T22:42:56.315+0000][4.663s][debug][safepoint   ] Safepoint synchronization initiated using futex wait barrier. (13 threads)
[2025-06-05T22:42:56.315+0000][4.663s][info ][gc,start    ] GC(29) Pause Young (Prepare Mixed) (G1 Evacuation Pause)
[2025-06-05T22:42:56.315+0000][4.664s][info ][gc,task     ] GC(29) Using 2 workers of 2 for evacuation
[2025-06-05T22:42:56.323+0000][4.672s][info ][gc,phases   ] GC(29)   Pre Evacuate Collection Set: 0.1ms
[2025-06-05T22:42:56.324+0000][4.672s][info ][gc,phases   ] GC(29)   Merge Heap Roots: 0.1ms
[2025-06-05T22:42:56.324+0000][4.672s][info ][gc,phases   ] GC(29)   Evacuate Collection Set: 7.5ms
[2025-06-05T22:42:56.324+0000][4.672s][info ][gc,phases   ] GC(29)   Post Evacuate Collection Set: 0.7ms
[2025-06-05T22:42:56.324+0000][4.672s][info ][gc,phases   ] GC(29)   Other: 0.2ms
[2025-06-05T22:42:56.324+0000][4.672s][info ][gc,heap     ] GC(29) Eden regions: 153->0(1)
[2025-06-05T22:42:56.324+0000][4.672s][info ][gc,heap     ] GC(29) Survivor regions: 11->12(21)
[2025-06-05T22:42:56.324+0000][4.672s][info ][gc,heap     ] GC(29) Old regions: 51->51
[2025-06-05T22:42:56.324+0000][4.672s][info ][gc,heap     ] GC(29) Archive regions: 2->2
[2025-06-05T22:42:56.324+0000][4.673s][info ][gc,heap     ] GC(29) Humongous regions: 0->0
[2025-06-05T22:42:56.324+0000][4.673s][info ][gc,metaspace] GC(29) Metaspace: 43454K(43904K)->43454K(43904K) NonClass: 37868K(38080K)->37868K(38080K) Class: 5586K(5824K)->5586K(5824K)
[2025-06-05T22:42:56.324+0000][4.673s][info ][gc          ] GC(29) Pause Young (Prepare Mixed) (G1 Evacuation Pause) 214M->62M(274M) 9.158ms
[2025-06-05T22:42:56.324+0000][4.673s][info ][gc,cpu      ] GC(29) User=0.02s Sys=0.01s Real=0.01s
[2025-06-05T22:42:56.324+0000][4.673s][info ][safepoint   ] Safepoint "G1CollectForAllocation", Time since last: 5041333 ns, Reaching safepoint: 156958 ns, Cleanup: 24792 ns, At safepoint: 9257750 ns, Total: 9439500 ns
[2025-06-05T22:42:56.331+0000][4.680s][debug][safepoint   ] Safepoint synchronization initiated using futex wait barrier. (13 threads)
[2025-06-05T22:42:56.331+0000][4.680s][info ][gc,start    ] GC(30) Pause Young (Mixed) (G1 Evacuation Pause)
[2025-06-05T22:42:56.331+0000][4.680s][info ][gc,task     ] GC(30) Using 2 workers of 2 for evacuation
[2025-06-05T22:42:56.349+0000][4.698s][info ][gc,phases   ] GC(30)   Pre Evacuate Collection Set: 0.1ms
[2025-06-05T22:42:56.350+0000][4.698s][info ][gc,phases   ] GC(30)   Merge Heap Roots: 0.1ms
[2025-06-05T22:42:56.350+0000][4.698s][info ][gc,phases   ] GC(30)   Evacuate Collection Set: 17.1ms
[2025-06-05T22:42:56.350+0000][4.698s][info ][gc,phases   ] GC(30)   Post Evacuate Collection Set: 0.9ms
[2025-06-05T22:42:56.350+0000][4.698s][info ][gc,phases   ] GC(30)   Other: 0.1ms
[2025-06-05T22:42:56.350+0000][4.698s][info ][gc,heap     ] GC(30) Eden regions: 1->0(163)
[2025-06-05T22:42:56.350+0000][4.698s][info ][gc,heap     ] GC(30) Survivor regions: 12->1(2)
[2025-06-05T22:42:56.350+0000][4.698s][info ][gc,heap     ] GC(30) Old regions: 51->60
[2025-06-05T22:42:56.350+0000][4.698s][info ][gc,heap     ] GC(30) Archive regions: 2->2
[2025-06-05T22:42:56.350+0000][4.699s][info ][gc,heap     ] GC(30) Humongous regions: 0->0
[2025-06-05T22:42:56.350+0000][4.699s][info ][gc,metaspace] GC(30) Metaspace: 43613K(44032K)->43613K(44032K) NonClass: 38013K(38208K)->38013K(38208K) Class: 5600K(5824K)->5600K(5824K)
[2025-06-05T22:42:56.350+0000][4.699s][info ][gc          ] GC(30) Pause Young (Mixed) (G1 Evacuation Pause) 63M->61M(274M) 18.857ms
[2025-06-05T22:42:56.350+0000][4.699s][info ][gc,cpu      ] GC(30) User=0.03s Sys=0.00s Real=0.02s
[2025-06-05T22:42:56.350+0000][4.699s][info ][safepoint   ] Safepoint "G1CollectForAllocation", Time since last: 6844917 ns, Reaching safepoint: 160833 ns, Cleanup: 7625 ns, At safepoint: 18970000 ns, Total: 19138458 ns
[2025-06-05T22:42:56.477+0000][4.825s][debug][safepoint   ] Safepoint synchronization initiated using futex wait barrier. (13 threads)
[2025-06-05T22:42:56.477+0000][4.826s][info ][safepoint   ] Safepoint "ICBufferFull", Time since last: 126771250 ns, Reaching safepoint: 208083 ns, Cleanup: 83500 ns, At safepoint: 1167 ns, Total: 292750 ns
[2025-06-05T22:42:56.621+0000][4.969s][debug][safepoint   ] Safepoint synchronization initiated using futex wait barrier. (13 threads)
[2025-06-05T22:42:56.621+0000][4.970s][info ][safepoint   ] Safepoint "ICBufferFull", Time since last: 143690417 ns, Reaching safepoint: 217167 ns, Cleanup: 65333 ns, At safepoint: 1542 ns, Total: 284042 ns
[2025-06-05T22:42:56.742+0000][5.090s][debug][safepoint   ] Safepoint synchronization initiated using futex wait barrier. (13 threads)
[2025-06-05T22:42:56.742+0000][5.091s][info ][safepoint   ] Safepoint "ICBufferFull", Time since last: 120661291 ns, Reaching safepoint: 207584 ns, Cleanup: 67208 ns, At safepoint: 1458 ns, Total: 276250 ns
[2025-06-05T22:42:56.817+0000][5.165s][debug][safepoint   ] Safepoint synchronization initiated using futex wait barrier. (13 threads)
[2025-06-05T22:42:56.817+0000][5.166s][info ][gc,start    ] GC(31) Pause Young (Normal) (G1 Evacuation Pause)
[2025-06-05T22:42:56.817+0000][5.166s][info ][gc,task     ] GC(31) Using 2 workers of 2 for evacuation
[2025-06-05T22:42:56.822+0000][5.171s][info ][gc,phases   ] GC(31)   Pre Evacuate Collection Set: 0.1ms
[2025-06-05T22:42:56.822+0000][5.171s][info ][gc,phases   ] GC(31)   Merge Heap Roots: 0.1ms
[2025-06-05T22:42:56.822+0000][5.171s][info ][gc,phases   ] GC(31)   Evacuate Collection Set: 4.0ms
[2025-06-05T22:42:56.822+0000][5.171s][info ][gc,phases   ] GC(31)   Post Evacuate Collection Set: 0.7ms
[2025-06-05T22:42:56.822+0000][5.171s][info ][gc,phases   ] GC(31)   Other: 0.2ms
[2025-06-05T22:42:56.822+0000][5.171s][info ][gc,heap     ] GC(31) Eden regions: 163->0(160)
[2025-06-05T22:42:56.822+0000][5.171s][info ][gc,heap     ] GC(31) Survivor regions: 1->4(21)
[2025-06-05T22:42:56.823+0000][5.171s][info ][gc,heap     ] GC(31) Old regions: 60->60
[2025-06-05T22:42:56.823+0000][5.171s][info ][gc,heap     ] GC(31) Archive regions: 2->2
[2025-06-05T22:42:56.823+0000][5.171s][info ][gc,heap     ] GC(31) Humongous regions: 0->0
[2025-06-05T22:42:56.823+0000][5.171s][info ][gc,metaspace] GC(31) Metaspace: 49192K(49600K)->49192K(49600K) NonClass: 42874K(43072K)->42874K(43072K) Class: 6318K(6528K)->6318K(6528K)
[2025-06-05T22:42:56.823+0000][5.171s][info ][gc          ] GC(31) Pause Young (Normal) (G1 Evacuation Pause) 224M->64M(274M) 5.595ms
[2025-06-05T22:42:56.823+0000][5.171s][info ][gc,cpu      ] GC(31) User=0.01s Sys=0.00s Real=0.00s
[2025-06-05T22:42:56.823+0000][5.171s][info ][safepoint   ] Safepoint "G1CollectForAllocation", Time since last: 74655542 ns, Reaching safepoint: 210375 ns, Cleanup: 85083 ns, At safepoint: 5753917 ns, Total: 6049375 ns
[2025-06-05T22:42:57.985+0000][6.333s][debug][safepoint   ] Safepoint synchronization initiated using futex wait barrier. (15 threads)
[2025-06-05T22:42:57.986+0000][6.335s][info ][safepoint   ] Safepoint "Cleanup", Time since last: 1161856501 ns, Reaching safepoint: 1155958 ns, Cleanup: 277417 ns, At safepoint: 14541 ns, Total: 1447916 ns
[2025-06-05T22:42:58.048+0000][6.397s][debug][safepoint   ] Safepoint synchronization initiated using futex wait barrier. (15 threads)
[2025-06-05T22:42:58.049+0000][6.397s][info ][safepoint   ] Safepoint "ICBufferFull", Time since last: 62100542 ns, Reaching safepoint: 226500 ns, Cleanup: 96375 ns, At safepoint: 1667 ns, Total: 324542 ns
[2025-06-05T22:42:58.115+0000][6.463s][debug][safepoint   ] Safepoint synchronization initiated using futex wait barrier. (15 threads)
[2025-06-05T22:42:58.115+0000][6.463s][info ][safepoint   ] Safepoint "ICBufferFull", Time since last: 66045208 ns, Reaching safepoint: 213792 ns, Cleanup: 106041 ns, At safepoint: 1334 ns, Total: 321167 ns
[2025-06-05T22:42:58.300+0000][6.648s][debug][safepoint   ] Safepoint synchronization initiated using futex wait barrier. (15 threads)
[2025-06-05T22:42:58.300+0000][6.649s][info ][gc,start    ] GC(32) Pause Young (Normal) (G1 Evacuation Pause)
[2025-06-05T22:42:58.300+0000][6.649s][info ][gc,task     ] GC(32) Using 2 workers of 2 for evacuation
[2025-06-05T22:42:58.307+0000][6.656s][info ][gc,phases   ] GC(32)   Pre Evacuate Collection Set: 0.1ms
[2025-06-05T22:42:58.308+0000][6.656s][info ][gc,phases   ] GC(32)   Merge Heap Roots: 0.1ms
[2025-06-05T22:42:58.308+0000][6.656s][info ][gc,phases   ] GC(32)   Evacuate Collection Set: 6.3ms
[2025-06-05T22:42:58.308+0000][6.656s][info ][gc,phases   ] GC(32)   Post Evacuate Collection Set: 0.9ms
[2025-06-05T22:42:58.308+0000][6.656s][info ][gc,phases   ] GC(32)   Other: 0.1ms
[2025-06-05T22:42:58.308+0000][6.657s][info ][gc,heap     ] GC(32) Eden regions: 160->0(157)
[2025-06-05T22:42:58.308+0000][6.657s][info ][gc,heap     ] GC(32) Survivor regions: 4->7(21)
[2025-06-05T22:42:58.308+0000][6.657s][info ][gc,heap     ] GC(32) Old regions: 60->60
[2025-06-05T22:42:58.308+0000][6.657s][info ][gc,heap     ] GC(32) Archive regions: 2->2
[2025-06-05T22:42:58.308+0000][6.657s][info ][gc,heap     ] GC(32) Humongous regions: 0->0
[2025-06-05T22:42:58.308+0000][6.657s][info ][gc,metaspace] GC(32) Metaspace: 55972K(56384K)->55972K(56384K) NonClass: 48871K(49088K)->48871K(49088K) Class: 7101K(7296K)->7101K(7296K)
[2025-06-05T22:42:58.308+0000][6.657s][info ][gc          ] GC(32) Pause Young (Normal) (G1 Evacuation Pause) 224M->67M(274M) 8.291ms
[2025-06-05T22:42:58.308+0000][6.657s][info ][gc,cpu      ] GC(32) User=0.02s Sys=0.00s Real=0.01s
[2025-06-05T22:42:58.308+0000][6.657s][info ][safepoint   ] Safepoint "G1CollectForAllocation", Time since last: 184739041 ns, Reaching safepoint: 202292 ns, Cleanup: 85917 ns, At safepoint: 8398333 ns, Total: 8686542 ns
[2025-06-05T22:42:58.519+0000][6.867s][debug][safepoint   ] Safepoint synchronization initiated using futex wait barrier. (15 threads)
[2025-06-05T22:42:58.520+0000][6.868s][info ][safepoint   ] Safepoint "ICBufferFull", Time since last: 210206500 ns, Reaching safepoint: 1009875 ns, Cleanup: 87875 ns, At safepoint: 8917 ns, Total: 1106667 ns
[2025-06-05T22:42:58.659+0000][7.007s][debug][safepoint   ] Safepoint synchronization initiated using futex wait barrier. (18 threads)
[2025-06-05T22:42:58.659+0000][7.007s][info ][gc,start    ] GC(33) Pause Young (Normal) (G1 Evacuation Pause)
[2025-06-05T22:42:58.659+0000][7.007s][info ][gc,task     ] GC(33) Using 2 workers of 2 for evacuation
[2025-06-05T22:42:58.666+0000][7.015s][info ][gc,phases   ] GC(33)   Pre Evacuate Collection Set: 0.1ms
[2025-06-05T22:42:58.666+0000][7.015s][info ][gc,phases   ] GC(33)   Merge Heap Roots: 0.1ms
[2025-06-05T22:42:58.666+0000][7.015s][info ][gc,phases   ] GC(33)   Evacuate Collection Set: 6.2ms
[2025-06-05T22:42:58.666+0000][7.015s][info ][gc,phases   ] GC(33)   Post Evacuate Collection Set: 0.8ms
[2025-06-05T22:42:58.667+0000][7.015s][info ][gc,phases   ] GC(33)   Other: 0.2ms
[2025-06-05T22:42:58.667+0000][7.015s][info ][gc,heap     ] GC(33) Eden regions: 157->0(155)
[2025-06-05T22:42:58.667+0000][7.015s][info ][gc,heap     ] GC(33) Survivor regions: 7->9(21)
[2025-06-05T22:42:58.667+0000][7.015s][info ][gc,heap     ] GC(33) Old regions: 60->60
[2025-06-05T22:42:58.667+0000][7.015s][info ][gc,heap     ] GC(33) Archive regions: 2->2
[2025-06-05T22:42:58.667+0000][7.015s][info ][gc,heap     ] GC(33) Humongous regions: 0->0
[2025-06-05T22:42:58.667+0000][7.015s][info ][gc,metaspace] GC(33) Metaspace: 62150K(62656K)->62150K(62656K) NonClass: 54221K(54464K)->54221K(54464K) Class: 7929K(8192K)->7929K(8192K)
[2025-06-05T22:42:58.667+0000][7.015s][info ][gc          ] GC(33) Pause Young (Normal) (G1 Evacuation Pause) 224M->69M(274M) 8.080ms
[2025-06-05T22:42:58.667+0000][7.015s][info ][gc,cpu      ] GC(33) User=0.02s Sys=0.00s Real=0.01s
[2025-06-05T22:42:58.667+0000][7.016s][info ][safepoint   ] Safepoint "G1CollectForAllocation", Time since last: 138878167 ns, Reaching safepoint: 160291 ns, Cleanup: 50042 ns, At safepoint: 8209375 ns, Total: 8419708 ns
[2025-06-05T22:42:58.766+0000][7.115s][debug][safepoint   ] Safepoint synchronization initiated using futex wait barrier. (18 threads)
[2025-06-05T22:42:58.767+0000][7.115s][info ][safepoint   ] Safepoint "ICBufferFull", Time since last: 99466292 ns, Reaching safepoint: 181958 ns, Cleanup: 95250 ns, At safepoint: 1125 ns, Total: 278333 ns
[2025-06-05T22:42:59.026+0000][7.375s][debug][safepoint   ] Safepoint synchronization initiated using futex wait barrier. (18 threads)
[2025-06-05T22:42:59.027+0000][7.376s][info ][gc,start    ] GC(34) Pause Young (Normal) (G1 Evacuation Pause)
[2025-06-05T22:42:59.027+0000][7.376s][info ][gc,task     ] GC(34) Using 2 workers of 2 for evacuation
[2025-06-05T22:42:59.035+0000][7.383s][info ][gc,phases   ] GC(34)   Pre Evacuate Collection Set: 0.1ms
[2025-06-05T22:42:59.035+0000][7.383s][info ][gc,phases   ] GC(34)   Merge Heap Roots: 0.1ms
[2025-06-05T22:42:59.035+0000][7.383s][info ][gc,phases   ] GC(34)   Evacuate Collection Set: 6.5ms
[2025-06-05T22:42:59.035+0000][7.383s][info ][gc,phases   ] GC(34)   Post Evacuate Collection Set: 0.8ms
[2025-06-05T22:42:59.035+0000][7.383s][info ][gc,phases   ] GC(34)   Other: 0.2ms
[2025-06-05T22:42:59.035+0000][7.384s][info ][gc,heap     ] GC(34) Eden regions: 155->0(155)
[2025-06-05T22:42:59.035+0000][7.384s][info ][gc,heap     ] GC(34) Survivor regions: 9->9(21)
[2025-06-05T22:42:59.035+0000][7.384s][info ][gc,heap     ] GC(34) Old regions: 60->60
[2025-06-05T22:42:59.035+0000][7.384s][info ][gc,heap     ] GC(34) Archive regions: 2->2
[2025-06-05T22:42:59.035+0000][7.384s][info ][gc,heap     ] GC(34) Humongous regions: 0->0
[2025-06-05T22:42:59.035+0000][7.384s][info ][gc,metaspace] GC(34) Metaspace: 64567K(65024K)->64567K(65024K) NonClass: 56276K(56512K)->56276K(56512K) Class: 8290K(8512K)->8290K(8512K)
[2025-06-05T22:42:59.035+0000][7.384s][info ][gc          ] GC(34) Pause Young (Normal) (G1 Evacuation Pause) 224M->69M(274M) 8.156ms
[2025-06-05T22:42:59.035+0000][7.384s][info ][gc,cpu      ] GC(34) User=0.01s Sys=0.00s Real=0.00s
[2025-06-05T22:42:59.035+0000][7.384s][info ][safepoint   ] Safepoint "G1CollectForAllocation", Time since last: 259448333 ns, Reaching safepoint: 146250 ns, Cleanup: 791084 ns, At safepoint: 8268083 ns, Total: 9205417 ns
[2025-06-05T22:42:59.177+0000][7.525s][debug][safepoint   ] Safepoint synchronization initiated using futex wait barrier. (18 threads)
[2025-06-05T22:42:59.177+0000][7.525s][info ][safepoint   ] Safepoint "ICBufferFull", Time since last: 141126292 ns, Reaching safepoint: 189541 ns, Cleanup: 69542 ns, At safepoint: 1500 ns, Total: 260583 ns
[2025-06-05T22:42:59.225+0000][7.573s][debug][safepoint   ] Safepoint synchronization initiated using futex wait barrier. (18 threads)
[2025-06-05T22:42:59.225+0000][7.574s][info ][safepoint   ] Safepoint "ICBufferFull", Time since last: 47963625 ns, Reaching safepoint: 221375 ns, Cleanup: 71583 ns, At safepoint: 4209 ns, Total: 297167 ns
[2025-06-05T22:42:59.257+0000][7.606s][debug][safepoint   ] Safepoint synchronization initiated using futex wait barrier. (18 threads)
[2025-06-05T22:42:59.258+0000][7.606s][info ][safepoint   ] Safepoint "ICBufferFull", Time since last: 32298875 ns, Reaching safepoint: 208583 ns, Cleanup: 62417 ns, At safepoint: 4625 ns, Total: 275625 ns
[2025-06-05T22:42:59.303+0000][7.651s][debug][safepoint   ] Safepoint synchronization initiated using futex wait barrier. (18 threads)
[2025-06-05T22:42:59.303+0000][7.651s][info ][safepoint   ] Safepoint "ICBufferFull", Time since last: 44926583 ns, Reaching safepoint: 195417 ns, Cleanup: 74500 ns, At safepoint: 1042 ns, Total: 270959 ns
[2025-06-05T22:42:59.378+0000][7.727s][debug][safepoint   ] Safepoint synchronization initiated using futex wait barrier. (18 threads)
[2025-06-05T22:42:59.378+0000][7.727s][info ][gc,start    ] GC(35) Pause Young (Concurrent Start) (Metadata GC Threshold)
[2025-06-05T22:42:59.378+0000][7.727s][info ][gc,task     ] GC(35) Using 2 workers of 2 for evacuation
[2025-06-05T22:42:59.389+0000][7.738s][info ][gc,phases   ] GC(35)   Pre Evacuate Collection Set: 0.1ms
[2025-06-05T22:42:59.390+0000][7.738s][info ][gc,phases   ] GC(35)   Merge Heap Roots: 0.1ms
[2025-06-05T22:42:59.390+0000][7.738s][info ][gc,phases   ] GC(35)   Evacuate Collection Set: 9.7ms
[2025-06-05T22:42:59.390+0000][7.738s][info ][gc,phases   ] GC(35)   Post Evacuate Collection Set: 0.9ms
[2025-06-05T22:42:59.390+0000][7.738s][info ][gc,phases   ] GC(35)   Other: 0.1ms
[2025-06-05T22:42:59.390+0000][7.738s][info ][gc,heap     ] GC(35) Eden regions: 150->0(151)
[2025-06-05T22:42:59.390+0000][7.738s][info ][gc,heap     ] GC(35) Survivor regions: 9->13(21)
[2025-06-05T22:42:59.390+0000][7.738s][info ][gc,heap     ] GC(35) Old regions: 60->60
[2025-06-05T22:42:59.390+0000][7.738s][info ][gc,heap     ] GC(35) Archive regions: 2->2
[2025-06-05T22:42:59.390+0000][7.739s][info ][gc,heap     ] GC(35) Humongous regions: 0->0
[2025-06-05T22:42:59.390+0000][7.739s][info ][gc,metaspace] GC(35) Metaspace: 68163K(68608K)->68163K(68608K) NonClass: 59436K(59648K)->59436K(59648K) Class: 8727K(8960K)->8727K(8960K)
[2025-06-05T22:42:59.390+0000][7.739s][info ][gc          ] GC(35) Pause Young (Concurrent Start) (Metadata GC Threshold) 219M->73M(274M) 11.700ms
[2025-06-05T22:42:59.390+0000][7.739s][info ][gc,cpu      ] GC(35) User=0.02s Sys=0.00s Real=0.01s
[2025-06-05T22:42:59.390+0000][7.739s][info ][gc          ] GC(36) Concurrent Mark Cycle
[2025-06-05T22:42:59.390+0000][7.739s][info ][gc,marking  ] GC(36) Concurrent Clear Claimed Marks
[2025-06-05T22:42:59.390+0000][7.739s][info ][safepoint   ] Safepoint "CollectForMetadataAllocation", Time since last: 75321750 ns, Reaching safepoint: 214333 ns, Cleanup: 63167 ns, At safepoint: 11851208 ns, Total: 12128708 ns
[2025-06-05T22:42:59.391+0000][7.739s][info ][gc,marking  ] GC(36) Concurrent Clear Claimed Marks 0.213ms
[2025-06-05T22:42:59.393+0000][7.742s][info ][gc,marking  ] GC(36) Concurrent Scan Root Regions
[2025-06-05T22:42:59.393+0000][7.741s][debug][safepoint   ] Safepoint synchronization initiated using futex wait barrier. (18 threads)
[2025-06-05T22:42:59.393+0000][7.742s][info ][safepoint   ] Safepoint "CollectForMetadataAllocation", Time since last: 420083 ns, Reaching safepoint: 2581625 ns, Cleanup: 6167 ns, At safepoint: 7625 ns, Total: 2595417 ns
[2025-06-05T22:42:59.400+0000][7.748s][info ][gc,marking  ] GC(36) Concurrent Scan Root Regions 6.784ms
[2025-06-05T22:42:59.403+0000][7.752s][info ][gc,marking  ] GC(36) Concurrent Mark
[2025-06-05T22:42:59.403+0000][7.752s][info ][gc,marking  ] GC(36) Concurrent Mark From Roots
[2025-06-05T22:42:59.404+0000][7.752s][info ][gc,task     ] GC(36) Using 1 workers of 1 for marking
[2025-06-05T22:42:59.414+0000][7.763s][debug][safepoint   ] Safepoint synchronization initiated using futex wait barrier. (18 threads)
[2025-06-05T22:42:59.415+0000][7.763s][info ][safepoint   ] Safepoint "CollectForMetadataAllocation", Time since last: 21087333 ns, Reaching safepoint: 201459 ns, Cleanup: 22166 ns, At safepoint: 25750 ns, Total: 249375 ns
[2025-06-05T22:42:59.461+0000][7.810s][debug][safepoint   ] Safepoint synchronization initiated using futex wait barrier. (18 threads)
[2025-06-05T22:42:59.461+0000][7.810s][info ][safepoint   ] Safepoint "CollectForMetadataAllocation", Time since last: 46375792 ns, Reaching safepoint: 239125 ns, Cleanup: 36542 ns, At safepoint: 23208 ns, Total: 298875 ns
[2025-06-05T22:42:59.467+0000][7.816s][info ][gc,marking  ] GC(36) Concurrent Mark From Roots 63.850ms
[2025-06-05T22:42:59.469+0000][7.817s][info ][gc,marking  ] GC(36) Concurrent Preclean
[2025-06-05T22:42:59.469+0000][7.817s][info ][gc,marking  ] GC(36) Concurrent Preclean 0.249ms
[2025-06-05T22:42:59.469+0000][7.817s][debug][safepoint   ] Safepoint synchronization initiated using futex wait barrier. (18 threads)
[2025-06-05T22:42:59.471+0000][7.819s][info ][gc,start    ] GC(36) Pause Remark
[2025-06-05T22:42:59.475+0000][7.824s][info ][gc          ] GC(36) Pause Remark 94M->94M(274M) 4.229ms
[2025-06-05T22:42:59.475+0000][7.824s][info ][gc,cpu      ] GC(36) User=0.01s Sys=0.00s Real=0.00s
[2025-06-05T22:42:59.475+0000][7.824s][info ][safepoint   ] Safepoint "G1PauseRemark", Time since last: 7654542 ns, Reaching safepoint: 1801000 ns, Cleanup: 41750 ns, At safepoint: 4431708 ns, Total: 6274458 ns
[2025-06-05T22:42:59.477+0000][7.826s][info ][gc,marking  ] GC(36) Concurrent Mark 73.779ms
[2025-06-05T22:42:59.477+0000][7.826s][info ][gc,marking  ] GC(36) Concurrent Rebuild Remembered Sets
[2025-06-05T22:42:59.506+0000][7.855s][info ][gc,marking  ] GC(36) Concurrent Rebuild Remembered Sets 28.912ms
[2025-06-05T22:42:59.506+0000][7.855s][debug][safepoint   ] Safepoint synchronization initiated using futex wait barrier. (18 threads)
[2025-06-05T22:42:59.544+0000][7.892s][info ][gc,start    ] GC(36) Pause Cleanup
[2025-06-05T22:42:59.544+0000][7.892s][info ][gc          ] GC(36) Pause Cleanup 108M->108M(274M) 0.189ms
[2025-06-05T22:42:59.544+0000][7.892s][info ][gc,cpu      ] GC(36) User=0.00s Sys=0.00s Real=0.00s
[2025-06-05T22:42:59.544+0000][7.893s][info ][safepoint   ] Safepoint "G1PauseCleanup", Time since last: 31068708 ns, Reaching safepoint: 37382500 ns, Cleanup: 20167 ns, At safepoint: 312167 ns, Total: 37714834 ns
[2025-06-05T22:42:59.546+0000][7.894s][info ][gc,marking  ] GC(36) Concurrent Cleanup for Next Mark
[2025-06-05T22:42:59.547+0000][7.895s][info ][gc,marking  ] GC(36) Concurrent Cleanup for Next Mark 0.724ms
[2025-06-05T22:42:59.547+0000][7.895s][info ][gc          ] GC(36) Concurrent Mark Cycle 156.479ms
[2025-06-05T22:42:59.676+0000][8.024s][debug][safepoint   ] Safepoint synchronization initiated using futex wait barrier. (18 threads)
[2025-06-05T22:42:59.676+0000][8.024s][info ][safepoint   ] Safepoint "ICBufferFull", Time since last: 131691500 ns, Reaching safepoint: 181583 ns, Cleanup: 89917 ns, At safepoint: 5458 ns, Total: 276958 ns
[2025-06-05T22:42:59.693+0000][8.041s][debug][safepoint   ] Safepoint synchronization initiated using futex wait barrier. (18 threads)
[2025-06-05T22:42:59.694+0000][8.042s][info ][safepoint   ] Safepoint "ICBufferFull", Time since last: 16744625 ns, Reaching safepoint: 971583 ns, Cleanup: 116375 ns, At safepoint: 8875 ns, Total: 1096833 ns
[2025-06-05T22:42:59.778+0000][8.126s][debug][safepoint   ] Safepoint synchronization initiated using futex wait barrier. (18 threads)
[2025-06-05T22:42:59.779+0000][8.127s][info ][safepoint   ] Safepoint "ICBufferFull", Time since last: 83832875 ns, Reaching safepoint: 678209 ns, Cleanup: 217125 ns, At safepoint: 5750 ns, Total: 901084 ns
[2025-06-05T22:42:59.866+0000][8.215s][debug][safepoint   ] Safepoint synchronization initiated using futex wait barrier. (18 threads)
[2025-06-05T22:42:59.867+0000][8.215s][info ][gc,start    ] GC(37) Pause Young (Prepare Mixed) (G1 Evacuation Pause)
[2025-06-05T22:42:59.867+0000][8.215s][info ][gc,task     ] GC(37) Using 2 workers of 2 for evacuation
[2025-06-05T22:42:59.880+0000][8.228s][info ][gc,phases   ] GC(37)   Pre Evacuate Collection Set: 0.1ms
[2025-06-05T22:42:59.880+0000][8.228s][info ][gc,phases   ] GC(37)   Merge Heap Roots: 0.1ms
[2025-06-05T22:42:59.880+0000][8.228s][info ][gc,phases   ] GC(37)   Evacuate Collection Set: 11.6ms
[2025-06-05T22:42:59.880+0000][8.228s][info ][gc,phases   ] GC(37)   Post Evacuate Collection Set: 1.0ms
[2025-06-05T22:42:59.880+0000][8.229s][info ][gc,phases   ] GC(37)   Other: 0.2ms
[2025-06-05T22:42:59.880+0000][8.229s][info ][gc,heap     ] GC(37) Eden regions: 151->0(2)
[2025-06-05T22:42:59.880+0000][8.229s][info ][gc,heap     ] GC(37) Survivor regions: 13->11(21)
[2025-06-05T22:42:59.880+0000][8.229s][info ][gc,heap     ] GC(37) Old regions: 60->64
[2025-06-05T22:42:59.880+0000][8.229s][info ][gc,heap     ] GC(37) Archive regions: 2->2
[2025-06-05T22:42:59.880+0000][8.229s][info ][gc,heap     ] GC(37) Humongous regions: 0->0
[2025-06-05T22:42:59.880+0000][8.229s][info ][gc,metaspace] GC(37) Metaspace: 72784K(73280K)->72784K(73280K) NonClass: 63437K(63680K)->63437K(63680K) Class: 9347K(9600K)->9347K(9600K)
[2025-06-05T22:42:59.880+0000][8.229s][info ][gc          ] GC(37) Pause Young (Prepare Mixed) (G1 Evacuation Pause) 224M->74M(274M) 13.756ms
[2025-06-05T22:42:59.880+0000][8.229s][info ][gc,cpu      ] GC(37) User=0.03s Sys=0.00s Real=0.01s
[2025-06-05T22:42:59.881+0000][8.229s][info ][safepoint   ] Safepoint "G1CollectForAllocation", Time since last: 87816791 ns, Reaching safepoint: 195334 ns, Cleanup: 40375 ns, At safepoint: 13921333 ns, Total: 14157042 ns
[2025-06-05T22:42:59.884+0000][8.233s][debug][safepoint   ] Safepoint synchronization initiated using futex wait barrier. (18 threads)
[2025-06-05T22:42:59.885+0000][8.233s][info ][gc,start    ] GC(38) Pause Young (Mixed) (G1 Evacuation Pause)
[2025-06-05T22:42:59.885+0000][8.233s][info ][gc,task     ] GC(38) Using 2 workers of 2 for evacuation
[2025-06-05T22:42:59.895+0000][8.243s][info ][gc,phases   ] GC(38)   Pre Evacuate Collection Set: 0.1ms
[2025-06-05T22:42:59.895+0000][8.243s][info ][gc,phases   ] GC(38)   Merge Heap Roots: 0.1ms
[2025-06-05T22:42:59.895+0000][8.243s][info ][gc,phases   ] GC(38)   Evacuate Collection Set: 9.2ms
[2025-06-05T22:42:59.895+0000][8.244s][info ][gc,phases   ] GC(38)   Post Evacuate Collection Set: 0.8ms
[2025-06-05T22:42:59.895+0000][8.244s][info ][gc,phases   ] GC(38)   Other: 0.2ms
[2025-06-05T22:42:59.895+0000][8.244s][info ][gc,heap     ] GC(38) Eden regions: 2->0(161)
[2025-06-05T22:42:59.895+0000][8.244s][info ][gc,heap     ] GC(38) Survivor regions: 11->1(2)
[2025-06-05T22:42:59.895+0000][8.244s][info ][gc,heap     ] GC(38) Old regions: 64->72
[2025-06-05T22:42:59.895+0000][8.244s][info ][gc,heap     ] GC(38) Archive regions: 2->2
[2025-06-05T22:42:59.895+0000][8.244s][info ][gc,heap     ] GC(38) Humongous regions: 0->0
[2025-06-05T22:42:59.895+0000][8.244s][info ][gc,metaspace] GC(38) Metaspace: 72833K(73344K)->72833K(73344K) NonClass: 63477K(63744K)->63477K(63744K) Class: 9356K(9600K)->9356K(9600K)
[2025-06-05T22:42:59.895+0000][8.244s][info ][gc          ] GC(38) Pause Young (Mixed) (G1 Evacuation Pause) 76M->73M(274M) 10.851ms
[2025-06-05T22:42:59.895+0000][8.244s][info ][gc,cpu      ] GC(38) User=0.02s Sys=0.00s Real=0.01s
[2025-06-05T22:42:59.895+0000][8.244s][info ][safepoint   ] Safepoint "G1CollectForAllocation", Time since last: 3831333 ns, Reaching safepoint: 133917 ns, Cleanup: 3750 ns, At safepoint: 10951125 ns, Total: 11088792 ns
[2025-06-05T22:43:00.100+0000][8.448s][debug][safepoint   ] Safepoint synchronization initiated using futex wait barrier. (18 threads)
[2025-06-05T22:43:00.100+0000][8.448s][info ][safepoint   ] Safepoint "ICBufferFull", Time since last: 204243250 ns, Reaching safepoint: 195834 ns, Cleanup: 84583 ns, At safepoint: 3375 ns, Total: 283792 ns
[2025-06-05T22:43:00.181+0000][8.529s][debug][safepoint   ] Safepoint synchronization initiated using futex wait barrier. (18 threads)
[2025-06-05T22:43:00.181+0000][8.529s][info ][gc,start    ] GC(39) Pause Young (Concurrent Start) (G1 Evacuation Pause)
[2025-06-05T22:43:00.181+0000][8.530s][info ][gc,task     ] GC(39) Using 2 workers of 2 for evacuation
[2025-06-05T22:43:00.186+0000][8.534s][info ][gc,phases   ] GC(39)   Pre Evacuate Collection Set: 0.1ms
[2025-06-05T22:43:00.186+0000][8.534s][info ][gc,phases   ] GC(39)   Merge Heap Roots: 0.1ms
[2025-06-05T22:43:00.186+0000][8.534s][info ][gc,phases   ] GC(39)   Evacuate Collection Set: 3.7ms
[2025-06-05T22:43:00.186+0000][8.534s][info ][gc,phases   ] GC(39)   Post Evacuate Collection Set: 0.7ms
[2025-06-05T22:43:00.186+0000][8.534s][info ][gc,phases   ] GC(39)   Other: 0.1ms
[2025-06-05T22:43:00.186+0000][8.534s][info ][gc,heap     ] GC(39) Eden regions: 161->0(162)
[2025-06-05T22:43:00.186+0000][8.534s][info ][gc,heap     ] GC(39) Survivor regions: 1->1(21)
[2025-06-05T22:43:00.186+0000][8.534s][info ][gc,heap     ] GC(39) Old regions: 72->72
[2025-06-05T22:43:00.186+0000][8.535s][info ][gc,heap     ] GC(39) Archive regions: 2->2
[2025-06-05T22:43:00.186+0000][8.535s][info ][gc,heap     ] GC(39) Humongous regions: 0->0
[2025-06-05T22:43:00.186+0000][8.535s][info ][gc,metaspace] GC(39) Metaspace: 77552K(78016K)->77552K(78016K) NonClass: 67373K(67584K)->67373K(67584K) Class: 10178K(10432K)->10178K(10432K)
[2025-06-05T22:43:00.186+0000][8.535s][info ][gc          ] GC(39) Pause Young (Concurrent Start) (G1 Evacuation Pause) 234M->73M(274M) 5.164ms
[2025-06-05T22:43:00.186+0000][8.535s][info ][gc,cpu      ] GC(39) User=0.01s Sys=0.00s Real=0.00s
[2025-06-05T22:43:00.186+0000][8.535s][info ][safepoint   ] Safepoint "G1CollectForAllocation", Time since last: 80690708 ns, Reaching safepoint: 231542 ns, Cleanup: 53667 ns, At safepoint: 5294625 ns, Total: 5579834 ns
[2025-06-05T22:43:00.186+0000][8.535s][info ][gc          ] GC(40) Concurrent Mark Cycle
[2025-06-05T22:43:00.190+0000][8.538s][info ][gc,marking  ] GC(40) Concurrent Clear Claimed Marks
[2025-06-05T22:43:00.190+0000][8.538s][info ][gc,marking  ] GC(40) Concurrent Clear Claimed Marks 0.202ms
[2025-06-05T22:43:00.190+0000][8.538s][info ][gc,marking  ] GC(40) Concurrent Scan Root Regions
[2025-06-05T22:43:00.191+0000][8.540s][info ][gc,marking  ] GC(40) Concurrent Scan Root Regions 1.226ms
[2025-06-05T22:43:00.191+0000][8.540s][info ][gc,marking  ] GC(40) Concurrent Mark
[2025-06-05T22:43:00.191+0000][8.540s][info ][gc,marking  ] GC(40) Concurrent Mark From Roots
[2025-06-05T22:43:00.191+0000][8.540s][info ][gc,task     ] GC(40) Using 1 workers of 1 for marking
[2025-06-05T22:43:00.201+0000][8.549s][debug][safepoint   ] ... found polling page loop exception at pc = 0x0000ffff7cf93f30, stub =0x0000ffff7c97ef00
[2025-06-05T22:43:00.208+0000][8.557s][debug][safepoint   ] Safepoint synchronization initiated using futex wait barrier. (18 threads)
[2025-06-05T22:43:00.209+0000][8.557s][info ][safepoint   ] Safepoint "ICBufferFull", Time since last: 22063166 ns, Reaching safepoint: 201875 ns, Cleanup: 118750 ns, At safepoint: 4834 ns, Total: 325459 ns
[2025-06-05T22:43:00.209+0000][8.557s][debug][safepoint   ] Safepoint synchronization initiated using futex wait barrier. (18 threads)
[2025-06-05T22:43:00.210+0000][8.558s][info ][safepoint   ] Safepoint "ICBufferFull", Time since last: 181666 ns, Reaching safepoint: 876167 ns, Cleanup: 6792 ns, At safepoint: 32750 ns, Total: 915709 ns
[2025-06-05T22:43:00.215+0000][8.563s][debug][safepoint   ] Safepoint synchronization initiated using futex wait barrier. (18 threads)
[2025-06-05T22:43:00.217+0000][8.565s][info ][safepoint   ] Safepoint "ICBufferFull", Time since last: 4849208 ns, Reaching safepoint: 2151042 ns, Cleanup: 103666 ns, At safepoint: 13875 ns, Total: 2268583 ns
[2025-06-05T22:43:00.255+0000][8.604s][info ][gc,marking  ] GC(40) Concurrent Mark From Roots 63.665ms
[2025-06-05T22:43:00.255+0000][8.604s][info ][gc,marking  ] GC(40) Concurrent Preclean
[2025-06-05T22:43:00.256+0000][8.604s][info ][gc,marking  ] GC(40) Concurrent Preclean 0.266ms
[2025-06-05T22:43:00.256+0000][8.604s][debug][safepoint   ] Safepoint synchronization initiated using futex wait barrier. (18 threads)
[2025-06-05T22:43:00.258+0000][8.606s][info ][gc,start    ] GC(40) Pause Remark
[2025-06-05T22:43:00.262+0000][8.610s][info ][gc          ] GC(40) Pause Remark 104M->104M(274M) 4.078ms
[2025-06-05T22:43:00.262+0000][8.611s][info ][gc,cpu      ] GC(40) User=0.01s Sys=0.00s Real=0.00s
[2025-06-05T22:43:00.262+0000][8.611s][info ][safepoint   ] Safepoint "G1PauseRemark", Time since last: 38909792 ns, Reaching safepoint: 2018125 ns, Cleanup: 66875 ns, At safepoint: 4282208 ns, Total: 6367208 ns
[2025-06-05T22:43:00.263+0000][8.611s][info ][gc,marking  ] GC(40) Concurrent Mark 71.668ms
[2025-06-05T22:43:00.263+0000][8.612s][info ][gc,marking  ] GC(40) Concurrent Rebuild Remembered Sets
[2025-06-05T22:43:00.287+0000][8.635s][debug][safepoint   ] Safepoint synchronization initiated using futex wait barrier. (18 threads)
[2025-06-05T22:43:00.287+0000][8.636s][info ][safepoint   ] Safepoint "ICBufferFull", Time since last: 24566334 ns, Reaching safepoint: 333458 ns, Cleanup: 56042 ns, At safepoint: 5041 ns, Total: 394541 ns
[2025-06-05T22:43:00.301+0000][8.649s][info ][gc,marking  ] GC(40) Concurrent Rebuild Remembered Sets 37.899ms
[2025-06-05T22:43:00.305+0000][8.653s][debug][safepoint   ] Safepoint synchronization initiated using futex wait barrier. (18 threads)
[2025-06-05T22:43:00.306+0000][8.654s][debug][safepoint   ] ... found polling page loop exception at pc = 0x0000ffff7d3847d0, stub =0x0000ffff7c97ef00
[2025-06-05T22:43:00.307+0000][8.655s][info ][gc,start    ] GC(40) Pause Cleanup
[2025-06-05T22:43:00.307+0000][8.656s][info ][gc          ] GC(40) Pause Cleanup 116M->116M(274M) 0.144ms
[2025-06-05T22:43:00.307+0000][8.656s][info ][gc,cpu      ] GC(40) User=0.00s Sys=0.00s Real=0.00s
[2025-06-05T22:43:00.307+0000][8.656s][info ][safepoint   ] Safepoint "G1PauseCleanup", Time since last: 17511292 ns, Reaching safepoint: 2181958 ns, Cleanup: 72500 ns, At safepoint: 254917 ns, Total: 2509375 ns
[2025-06-05T22:43:00.308+0000][8.656s][info ][gc,marking  ] GC(40) Concurrent Cleanup for Next Mark
[2025-06-05T22:43:00.308+0000][8.657s][info ][gc,marking  ] GC(40) Concurrent Cleanup for Next Mark 0.218ms
[2025-06-05T22:43:00.308+0000][8.657s][info ][gc          ] GC(40) Concurrent Mark Cycle 121.909ms
[2025-06-05T22:43:00.359+0000][8.708s][debug][safepoint   ] Safepoint synchronization initiated using futex wait barrier. (18 threads)
[2025-06-05T22:43:00.360+0000][8.708s][info ][safepoint   ] Safepoint "ICBufferFull", Time since last: 51906125 ns, Reaching safepoint: 592042 ns, Cleanup: 79583 ns, At safepoint: 7000 ns, Total: 678625 ns
[2025-06-05T22:43:00.367+0000][8.716s][debug][safepoint   ] Safepoint synchronization initiated using futex wait barrier. (18 threads)
[2025-06-05T22:43:00.369+0000][8.717s][info ][safepoint   ] Safepoint "ICBufferFull", Time since last: 7766792 ns, Reaching safepoint: 1306458 ns, Cleanup: 91250 ns, At safepoint: 6708 ns, Total: 1404416 ns
[2025-06-05T22:43:00.385+0000][8.734s][debug][safepoint   ] Safepoint synchronization initiated using futex wait barrier. (18 threads)
[2025-06-05T22:43:00.385+0000][8.734s][info ][safepoint   ] Safepoint "ICBufferFull", Time since last: 16281500 ns, Reaching safepoint: 185834 ns, Cleanup: 92916 ns, At safepoint: 1709 ns, Total: 280459 ns
[2025-06-05T22:43:00.409+0000][8.758s][debug][safepoint   ] Safepoint synchronization initiated using futex wait barrier. (18 threads)
[2025-06-05T22:43:00.410+0000][8.758s][info ][safepoint   ] Safepoint "ICBufferFull", Time since last: 23924333 ns, Reaching safepoint: 214542 ns, Cleanup: 77833 ns, At safepoint: 7125 ns, Total: 299500 ns
[2025-06-05T22:43:00.448+0000][8.797s][debug][safepoint   ] Safepoint synchronization initiated using futex wait barrier. (18 threads)
[2025-06-05T22:43:00.448+0000][8.797s][info ][safepoint   ] Safepoint "ICBufferFull", Time since last: 38435125 ns, Reaching safepoint: 184167 ns, Cleanup: 78875 ns, At safepoint: 4583 ns, Total: 267625 ns
[2025-06-05T22:43:00.496+0000][8.845s][debug][safepoint   ] Safepoint synchronization initiated using futex wait barrier. (18 threads)
[2025-06-05T22:43:00.497+0000][8.845s][info ][safepoint   ] Safepoint "ICBufferFull", Time since last: 47965083 ns, Reaching safepoint: 213375 ns, Cleanup: 101834 ns, At safepoint: 1208 ns, Total: 316417 ns
[2025-06-05T22:43:00.551+0000][8.900s][debug][safepoint   ] Safepoint synchronization initiated using futex wait barrier. (18 threads)
[2025-06-05T22:43:00.552+0000][8.900s][info ][safepoint   ] Safepoint "ICBufferFull", Time since last: 54744333 ns, Reaching safepoint: 183042 ns, Cleanup: 78917 ns, At safepoint: 7541 ns, Total: 269500 ns
[2025-06-05T22:43:00.640+0000][8.988s][debug][safepoint   ] Safepoint synchronization initiated using futex wait barrier. (18 threads)
[2025-06-05T22:43:00.641+0000][8.989s][info ][safepoint   ] Safepoint "ICBufferFull", Time since last: 87859959 ns, Reaching safepoint: 1223708 ns, Cleanup: 78958 ns, At safepoint: 9292 ns, Total: 1311958 ns
[2025-06-05T22:43:00.672+0000][9.021s][debug][safepoint   ] Safepoint synchronization initiated using futex wait barrier. (18 threads)
[2025-06-05T22:43:00.672+0000][9.021s][info ][gc,start    ] GC(41) Pause Young (Prepare Mixed) (G1 Evacuation Pause)
[2025-06-05T22:43:00.672+0000][9.021s][info ][gc,task     ] GC(41) Using 2 workers of 2 for evacuation
[2025-06-05T22:43:00.678+0000][9.027s][info ][gc,phases   ] GC(41)   Pre Evacuate Collection Set: 0.1ms
[2025-06-05T22:43:00.678+0000][9.027s][info ][gc,phases   ] GC(41)   Merge Heap Roots: 0.1ms
[2025-06-05T22:43:00.679+0000][9.027s][info ][gc,phases   ] GC(41)   Evacuate Collection Set: 5.0ms
[2025-06-05T22:43:00.679+0000][9.027s][info ][gc,phases   ] GC(41)   Post Evacuate Collection Set: 0.7ms
[2025-06-05T22:43:00.679+0000][9.027s][info ][gc,phases   ] GC(41)   Other: 0.2ms
[2025-06-05T22:43:00.679+0000][9.027s][info ][gc,heap     ] GC(41) Eden regions: 162->0(10)
[2025-06-05T22:43:00.679+0000][9.027s][info ][gc,heap     ] GC(41) Survivor regions: 1->3(21)
[2025-06-05T22:43:00.679+0000][9.027s][info ][gc,heap     ] GC(41) Old regions: 72->72
[2025-06-05T22:43:00.679+0000][9.027s][info ][gc,heap     ] GC(41) Archive regions: 2->2
[2025-06-05T22:43:00.679+0000][9.027s][info ][gc,heap     ] GC(41) Humongous regions: 0->0
[2025-06-05T22:43:00.679+0000][9.027s][info ][gc,metaspace] GC(41) Metaspace: 80842K(81344K)->80842K(81344K) NonClass: 70210K(70464K)->70210K(70464K) Class: 10632K(10880K)->10632K(10880K)
[2025-06-05T22:43:00.679+0000][9.027s][info ][gc          ] GC(41) Pause Young (Prepare Mixed) (G1 Evacuation Pause) 235M->75M(274M) 6.528ms
[2025-06-05T22:43:00.679+0000][9.027s][info ][gc,cpu      ] GC(41) User=0.02s Sys=0.00s Real=0.01s
[2025-06-05T22:43:00.679+0000][9.028s][info ][safepoint   ] Safepoint "G1CollectForAllocation", Time since last: 31349583 ns, Reaching safepoint: 221792 ns, Cleanup: 11333 ns, At safepoint: 6639959 ns, Total: 6873084 ns
[2025-06-05T22:43:00.702+0000][9.051s][debug][safepoint   ] Safepoint synchronization initiated using futex wait barrier. (18 threads)
[2025-06-05T22:43:00.703+0000][9.051s][info ][gc,start    ] GC(42) Pause Young (Mixed) (G1 Evacuation Pause)
[2025-06-05T22:43:00.703+0000][9.051s][info ][gc,task     ] GC(42) Using 2 workers of 2 for evacuation
[2025-06-05T22:43:00.709+0000][9.057s][info ][gc,phases   ] GC(42)   Pre Evacuate Collection Set: 0.1ms
[2025-06-05T22:43:00.709+0000][9.058s][info ][gc,phases   ] GC(42)   Merge Heap Roots: 0.1ms
[2025-06-05T22:43:00.709+0000][9.058s][info ][gc,phases   ] GC(42)   Evacuate Collection Set: 5.2ms
[2025-06-05T22:43:00.709+0000][9.058s][info ][gc,phases   ] GC(42)   Post Evacuate Collection Set: 0.8ms
[2025-06-05T22:43:00.709+0000][9.058s][info ][gc,phases   ] GC(42)   Other: 0.2ms
[2025-06-05T22:43:00.709+0000][9.058s][info ][gc,heap     ] GC(42) Eden regions: 10->0(160)
[2025-06-05T22:43:00.709+0000][9.058s][info ][gc,heap     ] GC(42) Survivor regions: 3->1(2)
[2025-06-05T22:43:00.709+0000][9.058s][info ][gc,heap     ] GC(42) Old regions: 72->74
[2025-06-05T22:43:00.709+0000][9.058s][info ][gc,heap     ] GC(42) Archive regions: 2->2
[2025-06-05T22:43:00.709+0000][9.058s][info ][gc,heap     ] GC(42) Humongous regions: 0->0
[2025-06-05T22:43:00.709+0000][9.058s][info ][gc,metaspace] GC(42) Metaspace: 81359K(81856K)->81359K(81856K) NonClass: 70657K(70912K)->70657K(70912K) Class: 10701K(10944K)->10701K(10944K)
[2025-06-05T22:43:00.710+0000][9.058s][info ][gc          ] GC(42) Pause Young (Mixed) (G1 Evacuation Pause) 85M->74M(274M) 7.023ms
[2025-06-05T22:43:00.710+0000][9.058s][info ][gc,cpu      ] GC(42) User=0.01s Sys=0.00s Real=0.01s
[2025-06-05T22:43:00.710+0000][9.058s][info ][safepoint   ] Safepoint "G1CollectForAllocation", Time since last: 23288750 ns, Reaching safepoint: 162000 ns, Cleanup: 2708 ns, At safepoint: 7207125 ns, Total: 7371833 ns
[2025-06-05T22:43:00.824+0000][9.172s][debug][safepoint   ] Safepoint synchronization initiated using futex wait barrier. (18 threads)
[2025-06-05T22:43:00.824+0000][9.172s][info ][safepoint   ] Safepoint "ICBufferFull", Time since last: 113985500 ns, Reaching safepoint: 215834 ns, Cleanup: 69416 ns, At safepoint: 1292 ns, Total: 286542 ns
[2025-06-05T22:43:00.910+0000][9.259s][debug][safepoint   ] Safepoint synchronization initiated using futex wait barrier. (18 threads)
[2025-06-05T22:43:00.911+0000][9.259s][info ][safepoint   ] Safepoint "ICBufferFull", Time since last: 86337667 ns, Reaching safepoint: 235125 ns, Cleanup: 90041 ns, At safepoint: 4584 ns, Total: 329750 ns
[2025-06-05T22:43:00.978+0000][9.326s][debug][safepoint   ] Safepoint synchronization initiated using futex wait barrier. (18 threads)
[2025-06-05T22:43:00.978+0000][9.327s][info ][safepoint   ] Safepoint "ICBufferFull", Time since last: 67228875 ns, Reaching safepoint: 205458 ns, Cleanup: 73083 ns, At safepoint: 1375 ns, Total: 279916 ns
[2025-06-05T22:43:01.080+0000][9.428s][debug][safepoint   ] Safepoint synchronization initiated using futex wait barrier. (18 threads)
[2025-06-05T22:43:01.080+0000][9.429s][info ][gc,start    ] GC(43) Pause Young (Normal) (G1 Evacuation Pause)
[2025-06-05T22:43:01.080+0000][9.429s][info ][gc,task     ] GC(43) Using 2 workers of 2 for evacuation
[2025-06-05T22:43:01.085+0000][9.434s][info ][gc,phases   ] GC(43)   Pre Evacuate Collection Set: 0.1ms
[2025-06-05T22:43:01.085+0000][9.434s][info ][gc,phases   ] GC(43)   Merge Heap Roots: 0.1ms
[2025-06-05T22:43:01.086+0000][9.434s][info ][gc,phases   ] GC(43)   Evacuate Collection Set: 4.0ms
[2025-06-05T22:43:01.086+0000][9.434s][info ][gc,phases   ] GC(43)   Post Evacuate Collection Set: 0.7ms
[2025-06-05T22:43:01.086+0000][9.434s][info ][gc,phases   ] GC(43)   Other: 0.2ms
[2025-06-05T22:43:01.086+0000][9.434s][info ][gc,heap     ] GC(43) Eden regions: 160->0(157)
[2025-06-05T22:43:01.086+0000][9.434s][info ][gc,heap     ] GC(43) Survivor regions: 1->4(21)
[2025-06-05T22:43:01.086+0000][9.434s][info ][gc,heap     ] GC(43) Old regions: 74->74
[2025-06-05T22:43:01.086+0000][9.434s][info ][gc,heap     ] GC(43) Archive regions: 2->2
[2025-06-05T22:43:01.086+0000][9.434s][info ][gc,heap     ] GC(43) Humongous regions: 0->0
[2025-06-05T22:43:01.086+0000][9.434s][info ][gc,metaspace] GC(43) Metaspace: 84149K(84672K)->84149K(84672K) NonClass: 73138K(73408K)->73138K(73408K) Class: 11010K(11264K)->11010K(11264K)
[2025-06-05T22:43:01.086+0000][9.434s][info ][gc          ] GC(43) Pause Young (Normal) (G1 Evacuation Pause) 234M->77M(274M) 5.694ms
[2025-06-05T22:43:01.086+0000][9.435s][info ][gc,cpu      ] GC(43) User=0.01s Sys=0.00s Real=0.00s
[2025-06-05T22:43:01.086+0000][9.435s][info ][safepoint   ] Safepoint "G1CollectForAllocation", Time since last: 101827500 ns, Reaching safepoint: 211167 ns, Cleanup: 68042 ns, At safepoint: 5793875 ns, Total: 6073084 ns
[2025-06-05T22:43:01.244+0000][9.593s][debug][safepoint   ] Safepoint synchronization initiated using futex wait barrier. (18 threads)
[2025-06-05T22:43:01.246+0000][9.594s][info ][safepoint   ] Safepoint "ICBufferFull", Time since last: 158373916 ns, Reaching safepoint: 1334042 ns, Cleanup: 107375 ns, At safepoint: 6792 ns, Total: 1448209 ns
[2025-06-05T22:43:01.506+0000][9.855s][debug][safepoint   ] Safepoint synchronization initiated using futex wait barrier. (18 threads)
[2025-06-05T22:43:01.506+0000][9.855s][info ][safepoint   ] Safepoint "ICBufferFull", Time since last: 260217750 ns, Reaching safepoint: 193958 ns, Cleanup: 103584 ns, At safepoint: 1125 ns, Total: 298667 ns
[2025-06-05T22:43:01.623+0000][9.972s][debug][safepoint   ] Safepoint synchronization initiated using futex wait barrier. (22 threads)
[2025-06-05T22:43:01.624+0000][9.973s][info ][gc,start    ] GC(44) Pause Young (Normal) (G1 Evacuation Pause)
[2025-06-05T22:43:01.624+0000][9.973s][info ][gc,task     ] GC(44) Using 2 workers of 2 for evacuation
[2025-06-05T22:43:01.640+0000][9.989s][info ][gc,phases   ] GC(44)   Pre Evacuate Collection Set: 0.1ms
[2025-06-05T22:43:01.640+0000][9.989s][info ][gc,phases   ] GC(44)   Merge Heap Roots: 0.1ms
[2025-06-05T22:43:01.640+0000][9.989s][info ][gc,phases   ] GC(44)   Evacuate Collection Set: 14.8ms
[2025-06-05T22:43:01.640+0000][9.989s][info ][gc,phases   ] GC(44)   Post Evacuate Collection Set: 0.8ms
[2025-06-05T22:43:01.641+0000][9.989s][info ][gc,phases   ] GC(44)   Other: 0.2ms
[2025-06-05T22:43:01.641+0000][9.989s][info ][gc,heap     ] GC(44) Eden regions: 157->0(152)
[2025-06-05T22:43:01.641+0000][9.989s][info ][gc,heap     ] GC(44) Survivor regions: 4->8(21)
[2025-06-05T22:43:01.641+0000][9.989s][info ][gc,heap     ] GC(44) Old regions: 74->74
[2025-06-05T22:43:01.641+0000][9.989s][info ][gc,heap     ] GC(44) Archive regions: 2->2
[2025-06-05T22:43:01.641+0000][9.989s][info ][gc,heap     ] GC(44) Humongous regions: 0->0
[2025-06-05T22:43:01.641+0000][9.989s][info ][gc,metaspace] GC(44) Metaspace: 87173K(87744K)->87173K(87744K) NonClass: 75937K(76224K)->75937K(76224K) Class: 11236K(11520K)->11236K(11520K)
[2025-06-05T22:43:01.641+0000][9.989s][info ][gc          ] GC(44) Pause Young (Normal) (G1 Evacuation Pause) 234M->81M(274M) 16.501ms
[2025-06-05T22:43:01.641+0000][9.989s][info ][gc,cpu      ] GC(44) User=0.01s Sys=0.00s Real=0.02s
[2025-06-05T22:43:01.641+0000][9.989s][info ][safepoint   ] Safepoint "G1CollectForAllocation", Time since last: 116772375 ns, Reaching safepoint: 1080375 ns, Cleanup: 75041 ns, At safepoint: 16613167 ns, Total: 17768583 ns
[2025-06-05T22:43:01.842+0000][10.190s][debug][safepoint   ] Safepoint synchronization initiated using futex wait barrier. (22 threads)
[2025-06-05T22:43:01.843+0000][10.191s][info ][safepoint   ] Safepoint "ICBufferFull", Time since last: 200639667 ns, Reaching safepoint: 1094666 ns, Cleanup: 168917 ns, At safepoint: 5292 ns, Total: 1268875 ns
[2025-06-05T22:43:01.843+0000][10.192s][debug][safepoint   ] Safepoint synchronization initiated using futex wait barrier. (22 threads)
[2025-06-05T22:43:01.844+0000][10.192s][info ][safepoint   ] Safepoint "ICBufferFull", Time since last: 159583 ns, Reaching safepoint: 556458 ns, Cleanup: 3792 ns, At safepoint: 7042 ns, Total: 567292 ns
[2025-06-05T22:43:02.002+0000][10.350s][debug][safepoint   ] Safepoint synchronization initiated using futex wait barrier. (22 threads)
[2025-06-05T22:43:02.002+0000][10.351s][info ][safepoint   ] Safepoint "ICBufferFull", Time since last: 158137083 ns, Reaching safepoint: 219583 ns, Cleanup: 115125 ns, At safepoint: 1709 ns, Total: 336417 ns
[2025-06-05T22:43:02.105+0000][10.453s][debug][safepoint   ] Safepoint synchronization initiated using futex wait barrier. (22 threads)
[2025-06-05T22:43:02.105+0000][10.453s][info ][gc,start    ] GC(45) Pause Young (Concurrent Start) (G1 Evacuation Pause)
[2025-06-05T22:43:02.105+0000][10.454s][info ][gc,task     ] GC(45) Using 2 workers of 2 for evacuation
[2025-06-05T22:43:02.114+0000][10.463s][info ][gc,phases   ] GC(45)   Pre Evacuate Collection Set: 0.1ms
[2025-06-05T22:43:02.115+0000][10.463s][info ][gc,phases   ] GC(45)   Merge Heap Roots: 0.1ms
[2025-06-05T22:43:02.115+0000][10.463s][info ][gc,phases   ] GC(45)   Evacuate Collection Set: 8.2ms
[2025-06-05T22:43:02.115+0000][10.463s][info ][gc,phases   ] GC(45)   Post Evacuate Collection Set: 0.9ms
[2025-06-05T22:43:02.115+0000][10.463s][info ][gc,phases   ] GC(45)   Other: 0.2ms
[2025-06-05T22:43:02.115+0000][10.463s][info ][gc,heap     ] GC(45) Eden regions: 152->0(148)
[2025-06-05T22:43:02.115+0000][10.463s][info ][gc,heap     ] GC(45) Survivor regions: 8->11(20)
[2025-06-05T22:43:02.115+0000][10.463s][info ][gc,heap     ] GC(45) Old regions: 74->74
[2025-06-05T22:43:02.115+0000][10.463s][info ][gc,heap     ] GC(45) Archive regions: 2->2
[2025-06-05T22:43:02.115+0000][10.463s][info ][gc,heap     ] GC(45) Humongous regions: 0->0
[2025-06-05T22:43:02.115+0000][10.463s][info ][gc,metaspace] GC(45) Metaspace: 91016K(91520K)->91016K(91520K) NonClass: 79309K(79552K)->79309K(79552K) Class: 11706K(11968K)->11706K(11968K)
[2025-06-05T22:43:02.115+0000][10.463s][info ][gc          ] GC(45) Pause Young (Concurrent Start) (G1 Evacuation Pause) 233M->85M(274M) 9.977ms
[2025-06-05T22:43:02.115+0000][10.463s][info ][gc,cpu      ] GC(45) User=0.02s Sys=0.00s Real=0.01s
[2025-06-05T22:43:02.115+0000][10.464s][info ][safepoint   ] Safepoint "G1CollectForAllocation", Time since last: 102656292 ns, Reaching safepoint: 208083 ns, Cleanup: 49042 ns, At safepoint: 10075500 ns, Total: 10332625 ns
[2025-06-05T22:43:02.115+0000][10.464s][info ][gc          ] GC(46) Concurrent Mark Cycle
[2025-06-05T22:43:02.119+0000][10.467s][info ][gc,marking  ] GC(46) Concurrent Clear Claimed Marks
[2025-06-05T22:43:02.119+0000][10.467s][info ][gc,marking  ] GC(46) Concurrent Clear Claimed Marks 0.206ms
[2025-06-05T22:43:02.119+0000][10.467s][info ][gc,marking  ] GC(46) Concurrent Scan Root Regions
[2025-06-05T22:43:02.125+0000][10.474s][info ][gc,marking  ] GC(46) Concurrent Scan Root Regions 6.223ms
[2025-06-05T22:43:02.125+0000][10.474s][info ][gc,marking  ] GC(46) Concurrent Mark
[2025-06-05T22:43:02.125+0000][10.474s][info ][gc,marking  ] GC(46) Concurrent Mark From Roots
[2025-06-05T22:43:02.125+0000][10.474s][info ][gc,task     ] GC(46) Using 1 workers of 1 for marking
[2025-06-05T22:43:02.188+0000][10.537s][info ][gc,marking  ] GC(46) Concurrent Mark From Roots 62.751ms
[2025-06-05T22:43:02.192+0000][10.540s][info ][gc,marking  ] GC(46) Concurrent Preclean
[2025-06-05T22:43:02.192+0000][10.540s][info ][gc,marking  ] GC(46) Concurrent Preclean 0.307ms
[2025-06-05T22:43:02.192+0000][10.540s][debug][safepoint   ] Safepoint synchronization initiated using futex wait barrier. (22 threads)
[2025-06-05T22:43:02.194+0000][10.542s][info ][gc,start    ] GC(46) Pause Remark
[2025-06-05T22:43:02.199+0000][10.548s][info ][gc          ] GC(46) Pause Remark 107M->107M(274M) 5.259ms
[2025-06-05T22:43:02.199+0000][10.548s][info ][gc,cpu      ] GC(46) User=0.01s Sys=0.00s Real=0.01s
[2025-06-05T22:43:02.199+0000][10.548s][info ][safepoint   ] Safepoint "G1PauseRemark", Time since last: 76948666 ns, Reaching safepoint: 1804417 ns, Cleanup: 48333 ns, At safepoint: 5460459 ns, Total: 7313209 ns
[2025-06-05T22:43:02.201+0000][10.550s][info ][gc,marking  ] GC(46) Concurrent Mark 76.018ms
[2025-06-05T22:43:02.201+0000][10.550s][info ][gc,marking  ] GC(46) Concurrent Rebuild Remembered Sets
[2025-06-05T22:43:02.278+0000][10.626s][info ][gc,marking  ] GC(46) Concurrent Rebuild Remembered Sets 76.261ms
[2025-06-05T22:43:02.278+0000][10.626s][debug][safepoint   ] Safepoint synchronization initiated using futex wait barrier. (22 threads)
[2025-06-05T22:43:02.279+0000][10.627s][info ][gc,start    ] GC(46) Pause Cleanup
[2025-06-05T22:43:02.279+0000][10.627s][info ][gc          ] GC(46) Pause Cleanup 130M->130M(274M) 0.169ms
[2025-06-05T22:43:02.279+0000][10.627s][info ][gc,cpu      ] GC(46) User=0.00s Sys=0.00s Real=0.00s
[2025-06-05T22:43:02.279+0000][10.627s][info ][safepoint   ] Safepoint "G1PauseCleanup", Time since last: 78702375 ns, Reaching safepoint: 661375 ns, Cleanup: 9250 ns, At safepoint: 282333 ns, Total: 952958 ns
[2025-06-05T22:43:02.279+0000][10.628s][info ][gc,marking  ] GC(46) Concurrent Cleanup for Next Mark
[2025-06-05T22:43:02.283+0000][10.631s][info ][gc,marking  ] GC(46) Concurrent Cleanup for Next Mark 3.666ms
[2025-06-05T22:43:02.283+0000][10.631s][info ][gc          ] GC(46) Concurrent Mark Cycle 167.848ms
[2025-06-05T22:43:02.358+0000][10.706s][debug][safepoint   ] Safepoint synchronization initiated using futex wait barrier. (22 threads)
[2025-06-05T22:43:02.358+0000][10.706s][info ][safepoint   ] Safepoint "ICBufferFull", Time since last: 78676083 ns, Reaching safepoint: 201042 ns, Cleanup: 75542 ns, At safepoint: 7250 ns, Total: 283834 ns
[2025-06-05T22:43:02.367+0000][10.715s][debug][safepoint   ] Safepoint synchronization initiated using futex wait barrier. (22 threads)
[2025-06-05T22:43:02.367+0000][10.715s][info ][safepoint   ] Safepoint "ICBufferFull", Time since last: 8682666 ns, Reaching safepoint: 148500 ns, Cleanup: 56042 ns, At safepoint: 1083 ns, Total: 205625 ns
[2025-06-05T22:43:02.512+0000][10.861s][debug][safepoint   ] Safepoint synchronization initiated using futex wait barrier. (22 threads)
[2025-06-05T22:43:02.513+0000][10.861s][info ][gc,start    ] GC(47) Pause Young (Prepare Mixed) (G1 Evacuation Pause)
[2025-06-05T22:43:02.513+0000][10.861s][info ][gc,task     ] GC(47) Using 2 workers of 2 for evacuation
[2025-06-05T22:43:02.523+0000][10.872s][info ][gc,phases   ] GC(47)   Pre Evacuate Collection Set: 0.1ms
[2025-06-05T22:43:02.524+0000][10.872s][info ][gc,phases   ] GC(47)   Merge Heap Roots: 0.1ms
[2025-06-05T22:43:02.524+0000][10.872s][info ][gc,phases   ] GC(47)   Evacuate Collection Set: 9.6ms
[2025-06-05T22:43:02.524+0000][10.872s][info ][gc,phases   ] GC(47)   Post Evacuate Collection Set: 0.9ms
[2025-06-05T22:43:02.524+0000][10.872s][info ][gc,phases   ] GC(47)   Other: 0.1ms
[2025-06-05T22:43:02.524+0000][10.872s][info ][gc,heap     ] GC(47) Eden regions: 148->0(2)
[2025-06-05T22:43:02.524+0000][10.872s][info ][gc,heap     ] GC(47) Survivor regions: 11->11(20)
[2025-06-05T22:43:02.524+0000][10.872s][info ][gc,heap     ] GC(47) Old regions: 74->77
[2025-06-05T22:43:02.524+0000][10.872s][info ][gc,heap     ] GC(47) Archive regions: 2->2
[2025-06-05T22:43:02.524+0000][10.872s][info ][gc,heap     ] GC(47) Humongous regions: 0->0
[2025-06-05T22:43:02.524+0000][10.872s][info ][gc,metaspace] GC(47) Metaspace: 95020K(95616K)->95020K(95616K) NonClass: 82515K(82816K)->82515K(82816K) Class: 12505K(12800K)->12505K(12800K)
[2025-06-05T22:43:02.524+0000][10.873s][info ][gc          ] GC(47) Pause Young (Prepare Mixed) (G1 Evacuation Pause) 233M->88M(274M) 11.474ms
[2025-06-05T22:43:02.524+0000][10.873s][info ][gc,cpu      ] GC(47) User=0.02s Sys=0.00s Real=0.01s
[2025-06-05T22:43:02.524+0000][10.873s][info ][safepoint   ] Safepoint "G1CollectForAllocation", Time since last: 145461667 ns, Reaching safepoint: 216458 ns, Cleanup: 59500 ns, At safepoint: 11593167 ns, Total: 11869125 ns
[2025-06-05T22:43:02.528+0000][10.877s][debug][safepoint   ] Safepoint synchronization initiated using futex wait barrier. (22 threads)
[2025-06-05T22:43:02.529+0000][10.877s][info ][gc,start    ] GC(48) Pause Young (Mixed) (G1 Evacuation Pause)
[2025-06-05T22:43:02.529+0000][10.877s][info ][gc,task     ] GC(48) Using 2 workers of 2 for evacuation
[2025-06-05T22:43:02.543+0000][10.891s][info ][gc,phases   ] GC(48)   Pre Evacuate Collection Set: 0.1ms
[2025-06-05T22:43:02.543+0000][10.892s][info ][gc,phases   ] GC(48)   Merge Heap Roots: 0.1ms
[2025-06-05T22:43:02.543+0000][10.892s][info ][gc,phases   ] GC(48)   Evacuate Collection Set: 13.3ms
[2025-06-05T22:43:02.543+0000][10.892s][info ][gc,phases   ] GC(48)   Post Evacuate Collection Set: 0.8ms
[2025-06-05T22:43:02.543+0000][10.892s][info ][gc,phases   ] GC(48)   Other: 0.2ms
[2025-06-05T22:43:02.543+0000][10.892s][info ][gc,heap     ] GC(48) Eden regions: 2->0(146)
[2025-06-05T22:43:02.543+0000][10.892s][info ][gc,heap     ] GC(48) Survivor regions: 11->1(2)
[2025-06-05T22:43:02.543+0000][10.892s][info ][gc,heap     ] GC(48) Old regions: 77->86
[2025-06-05T22:43:02.543+0000][10.892s][info ][gc,heap     ] GC(48) Archive regions: 2->2
[2025-06-05T22:43:02.543+0000][10.892s][info ][gc,heap     ] GC(48) Humongous regions: 0->0
[2025-06-05T22:43:02.543+0000][10.892s][info ][gc,metaspace] GC(48) Metaspace: 95023K(95616K)->95023K(95616K) NonClass: 82518K(82816K)->82518K(82816K) Class: 12505K(12800K)->12505K(12800K)
[2025-06-05T22:43:02.544+0000][10.892s][info ][gc          ] GC(48) Pause Young (Mixed) (G1 Evacuation Pause) 90M->87M(274M) 14.989ms
[2025-06-05T22:43:02.544+0000][10.892s][info ][gc,cpu      ] GC(48) User=0.02s Sys=0.00s Real=0.01s
[2025-06-05T22:43:02.544+0000][10.892s][info ][safepoint   ] Safepoint "G1CollectForAllocation", Time since last: 4280750 ns, Reaching safepoint: 133708 ns, Cleanup: 6667 ns, At safepoint: 15090875 ns, Total: 15231250 ns
[2025-06-05T22:43:02.784+0000][11.132s][debug][safepoint   ] Safepoint synchronization initiated using futex wait barrier. (22 threads)
[2025-06-05T22:43:02.784+0000][11.133s][info ][safepoint   ] Safepoint "ICBufferFull", Time since last: 240272167 ns, Reaching safepoint: 211125 ns, Cleanup: 95750 ns, At safepoint: 5833 ns, Total: 312708 ns
[2025-06-05T22:43:02.943+0000][11.292s][debug][safepoint   ] Safepoint synchronization initiated using futex wait barrier. (24 threads)
[2025-06-05T22:43:02.944+0000][11.292s][info ][gc,start    ] GC(49) Pause Young (Normal) (G1 Evacuation Pause)
[2025-06-05T22:43:02.944+0000][11.292s][info ][gc,task     ] GC(49) Using 2 workers of 2 for evacuation
[2025-06-05T22:43:02.952+0000][11.301s][info ][gc,phases   ] GC(49)   Pre Evacuate Collection Set: 0.1ms
[2025-06-05T22:43:02.952+0000][11.301s][info ][gc,phases   ] GC(49)   Merge Heap Roots: 0.1ms
[2025-06-05T22:43:02.952+0000][11.301s][info ][gc,phases   ] GC(49)   Evacuate Collection Set: 7.6ms
[2025-06-05T22:43:02.953+0000][11.301s][info ][gc,phases   ] GC(49)   Post Evacuate Collection Set: 0.8ms
[2025-06-05T22:43:02.953+0000][11.301s][info ][gc,phases   ] GC(49)   Other: 0.2ms
[2025-06-05T22:43:02.953+0000][11.301s][info ][gc,heap     ] GC(49) Eden regions: 146->0(145)
[2025-06-05T22:43:02.953+0000][11.301s][info ][gc,heap     ] GC(49) Survivor regions: 1->3(19)
[2025-06-05T22:43:02.953+0000][11.301s][info ][gc,heap     ] GC(49) Old regions: 86->86
[2025-06-05T22:43:02.953+0000][11.301s][info ][gc,heap     ] GC(49) Archive regions: 2->2
[2025-06-05T22:43:02.953+0000][11.301s][info ][gc,heap     ] GC(49) Humongous regions: 0->0
[2025-06-05T22:43:02.953+0000][11.301s][info ][gc,metaspace] GC(49) Metaspace: 99512K(100096K)->99512K(100096K) NonClass: 86404K(86720K)->86404K(86720K) Class: 13108K(13376K)->13108K(13376K)
[2025-06-05T22:43:02.953+0000][11.301s][info ][gc          ] GC(49) Pause Young (Normal) (G1 Evacuation Pause) 233M->89M(274M) 9.295ms
[2025-06-05T22:43:02.953+0000][11.301s][info ][gc,cpu      ] GC(49) User=0.02s Sys=0.00s Real=0.01s
[2025-06-05T22:43:02.953+0000][11.301s][info ][safepoint   ] Safepoint "G1CollectForAllocation", Time since last: 159121209 ns, Reaching safepoint: 209041 ns, Cleanup: 21292 ns, At safepoint: 9408750 ns, Total: 9639083 ns
[2025-06-05T22:43:03.067+0000][11.415s][debug][safepoint   ] Safepoint synchronization initiated using futex wait barrier. (24 threads)
[2025-06-05T22:43:03.067+0000][11.415s][info ][safepoint   ] Safepoint "ICBufferFull", Time since last: 113651208 ns, Reaching safepoint: 244209 ns, Cleanup: 106916 ns, At safepoint: 4459 ns, Total: 355584 ns
[2025-06-05T22:43:03.067+0000][11.416s][debug][safepoint   ] Safepoint synchronization initiated using futex wait barrier. (24 threads)
[2025-06-05T22:43:03.068+0000][11.416s][info ][safepoint   ] Safepoint "ICBufferFull", Time since last: 183916 ns, Reaching safepoint: 429625 ns, Cleanup: 10667 ns, At safepoint: 8000 ns, Total: 448292 ns
[2025-06-05T22:43:03.185+0000][11.534s][debug][safepoint   ] ... found polling page loop exception at pc = 0x0000ffff7d000328, stub =0x0000ffff7c97ef00
[2025-06-05T22:43:03.367+0000][11.716s][debug][safepoint   ] Safepoint synchronization initiated using futex wait barrier. (26 threads)
[2025-06-05T22:43:03.368+0000][11.716s][info ][gc,start    ] GC(50) Pause Young (Normal) (G1 Evacuation Pause)
[2025-06-05T22:43:03.368+0000][11.716s][info ][gc,task     ] GC(50) Using 2 workers of 2 for evacuation
[2025-06-05T22:43:03.375+0000][11.724s][info ][gc,phases   ] GC(50)   Pre Evacuate Collection Set: 0.1ms
[2025-06-05T22:43:03.375+0000][11.724s][info ][gc,phases   ] GC(50)   Merge Heap Roots: 0.1ms
[2025-06-05T22:43:03.375+0000][11.724s][info ][gc,phases   ] GC(50)   Evacuate Collection Set: 6.1ms
[2025-06-05T22:43:03.375+0000][11.724s][info ][gc,phases   ] GC(50)   Post Evacuate Collection Set: 1.0ms
[2025-06-05T22:43:03.375+0000][11.724s][info ][gc,phases   ] GC(50)   Other: 0.1ms
[2025-06-05T22:43:03.375+0000][11.724s][info ][gc,heap     ] GC(50) Eden regions: 145->0(143)
[2025-06-05T22:43:03.376+0000][11.724s][info ][gc,heap     ] GC(50) Survivor regions: 3->6(19)
[2025-06-05T22:43:03.376+0000][11.724s][info ][gc,heap     ] GC(50) Old regions: 86->86
[2025-06-05T22:43:03.376+0000][11.724s][info ][gc,heap     ] GC(50) Archive regions: 2->2
[2025-06-05T22:43:03.376+0000][11.724s][info ][gc,heap     ] GC(50) Humongous regions: 0->0
[2025-06-05T22:43:03.376+0000][11.724s][info ][gc,metaspace] GC(50) Metaspace: 103267K(103872K)->103267K(103872K) NonClass: 89658K(89984K)->89658K(89984K) Class: 13609K(13888K)->13609K(13888K)
[2025-06-05T22:43:03.376+0000][11.724s][info ][gc          ] GC(50) Pause Young (Normal) (G1 Evacuation Pause) 234M->92M(274M) 8.118ms
[2025-06-05T22:43:03.376+0000][11.724s][info ][gc,cpu      ] GC(50) User=0.02s Sys=0.00s Real=0.00s
[2025-06-05T22:43:03.376+0000][11.724s][info ][safepoint   ] Safepoint "G1CollectForAllocation", Time since last: 299688833 ns, Reaching safepoint: 234292 ns, Cleanup: 77333 ns, At safepoint: 8226459 ns, Total: 8538084 ns
[2025-06-05T22:43:03.747+0000][12.096s][debug][safepoint   ] Safepoint synchronization initiated using futex wait barrier. (29 threads)
[2025-06-05T22:43:03.748+0000][12.096s][info ][gc,start    ] GC(51) Pause Young (Normal) (G1 Evacuation Pause)
[2025-06-05T22:43:03.748+0000][12.096s][info ][gc,task     ] GC(51) Using 2 workers of 2 for evacuation
[2025-06-05T22:43:03.757+0000][12.105s][info ][gc,phases   ] GC(51)   Pre Evacuate Collection Set: 0.1ms
[2025-06-05T22:43:03.757+0000][12.105s][info ][gc,phases   ] GC(51)   Merge Heap Roots: 0.1ms
[2025-06-05T22:43:03.757+0000][12.105s][info ][gc,phases   ] GC(51)   Evacuate Collection Set: 7.7ms
[2025-06-05T22:43:03.757+0000][12.105s][info ][gc,phases   ] GC(51)   Post Evacuate Collection Set: 1.1ms
[2025-06-05T22:43:03.757+0000][12.106s][info ][gc,phases   ] GC(51)   Other: 0.2ms
[2025-06-05T22:43:03.757+0000][12.106s][info ][gc,heap     ] GC(51) Eden regions: 143->0(140)
[2025-06-05T22:43:03.757+0000][12.106s][info ][gc,heap     ] GC(51) Survivor regions: 6->9(19)
[2025-06-05T22:43:03.757+0000][12.106s][info ][gc,heap     ] GC(51) Old regions: 86->86
[2025-06-05T22:43:03.757+0000][12.106s][info ][gc,heap     ] GC(51) Archive regions: 2->2
[2025-06-05T22:43:03.757+0000][12.106s][info ][gc,heap     ] GC(51) Humongous regions: 0->0
[2025-06-05T22:43:03.757+0000][12.106s][info ][gc,metaspace] GC(51) Metaspace: 106164K(106752K)->106164K(106752K) NonClass: 92257K(92544K)->92257K(92544K) Class: 13906K(14208K)->13906K(14208K)
[2025-06-05T22:43:03.757+0000][12.106s][info ][gc          ] GC(51) Pause Young (Normal) (G1 Evacuation Pause) 235M->95M(274M) 9.691ms
[2025-06-05T22:43:03.757+0000][12.106s][info ][gc,cpu      ] GC(51) User=0.02s Sys=0.00s Real=0.01s
[2025-06-05T22:43:03.757+0000][12.106s][info ][safepoint   ] Safepoint "G1CollectForAllocation", Time since last: 371523375 ns, Reaching safepoint: 206167 ns, Cleanup: 75791 ns, At safepoint: 9815000 ns, Total: 10096958 ns
[2025-06-05T22:43:04.095+0000][12.444s][debug][safepoint   ] Safepoint synchronization initiated using futex wait barrier. (34 threads)
[2025-06-05T22:43:04.095+0000][12.444s][info ][safepoint   ] Safepoint "ICBufferFull", Time since last: 337540917 ns, Reaching safepoint: 194667 ns, Cleanup: 102333 ns, At safepoint: 1625 ns, Total: 298625 ns
[2025-06-05T22:43:04.105+0000][12.454s][debug][safepoint   ] Safepoint synchronization initiated using futex wait barrier. (34 threads)
[2025-06-05T22:43:04.105+0000][12.454s][info ][gc,start    ] GC(52) Pause Young (Normal) (G1 Evacuation Pause)
[2025-06-05T22:43:04.105+0000][12.454s][info ][gc,task     ] GC(52) Using 2 workers of 2 for evacuation
[2025-06-05T22:43:04.116+0000][12.465s][info ][gc,phases   ] GC(52)   Pre Evacuate Collection Set: 0.1ms
[2025-06-05T22:43:04.116+0000][12.465s][info ][gc,phases   ] GC(52)   Merge Heap Roots: 0.1ms
[2025-06-05T22:43:04.117+0000][12.465s][info ][gc,phases   ] GC(52)   Evacuate Collection Set: 9.6ms
[2025-06-05T22:43:04.117+0000][12.465s][info ][gc,phases   ] GC(52)   Post Evacuate Collection Set: 1.0ms
[2025-06-05T22:43:04.117+0000][12.465s][info ][gc,phases   ] GC(52)   Other: 0.2ms
[2025-06-05T22:43:04.117+0000][12.465s][info ][gc,heap     ] GC(52) Eden regions: 140->0(132)
[2025-06-05T22:43:04.117+0000][12.465s][info ][gc,heap     ] GC(52) Survivor regions: 9->13(19)
[2025-06-05T22:43:04.117+0000][12.465s][info ][gc,heap     ] GC(52) Old regions: 86->86
[2025-06-05T22:43:04.117+0000][12.465s][info ][gc,heap     ] GC(52) Archive regions: 2->2
[2025-06-05T22:43:04.117+0000][12.465s][info ][gc,heap     ] GC(52) Humongous regions: 0->0
[2025-06-05T22:43:04.117+0000][12.465s][info ][gc,metaspace] GC(52) Metaspace: 108613K(109248K)->108613K(109248K) NonClass: 94451K(94784K)->94451K(94784K) Class: 14162K(14464K)->14162K(14464K)
[2025-06-05T22:43:04.117+0000][12.465s][info ][gc          ] GC(52) Pause Young (Normal) (G1 Evacuation Pause) 235M->99M(274M) 11.614ms
[2025-06-05T22:43:04.117+0000][12.466s][info ][gc,cpu      ] GC(52) User=0.02s Sys=0.00s Real=0.02s
[2025-06-05T22:43:04.117+0000][12.466s][info ][safepoint   ] Safepoint "G1CollectForAllocation", Time since last: 9821708 ns, Reaching safepoint: 178625 ns, Cleanup: 16375 ns, At safepoint: 11726292 ns, Total: 11921292 ns
[2025-06-05T22:43:04.423+0000][12.771s][debug][safepoint   ] Safepoint synchronization initiated using futex wait barrier. (38 threads)
[2025-06-05T22:43:04.423+0000][12.771s][info ][safepoint   ] Safepoint "ICBufferFull", Time since last: 305503417 ns, Reaching safepoint: 138500 ns, Cleanup: 106333 ns, At safepoint: 1750 ns, Total: 246583 ns
[2025-06-05T22:43:04.507+0000][12.855s][debug][safepoint   ] Safepoint synchronization initiated using futex wait barrier. (38 threads)
[2025-06-05T22:43:04.507+0000][12.855s][info ][safepoint   ] Safepoint "ICBufferFull", Time since last: 83701750 ns, Reaching safepoint: 187167 ns, Cleanup: 88417 ns, At safepoint: 6708 ns, Total: 282292 ns
[2025-06-05T22:43:04.575+0000][12.924s][debug][safepoint   ] Safepoint synchronization initiated using futex wait barrier. (38 threads)
[2025-06-05T22:43:04.575+0000][12.924s][info ][gc,start    ] GC(53) Pause Young (Normal) (G1 Evacuation Pause)
[2025-06-05T22:43:04.575+0000][12.924s][info ][gc,task     ] GC(53) Using 2 workers of 2 for evacuation
[2025-06-05T22:43:04.589+0000][12.937s][info ][gc,phases   ] GC(53)   Pre Evacuate Collection Set: 0.1ms
[2025-06-05T22:43:04.589+0000][12.937s][info ][gc,phases   ] GC(53)   Merge Heap Roots: 0.1ms
[2025-06-05T22:43:04.589+0000][12.937s][info ][gc,phases   ] GC(53)   Evacuate Collection Set: 11.7ms
[2025-06-05T22:43:04.589+0000][12.937s][info ][gc,phases   ] GC(53)   Post Evacuate Collection Set: 1.1ms
[2025-06-05T22:43:04.589+0000][12.937s][info ][gc,phases   ] GC(53)   Other: 0.2ms
[2025-06-05T22:43:04.589+0000][12.937s][info ][gc,heap     ] GC(53) Eden regions: 132->0(133)
[2025-06-05T22:43:04.589+0000][12.937s][info ][gc,heap     ] GC(53) Survivor regions: 13->10(19)
[2025-06-05T22:43:04.589+0000][12.937s][info ][gc,heap     ] GC(53) Old regions: 86->91
[2025-06-05T22:43:04.589+0000][12.937s][info ][gc,heap     ] GC(53) Archive regions: 2->2
[2025-06-05T22:43:04.589+0000][12.938s][info ][gc,heap     ] GC(53) Humongous regions: 0->0
[2025-06-05T22:43:04.589+0000][12.938s][info ][gc,metaspace] GC(53) Metaspace: 112459K(113152K)->112459K(113152K) NonClass: 97929K(98304K)->97929K(98304K) Class: 14529K(14848K)->14529K(14848K)
[2025-06-05T22:43:04.589+0000][12.938s][info ][gc          ] GC(53) Pause Young (Normal) (G1 Evacuation Pause) 231M->101M(274M) 13.704ms
[2025-06-05T22:43:04.589+0000][12.938s][info ][gc,cpu      ] GC(53) User=0.03s Sys=0.01s Real=0.02s
[2025-06-05T22:43:04.589+0000][12.938s][info ][safepoint   ] Safepoint "G1CollectForAllocation", Time since last: 68363500 ns, Reaching safepoint: 193250 ns, Cleanup: 67333 ns, At safepoint: 13905584 ns, Total: 14166167 ns
[2025-06-05T22:43:04.662+0000][13.010s][debug][safepoint   ] Safepoint synchronization initiated using futex wait barrier. (38 threads)
[2025-06-05T22:43:04.662+0000][13.011s][info ][safepoint   ] Safepoint "ICBufferFull", Time since last: 72446333 ns, Reaching safepoint: 191458 ns, Cleanup: 101667 ns, At safepoint: 1625 ns, Total: 294750 ns
[2025-06-05T22:43:04.796+0000][13.144s][debug][safepoint   ] Safepoint synchronization initiated using futex wait barrier. (38 threads)
[2025-06-05T22:43:04.796+0000][13.145s][info ][safepoint   ] Safepoint "ICBufferFull", Time since last: 133731750 ns, Reaching safepoint: 201375 ns, Cleanup: 114625 ns, At safepoint: 2417 ns, Total: 318417 ns
[2025-06-05T22:43:04.987+0000][13.335s][debug][safepoint   ] Safepoint synchronization initiated using futex wait barrier. (38 threads)
[2025-06-05T22:43:04.987+0000][13.336s][info ][safepoint   ] Safepoint "ICBufferFull", Time since last: 190707708 ns, Reaching safepoint: 175584 ns, Cleanup: 103166 ns, At safepoint: 1250 ns, Total: 280000 ns
[2025-06-05T22:43:05.079+0000][13.428s][debug][safepoint   ] Safepoint synchronization initiated using futex wait barrier. (39 threads)
[2025-06-05T22:43:05.080+0000][13.428s][info ][gc,start    ] GC(54) Pause Young (Normal) (G1 Evacuation Pause)
[2025-06-05T22:43:05.080+0000][13.428s][info ][gc,task     ] GC(54) Using 2 workers of 2 for evacuation
[2025-06-05T22:43:05.093+0000][13.441s][info ][gc,phases   ] GC(54)   Pre Evacuate Collection Set: 0.1ms
[2025-06-05T22:43:05.093+0000][13.442s][info ][gc,phases   ] GC(54)   Merge Heap Roots: 0.1ms
[2025-06-05T22:43:05.093+0000][13.442s][info ][gc,phases   ] GC(54)   Evacuate Collection Set: 11.9ms
[2025-06-05T22:43:05.093+0000][13.442s][info ][gc,phases   ] GC(54)   Post Evacuate Collection Set: 1.1ms
[2025-06-05T22:43:05.093+0000][13.442s][info ][gc,phases   ] GC(54)   Other: 0.2ms
[2025-06-05T22:43:05.093+0000][13.442s][info ][gc,heap     ] GC(54) Eden regions: 133->0(128)
[2025-06-05T22:43:05.093+0000][13.442s][info ][gc,heap     ] GC(54) Survivor regions: 10->11(18)
[2025-06-05T22:43:05.093+0000][13.442s][info ][gc,heap     ] GC(54) Old regions: 91->94
[2025-06-05T22:43:05.093+0000][13.442s][info ][gc,heap     ] GC(54) Archive regions: 2->2
[2025-06-05T22:43:05.093+0000][13.442s][info ][gc,heap     ] GC(54) Humongous regions: 0->0
[2025-06-05T22:43:05.094+0000][13.442s][info ][gc,metaspace] GC(54) Metaspace: 115332K(116032K)->115332K(116032K) NonClass: 100522K(100864K)->100522K(100864K) Class: 14810K(15168K)->14810K(15168K)
[2025-06-05T22:43:05.094+0000][13.442s][info ][gc          ] GC(54) Pause Young (Normal) (G1 Evacuation Pause) 234M->105M(274M) 14.002ms
[2025-06-05T22:43:05.094+0000][13.442s][info ][gc,cpu      ] GC(54) User=0.05s Sys=0.00s Real=0.01s
[2025-06-05T22:43:05.094+0000][13.442s][info ][safepoint   ] Safepoint "G1CollectForAllocation", Time since last: 92280750 ns, Reaching safepoint: 189125 ns, Cleanup: 35375 ns, At safepoint: 14168709 ns, Total: 14393209 ns
[2025-06-05T22:43:05.304+0000][13.653s][debug][safepoint   ] Safepoint synchronization initiated using futex wait barrier. (39 threads)
[2025-06-05T22:43:05.306+0000][13.655s][info ][safepoint   ] Safepoint "ICBufferFull", Time since last: 210300583 ns, Reaching safepoint: 2209917 ns, Cleanup: 95541 ns, At safepoint: 1542 ns, Total: 2307000 ns
[2025-06-05T22:43:05.307+0000][13.655s][debug][safepoint   ] Safepoint synchronization initiated using futex wait barrier. (39 threads)
[2025-06-05T22:43:05.308+0000][13.656s][info ][safepoint   ] Safepoint "ICBufferFull", Time since last: 147375 ns, Reaching safepoint: 1234792 ns, Cleanup: 4666 ns, At safepoint: 6250 ns, Total: 1245708 ns
[2025-06-05T22:43:05.442+0000][13.791s][debug][safepoint   ] Safepoint synchronization initiated using futex wait barrier. (42 threads)
[2025-06-05T22:43:05.443+0000][13.791s][info ][gc,start    ] GC(55) Pause Young (Normal) (G1 Evacuation Pause)
[2025-06-05T22:43:05.443+0000][13.791s][info ][gc,task     ] GC(55) Using 2 workers of 2 for evacuation
[2025-06-05T22:43:05.457+0000][13.806s][info ][gc,phases   ] GC(55)   Pre Evacuate Collection Set: 0.1ms
[2025-06-05T22:43:05.457+0000][13.806s][info ][gc,phases   ] GC(55)   Merge Heap Roots: 0.1ms
[2025-06-05T22:43:05.457+0000][13.806s][info ][gc,phases   ] GC(55)   Evacuate Collection Set: 12.8ms
[2025-06-05T22:43:05.457+0000][13.806s][info ][gc,phases   ] GC(55)   Post Evacuate Collection Set: 1.1ms
[2025-06-05T22:43:05.457+0000][13.806s][info ][gc,phases   ] GC(55)   Other: 0.4ms
[2025-06-05T22:43:05.458+0000][13.806s][info ][gc,heap     ] GC(55) Eden regions: 128->0(126)
[2025-06-05T22:43:05.458+0000][13.806s][info ][gc,heap     ] GC(55) Survivor regions: 11->10(18)
[2025-06-05T22:43:05.458+0000][13.806s][info ][gc,heap     ] GC(55) Old regions: 94->98
[2025-06-05T22:43:05.458+0000][13.806s][info ][gc,heap     ] GC(55) Archive regions: 2->2
[2025-06-05T22:43:05.458+0000][13.806s][info ][gc,heap     ] GC(55) Humongous regions: 0->0
[2025-06-05T22:43:05.458+0000][13.806s][info ][gc,metaspace] GC(55) Metaspace: 116831K(117568K)->116831K(117568K) NonClass: 101801K(102208K)->101801K(102208K) Class: 15029K(15360K)->15029K(15360K)
[2025-06-05T22:43:05.458+0000][13.806s][info ][gc          ] GC(55) Pause Young (Normal) (G1 Evacuation Pause) 233M->107M(274M) 15.171ms
[2025-06-05T22:43:05.458+0000][13.806s][info ][gc,cpu      ] GC(55) User=0.03s Sys=0.00s Real=0.02s
[2025-06-05T22:43:05.458+0000][13.806s][info ][safepoint   ] Safepoint "G1CollectForAllocation", Time since last: 134605292 ns, Reaching safepoint: 166000 ns, Cleanup: 122750 ns, At safepoint: 15322083 ns, Total: 15610833 ns
[2025-06-05T22:43:05.778+0000][14.126s][debug][safepoint   ] Safepoint synchronization initiated using futex wait barrier. (42 threads)
[2025-06-05T22:43:05.778+0000][14.127s][info ][safepoint   ] Safepoint "ICBufferFull", Time since last: 319970251 ns, Reaching safepoint: 230916 ns, Cleanup: 73917 ns, At safepoint: 1417 ns, Total: 306250 ns
[2025-06-05T22:43:05.881+0000][14.229s][debug][safepoint   ] Safepoint synchronization initiated using futex wait barrier. (42 threads)
[2025-06-05T22:43:05.881+0000][14.230s][info ][gc,start    ] GC(56) Pause Young (Normal) (G1 Evacuation Pause)
[2025-06-05T22:43:05.881+0000][14.230s][info ][gc,task     ] GC(56) Using 2 workers of 2 for evacuation
[2025-06-05T22:43:05.896+0000][14.245s][info ][gc,phases   ] GC(56)   Pre Evacuate Collection Set: 0.1ms
[2025-06-05T22:43:05.896+0000][14.245s][info ][gc,phases   ] GC(56)   Merge Heap Roots: 0.1ms
[2025-06-05T22:43:05.896+0000][14.245s][info ][gc,phases   ] GC(56)   Evacuate Collection Set: 13.5ms
[2025-06-05T22:43:05.896+0000][14.245s][info ][gc,phases   ] GC(56)   Post Evacuate Collection Set: 1.2ms
[2025-06-05T22:43:05.896+0000][14.245s][info ][gc,phases   ] GC(56)   Other: 0.2ms
[2025-06-05T22:43:05.896+0000][14.245s][info ][gc,heap     ] GC(56) Eden regions: 126->0(119)
[2025-06-05T22:43:05.896+0000][14.245s][info ][gc,heap     ] GC(56) Survivor regions: 10->12(17)
[2025-06-05T22:43:05.897+0000][14.245s][info ][gc,heap     ] GC(56) Old regions: 98->101
[2025-06-05T22:43:05.897+0000][14.245s][info ][gc,heap     ] GC(56) Archive regions: 2->2
[2025-06-05T22:43:05.897+0000][14.245s][info ][gc,heap     ] GC(56) Humongous regions: 0->0
[2025-06-05T22:43:05.897+0000][14.245s][info ][gc,metaspace] GC(56) Metaspace: 123316K(124096K)->123316K(124096K) NonClass: 107578K(107968K)->107578K(107968K) Class: 15738K(16128K)->15738K(16128K)
[2025-06-05T22:43:05.897+0000][14.245s][info ][gc          ] GC(56) Pause Young (Normal) (G1 Evacuation Pause) 233M->113M(274M) 15.732ms
[2025-06-05T22:43:05.897+0000][14.245s][info ][gc,cpu      ] GC(56) User=0.03s Sys=0.01s Real=0.02s
[2025-06-05T22:43:05.897+0000][14.245s][info ][safepoint   ] Safepoint "G1CollectForAllocation", Time since last: 102487333 ns, Reaching safepoint: 205750 ns, Cleanup: 37500 ns, At safepoint: 15871458 ns, Total: 16114708 ns
[2025-06-05T22:43:06.085+0000][14.434s][debug][safepoint   ] Safepoint synchronization initiated using futex wait barrier. (42 threads)
[2025-06-05T22:43:06.087+0000][14.435s][info ][safepoint   ] Safepoint "ICBufferFull", Time since last: 188358500 ns, Reaching safepoint: 1549167 ns, Cleanup: 117083 ns, At safepoint: 3292 ns, Total: 1669542 ns
[2025-06-05T22:43:06.095+0000][14.444s][debug][safepoint   ] Safepoint synchronization initiated using futex wait barrier. (42 threads)
[2025-06-05T22:43:06.097+0000][14.445s][info ][safepoint   ] Safepoint "ICBufferFull", Time since last: 8607083 ns, Reaching safepoint: 1238500 ns, Cleanup: 98042 ns, At safepoint: 4750 ns, Total: 1341292 ns
[2025-06-05T22:43:06.097+0000][14.445s][debug][safepoint   ] Safepoint synchronization initiated using futex wait barrier. (42 threads)
[2025-06-05T22:43:06.098+0000][14.446s][info ][safepoint   ] Safepoint "ICBufferFull", Time since last: 127375 ns, Reaching safepoint: 696000 ns, Cleanup: 4500 ns, At safepoint: 8208 ns, Total: 708708 ns
[2025-06-05T22:43:06.253+0000][14.601s][debug][safepoint   ] Safepoint synchronization initiated using futex wait barrier. (50 threads)
[2025-06-05T22:43:06.253+0000][14.602s][info ][gc,start    ] GC(57) Pause Young (Normal) (G1 Evacuation Pause)
[2025-06-05T22:43:06.253+0000][14.602s][info ][gc,task     ] GC(57) Using 2 workers of 2 for evacuation
[2025-06-05T22:43:06.266+0000][14.614s][info ][gc,phases   ] GC(57)   Pre Evacuate Collection Set: 0.1ms
[2025-06-05T22:43:06.266+0000][14.614s][info ][gc,phases   ] GC(57)   Merge Heap Roots: 0.2ms
[2025-06-05T22:43:06.266+0000][14.614s][info ][gc,phases   ] GC(57)   Evacuate Collection Set: 11.1ms
[2025-06-05T22:43:06.266+0000][14.614s][info ][gc,phases   ] GC(57)   Post Evacuate Collection Set: 1.0ms
[2025-06-05T22:43:06.266+0000][14.614s][info ][gc,phases   ] GC(57)   Other: 0.2ms
[2025-06-05T22:43:06.266+0000][14.614s][info ][gc,heap     ] GC(57) Eden regions: 119->0(120)
[2025-06-05T22:43:06.266+0000][14.614s][info ][gc,heap     ] GC(57) Survivor regions: 12->10(17)
[2025-06-05T22:43:06.266+0000][14.614s][info ][gc,heap     ] GC(57) Old regions: 101->104
[2025-06-05T22:43:06.266+0000][14.615s][info ][gc,heap     ] GC(57) Archive regions: 2->2
[2025-06-05T22:43:06.266+0000][14.615s][info ][gc,heap     ] GC(57) Humongous regions: 1->0
[2025-06-05T22:43:06.266+0000][14.615s][info ][gc,metaspace] GC(57) Metaspace: 129122K(130112K)->129122K(130112K) NonClass: 112816K(113344K)->112816K(113344K) Class: 16306K(16768K)->16306K(16768K)
[2025-06-05T22:43:06.266+0000][14.615s][info ][gc          ] GC(57) Pause Young (Normal) (G1 Evacuation Pause) 233M->114M(274M) 13.131ms
[2025-06-05T22:43:06.266+0000][14.615s][info ][gc,cpu      ] GC(57) User=0.03s Sys=0.00s Real=0.01s
[2025-06-05T22:43:06.266+0000][14.615s][info ][safepoint   ] Safepoint "G1CollectForAllocation", Time since last: 155109625 ns, Reaching safepoint: 157875 ns, Cleanup: 62042 ns, At safepoint: 13275375 ns, Total: 13495292 ns
[2025-06-05T22:43:06.575+0000][14.923s][debug][safepoint   ] Safepoint synchronization initiated using futex wait barrier. (50 threads)
[2025-06-05T22:43:06.575+0000][14.923s][info ][gc,start    ] GC(58) Pause Young (Normal) (G1 Evacuation Pause)
[2025-06-05T22:43:06.575+0000][14.923s][info ][gc,task     ] GC(58) Using 2 workers of 2 for evacuation
[2025-06-05T22:43:06.590+0000][14.938s][info ][gc,phases   ] GC(58)   Pre Evacuate Collection Set: 0.1ms
[2025-06-05T22:43:06.590+0000][14.939s][info ][gc,phases   ] GC(58)   Merge Heap Roots: 0.1ms
[2025-06-05T22:43:06.590+0000][14.939s][info ][gc,phases   ] GC(58)   Evacuate Collection Set: 13.5ms
[2025-06-05T22:43:06.590+0000][14.939s][info ][gc,phases   ] GC(58)   Post Evacuate Collection Set: 1.2ms
[2025-06-05T22:43:06.590+0000][14.939s][info ][gc,phases   ] GC(58)   Other: 0.2ms
[2025-06-05T22:43:06.590+0000][14.939s][info ][gc,heap     ] GC(58) Eden regions: 120->0(113)
[2025-06-05T22:43:06.590+0000][14.939s][info ][gc,heap     ] GC(58) Survivor regions: 10->12(17)
[2025-06-05T22:43:06.590+0000][14.939s][info ][gc,heap     ] GC(58) Old regions: 104->107
[2025-06-05T22:43:06.590+0000][14.939s][info ][gc,heap     ] GC(58) Archive regions: 2->2
[2025-06-05T22:43:06.591+0000][14.939s][info ][gc,heap     ] GC(58) Humongous regions: 0->0
[2025-06-05T22:43:06.591+0000][14.939s][info ][gc,metaspace] GC(58) Metaspace: 131466K(132544K)->131466K(132544K) NonClass: 115012K(115584K)->115012K(115584K) Class: 16454K(16960K)->16454K(16960K)
[2025-06-05T22:43:06.591+0000][14.939s][info ][gc          ] GC(58) Pause Young (Normal) (G1 Evacuation Pause) 234M->119M(274M) 15.694ms
[2025-06-05T22:43:06.591+0000][14.939s][info ][gc,cpu      ] GC(58) User=0.03s Sys=0.00s Real=0.02s
[2025-06-05T22:43:06.591+0000][14.939s][info ][safepoint   ] Safepoint "G1CollectForAllocation", Time since last: 308421292 ns, Reaching safepoint: 106250 ns, Cleanup: 96042 ns, At safepoint: 15848750 ns, Total: 16051042 ns
[2025-06-05T22:43:06.837+0000][15.185s][debug][safepoint   ] Safepoint synchronization initiated using futex wait barrier. (50 threads)
[2025-06-05T22:43:06.837+0000][15.186s][info ][gc,start    ] GC(59) Pause Young (Normal) (G1 Evacuation Pause)
[2025-06-05T22:43:06.837+0000][15.186s][info ][gc,task     ] GC(59) Using 2 workers of 2 for evacuation
[2025-06-05T22:43:06.853+0000][15.201s][info ][gc,phases   ] GC(59)   Pre Evacuate Collection Set: 0.1ms
[2025-06-05T22:43:06.853+0000][15.201s][info ][gc,phases   ] GC(59)   Merge Heap Roots: 0.1ms
[2025-06-05T22:43:06.853+0000][15.202s][info ][gc,phases   ] GC(59)   Evacuate Collection Set: 14.3ms
[2025-06-05T22:43:06.853+0000][15.202s][info ][gc,phases   ] GC(59)   Post Evacuate Collection Set: 1.1ms
[2025-06-05T22:43:06.853+0000][15.202s][info ][gc,phases   ] GC(59)   Other: 0.2ms
[2025-06-05T22:43:06.853+0000][15.202s][info ][gc,heap     ] GC(59) Eden regions: 113->0(113)
[2025-06-05T22:43:06.853+0000][15.202s][info ][gc,heap     ] GC(59) Survivor regions: 12->9(16)
[2025-06-05T22:43:06.853+0000][15.202s][info ][gc,heap     ] GC(59) Old regions: 107->112
[2025-06-05T22:43:06.853+0000][15.202s][info ][gc,heap     ] GC(59) Archive regions: 2->2
[2025-06-05T22:43:06.853+0000][15.202s][info ][gc,heap     ] GC(59) Humongous regions: 0->0
[2025-06-05T22:43:06.853+0000][15.202s][info ][gc,metaspace] GC(59) Metaspace: 133998K(135040K)->133998K(135040K) NonClass: 117307K(117824K)->117307K(117824K) Class: 16691K(17216K)->16691K(17216K)
[2025-06-05T22:43:06.853+0000][15.202s][info ][gc          ] GC(59) Pause Young (Normal) (G1 Evacuation Pause) 232M->121M(274M) 16.441ms
[2025-06-05T22:43:06.853+0000][15.202s][info ][gc,cpu      ] GC(59) User=0.04s Sys=0.00s Real=0.01s
[2025-06-05T22:43:06.854+0000][15.202s][info ][safepoint   ] Safepoint "G1CollectForAllocation", Time since last: 245989833 ns, Reaching safepoint: 182333 ns, Cleanup: 58792 ns, At safepoint: 16607750 ns, Total: 16848875 ns
[2025-06-05T22:43:07.043+0000][15.391s][debug][safepoint   ] Safepoint synchronization initiated using futex wait barrier. (51 threads)
[2025-06-05T22:43:07.043+0000][15.392s][info ][gc,start    ] GC(60) Pause Young (Normal) (G1 Evacuation Pause)
[2025-06-05T22:43:07.043+0000][15.392s][info ][gc,task     ] GC(60) Using 2 workers of 2 for evacuation
[2025-06-05T22:43:07.054+0000][15.402s][info ][gc,phases   ] GC(60)   Pre Evacuate Collection Set: 0.1ms
[2025-06-05T22:43:07.054+0000][15.402s][info ][gc,phases   ] GC(60)   Merge Heap Roots: 0.1ms
[2025-06-05T22:43:07.054+0000][15.402s][info ][gc,phases   ] GC(60)   Evacuate Collection Set: 9.3ms
[2025-06-05T22:43:07.054+0000][15.402s][info ][gc,phases   ] GC(60)   Post Evacuate Collection Set: 1.0ms
[2025-06-05T22:43:07.054+0000][15.402s][info ][gc,phases   ] GC(60)   Other: 0.2ms
[2025-06-05T22:43:07.054+0000][15.403s][info ][gc,heap     ] GC(60) Eden regions: 113->0(114)
[2025-06-05T22:43:07.054+0000][15.403s][info ][gc,heap     ] GC(60) Survivor regions: 9->9(16)
[2025-06-05T22:43:07.054+0000][15.403s][info ][gc,heap     ] GC(60) Old regions: 112->112
[2025-06-05T22:43:07.054+0000][15.403s][info ][gc,heap     ] GC(60) Archive regions: 2->2
[2025-06-05T22:43:07.054+0000][15.403s][info ][gc,heap     ] GC(60) Humongous regions: 0->0
[2025-06-05T22:43:07.054+0000][15.403s][info ][gc,metaspace] GC(60) Metaspace: 136526K(137600K)->136526K(137600K) NonClass: 119509K(120064K)->119509K(120064K) Class: 17017K(17536K)->17017K(17536K)
[2025-06-05T22:43:07.054+0000][15.403s][info ][gc          ] GC(60) Pause Young (Normal) (G1 Evacuation Pause) 234M->121M(274M) 11.331ms
[2025-06-05T22:43:07.054+0000][15.403s][info ][gc,cpu      ] GC(60) User=0.02s Sys=0.00s Real=0.01s
[2025-06-05T22:43:07.055+0000][15.403s][info ][safepoint   ] Safepoint "G1CollectForAllocation", Time since last: 189147542 ns, Reaching safepoint: 191042 ns, Cleanup: 42750 ns, At safepoint: 11548500 ns, Total: 11782292 ns
[2025-06-05T22:43:07.315+0000][15.664s][debug][safepoint   ] Safepoint synchronization initiated using futex wait barrier. (54 threads)
[2025-06-05T22:43:07.316+0000][15.664s][info ][gc,start    ] GC(61) Pause Young (Normal) (G1 Evacuation Pause)
[2025-06-05T22:43:07.316+0000][15.664s][info ][gc,task     ] GC(61) Using 2 workers of 2 for evacuation
[2025-06-05T22:43:07.329+0000][15.677s][info ][gc,phases   ] GC(61)   Pre Evacuate Collection Set: 0.1ms
[2025-06-05T22:43:07.329+0000][15.677s][info ][gc,phases   ] GC(61)   Merge Heap Roots: 0.1ms
[2025-06-05T22:43:07.329+0000][15.677s][info ][gc,phases   ] GC(61)   Evacuate Collection Set: 11.4ms
[2025-06-05T22:43:07.329+0000][15.677s][info ][gc,phases   ] GC(61)   Post Evacuate Collection Set: 1.1ms
[2025-06-05T22:43:07.329+0000][15.677s][info ][gc,phases   ] GC(61)   Other: 0.2ms
[2025-06-05T22:43:07.329+0000][15.678s][info ][gc,heap     ] GC(61) Eden regions: 114->0(107)
[2025-06-05T22:43:07.329+0000][15.678s][info ][gc,heap     ] GC(61) Survivor regions: 9->12(16)
[2025-06-05T22:43:07.329+0000][15.678s][info ][gc,heap     ] GC(61) Old regions: 112->113
[2025-06-05T22:43:07.329+0000][15.678s][info ][gc,heap     ] GC(61) Archive regions: 2->2
[2025-06-05T22:43:07.329+0000][15.678s][info ][gc,heap     ] GC(61) Humongous regions: 0->0
[2025-06-05T22:43:07.329+0000][15.678s][info ][gc,metaspace] GC(61) Metaspace: 138360K(139392K)->138360K(139392K) NonClass: 121248K(121792K)->121248K(121792K) Class: 17112K(17600K)->17112K(17600K)
[2025-06-05T22:43:07.329+0000][15.678s][info ][gc          ] GC(61) Pause Young (Normal) (G1 Evacuation Pause) 235M->125M(274M) 13.555ms
[2025-06-05T22:43:07.329+0000][15.678s][info ][gc,cpu      ] GC(61) User=0.03s Sys=0.00s Real=0.02s
[2025-06-05T22:43:07.329+0000][15.678s][info ][safepoint   ] Safepoint "G1CollectForAllocation", Time since last: 260891458 ns, Reaching safepoint: 209292 ns, Cleanup: 77875 ns, At safepoint: 13705416 ns, Total: 13992583 ns
[2025-06-05T22:43:07.598+0000][15.947s][debug][safepoint   ] Safepoint synchronization initiated using futex wait barrier. (56 threads)
[2025-06-05T22:43:07.598+0000][15.947s][info ][gc,start    ] GC(62) Pause Young (Normal) (G1 Evacuation Pause)
[2025-06-05T22:43:07.599+0000][15.947s][info ][gc,task     ] GC(62) Using 2 workers of 2 for evacuation
[2025-06-05T22:43:07.612+0000][15.961s][info ][gc,phases   ] GC(62)   Pre Evacuate Collection Set: 0.1ms
[2025-06-05T22:43:07.612+0000][15.961s][info ][gc,phases   ] GC(62)   Merge Heap Roots: 0.1ms
[2025-06-05T22:43:07.613+0000][15.961s][info ][gc,phases   ] GC(62)   Evacuate Collection Set: 12.2ms
[2025-06-05T22:43:07.613+0000][15.961s][info ][gc,phases   ] GC(62)   Post Evacuate Collection Set: 1.3ms
[2025-06-05T22:43:07.613+0000][15.961s][info ][gc,phases   ] GC(62)   Other: 0.2ms
[2025-06-05T22:43:07.613+0000][15.961s][info ][gc,heap     ] GC(62) Eden regions: 107->0(131)
[2025-06-05T22:43:07.613+0000][15.961s][info ][gc,heap     ] GC(62) Survivor regions: 12->11(15)
[2025-06-05T22:43:07.613+0000][15.961s][info ][gc,heap     ] GC(62) Old regions: 113->118
[2025-06-05T22:43:07.613+0000][15.961s][info ][gc,heap     ] GC(62) Archive regions: 2->2
[2025-06-05T22:43:07.613+0000][15.961s][info ][gc,heap     ] GC(62) Humongous regions: 0->0
[2025-06-05T22:43:07.613+0000][15.961s][info ][gc,metaspace] GC(62) Metaspace: 142156K(143168K)->142156K(143168K) NonClass: 124703K(125248K)->124703K(125248K) Class: 17453K(17920K)->17453K(17920K)
[2025-06-05T22:43:07.613+0000][15.962s][info ][gc          ] GC(62) Pause Young (Normal) (G1 Evacuation Pause) 232M->129M(304M) 14.507ms
[2025-06-05T22:43:07.613+0000][15.962s][info ][gc,cpu      ] GC(62) User=0.02s Sys=0.00s Real=0.01s
[2025-06-05T22:43:07.613+0000][15.962s][info ][safepoint   ] Safepoint "G1CollectForAllocation", Time since last: 268837792 ns, Reaching safepoint: 171167 ns, Cleanup: 54458 ns, At safepoint: 14643375 ns, Total: 14869000 ns
[2025-06-05T22:43:07.813+0000][16.161s][info ][cds,heap    ] initialize_from_archived_subgraph jdk.internal.math.FDBigInteger 0x000000f80014c8e8
[2025-06-05T22:43:07.939+0000][16.288s][debug][safepoint   ] Safepoint synchronization initiated using futex wait barrier. (61 threads)
[2025-06-05T22:43:07.939+0000][16.288s][info ][safepoint   ] Safepoint "ICBufferFull", Time since last: 326063125 ns, Reaching safepoint: 190375 ns, Cleanup: 60792 ns, At safepoint: 5167 ns, Total: 256334 ns
[2025-06-05T22:43:08.018+0000][16.367s][debug][safepoint   ] Safepoint synchronization initiated using futex wait barrier. (61 threads)
[2025-06-05T22:43:08.019+0000][16.367s][info ][gc,start    ] GC(63) Pause Young (Normal) (G1 Evacuation Pause)
[2025-06-05T22:43:08.019+0000][16.367s][info ][gc,task     ] GC(63) Using 2 workers of 2 for evacuation
[2025-06-05T22:43:08.043+0000][16.392s][info ][gc,phases   ] GC(63)   Pre Evacuate Collection Set: 0.1ms
[2025-06-05T22:43:08.043+0000][16.392s][info ][gc,phases   ] GC(63)   Merge Heap Roots: 0.2ms
[2025-06-05T22:43:08.043+0000][16.392s][info ][gc,phases   ] GC(63)   Evacuate Collection Set: 22.6ms
[2025-06-05T22:43:08.043+0000][16.392s][info ][gc,phases   ] GC(63)   Post Evacuate Collection Set: 1.3ms
[2025-06-05T22:43:08.043+0000][16.392s][info ][gc,phases   ] GC(63)   Other: 0.3ms
[2025-06-05T22:43:08.043+0000][16.392s][info ][gc,heap     ] GC(63) Eden regions: 131->0(129)
[2025-06-05T22:43:08.043+0000][16.392s][info ][gc,heap     ] GC(63) Survivor regions: 11->11(18)
[2025-06-05T22:43:08.043+0000][16.392s][info ][gc,heap     ] GC(63) Old regions: 118->120
[2025-06-05T22:43:08.044+0000][16.392s][info ][gc,heap     ] GC(63) Archive regions: 2->2
[2025-06-05T22:43:08.044+0000][16.392s][info ][gc,heap     ] GC(63) Humongous regions: 0->0
[2025-06-05T22:43:08.044+0000][16.392s][info ][gc,metaspace] GC(63) Metaspace: 146782K(147840K)->146782K(147840K) NonClass: 128797K(129344K)->128797K(129344K) Class: 17985K(18496K)->17985K(18496K)
[2025-06-05T22:43:08.044+0000][16.392s][info ][gc          ] GC(63) Pause Young (Normal) (G1 Evacuation Pause) 260M->131M(304M) 25.044ms
[2025-06-05T22:43:08.044+0000][16.392s][info ][gc,cpu      ] GC(63) User=0.03s Sys=0.00s Real=0.02s
[2025-06-05T22:43:08.044+0000][16.392s][info ][safepoint   ] Safepoint "G1CollectForAllocation", Time since last: 78961750 ns, Reaching safepoint: 176208 ns, Cleanup: 61917 ns, At safepoint: 25199500 ns, Total: 25437625 ns
[2025-06-05T22:43:08.311+0000][16.660s][debug][safepoint   ] Safepoint synchronization initiated using futex wait barrier. (71 threads)
[2025-06-05T22:43:08.312+0000][16.660s][info ][gc,start    ] GC(64) Pause Young (Normal) (G1 Evacuation Pause)
[2025-06-05T22:43:08.312+0000][16.660s][info ][gc,task     ] GC(64) Using 2 workers of 2 for evacuation
[2025-06-05T22:43:08.326+0000][16.674s][info ][gc,phases   ] GC(64)   Pre Evacuate Collection Set: 0.1ms
[2025-06-05T22:43:08.326+0000][16.674s][info ][gc,phases   ] GC(64)   Merge Heap Roots: 0.2ms
[2025-06-05T22:43:08.326+0000][16.675s][info ][gc,phases   ] GC(64)   Evacuate Collection Set: 12.4ms
[2025-06-05T22:43:08.326+0000][16.675s][info ][gc,phases   ] GC(64)   Post Evacuate Collection Set: 1.2ms
[2025-06-05T22:43:08.326+0000][16.675s][info ][gc,phases   ] GC(64)   Other: 0.2ms
[2025-06-05T22:43:08.326+0000][16.675s][info ][gc,heap     ] GC(64) Eden regions: 129->0(128)
[2025-06-05T22:43:08.326+0000][16.675s][info ][gc,heap     ] GC(64) Survivor regions: 11->9(18)
[2025-06-05T22:43:08.326+0000][16.675s][info ][gc,heap     ] GC(64) Old regions: 120->125
[2025-06-05T22:43:08.326+0000][16.675s][info ][gc,heap     ] GC(64) Archive regions: 2->2
[2025-06-05T22:43:08.326+0000][16.675s][info ][gc,heap     ] GC(64) Humongous regions: 0->0
[2025-06-05T22:43:08.326+0000][16.675s][info ][gc,metaspace] GC(64) Metaspace: 148669K(149760K)->148669K(149760K) NonClass: 130442K(131008K)->130442K(131008K) Class: 18226K(18752K)->18226K(18752K)
[2025-06-05T22:43:08.327+0000][16.675s][info ][gc          ] GC(64) Pause Young (Normal) (G1 Evacuation Pause) 260M->134M(304M) 14.794ms
[2025-06-05T22:43:08.327+0000][16.675s][info ][gc,cpu      ] GC(64) User=0.04s Sys=0.00s Real=0.02s
[2025-06-05T22:43:08.327+0000][16.675s][info ][safepoint   ] Safepoint "G1CollectForAllocation", Time since last: 267561666 ns, Reaching safepoint: 240167 ns, Cleanup: 81458 ns, At safepoint: 14992000 ns, Total: 15313625 ns
[2025-06-05T22:43:08.458+0000][16.806s][debug][safepoint   ] ... found polling page loop exception at pc = 0x0000ffff7d051198, stub =0x0000ffff7c97ef00
[2025-06-05T22:43:08.509+0000][16.857s][debug][safepoint   ] Safepoint synchronization initiated using futex wait barrier. (71 threads)
[2025-06-05T22:43:08.509+0000][16.858s][info ][safepoint   ] Safepoint "ICBufferFull", Time since last: 182255709 ns, Reaching safepoint: 199250 ns, Cleanup: 93917 ns, At safepoint: 4791 ns, Total: 297958 ns
[2025-06-05T22:43:08.586+0000][16.934s][debug][safepoint   ] Safepoint synchronization initiated using futex wait barrier. (71 threads)
[2025-06-05T22:43:08.586+0000][16.934s][info ][gc,start    ] GC(65) Pause Young (Normal) (G1 Evacuation Pause)
[2025-06-05T22:43:08.586+0000][16.934s][info ][gc,task     ] GC(65) Using 2 workers of 2 for evacuation
[2025-06-05T22:43:08.601+0000][16.950s][info ][gc,phases   ] GC(65)   Pre Evacuate Collection Set: 0.1ms
[2025-06-05T22:43:08.602+0000][16.950s][info ][gc,phases   ] GC(65)   Merge Heap Roots: 0.1ms
[2025-06-05T22:43:08.602+0000][16.950s][info ][gc,phases   ] GC(65)   Evacuate Collection Set: 14.0ms
[2025-06-05T22:43:08.602+0000][16.950s][info ][gc,phases   ] GC(65)   Post Evacuate Collection Set: 1.2ms
[2025-06-05T22:43:08.602+0000][16.950s][info ][gc,phases   ] GC(65)   Other: 0.2ms
[2025-06-05T22:43:08.602+0000][16.950s][info ][gc,heap     ] GC(65) Eden regions: 128->0(120)
[2025-06-05T22:43:08.602+0000][16.950s][info ][gc,heap     ] GC(65) Survivor regions: 9->13(18)
[2025-06-05T22:43:08.602+0000][16.950s][info ][gc,heap     ] GC(65) Old regions: 125->125
[2025-06-05T22:43:08.602+0000][16.950s][info ][gc,heap     ] GC(65) Archive regions: 2->2
[2025-06-05T22:43:08.602+0000][16.950s][info ][gc,heap     ] GC(65) Humongous regions: 0->0
[2025-06-05T22:43:08.602+0000][16.951s][info ][gc,metaspace] GC(65) Metaspace: 150104K(151168K)->150104K(151168K) NonClass: 131689K(132224K)->131689K(132224K) Class: 18414K(18944K)->18414K(18944K)
[2025-06-05T22:43:08.602+0000][16.951s][info ][gc          ] GC(65) Pause Young (Normal) (G1 Evacuation Pause) 262M->138M(304M) 16.186ms
[2025-06-05T22:43:08.602+0000][16.951s][info ][gc,cpu      ] GC(65) User=0.03s Sys=0.00s Real=0.02s
[2025-06-05T22:43:08.602+0000][16.951s][info ][safepoint   ] Safepoint "G1CollectForAllocation", Time since last: 76363917 ns, Reaching safepoint: 209000 ns, Cleanup: 43875 ns, At safepoint: 16375625 ns, Total: 16628500 ns
[2025-06-05T22:43:08.818+0000][17.166s][debug][safepoint   ] Safepoint synchronization initiated using futex wait barrier. (71 threads)
[2025-06-05T22:43:08.818+0000][17.166s][info ][safepoint   ] Safepoint "ICBufferFull", Time since last: 215429875 ns, Reaching safepoint: 203667 ns, Cleanup: 95958 ns, At safepoint: 4625 ns, Total: 304250 ns
[2025-06-05T22:43:08.859+0000][17.208s][debug][safepoint   ] Safepoint synchronization initiated using futex wait barrier. (71 threads)
[2025-06-05T22:43:08.859+0000][17.208s][info ][gc,start    ] GC(66) Pause Young (Normal) (G1 Evacuation Pause)
[2025-06-05T22:43:08.860+0000][17.208s][info ][gc,task     ] GC(66) Using 2 workers of 2 for evacuation
[2025-06-05T22:43:08.874+0000][17.223s][info ][gc,phases   ] GC(66)   Pre Evacuate Collection Set: 0.1ms
[2025-06-05T22:43:08.874+0000][17.223s][info ][gc,phases   ] GC(66)   Merge Heap Roots: 0.1ms
[2025-06-05T22:43:08.875+0000][17.223s][info ][gc,phases   ] GC(66)   Evacuate Collection Set: 13.0ms
[2025-06-05T22:43:08.875+0000][17.223s][info ][gc,phases   ] GC(66)   Post Evacuate Collection Set: 1.4ms
[2025-06-05T22:43:08.875+0000][17.223s][info ][gc,phases   ] GC(66)   Other: 0.2ms
[2025-06-05T22:43:08.875+0000][17.223s][info ][gc,heap     ] GC(66) Eden regions: 120->0(144)
[2025-06-05T22:43:08.875+0000][17.223s][info ][gc,heap     ] GC(66) Survivor regions: 13->12(17)
[2025-06-05T22:43:08.875+0000][17.223s][info ][gc,heap     ] GC(66) Old regions: 125->129
[2025-06-05T22:43:08.875+0000][17.223s][info ][gc,heap     ] GC(66) Archive regions: 2->2
[2025-06-05T22:43:08.875+0000][17.223s][info ][gc,heap     ] GC(66) Humongous regions: 0->0
[2025-06-05T22:43:08.875+0000][17.223s][info ][gc,metaspace] GC(66) Metaspace: 151003K(152064K)->151003K(152064K) NonClass: 132429K(132992K)->132429K(132992K) Class: 18573K(19072K)->18573K(19072K)
[2025-06-05T22:43:08.875+0000][17.224s][info ][gc          ] GC(66) Pause Young (Normal) (G1 Evacuation Pause) 258M->140M(333M) 15.518ms
[2025-06-05T22:43:08.875+0000][17.224s][info ][gc,cpu      ] GC(66) User=0.03s Sys=0.00s Real=0.01s
[2025-06-05T22:43:08.875+0000][17.224s][info ][safepoint   ] Safepoint "G1CollectForAllocation", Time since last: 41235292 ns, Reaching safepoint: 211333 ns, Cleanup: 35250 ns, At safepoint: 15685292 ns, Total: 15931875 ns
[2025-06-05T22:43:09.143+0000][17.491s][debug][safepoint   ] Safepoint synchronization initiated using futex wait barrier. (71 threads)
[2025-06-05T22:43:09.143+0000][17.492s][info ][gc,start    ] GC(67) Pause Young (Normal) (G1 Evacuation Pause)
[2025-06-05T22:43:09.143+0000][17.492s][info ][gc,task     ] GC(67) Using 2 workers of 2 for evacuation
[2025-06-05T22:43:09.158+0000][17.506s][info ][gc,phases   ] GC(67)   Pre Evacuate Collection Set: 0.1ms
[2025-06-05T22:43:09.158+0000][17.507s][info ][gc,phases   ] GC(67)   Merge Heap Roots: 0.1ms
[2025-06-05T22:43:09.158+0000][17.507s][info ][gc,phases   ] GC(67)   Evacuate Collection Set: 13.1ms
[2025-06-05T22:43:09.158+0000][17.507s][info ][gc,phases   ] GC(67)   Post Evacuate Collection Set: 1.2ms
[2025-06-05T22:43:09.158+0000][17.507s][info ][gc,phases   ] GC(67)   Other: 0.2ms
[2025-06-05T22:43:09.158+0000][17.507s][info ][gc,heap     ] GC(67) Eden regions: 144->0(143)
[2025-06-05T22:43:09.158+0000][17.507s][info ][gc,heap     ] GC(67) Survivor regions: 12->12(20)
[2025-06-05T22:43:09.158+0000][17.507s][info ][gc,heap     ] GC(67) Old regions: 129->130
[2025-06-05T22:43:09.158+0000][17.507s][info ][gc,heap     ] GC(67) Archive regions: 2->2
[2025-06-05T22:43:09.158+0000][17.507s][info ][gc,heap     ] GC(67) Humongous regions: 0->0
[2025-06-05T22:43:09.158+0000][17.507s][info ][gc,metaspace] GC(67) Metaspace: 151845K(152896K)->151845K(152896K) NonClass: 133130K(133696K)->133130K(133696K) Class: 18714K(19200K)->18714K(19200K)
[2025-06-05T22:43:09.158+0000][17.507s][info ][gc          ] GC(67) Pause Young (Normal) (G1 Evacuation Pause) 284M->142M(333M) 15.392ms
[2025-06-05T22:43:09.159+0000][17.507s][info ][gc,cpu      ] GC(67) User=0.02s Sys=0.00s Real=0.02s
[2025-06-05T22:43:09.159+0000][17.507s][info ][safepoint   ] Safepoint "G1CollectForAllocation", Time since last: 267617958 ns, Reaching safepoint: 216792 ns, Cleanup: 73625 ns, At safepoint: 15568083 ns, Total: 15858500 ns
[2025-06-05T22:43:09.369+0000][17.717s][debug][safepoint   ] Safepoint synchronization initiated using futex wait barrier. (71 threads)
[2025-06-05T22:43:09.369+0000][17.718s][info ][safepoint   ] Safepoint "ICBufferFull", Time since last: 210182084 ns, Reaching safepoint: 197083 ns, Cleanup: 111542 ns, At safepoint: 7083 ns, Total: 315708 ns
[2025-06-05T22:43:09.449+0000][17.798s][debug][safepoint   ] Safepoint synchronization initiated using futex wait barrier. (71 threads)
[2025-06-05T22:43:09.449+0000][17.798s][info ][gc,start    ] GC(68) Pause Young (Normal) (G1 Evacuation Pause)
[2025-06-05T22:43:09.449+0000][17.798s][info ][gc,task     ] GC(68) Using 2 workers of 2 for evacuation
[2025-06-05T22:43:09.465+0000][17.814s][info ][gc,phases   ] GC(68)   Pre Evacuate Collection Set: 0.1ms
[2025-06-05T22:43:09.465+0000][17.814s][info ][gc,phases   ] GC(68)   Merge Heap Roots: 0.1ms
[2025-06-05T22:43:09.465+0000][17.814s][info ][gc,phases   ] GC(68)   Evacuate Collection Set: 14.3ms
[2025-06-05T22:43:09.466+0000][17.814s][info ][gc,phases   ] GC(68)   Post Evacuate Collection Set: 1.3ms
[2025-06-05T22:43:09.466+0000][17.814s][info ][gc,phases   ] GC(68)   Other: 0.3ms
[2025-06-05T22:43:09.466+0000][17.814s][info ][gc,heap     ] GC(68) Eden regions: 143->0(139)
[2025-06-05T22:43:09.466+0000][17.814s][info ][gc,heap     ] GC(68) Survivor regions: 12->13(20)
[2025-06-05T22:43:09.466+0000][17.814s][info ][gc,heap     ] GC(68) Old regions: 130->132
[2025-06-05T22:43:09.466+0000][17.814s][info ][gc,heap     ] GC(68) Archive regions: 2->2
[2025-06-05T22:43:09.466+0000][17.814s][info ][gc,heap     ] GC(68) Humongous regions: 0->0
[2025-06-05T22:43:09.466+0000][17.814s][info ][gc,metaspace] GC(68) Metaspace: 153508K(154624K)->153508K(154624K) NonClass: 134558K(135168K)->134558K(135168K) Class: 18950K(19456K)->18950K(19456K)
[2025-06-05T22:43:09.466+0000][17.814s][info ][gc          ] GC(68) Pause Young (Normal) (G1 Evacuation Pause) 285M->145M(333M) 16.607ms
[2025-06-05T22:43:09.466+0000][17.814s][info ][gc,cpu      ] GC(68) User=0.04s Sys=0.00s Real=0.01s
[2025-06-05T22:43:09.466+0000][17.815s][info ][safepoint   ] Safepoint "G1CollectForAllocation", Time since last: 79885875 ns, Reaching safepoint: 216125 ns, Cleanup: 45625 ns, At safepoint: 16763542 ns, Total: 17025292 ns
[2025-06-05T22:43:09.472+0000][17.820s][debug][safepoint   ] Safepoint synchronization initiated using futex wait barrier. (71 threads)
[2025-06-05T22:43:09.472+0000][17.820s][info ][gc,start    ] GC(69) Pause Young (Concurrent Start) (Metadata GC Threshold)
[2025-06-05T22:43:09.472+0000][17.820s][info ][gc,task     ] GC(69) Using 2 workers of 2 for evacuation
[2025-06-05T22:43:09.486+0000][17.835s][info ][gc,phases   ] GC(69)   Pre Evacuate Collection Set: 0.2ms
[2025-06-05T22:43:09.486+0000][17.835s][info ][gc,phases   ] GC(69)   Merge Heap Roots: 0.1ms
[2025-06-05T22:43:09.486+0000][17.835s][info ][gc,phases   ] GC(69)   Evacuate Collection Set: 12.6ms
[2025-06-05T22:43:09.486+0000][17.835s][info ][gc,phases   ] GC(69)   Post Evacuate Collection Set: 1.1ms
[2025-06-05T22:43:09.486+0000][17.835s][info ][gc,phases   ] GC(69)   Other: 0.2ms
[2025-06-05T22:43:09.486+0000][17.835s][info ][gc,heap     ] GC(69) Eden regions: 3->0(143)
[2025-06-05T22:43:09.486+0000][17.835s][info ][gc,heap     ] GC(69) Survivor regions: 13->8(19)
[2025-06-05T22:43:09.487+0000][17.835s][info ][gc,heap     ] GC(69) Old regions: 132->137
[2025-06-05T22:43:09.487+0000][17.835s][info ][gc,heap     ] GC(69) Archive regions: 2->2
[2025-06-05T22:43:09.487+0000][17.835s][info ][gc,heap     ] GC(69) Humongous regions: 0->0
[2025-06-05T22:43:09.487+0000][17.835s][info ][gc,metaspace] GC(69) Metaspace: 153562K(154688K)->153562K(154688K) NonClass: 134602K(135168K)->134602K(135168K) Class: 18960K(19520K)->18960K(19520K)
[2025-06-05T22:43:09.487+0000][17.835s][info ][gc          ] GC(69) Pause Young (Concurrent Start) (Metadata GC Threshold) 148M->145M(333M) 14.908ms
[2025-06-05T22:43:09.487+0000][17.835s][info ][gc,cpu      ] GC(69) User=0.05s Sys=0.00s Real=0.02s
[2025-06-05T22:43:09.487+0000][17.835s][info ][gc          ] GC(70) Concurrent Mark Cycle
[2025-06-05T22:43:09.487+0000][17.836s][info ][gc,marking  ] GC(70) Concurrent Clear Claimed Marks
[2025-06-05T22:43:09.487+0000][17.835s][info ][safepoint   ] Safepoint "CollectForMetadataAllocation", Time since last: 5617416 ns, Reaching safepoint: 167875 ns, Cleanup: 3125 ns, At safepoint: 15119125 ns, Total: 15290125 ns
[2025-06-05T22:43:09.487+0000][17.836s][info ][gc,marking  ] GC(70) Concurrent Clear Claimed Marks 0.263ms
[2025-06-05T22:43:09.491+0000][17.839s][info ][gc,marking  ] GC(70) Concurrent Scan Root Regions
[2025-06-05T22:43:09.500+0000][17.848s][info ][gc,marking  ] GC(70) Concurrent Scan Root Regions 9.133ms
[2025-06-05T22:43:09.500+0000][17.849s][info ][gc,marking  ] GC(70) Concurrent Mark
[2025-06-05T22:43:09.500+0000][17.849s][info ][gc,marking  ] GC(70) Concurrent Mark From Roots
[2025-06-05T22:43:09.500+0000][17.849s][info ][gc,task     ] GC(70) Using 1 workers of 1 for marking
[2025-06-05T22:43:09.551+0000][17.900s][debug][safepoint   ] Safepoint synchronization initiated using futex wait barrier. (71 threads)
[2025-06-05T22:43:09.552+0000][17.900s][info ][safepoint   ] Safepoint "CollectForMetadataAllocation", Time since last: 64524375 ns, Reaching safepoint: 266584 ns, Cleanup: 3625 ns, At safepoint: 22583 ns, Total: 292792 ns
[2025-06-05T22:43:09.586+0000][17.935s][debug][safepoint   ] Safepoint synchronization initiated using futex wait barrier. (71 threads)
[2025-06-05T22:43:09.586+0000][17.935s][info ][safepoint   ] Safepoint "CollectForMetadataAllocation", Time since last: 34313125 ns, Reaching safepoint: 209000 ns, Cleanup: 2750 ns, At safepoint: 27417 ns, Total: 239167 ns
[2025-06-05T22:43:09.603+0000][17.952s][debug][safepoint   ] Safepoint synchronization initiated using futex wait barrier. (74 threads)
[2025-06-05T22:43:09.604+0000][17.952s][info ][safepoint   ] Safepoint "CollectForMetadataAllocation", Time since last: 17139750 ns, Reaching safepoint: 239708 ns, Cleanup: 9583 ns, At safepoint: 22959 ns, Total: 272250 ns
[2025-06-05T22:43:09.673+0000][18.022s][info ][gc,marking  ] GC(70) Concurrent Mark From Roots 172.892ms
[2025-06-05T22:43:09.676+0000][18.024s][info ][gc,marking  ] GC(70) Concurrent Preclean
[2025-06-05T22:43:09.676+0000][18.024s][info ][gc,marking  ] GC(70) Concurrent Preclean 0.294ms
[2025-06-05T22:43:09.676+0000][18.024s][debug][safepoint   ] Safepoint synchronization initiated using futex wait barrier. (74 threads)
[2025-06-05T22:43:09.677+0000][18.025s][info ][gc,start    ] GC(70) Pause Remark
[2025-06-05T22:43:09.684+0000][18.032s][info ][gc          ] GC(70) Pause Remark 208M->208M(350M) 7.379ms
[2025-06-05T22:43:09.684+0000][18.033s][info ][gc,cpu      ] GC(70) User=0.01s Sys=0.00s Real=0.00s
[2025-06-05T22:43:09.684+0000][18.033s][info ][safepoint   ] Safepoint "G1PauseRemark", Time since last: 72253458 ns, Reaching safepoint: 582083 ns, Cleanup: 19667 ns, At safepoint: 7681583 ns, Total: 8283333 ns
[2025-06-05T22:43:09.684+0000][18.033s][info ][gc,marking  ] GC(70) Concurrent Mark 184.319ms
[2025-06-05T22:43:09.688+0000][18.036s][info ][gc,marking  ] GC(70) Concurrent Rebuild Remembered Sets
[2025-06-05T22:43:09.800+0000][18.148s][info ][gc,marking  ] GC(70) Concurrent Rebuild Remembered Sets 112.173ms
[2025-06-05T22:43:09.800+0000][18.148s][debug][safepoint   ] Safepoint synchronization initiated using futex wait barrier. (74 threads)
[2025-06-05T22:43:09.802+0000][18.150s][info ][gc,start    ] GC(70) Pause Cleanup
[2025-06-05T22:43:09.802+0000][18.150s][info ][gc          ] GC(70) Pause Cleanup 247M->247M(350M) 0.218ms
[2025-06-05T22:43:09.802+0000][18.150s][info ][gc,cpu      ] GC(70) User=0.00s Sys=0.00s Real=0.00s
[2025-06-05T22:43:09.802+0000][18.151s][info ][safepoint   ] Safepoint "G1PauseCleanup", Time since last: 115723709 ns, Reaching safepoint: 1597458 ns, Cleanup: 42750 ns, At safepoint: 382959 ns, Total: 2023167 ns
[2025-06-05T22:43:09.803+0000][18.151s][info ][gc,marking  ] GC(70) Concurrent Cleanup for Next Mark
[2025-06-05T22:43:09.803+0000][18.152s][info ][gc,marking  ] GC(70) Concurrent Cleanup for Next Mark 0.420ms
[2025-06-05T22:43:09.803+0000][18.152s][info ][gc          ] GC(70) Concurrent Mark Cycle 316.304ms
[2025-06-05T22:43:09.919+0000][18.268s][debug][safepoint   ] Safepoint synchronization initiated using futex wait barrier. (74 threads)
[2025-06-05T22:43:09.920+0000][18.268s][info ][gc,start    ] GC(71) Pause Young (Prepare Mixed) (G1 Evacuation Pause)
[2025-06-05T22:43:09.920+0000][18.268s][info ][gc,task     ] GC(71) Using 2 workers of 2 for evacuation
[2025-06-05T22:43:09.933+0000][18.282s][info ][gc,phases   ] GC(71)   Pre Evacuate Collection Set: 0.1ms
[2025-06-05T22:43:09.934+0000][18.282s][info ][gc,phases   ] GC(71)   Merge Heap Roots: 0.2ms
[2025-06-05T22:43:09.934+0000][18.282s][info ][gc,phases   ] GC(71)   Evacuate Collection Set: 12.0ms
[2025-06-05T22:43:09.934+0000][18.282s][info ][gc,phases   ] GC(71)   Post Evacuate Collection Set: 1.3ms
[2025-06-05T22:43:09.934+0000][18.282s][info ][gc,phases   ] GC(71)   Other: 0.2ms
[2025-06-05T22:43:09.934+0000][18.282s][info ][gc,heap     ] GC(71) Eden regions: 142->0(5)
[2025-06-05T22:43:09.934+0000][18.282s][info ][gc,heap     ] GC(71) Survivor regions: 8->12(19)
[2025-06-05T22:43:09.934+0000][18.282s][info ][gc,heap     ] GC(71) Old regions: 137->137
[2025-06-05T22:43:09.934+0000][18.283s][info ][gc,heap     ] GC(71) Archive regions: 2->2
[2025-06-05T22:43:09.934+0000][18.283s][info ][gc,heap     ] GC(71) Humongous regions: 0->0
[2025-06-05T22:43:09.934+0000][18.283s][info ][gc,metaspace] GC(71) Metaspace: 155163K(156288K)->155163K(156288K) NonClass: 135898K(136448K)->135898K(136448K) Class: 19265K(19840K)->19265K(19840K)
[2025-06-05T22:43:09.934+0000][18.283s][info ][gc          ] GC(71) Pause Young (Prepare Mixed) (G1 Evacuation Pause) 287M->148M(350M) 14.395ms
[2025-06-05T22:43:09.934+0000][18.283s][info ][gc,cpu      ] GC(71) User=0.03s Sys=0.00s Real=0.01s
[2025-06-05T22:43:09.934+0000][18.283s][info ][safepoint   ] Safepoint "G1CollectForAllocation", Time since last: 117485958 ns, Reaching safepoint: 241542 ns, Cleanup: 15500 ns, At safepoint: 14555833 ns, Total: 14812875 ns
[2025-06-05T22:43:09.943+0000][18.292s][debug][safepoint   ] Safepoint synchronization initiated using futex wait barrier. (74 threads)
[2025-06-05T22:43:09.944+0000][18.292s][info ][gc,start    ] GC(72) Pause Young (Mixed) (G1 Evacuation Pause)
[2025-06-05T22:43:09.944+0000][18.292s][info ][gc,task     ] GC(72) Using 2 workers of 2 for evacuation
[2025-06-05T22:43:09.958+0000][18.307s][info ][gc,phases   ] GC(72)   Pre Evacuate Collection Set: 0.1ms
[2025-06-05T22:43:09.959+0000][18.307s][info ][gc,phases   ] GC(72)   Merge Heap Roots: 0.1ms
[2025-06-05T22:43:09.959+0000][18.307s][info ][gc,phases   ] GC(72)   Evacuate Collection Set: 13.3ms
[2025-06-05T22:43:09.959+0000][18.307s][info ][gc,phases   ] GC(72)   Post Evacuate Collection Set: 1.2ms
[2025-06-05T22:43:09.959+0000][18.307s][info ][gc,phases   ] GC(72)   Other: 0.2ms
[2025-06-05T22:43:09.959+0000][18.307s][info ][gc,heap     ] GC(72) Eden regions: 5->0(179)
[2025-06-05T22:43:09.959+0000][18.307s][info ][gc,heap     ] GC(72) Survivor regions: 12->1(3)
[2025-06-05T22:43:09.959+0000][18.307s][info ][gc,heap     ] GC(72) Old regions: 137->145
[2025-06-05T22:43:09.959+0000][18.307s][info ][gc,heap     ] GC(72) Archive regions: 2->2
[2025-06-05T22:43:09.959+0000][18.307s][info ][gc,heap     ] GC(72) Humongous regions: 0->0
[2025-06-05T22:43:09.959+0000][18.308s][info ][gc,metaspace] GC(72) Metaspace: 155387K(156544K)->155387K(156544K) NonClass: 136085K(136704K)->136085K(136704K) Class: 19302K(19840K)->19302K(19840K)
[2025-06-05T22:43:09.959+0000][18.308s][info ][gc          ] GC(72) Pause Young (Mixed) (G1 Evacuation Pause) 153M->146M(377M) 15.469ms
[2025-06-05T22:43:09.959+0000][18.308s][info ][gc,cpu      ] GC(72) User=0.03s Sys=0.00s Real=0.02s
[2025-06-05T22:43:09.959+0000][18.308s][info ][safepoint   ] Safepoint "G1CollectForAllocation", Time since last: 9105375 ns, Reaching safepoint: 158042 ns, Cleanup: 10000 ns, At safepoint: 15639791 ns, Total: 15807833 ns
[2025-06-05T22:43:10.111+0000][18.459s][debug][safepoint   ] Safepoint synchronization initiated using futex wait barrier. (74 threads)
[2025-06-05T22:43:10.111+0000][18.459s][info ][safepoint   ] Safepoint "ICBufferFull", Time since last: 151312334 ns, Reaching safepoint: 158000 ns, Cleanup: 148833 ns, At safepoint: 1875 ns, Total: 308708 ns
[2025-06-05T22:43:10.271+0000][18.620s][debug][safepoint   ] Safepoint synchronization initiated using futex wait barrier. (137 threads)
[2025-06-05T22:43:10.272+0000][18.620s][info ][safepoint   ] Safepoint "ICBufferFull", Time since last: 160213250 ns, Reaching safepoint: 566917 ns, Cleanup: 107708 ns, At safepoint: 16583 ns, Total: 691208 ns
[2025-06-05T22:43:10.470+0000][18.819s][debug][safepoint   ] Safepoint synchronization initiated using futex wait barrier. (137 threads)
[2025-06-05T22:43:10.474+0000][18.822s][info ][gc,start    ] GC(73) Pause Young (Concurrent Start) (G1 Evacuation Pause)
[2025-06-05T22:43:10.474+0000][18.822s][info ][gc,task     ] GC(73) Using 2 workers of 2 for evacuation
[2025-06-05T22:43:10.487+0000][18.835s][info ][gc,phases   ] GC(73)   Pre Evacuate Collection Set: 0.3ms
[2025-06-05T22:43:10.487+0000][18.835s][info ][gc,phases   ] GC(73)   Merge Heap Roots: 0.1ms
[2025-06-05T22:43:10.487+0000][18.836s][info ][gc,phases   ] GC(73)   Evacuate Collection Set: 11.2ms
[2025-06-05T22:43:10.487+0000][18.836s][info ][gc,phases   ] GC(73)   Post Evacuate Collection Set: 1.2ms
[2025-06-05T22:43:10.487+0000][18.836s][info ][gc,phases   ] GC(73)   Other: 0.2ms
[2025-06-05T22:43:10.487+0000][18.836s][info ][gc,heap     ] GC(73) Eden regions: 179->0(167)
[2025-06-05T22:43:10.487+0000][18.836s][info ][gc,heap     ] GC(73) Survivor regions: 1->9(23)
[2025-06-05T22:43:10.487+0000][18.836s][info ][gc,heap     ] GC(73) Old regions: 145->145
[2025-06-05T22:43:10.487+0000][18.836s][info ][gc,heap     ] GC(73) Archive regions: 2->2
[2025-06-05T22:43:10.487+0000][18.836s][info ][gc,heap     ] GC(73) Humongous regions: 0->0
[2025-06-05T22:43:10.487+0000][18.836s][info ][gc,metaspace] GC(73) Metaspace: 160339K(161536K)->160339K(161536K) NonClass: 140445K(141056K)->140445K(141056K) Class: 19894K(20480K)->19894K(20480K)
[2025-06-05T22:43:10.487+0000][18.836s][info ][gc          ] GC(73) Pause Young (Concurrent Start) (G1 Evacuation Pause) 325M->153M(377M) 13.639ms
[2025-06-05T22:43:10.488+0000][18.836s][info ][gc,cpu      ] GC(73) User=0.03s Sys=0.00s Real=0.02s
[2025-06-05T22:43:10.488+0000][18.836s][info ][gc          ] GC(74) Concurrent Mark Cycle
[2025-06-05T22:43:10.488+0000][18.836s][info ][gc,marking  ] GC(74) Concurrent Clear Claimed Marks
[2025-06-05T22:43:10.488+0000][18.836s][info ][safepoint   ] Safepoint "G1CollectForAllocation", Time since last: 198386625 ns, Reaching safepoint: 3588584 ns, Cleanup: 58333 ns, At safepoint: 13892875 ns, Total: 17539792 ns
[2025-06-05T22:43:10.488+0000][18.837s][info ][gc,marking  ] GC(74) Concurrent Clear Claimed Marks 0.238ms
[2025-06-05T22:43:10.488+0000][18.837s][info ][gc,marking  ] GC(74) Concurrent Scan Root Regions
[2025-06-05T22:43:10.493+0000][18.842s][info ][gc,marking  ] GC(74) Concurrent Scan Root Regions 5.262ms
[2025-06-05T22:43:10.495+0000][18.843s][info ][gc,marking  ] GC(74) Concurrent Mark
[2025-06-05T22:43:10.495+0000][18.843s][info ][gc,marking  ] GC(74) Concurrent Mark From Roots
[2025-06-05T22:43:10.495+0000][18.844s][info ][gc,task     ] GC(74) Using 1 workers of 1 for marking
[2025-06-05T22:43:10.661+0000][19.009s][debug][safepoint   ] Safepoint synchronization initiated using futex wait barrier. (147 threads)
[2025-06-05T22:43:10.661+0000][19.009s][debug][safepoint   ] ... found polling page loop exception at pc = 0x0000ffff7d34d388, stub =0x0000ffff7c97ef00
[2025-06-05T22:43:10.662+0000][19.010s][info ][safepoint   ] Safepoint "ICBufferFull", Time since last: 172759792 ns, Reaching safepoint: 1127292 ns, Cleanup: 130666 ns, At safepoint: 17959 ns, Total: 1275917 ns
[2025-06-05T22:43:10.760+0000][19.108s][info ][gc,marking  ] GC(74) Concurrent Mark From Roots 264.915ms
[2025-06-05T22:43:10.760+0000][19.109s][info ][gc,marking  ] GC(74) Concurrent Preclean
[2025-06-05T22:43:10.761+0000][19.109s][info ][gc,marking  ] GC(74) Concurrent Preclean 0.444ms
[2025-06-05T22:43:10.761+0000][19.109s][debug][safepoint   ] Safepoint synchronization initiated using futex wait barrier. (157 threads)
[2025-06-05T22:43:10.761+0000][19.109s][info ][gc,start    ] GC(74) Pause Remark
[2025-06-05T22:43:10.769+0000][19.118s][info ][gc          ] GC(74) Pause Remark 256M->256M(434M) 8.228ms
[2025-06-05T22:43:10.769+0000][19.118s][info ][gc,cpu      ] GC(74) User=0.02s Sys=0.00s Real=0.01s
[2025-06-05T22:43:10.770+0000][19.118s][info ][safepoint   ] Safepoint "G1PauseRemark", Time since last: 99080708 ns, Reaching safepoint: 108125 ns, Cleanup: 48500 ns, At safepoint: 8661417 ns, Total: 8818042 ns
[2025-06-05T22:43:10.770+0000][19.118s][info ][gc,marking  ] GC(74) Concurrent Mark 275.103ms
[2025-06-05T22:43:10.770+0000][19.119s][info ][gc,marking  ] GC(74) Concurrent Rebuild Remembered Sets
[2025-06-05T22:43:10.966+0000][19.315s][debug][safepoint   ] Safepoint synchronization initiated using futex wait barrier. (166 threads)
[2025-06-05T22:43:10.967+0000][19.315s][info ][gc,start    ] GC(75) Pause Young (Normal) (G1 Evacuation Pause)
[2025-06-05T22:43:10.967+0000][19.315s][info ][gc,task     ] GC(75) Using 2 workers of 2 for evacuation
[2025-06-05T22:43:10.980+0000][19.329s][info ][gc,phases   ] GC(75)   Pre Evacuate Collection Set: 0.1ms
[2025-06-05T22:43:10.980+0000][19.329s][info ][gc,phases   ] GC(75)   Merge Heap Roots: 0.2ms
[2025-06-05T22:43:10.980+0000][19.329s][info ][gc,phases   ] GC(75)   Evacuate Collection Set: 11.7ms
[2025-06-05T22:43:10.980+0000][19.329s][info ][gc,phases   ] GC(75)   Post Evacuate Collection Set: 1.2ms
[2025-06-05T22:43:10.980+0000][19.329s][info ][gc,phases   ] GC(75)   Other: 0.2ms
[2025-06-05T22:43:10.980+0000][19.329s][info ][gc,heap     ] GC(75) Eden regions: 167->0(212)
[2025-06-05T22:43:10.980+0000][19.329s][info ][gc,heap     ] GC(75) Survivor regions: 9->11(22)
[2025-06-05T22:43:10.980+0000][19.329s][info ][gc,heap     ] GC(75) Old regions: 145->145
[2025-06-05T22:43:10.981+0000][19.329s][info ][gc,heap     ] GC(75) Archive regions: 2->2
[2025-06-05T22:43:10.981+0000][19.329s][info ][gc,heap     ] GC(75) Humongous regions: 0->0
[2025-06-05T22:43:10.981+0000][19.329s][info ][gc,metaspace] GC(75) Metaspace: 163092K(164288K)->163092K(164288K) NonClass: 142809K(143424K)->142809K(143424K) Class: 20283K(20864K)->20283K(20864K)
[2025-06-05T22:43:10.981+0000][19.329s][info ][gc          ] GC(75) Pause Young (Normal) (G1 Evacuation Pause) 320M->155M(434M) 13.967ms
[2025-06-05T22:43:10.981+0000][19.329s][info ][gc,cpu      ] GC(75) User=0.03s Sys=0.00s Real=0.01s
[2025-06-05T22:43:10.981+0000][19.330s][info ][safepoint   ] Safepoint "G1CollectForAllocation", Time since last: 196584791 ns, Reaching safepoint: 286500 ns, Cleanup: 147709 ns, At safepoint: 14367958 ns, Total: 14802167 ns
[2025-06-05T22:43:11.042+0000][19.390s][info ][gc,marking  ] GC(74) Concurrent Rebuild Remembered Sets 271.529ms
[2025-06-05T22:43:11.042+0000][19.390s][debug][safepoint   ] Safepoint synchronization initiated using futex wait barrier. (166 threads)
[2025-06-05T22:43:11.042+0000][19.390s][info ][gc,start    ] GC(74) Pause Cleanup
[2025-06-05T22:43:11.042+0000][19.391s][info ][gc          ] GC(74) Pause Cleanup 163M->163M(434M) 0.445ms
[2025-06-05T22:43:11.043+0000][19.391s][info ][gc,cpu      ] GC(74) User=0.01s Sys=0.00s Real=0.00s
[2025-06-05T22:43:11.043+0000][19.391s][info ][safepoint   ] Safepoint "G1PauseCleanup", Time since last: 60819417 ns, Reaching safepoint: 89666 ns, Cleanup: 25000 ns, At safepoint: 823792 ns, Total: 938458 ns
[2025-06-05T22:43:11.043+0000][19.391s][info ][gc,marking  ] GC(74) Concurrent Cleanup for Next Mark
[2025-06-05T22:43:11.044+0000][19.392s][info ][gc,marking  ] GC(74) Concurrent Cleanup for Next Mark 0.767ms
[2025-06-05T22:43:11.044+0000][19.393s][info ][gc          ] GC(74) Concurrent Mark Cycle 556.392ms
[2025-06-05T22:43:11.165+0000][19.514s][debug][safepoint   ] Safepoint synchronization initiated using futex wait barrier. (167 threads)
[2025-06-05T22:43:11.167+0000][19.515s][info ][safepoint   ] Safepoint "ICBufferFull", Time since last: 122627833 ns, Reaching safepoint: 1189917 ns, Cleanup: 116500 ns, At safepoint: 143625 ns, Total: 1450042 ns
[2025-06-05T22:43:11.302+0000][19.650s][debug][safepoint   ] Safepoint synchronization initiated using futex wait barrier. (173 threads)
[2025-06-05T22:43:11.343+0000][19.692s][info ][safepoint   ] Safepoint "ICBufferFull", Time since last: 134922750 ns, Reaching safepoint: 41176209 ns, Cleanup: 105291 ns, At safepoint: 141792 ns, Total: 41423292 ns
[2025-06-05T22:43:11.446+0000][19.795s][debug][safepoint   ] Safepoint synchronization initiated using futex wait barrier. (176 threads)
[2025-06-05T22:43:11.448+0000][19.796s][info ][safepoint   ] Safepoint "ICBufferFull", Time since last: 103289417 ns, Reaching safepoint: 1255500 ns, Cleanup: 103458 ns, At safepoint: 30542 ns, Total: 1389500 ns
[2025-06-05T22:43:11.470+0000][19.818s][debug][safepoint   ] Safepoint synchronization initiated using futex wait barrier. (177 threads)
[2025-06-05T22:43:11.470+0000][19.818s][info ][safepoint   ] Safepoint "ICBufferFull", Time since last: 21850291 ns, Reaching safepoint: 154917 ns, Cleanup: 92958 ns, At safepoint: 8500 ns, Total: 256375 ns
[2025-06-05T22:43:11.470+0000][19.819s][debug][safepoint   ] Safepoint synchronization initiated using futex wait barrier. (177 threads)
[2025-06-05T22:43:11.470+0000][19.819s][info ][safepoint   ] Safepoint "ICBufferFull", Time since last: 106334 ns, Reaching safepoint: 48250 ns, Cleanup: 3041 ns, At safepoint: 11000 ns, Total: 62291 ns
[2025-06-05T22:43:11.556+0000][19.904s][debug][safepoint   ] Safepoint synchronization initiated using futex wait barrier. (187 threads)
[2025-06-05T22:43:11.556+0000][19.905s][info ][safepoint   ] Safepoint "ICBufferFull", Time since last: 85700500 ns, Reaching safepoint: 290084 ns, Cleanup: 135458 ns, At safepoint: 12708 ns, Total: 438250 ns
[2025-06-05T22:43:11.557+0000][19.905s][debug][safepoint   ] Safepoint synchronization initiated using futex wait barrier. (188 threads)
[2025-06-05T22:43:11.557+0000][19.905s][info ][safepoint   ] Safepoint "ICBufferFull", Time since last: 455417 ns, Reaching safepoint: 226500 ns, Cleanup: 10125 ns, At safepoint: 8958 ns, Total: 245583 ns
[2025-06-05T22:43:11.557+0000][19.906s][debug][safepoint   ] Safepoint synchronization initiated using futex wait barrier. (188 threads)
[2025-06-05T22:43:11.558+0000][19.907s][info ][safepoint   ] Safepoint "ICBufferFull", Time since last: 403334 ns, Reaching safepoint: 689875 ns, Cleanup: 11833 ns, At safepoint: 13875 ns, Total: 715583 ns
[2025-06-05T22:43:11.559+0000][19.907s][debug][safepoint   ] Safepoint synchronization initiated using futex wait barrier. (189 threads)
[2025-06-05T22:43:11.559+0000][19.907s][debug][safepoint   ] ... found polling page loop exception at pc = 0x0000ffff7d7732bc, stub =0x0000ffff7c97ef00
[2025-06-05T22:43:11.560+0000][19.908s][info ][safepoint   ] Safepoint "ICBufferFull", Time since last: 661917 ns, Reaching safepoint: 808208 ns, Cleanup: 28458 ns, At safepoint: 35209 ns, Total: 871875 ns
[2025-06-05T22:43:11.560+0000][19.908s][debug][safepoint   ] Safepoint synchronization initiated using futex wait barrier. (189 threads)
[2025-06-05T22:43:11.560+0000][19.909s][info ][safepoint   ] Safepoint "ICBufferFull", Time since last: 331791 ns, Reaching safepoint: 212667 ns, Cleanup: 5667 ns, At safepoint: 33083 ns, Total: 251417 ns
[2025-06-05T22:43:11.647+0000][19.995s][debug][safepoint   ] Safepoint synchronization initiated using futex wait barrier. (193 threads)
[2025-06-05T22:43:11.648+0000][19.996s][info ][safepoint   ] Safepoint "ICBufferFull", Time since last: 86474417 ns, Reaching safepoint: 890833 ns, Cleanup: 108458 ns, At safepoint: 11709 ns, Total: 1011000 ns
[2025-06-05T22:43:11.648+0000][19.996s][debug][safepoint   ] Safepoint synchronization initiated using futex wait barrier. (193 threads)
[2025-06-05T22:43:11.649+0000][19.997s][info ][safepoint   ] Safepoint "ICBufferFull", Time since last: 142666 ns, Reaching safepoint: 830500 ns, Cleanup: 9584 ns, At safepoint: 36500 ns, Total: 876584 ns
[2025-06-05T22:43:11.659+0000][20.007s][debug][safepoint   ] Safepoint synchronization initiated using futex wait barrier. (193 threads)
[2025-06-05T22:43:11.659+0000][20.007s][info ][gc,start    ] GC(76) Pause Young (Prepare Mixed) (G1 Evacuation Pause)
[2025-06-05T22:43:11.659+0000][20.007s][info ][gc,task     ] GC(76) Using 2 workers of 2 for evacuation
[2025-06-05T22:43:11.676+0000][20.024s][info ][gc,phases   ] GC(76)   Pre Evacuate Collection Set: 0.1ms
[2025-06-05T22:43:11.676+0000][20.024s][info ][gc,phases   ] GC(76)   Merge Heap Roots: 0.1ms
[2025-06-05T22:43:11.676+0000][20.025s][info ][gc,phases   ] GC(76)   Evacuate Collection Set: 15.2ms
[2025-06-05T22:43:11.676+0000][20.025s][info ][gc,phases   ] GC(76)   Post Evacuate Collection Set: 1.3ms
[2025-06-05T22:43:11.676+0000][20.025s][info ][gc,phases   ] GC(76)   Other: 0.3ms
[2025-06-05T22:43:11.676+0000][20.025s][info ][gc,heap     ] GC(76) Eden regions: 212->0(5)
[2025-06-05T22:43:11.676+0000][20.025s][info ][gc,heap     ] GC(76) Survivor regions: 11->16(28)
[2025-06-05T22:43:11.676+0000][20.025s][info ][gc,heap     ] GC(76) Old regions: 145->145
[2025-06-05T22:43:11.676+0000][20.025s][info ][gc,heap     ] GC(76) Archive regions: 2->2
[2025-06-05T22:43:11.676+0000][20.025s][info ][gc,heap     ] GC(76) Humongous regions: 0->0
[2025-06-05T22:43:11.676+0000][20.025s][info ][gc,metaspace] GC(76) Metaspace: 167055K(168320K)->167055K(168320K) NonClass: 146195K(146880K)->146195K(146880K) Class: 20860K(21440K)->20860K(21440K)
[2025-06-05T22:43:11.676+0000][20.025s][info ][gc          ] GC(76) Pause Young (Prepare Mixed) (G1 Evacuation Pause) 367M->160M(434M) 17.602ms
[2025-06-05T22:43:11.677+0000][20.025s][info ][gc,cpu      ] GC(76) User=0.03s Sys=0.00s Real=0.02s
[2025-06-05T22:43:11.677+0000][20.026s][info ][safepoint   ] Safepoint "G1CollectForAllocation", Time since last: 9815000 ns, Reaching safepoint: 207333 ns, Cleanup: 64917 ns, At safepoint: 18520916 ns, Total: 18793166 ns
[2025-06-05T22:43:11.681+0000][20.030s][debug][safepoint   ] Safepoint synchronization initiated using futex wait barrier. (193 threads)
[2025-06-05T22:43:11.681+0000][20.030s][info ][gc,start    ] GC(77) Pause Young (Mixed) (G1 Evacuation Pause)
[2025-06-05T22:43:11.681+0000][20.030s][info ][gc,task     ] GC(77) Using 2 workers of 2 for evacuation
[2025-06-05T22:43:11.699+0000][20.048s][info ][gc,phases   ] GC(77)   Pre Evacuate Collection Set: 0.1ms
[2025-06-05T22:43:11.700+0000][20.048s][info ][gc,phases   ] GC(77)   Merge Heap Roots: 0.2ms
[2025-06-05T22:43:11.700+0000][20.048s][info ][gc,phases   ] GC(77)   Evacuate Collection Set: 16.5ms
[2025-06-05T22:43:11.700+0000][20.048s][info ][gc,phases   ] GC(77)   Post Evacuate Collection Set: 1.2ms
[2025-06-05T22:43:11.700+0000][20.048s][info ][gc,phases   ] GC(77)   Other: 0.2ms
[2025-06-05T22:43:11.700+0000][20.048s][info ][gc,heap     ] GC(77) Eden regions: 5->0(222)
[2025-06-05T22:43:11.700+0000][20.048s][info ][gc,heap     ] GC(77) Survivor regions: 16->2(3)
[2025-06-05T22:43:11.700+0000][20.048s][info ][gc,heap     ] GC(77) Old regions: 145->143
[2025-06-05T22:43:11.700+0000][20.048s][info ][gc,heap     ] GC(77) Archive regions: 2->2
[2025-06-05T22:43:11.700+0000][20.048s][info ][gc,heap     ] GC(77) Humongous regions: 0->0
[2025-06-05T22:43:11.700+0000][20.049s][info ][gc,metaspace] GC(77) Metaspace: 167077K(168320K)->167077K(168320K) NonClass: 146213K(146880K)->146213K(146880K) Class: 20863K(21440K)->20863K(21440K)
[2025-06-05T22:43:11.700+0000][20.049s][info ][gc          ] GC(77) Pause Young (Mixed) (G1 Evacuation Pause) 165M->144M(434M) 18.739ms
[2025-06-05T22:43:11.700+0000][20.049s][info ][gc,cpu      ] GC(77) User=0.03s Sys=0.00s Real=0.02s
[2025-06-05T22:43:11.700+0000][20.049s][info ][safepoint   ] Safepoint "G1CollectForAllocation", Time since last: 3761000 ns, Reaching safepoint: 180000 ns, Cleanup: 13500 ns, At safepoint: 18942292 ns, Total: 19135792 ns
[2025-06-05T22:43:12.778+0000][21.127s][debug][safepoint   ] Safepoint synchronization initiated using futex wait barrier. (193 threads)
[2025-06-05T22:43:12.779+0000][21.127s][info ][safepoint   ] Safepoint "Cleanup", Time since last: 1078055001 ns, Reaching safepoint: 221541 ns, Cleanup: 82584 ns, At safepoint: 1916 ns, Total: 306041 ns
[2025-06-05T22:43:13.780+0000][22.129s][debug][safepoint   ] Safepoint synchronization initiated using futex wait barrier. (195 threads)
[2025-06-05T22:43:13.781+0000][22.130s][info ][safepoint   ] Safepoint "Cleanup", Time since last: 1001689751 ns, Reaching safepoint: 1042083 ns, Cleanup: 120458 ns, At safepoint: 16042 ns, Total: 1178583 ns
[2025-06-05T22:43:14.783+0000][23.131s][debug][safepoint   ] Safepoint synchronization initiated using futex wait barrier. (195 threads)
[2025-06-05T22:43:14.783+0000][23.132s][info ][safepoint   ] Safepoint "Cleanup", Time since last: 1001344251 ns, Reaching safepoint: 219666 ns, Cleanup: 13667 ns, At safepoint: 2667 ns, Total: 236000 ns
[2025-06-05T22:43:15.786+0000][24.134s][debug][safepoint   ] Safepoint synchronization initiated using futex wait barrier. (195 threads)
[2025-06-05T22:43:15.786+0000][24.135s][info ][safepoint   ] Safepoint "Cleanup", Time since last: 1002555708 ns, Reaching safepoint: 560584 ns, Cleanup: 37708 ns, At safepoint: 7792 ns, Total: 606084 ns
[2025-06-05T22:43:17.789+0000][26.138s][debug][safepoint   ] Safepoint synchronization initiated using futex wait barrier. (194 threads)
[2025-06-05T22:43:17.791+0000][26.139s][info ][safepoint   ] Safepoint "Cleanup", Time since last: 2002793667 ns, Reaching safepoint: 1193917 ns, Cleanup: 62708 ns, At safepoint: 27292 ns, Total: 1283917 ns
[2025-06-05T22:43:18.791+0000][27.139s][debug][safepoint   ] Safepoint synchronization initiated using futex wait barrier. (194 threads)
[2025-06-05T22:43:18.792+0000][27.140s][info ][safepoint   ] Safepoint "Cleanup", Time since last: 1000565208 ns, Reaching safepoint: 611042 ns, Cleanup: 31625 ns, At safepoint: 11000 ns, Total: 653667 ns
[2025-06-05T22:43:19.796+0000][28.144s][debug][safepoint   ] Safepoint synchronization initiated using futex wait barrier. (194 threads)
[2025-06-05T22:43:19.797+0000][28.145s][info ][safepoint   ] Safepoint "Cleanup", Time since last: 1003894751 ns, Reaching safepoint: 1078375 ns, Cleanup: 123250 ns, At safepoint: 15208 ns, Total: 1216833 ns
[2025-06-05T22:43:20.798+0000][29.146s][debug][safepoint   ] Safepoint synchronization initiated using futex wait barrier. (194 threads)
[2025-06-05T22:43:20.798+0000][29.147s][info ][safepoint   ] Safepoint "Cleanup", Time since last: 1000986084 ns, Reaching safepoint: 440125 ns, Cleanup: 45291 ns, At safepoint: 7084 ns, Total: 492500 ns
[2025-06-05T22:43:27.814+0000][36.162s][debug][safepoint   ] Safepoint synchronization initiated using futex wait barrier. (195 threads)
[2025-06-05T22:43:27.817+0000][36.165s][info ][safepoint   ] Safepoint "Cleanup", Time since last: 7015772086 ns, Reaching safepoint: 2290709 ns, Cleanup: 58250 ns, At safepoint: 7708 ns, Total: 2356667 ns
[2025-06-05T22:43:35.835+0000][44.183s][debug][safepoint   ] Safepoint synchronization initiated using futex wait barrier. (195 threads)
[2025-06-05T22:43:35.836+0000][44.185s][info ][safepoint   ] Safepoint "Cleanup", Time since last: 8018423712 ns, Reaching safepoint: 1392667 ns, Cleanup: 66000 ns, At safepoint: 10083 ns, Total: 1468750 ns
[2025-06-05T22:43:36.839+0000][45.187s][debug][safepoint   ] Safepoint synchronization initiated using futex wait barrier. (195 threads)
[2025-06-05T22:43:36.844+0000][45.192s][info ][safepoint   ] Safepoint "Cleanup", Time since last: 1002864167 ns, Reaching safepoint: 4330584 ns, Cleanup: 154291 ns, At safepoint: 15042 ns, Total: 4499917 ns
[2025-06-05T22:43:37.846+0000][46.194s][debug][safepoint   ] Safepoint synchronization initiated using futex wait barrier. (195 threads)
[2025-06-05T22:43:37.858+0000][46.206s][info ][safepoint   ] Safepoint "Cleanup", Time since last: 1002154501 ns, Reaching safepoint: 11697875 ns, Cleanup: 66625 ns, At safepoint: 12125 ns, Total: 11776625 ns
[2025-06-05T22:43:38.860+0000][47.209s][debug][safepoint   ] Safepoint synchronization initiated using futex wait barrier. (195 threads)
[2025-06-05T22:43:38.862+0000][47.210s][info ][safepoint   ] Safepoint "Cleanup", Time since last: 1002659583 ns, Reaching safepoint: 1277084 ns, Cleanup: 77000 ns, At safepoint: 55875 ns, Total: 1409959 ns
[2025-06-05T22:43:39.870+0000][48.218s][debug][safepoint   ] Safepoint synchronization initiated using futex wait barrier. (195 threads)
[2025-06-05T22:43:39.873+0000][48.221s][info ][safepoint   ] Safepoint "Cleanup", Time since last: 1008228875 ns, Reaching safepoint: 3043834 ns, Cleanup: 55125 ns, At safepoint: 50666 ns, Total: 3149625 ns
[2025-06-05T22:43:47.885+0000][56.234s][debug][safepoint   ] Safepoint synchronization initiated using futex wait barrier. (195 threads)
[2025-06-05T22:43:47.887+0000][56.236s][info ][safepoint   ] Safepoint "Cleanup", Time since last: 8012955712 ns, Reaching safepoint: 1205125 ns, Cleanup: 59666 ns, At safepoint: 16834 ns, Total: 1281625 ns
[2025-06-05T22:43:54.731+0000][63.080s][debug][safepoint   ] Safepoint synchronization initiated using futex wait barrier. (195 threads)
[2025-06-05T22:43:54.732+0000][63.081s][info ][safepoint   ] Safepoint "Cleanup", Time since last: 6844687503 ns, Reaching safepoint: 890167 ns, Cleanup: 78250 ns, At safepoint: 10666 ns, Total: 979083 ns
[2025-06-05T22:43:55.735+0000][64.084s][debug][safepoint   ] Safepoint synchronization initiated using futex wait barrier. (195 threads)
[2025-06-05T22:43:55.736+0000][64.085s][info ][safepoint   ] Safepoint "Cleanup", Time since last: 1002637126 ns, Reaching safepoint: 825750 ns, Cleanup: 40041 ns, At safepoint: 9375 ns, Total: 875166 ns
[2025-06-05T22:44:04.746+0000][73.095s][debug][safepoint   ] Safepoint synchronization initiated using futex wait barrier. (194 threads)
[2025-06-05T22:44:04.748+0000][73.097s][info ][safepoint   ] Safepoint "Cleanup", Time since last: 9010593546 ns, Reaching safepoint: 1094667 ns, Cleanup: 130167 ns, At safepoint: 12791 ns, Total: 1237625 ns
[2025-06-05T22:44:07.752+0000][76.101s][debug][safepoint   ] Safepoint synchronization initiated using futex wait barrier. (194 threads)
[2025-06-05T22:44:07.753+0000][76.102s][info ][safepoint   ] Safepoint "Cleanup", Time since last: 3004252252 ns, Reaching safepoint: 1036375 ns, Cleanup: 95167 ns, At safepoint: 10291 ns, Total: 1141833 ns
[2025-06-05T22:44:10.756+0000][79.105s][debug][safepoint   ] Safepoint synchronization initiated using futex wait barrier. (190 threads)
[2025-06-05T22:44:10.757+0000][79.106s][info ][safepoint   ] Safepoint "Cleanup", Time since last: 3003232210 ns, Reaching safepoint: 1110333 ns, Cleanup: 117709 ns, At safepoint: 11666 ns, Total: 1239708 ns
[2025-06-05T22:44:11.760+0000][80.109s][debug][safepoint   ] Safepoint synchronization initiated using futex wait barrier. (185 threads)
[2025-06-05T22:44:11.761+0000][80.110s][info ][safepoint   ] Safepoint "Cleanup", Time since last: 1002398876 ns, Reaching safepoint: 794541 ns, Cleanup: 394209 ns, At safepoint: 10083 ns, Total: 1198833 ns
[2025-06-05T22:44:12.765+0000][81.114s][debug][safepoint   ] Safepoint synchronization initiated using futex wait barrier. (183 threads)
[2025-06-05T22:44:12.767+0000][81.116s][info ][safepoint   ] Safepoint "Cleanup", Time since last: 1003988376 ns, Reaching safepoint: 1399500 ns, Cleanup: 89750 ns, At safepoint: 12708 ns, Total: 1501958 ns
[2025-06-05T22:44:14.769+0000][83.118s][debug][safepoint   ] Safepoint synchronization initiated using futex wait barrier. (183 threads)
[2025-06-05T22:44:14.770+0000][83.119s][info ][safepoint   ] Safepoint "Cleanup", Time since last: 2002667543 ns, Reaching safepoint: 925583 ns, Cleanup: 64750 ns, At safepoint: 12208 ns, Total: 1002541 ns
[2025-06-05T22:44:17.776+0000][86.124s][debug][safepoint   ] Safepoint synchronization initiated using futex wait barrier. (183 threads)
[2025-06-05T22:44:17.777+0000][86.125s][info ][safepoint   ] Safepoint "Cleanup", Time since last: 3004498460 ns, Reaching safepoint: 820083 ns, Cleanup: 120667 ns, At safepoint: 10041 ns, Total: 950791 ns
[2025-06-05T22:44:20.779+0000][89.127s][debug][safepoint   ] Safepoint synchronization initiated using futex wait barrier. (183 threads)
[2025-06-05T22:44:20.780+0000][89.128s][info ][safepoint   ] Safepoint "Cleanup", Time since last: 3002594293 ns, Reaching safepoint: 957375 ns, Cleanup: 67292 ns, At safepoint: 14917 ns, Total: 1039584 ns
[2025-06-05T22:44:25.790+0000][94.137s][debug][safepoint   ] Safepoint synchronization initiated using futex wait barrier. (183 threads)
[2025-06-05T22:44:25.791+0000][94.139s][info ][safepoint   ] Safepoint "Cleanup", Time since last: 5009067585 ns, Reaching safepoint: 1120625 ns, Cleanup: 79459 ns, At safepoint: 13500 ns, Total: 1213584 ns
[2025-06-05T22:44:30.798+0000][99.146s][debug][safepoint   ] Safepoint synchronization initiated using futex wait barrier. (183 threads)
[2025-06-05T22:44:30.799+0000][99.147s][info ][safepoint   ] Safepoint "Cleanup", Time since last: 5007724044 ns, Reaching safepoint: 773500 ns, Cleanup: 46542 ns, At safepoint: 8666 ns, Total: 828708 ns
[2025-06-05T22:44:31.801+0000][100.149s][debug][safepoint   ] Safepoint synchronization initiated using futex wait barrier. (183 threads)
[2025-06-05T22:44:31.802+0000][100.150s][info ][safepoint   ] Safepoint "Cleanup", Time since last: 1001629126 ns, Reaching safepoint: 1115958 ns, Cleanup: 322750 ns, At safepoint: 15000 ns, Total: 1453708 ns
[2025-06-05T22:44:35.808+0000][104.156s][debug][safepoint   ] Safepoint synchronization initiated using futex wait barrier. (183 threads)
[2025-06-05T22:44:35.808+0000][104.156s][info ][safepoint   ] Safepoint "Cleanup", Time since last: 4005420877 ns, Reaching safepoint: 449000 ns, Cleanup: 28500 ns, At safepoint: 7583 ns, Total: 485083 ns
[2025-06-05T22:44:40.819+0000][109.166s][debug][safepoint   ] Safepoint synchronization initiated using futex wait barrier. (183 threads)
[2025-06-05T22:44:40.820+0000][109.168s][info ][safepoint   ] Safepoint "Cleanup", Time since last: 5010250086 ns, Reaching safepoint: 1242667 ns, Cleanup: 65041 ns, At safepoint: 13917 ns, Total: 1321625 ns
[2025-06-05T22:44:50.837+0000][119.185s][debug][safepoint   ] Safepoint synchronization initiated using futex wait barrier. (183 threads)
[2025-06-05T22:44:50.837+0000][119.185s][info ][safepoint   ] Safepoint "Cleanup", Time since last: 10017456921 ns, Reaching safepoint: 250333 ns, Cleanup: 22250 ns, At safepoint: 5125 ns, Total: 277708 ns
