[2025-06-05T06:25:25.337+0000][0.002s][info][gc] Using G1
[2025-06-05T06:25:25.338+0000][0.003s][info][gc,init] Version: 17.0.14+7-Debian-1deb12u1 (release)
[2025-06-05T06:25:25.338+0000][0.003s][info][gc,init] CPUs: 10 total, 2 available
[2025-06-05T06:25:25.338+0000][0.003s][info][gc,init] Memory: 4096M
[2025-06-05T06:25:25.338+0000][0.003s][info][gc,init] Large Page Support: Disabled
[2025-06-05T06:25:25.338+0000][0.003s][info][gc,init] NUMA Support: Disabled
[2025-06-05T06:25:25.338+0000][0.003s][info][gc,init] Compressed Oops: Enabled (32-bit)
[2025-06-05T06:25:25.338+0000][0.003s][info][gc,init] Heap Region Size: 1M
[2025-06-05T06:25:25.339+0000][0.003s][info][gc,init] Heap Min Capacity: 8M
[2025-06-05T06:25:25.339+0000][0.003s][info][gc,init] Heap Initial Capacity: 64M
[2025-06-05T06:25:25.339+0000][0.003s][info][gc,init] Heap Max Capacity: 1G
[2025-06-05T06:25:25.339+0000][0.004s][info][gc,init] Pre-touch: Disabled
[2025-06-05T06:25:25.339+0000][0.004s][info][gc,init] Parallel Workers: 2
[2025-06-05T06:25:25.339+0000][0.004s][info][gc,init] Concurrent Workers: 1
[2025-06-05T06:25:25.339+0000][0.004s][info][gc,init] Concurrent Refinement Workers: 2
[2025-06-05T06:25:25.339+0000][0.004s][info][gc,init] Periodic GC: Disabled
[2025-06-05T06:25:25.344+0000][0.009s][info][gc,metaspace] CDS archive(s) mapped at: [0x000000f800000000-0x000000f800be0000-0x000000f800be0000), size 12451840, SharedBaseAddress: 0x000000f800000000, ArchiveRelocationMode: 1.
[2025-06-05T06:25:25.344+0000][0.009s][info][gc,metaspace] Compressed class space mapped at: 0x000000f801000000-0x000000f841000000, reserved size: 1073741824
[2025-06-05T06:25:25.344+0000][0.009s][info][gc,metaspace] Narrow klass base: 0x000000f800000000, Narrow klass shift: 0, Narrow klass range: 0x100000000
[2025-06-05T06:25:25.347+0000][0.012s][info][cds,heap    ] initialize_from_archived_subgraph java.lang.Module$ArchivedData 0x000000f8001823a8 (early)
[2025-06-05T06:25:25.348+0000][0.013s][info][cds,heap    ] initialize_from_archived_subgraph java.util.ImmutableCollections 0x000000f800070d08 (early)
[2025-06-05T06:25:25.349+0000][0.014s][info][cds,heap    ] initialize_from_archived_subgraph java.lang.Integer$IntegerCache 0x000000f800036060 (early)
[2025-06-05T06:25:25.351+0000][0.016s][info][cds,heap    ] initialize_from_archived_subgraph java.lang.module.Configuration 0x000000f800170328 (early)
[2025-06-05T06:25:25.351+0000][0.016s][info][cds,heap    ] initialize_from_archived_subgraph java.lang.ModuleLayer 0x000000f800144760 (early)
[2025-06-05T06:25:25.351+0000][0.016s][info][cds,heap    ] initialize_from_archived_subgraph jdk.internal.loader.ArchivedClassLoaders 0x000000f8001a6a10 (early)
[2025-06-05T06:25:25.351+0000][0.016s][info][cds,heap    ] initialize_from_archived_subgraph jdk.internal.module.ArchivedBootLayer 0x000000f800176f68 (early)
[2025-06-05T06:25:25.352+0000][0.017s][info][cds,heap    ] initialize_from_archived_subgraph sun.util.locale.BaseLocale 0x000000f80026d798
[2025-06-05T06:25:25.356+0000][0.021s][info][cds,heap    ] initialize_from_archived_subgraph java.util.jar.Attributes$Name 0x000000f800198488
[2025-06-05T06:25:25.370+0000][0.035s][info][cds,heap    ] initialize_from_archived_subgraph java.lang.Long$LongCache 0x000000f80001f998
[2025-06-05T06:25:25.407+0000][0.072s][info][cds,heap    ] initialize_from_archived_subgraph java.lang.Character$CharacterCache 0x000000f8000393e8
[2025-06-05T06:25:25.479+0000][0.143s][debug][safepoint   ] Safepoint synchronization initiated using futex wait barrier. (12 threads)
[2025-06-05T06:25:25.479+0000][0.144s][info ][safepoint   ] Safepoint "ICBufferFull", Time since last: 131490000 ns, Reaching safepoint: 142167 ns, Cleanup: 68625 ns, At safepoint: 1667 ns, Total: 212459 ns
[2025-06-05T06:25:25.488+0000][0.153s][debug][safepoint   ] Safepoint synchronization initiated using futex wait barrier. (12 threads)
[2025-06-05T06:25:25.488+0000][0.153s][info ][gc,start    ] GC(0) Pause Young (Normal) (G1 Evacuation Pause)
[2025-06-05T06:25:25.488+0000][0.153s][info ][gc,task     ] GC(0) Using 2 workers of 2 for evacuation
[2025-06-05T06:25:25.491+0000][0.156s][info ][gc,phases   ] GC(0)   Pre Evacuate Collection Set: 0.0ms
[2025-06-05T06:25:25.491+0000][0.156s][info ][gc,phases   ] GC(0)   Merge Heap Roots: 0.0ms
[2025-06-05T06:25:25.491+0000][0.156s][info ][gc,phases   ] GC(0)   Evacuate Collection Set: 2.2ms
[2025-06-05T06:25:25.491+0000][0.156s][info ][gc,phases   ] GC(0)   Post Evacuate Collection Set: 0.3ms
[2025-06-05T06:25:25.491+0000][0.156s][info ][gc,phases   ] GC(0)   Other: 0.4ms
[2025-06-05T06:25:25.491+0000][0.156s][info ][gc,heap     ] GC(0) Eden regions: 18->0(22)
[2025-06-05T06:25:25.491+0000][0.156s][info ][gc,heap     ] GC(0) Survivor regions: 0->3(3)
[2025-06-05T06:25:25.491+0000][0.156s][info ][gc,heap     ] GC(0) Old regions: 0->1
[2025-06-05T06:25:25.491+0000][0.156s][info ][gc,heap     ] GC(0) Archive regions: 2->2
[2025-06-05T06:25:25.491+0000][0.156s][info ][gc,heap     ] GC(0) Humongous regions: 0->0
[2025-06-05T06:25:25.491+0000][0.156s][info ][gc,metaspace] GC(0) Metaspace: 1949K(2176K)->1949K(2176K) NonClass: 1744K(1856K)->1744K(1856K) Class: 205K(320K)->205K(320K)
[2025-06-05T06:25:25.491+0000][0.156s][info ][gc          ] GC(0) Pause Young (Normal) (G1 Evacuation Pause) 18M->4M(66M) 3.359ms
[2025-06-05T06:25:25.491+0000][0.156s][info ][gc,cpu      ] GC(0) User=0.01s Sys=0.00s Real=0.01s
[2025-06-05T06:25:25.491+0000][0.156s][info ][safepoint   ] Safepoint "G1CollectForAllocation", Time since last: 8963000 ns, Reaching safepoint: 147250 ns, Cleanup: 22916 ns, At safepoint: 3452834 ns, Total: 3623000 ns
[2025-06-05T06:25:25.547+0000][0.212s][debug][safepoint   ] Safepoint synchronization initiated using futex wait barrier. (12 threads)
[2025-06-05T06:25:25.547+0000][0.212s][info ][gc,start    ] GC(1) Pause Young (Normal) (G1 Evacuation Pause)
[2025-06-05T06:25:25.547+0000][0.212s][info ][gc,task     ] GC(1) Using 2 workers of 2 for evacuation
[2025-06-05T06:25:25.550+0000][0.215s][info ][gc,phases   ] GC(1)   Pre Evacuate Collection Set: 0.1ms
[2025-06-05T06:25:25.551+0000][0.216s][info ][gc,phases   ] GC(1)   Merge Heap Roots: 0.0ms
[2025-06-05T06:25:25.551+0000][0.216s][info ][gc,phases   ] GC(1)   Evacuate Collection Set: 2.6ms
[2025-06-05T06:25:25.551+0000][0.216s][info ][gc,phases   ] GC(1)   Post Evacuate Collection Set: 0.4ms
[2025-06-05T06:25:25.551+0000][0.216s][info ][gc,phases   ] GC(1)   Other: 0.1ms
[2025-06-05T06:25:25.551+0000][0.216s][info ][gc,heap     ] GC(1) Eden regions: 22->0(33)
[2025-06-05T06:25:25.551+0000][0.216s][info ][gc,heap     ] GC(1) Survivor regions: 3->3(4)
[2025-06-05T06:25:25.551+0000][0.216s][info ][gc,heap     ] GC(1) Old regions: 1->4
[2025-06-05T06:25:25.551+0000][0.216s][info ][gc,heap     ] GC(1) Archive regions: 2->2
[2025-06-05T06:25:25.551+0000][0.216s][info ][gc,heap     ] GC(1) Humongous regions: 0->0
[2025-06-05T06:25:25.551+0000][0.216s][info ][gc,metaspace] GC(1) Metaspace: 2080K(2368K)->2080K(2368K) NonClass: 1874K(2048K)->1874K(2048K) Class: 205K(320K)->205K(320K)
[2025-06-05T06:25:25.551+0000][0.216s][info ][gc          ] GC(1) Pause Young (Normal) (G1 Evacuation Pause) 26M->7M(66M) 3.838ms
[2025-06-05T06:25:25.551+0000][0.216s][info ][gc,cpu      ] GC(1) User=0.01s Sys=0.00s Real=0.01s
[2025-06-05T06:25:25.551+0000][0.216s][info ][safepoint   ] Safepoint "G1CollectForAllocation", Time since last: 55732916 ns, Reaching safepoint: 164417 ns, Cleanup: 27708 ns, At safepoint: 3957167 ns, Total: 4149292 ns
[2025-06-05T06:25:25.679+0000][0.344s][debug][safepoint   ] Safepoint synchronization initiated using futex wait barrier. (12 threads)
[2025-06-05T06:25:25.680+0000][0.345s][info ][safepoint   ] Safepoint "ICBufferFull", Time since last: 128238417 ns, Reaching safepoint: 104833 ns, Cleanup: 86792 ns, At safepoint: 1458 ns, Total: 193083 ns
[2025-06-05T06:25:25.701+0000][0.366s][debug][safepoint   ] Safepoint synchronization initiated using futex wait barrier. (12 threads)
[2025-06-05T06:25:25.701+0000][0.366s][info ][gc,start    ] GC(2) Pause Young (Normal) (G1 Evacuation Pause)
[2025-06-05T06:25:25.701+0000][0.366s][info ][gc,task     ] GC(2) Using 2 workers of 2 for evacuation
[2025-06-05T06:25:25.704+0000][0.369s][info ][gc,phases   ] GC(2)   Pre Evacuate Collection Set: 0.1ms
[2025-06-05T06:25:25.705+0000][0.369s][info ][gc,phases   ] GC(2)   Merge Heap Roots: 0.1ms
[2025-06-05T06:25:25.705+0000][0.369s][info ][gc,phases   ] GC(2)   Evacuate Collection Set: 2.3ms
[2025-06-05T06:25:25.705+0000][0.370s][info ][gc,phases   ] GC(2)   Post Evacuate Collection Set: 0.4ms
[2025-06-05T06:25:25.705+0000][0.370s][info ][gc,phases   ] GC(2)   Other: 0.2ms
[2025-06-05T06:25:25.705+0000][0.370s][info ][gc,heap     ] GC(2) Eden regions: 33->0(31)
[2025-06-05T06:25:25.705+0000][0.370s][info ][gc,heap     ] GC(2) Survivor regions: 3->3(5)
[2025-06-05T06:25:25.705+0000][0.370s][info ][gc,heap     ] GC(2) Old regions: 4->7
[2025-06-05T06:25:25.705+0000][0.370s][info ][gc,heap     ] GC(2) Archive regions: 2->2
[2025-06-05T06:25:25.705+0000][0.370s][info ][gc,heap     ] GC(2) Humongous regions: 0->0
[2025-06-05T06:25:25.705+0000][0.370s][info ][gc,metaspace] GC(2) Metaspace: 3067K(3328K)->3067K(3328K) NonClass: 2770K(2880K)->2770K(2880K) Class: 297K(448K)->297K(448K)
[2025-06-05T06:25:25.705+0000][0.370s][info ][gc          ] GC(2) Pause Young (Normal) (G1 Evacuation Pause) 40M->10M(66M) 3.598ms
[2025-06-05T06:25:25.705+0000][0.370s][info ][gc,cpu      ] GC(2) User=0.01s Sys=0.00s Real=0.00s
[2025-06-05T06:25:25.705+0000][0.370s][info ][safepoint   ] Safepoint "G1CollectForAllocation", Time since last: 21596958 ns, Reaching safepoint: 171500 ns, Cleanup: 25375 ns, At safepoint: 3687584 ns, Total: 3884459 ns
[2025-06-05T06:25:25.809+0000][0.474s][debug][safepoint   ] Safepoint synchronization initiated using futex wait barrier. (12 threads)
[2025-06-05T06:25:25.809+0000][0.474s][info ][gc,start    ] GC(3) Pause Young (Normal) (G1 Evacuation Pause)
[2025-06-05T06:25:25.809+0000][0.474s][info ][gc,task     ] GC(3) Using 2 workers of 2 for evacuation
[2025-06-05T06:25:25.812+0000][0.476s][info ][gc,phases   ] GC(3)   Pre Evacuate Collection Set: 0.1ms
[2025-06-05T06:25:25.812+0000][0.477s][info ][gc,phases   ] GC(3)   Merge Heap Roots: 0.1ms
[2025-06-05T06:25:25.812+0000][0.477s][info ][gc,phases   ] GC(3)   Evacuate Collection Set: 1.4ms
[2025-06-05T06:25:25.812+0000][0.477s][info ][gc,phases   ] GC(3)   Post Evacuate Collection Set: 0.4ms
[2025-06-05T06:25:25.812+0000][0.477s][info ][gc,phases   ] GC(3)   Other: 0.2ms
[2025-06-05T06:25:25.812+0000][0.477s][info ][gc,heap     ] GC(3) Eden regions: 31->0(34)
[2025-06-05T06:25:25.812+0000][0.477s][info ][gc,heap     ] GC(3) Survivor regions: 3->4(5)
[2025-06-05T06:25:25.812+0000][0.477s][info ][gc,heap     ] GC(3) Old regions: 7->7
[2025-06-05T06:25:25.812+0000][0.477s][info ][gc,heap     ] GC(3) Archive regions: 2->2
[2025-06-05T06:25:25.812+0000][0.477s][info ][gc,heap     ] GC(3) Humongous regions: 0->0
[2025-06-05T06:25:25.812+0000][0.477s][info ][gc,metaspace] GC(3) Metaspace: 4670K(4928K)->4670K(4928K) NonClass: 4136K(4288K)->4136K(4288K) Class: 533K(640K)->533K(640K)
[2025-06-05T06:25:25.812+0000][0.477s][info ][gc          ] GC(3) Pause Young (Normal) (G1 Evacuation Pause) 41M->10M(66M) 2.882ms
[2025-06-05T06:25:25.812+0000][0.477s][info ][gc,cpu      ] GC(3) User=0.00s Sys=0.00s Real=0.01s
[2025-06-05T06:25:25.812+0000][0.477s][info ][safepoint   ] Safepoint "G1CollectForAllocation", Time since last: 104045458 ns, Reaching safepoint: 176834 ns, Cleanup: 64666 ns, At safepoint: 3045917 ns, Total: 3287417 ns
[2025-06-05T06:25:25.917+0000][0.582s][debug][safepoint   ] Safepoint synchronization initiated using futex wait barrier. (13 threads)
[2025-06-05T06:25:25.918+0000][0.582s][info ][gc,start    ] GC(4) Pause Young (Normal) (G1 Evacuation Pause)
[2025-06-05T06:25:25.918+0000][0.583s][info ][gc,task     ] GC(4) Using 2 workers of 2 for evacuation
[2025-06-05T06:25:25.920+0000][0.585s][info ][gc,phases   ] GC(4)   Pre Evacuate Collection Set: 0.1ms
[2025-06-05T06:25:25.920+0000][0.585s][info ][gc,phases   ] GC(4)   Merge Heap Roots: 0.1ms
[2025-06-05T06:25:25.921+0000][0.585s][info ][gc,phases   ] GC(4)   Evacuate Collection Set: 2.1ms
[2025-06-05T06:25:25.921+0000][0.586s][info ][gc,phases   ] GC(4)   Post Evacuate Collection Set: 0.4ms
[2025-06-05T06:25:25.921+0000][0.586s][info ][gc,phases   ] GC(4)   Other: 0.2ms
[2025-06-05T06:25:25.921+0000][0.586s][info ][gc,heap     ] GC(4) Eden regions: 34->0(47)
[2025-06-05T06:25:25.921+0000][0.586s][info ][gc,heap     ] GC(4) Survivor regions: 4->1(5)
[2025-06-05T06:25:25.921+0000][0.586s][info ][gc,heap     ] GC(4) Old regions: 7->10
[2025-06-05T06:25:25.921+0000][0.586s][info ][gc,heap     ] GC(4) Archive regions: 2->2
[2025-06-05T06:25:25.921+0000][0.586s][info ][gc,heap     ] GC(4) Humongous regions: 0->0
[2025-06-05T06:25:25.921+0000][0.586s][info ][gc,metaspace] GC(4) Metaspace: 5905K(6144K)->5905K(6144K) NonClass: 5171K(5312K)->5171K(5312K) Class: 734K(832K)->734K(832K)
[2025-06-05T06:25:25.921+0000][0.586s][info ][gc          ] GC(4) Pause Young (Normal) (G1 Evacuation Pause) 44M->11M(80M) 3.465ms
[2025-06-05T06:25:25.921+0000][0.586s][info ][gc,cpu      ] GC(4) User=0.01s Sys=0.00s Real=0.01s
[2025-06-05T06:25:25.921+0000][0.586s][info ][safepoint   ] Safepoint "G1CollectForAllocation", Time since last: 104779250 ns, Reaching safepoint: 182833 ns, Cleanup: 144584 ns, At safepoint: 3574333 ns, Total: 3901750 ns
[2025-06-05T06:25:26.094+0000][0.759s][debug][safepoint   ] Safepoint synchronization initiated using futex wait barrier. (13 threads)
[2025-06-05T06:25:26.094+0000][0.759s][info ][safepoint   ] Safepoint "ICBufferFull", Time since last: 173040000 ns, Reaching safepoint: 167000 ns, Cleanup: 76375 ns, At safepoint: 5042 ns, Total: 248417 ns
[2025-06-05T06:25:26.168+0000][0.833s][debug][safepoint   ] Safepoint synchronization initiated using futex wait barrier. (13 threads)
[2025-06-05T06:25:26.168+0000][0.833s][info ][gc,start    ] GC(5) Pause Young (Normal) (G1 Evacuation Pause)
[2025-06-05T06:25:26.169+0000][0.833s][info ][gc,task     ] GC(5) Using 2 workers of 2 for evacuation
[2025-06-05T06:25:26.171+0000][0.836s][info ][gc,phases   ] GC(5)   Pre Evacuate Collection Set: 0.1ms
[2025-06-05T06:25:26.171+0000][0.836s][info ][gc,phases   ] GC(5)   Merge Heap Roots: 0.0ms
[2025-06-05T06:25:26.171+0000][0.836s][info ][gc,phases   ] GC(5)   Evacuate Collection Set: 1.8ms
[2025-06-05T06:25:26.171+0000][0.836s][info ][gc,phases   ] GC(5)   Post Evacuate Collection Set: 0.4ms
[2025-06-05T06:25:26.171+0000][0.836s][info ][gc,phases   ] GC(5)   Other: 0.1ms
[2025-06-05T06:25:26.171+0000][0.836s][info ][gc,heap     ] GC(5) Eden regions: 47->0(45)
[2025-06-05T06:25:26.171+0000][0.836s][info ][gc,heap     ] GC(5) Survivor regions: 1->3(6)
[2025-06-05T06:25:26.171+0000][0.836s][info ][gc,heap     ] GC(5) Old regions: 10->10
[2025-06-05T06:25:26.171+0000][0.836s][info ][gc,heap     ] GC(5) Archive regions: 2->2
[2025-06-05T06:25:26.171+0000][0.836s][info ][gc,heap     ] GC(5) Humongous regions: 0->0
[2025-06-05T06:25:26.171+0000][0.836s][info ][gc,metaspace] GC(5) Metaspace: 8373K(8704K)->8373K(8704K) NonClass: 7320K(7488K)->7320K(7488K) Class: 1053K(1216K)->1053K(1216K)
[2025-06-05T06:25:26.171+0000][0.836s][info ][gc          ] GC(5) Pause Young (Normal) (G1 Evacuation Pause) 58M->12M(80M) 3.024ms
[2025-06-05T06:25:26.172+0000][0.836s][info ][gc,cpu      ] GC(5) User=0.01s Sys=0.00s Real=0.01s
[2025-06-05T06:25:26.172+0000][0.836s][info ][safepoint   ] Safepoint "G1CollectForAllocation", Time since last: 73790041 ns, Reaching safepoint: 207959 ns, Cleanup: 32500 ns, At safepoint: 3133791 ns, Total: 3374250 ns
[2025-06-05T06:25:26.312+0000][0.977s][debug][safepoint   ] Safepoint synchronization initiated using futex wait barrier. (13 threads)
[2025-06-05T06:25:26.312+0000][0.977s][info ][gc,start    ] GC(6) Pause Young (Normal) (G1 Evacuation Pause)
[2025-06-05T06:25:26.312+0000][0.977s][info ][gc,task     ] GC(6) Using 2 workers of 2 for evacuation
[2025-06-05T06:25:26.315+0000][0.980s][info ][gc,phases   ] GC(6)   Pre Evacuate Collection Set: 0.1ms
[2025-06-05T06:25:26.315+0000][0.980s][info ][gc,phases   ] GC(6)   Merge Heap Roots: 0.1ms
[2025-06-05T06:25:26.315+0000][0.980s][info ][gc,phases   ] GC(6)   Evacuate Collection Set: 2.3ms
[2025-06-05T06:25:26.315+0000][0.980s][info ][gc,phases   ] GC(6)   Post Evacuate Collection Set: 0.4ms
[2025-06-05T06:25:26.316+0000][0.980s][info ][gc,phases   ] GC(6)   Other: 0.2ms
[2025-06-05T06:25:26.316+0000][0.980s][info ][gc,heap     ] GC(6) Eden regions: 45->0(44)
[2025-06-05T06:25:26.316+0000][0.981s][info ][gc,heap     ] GC(6) Survivor regions: 3->4(6)
[2025-06-05T06:25:26.316+0000][0.981s][info ][gc,heap     ] GC(6) Old regions: 10->10
[2025-06-05T06:25:26.316+0000][0.981s][info ][gc,heap     ] GC(6) Archive regions: 2->2
[2025-06-05T06:25:26.316+0000][0.981s][info ][gc,heap     ] GC(6) Humongous regions: 0->0
[2025-06-05T06:25:26.316+0000][0.981s][info ][gc,metaspace] GC(6) Metaspace: 10607K(10944K)->10607K(10944K) NonClass: 9221K(9408K)->9221K(9408K) Class: 1385K(1536K)->1385K(1536K)
[2025-06-05T06:25:26.316+0000][0.981s][info ][gc          ] GC(6) Pause Young (Normal) (G1 Evacuation Pause) 57M->13M(80M) 3.587ms
[2025-06-05T06:25:26.316+0000][0.981s][info ][gc,cpu      ] GC(6) User=0.01s Sys=0.00s Real=0.00s
[2025-06-05T06:25:26.316+0000][0.981s][info ][safepoint   ] Safepoint "G1CollectForAllocation", Time since last: 140418875 ns, Reaching safepoint: 209042 ns, Cleanup: 55792 ns, At safepoint: 3702541 ns, Total: 3967375 ns
[2025-06-05T06:25:26.423+0000][1.088s][debug][safepoint   ] Safepoint synchronization initiated using futex wait barrier. (13 threads)
[2025-06-05T06:25:26.423+0000][1.088s][info ][safepoint   ] Safepoint "ICBufferFull", Time since last: 106870834 ns, Reaching safepoint: 209000 ns, Cleanup: 57291 ns, At safepoint: 7667 ns, Total: 273958 ns
[2025-06-05T06:25:26.429+0000][1.094s][debug][safepoint   ] Safepoint synchronization initiated using futex wait barrier. (13 threads)
[2025-06-05T06:25:26.430+0000][1.095s][info ][gc,start    ] GC(7) Pause Young (Normal) (G1 Evacuation Pause)
[2025-06-05T06:25:26.430+0000][1.095s][info ][gc,task     ] GC(7) Using 2 workers of 2 for evacuation
[2025-06-05T06:25:26.433+0000][1.098s][info ][gc,phases   ] GC(7)   Pre Evacuate Collection Set: 0.1ms
[2025-06-05T06:25:26.433+0000][1.098s][info ][gc,phases   ] GC(7)   Merge Heap Roots: 0.1ms
[2025-06-05T06:25:26.433+0000][1.098s][info ][gc,phases   ] GC(7)   Evacuate Collection Set: 2.6ms
[2025-06-05T06:25:26.433+0000][1.098s][info ][gc,phases   ] GC(7)   Post Evacuate Collection Set: 0.4ms
[2025-06-05T06:25:26.433+0000][1.098s][info ][gc,phases   ] GC(7)   Other: 0.2ms
[2025-06-05T06:25:26.433+0000][1.098s][info ][gc,heap     ] GC(7) Eden regions: 44->0(43)
[2025-06-05T06:25:26.433+0000][1.098s][info ][gc,heap     ] GC(7) Survivor regions: 4->5(6)
[2025-06-05T06:25:26.433+0000][1.098s][info ][gc,heap     ] GC(7) Old regions: 10->10
[2025-06-05T06:25:26.433+0000][1.098s][info ][gc,heap     ] GC(7) Archive regions: 2->2
[2025-06-05T06:25:26.433+0000][1.098s][info ][gc,heap     ] GC(7) Humongous regions: 0->0
[2025-06-05T06:25:26.433+0000][1.098s][info ][gc,metaspace] GC(7) Metaspace: 11455K(11712K)->11455K(11712K) NonClass: 9964K(10112K)->9964K(10112K) Class: 1491K(1600K)->1491K(1600K)
[2025-06-05T06:25:26.434+0000][1.098s][info ][gc          ] GC(7) Pause Young (Normal) (G1 Evacuation Pause) 57M->14M(80M) 3.845ms
[2025-06-05T06:25:26.434+0000][1.098s][info ][gc,cpu      ] GC(7) User=0.00s Sys=0.00s Real=0.00s
[2025-06-05T06:25:26.434+0000][1.099s][info ][safepoint   ] Safepoint "G1CollectForAllocation", Time since last: 6188333 ns, Reaching safepoint: 353875 ns, Cleanup: 17667 ns, At safepoint: 3967667 ns, Total: 4339209 ns
[2025-06-05T06:25:26.485+0000][1.150s][debug][safepoint   ] Safepoint synchronization initiated using futex wait barrier. (13 threads)
[2025-06-05T06:25:26.485+0000][1.150s][info ][safepoint   ] Safepoint "ICBufferFull", Time since last: 51554750 ns, Reaching safepoint: 83958 ns, Cleanup: 70584 ns, At safepoint: 6875 ns, Total: 161417 ns
[2025-06-05T06:25:26.520+0000][1.185s][debug][safepoint   ] Safepoint synchronization initiated using futex wait barrier. (12 threads)
[2025-06-05T06:25:26.520+0000][1.185s][info ][safepoint   ] Safepoint "ICBufferFull", Time since last: 34508291 ns, Reaching safepoint: 540042 ns, Cleanup: 99542 ns, At safepoint: 7958 ns, Total: 647542 ns
[2025-06-05T06:25:26.521+0000][1.186s][debug][safepoint   ] Safepoint synchronization initiated using futex wait barrier. (12 threads)
[2025-06-05T06:25:26.522+0000][1.187s][info ][safepoint   ] Safepoint "ICBufferFull", Time since last: 188833 ns, Reaching safepoint: 1122959 ns, Cleanup: 6625 ns, At safepoint: 20541 ns, Total: 1150125 ns
[2025-06-05T06:25:26.572+0000][1.237s][debug][safepoint   ] Safepoint synchronization initiated using futex wait barrier. (14 threads)
[2025-06-05T06:25:26.573+0000][1.238s][info ][safepoint   ] Safepoint "ICBufferFull", Time since last: 50128250 ns, Reaching safepoint: 785209 ns, Cleanup: 84375 ns, At safepoint: 9875 ns, Total: 879459 ns
[2025-06-05T06:25:26.620+0000][1.285s][debug][safepoint   ] Safepoint synchronization initiated using futex wait barrier. (14 threads)
[2025-06-05T06:25:26.622+0000][1.287s][info ][gc,start    ] GC(8) Pause Young (Normal) (G1 Evacuation Pause)
[2025-06-05T06:25:26.622+0000][1.287s][info ][gc,task     ] GC(8) Using 2 workers of 2 for evacuation
[2025-06-05T06:25:26.627+0000][1.291s][info ][gc,phases   ] GC(8)   Pre Evacuate Collection Set: 0.1ms
[2025-06-05T06:25:26.627+0000][1.292s][info ][gc,phases   ] GC(8)   Merge Heap Roots: 0.0ms
[2025-06-05T06:25:26.627+0000][1.292s][info ][gc,phases   ] GC(8)   Evacuate Collection Set: 4.0ms
[2025-06-05T06:25:26.627+0000][1.292s][info ][gc,phases   ] GC(8)   Post Evacuate Collection Set: 0.4ms
[2025-06-05T06:25:26.627+0000][1.292s][info ][gc,phases   ] GC(8)   Other: 0.2ms
[2025-06-05T06:25:26.627+0000][1.292s][info ][gc,heap     ] GC(8) Eden regions: 43->0(44)
[2025-06-05T06:25:26.627+0000][1.292s][info ][gc,heap     ] GC(8) Survivor regions: 5->4(6)
[2025-06-05T06:25:26.627+0000][1.292s][info ][gc,heap     ] GC(8) Old regions: 10->12
[2025-06-05T06:25:26.627+0000][1.292s][info ][gc,heap     ] GC(8) Archive regions: 2->2
[2025-06-05T06:25:26.627+0000][1.292s][info ][gc,heap     ] GC(8) Humongous regions: 0->0
[2025-06-05T06:25:26.627+0000][1.292s][info ][gc,metaspace] GC(8) Metaspace: 13450K(13760K)->13450K(13760K) NonClass: 11712K(11904K)->11712K(11904K) Class: 1738K(1856K)->1738K(1856K)
[2025-06-05T06:25:26.627+0000][1.292s][info ][gc          ] GC(8) Pause Young (Normal) (G1 Evacuation Pause) 57M->15M(80M) 5.385ms
[2025-06-05T06:25:26.627+0000][1.292s][info ][gc,cpu      ] GC(8) User=0.01s Sys=0.00s Real=0.00s
[2025-06-05T06:25:26.627+0000][1.292s][info ][safepoint   ] Safepoint "G1CollectForAllocation", Time since last: 47064250 ns, Reaching safepoint: 1877541 ns, Cleanup: 39750 ns, At safepoint: 5500334 ns, Total: 7417625 ns
[2025-06-05T06:25:26.774+0000][1.439s][debug][safepoint   ] Safepoint synchronization initiated using futex wait barrier. (14 threads)
[2025-06-05T06:25:26.774+0000][1.439s][info ][gc,start    ] GC(9) Pause Young (Normal) (G1 Evacuation Pause)
[2025-06-05T06:25:26.774+0000][1.439s][info ][gc,task     ] GC(9) Using 2 workers of 2 for evacuation
[2025-06-05T06:25:26.778+0000][1.443s][info ][gc,phases   ] GC(9)   Pre Evacuate Collection Set: 0.1ms
[2025-06-05T06:25:26.778+0000][1.443s][info ][gc,phases   ] GC(9)   Merge Heap Roots: 0.1ms
[2025-06-05T06:25:26.778+0000][1.443s][info ][gc,phases   ] GC(9)   Evacuate Collection Set: 2.9ms
[2025-06-05T06:25:26.778+0000][1.443s][info ][gc,phases   ] GC(9)   Post Evacuate Collection Set: 0.5ms
[2025-06-05T06:25:26.778+0000][1.443s][info ][gc,phases   ] GC(9)   Other: 0.1ms
[2025-06-05T06:25:26.778+0000][1.443s][info ][gc,heap     ] GC(9) Eden regions: 44->0(54)
[2025-06-05T06:25:26.778+0000][1.443s][info ][gc,heap     ] GC(9) Survivor regions: 4->3(6)
[2025-06-05T06:25:26.778+0000][1.443s][info ][gc,heap     ] GC(9) Old regions: 12->12
[2025-06-05T06:25:26.778+0000][1.443s][info ][gc,heap     ] GC(9) Archive regions: 2->2
[2025-06-05T06:25:26.778+0000][1.443s][info ][gc,heap     ] GC(9) Humongous regions: 0->0
[2025-06-05T06:25:26.778+0000][1.443s][info ][gc,metaspace] GC(9) Metaspace: 14825K(15232K)->14825K(15232K) NonClass: 12898K(13120K)->12898K(13120K) Class: 1926K(2112K)->1926K(2112K)
[2025-06-05T06:25:26.778+0000][1.443s][info ][gc          ] GC(9) Pause Young (Normal) (G1 Evacuation Pause) 59M->15M(96M) 4.277ms
[2025-06-05T06:25:26.778+0000][1.443s][info ][gc,cpu      ] GC(9) User=0.01s Sys=0.00s Real=0.00s
[2025-06-05T06:25:26.779+0000][1.443s][info ][safepoint   ] Safepoint "G1CollectForAllocation", Time since last: 146554250 ns, Reaching safepoint: 184625 ns, Cleanup: 56458 ns, At safepoint: 4391833 ns, Total: 4632916 ns
[2025-06-05T06:25:26.831+0000][1.496s][info ][cds,heap    ] initialize_from_archived_subgraph java.lang.Byte$ByteCache 0x000000f8000395f8
[2025-06-05T06:25:26.831+0000][1.496s][info ][cds,heap    ] initialize_from_archived_subgraph java.lang.Short$ShortCache 0x000000f80003fce8
[2025-06-05T06:25:26.889+0000][1.554s][debug][safepoint   ] Safepoint synchronization initiated using futex wait barrier. (14 threads)
[2025-06-05T06:25:26.890+0000][1.555s][info ][gc,start    ] GC(10) Pause Young (Normal) (G1 Evacuation Pause)
[2025-06-05T06:25:26.890+0000][1.555s][info ][gc,task     ] GC(10) Using 2 workers of 2 for evacuation
[2025-06-05T06:25:26.893+0000][1.558s][info ][gc,phases   ] GC(10)   Pre Evacuate Collection Set: 0.1ms
[2025-06-05T06:25:26.893+0000][1.558s][info ][gc,phases   ] GC(10)   Merge Heap Roots: 0.1ms
[2025-06-05T06:25:26.893+0000][1.558s][info ][gc,phases   ] GC(10)   Evacuate Collection Set: 2.8ms
[2025-06-05T06:25:26.893+0000][1.558s][info ][gc,phases   ] GC(10)   Post Evacuate Collection Set: 0.4ms
[2025-06-05T06:25:26.893+0000][1.558s][info ][gc,phases   ] GC(10)   Other: 0.2ms
[2025-06-05T06:25:26.893+0000][1.558s][info ][gc,heap     ] GC(10) Eden regions: 54->0(53)
[2025-06-05T06:25:26.893+0000][1.558s][info ][gc,heap     ] GC(10) Survivor regions: 3->4(8)
[2025-06-05T06:25:26.893+0000][1.558s][info ][gc,heap     ] GC(10) Old regions: 12->12
[2025-06-05T06:25:26.893+0000][1.558s][info ][gc,heap     ] GC(10) Archive regions: 2->2
[2025-06-05T06:25:26.894+0000][1.558s][info ][gc,heap     ] GC(10) Humongous regions: 0->0
[2025-06-05T06:25:26.894+0000][1.558s][info ][gc,metaspace] GC(10) Metaspace: 16313K(16640K)->16313K(16640K) NonClass: 14099K(14272K)->14099K(14272K) Class: 2213K(2368K)->2213K(2368K)
[2025-06-05T06:25:26.894+0000][1.559s][info ][gc          ] GC(10) Pause Young (Normal) (G1 Evacuation Pause) 69M->16M(96M) 4.000ms
[2025-06-05T06:25:26.894+0000][1.559s][info ][gc,cpu      ] GC(10) User=0.01s Sys=0.00s Real=0.00s
[2025-06-05T06:25:26.894+0000][1.559s][info ][safepoint   ] Safepoint "G1CollectForAllocation", Time since last: 110651375 ns, Reaching safepoint: 369542 ns, Cleanup: 55417 ns, At safepoint: 4120958 ns, Total: 4545917 ns
[2025-06-05T06:25:26.995+0000][1.660s][debug][safepoint   ] Safepoint synchronization initiated using futex wait barrier. (14 threads)
[2025-06-05T06:25:26.996+0000][1.661s][info ][gc,start    ] GC(11) Pause Young (Normal) (G1 Evacuation Pause)
[2025-06-05T06:25:26.996+0000][1.661s][info ][gc,task     ] GC(11) Using 2 workers of 2 for evacuation
[2025-06-05T06:25:27.000+0000][1.665s][info ][gc,phases   ] GC(11)   Pre Evacuate Collection Set: 0.1ms
[2025-06-05T06:25:27.000+0000][1.665s][info ][gc,phases   ] GC(11)   Merge Heap Roots: 0.0ms
[2025-06-05T06:25:27.000+0000][1.665s][info ][gc,phases   ] GC(11)   Evacuate Collection Set: 3.7ms
[2025-06-05T06:25:27.000+0000][1.665s][info ][gc,phases   ] GC(11)   Post Evacuate Collection Set: 0.4ms
[2025-06-05T06:25:27.000+0000][1.665s][info ][gc,phases   ] GC(11)   Other: 0.2ms
[2025-06-05T06:25:27.001+0000][1.665s][info ][gc,heap     ] GC(11) Eden regions: 53->0(50)
[2025-06-05T06:25:27.001+0000][1.665s][info ][gc,heap     ] GC(11) Survivor regions: 4->7(8)
[2025-06-05T06:25:27.001+0000][1.665s][info ][gc,heap     ] GC(11) Old regions: 12->12
[2025-06-05T06:25:27.001+0000][1.666s][info ][gc,heap     ] GC(11) Archive regions: 2->2
[2025-06-05T06:25:27.001+0000][1.666s][info ][gc,heap     ] GC(11) Humongous regions: 0->0
[2025-06-05T06:25:27.001+0000][1.666s][info ][gc,metaspace] GC(11) Metaspace: 17310K(17600K)->17310K(17600K) NonClass: 14957K(15104K)->14957K(15104K) Class: 2353K(2496K)->2353K(2496K)
[2025-06-05T06:25:27.001+0000][1.666s][info ][gc          ] GC(11) Pause Young (Normal) (G1 Evacuation Pause) 69M->19M(96M) 5.072ms
[2025-06-05T06:25:27.001+0000][1.666s][info ][gc,cpu      ] GC(11) User=0.01s Sys=0.00s Real=0.01s
[2025-06-05T06:25:27.001+0000][1.666s][info ][safepoint   ] Safepoint "G1CollectForAllocation", Time since last: 101261958 ns, Reaching safepoint: 724167 ns, Cleanup: 48000 ns, At safepoint: 5188625 ns, Total: 5960792 ns
[2025-06-05T06:25:27.174+0000][1.838s][debug][safepoint   ] Safepoint synchronization initiated using futex wait barrier. (14 threads)
[2025-06-05T06:25:27.175+0000][1.840s][info ][gc,start    ] GC(12) Pause Young (Normal) (G1 Evacuation Pause)
[2025-06-05T06:25:27.175+0000][1.840s][info ][gc,task     ] GC(12) Using 2 workers of 2 for evacuation
[2025-06-05T06:25:27.180+0000][1.845s][info ][gc,phases   ] GC(12)   Pre Evacuate Collection Set: 0.1ms
[2025-06-05T06:25:27.180+0000][1.845s][info ][gc,phases   ] GC(12)   Merge Heap Roots: 0.1ms
[2025-06-05T06:25:27.180+0000][1.845s][info ][gc,phases   ] GC(12)   Evacuate Collection Set: 4.5ms
[2025-06-05T06:25:27.180+0000][1.845s][info ][gc,phases   ] GC(12)   Post Evacuate Collection Set: 0.5ms
[2025-06-05T06:25:27.180+0000][1.845s][info ][gc,phases   ] GC(12)   Other: 0.3ms
[2025-06-05T06:25:27.180+0000][1.845s][info ][gc,heap     ] GC(12) Eden regions: 50->0(51)
[2025-06-05T06:25:27.181+0000][1.845s][info ][gc,heap     ] GC(12) Survivor regions: 7->6(8)
[2025-06-05T06:25:27.181+0000][1.845s][info ][gc,heap     ] GC(12) Old regions: 12->15
[2025-06-05T06:25:27.181+0000][1.846s][info ][gc,heap     ] GC(12) Archive regions: 2->2
[2025-06-05T06:25:27.181+0000][1.846s][info ][gc,heap     ] GC(12) Humongous regions: 0->0
[2025-06-05T06:25:27.181+0000][1.846s][info ][gc,metaspace] GC(12) Metaspace: 20597K(20992K)->20597K(20992K) NonClass: 17918K(18112K)->17918K(18112K) Class: 2679K(2880K)->2679K(2880K)
[2025-06-05T06:25:27.181+0000][1.846s][info ][gc          ] GC(12) Pause Young (Normal) (G1 Evacuation Pause) 69M->20M(96M) 6.062ms
[2025-06-05T06:25:27.181+0000][1.846s][info ][gc,cpu      ] GC(12) User=0.02s Sys=0.00s Real=0.01s
[2025-06-05T06:25:27.181+0000][1.846s][info ][safepoint   ] Safepoint "G1CollectForAllocation", Time since last: 172598209 ns, Reaching safepoint: 1087291 ns, Cleanup: 74125 ns, At safepoint: 6188209 ns, Total: 7349625 ns
[2025-06-05T06:25:27.203+0000][1.868s][debug][safepoint   ] Safepoint synchronization initiated using futex wait barrier. (14 threads)
[2025-06-05T06:25:27.204+0000][1.869s][info ][gc,start    ] GC(13) Pause Young (Concurrent Start) (Metadata GC Threshold)
[2025-06-05T06:25:27.204+0000][1.869s][info ][gc,task     ] GC(13) Using 2 workers of 2 for evacuation
[2025-06-05T06:25:27.207+0000][1.872s][info ][gc,phases   ] GC(13)   Pre Evacuate Collection Set: 0.1ms
[2025-06-05T06:25:27.208+0000][1.872s][info ][gc,phases   ] GC(13)   Merge Heap Roots: 0.1ms
[2025-06-05T06:25:27.208+0000][1.872s][info ][gc,phases   ] GC(13)   Evacuate Collection Set: 2.8ms
[2025-06-05T06:25:27.208+0000][1.873s][info ][gc,phases   ] GC(13)   Post Evacuate Collection Set: 0.5ms
[2025-06-05T06:25:27.208+0000][1.873s][info ][gc,phases   ] GC(13)   Other: 0.2ms
[2025-06-05T06:25:27.208+0000][1.873s][info ][gc,heap     ] GC(13) Eden regions: 12->0(67)
[2025-06-05T06:25:27.208+0000][1.873s][info ][gc,heap     ] GC(13) Survivor regions: 6->2(8)
[2025-06-05T06:25:27.208+0000][1.873s][info ][gc,heap     ] GC(13) Old regions: 15->18
[2025-06-05T06:25:27.208+0000][1.873s][info ][gc,heap     ] GC(13) Archive regions: 2->2
[2025-06-05T06:25:27.208+0000][1.873s][info ][gc,heap     ] GC(13) Humongous regions: 0->0
[2025-06-05T06:25:27.208+0000][1.873s][info ][gc,metaspace] GC(13) Metaspace: 21203K(21504K)->21203K(21504K) NonClass: 18442K(18560K)->18442K(18560K) Class: 2761K(2944K)->2761K(2944K)
[2025-06-05T06:25:27.208+0000][1.873s][info ][gc          ] GC(13) Pause Young (Concurrent Start) (Metadata GC Threshold) 32M->20M(116M) 4.356ms
[2025-06-05T06:25:27.208+0000][1.873s][info ][gc,cpu      ] GC(13) User=0.01s Sys=0.00s Real=0.00s
[2025-06-05T06:25:27.208+0000][1.873s][info ][safepoint   ] Safepoint "CollectForMetadataAllocation", Time since last: 22325208 ns, Reaching safepoint: 415250 ns, Cleanup: 36917 ns, At safepoint: 4537416 ns, Total: 4989583 ns
[2025-06-05T06:25:27.208+0000][1.873s][info ][gc          ] GC(14) Concurrent Mark Cycle
[2025-06-05T06:25:27.208+0000][1.873s][info ][gc,marking  ] GC(14) Concurrent Clear Claimed Marks
[2025-06-05T06:25:27.208+0000][1.873s][info ][gc,marking  ] GC(14) Concurrent Clear Claimed Marks 0.109ms
[2025-06-05T06:25:27.209+0000][1.873s][info ][gc,marking  ] GC(14) Concurrent Scan Root Regions
[2025-06-05T06:25:27.208+0000][1.873s][debug][safepoint   ] Safepoint synchronization initiated using futex wait barrier. (14 threads)
[2025-06-05T06:25:27.209+0000][1.874s][info ][safepoint   ] Safepoint "CollectForMetadataAllocation", Time since last: 128209 ns, Reaching safepoint: 343541 ns, Cleanup: 4375 ns, At safepoint: 1959 ns, Total: 349875 ns
[2025-06-05T06:25:27.210+0000][1.875s][info ][gc,marking  ] GC(14) Concurrent Scan Root Regions 1.765ms
[2025-06-05T06:25:27.211+0000][1.875s][info ][gc,marking  ] GC(14) Concurrent Mark
[2025-06-05T06:25:27.211+0000][1.876s][info ][gc,marking  ] GC(14) Concurrent Mark From Roots
[2025-06-05T06:25:27.211+0000][1.876s][info ][gc,task     ] GC(14) Using 1 workers of 1 for marking
[2025-06-05T06:25:27.216+0000][1.880s][debug][safepoint   ] Safepoint synchronization initiated using futex wait barrier. (14 threads)
[2025-06-05T06:25:27.216+0000][1.881s][info ][safepoint   ] Safepoint "CollectForMetadataAllocation", Time since last: 6869625 ns, Reaching safepoint: 153541 ns, Cleanup: 25584 ns, At safepoint: 22833 ns, Total: 201958 ns
[2025-06-05T06:25:27.222+0000][1.887s][info ][gc,marking  ] GC(14) Concurrent Mark From Roots 11.189ms
[2025-06-05T06:25:27.223+0000][1.888s][info ][gc,marking  ] GC(14) Concurrent Preclean
[2025-06-05T06:25:27.223+0000][1.888s][info ][gc,marking  ] GC(14) Concurrent Preclean 0.209ms
[2025-06-05T06:25:27.225+0000][1.890s][debug][safepoint   ] Safepoint synchronization initiated using futex wait barrier. (14 threads)
[2025-06-05T06:25:27.225+0000][1.890s][info ][safepoint   ] Safepoint "CollectForMetadataAllocation", Time since last: 9525667 ns, Reaching safepoint: 160958 ns, Cleanup: 9375 ns, At safepoint: 18125 ns, Total: 188458 ns
[2025-06-05T06:25:27.226+0000][1.891s][debug][safepoint   ] Safepoint synchronization initiated using futex wait barrier. (14 threads)
[2025-06-05T06:25:27.227+0000][1.892s][info ][safepoint   ] Safepoint "CollectForMetadataAllocation", Time since last: 155375 ns, Reaching safepoint: 1062708 ns, Cleanup: 1875 ns, At safepoint: 5167 ns, Total: 1069750 ns
[2025-06-05T06:25:27.227+0000][1.892s][debug][safepoint   ] Safepoint synchronization initiated using futex wait barrier. (14 threads)
[2025-06-05T06:25:27.227+0000][1.892s][debug][safepoint   ] ... found polling page loop exception at pc = 0x0000ffffa4f16518, stub =0x0000ffffa497ef00
[2025-06-05T06:25:27.228+0000][1.893s][info ][gc,start    ] GC(14) Pause Remark
[2025-06-05T06:25:27.230+0000][1.895s][info ][gc          ] GC(14) Pause Remark 30M->30M(107M) 2.189ms
[2025-06-05T06:25:27.230+0000][1.895s][info ][gc,cpu      ] GC(14) User=0.00s Sys=0.00s Real=0.01s
[2025-06-05T06:25:27.230+0000][1.895s][info ][safepoint   ] Safepoint "G1PauseRemark", Time since last: 142167 ns, Reaching safepoint: 928083 ns, Cleanup: 1500 ns, At safepoint: 2376458 ns, Total: 3306041 ns
[2025-06-05T06:25:27.230+0000][1.895s][info ][gc,marking  ] GC(14) Concurrent Mark 19.727ms
[2025-06-05T06:25:27.232+0000][1.897s][info ][gc,marking  ] GC(14) Concurrent Rebuild Remembered Sets
[2025-06-05T06:25:27.276+0000][1.940s][info ][gc,marking  ] GC(14) Concurrent Rebuild Remembered Sets 43.830ms
[2025-06-05T06:25:27.278+0000][1.943s][debug][safepoint   ] Safepoint synchronization initiated using futex wait barrier. (14 threads)
[2025-06-05T06:25:27.279+0000][1.944s][info ][gc,start    ] GC(14) Pause Cleanup
[2025-06-05T06:25:27.279+0000][1.944s][info ][gc          ] GC(14) Pause Cleanup 35M->35M(107M) 0.135ms
[2025-06-05T06:25:27.279+0000][1.944s][info ][gc,cpu      ] GC(14) User=0.00s Sys=0.00s Real=0.00s
[2025-06-05T06:25:27.279+0000][1.944s][info ][safepoint   ] Safepoint "G1PauseCleanup", Time since last: 47533292 ns, Reaching safepoint: 1122542 ns, Cleanup: 34250 ns, At safepoint: 354750 ns, Total: 1511542 ns
[2025-06-05T06:25:27.279+0000][1.944s][info ][gc,marking  ] GC(14) Concurrent Cleanup for Next Mark
[2025-06-05T06:25:27.282+0000][1.946s][info ][gc,marking  ] GC(14) Concurrent Cleanup for Next Mark 2.281ms
[2025-06-05T06:25:27.282+0000][1.947s][info ][gc          ] GC(14) Concurrent Mark Cycle 73.464ms
[2025-06-05T06:25:27.323+0000][1.988s][debug][safepoint   ] Safepoint synchronization initiated using futex wait barrier. (14 threads)
[2025-06-05T06:25:27.324+0000][1.989s][info ][safepoint   ] Safepoint "ICBufferFull", Time since last: 44067000 ns, Reaching safepoint: 394750 ns, Cleanup: 82375 ns, At safepoint: 7666 ns, Total: 484791 ns
[2025-06-05T06:25:27.389+0000][2.054s][debug][safepoint   ] Safepoint synchronization initiated using futex wait barrier. (14 threads)
[2025-06-05T06:25:27.390+0000][2.055s][info ][gc,start    ] GC(15) Pause Young (Concurrent Start) (G1 Evacuation Pause)
[2025-06-05T06:25:27.390+0000][2.055s][info ][gc,task     ] GC(15) Using 2 workers of 2 for evacuation
[2025-06-05T06:25:27.394+0000][2.059s][info ][gc,phases   ] GC(15)   Pre Evacuate Collection Set: 0.1ms
[2025-06-05T06:25:27.394+0000][2.059s][info ][gc,phases   ] GC(15)   Merge Heap Roots: 0.1ms
[2025-06-05T06:25:27.394+0000][2.059s][info ][gc,phases   ] GC(15)   Evacuate Collection Set: 3.3ms
[2025-06-05T06:25:27.394+0000][2.059s][info ][gc,phases   ] GC(15)   Post Evacuate Collection Set: 0.5ms
[2025-06-05T06:25:27.394+0000][2.059s][info ][gc,phases   ] GC(15)   Other: 0.2ms
[2025-06-05T06:25:27.394+0000][2.059s][info ][gc,heap     ] GC(15) Eden regions: 67->0(59)
[2025-06-05T06:25:27.394+0000][2.059s][info ][gc,heap     ] GC(15) Survivor regions: 2->5(9)
[2025-06-05T06:25:27.394+0000][2.059s][info ][gc,heap     ] GC(15) Old regions: 18->18
[2025-06-05T06:25:27.394+0000][2.059s][info ][gc,heap     ] GC(15) Archive regions: 2->2
[2025-06-05T06:25:27.394+0000][2.059s][info ][gc,heap     ] GC(15) Humongous regions: 0->0
[2025-06-05T06:25:27.394+0000][2.059s][info ][gc,metaspace] GC(15) Metaspace: 23457K(23872K)->23457K(23872K) NonClass: 20390K(20608K)->20390K(20608K) Class: 3066K(3264K)->3066K(3264K)
[2025-06-05T06:25:27.394+0000][2.059s][info ][gc          ] GC(15) Pause Young (Concurrent Start) (G1 Evacuation Pause) 87M->23M(107M) 4.551ms
[2025-06-05T06:25:27.394+0000][2.059s][info ][gc,cpu      ] GC(15) User=0.01s Sys=0.00s Real=0.00s
[2025-06-05T06:25:27.394+0000][2.059s][info ][safepoint   ] Safepoint "G1CollectForAllocation", Time since last: 65024875 ns, Reaching safepoint: 992000 ns, Cleanup: 36084 ns, At safepoint: 4657875 ns, Total: 5685959 ns
[2025-06-05T06:25:27.394+0000][2.059s][info ][gc          ] GC(16) Concurrent Mark Cycle
[2025-06-05T06:25:27.395+0000][2.060s][info ][gc,marking  ] GC(16) Concurrent Clear Claimed Marks
[2025-06-05T06:25:27.396+0000][2.061s][info ][gc,marking  ] GC(16) Concurrent Clear Claimed Marks 0.341ms
[2025-06-05T06:25:27.396+0000][2.061s][info ][gc,marking  ] GC(16) Concurrent Scan Root Regions
[2025-06-05T06:25:27.398+0000][2.063s][info ][gc,marking  ] GC(16) Concurrent Scan Root Regions 2.024ms
[2025-06-05T06:25:27.398+0000][2.063s][info ][gc,marking  ] GC(16) Concurrent Mark
[2025-06-05T06:25:27.398+0000][2.063s][info ][gc,marking  ] GC(16) Concurrent Mark From Roots
[2025-06-05T06:25:27.398+0000][2.063s][info ][gc,task     ] GC(16) Using 1 workers of 1 for marking
[2025-06-05T06:25:27.410+0000][2.075s][info ][gc,marking  ] GC(16) Concurrent Mark From Roots 11.861ms
[2025-06-05T06:25:27.410+0000][2.075s][info ][gc,marking  ] GC(16) Concurrent Preclean
[2025-06-05T06:25:27.410+0000][2.075s][info ][gc,marking  ] GC(16) Concurrent Preclean 0.159ms
[2025-06-05T06:25:27.412+0000][2.077s][debug][safepoint   ] Safepoint synchronization initiated using futex wait barrier. (14 threads)
[2025-06-05T06:25:27.413+0000][2.078s][info ][gc,start    ] GC(16) Pause Remark
[2025-06-05T06:25:27.415+0000][2.080s][info ][gc          ] GC(16) Pause Remark 35M->35M(107M) 1.962ms
[2025-06-05T06:25:27.415+0000][2.080s][info ][gc,cpu      ] GC(16) User=0.01s Sys=0.00s Real=0.00s
[2025-06-05T06:25:27.415+0000][2.080s][info ][safepoint   ] Safepoint "G1PauseRemark", Time since last: 17170375 ns, Reaching safepoint: 1027166 ns, Cleanup: 25334 ns, At safepoint: 2156416 ns, Total: 3208916 ns
[2025-06-05T06:25:27.415+0000][2.080s][info ][gc,marking  ] GC(16) Concurrent Mark 16.895ms
[2025-06-05T06:25:27.416+0000][2.081s][info ][gc,marking  ] GC(16) Concurrent Rebuild Remembered Sets
[2025-06-05T06:25:27.423+0000][2.088s][info ][gc,marking  ] GC(16) Concurrent Rebuild Remembered Sets 7.092ms
[2025-06-05T06:25:27.423+0000][2.088s][debug][safepoint   ] Safepoint synchronization initiated using futex wait barrier. (14 threads)
[2025-06-05T06:25:27.473+0000][2.138s][info ][gc,start    ] GC(16) Pause Cleanup
[2025-06-05T06:25:27.473+0000][2.138s][info ][gc          ] GC(16) Pause Cleanup 43M->43M(107M) 0.165ms
[2025-06-05T06:25:27.473+0000][2.138s][info ][gc,cpu      ] GC(16) User=0.00s Sys=0.00s Real=0.00s
[2025-06-05T06:25:27.473+0000][2.138s][info ][safepoint   ] Safepoint "G1PauseCleanup", Time since last: 8513209 ns, Reaching safepoint: 49661916 ns, Cleanup: 19084 ns, At safepoint: 287375 ns, Total: 49968375 ns
[2025-06-05T06:25:27.473+0000][2.138s][info ][gc,marking  ] GC(16) Concurrent Cleanup for Next Mark
[2025-06-05T06:25:27.475+0000][2.139s][info ][gc,marking  ] GC(16) Concurrent Cleanup for Next Mark 1.107ms
[2025-06-05T06:25:27.475+0000][2.140s][info ][gc          ] GC(16) Concurrent Mark Cycle 80.178ms
[2025-06-05T06:25:27.531+0000][2.196s][debug][safepoint   ] Safepoint synchronization initiated using futex wait barrier. (13 threads)
[2025-06-05T06:25:27.531+0000][2.196s][info ][gc,start    ] GC(17) Pause Young (Normal) (G1 Evacuation Pause)
[2025-06-05T06:25:27.531+0000][2.196s][info ][gc,task     ] GC(17) Using 2 workers of 2 for evacuation
[2025-06-05T06:25:27.538+0000][2.203s][info ][gc,phases   ] GC(17)   Pre Evacuate Collection Set: 0.1ms
[2025-06-05T06:25:27.538+0000][2.203s][info ][gc,phases   ] GC(17)   Merge Heap Roots: 0.1ms
[2025-06-05T06:25:27.538+0000][2.203s][info ][gc,phases   ] GC(17)   Evacuate Collection Set: 6.5ms
[2025-06-05T06:25:27.539+0000][2.203s][info ][gc,phases   ] GC(17)   Post Evacuate Collection Set: 0.6ms
[2025-06-05T06:25:27.539+0000][2.203s][info ][gc,phases   ] GC(17)   Other: 0.2ms
[2025-06-05T06:25:27.539+0000][2.204s][info ][gc,heap     ] GC(17) Eden regions: 59->0(55)
[2025-06-05T06:25:27.539+0000][2.204s][info ][gc,heap     ] GC(17) Survivor regions: 5->8(8)
[2025-06-05T06:25:27.539+0000][2.204s][info ][gc,heap     ] GC(17) Old regions: 18->21
[2025-06-05T06:25:27.539+0000][2.204s][info ][gc,heap     ] GC(17) Archive regions: 2->2
[2025-06-05T06:25:27.539+0000][2.204s][info ][gc,heap     ] GC(17) Humongous regions: 0->0
[2025-06-05T06:25:27.539+0000][2.204s][info ][gc,metaspace] GC(17) Metaspace: 24452K(24832K)->24452K(24832K) NonClass: 21257K(21440K)->21257K(21440K) Class: 3194K(3392K)->3194K(3392K)
[2025-06-05T06:25:27.539+0000][2.204s][info ][gc          ] GC(17) Pause Young (Normal) (G1 Evacuation Pause) 82M->28M(107M) 7.989ms
[2025-06-05T06:25:27.539+0000][2.204s][info ][gc,cpu      ] GC(17) User=0.02s Sys=0.00s Real=0.00s
[2025-06-05T06:25:27.539+0000][2.204s][info ][safepoint   ] Safepoint "G1CollectForAllocation", Time since last: 57345958 ns, Reaching safepoint: 184375 ns, Cleanup: 51708 ns, At safepoint: 8114292 ns, Total: 8350375 ns
[2025-06-05T06:25:27.618+0000][2.283s][debug][safepoint   ] Safepoint synchronization initiated using futex wait barrier. (13 threads)
[2025-06-05T06:25:27.618+0000][2.283s][info ][gc,start    ] GC(18) Pause Young (Normal) (G1 Evacuation Pause)
[2025-06-05T06:25:27.618+0000][2.283s][info ][gc,task     ] GC(18) Using 2 workers of 2 for evacuation
[2025-06-05T06:25:27.628+0000][2.293s][info ][gc,phases   ] GC(18)   Pre Evacuate Collection Set: 0.1ms
[2025-06-05T06:25:27.628+0000][2.293s][info ][gc,phases   ] GC(18)   Merge Heap Roots: 0.0ms
[2025-06-05T06:25:27.628+0000][2.293s][info ][gc,phases   ] GC(18)   Evacuate Collection Set: 8.5ms
[2025-06-05T06:25:27.628+0000][2.293s][info ][gc,phases   ] GC(18)   Post Evacuate Collection Set: 0.8ms
[2025-06-05T06:25:27.628+0000][2.293s][info ][gc,phases   ] GC(18)   Other: 0.2ms
[2025-06-05T06:25:27.628+0000][2.293s][info ][gc,heap     ] GC(18) Eden regions: 55->0(46)
[2025-06-05T06:25:27.628+0000][2.293s][info ][gc,heap     ] GC(18) Survivor regions: 8->8(8)
[2025-06-05T06:25:27.628+0000][2.293s][info ][gc,heap     ] GC(18) Old regions: 21->29
[2025-06-05T06:25:27.628+0000][2.293s][info ][gc,heap     ] GC(18) Archive regions: 2->2
[2025-06-05T06:25:27.628+0000][2.293s][info ][gc,heap     ] GC(18) Humongous regions: 0->0
[2025-06-05T06:25:27.628+0000][2.293s][info ][gc,metaspace] GC(18) Metaspace: 24453K(24832K)->24453K(24832K) NonClass: 21258K(21440K)->21258K(21440K) Class: 3195K(3392K)->3195K(3392K)
[2025-06-05T06:25:27.628+0000][2.293s][info ][gc          ] GC(18) Pause Young (Normal) (G1 Evacuation Pause) 83M->36M(107M) 10.172ms
[2025-06-05T06:25:27.628+0000][2.293s][info ][gc,cpu      ] GC(18) User=0.02s Sys=0.00s Real=0.01s
[2025-06-05T06:25:27.628+0000][2.293s][info ][safepoint   ] Safepoint "G1CollectForAllocation", Time since last: 78898333 ns, Reaching safepoint: 190834 ns, Cleanup: 15916 ns, At safepoint: 10284542 ns, Total: 10491292 ns
[2025-06-05T06:25:27.714+0000][2.379s][debug][safepoint   ] Safepoint synchronization initiated using futex wait barrier. (13 threads)
[2025-06-05T06:25:27.715+0000][2.380s][info ][gc,start    ] GC(19) Pause Young (Normal) (G1 Evacuation Pause)
[2025-06-05T06:25:27.715+0000][2.380s][info ][gc,task     ] GC(19) Using 2 workers of 2 for evacuation
[2025-06-05T06:25:27.722+0000][2.387s][info ][gc,phases   ] GC(19)   Pre Evacuate Collection Set: 0.1ms
[2025-06-05T06:25:27.722+0000][2.387s][info ][gc,phases   ] GC(19)   Merge Heap Roots: 0.1ms
[2025-06-05T06:25:27.722+0000][2.387s][info ][gc,phases   ] GC(19)   Evacuate Collection Set: 6.4ms
[2025-06-05T06:25:27.722+0000][2.387s][info ][gc,phases   ] GC(19)   Post Evacuate Collection Set: 0.7ms
[2025-06-05T06:25:27.722+0000][2.387s][info ][gc,phases   ] GC(19)   Other: 0.1ms
[2025-06-05T06:25:27.722+0000][2.387s][info ][gc,heap     ] GC(19) Eden regions: 46->0(42)
[2025-06-05T06:25:27.722+0000][2.387s][info ][gc,heap     ] GC(19) Survivor regions: 8->5(7)
[2025-06-05T06:25:27.722+0000][2.387s][info ][gc,heap     ] GC(19) Old regions: 29->36
[2025-06-05T06:25:27.722+0000][2.387s][info ][gc,heap     ] GC(19) Archive regions: 2->2
[2025-06-05T06:25:27.722+0000][2.387s][info ][gc,heap     ] GC(19) Humongous regions: 0->0
[2025-06-05T06:25:27.723+0000][2.387s][info ][gc,metaspace] GC(19) Metaspace: 24627K(24960K)->24627K(24960K) NonClass: 21417K(21568K)->21417K(21568K) Class: 3210K(3392K)->3210K(3392K)
[2025-06-05T06:25:27.723+0000][2.387s][info ][gc          ] GC(19) Pause Young (Normal) (G1 Evacuation Pause) 82M->41M(107M) 7.965ms
[2025-06-05T06:25:27.723+0000][2.388s][info ][gc,cpu      ] GC(19) User=0.02s Sys=0.00s Real=0.01s
[2025-06-05T06:25:27.723+0000][2.388s][info ][safepoint   ] Safepoint "G1CollectForAllocation", Time since last: 85914875 ns, Reaching safepoint: 208583 ns, Cleanup: 64834 ns, At safepoint: 8105125 ns, Total: 8378542 ns
[2025-06-05T06:25:27.795+0000][2.460s][debug][safepoint   ] Safepoint synchronization initiated using futex wait barrier. (13 threads)
[2025-06-05T06:25:27.795+0000][2.460s][info ][gc,start    ] GC(20) Pause Young (Normal) (G1 Evacuation Pause)
[2025-06-05T06:25:27.795+0000][2.460s][info ][gc,task     ] GC(20) Using 2 workers of 2 for evacuation
[2025-06-05T06:25:27.802+0000][2.467s][info ][gc,phases   ] GC(20)   Pre Evacuate Collection Set: 0.1ms
[2025-06-05T06:25:27.802+0000][2.467s][info ][gc,phases   ] GC(20)   Merge Heap Roots: 0.1ms
[2025-06-05T06:25:27.802+0000][2.467s][info ][gc,phases   ] GC(20)   Evacuate Collection Set: 5.9ms
[2025-06-05T06:25:27.802+0000][2.467s][info ][gc,phases   ] GC(20)   Post Evacuate Collection Set: 0.6ms
[2025-06-05T06:25:27.802+0000][2.467s][info ][gc,phases   ] GC(20)   Other: 0.2ms
[2025-06-05T06:25:27.802+0000][2.467s][info ][gc,heap     ] GC(20) Eden regions: 42->0(39)
[2025-06-05T06:25:27.802+0000][2.467s][info ][gc,heap     ] GC(20) Survivor regions: 5->4(6)
[2025-06-05T06:25:27.802+0000][2.467s][info ][gc,heap     ] GC(20) Old regions: 36->41
[2025-06-05T06:25:27.802+0000][2.467s][info ][gc,heap     ] GC(20) Archive regions: 2->2
[2025-06-05T06:25:27.802+0000][2.467s][info ][gc,heap     ] GC(20) Humongous regions: 0->0
[2025-06-05T06:25:27.802+0000][2.467s][info ][gc,metaspace] GC(20) Metaspace: 24790K(25152K)->24790K(25152K) NonClass: 21549K(21696K)->21549K(21696K) Class: 3241K(3456K)->3241K(3456K)
[2025-06-05T06:25:27.803+0000][2.467s][info ][gc          ] GC(20) Pause Young (Normal) (G1 Evacuation Pause) 83M->45M(107M) 7.558ms
[2025-06-05T06:25:27.803+0000][2.467s][info ][gc,cpu      ] GC(20) User=0.01s Sys=0.00s Real=0.01s
[2025-06-05T06:25:27.803+0000][2.468s][info ][safepoint   ] Safepoint "G1CollectForAllocation", Time since last: 72007958 ns, Reaching safepoint: 198583 ns, Cleanup: 47125 ns, At safepoint: 7673417 ns, Total: 7919125 ns
[2025-06-05T06:25:27.878+0000][2.543s][debug][safepoint   ] ... found polling page loop exception at pc = 0x0000ffffa4fa1c8c, stub =0x0000ffffa497ef00
[2025-06-05T06:25:27.879+0000][2.544s][debug][safepoint   ] Safepoint synchronization initiated using futex wait barrier. (13 threads)
[2025-06-05T06:25:27.880+0000][2.545s][info ][safepoint   ] Safepoint "ICBufferFull", Time since last: 76400209 ns, Reaching safepoint: 605333 ns, Cleanup: 91667 ns, At safepoint: 5208 ns, Total: 702208 ns
[2025-06-05T06:25:27.915+0000][2.580s][debug][safepoint   ] Safepoint synchronization initiated using futex wait barrier. (13 threads)
[2025-06-05T06:25:27.915+0000][2.580s][info ][gc,start    ] GC(21) Pause Young (Normal) (G1 Evacuation Pause)
[2025-06-05T06:25:27.915+0000][2.580s][info ][gc,task     ] GC(21) Using 2 workers of 2 for evacuation
[2025-06-05T06:25:27.921+0000][2.586s][info ][gc,phases   ] GC(21)   Pre Evacuate Collection Set: 0.1ms
[2025-06-05T06:25:27.921+0000][2.586s][info ][gc,phases   ] GC(21)   Merge Heap Roots: 0.0ms
[2025-06-05T06:25:27.921+0000][2.586s][info ][gc,phases   ] GC(21)   Evacuate Collection Set: 4.5ms
[2025-06-05T06:25:27.922+0000][2.586s][info ][gc,phases   ] GC(21)   Post Evacuate Collection Set: 1.1ms
[2025-06-05T06:25:27.922+0000][2.586s][info ][gc,phases   ] GC(21)   Other: 0.2ms
[2025-06-05T06:25:27.922+0000][2.587s][info ][gc,heap     ] GC(21) Eden regions: 39->0(116)
[2025-06-05T06:25:27.922+0000][2.587s][info ][gc,heap     ] GC(21) Survivor regions: 4->4(6)
[2025-06-05T06:25:27.922+0000][2.587s][info ][gc,heap     ] GC(21) Old regions: 41->45
[2025-06-05T06:25:27.922+0000][2.587s][info ][gc,heap     ] GC(21) Archive regions: 2->2
[2025-06-05T06:25:27.922+0000][2.587s][info ][gc,heap     ] GC(21) Humongous regions: 0->0
[2025-06-05T06:25:27.922+0000][2.587s][info ][gc,metaspace] GC(21) Metaspace: 24965K(25344K)->24965K(25344K) NonClass: 21702K(21888K)->21702K(21888K) Class: 3262K(3456K)->3262K(3456K)
[2025-06-05T06:25:27.922+0000][2.587s][info ][gc          ] GC(21) Pause Young (Normal) (G1 Evacuation Pause) 84M->49M(214M) 6.544ms
[2025-06-05T06:25:27.922+0000][2.587s][info ][gc,cpu      ] GC(21) User=0.02s Sys=0.00s Real=0.01s
[2025-06-05T06:25:27.922+0000][2.587s][info ][safepoint   ] Safepoint "G1CollectForAllocation", Time since last: 35408500 ns, Reaching safepoint: 194417 ns, Cleanup: 46333 ns, At safepoint: 6637250 ns, Total: 6878000 ns
[2025-06-05T06:25:28.009+0000][2.674s][debug][safepoint   ] Safepoint synchronization initiated using futex wait barrier. (13 threads)
[2025-06-05T06:25:28.009+0000][2.674s][info ][safepoint   ] Safepoint "ICBufferFull", Time since last: 86894625 ns, Reaching safepoint: 183250 ns, Cleanup: 87167 ns, At safepoint: 1416 ns, Total: 271833 ns
[2025-06-05T06:25:28.073+0000][2.738s][debug][safepoint   ] Safepoint synchronization initiated using futex wait barrier. (13 threads)
[2025-06-05T06:25:28.073+0000][2.738s][info ][safepoint   ] Safepoint "ICBufferFull", Time since last: 63791750 ns, Reaching safepoint: 278875 ns, Cleanup: 64792 ns, At safepoint: 1875 ns, Total: 345542 ns
[2025-06-05T06:25:28.147+0000][2.812s][debug][safepoint   ] Safepoint synchronization initiated using futex wait barrier. (13 threads)
[2025-06-05T06:25:28.147+0000][2.812s][info ][safepoint   ] Safepoint "ICBufferFull", Time since last: 73361625 ns, Reaching safepoint: 218500 ns, Cleanup: 72542 ns, At safepoint: 4708 ns, Total: 295750 ns
[2025-06-05T06:25:28.180+0000][2.845s][debug][safepoint   ] Safepoint synchronization initiated using futex wait barrier. (13 threads)
[2025-06-05T06:25:28.181+0000][2.846s][info ][gc,start    ] GC(22) Pause Young (Normal) (G1 Evacuation Pause)
[2025-06-05T06:25:28.181+0000][2.846s][info ][gc,task     ] GC(22) Using 2 workers of 2 for evacuation
[2025-06-05T06:25:28.187+0000][2.852s][info ][gc,phases   ] GC(22)   Pre Evacuate Collection Set: 0.1ms
[2025-06-05T06:25:28.188+0000][2.852s][info ][gc,phases   ] GC(22)   Merge Heap Roots: 0.1ms
[2025-06-05T06:25:28.188+0000][2.852s][info ][gc,phases   ] GC(22)   Evacuate Collection Set: 5.7ms
[2025-06-05T06:25:28.188+0000][2.853s][info ][gc,phases   ] GC(22)   Post Evacuate Collection Set: 0.6ms
[2025-06-05T06:25:28.188+0000][2.853s][info ][gc,phases   ] GC(22)   Other: 0.2ms
[2025-06-05T06:25:28.188+0000][2.853s][info ][gc,heap     ] GC(22) Eden regions: 116->0(113)
[2025-06-05T06:25:28.188+0000][2.853s][info ][gc,heap     ] GC(22) Survivor regions: 4->8(15)
[2025-06-05T06:25:28.188+0000][2.853s][info ][gc,heap     ] GC(22) Old regions: 45->45
[2025-06-05T06:25:28.188+0000][2.853s][info ][gc,heap     ] GC(22) Archive regions: 2->2
[2025-06-05T06:25:28.188+0000][2.853s][info ][gc,heap     ] GC(22) Humongous regions: 0->0
[2025-06-05T06:25:28.188+0000][2.853s][info ][gc,metaspace] GC(22) Metaspace: 25205K(25600K)->25205K(25600K) NonClass: 21930K(22144K)->21930K(22144K) Class: 3274K(3456K)->3274K(3456K)
[2025-06-05T06:25:28.188+0000][2.853s][info ][gc          ] GC(22) Pause Young (Normal) (G1 Evacuation Pause) 165M->53M(214M) 7.271ms
[2025-06-05T06:25:28.188+0000][2.853s][info ][gc,cpu      ] GC(22) User=0.01s Sys=0.00s Real=0.00s
[2025-06-05T06:25:28.188+0000][2.853s][info ][safepoint   ] Safepoint "G1CollectForAllocation", Time since last: 33542792 ns, Reaching safepoint: 173708 ns, Cleanup: 54583 ns, At safepoint: 7393875 ns, Total: 7622166 ns
[2025-06-05T06:25:28.282+0000][2.947s][debug][safepoint   ] Safepoint synchronization initiated using futex wait barrier. (13 threads)
[2025-06-05T06:25:28.282+0000][2.947s][info ][safepoint   ] Safepoint "ICBufferFull", Time since last: 93784334 ns, Reaching safepoint: 214541 ns, Cleanup: 69959 ns, At safepoint: 1583 ns, Total: 286083 ns
[2025-06-05T06:25:28.342+0000][3.007s][debug][safepoint   ] Safepoint synchronization initiated using futex wait barrier. (14 threads)
[2025-06-05T06:25:28.342+0000][3.007s][debug][safepoint   ] ... found polling page loop exception at pc = 0x0000ffffa505de94, stub =0x0000ffffa497ef00
[2025-06-05T06:25:28.343+0000][3.008s][info ][gc,start    ] GC(23) Pause Young (Normal) (G1 Evacuation Pause)
[2025-06-05T06:25:28.343+0000][3.008s][info ][gc,task     ] GC(23) Using 2 workers of 2 for evacuation
[2025-06-05T06:25:28.371+0000][3.035s][info ][gc,phases   ] GC(23)   Pre Evacuate Collection Set: 0.1ms
[2025-06-05T06:25:28.371+0000][3.036s][info ][gc,phases   ] GC(23)   Merge Heap Roots: 0.1ms
[2025-06-05T06:25:28.371+0000][3.036s][info ][gc,phases   ] GC(23)   Evacuate Collection Set: 26.8ms
[2025-06-05T06:25:28.371+0000][3.036s][info ][gc,phases   ] GC(23)   Post Evacuate Collection Set: 0.6ms
[2025-06-05T06:25:28.371+0000][3.036s][info ][gc,phases   ] GC(23)   Other: 0.2ms
[2025-06-05T06:25:28.371+0000][3.036s][info ][gc,heap     ] GC(23) Eden regions: 113->0(114)
[2025-06-05T06:25:28.371+0000][3.036s][info ][gc,heap     ] GC(23) Survivor regions: 8->11(16)
[2025-06-05T06:25:28.371+0000][3.036s][info ][gc,heap     ] GC(23) Old regions: 45->45
[2025-06-05T06:25:28.371+0000][3.036s][info ][gc,heap     ] GC(23) Archive regions: 2->2
[2025-06-05T06:25:28.371+0000][3.036s][info ][gc,heap     ] GC(23) Humongous regions: 0->0
[2025-06-05T06:25:28.371+0000][3.036s][info ][gc,metaspace] GC(23) Metaspace: 26340K(26688K)->26340K(26688K) NonClass: 22981K(23168K)->22981K(23168K) Class: 3358K(3520K)->3358K(3520K)
[2025-06-05T06:25:28.371+0000][3.036s][info ][gc          ] GC(23) Pause Young (Normal) (G1 Evacuation Pause) 166M->56M(214M) 28.430ms
[2025-06-05T06:25:28.371+0000][3.036s][info ][gc,cpu      ] GC(23) User=0.01s Sys=0.00s Real=0.03s
[2025-06-05T06:25:28.371+0000][3.036s][info ][safepoint   ] Safepoint "G1CollectForAllocation", Time since last: 59805417 ns, Reaching safepoint: 670083 ns, Cleanup: 75458 ns, At safepoint: 28536209 ns, Total: 29281750 ns
[2025-06-05T06:25:28.516+0000][3.181s][debug][safepoint   ] Safepoint synchronization initiated using futex wait barrier. (13 threads)
[2025-06-05T06:25:28.516+0000][3.181s][info ][safepoint   ] Safepoint "ICBufferFull", Time since last: 144889583 ns, Reaching safepoint: 196917 ns, Cleanup: 73208 ns, At safepoint: 1417 ns, Total: 271542 ns
[2025-06-05T06:25:28.520+0000][3.185s][debug][safepoint   ] Safepoint synchronization initiated using futex wait barrier. (13 threads)
[2025-06-05T06:25:28.520+0000][3.185s][info ][gc,start    ] GC(24) Pause Young (Normal) (G1 Evacuation Pause)
[2025-06-05T06:25:28.520+0000][3.185s][info ][gc,task     ] GC(24) Using 2 workers of 2 for evacuation
[2025-06-05T06:25:28.527+0000][3.192s][info ][gc,phases   ] GC(24)   Pre Evacuate Collection Set: 0.1ms
[2025-06-05T06:25:28.527+0000][3.192s][info ][gc,phases   ] GC(24)   Merge Heap Roots: 0.1ms
[2025-06-05T06:25:28.527+0000][3.192s][info ][gc,phases   ] GC(24)   Evacuate Collection Set: 6.0ms
[2025-06-05T06:25:28.527+0000][3.192s][info ][gc,phases   ] GC(24)   Post Evacuate Collection Set: 0.7ms
[2025-06-05T06:25:28.527+0000][3.192s][info ][gc,phases   ] GC(24)   Other: 0.1ms
[2025-06-05T06:25:28.527+0000][3.192s][info ][gc,heap     ] GC(24) Eden regions: 114->0(116)
[2025-06-05T06:25:28.527+0000][3.192s][info ][gc,heap     ] GC(24) Survivor regions: 11->9(16)
[2025-06-05T06:25:28.528+0000][3.192s][info ][gc,heap     ] GC(24) Old regions: 45->49
[2025-06-05T06:25:28.528+0000][3.192s][info ][gc,heap     ] GC(24) Archive regions: 2->2
[2025-06-05T06:25:28.528+0000][3.193s][info ][gc,heap     ] GC(24) Humongous regions: 0->0
[2025-06-05T06:25:28.528+0000][3.193s][info ][gc,metaspace] GC(24) Metaspace: 27079K(27456K)->27079K(27456K) NonClass: 23645K(23872K)->23645K(23872K) Class: 3433K(3584K)->3433K(3584K)
[2025-06-05T06:25:28.528+0000][3.193s][info ][gc          ] GC(24) Pause Young (Normal) (G1 Evacuation Pause) 170M->57M(214M) 7.615ms
[2025-06-05T06:25:28.528+0000][3.193s][info ][gc,cpu      ] GC(24) User=0.02s Sys=0.00s Real=0.00s
[2025-06-05T06:25:28.528+0000][3.193s][info ][safepoint   ] Safepoint "G1CollectForAllocation", Time since last: 3520666 ns, Reaching safepoint: 116500 ns, Cleanup: 16750 ns, At safepoint: 7766667 ns, Total: 7899917 ns
[2025-06-05T06:25:28.788+0000][3.453s][debug][safepoint   ] Safepoint synchronization initiated using futex wait barrier. (13 threads)
[2025-06-05T06:25:28.788+0000][3.453s][info ][safepoint   ] Safepoint "ICBufferFull", Time since last: 260224209 ns, Reaching safepoint: 232166 ns, Cleanup: 80542 ns, At safepoint: 1958 ns, Total: 314666 ns
[2025-06-05T06:25:28.794+0000][3.459s][debug][safepoint   ] Safepoint synchronization initiated using futex wait barrier. (13 threads)
[2025-06-05T06:25:28.794+0000][3.459s][info ][gc,start    ] GC(25) Pause Young (Normal) (G1 Evacuation Pause)
[2025-06-05T06:25:28.794+0000][3.459s][info ][gc,task     ] GC(25) Using 2 workers of 2 for evacuation
[2025-06-05T06:25:28.800+0000][3.465s][info ][gc,phases   ] GC(25)   Pre Evacuate Collection Set: 0.1ms
[2025-06-05T06:25:28.800+0000][3.465s][info ][gc,phases   ] GC(25)   Merge Heap Roots: 0.1ms
[2025-06-05T06:25:28.800+0000][3.465s][info ][gc,phases   ] GC(25)   Evacuate Collection Set: 5.2ms
[2025-06-05T06:25:28.800+0000][3.465s][info ][gc,phases   ] GC(25)   Post Evacuate Collection Set: 0.7ms
[2025-06-05T06:25:28.800+0000][3.465s][info ][gc,phases   ] GC(25)   Other: 0.1ms
[2025-06-05T06:25:28.800+0000][3.465s][info ][gc,heap     ] GC(25) Eden regions: 116->0(119)
[2025-06-05T06:25:28.800+0000][3.465s][info ][gc,heap     ] GC(25) Survivor regions: 9->6(16)
[2025-06-05T06:25:28.800+0000][3.465s][info ][gc,heap     ] GC(25) Old regions: 49->52
[2025-06-05T06:25:28.801+0000][3.465s][info ][gc,heap     ] GC(25) Archive regions: 2->2
[2025-06-05T06:25:28.801+0000][3.465s][info ][gc,heap     ] GC(25) Humongous regions: 0->0
[2025-06-05T06:25:28.801+0000][3.466s][info ][gc,metaspace] GC(25) Metaspace: 33752K(34176K)->33752K(34176K) NonClass: 29605K(29824K)->29605K(29824K) Class: 4147K(4352K)->4147K(4352K)
[2025-06-05T06:25:28.801+0000][3.466s][info ][gc          ] GC(25) Pause Young (Normal) (G1 Evacuation Pause) 173M->57M(214M) 6.860ms
[2025-06-05T06:25:28.801+0000][3.466s][info ][gc,cpu      ] GC(25) User=0.01s Sys=0.00s Real=0.01s
[2025-06-05T06:25:28.801+0000][3.466s][info ][safepoint   ] Safepoint "G1CollectForAllocation", Time since last: 5216292 ns, Reaching safepoint: 175208 ns, Cleanup: 24500 ns, At safepoint: 6973667 ns, Total: 7173375 ns
[2025-06-05T06:25:28.900+0000][3.565s][debug][safepoint   ] Safepoint synchronization initiated using futex wait barrier. (13 threads)
[2025-06-05T06:25:28.900+0000][3.565s][info ][safepoint   ] Safepoint "ICBufferFull", Time since last: 99136625 ns, Reaching safepoint: 224625 ns, Cleanup: 86333 ns, At safepoint: 4542 ns, Total: 315500 ns
[2025-06-05T06:25:29.025+0000][3.689s][debug][safepoint   ] Safepoint synchronization initiated using futex wait barrier. (13 threads)
[2025-06-05T06:25:29.025+0000][3.690s][info ][gc,start    ] GC(26) Pause Young (Normal) (G1 Evacuation Pause)
[2025-06-05T06:25:29.025+0000][3.690s][info ][gc,task     ] GC(26) Using 2 workers of 2 for evacuation
[2025-06-05T06:25:29.031+0000][3.696s][info ][gc,phases   ] GC(26)   Pre Evacuate Collection Set: 0.1ms
[2025-06-05T06:25:29.031+0000][3.696s][info ][gc,phases   ] GC(26)   Merge Heap Roots: 0.1ms
[2025-06-05T06:25:29.031+0000][3.696s][info ][gc,phases   ] GC(26)   Evacuate Collection Set: 5.0ms
[2025-06-05T06:25:29.031+0000][3.696s][info ][gc,phases   ] GC(26)   Post Evacuate Collection Set: 0.7ms
[2025-06-05T06:25:29.031+0000][3.696s][info ][gc,phases   ] GC(26)   Other: 0.2ms
[2025-06-05T06:25:29.031+0000][3.696s][info ][gc,heap     ] GC(26) Eden regions: 119->0(119)
[2025-06-05T06:25:29.031+0000][3.696s][info ][gc,heap     ] GC(26) Survivor regions: 6->8(16)
[2025-06-05T06:25:29.031+0000][3.696s][info ][gc,heap     ] GC(26) Old regions: 52->52
[2025-06-05T06:25:29.031+0000][3.696s][info ][gc,heap     ] GC(26) Archive regions: 2->2
[2025-06-05T06:25:29.031+0000][3.696s][info ][gc,heap     ] GC(26) Humongous regions: 0->0
[2025-06-05T06:25:29.031+0000][3.696s][info ][gc,metaspace] GC(26) Metaspace: 34908K(35264K)->34908K(35264K) NonClass: 30598K(30784K)->30598K(30784K) Class: 4309K(4480K)->4309K(4480K)
[2025-06-05T06:25:29.031+0000][3.696s][info ][gc          ] GC(26) Pause Young (Normal) (G1 Evacuation Pause) 176M->59M(214M) 6.617ms
[2025-06-05T06:25:29.032+0000][3.696s][info ][gc,cpu      ] GC(26) User=0.02s Sys=0.00s Real=0.01s
[2025-06-05T06:25:29.032+0000][3.696s][info ][safepoint   ] Safepoint "G1CollectForAllocation", Time since last: 124344792 ns, Reaching safepoint: 226833 ns, Cleanup: 36583 ns, At safepoint: 6748375 ns, Total: 7011791 ns
[2025-06-05T06:25:29.113+0000][3.778s][debug][safepoint   ] Safepoint synchronization initiated using futex wait barrier. (13 threads)
[2025-06-05T06:25:29.113+0000][3.778s][info ][safepoint   ] Safepoint "ICBufferFull", Time since last: 81500000 ns, Reaching safepoint: 186334 ns, Cleanup: 105041 ns, At safepoint: 7417 ns, Total: 298792 ns
[2025-06-05T06:25:29.127+0000][3.792s][debug][safepoint   ] ... found polling page loop exception at pc = 0x0000ffffa50c3f48, stub =0x0000ffffa497ef00
[2025-06-05T06:25:29.131+0000][3.796s][debug][safepoint   ] Safepoint synchronization initiated using futex wait barrier. (13 threads)
[2025-06-05T06:25:29.132+0000][3.797s][info ][safepoint   ] Safepoint "ICBufferFull", Time since last: 18017542 ns, Reaching safepoint: 219875 ns, Cleanup: 128083 ns, At safepoint: 5750 ns, Total: 353708 ns
[2025-06-05T06:25:29.132+0000][3.797s][debug][safepoint   ] Safepoint synchronization initiated using futex wait barrier. (13 threads)
[2025-06-05T06:25:29.133+0000][3.798s][info ][safepoint   ] Safepoint "ICBufferFull", Time since last: 113208 ns, Reaching safepoint: 871500 ns, Cleanup: 7250 ns, At safepoint: 7292 ns, Total: 886042 ns
[2025-06-05T06:25:29.286+0000][3.950s][debug][safepoint   ] Safepoint synchronization initiated using futex wait barrier. (13 threads)
[2025-06-05T06:25:29.286+0000][3.951s][info ][safepoint   ] Safepoint "ICBufferFull", Time since last: 152732875 ns, Reaching safepoint: 130709 ns, Cleanup: 102083 ns, At safepoint: 7583 ns, Total: 240375 ns
[2025-06-05T06:25:29.302+0000][3.967s][debug][safepoint   ] Safepoint synchronization initiated using futex wait barrier. (13 threads)
[2025-06-05T06:25:29.302+0000][3.967s][info ][gc,start    ] GC(27) Pause Young (Normal) (G1 Evacuation Pause)
[2025-06-05T06:25:29.302+0000][3.967s][info ][gc,task     ] GC(27) Using 2 workers of 2 for evacuation
[2025-06-05T06:25:29.309+0000][3.974s][info ][gc,phases   ] GC(27)   Pre Evacuate Collection Set: 0.1ms
[2025-06-05T06:25:29.309+0000][3.974s][info ][gc,phases   ] GC(27)   Merge Heap Roots: 0.1ms
[2025-06-05T06:25:29.309+0000][3.974s][info ][gc,phases   ] GC(27)   Evacuate Collection Set: 5.6ms
[2025-06-05T06:25:29.309+0000][3.974s][info ][gc,phases   ] GC(27)   Post Evacuate Collection Set: 0.7ms
[2025-06-05T06:25:29.309+0000][3.974s][info ][gc,phases   ] GC(27)   Other: 0.1ms
[2025-06-05T06:25:29.309+0000][3.974s][info ][gc,heap     ] GC(27) Eden regions: 119->0(120)
[2025-06-05T06:25:29.309+0000][3.974s][info ][gc,heap     ] GC(27) Survivor regions: 8->8(16)
[2025-06-05T06:25:29.309+0000][3.974s][info ][gc,heap     ] GC(27) Old regions: 52->52
[2025-06-05T06:25:29.309+0000][3.974s][info ][gc,heap     ] GC(27) Archive regions: 2->2
[2025-06-05T06:25:29.309+0000][3.974s][info ][gc,heap     ] GC(27) Humongous regions: 0->0
[2025-06-05T06:25:29.309+0000][3.974s][info ][gc,metaspace] GC(27) Metaspace: 38059K(38464K)->38059K(38464K) NonClass: 33244K(33472K)->33244K(33472K) Class: 4814K(4992K)->4814K(4992K)
[2025-06-05T06:25:29.309+0000][3.974s][info ][gc          ] GC(27) Pause Young (Normal) (G1 Evacuation Pause) 178M->59M(214M) 7.264ms
[2025-06-05T06:25:29.309+0000][3.974s][info ][gc,cpu      ] GC(27) User=0.01s Sys=0.00s Real=0.00s
[2025-06-05T06:25:29.309+0000][3.974s][info ][safepoint   ] Safepoint "G1CollectForAllocation", Time since last: 16151250 ns, Reaching safepoint: 110500 ns, Cleanup: 21167 ns, At safepoint: 7372750 ns, Total: 7504417 ns
[2025-06-05T06:25:29.446+0000][4.111s][debug][safepoint   ] Safepoint synchronization initiated using futex wait barrier. (13 threads)
[2025-06-05T06:25:29.446+0000][4.111s][info ][safepoint   ] Safepoint "ICBufferFull", Time since last: 136286083 ns, Reaching safepoint: 173709 ns, Cleanup: 112375 ns, At safepoint: 5791 ns, Total: 291875 ns
[2025-06-05T06:25:29.484+0000][4.149s][debug][safepoint   ] Safepoint synchronization initiated using futex wait barrier. (13 threads)
[2025-06-05T06:25:29.484+0000][4.149s][info ][gc,start    ] GC(28) Pause Young (Concurrent Start) (Metadata GC Threshold)
[2025-06-05T06:25:29.484+0000][4.149s][info ][gc,task     ] GC(28) Using 2 workers of 2 for evacuation
[2025-06-05T06:25:29.491+0000][4.156s][info ][gc,phases   ] GC(28)   Pre Evacuate Collection Set: 0.1ms
[2025-06-05T06:25:29.491+0000][4.156s][info ][gc,phases   ] GC(28)   Merge Heap Roots: 0.1ms
[2025-06-05T06:25:29.492+0000][4.156s][info ][gc,phases   ] GC(28)   Evacuate Collection Set: 6.1ms
[2025-06-05T06:25:29.492+0000][4.156s][info ][gc,phases   ] GC(28)   Post Evacuate Collection Set: 0.7ms
[2025-06-05T06:25:29.492+0000][4.157s][info ][gc,phases   ] GC(28)   Other: 0.2ms
[2025-06-05T06:25:29.492+0000][4.157s][info ][gc,heap     ] GC(28) Eden regions: 84->0(118)
[2025-06-05T06:25:29.492+0000][4.157s][info ][gc,heap     ] GC(28) Survivor regions: 8->10(16)
[2025-06-05T06:25:29.492+0000][4.157s][info ][gc,heap     ] GC(28) Old regions: 52->52
[2025-06-05T06:25:29.492+0000][4.157s][info ][gc,heap     ] GC(28) Archive regions: 2->2
[2025-06-05T06:25:29.492+0000][4.157s][info ][gc,heap     ] GC(28) Humongous regions: 0->0
[2025-06-05T06:25:29.492+0000][4.157s][info ][gc,metaspace] GC(28) Metaspace: 39752K(40128K)->39752K(40128K) NonClass: 34783K(34944K)->34783K(34944K) Class: 4968K(5184K)->4968K(5184K)
[2025-06-05T06:25:29.492+0000][4.157s][info ][gc          ] GC(28) Pause Young (Concurrent Start) (Metadata GC Threshold) 142M->61M(214M) 7.752ms
[2025-06-05T06:25:29.492+0000][4.157s][info ][gc,cpu      ] GC(28) User=0.01s Sys=0.00s Real=0.01s
[2025-06-05T06:25:29.492+0000][4.157s][info ][gc          ] GC(29) Concurrent Mark Cycle
[2025-06-05T06:25:29.492+0000][4.157s][info ][gc,marking  ] GC(29) Concurrent Clear Claimed Marks
[2025-06-05T06:25:29.492+0000][4.157s][info ][safepoint   ] Safepoint "CollectForMetadataAllocation", Time since last: 37997792 ns, Reaching safepoint: 186833 ns, Cleanup: 43167 ns, At safepoint: 7888125 ns, Total: 8118125 ns
[2025-06-05T06:25:29.492+0000][4.157s][info ][gc,marking  ] GC(29) Concurrent Clear Claimed Marks 0.128ms
[2025-06-05T06:25:29.493+0000][4.158s][info ][gc,marking  ] GC(29) Concurrent Scan Root Regions
[2025-06-05T06:25:29.498+0000][4.163s][info ][gc,marking  ] GC(29) Concurrent Scan Root Regions 4.650ms
[2025-06-05T06:25:29.498+0000][4.163s][info ][gc,marking  ] GC(29) Concurrent Mark
[2025-06-05T06:25:29.498+0000][4.163s][info ][gc,marking  ] GC(29) Concurrent Mark From Roots
[2025-06-05T06:25:29.498+0000][4.163s][info ][gc,task     ] GC(29) Using 1 workers of 1 for marking
[2025-06-05T06:25:29.534+0000][4.199s][info ][gc,marking  ] GC(29) Concurrent Mark From Roots 35.872ms
[2025-06-05T06:25:29.534+0000][4.199s][info ][gc,marking  ] GC(29) Concurrent Preclean
[2025-06-05T06:25:29.534+0000][4.199s][info ][gc,marking  ] GC(29) Concurrent Preclean 0.200ms
[2025-06-05T06:25:29.535+0000][4.199s][debug][safepoint   ] Safepoint synchronization initiated using futex wait barrier. (13 threads)
[2025-06-05T06:25:29.536+0000][4.201s][info ][gc,start    ] GC(29) Pause Remark
[2025-06-05T06:25:29.539+0000][4.203s][info ][gc          ] GC(29) Pause Remark 75M->75M(214M) 2.766ms
[2025-06-05T06:25:29.539+0000][4.204s][info ][gc,cpu      ] GC(29) User=0.00s Sys=0.00s Real=0.00s
[2025-06-05T06:25:29.539+0000][4.204s][info ][safepoint   ] Safepoint "G1PauseRemark", Time since last: 42451125 ns, Reaching safepoint: 1174208 ns, Cleanup: 27042 ns, At safepoint: 2947708 ns, Total: 4148958 ns
[2025-06-05T06:25:29.568+0000][4.233s][info ][gc,marking  ] GC(29) Concurrent Mark 70.328ms
[2025-06-05T06:25:29.569+0000][4.233s][info ][gc,marking  ] GC(29) Concurrent Rebuild Remembered Sets
[2025-06-05T06:25:29.593+0000][4.257s][info ][gc,marking  ] GC(29) Concurrent Rebuild Remembered Sets 23.952ms
[2025-06-05T06:25:29.593+0000][4.258s][debug][safepoint   ] Safepoint synchronization initiated using futex wait barrier. (13 threads)
[2025-06-05T06:25:29.593+0000][4.258s][debug][safepoint   ] ... found polling page loop exception at pc = 0x0000ffffa50d1118, stub =0x0000ffffa497ef00
[2025-06-05T06:25:29.594+0000][4.259s][info ][gc,start    ] GC(29) Pause Cleanup
[2025-06-05T06:25:29.594+0000][4.259s][info ][gc          ] GC(29) Pause Cleanup 87M->87M(214M) 0.134ms
[2025-06-05T06:25:29.594+0000][4.259s][info ][gc,cpu      ] GC(29) User=0.00s Sys=0.00s Real=0.00s
[2025-06-05T06:25:29.594+0000][4.259s][info ][safepoint   ] Safepoint "G1PauseCleanup", Time since last: 54100917 ns, Reaching safepoint: 849750 ns, Cleanup: 12375 ns, At safepoint: 258708 ns, Total: 1120833 ns
[2025-06-05T06:25:29.595+0000][4.260s][info ][gc,marking  ] GC(29) Concurrent Cleanup for Next Mark
[2025-06-05T06:25:29.595+0000][4.260s][info ][gc,marking  ] GC(29) Concurrent Cleanup for Next Mark 0.497ms
[2025-06-05T06:25:29.595+0000][4.260s][info ][gc          ] GC(29) Concurrent Mark Cycle 103.277ms
[2025-06-05T06:25:29.796+0000][4.461s][debug][safepoint   ] Safepoint synchronization initiated using futex wait barrier. (13 threads)
[2025-06-05T06:25:29.797+0000][4.462s][info ][safepoint   ] Safepoint "ICBufferFull", Time since last: 202520584 ns, Reaching safepoint: 191041 ns, Cleanup: 84875 ns, At safepoint: 6834 ns, Total: 282750 ns
[2025-06-05T06:25:29.826+0000][4.491s][debug][safepoint   ] Safepoint synchronization initiated using futex wait barrier. (13 threads)
[2025-06-05T06:25:29.826+0000][4.491s][info ][gc,start    ] GC(30) Pause Young (Prepare Mixed) (G1 Evacuation Pause)
[2025-06-05T06:25:29.826+0000][4.491s][info ][gc,task     ] GC(30) Using 2 workers of 2 for evacuation
[2025-06-05T06:25:29.834+0000][4.499s][info ][gc,phases   ] GC(30)   Pre Evacuate Collection Set: 0.1ms
[2025-06-05T06:25:29.834+0000][4.499s][info ][gc,phases   ] GC(30)   Merge Heap Roots: 0.1ms
[2025-06-05T06:25:29.834+0000][4.499s][info ][gc,phases   ] GC(30)   Evacuate Collection Set: 6.7ms
[2025-06-05T06:25:29.834+0000][4.499s][info ][gc,phases   ] GC(30)   Post Evacuate Collection Set: 0.7ms
[2025-06-05T06:25:29.834+0000][4.499s][info ][gc,phases   ] GC(30)   Other: 0.2ms
[2025-06-05T06:25:29.834+0000][4.499s][info ][gc,heap     ] GC(30) Eden regions: 118->0(1)
[2025-06-05T06:25:29.834+0000][4.499s][info ][gc,heap     ] GC(30) Survivor regions: 10->9(16)
[2025-06-05T06:25:29.834+0000][4.499s][info ][gc,heap     ] GC(30) Old regions: 52->53
[2025-06-05T06:25:29.834+0000][4.499s][info ][gc,heap     ] GC(30) Archive regions: 2->2
[2025-06-05T06:25:29.834+0000][4.499s][info ][gc,heap     ] GC(30) Humongous regions: 0->0
[2025-06-05T06:25:29.834+0000][4.499s][info ][gc,metaspace] GC(30) Metaspace: 41727K(42112K)->41727K(42112K) NonClass: 36466K(36672K)->36466K(36672K) Class: 5261K(5440K)->5261K(5440K)
[2025-06-05T06:25:29.834+0000][4.499s][info ][gc          ] GC(30) Pause Young (Prepare Mixed) (G1 Evacuation Pause) 179M->61M(214M) 8.343ms
[2025-06-05T06:25:29.834+0000][4.499s][info ][gc,cpu      ] GC(30) User=0.02s Sys=0.00s Real=0.01s
[2025-06-05T06:25:29.834+0000][4.499s][info ][safepoint   ] Safepoint "G1CollectForAllocation", Time since last: 29087333 ns, Reaching safepoint: 174917 ns, Cleanup: 31583 ns, At safepoint: 8455750 ns, Total: 8662250 ns
[2025-06-05T06:25:29.839+0000][4.503s][debug][safepoint   ] Safepoint synchronization initiated using futex wait barrier. (13 threads)
[2025-06-05T06:25:29.839+0000][4.504s][info ][gc,start    ] GC(31) Pause Young (Mixed) (G1 Evacuation Pause)
[2025-06-05T06:25:29.839+0000][4.504s][info ][gc,task     ] GC(31) Using 2 workers of 2 for evacuation
[2025-06-05T06:25:29.846+0000][4.511s][info ][gc,phases   ] GC(31)   Pre Evacuate Collection Set: 0.1ms
[2025-06-05T06:25:29.846+0000][4.511s][info ][gc,phases   ] GC(31)   Merge Heap Roots: 0.1ms
[2025-06-05T06:25:29.846+0000][4.511s][info ][gc,phases   ] GC(31)   Evacuate Collection Set: 6.4ms
[2025-06-05T06:25:29.846+0000][4.511s][info ][gc,phases   ] GC(31)   Post Evacuate Collection Set: 0.6ms
[2025-06-05T06:25:29.846+0000][4.511s][info ][gc,phases   ] GC(31)   Other: 0.2ms
[2025-06-05T06:25:29.846+0000][4.511s][info ][gc,heap     ] GC(31) Eden regions: 1->0(122)
[2025-06-05T06:25:29.846+0000][4.511s][info ][gc,heap     ] GC(31) Survivor regions: 9->1(2)
[2025-06-05T06:25:29.847+0000][4.511s][info ][gc,heap     ] GC(31) Old regions: 53->59
[2025-06-05T06:25:29.847+0000][4.511s][info ][gc,heap     ] GC(31) Archive regions: 2->2
[2025-06-05T06:25:29.847+0000][4.511s][info ][gc,heap     ] GC(31) Humongous regions: 0->0
[2025-06-05T06:25:29.847+0000][4.512s][info ][gc,metaspace] GC(31) Metaspace: 41738K(42176K)->41738K(42176K) NonClass: 36474K(36736K)->36474K(36736K) Class: 5263K(5440K)->5263K(5440K)
[2025-06-05T06:25:29.847+0000][4.512s][info ][gc          ] GC(31) Pause Young (Mixed) (G1 Evacuation Pause) 62M->60M(214M) 8.015ms
[2025-06-05T06:25:29.847+0000][4.512s][info ][gc,cpu      ] GC(31) User=0.02s Sys=0.00s Real=0.01s
[2025-06-05T06:25:29.847+0000][4.512s][info ][safepoint   ] Safepoint "G1CollectForAllocation", Time since last: 4105583 ns, Reaching safepoint: 102709 ns, Cleanup: 2625 ns, At safepoint: 8132291 ns, Total: 8237625 ns
[2025-06-05T06:25:30.006+0000][4.671s][debug][safepoint   ] Safepoint synchronization initiated using futex wait barrier. (13 threads)
[2025-06-05T06:25:30.006+0000][4.671s][info ][safepoint   ] Safepoint "ICBufferFull", Time since last: 159029459 ns, Reaching safepoint: 207083 ns, Cleanup: 91750 ns, At safepoint: 5459 ns, Total: 304292 ns
[2025-06-05T06:25:30.170+0000][4.835s][debug][safepoint   ] Safepoint synchronization initiated using futex wait barrier. (13 threads)
[2025-06-05T06:25:30.170+0000][4.835s][info ][safepoint   ] Safepoint "ICBufferFull", Time since last: 163888041 ns, Reaching safepoint: 207834 ns, Cleanup: 75000 ns, At safepoint: 1750 ns, Total: 284584 ns
[2025-06-05T06:25:30.202+0000][4.867s][debug][safepoint   ] Safepoint synchronization initiated using futex wait barrier. (13 threads)
[2025-06-05T06:25:30.203+0000][4.868s][info ][gc,start    ] GC(32) Pause Young (Normal) (G1 Evacuation Pause)
[2025-06-05T06:25:30.203+0000][4.868s][info ][gc,task     ] GC(32) Using 2 workers of 2 for evacuation
[2025-06-05T06:25:30.207+0000][4.872s][info ][gc,phases   ] GC(32)   Pre Evacuate Collection Set: 0.1ms
[2025-06-05T06:25:30.207+0000][4.872s][info ][gc,phases   ] GC(32)   Merge Heap Roots: 0.1ms
[2025-06-05T06:25:30.207+0000][4.872s][info ][gc,phases   ] GC(32)   Evacuate Collection Set: 2.7ms
[2025-06-05T06:25:30.207+0000][4.872s][info ][gc,phases   ] GC(32)   Post Evacuate Collection Set: 1.4ms
[2025-06-05T06:25:30.207+0000][4.872s][info ][gc,phases   ] GC(32)   Other: 0.2ms
[2025-06-05T06:25:30.207+0000][4.872s][info ][gc,heap     ] GC(32) Eden regions: 122->0(260)
[2025-06-05T06:25:30.208+0000][4.872s][info ][gc,heap     ] GC(32) Survivor regions: 1->2(16)
[2025-06-05T06:25:30.208+0000][4.872s][info ][gc,heap     ] GC(32) Old regions: 59->59
[2025-06-05T06:25:30.208+0000][4.872s][info ][gc,heap     ] GC(32) Archive regions: 2->2
[2025-06-05T06:25:30.208+0000][4.873s][info ][gc,heap     ] GC(32) Humongous regions: 0->0
[2025-06-05T06:25:30.208+0000][4.873s][info ][gc,metaspace] GC(32) Metaspace: 44740K(45120K)->44740K(45120K) NonClass: 39052K(39232K)->39052K(39232K) Class: 5687K(5888K)->5687K(5888K)
[2025-06-05T06:25:30.208+0000][4.873s][info ][gc          ] GC(32) Pause Young (Normal) (G1 Evacuation Pause) 182M->61M(438M) 5.028ms
[2025-06-05T06:25:30.208+0000][4.873s][info ][gc,cpu      ] GC(32) User=0.01s Sys=0.00s Real=0.00s
[2025-06-05T06:25:30.208+0000][4.873s][info ][safepoint   ] Safepoint "G1CollectForAllocation", Time since last: 31938541 ns, Reaching safepoint: 372084 ns, Cleanup: 54416 ns, At safepoint: 5139792 ns, Total: 5566292 ns
[2025-06-05T06:25:30.396+0000][5.061s][debug][safepoint   ] Safepoint synchronization initiated using futex wait barrier. (13 threads)
[2025-06-05T06:25:30.396+0000][5.061s][info ][safepoint   ] Safepoint "ICBufferFull", Time since last: 188066542 ns, Reaching safepoint: 199833 ns, Cleanup: 90958 ns, At safepoint: 1459 ns, Total: 292250 ns
[2025-06-05T06:25:30.535+0000][5.200s][debug][safepoint   ] Safepoint synchronization initiated using futex wait barrier. (13 threads)
[2025-06-05T06:25:30.535+0000][5.200s][info ][safepoint   ] Safepoint "ICBufferFull", Time since last: 138742916 ns, Reaching safepoint: 163292 ns, Cleanup: 89458 ns, At safepoint: 10250 ns, Total: 263000 ns
[2025-06-05T06:25:30.620+0000][5.284s][debug][safepoint   ] Safepoint synchronization initiated using futex wait barrier. (13 threads)
[2025-06-05T06:25:30.620+0000][5.285s][info ][safepoint   ] Safepoint "ICBufferFull", Time since last: 84331584 ns, Reaching safepoint: 197000 ns, Cleanup: 91875 ns, At safepoint: 5666 ns, Total: 294541 ns
[2025-06-05T06:25:30.780+0000][5.445s][debug][safepoint   ] Safepoint synchronization initiated using futex wait barrier. (15 threads)
[2025-06-05T06:25:30.780+0000][5.445s][info ][safepoint   ] Safepoint "ICBufferFull", Time since last: 160003001 ns, Reaching safepoint: 162625 ns, Cleanup: 81375 ns, At safepoint: 1250 ns, Total: 245250 ns
[2025-06-05T06:25:31.788+0000][6.453s][debug][safepoint   ] Safepoint synchronization initiated using futex wait barrier. (15 threads)
[2025-06-05T06:25:31.789+0000][6.454s][info ][safepoint   ] Safepoint "Cleanup", Time since last: 1007944749 ns, Reaching safepoint: 1093542 ns, Cleanup: 107208 ns, At safepoint: 18208 ns, Total: 1218958 ns
[2025-06-05T06:25:31.853+0000][6.518s][debug][safepoint   ] Safepoint synchronization initiated using futex wait barrier. (15 threads)
[2025-06-05T06:25:31.853+0000][6.519s][info ][safepoint   ] Safepoint "ICBufferFull", Time since last: 64070042 ns, Reaching safepoint: 190833 ns, Cleanup: 113375 ns, At safepoint: 7750 ns, Total: 311958 ns
[2025-06-05T06:25:31.925+0000][6.590s][debug][safepoint   ] Safepoint synchronization initiated using futex wait barrier. (15 threads)
[2025-06-05T06:25:31.926+0000][6.591s][info ][safepoint   ] Safepoint "ICBufferFull", Time since last: 71813375 ns, Reaching safepoint: 180250 ns, Cleanup: 108250 ns, At safepoint: 1417 ns, Total: 289917 ns
[2025-06-05T06:25:32.072+0000][6.737s][debug][safepoint   ] Safepoint synchronization initiated using futex wait barrier. (15 threads)
[2025-06-05T06:25:32.072+0000][6.737s][info ][gc,start    ] GC(33) Pause Young (Normal) (G1 Evacuation Pause)
[2025-06-05T06:25:32.072+0000][6.737s][info ][gc,task     ] GC(33) Using 2 workers of 2 for evacuation
[2025-06-05T06:25:32.082+0000][6.747s][info ][gc,phases   ] GC(33)   Pre Evacuate Collection Set: 0.1ms
[2025-06-05T06:25:32.082+0000][6.747s][info ][gc,phases   ] GC(33)   Merge Heap Roots: 0.1ms
[2025-06-05T06:25:32.082+0000][6.747s][info ][gc,phases   ] GC(33)   Evacuate Collection Set: 8.2ms
[2025-06-05T06:25:32.082+0000][6.747s][info ][gc,phases   ] GC(33)   Post Evacuate Collection Set: 1.0ms
[2025-06-05T06:25:32.082+0000][6.747s][info ][gc,phases   ] GC(33)   Other: 0.2ms
[2025-06-05T06:25:32.082+0000][6.747s][info ][gc,heap     ] GC(33) Eden regions: 260->0(253)
[2025-06-05T06:25:32.082+0000][6.747s][info ][gc,heap     ] GC(33) Survivor regions: 2->9(33)
[2025-06-05T06:25:32.082+0000][6.747s][info ][gc,heap     ] GC(33) Old regions: 59->59
[2025-06-05T06:25:32.082+0000][6.747s][info ][gc,heap     ] GC(33) Archive regions: 2->2
[2025-06-05T06:25:32.082+0000][6.747s][info ][gc,heap     ] GC(33) Humongous regions: 0->0
[2025-06-05T06:25:32.082+0000][6.747s][info ][gc,metaspace] GC(33) Metaspace: 55750K(56192K)->55750K(56192K) NonClass: 48726K(48960K)->48726K(48960K) Class: 7024K(7232K)->7024K(7232K)
[2025-06-05T06:25:32.082+0000][6.748s][info ][gc          ] GC(33) Pause Young (Normal) (G1 Evacuation Pause) 321M->67M(438M) 10.286ms
[2025-06-05T06:25:32.083+0000][6.748s][info ][gc,cpu      ] GC(33) User=0.03s Sys=0.00s Real=0.01s
[2025-06-05T06:25:32.083+0000][6.748s][info ][safepoint   ] Safepoint "G1CollectForAllocation", Time since last: 146371000 ns, Reaching safepoint: 127250 ns, Cleanup: 94709 ns, At safepoint: 10402208 ns, Total: 10624167 ns
[2025-06-05T06:25:32.197+0000][6.862s][debug][safepoint   ] Safepoint synchronization initiated using futex wait barrier. (15 threads)
[2025-06-05T06:25:32.199+0000][6.864s][info ][safepoint   ] Safepoint "ICBufferFull", Time since last: 113982375 ns, Reaching safepoint: 2061583 ns, Cleanup: 101417 ns, At safepoint: 6625 ns, Total: 2169625 ns
[2025-06-05T06:25:32.459+0000][7.124s][debug][safepoint   ] Safepoint synchronization initiated using futex wait barrier. (18 threads)
[2025-06-05T06:25:32.459+0000][7.124s][info ][safepoint   ] Safepoint "ICBufferFull", Time since last: 260204042 ns, Reaching safepoint: 215083 ns, Cleanup: 108583 ns, At safepoint: 5792 ns, Total: 329458 ns
[2025-06-05T06:25:32.535+0000][7.200s][debug][safepoint   ] Safepoint synchronization initiated using futex wait barrier. (18 threads)
[2025-06-05T06:25:32.535+0000][7.201s][info ][safepoint   ] Safepoint "ICBufferFull", Time since last: 76028000 ns, Reaching safepoint: 91542 ns, Cleanup: 99083 ns, At safepoint: 8000 ns, Total: 198625 ns
[2025-06-05T06:25:32.649+0000][7.314s][debug][safepoint   ] Safepoint synchronization initiated using futex wait barrier. (18 threads)
[2025-06-05T06:25:32.649+0000][7.314s][info ][gc,start    ] GC(34) Pause Young (Normal) (G1 Evacuation Pause)
[2025-06-05T06:25:32.649+0000][7.314s][info ][gc,task     ] GC(34) Using 2 workers of 2 for evacuation
[2025-06-05T06:25:32.670+0000][7.335s][info ][gc,phases   ] GC(34)   Pre Evacuate Collection Set: 0.1ms
[2025-06-05T06:25:32.671+0000][7.336s][info ][gc,phases   ] GC(34)   Merge Heap Roots: 0.1ms
[2025-06-05T06:25:32.671+0000][7.336s][info ][gc,phases   ] GC(34)   Evacuate Collection Set: 20.2ms
[2025-06-05T06:25:32.671+0000][7.336s][info ][gc,phases   ] GC(34)   Post Evacuate Collection Set: 0.9ms
[2025-06-05T06:25:32.671+0000][7.336s][info ][gc,phases   ] GC(34)   Other: 0.1ms
[2025-06-05T06:25:32.671+0000][7.336s][info ][gc,heap     ] GC(34) Eden regions: 253->0(251)
[2025-06-05T06:25:32.671+0000][7.336s][info ][gc,heap     ] GC(34) Survivor regions: 9->11(33)
[2025-06-05T06:25:32.671+0000][7.336s][info ][gc,heap     ] GC(34) Old regions: 59->59
[2025-06-05T06:25:32.671+0000][7.336s][info ][gc,heap     ] GC(34) Archive regions: 2->2
[2025-06-05T06:25:32.671+0000][7.336s][info ][gc,heap     ] GC(34) Humongous regions: 0->0
[2025-06-05T06:25:32.671+0000][7.336s][info ][gc,metaspace] GC(34) Metaspace: 63598K(64064K)->63598K(64064K) NonClass: 55551K(55808K)->55551K(55808K) Class: 8046K(8256K)->8046K(8256K)
[2025-06-05T06:25:32.671+0000][7.336s][info ][gc          ] GC(34) Pause Young (Normal) (G1 Evacuation Pause) 320M->69M(438M) 22.025ms
[2025-06-05T06:25:32.671+0000][7.336s][info ][gc,cpu      ] GC(34) User=0.01s Sys=0.00s Real=0.03s
[2025-06-05T06:25:32.671+0000][7.336s][info ][safepoint   ] Safepoint "G1CollectForAllocation", Time since last: 113115792 ns, Reaching safepoint: 214166 ns, Cleanup: 64000 ns, At safepoint: 22133250 ns, Total: 22411416 ns
[2025-06-05T06:25:32.893+0000][7.558s][debug][safepoint   ] Safepoint synchronization initiated using futex wait barrier. (18 threads)
[2025-06-05T06:25:32.894+0000][7.559s][info ][gc,start    ] GC(35) Pause Young (Concurrent Start) (Metadata GC Threshold)
[2025-06-05T06:25:32.894+0000][7.559s][info ][gc,task     ] GC(35) Using 2 workers of 2 for evacuation
[2025-06-05T06:25:32.903+0000][7.568s][info ][gc,phases   ] GC(35)   Pre Evacuate Collection Set: 0.1ms
[2025-06-05T06:25:32.903+0000][7.568s][info ][gc,phases   ] GC(35)   Merge Heap Roots: 0.1ms
[2025-06-05T06:25:32.903+0000][7.568s][info ][gc,phases   ] GC(35)   Evacuate Collection Set: 7.9ms
[2025-06-05T06:25:32.903+0000][7.568s][info ][gc,phases   ] GC(35)   Post Evacuate Collection Set: 0.8ms
[2025-06-05T06:25:32.903+0000][7.568s][info ][gc,phases   ] GC(35)   Other: 0.2ms
[2025-06-05T06:25:32.903+0000][7.568s][info ][gc,heap     ] GC(35) Eden regions: 123->0(250)
[2025-06-05T06:25:32.903+0000][7.568s][info ][gc,heap     ] GC(35) Survivor regions: 11->12(33)
[2025-06-05T06:25:32.903+0000][7.569s][info ][gc,heap     ] GC(35) Old regions: 59->59
[2025-06-05T06:25:32.904+0000][7.569s][info ][gc,heap     ] GC(35) Archive regions: 2->2
[2025-06-05T06:25:32.904+0000][7.569s][info ][gc,heap     ] GC(35) Humongous regions: 0->0
[2025-06-05T06:25:32.904+0000][7.569s][info ][gc,metaspace] GC(35) Metaspace: 67011K(67456K)->67011K(67456K) NonClass: 58454K(58688K)->58454K(58688K) Class: 8557K(8768K)->8557K(8768K)
[2025-06-05T06:25:32.904+0000][7.569s][info ][gc          ] GC(35) Pause Young (Concurrent Start) (Metadata GC Threshold) 192M->70M(438M) 9.718ms
[2025-06-05T06:25:32.904+0000][7.569s][info ][gc,cpu      ] GC(35) User=0.02s Sys=0.00s Real=0.01s
[2025-06-05T06:25:32.904+0000][7.569s][info ][gc          ] GC(36) Concurrent Mark Cycle
[2025-06-05T06:25:32.904+0000][7.569s][info ][gc,marking  ] GC(36) Concurrent Clear Claimed Marks
[2025-06-05T06:25:32.904+0000][7.569s][info ][safepoint   ] Safepoint "CollectForMetadataAllocation", Time since last: 221944876 ns, Reaching safepoint: 181625 ns, Cleanup: 771958 ns, At safepoint: 9858583 ns, Total: 10812166 ns
[2025-06-05T06:25:32.904+0000][7.569s][info ][gc,marking  ] GC(36) Concurrent Clear Claimed Marks 0.118ms
[2025-06-05T06:25:32.908+0000][7.573s][info ][gc,marking  ] GC(36) Concurrent Scan Root Regions
[2025-06-05T06:25:32.914+0000][7.579s][info ][gc,marking  ] GC(36) Concurrent Scan Root Regions 5.937ms
[2025-06-05T06:25:32.914+0000][7.579s][info ][gc,marking  ] GC(36) Concurrent Mark
[2025-06-05T06:25:32.914+0000][7.579s][info ][gc,marking  ] GC(36) Concurrent Mark From Roots
[2025-06-05T06:25:32.914+0000][7.579s][info ][gc,task     ] GC(36) Using 1 workers of 1 for marking
[2025-06-05T06:25:32.925+0000][7.590s][debug][safepoint   ] Safepoint synchronization initiated using futex wait barrier. (18 threads)
[2025-06-05T06:25:32.925+0000][7.590s][info ][safepoint   ] Safepoint "CollectForMetadataAllocation", Time since last: 21081959 ns, Reaching safepoint: 177666 ns, Cleanup: 24459 ns, At safepoint: 30583 ns, Total: 232708 ns
[2025-06-05T06:25:32.944+0000][7.609s][debug][safepoint   ] Safepoint synchronization initiated using futex wait barrier. (18 threads)
[2025-06-05T06:25:32.944+0000][7.609s][info ][safepoint   ] Safepoint "CollectForMetadataAllocation", Time since last: 18998625 ns, Reaching safepoint: 182458 ns, Cleanup: 19584 ns, At safepoint: 21916 ns, Total: 223958 ns
[2025-06-05T06:25:32.957+0000][7.623s][info ][gc,marking  ] GC(36) Concurrent Mark From Roots 43.661ms
[2025-06-05T06:25:32.959+0000][7.624s][info ][gc,marking  ] GC(36) Concurrent Preclean
[2025-06-05T06:25:32.959+0000][7.624s][info ][gc,marking  ] GC(36) Concurrent Preclean 0.183ms
[2025-06-05T06:25:32.959+0000][7.624s][debug][safepoint   ] Safepoint synchronization initiated using futex wait barrier. (18 threads)
[2025-06-05T06:25:32.959+0000][7.624s][info ][gc,start    ] GC(36) Pause Remark
[2025-06-05T06:25:32.963+0000][7.628s][info ][gc          ] GC(36) Pause Remark 98M->98M(337M) 3.912ms
[2025-06-05T06:25:32.964+0000][7.629s][info ][gc,cpu      ] GC(36) User=0.01s Sys=0.00s Real=0.00s
[2025-06-05T06:25:32.964+0000][7.629s][info ][safepoint   ] Safepoint "G1PauseRemark", Time since last: 14471500 ns, Reaching safepoint: 650584 ns, Cleanup: 23708 ns, At safepoint: 4112417 ns, Total: 4786709 ns
[2025-06-05T06:25:32.964+0000][7.629s][info ][gc,marking  ] GC(36) Concurrent Mark 49.889ms
[2025-06-05T06:25:32.967+0000][7.633s][info ][gc,marking  ] GC(36) Concurrent Rebuild Remembered Sets
[2025-06-05T06:25:32.996+0000][7.661s][info ][gc,marking  ] GC(36) Concurrent Rebuild Remembered Sets 28.389ms
[2025-06-05T06:25:32.996+0000][7.661s][debug][safepoint   ] Safepoint synchronization initiated using futex wait barrier. (18 threads)
[2025-06-05T06:25:32.997+0000][7.662s][info ][gc,start    ] GC(36) Pause Cleanup
[2025-06-05T06:25:32.997+0000][7.662s][info ][gc          ] GC(36) Pause Cleanup 113M->113M(337M) 0.205ms
[2025-06-05T06:25:32.997+0000][7.662s][info ][gc,cpu      ] GC(36) User=0.00s Sys=0.00s Real=0.00s
[2025-06-05T06:25:32.997+0000][7.662s][info ][safepoint   ] Safepoint "G1PauseCleanup", Time since last: 32502291 ns, Reaching safepoint: 452167 ns, Cleanup: 62167 ns, At safepoint: 345500 ns, Total: 859834 ns
[2025-06-05T06:25:32.999+0000][7.664s][info ][gc,marking  ] GC(36) Concurrent Cleanup for Next Mark
[2025-06-05T06:25:32.999+0000][7.664s][info ][gc,marking  ] GC(36) Concurrent Cleanup for Next Mark 0.784ms
[2025-06-05T06:25:32.999+0000][7.664s][info ][gc          ] GC(36) Concurrent Mark Cycle 95.647ms
[2025-06-05T06:25:33.020+0000][7.685s][debug][safepoint   ] Safepoint synchronization initiated using futex wait barrier. (18 threads)
[2025-06-05T06:25:33.020+0000][7.685s][info ][safepoint   ] Safepoint "ICBufferFull", Time since last: 23008875 ns, Reaching safepoint: 162916 ns, Cleanup: 80625 ns, At safepoint: 1250 ns, Total: 244791 ns
[2025-06-05T06:25:33.095+0000][7.760s][debug][safepoint   ] Safepoint synchronization initiated using futex wait barrier. (18 threads)
[2025-06-05T06:25:33.096+0000][7.761s][info ][safepoint   ] Safepoint "ICBufferFull", Time since last: 74977500 ns, Reaching safepoint: 337292 ns, Cleanup: 82167 ns, At safepoint: 7166 ns, Total: 426625 ns
[2025-06-05T06:25:33.212+0000][7.877s][debug][safepoint   ] Safepoint synchronization initiated using futex wait barrier. (18 threads)
[2025-06-05T06:25:33.214+0000][7.879s][info ][safepoint   ] Safepoint "ICBufferFull", Time since last: 116804834 ns, Reaching safepoint: 1280083 ns, Cleanup: 92833 ns, At safepoint: 4375 ns, Total: 1377291 ns
[2025-06-05T06:25:33.364+0000][8.029s][debug][safepoint   ] Safepoint synchronization initiated using futex wait barrier. (18 threads)
[2025-06-05T06:25:33.364+0000][8.029s][info ][safepoint   ] Safepoint "ICBufferFull", Time since last: 149846375 ns, Reaching safepoint: 179292 ns, Cleanup: 91792 ns, At safepoint: 1541 ns, Total: 272625 ns
[2025-06-05T06:25:33.373+0000][8.038s][debug][safepoint   ] Safepoint synchronization initiated using futex wait barrier. (18 threads)
[2025-06-05T06:25:33.373+0000][8.038s][info ][gc,start    ] GC(37) Pause Young (Prepare Mixed) (G1 Evacuation Pause)
[2025-06-05T06:25:33.373+0000][8.038s][info ][gc,task     ] GC(37) Using 2 workers of 2 for evacuation
[2025-06-05T06:25:33.386+0000][8.051s][info ][gc,phases   ] GC(37)   Pre Evacuate Collection Set: 0.1ms
[2025-06-05T06:25:33.386+0000][8.051s][info ][gc,phases   ] GC(37)   Merge Heap Roots: 0.1ms
[2025-06-05T06:25:33.386+0000][8.051s][info ][gc,phases   ] GC(37)   Evacuate Collection Set: 11.4ms
[2025-06-05T06:25:33.386+0000][8.051s][info ][gc,phases   ] GC(37)   Post Evacuate Collection Set: 1.0ms
[2025-06-05T06:25:33.386+0000][8.051s][info ][gc,phases   ] GC(37)   Other: 0.2ms
[2025-06-05T06:25:33.386+0000][8.051s][info ][gc,heap     ] GC(37) Eden regions: 190->0(1)
[2025-06-05T06:25:33.386+0000][8.051s][info ][gc,heap     ] GC(37) Survivor regions: 12->15(26)
[2025-06-05T06:25:33.386+0000][8.051s][info ][gc,heap     ] GC(37) Old regions: 59->59
[2025-06-05T06:25:33.386+0000][8.051s][info ][gc,heap     ] GC(37) Archive regions: 2->2
[2025-06-05T06:25:33.386+0000][8.051s][info ][gc,heap     ] GC(37) Humongous regions: 0->0
[2025-06-05T06:25:33.386+0000][8.051s][info ][gc,metaspace] GC(37) Metaspace: 70842K(71296K)->70842K(71296K) NonClass: 61789K(62016K)->61789K(62016K) Class: 9052K(9280K)->9052K(9280K)
[2025-06-05T06:25:33.386+0000][8.051s][info ][gc          ] GC(37) Pause Young (Prepare Mixed) (G1 Evacuation Pause) 260M->74M(337M) 13.337ms
[2025-06-05T06:25:33.386+0000][8.051s][info ][gc,cpu      ] GC(37) User=0.03s Sys=0.00s Real=0.01s
[2025-06-05T06:25:33.386+0000][8.051s][info ][safepoint   ] Safepoint "G1CollectForAllocation", Time since last: 8749584 ns, Reaching safepoint: 137833 ns, Cleanup: 10875 ns, At safepoint: 13452208 ns, Total: 13600916 ns
[2025-06-05T06:25:33.389+0000][8.054s][debug][safepoint   ] Safepoint synchronization initiated using futex wait barrier. (18 threads)
[2025-06-05T06:25:33.389+0000][8.054s][info ][gc,start    ] GC(38) Pause Young (Mixed) (G1 Evacuation Pause)
[2025-06-05T06:25:33.389+0000][8.054s][info ][gc,task     ] GC(38) Using 2 workers of 2 for evacuation
[2025-06-05T06:25:33.402+0000][8.067s][info ][gc,phases   ] GC(38)   Pre Evacuate Collection Set: 0.1ms
[2025-06-05T06:25:33.402+0000][8.067s][info ][gc,phases   ] GC(38)   Merge Heap Roots: 0.1ms
[2025-06-05T06:25:33.402+0000][8.067s][info ][gc,phases   ] GC(38)   Evacuate Collection Set: 12.0ms
[2025-06-05T06:25:33.402+0000][8.067s][info ][gc,phases   ] GC(38)   Post Evacuate Collection Set: 0.8ms
[2025-06-05T06:25:33.402+0000][8.068s][info ][gc,phases   ] GC(38)   Other: 0.1ms
[2025-06-05T06:25:33.403+0000][8.068s][info ][gc,heap     ] GC(38) Eden regions: 1->0(201)
[2025-06-05T06:25:33.403+0000][8.068s][info ][gc,heap     ] GC(38) Survivor regions: 15->1(2)
[2025-06-05T06:25:33.403+0000][8.068s][info ][gc,heap     ] GC(38) Old regions: 59->73
[2025-06-05T06:25:33.403+0000][8.068s][info ][gc,heap     ] GC(38) Archive regions: 2->2
[2025-06-05T06:25:33.403+0000][8.068s][info ][gc,heap     ] GC(38) Humongous regions: 0->0
[2025-06-05T06:25:33.403+0000][8.068s][info ][gc,metaspace] GC(38) Metaspace: 70883K(71296K)->70883K(71296K) NonClass: 61822K(62016K)->61822K(62016K) Class: 9060K(9280K)->9060K(9280K)
[2025-06-05T06:25:33.403+0000][8.068s][info ][gc          ] GC(38) Pause Young (Mixed) (G1 Evacuation Pause) 75M->74M(337M) 13.682ms
[2025-06-05T06:25:33.403+0000][8.068s][info ][gc,cpu      ] GC(38) User=0.03s Sys=0.00s Real=0.02s
[2025-06-05T06:25:33.403+0000][8.068s][info ][safepoint   ] Safepoint "G1CollectForAllocation", Time since last: 2750167 ns, Reaching safepoint: 110583 ns, Cleanup: 2042 ns, At safepoint: 13818542 ns, Total: 13931167 ns
[2025-06-05T06:25:33.431+0000][8.096s][debug][safepoint   ] Safepoint synchronization initiated using futex wait barrier. (18 threads)
[2025-06-05T06:25:33.431+0000][8.096s][info ][safepoint   ] Safepoint "ICBufferFull", Time since last: 28166583 ns, Reaching safepoint: 169375 ns, Cleanup: 91250 ns, At safepoint: 6750 ns, Total: 267375 ns
[2025-06-05T06:25:33.475+0000][8.140s][debug][safepoint   ] Safepoint synchronization initiated using futex wait barrier. (18 threads)
[2025-06-05T06:25:33.476+0000][8.141s][info ][safepoint   ] Safepoint "ICBufferFull", Time since last: 43996625 ns, Reaching safepoint: 172709 ns, Cleanup: 100541 ns, At safepoint: 2000 ns, Total: 275250 ns
[2025-06-05T06:25:33.515+0000][8.180s][debug][safepoint   ] Safepoint synchronization initiated using futex wait barrier. (18 threads)
[2025-06-05T06:25:33.516+0000][8.181s][info ][safepoint   ] Safepoint "ICBufferFull", Time since last: 39667209 ns, Reaching safepoint: 187333 ns, Cleanup: 76417 ns, At safepoint: 2125 ns, Total: 265875 ns
[2025-06-05T06:25:33.796+0000][8.461s][debug][safepoint   ] Safepoint synchronization initiated using futex wait barrier. (18 threads)
[2025-06-05T06:25:33.796+0000][8.461s][info ][safepoint   ] Safepoint "ICBufferFull", Time since last: 280112708 ns, Reaching safepoint: 218875 ns, Cleanup: 76500 ns, At safepoint: 1583 ns, Total: 296958 ns
[2025-06-05T06:25:33.821+0000][8.486s][debug][safepoint   ] Safepoint synchronization initiated using futex wait barrier. (18 threads)
[2025-06-05T06:25:33.821+0000][8.486s][info ][gc,start    ] GC(39) Pause Young (Concurrent Start) (G1 Evacuation Pause)
[2025-06-05T06:25:33.821+0000][8.486s][info ][gc,task     ] GC(39) Using 2 workers of 2 for evacuation
[2025-06-05T06:25:33.826+0000][8.491s][info ][gc,phases   ] GC(39)   Pre Evacuate Collection Set: 0.1ms
[2025-06-05T06:25:33.826+0000][8.491s][info ][gc,phases   ] GC(39)   Merge Heap Roots: 0.1ms
[2025-06-05T06:25:33.826+0000][8.491s][info ][gc,phases   ] GC(39)   Evacuate Collection Set: 3.4ms
[2025-06-05T06:25:33.826+0000][8.491s][info ][gc,phases   ] GC(39)   Post Evacuate Collection Set: 0.7ms
[2025-06-05T06:25:33.826+0000][8.491s][info ][gc,phases   ] GC(39)   Other: 0.2ms
[2025-06-05T06:25:33.826+0000][8.491s][info ][gc,heap     ] GC(39) Eden regions: 201->0(200)
[2025-06-05T06:25:33.826+0000][8.491s][info ][gc,heap     ] GC(39) Survivor regions: 1->2(26)
[2025-06-05T06:25:33.826+0000][8.491s][info ][gc,heap     ] GC(39) Old regions: 73->73
[2025-06-05T06:25:33.826+0000][8.491s][info ][gc,heap     ] GC(39) Archive regions: 2->2
[2025-06-05T06:25:33.826+0000][8.491s][info ][gc,heap     ] GC(39) Humongous regions: 0->0
[2025-06-05T06:25:33.826+0000][8.491s][info ][gc,metaspace] GC(39) Metaspace: 77045K(77568K)->77045K(77568K) NonClass: 66998K(67264K)->66998K(67264K) Class: 10046K(10304K)->10046K(10304K)
[2025-06-05T06:25:33.826+0000][8.491s][info ][gc          ] GC(39) Pause Young (Concurrent Start) (G1 Evacuation Pause) 275M->75M(337M) 5.037ms
[2025-06-05T06:25:33.826+0000][8.491s][info ][gc,cpu      ] GC(39) User=0.01s Sys=0.00s Real=0.00s
[2025-06-05T06:25:33.826+0000][8.492s][info ][safepoint   ] Safepoint "G1CollectForAllocation", Time since last: 25156959 ns, Reaching safepoint: 167958 ns, Cleanup: 29417 ns, At safepoint: 5163541 ns, Total: 5360916 ns
[2025-06-05T06:25:33.827+0000][8.492s][info ][gc          ] GC(40) Concurrent Mark Cycle
[2025-06-05T06:25:33.831+0000][8.496s][info ][gc,marking  ] GC(40) Concurrent Clear Claimed Marks
[2025-06-05T06:25:33.831+0000][8.496s][info ][gc,marking  ] GC(40) Concurrent Clear Claimed Marks 0.158ms
[2025-06-05T06:25:33.831+0000][8.496s][info ][gc,marking  ] GC(40) Concurrent Scan Root Regions
[2025-06-05T06:25:33.833+0000][8.498s][info ][gc,marking  ] GC(40) Concurrent Scan Root Regions 1.958ms
[2025-06-05T06:25:33.833+0000][8.498s][info ][gc,marking  ] GC(40) Concurrent Mark
[2025-06-05T06:25:33.833+0000][8.498s][info ][gc,marking  ] GC(40) Concurrent Mark From Roots
[2025-06-05T06:25:33.833+0000][8.498s][info ][gc,task     ] GC(40) Using 1 workers of 1 for marking
[2025-06-05T06:25:33.889+0000][8.554s][info ][gc,marking  ] GC(40) Concurrent Mark From Roots 56.022ms
[2025-06-05T06:25:33.889+0000][8.554s][info ][gc,marking  ] GC(40) Concurrent Preclean
[2025-06-05T06:25:33.889+0000][8.554s][info ][gc,marking  ] GC(40) Concurrent Preclean 0.212ms
[2025-06-05T06:25:33.889+0000][8.554s][debug][safepoint   ] Safepoint synchronization initiated using futex wait barrier. (18 threads)
[2025-06-05T06:25:33.891+0000][8.556s][info ][gc,start    ] GC(40) Pause Remark
[2025-06-05T06:25:33.895+0000][8.560s][info ][gc          ] GC(40) Pause Remark 108M->108M(337M) 4.393ms
[2025-06-05T06:25:33.895+0000][8.560s][info ][gc,cpu      ] GC(40) User=0.00s Sys=0.01s Real=0.00s
[2025-06-05T06:25:33.895+0000][8.560s][info ][safepoint   ] Safepoint "G1PauseRemark", Time since last: 62974834 ns, Reaching safepoint: 1258708 ns, Cleanup: 43625 ns, At safepoint: 4590208 ns, Total: 5892541 ns
[2025-06-05T06:25:33.896+0000][8.561s][info ][gc,marking  ] GC(40) Concurrent Mark 62.779ms
[2025-06-05T06:25:33.896+0000][8.561s][info ][gc,marking  ] GC(40) Concurrent Rebuild Remembered Sets
[2025-06-05T06:25:33.937+0000][8.602s][info ][gc,marking  ] GC(40) Concurrent Rebuild Remembered Sets 40.896ms
[2025-06-05T06:25:33.937+0000][8.602s][debug][safepoint   ] Safepoint synchronization initiated using futex wait barrier. (18 threads)
[2025-06-05T06:25:33.939+0000][8.604s][info ][gc,start    ] GC(40) Pause Cleanup
[2025-06-05T06:25:33.939+0000][8.604s][info ][gc          ] GC(40) Pause Cleanup 130M->130M(337M) 0.146ms
[2025-06-05T06:25:33.939+0000][8.604s][info ][gc,cpu      ] GC(40) User=0.00s Sys=0.00s Real=0.00s
[2025-06-05T06:25:33.939+0000][8.604s][info ][safepoint   ] Safepoint "G1PauseCleanup", Time since last: 41495375 ns, Reaching safepoint: 1868209 ns, Cleanup: 48541 ns, At safepoint: 259209 ns, Total: 2175959 ns
[2025-06-05T06:25:33.940+0000][8.605s][info ][gc,marking  ] GC(40) Concurrent Cleanup for Next Mark
[2025-06-05T06:25:33.940+0000][8.605s][info ][gc,marking  ] GC(40) Concurrent Cleanup for Next Mark 0.481ms
[2025-06-05T06:25:33.940+0000][8.605s][info ][gc          ] GC(40) Concurrent Mark Cycle 113.707ms
[2025-06-05T06:25:33.975+0000][8.640s][debug][safepoint   ] Safepoint synchronization initiated using futex wait barrier. (18 threads)
[2025-06-05T06:25:33.975+0000][8.640s][info ][safepoint   ] Safepoint "ICBufferFull", Time since last: 35540708 ns, Reaching safepoint: 193542 ns, Cleanup: 81166 ns, At safepoint: 2084 ns, Total: 276792 ns
[2025-06-05T06:25:33.990+0000][8.655s][debug][safepoint   ] Safepoint synchronization initiated using futex wait barrier. (18 threads)
[2025-06-05T06:25:33.991+0000][8.656s][info ][safepoint   ] Safepoint "ICBufferFull", Time since last: 15519250 ns, Reaching safepoint: 156916 ns, Cleanup: 73459 ns, At safepoint: 5333 ns, Total: 235708 ns
[2025-06-05T06:25:34.002+0000][8.667s][debug][safepoint   ] Safepoint synchronization initiated using futex wait barrier. (18 threads)
[2025-06-05T06:25:34.003+0000][8.668s][info ][safepoint   ] Safepoint "ICBufferFull", Time since last: 11692750 ns, Reaching safepoint: 150708 ns, Cleanup: 104792 ns, At safepoint: 1750 ns, Total: 257250 ns
[2025-06-05T06:25:34.016+0000][8.681s][debug][safepoint   ] Safepoint synchronization initiated using futex wait barrier. (18 threads)
[2025-06-05T06:25:34.016+0000][8.681s][info ][safepoint   ] Safepoint "ICBufferFull", Time since last: 13014333 ns, Reaching safepoint: 158334 ns, Cleanup: 55875 ns, At safepoint: 1375 ns, Total: 215584 ns
[2025-06-05T06:25:34.029+0000][8.694s][debug][safepoint   ] Safepoint synchronization initiated using futex wait barrier. (18 threads)
[2025-06-05T06:25:34.030+0000][8.695s][info ][safepoint   ] Safepoint "ICBufferFull", Time since last: 13639750 ns, Reaching safepoint: 175791 ns, Cleanup: 71875 ns, At safepoint: 4459 ns, Total: 252125 ns
[2025-06-05T06:25:34.072+0000][8.738s][debug][safepoint   ] Safepoint synchronization initiated using futex wait barrier. (18 threads)
[2025-06-05T06:25:34.074+0000][8.739s][info ][safepoint   ] Safepoint "ICBufferFull", Time since last: 42827625 ns, Reaching safepoint: 1010875 ns, Cleanup: 109208 ns, At safepoint: 18833 ns, Total: 1138916 ns
[2025-06-05T06:25:34.101+0000][8.766s][debug][safepoint   ] Safepoint synchronization initiated using futex wait barrier. (18 threads)
[2025-06-05T06:25:34.101+0000][8.766s][info ][safepoint   ] Safepoint "ICBufferFull", Time since last: 27514084 ns, Reaching safepoint: 178625 ns, Cleanup: 104917 ns, At safepoint: 7708 ns, Total: 291250 ns
[2025-06-05T06:25:34.126+0000][8.791s][debug][safepoint   ] Safepoint synchronization initiated using futex wait barrier. (18 threads)
[2025-06-05T06:25:34.126+0000][8.791s][info ][safepoint   ] Safepoint "ICBufferFull", Time since last: 24291708 ns, Reaching safepoint: 177292 ns, Cleanup: 82750 ns, At safepoint: 4583 ns, Total: 264625 ns
[2025-06-05T06:25:34.192+0000][8.857s][debug][safepoint   ] Safepoint synchronization initiated using futex wait barrier. (18 threads)
[2025-06-05T06:25:34.192+0000][8.857s][info ][safepoint   ] Safepoint "ICBufferFull", Time since last: 65603500 ns, Reaching safepoint: 199209 ns, Cleanup: 79875 ns, At safepoint: 1541 ns, Total: 280625 ns
[2025-06-05T06:25:34.221+0000][8.886s][debug][safepoint   ] Safepoint synchronization initiated using futex wait barrier. (18 threads)
[2025-06-05T06:25:34.221+0000][8.886s][info ][safepoint   ] Safepoint "ICBufferFull", Time since last: 28685334 ns, Reaching safepoint: 204208 ns, Cleanup: 103083 ns, At safepoint: 5000 ns, Total: 312291 ns
[2025-06-05T06:25:34.310+0000][8.975s][debug][safepoint   ] Safepoint synchronization initiated using futex wait barrier. (18 threads)
[2025-06-05T06:25:34.310+0000][8.975s][info ][safepoint   ] Safepoint "ICBufferFull", Time since last: 89187375 ns, Reaching safepoint: 209917 ns, Cleanup: 77875 ns, At safepoint: 1500 ns, Total: 289292 ns
[2025-06-05T06:25:34.350+0000][9.015s][debug][safepoint   ] Safepoint synchronization initiated using futex wait barrier. (18 threads)
[2025-06-05T06:25:34.350+0000][9.015s][info ][gc,start    ] GC(41) Pause Young (Prepare Mixed) (G1 Evacuation Pause)
[2025-06-05T06:25:34.350+0000][9.015s][info ][gc,task     ] GC(41) Using 2 workers of 2 for evacuation
[2025-06-05T06:25:34.355+0000][9.020s][info ][gc,phases   ] GC(41)   Pre Evacuate Collection Set: 0.1ms
[2025-06-05T06:25:34.355+0000][9.020s][info ][gc,phases   ] GC(41)   Merge Heap Roots: 0.1ms
[2025-06-05T06:25:34.355+0000][9.020s][info ][gc,phases   ] GC(41)   Evacuate Collection Set: 4.3ms
[2025-06-05T06:25:34.355+0000][9.020s][info ][gc,phases   ] GC(41)   Post Evacuate Collection Set: 0.7ms
[2025-06-05T06:25:34.355+0000][9.020s][info ][gc,phases   ] GC(41)   Other: 0.2ms
[2025-06-05T06:25:34.355+0000][9.020s][info ][gc,heap     ] GC(41) Eden regions: 200->0(11)
[2025-06-05T06:25:34.355+0000][9.021s][info ][gc,heap     ] GC(41) Survivor regions: 2->5(26)
[2025-06-05T06:25:34.356+0000][9.021s][info ][gc,heap     ] GC(41) Old regions: 73->73
[2025-06-05T06:25:34.356+0000][9.021s][info ][gc,heap     ] GC(41) Archive regions: 2->2
[2025-06-05T06:25:34.356+0000][9.021s][info ][gc,heap     ] GC(41) Humongous regions: 0->0
[2025-06-05T06:25:34.356+0000][9.021s][info ][gc,metaspace] GC(41) Metaspace: 81333K(81792K)->81333K(81792K) NonClass: 70682K(70912K)->70682K(70912K) Class: 10650K(10880K)->10650K(10880K)
[2025-06-05T06:25:34.356+0000][9.021s][info ][gc          ] GC(41) Pause Young (Prepare Mixed) (G1 Evacuation Pause) 275M->77M(337M) 5.966ms
[2025-06-05T06:25:34.356+0000][9.021s][info ][gc,cpu      ] GC(41) User=0.01s Sys=0.00s Real=0.00s
[2025-06-05T06:25:34.356+0000][9.021s][info ][safepoint   ] Safepoint "G1CollectForAllocation", Time since last: 39182625 ns, Reaching safepoint: 166125 ns, Cleanup: 12667 ns, At safepoint: 6073083 ns, Total: 6251875 ns
[2025-06-05T06:25:34.379+0000][9.044s][debug][safepoint   ] Safepoint synchronization initiated using futex wait barrier. (18 threads)
[2025-06-05T06:25:34.379+0000][9.044s][info ][gc,start    ] GC(42) Pause Young (Mixed) (G1 Evacuation Pause)
[2025-06-05T06:25:34.379+0000][9.044s][info ][gc,task     ] GC(42) Using 2 workers of 2 for evacuation
[2025-06-05T06:25:34.385+0000][9.050s][info ][gc,phases   ] GC(42)   Pre Evacuate Collection Set: 0.1ms
[2025-06-05T06:25:34.385+0000][9.050s][info ][gc,phases   ] GC(42)   Merge Heap Roots: 0.1ms
[2025-06-05T06:25:34.385+0000][9.050s][info ][gc,phases   ] GC(42)   Evacuate Collection Set: 5.0ms
[2025-06-05T06:25:34.385+0000][9.050s][info ][gc,phases   ] GC(42)   Post Evacuate Collection Set: 0.7ms
[2025-06-05T06:25:34.385+0000][9.050s][info ][gc,phases   ] GC(42)   Other: 0.2ms
[2025-06-05T06:25:34.385+0000][9.051s][info ][gc,heap     ] GC(42) Eden regions: 11->0(201)
[2025-06-05T06:25:34.386+0000][9.051s][info ][gc,heap     ] GC(42) Survivor regions: 5->1(2)
[2025-06-05T06:25:34.386+0000][9.051s][info ][gc,heap     ] GC(42) Old regions: 73->76
[2025-06-05T06:25:34.386+0000][9.051s][info ][gc,heap     ] GC(42) Archive regions: 2->2
[2025-06-05T06:25:34.386+0000][9.051s][info ][gc,heap     ] GC(42) Humongous regions: 0->0
[2025-06-05T06:25:34.386+0000][9.051s][info ][gc,metaspace] GC(42) Metaspace: 81758K(82304K)->81758K(82304K) NonClass: 71036K(71360K)->71036K(71360K) Class: 10721K(10944K)->10721K(10944K)
[2025-06-05T06:25:34.386+0000][9.051s][info ][gc          ] GC(42) Pause Young (Mixed) (G1 Evacuation Pause) 88M->76M(337M) 6.548ms
[2025-06-05T06:25:34.386+0000][9.051s][info ][gc,cpu      ] GC(42) User=0.01s Sys=0.00s Real=0.01s
[2025-06-05T06:25:34.386+0000][9.051s][info ][safepoint   ] Safepoint "G1CollectForAllocation", Time since last: 23187708 ns, Reaching safepoint: 183417 ns, Cleanup: 7292 ns, At safepoint: 6670916 ns, Total: 6861625 ns
[2025-06-05T06:25:34.424+0000][9.089s][debug][safepoint   ] Safepoint synchronization initiated using futex wait barrier. (18 threads)
[2025-06-05T06:25:34.424+0000][9.089s][info ][safepoint   ] Safepoint "ICBufferFull", Time since last: 38135584 ns, Reaching safepoint: 193958 ns, Cleanup: 69292 ns, At safepoint: 4333 ns, Total: 267583 ns
[2025-06-05T06:25:34.555+0000][9.220s][debug][safepoint   ] Safepoint synchronization initiated using futex wait barrier. (18 threads)
[2025-06-05T06:25:34.555+0000][9.220s][info ][safepoint   ] Safepoint "ICBufferFull", Time since last: 130260875 ns, Reaching safepoint: 180875 ns, Cleanup: 108125 ns, At safepoint: 2000 ns, Total: 291000 ns
[2025-06-05T06:25:34.610+0000][9.275s][debug][safepoint   ] Safepoint synchronization initiated using futex wait barrier. (18 threads)
[2025-06-05T06:25:34.611+0000][9.276s][info ][safepoint   ] Safepoint "ICBufferFull", Time since last: 55542750 ns, Reaching safepoint: 208542 ns, Cleanup: 86250 ns, At safepoint: 7541 ns, Total: 302333 ns
[2025-06-05T06:25:34.722+0000][9.387s][debug][safepoint   ] Safepoint synchronization initiated using futex wait barrier. (18 threads)
[2025-06-05T06:25:34.722+0000][9.388s][info ][safepoint   ] Safepoint "ICBufferFull", Time since last: 111507542 ns, Reaching safepoint: 201708 ns, Cleanup: 126250 ns, At safepoint: 5250 ns, Total: 333208 ns
[2025-06-05T06:25:34.848+0000][9.513s][debug][safepoint   ] Safepoint synchronization initiated using futex wait barrier. (18 threads)
[2025-06-05T06:25:34.849+0000][9.514s][info ][safepoint   ] Safepoint "ICBufferFull", Time since last: 125863084 ns, Reaching safepoint: 184250 ns, Cleanup: 85917 ns, At safepoint: 1750 ns, Total: 271917 ns
[2025-06-05T06:25:34.917+0000][9.582s][debug][safepoint   ] Safepoint synchronization initiated using futex wait barrier. (18 threads)
[2025-06-05T06:25:34.917+0000][9.582s][info ][gc,start    ] GC(43) Pause Young (Normal) (G1 Evacuation Pause)
[2025-06-05T06:25:34.917+0000][9.582s][info ][gc,task     ] GC(43) Using 2 workers of 2 for evacuation
[2025-06-05T06:25:34.924+0000][9.589s][info ][gc,phases   ] GC(43)   Pre Evacuate Collection Set: 0.1ms
[2025-06-05T06:25:34.924+0000][9.589s][info ][gc,phases   ] GC(43)   Merge Heap Roots: 0.1ms
[2025-06-05T06:25:34.924+0000][9.589s][info ][gc,phases   ] GC(43)   Evacuate Collection Set: 5.5ms
[2025-06-05T06:25:34.924+0000][9.589s][info ][gc,phases   ] GC(43)   Post Evacuate Collection Set: 0.8ms
[2025-06-05T06:25:34.924+0000][9.589s][info ][gc,phases   ] GC(43)   Other: 0.2ms
[2025-06-05T06:25:34.924+0000][9.589s][info ][gc,heap     ] GC(43) Eden regions: 201->0(197)
[2025-06-05T06:25:34.924+0000][9.590s][info ][gc,heap     ] GC(43) Survivor regions: 1->5(26)
[2025-06-05T06:25:34.925+0000][9.590s][info ][gc,heap     ] GC(43) Old regions: 76->76
[2025-06-05T06:25:34.925+0000][9.590s][info ][gc,heap     ] GC(43) Archive regions: 2->2
[2025-06-05T06:25:34.925+0000][9.590s][info ][gc,heap     ] GC(43) Humongous regions: 0->0
[2025-06-05T06:25:34.925+0000][9.590s][info ][gc,metaspace] GC(43) Metaspace: 85046K(85568K)->85046K(85568K) NonClass: 74034K(74304K)->74034K(74304K) Class: 11011K(11264K)->11011K(11264K)
[2025-06-05T06:25:34.925+0000][9.590s][info ][gc          ] GC(43) Pause Young (Normal) (G1 Evacuation Pause) 277M->81M(337M) 7.390ms
[2025-06-05T06:25:34.925+0000][9.590s][info ][gc,cpu      ] GC(43) User=0.01s Sys=0.00s Real=0.01s
[2025-06-05T06:25:34.925+0000][9.590s][info ][safepoint   ] Safepoint "G1CollectForAllocation", Time since last: 68470708 ns, Reaching safepoint: 184375 ns, Cleanup: 61542 ns, At safepoint: 7514083 ns, Total: 7760000 ns
[2025-06-05T06:25:35.174+0000][9.839s][debug][safepoint   ] Safepoint synchronization initiated using futex wait barrier. (18 threads)
[2025-06-05T06:25:35.174+0000][9.839s][info ][safepoint   ] Safepoint "ICBufferFull", Time since last: 249050917 ns, Reaching safepoint: 186583 ns, Cleanup: 129208 ns, At safepoint: 4667 ns, Total: 320458 ns
[2025-06-05T06:25:35.408+0000][10.073s][debug][safepoint   ] Safepoint synchronization initiated using futex wait barrier. (22 threads)
[2025-06-05T06:25:35.409+0000][10.074s][info ][safepoint   ] Safepoint "ICBufferFull", Time since last: 234173208 ns, Reaching safepoint: 251417 ns, Cleanup: 104542 ns, At safepoint: 2458 ns, Total: 358417 ns
[2025-06-05T06:25:35.530+0000][10.195s][debug][safepoint   ] Safepoint synchronization initiated using futex wait barrier. (22 threads)
[2025-06-05T06:25:35.531+0000][10.196s][info ][gc,start    ] GC(44) Pause Young (Normal) (G1 Evacuation Pause)
[2025-06-05T06:25:35.531+0000][10.196s][info ][gc,task     ] GC(44) Using 2 workers of 2 for evacuation
[2025-06-05T06:25:35.539+0000][10.204s][info ][gc,phases   ] GC(44)   Pre Evacuate Collection Set: 0.1ms
[2025-06-05T06:25:35.540+0000][10.205s][info ][gc,phases   ] GC(44)   Merge Heap Roots: 0.1ms
[2025-06-05T06:25:35.540+0000][10.205s][info ][gc,phases   ] GC(44)   Evacuate Collection Set: 7.7ms
[2025-06-05T06:25:35.540+0000][10.205s][info ][gc,phases   ] GC(44)   Post Evacuate Collection Set: 0.9ms
[2025-06-05T06:25:35.540+0000][10.205s][info ][gc,phases   ] GC(44)   Other: 0.2ms
[2025-06-05T06:25:35.540+0000][10.205s][info ][gc,heap     ] GC(44) Eden regions: 197->0(192)
[2025-06-05T06:25:35.540+0000][10.205s][info ][gc,heap     ] GC(44) Survivor regions: 5->10(26)
[2025-06-05T06:25:35.540+0000][10.205s][info ][gc,heap     ] GC(44) Old regions: 76->76
[2025-06-05T06:25:35.540+0000][10.205s][info ][gc,heap     ] GC(44) Archive regions: 2->2
[2025-06-05T06:25:35.540+0000][10.205s][info ][gc,heap     ] GC(44) Humongous regions: 0->0
[2025-06-05T06:25:35.540+0000][10.205s][info ][gc,metaspace] GC(44) Metaspace: 88840K(89408K)->88840K(89408K) NonClass: 77517K(77824K)->77517K(77824K) Class: 11323K(11584K)->11323K(11584K)
[2025-06-05T06:25:35.540+0000][10.205s][info ][gc          ] GC(44) Pause Young (Normal) (G1 Evacuation Pause) 278M->86M(337M) 9.553ms
[2025-06-05T06:25:35.540+0000][10.205s][info ][gc,cpu      ] GC(44) User=0.02s Sys=0.00s Real=0.01s
[2025-06-05T06:25:35.540+0000][10.205s][info ][safepoint   ] Safepoint "G1CollectForAllocation", Time since last: 121540375 ns, Reaching safepoint: 213292 ns, Cleanup: 27500 ns, At safepoint: 9661708 ns, Total: 9902500 ns
[2025-06-05T06:25:35.647+0000][10.312s][debug][safepoint   ] ... found polling page loop exception at pc = 0x0000ffffa51da374, stub =0x0000ffffa497ef00
[2025-06-05T06:25:35.654+0000][10.319s][debug][safepoint   ] Safepoint synchronization initiated using futex wait barrier. (22 threads)
[2025-06-05T06:25:35.657+0000][10.322s][info ][safepoint   ] Safepoint "ICBufferFull", Time since last: 114155792 ns, Reaching safepoint: 2356958 ns, Cleanup: 118250 ns, At safepoint: 3000 ns, Total: 2478208 ns
[2025-06-05T06:25:35.825+0000][10.490s][debug][safepoint   ] Safepoint synchronization initiated using futex wait barrier. (22 threads)
[2025-06-05T06:25:35.825+0000][10.490s][info ][safepoint   ] Safepoint "ICBufferFull", Time since last: 168056959 ns, Reaching safepoint: 197750 ns, Cleanup: 90250 ns, At safepoint: 4666 ns, Total: 292666 ns
[2025-06-05T06:25:35.959+0000][10.624s][debug][safepoint   ] Safepoint synchronization initiated using futex wait barrier. (22 threads)
[2025-06-05T06:25:35.969+0000][10.634s][info ][safepoint   ] Safepoint "ICBufferFull", Time since last: 133513334 ns, Reaching safepoint: 9976125 ns, Cleanup: 94000 ns, At safepoint: 11583 ns, Total: 10081708 ns
[2025-06-05T06:25:35.980+0000][10.645s][debug][safepoint   ] Safepoint synchronization initiated using futex wait barrier. (22 threads)
[2025-06-05T06:25:35.981+0000][10.646s][info ][safepoint   ] Safepoint "ICBufferFull", Time since last: 11469292 ns, Reaching safepoint: 278375 ns, Cleanup: 108666 ns, At safepoint: 7834 ns, Total: 394875 ns
[2025-06-05T06:25:36.079+0000][10.744s][debug][safepoint   ] Safepoint synchronization initiated using futex wait barrier. (22 threads)
[2025-06-05T06:25:36.079+0000][10.744s][info ][gc,start    ] GC(45) Pause Young (Normal) (G1 Evacuation Pause)
[2025-06-05T06:25:36.079+0000][10.744s][info ][gc,task     ] GC(45) Using 2 workers of 2 for evacuation
[2025-06-05T06:25:36.091+0000][10.756s][info ][gc,phases   ] GC(45)   Pre Evacuate Collection Set: 0.1ms
[2025-06-05T06:25:36.091+0000][10.756s][info ][gc,phases   ] GC(45)   Merge Heap Roots: 0.1ms
[2025-06-05T06:25:36.091+0000][10.756s][info ][gc,phases   ] GC(45)   Evacuate Collection Set: 10.7ms
[2025-06-05T06:25:36.091+0000][10.756s][info ][gc,phases   ] GC(45)   Post Evacuate Collection Set: 1.2ms
[2025-06-05T06:25:36.091+0000][10.756s][info ][gc,phases   ] GC(45)   Other: 0.2ms
[2025-06-05T06:25:36.091+0000][10.757s][info ][gc,heap     ] GC(45) Eden regions: 192->0(187)
[2025-06-05T06:25:36.092+0000][10.757s][info ][gc,heap     ] GC(45) Survivor regions: 10->15(26)
[2025-06-05T06:25:36.092+0000][10.757s][info ][gc,heap     ] GC(45) Old regions: 76->76
[2025-06-05T06:25:36.092+0000][10.757s][info ][gc,heap     ] GC(45) Archive regions: 2->2
[2025-06-05T06:25:36.092+0000][10.757s][info ][gc,heap     ] GC(45) Humongous regions: 0->0
[2025-06-05T06:25:36.092+0000][10.757s][info ][gc,metaspace] GC(45) Metaspace: 94606K(95168K)->94606K(95168K) NonClass: 82393K(82688K)->82393K(82688K) Class: 12213K(12480K)->12213K(12480K)
[2025-06-05T06:25:36.092+0000][10.757s][info ][gc          ] GC(45) Pause Young (Normal) (G1 Evacuation Pause) 278M->90M(337M) 12.859ms
[2025-06-05T06:25:36.092+0000][10.757s][info ][gc,cpu      ] GC(45) User=0.03s Sys=0.00s Real=0.02s
[2025-06-05T06:25:36.092+0000][10.757s][info ][safepoint   ] Safepoint "G1CollectForAllocation", Time since last: 97954583 ns, Reaching safepoint: 214708 ns, Cleanup: 75917 ns, At safepoint: 12980875 ns, Total: 13271500 ns
[2025-06-05T06:25:36.444+0000][11.109s][debug][safepoint   ] Safepoint synchronization initiated using futex wait barrier. (22 threads)
[2025-06-05T06:25:36.445+0000][11.110s][info ][safepoint   ] Safepoint "ICBufferFull", Time since last: 352115792 ns, Reaching safepoint: 566208 ns, Cleanup: 114167 ns, At safepoint: 7542 ns, Total: 687917 ns
[2025-06-05T06:25:36.576+0000][11.241s][debug][safepoint   ] Safepoint synchronization initiated using futex wait barrier. (24 threads)
[2025-06-05T06:25:36.576+0000][11.241s][info ][gc,start    ] GC(46) Pause Young (Normal) (G1 Evacuation Pause)
[2025-06-05T06:25:36.576+0000][11.241s][info ][gc,task     ] GC(46) Using 2 workers of 2 for evacuation
[2025-06-05T06:25:36.589+0000][11.254s][info ][gc,phases   ] GC(46)   Pre Evacuate Collection Set: 0.1ms
[2025-06-05T06:25:36.590+0000][11.255s][info ][gc,phases   ] GC(46)   Merge Heap Roots: 0.1ms
[2025-06-05T06:25:36.590+0000][11.255s][info ][gc,phases   ] GC(46)   Evacuate Collection Set: 12.1ms
[2025-06-05T06:25:36.590+0000][11.255s][info ][gc,phases   ] GC(46)   Post Evacuate Collection Set: 0.9ms
[2025-06-05T06:25:36.590+0000][11.255s][info ][gc,phases   ] GC(46)   Other: 0.2ms
[2025-06-05T06:25:36.590+0000][11.255s][info ][gc,heap     ] GC(46) Eden regions: 187->0(189)
[2025-06-05T06:25:36.590+0000][11.255s][info ][gc,heap     ] GC(46) Survivor regions: 15->13(26)
[2025-06-05T06:25:36.590+0000][11.255s][info ][gc,heap     ] GC(46) Old regions: 76->80
[2025-06-05T06:25:36.590+0000][11.255s][info ][gc,heap     ] GC(46) Archive regions: 2->2
[2025-06-05T06:25:36.590+0000][11.255s][info ][gc,heap     ] GC(46) Humongous regions: 0->0
[2025-06-05T06:25:36.590+0000][11.255s][info ][gc,metaspace] GC(46) Metaspace: 99681K(100288K)->99681K(100288K) NonClass: 86645K(86976K)->86645K(86976K) Class: 13036K(13312K)->13036K(13312K)
[2025-06-05T06:25:36.590+0000][11.255s][info ][gc          ] GC(46) Pause Young (Normal) (G1 Evacuation Pause) 277M->92M(337M) 14.068ms
[2025-06-05T06:25:36.590+0000][11.255s][info ][gc,cpu      ] GC(46) User=0.02s Sys=0.00s Real=0.02s
[2025-06-05T06:25:36.590+0000][11.255s][info ][safepoint   ] Safepoint "G1CollectForAllocation", Time since last: 130989333 ns, Reaching safepoint: 193583 ns, Cleanup: 31625 ns, At safepoint: 14185792 ns, Total: 14411000 ns
[2025-06-05T06:25:36.856+0000][11.521s][debug][safepoint   ] Safepoint synchronization initiated using futex wait barrier. (26 threads)
[2025-06-05T06:25:36.856+0000][11.521s][info ][safepoint   ] Safepoint "ICBufferFull", Time since last: 265878375 ns, Reaching safepoint: 228917 ns, Cleanup: 101791 ns, At safepoint: 1750 ns, Total: 332458 ns
[2025-06-05T06:25:37.006+0000][11.671s][debug][safepoint   ] Safepoint synchronization initiated using futex wait barrier. (26 threads)
[2025-06-05T06:25:37.007+0000][11.672s][info ][safepoint   ] Safepoint "ICBufferFull", Time since last: 149949251 ns, Reaching safepoint: 286833 ns, Cleanup: 110500 ns, At safepoint: 6583 ns, Total: 403916 ns
[2025-06-05T06:25:37.123+0000][11.788s][debug][safepoint   ] Safepoint synchronization initiated using futex wait barrier. (26 threads)
[2025-06-05T06:25:37.123+0000][11.788s][info ][gc,start    ] GC(47) Pause Young (Normal) (G1 Evacuation Pause)
[2025-06-05T06:25:37.123+0000][11.788s][info ][gc,task     ] GC(47) Using 2 workers of 2 for evacuation
[2025-06-05T06:25:37.137+0000][11.802s][info ][gc,phases   ] GC(47)   Pre Evacuate Collection Set: 0.1ms
[2025-06-05T06:25:37.138+0000][11.803s][info ][gc,phases   ] GC(47)   Merge Heap Roots: 0.1ms
[2025-06-05T06:25:37.138+0000][11.803s][info ][gc,phases   ] GC(47)   Evacuate Collection Set: 12.6ms
[2025-06-05T06:25:37.138+0000][11.803s][info ][gc,phases   ] GC(47)   Post Evacuate Collection Set: 1.3ms
[2025-06-05T06:25:37.138+0000][11.803s][info ][gc,phases   ] GC(47)   Other: 0.2ms
[2025-06-05T06:25:37.138+0000][11.803s][info ][gc,heap     ] GC(47) Eden regions: 189->0(186)
[2025-06-05T06:25:37.138+0000][11.803s][info ][gc,heap     ] GC(47) Survivor regions: 13->16(26)
[2025-06-05T06:25:37.138+0000][11.803s][info ][gc,heap     ] GC(47) Old regions: 80->80
[2025-06-05T06:25:37.138+0000][11.803s][info ][gc,heap     ] GC(47) Archive regions: 2->2
[2025-06-05T06:25:37.138+0000][11.803s][info ][gc,heap     ] GC(47) Humongous regions: 0->0
[2025-06-05T06:25:37.138+0000][11.803s][info ][gc,metaspace] GC(47) Metaspace: 105321K(105984K)->105321K(105984K) NonClass: 91568K(91904K)->91568K(91904K) Class: 13752K(14080K)->13752K(14080K)
[2025-06-05T06:25:37.138+0000][11.803s][info ][gc          ] GC(47) Pause Young (Normal) (G1 Evacuation Pause) 281M->96M(337M) 14.897ms
[2025-06-05T06:25:37.138+0000][11.803s][info ][gc,cpu      ] GC(47) User=0.03s Sys=0.00s Real=0.01s
[2025-06-05T06:25:37.138+0000][11.803s][info ][safepoint   ] Safepoint "G1CollectForAllocation", Time since last: 116285500 ns, Reaching safepoint: 168709 ns, Cleanup: 55833 ns, At safepoint: 15076625 ns, Total: 15301167 ns
[2025-06-05T06:25:37.611+0000][12.276s][debug][safepoint   ] Safepoint synchronization initiated using futex wait barrier. (35 threads)
[2025-06-05T06:25:37.611+0000][12.276s][info ][safepoint   ] Safepoint "ICBufferFull", Time since last: 472797375 ns, Reaching safepoint: 239584 ns, Cleanup: 106166 ns, At safepoint: 4042 ns, Total: 349792 ns
[2025-06-05T06:25:37.672+0000][12.337s][debug][safepoint   ] Safepoint synchronization initiated using futex wait barrier. (35 threads)
[2025-06-05T06:25:37.672+0000][12.337s][info ][gc,start    ] GC(48) Pause Young (Normal) (G1 Evacuation Pause)
[2025-06-05T06:25:37.672+0000][12.337s][info ][gc,task     ] GC(48) Using 2 workers of 2 for evacuation
[2025-06-05T06:25:37.689+0000][12.354s][info ][gc,phases   ] GC(48)   Pre Evacuate Collection Set: 0.1ms
[2025-06-05T06:25:37.689+0000][12.355s][info ][gc,phases   ] GC(48)   Merge Heap Roots: 0.1ms
[2025-06-05T06:25:37.690+0000][12.355s][info ][gc,phases   ] GC(48)   Evacuate Collection Set: 15.8ms
[2025-06-05T06:25:37.690+0000][12.355s][info ][gc,phases   ] GC(48)   Post Evacuate Collection Set: 1.1ms
[2025-06-05T06:25:37.690+0000][12.355s][info ][gc,phases   ] GC(48)   Other: 0.2ms
[2025-06-05T06:25:37.690+0000][12.355s][info ][gc,heap     ] GC(48) Eden regions: 186->0(183)
[2025-06-05T06:25:37.690+0000][12.355s][info ][gc,heap     ] GC(48) Survivor regions: 16->17(26)
[2025-06-05T06:25:37.690+0000][12.355s][info ][gc,heap     ] GC(48) Old regions: 80->84
[2025-06-05T06:25:37.690+0000][12.355s][info ][gc,heap     ] GC(48) Archive regions: 2->2
[2025-06-05T06:25:37.690+0000][12.355s][info ][gc,heap     ] GC(48) Humongous regions: 0->0
[2025-06-05T06:25:37.690+0000][12.355s][info ][gc,metaspace] GC(48) Metaspace: 108457K(109120K)->108457K(109120K) NonClass: 94424K(94784K)->94424K(94784K) Class: 14033K(14336K)->14033K(14336K)
[2025-06-05T06:25:37.690+0000][12.355s][info ][gc          ] GC(48) Pause Young (Normal) (G1 Evacuation Pause) 282M->101M(337M) 17.937ms
[2025-06-05T06:25:37.690+0000][12.355s][info ][gc,cpu      ] GC(48) User=0.05s Sys=0.00s Real=0.02s
[2025-06-05T06:25:37.690+0000][12.355s][info ][safepoint   ] Safepoint "G1CollectForAllocation", Time since last: 60445292 ns, Reaching safepoint: 182875 ns, Cleanup: 17875 ns, At safepoint: 18079125 ns, Total: 18279875 ns
[2025-06-05T06:25:37.889+0000][12.554s][debug][safepoint   ] Safepoint synchronization initiated using futex wait barrier. (34 threads)
[2025-06-05T06:25:37.889+0000][12.554s][info ][safepoint   ] Safepoint "ICBufferFull", Time since last: 198615375 ns, Reaching safepoint: 204458 ns, Cleanup: 104875 ns, At safepoint: 4625 ns, Total: 313958 ns
[2025-06-05T06:25:38.040+0000][12.705s][debug][safepoint   ] Safepoint synchronization initiated using futex wait barrier. (35 threads)
[2025-06-05T06:25:38.040+0000][12.705s][info ][safepoint   ] Safepoint "ICBufferFull", Time since last: 150763208 ns, Reaching safepoint: 210250 ns, Cleanup: 83750 ns, At safepoint: 1750 ns, Total: 295750 ns
[2025-06-05T06:25:38.141+0000][12.806s][debug][safepoint   ] Safepoint synchronization initiated using futex wait barrier. (35 threads)
[2025-06-05T06:25:38.142+0000][12.807s][info ][gc,start    ] GC(49) Pause Young (Normal) (G1 Evacuation Pause)
[2025-06-05T06:25:38.142+0000][12.807s][info ][gc,task     ] GC(49) Using 2 workers of 2 for evacuation
[2025-06-05T06:25:38.158+0000][12.823s][info ][gc,phases   ] GC(49)   Pre Evacuate Collection Set: 0.1ms
[2025-06-05T06:25:38.158+0000][12.823s][info ][gc,phases   ] GC(49)   Merge Heap Roots: 0.1ms
[2025-06-05T06:25:38.158+0000][12.823s][info ][gc,phases   ] GC(49)   Evacuate Collection Set: 14.7ms
[2025-06-05T06:25:38.158+0000][12.823s][info ][gc,phases   ] GC(49)   Post Evacuate Collection Set: 1.2ms
[2025-06-05T06:25:38.158+0000][12.823s][info ][gc,phases   ] GC(49)   Other: 0.2ms
[2025-06-05T06:25:38.158+0000][12.823s][info ][gc,heap     ] GC(49) Eden regions: 183->0(180)
[2025-06-05T06:25:38.158+0000][12.823s][info ][gc,heap     ] GC(49) Survivor regions: 17->16(25)
[2025-06-05T06:25:38.158+0000][12.823s][info ][gc,heap     ] GC(49) Old regions: 84->89
[2025-06-05T06:25:38.158+0000][12.823s][info ][gc,heap     ] GC(49) Archive regions: 2->2
[2025-06-05T06:25:38.158+0000][12.823s][info ][gc,heap     ] GC(49) Humongous regions: 0->0
[2025-06-05T06:25:38.158+0000][12.823s][info ][gc,metaspace] GC(49) Metaspace: 113835K(114496K)->113835K(114496K) NonClass: 99229K(99584K)->99229K(99584K) Class: 14606K(14912K)->14606K(14912K)
[2025-06-05T06:25:38.158+0000][12.823s][info ][gc          ] GC(49) Pause Young (Normal) (G1 Evacuation Pause) 284M->104M(337M) 16.881ms
[2025-06-05T06:25:38.158+0000][12.824s][info ][gc,cpu      ] GC(49) User=0.03s Sys=0.00s Real=0.01s
[2025-06-05T06:25:38.159+0000][12.824s][info ][safepoint   ] Safepoint "G1CollectForAllocation", Time since last: 101198750 ns, Reaching safepoint: 222292 ns, Cleanup: 32208 ns, At safepoint: 17015500 ns, Total: 17270000 ns
[2025-06-05T06:25:38.296+0000][12.961s][debug][safepoint   ] Safepoint synchronization initiated using futex wait barrier. (35 threads)
[2025-06-05T06:25:38.297+0000][12.962s][info ][safepoint   ] Safepoint "ICBufferFull", Time since last: 137761542 ns, Reaching safepoint: 197959 ns, Cleanup: 91875 ns, At safepoint: 1333 ns, Total: 291167 ns
[2025-06-05T06:25:38.381+0000][13.046s][debug][safepoint   ] Safepoint synchronization initiated using futex wait barrier. (35 threads)
[2025-06-05T06:25:38.381+0000][13.046s][info ][safepoint   ] Safepoint "ICBufferFull", Time since last: 84325500 ns, Reaching safepoint: 185250 ns, Cleanup: 86042 ns, At safepoint: 7833 ns, Total: 279125 ns
[2025-06-05T06:25:38.442+0000][13.107s][debug][safepoint   ] Safepoint synchronization initiated using futex wait barrier. (35 threads)
[2025-06-05T06:25:38.443+0000][13.108s][info ][safepoint   ] Safepoint "ICBufferFull", Time since last: 60903917 ns, Reaching safepoint: 1077708 ns, Cleanup: 76000 ns, At safepoint: 1375 ns, Total: 1155083 ns
[2025-06-05T06:25:38.443+0000][13.109s][debug][safepoint   ] Safepoint synchronization initiated using futex wait barrier. (35 threads)
[2025-06-05T06:25:38.445+0000][13.110s][info ][safepoint   ] Safepoint "ICBufferFull", Time since last: 225792 ns, Reaching safepoint: 1204625 ns, Cleanup: 3875 ns, At safepoint: 7708 ns, Total: 1216208 ns
[2025-06-05T06:25:38.480+0000][13.145s][debug][safepoint   ] Safepoint synchronization initiated using futex wait barrier. (35 threads)
[2025-06-05T06:25:38.480+0000][13.145s][info ][safepoint   ] Safepoint "ICBufferFull", Time since last: 35335042 ns, Reaching safepoint: 200916 ns, Cleanup: 134834 ns, At safepoint: 2083 ns, Total: 337833 ns
[2025-06-05T06:25:38.604+0000][13.269s][debug][safepoint   ] Safepoint synchronization initiated using futex wait barrier. (35 threads)
[2025-06-05T06:25:38.604+0000][13.269s][info ][safepoint   ] Safepoint "ICBufferFull", Time since last: 123249000 ns, Reaching safepoint: 93042 ns, Cleanup: 135541 ns, At safepoint: 2125 ns, Total: 230708 ns
[2025-06-05T06:25:38.887+0000][13.552s][debug][safepoint   ] Safepoint synchronization initiated using futex wait barrier. (38 threads)
[2025-06-05T06:25:38.887+0000][13.552s][info ][safepoint   ] Safepoint "ICBufferFull", Time since last: 283133042 ns, Reaching safepoint: 234417 ns, Cleanup: 100500 ns, At safepoint: 1500 ns, Total: 336417 ns
[2025-06-05T06:25:38.939+0000][13.604s][debug][safepoint   ] Safepoint synchronization initiated using futex wait barrier. (38 threads)
[2025-06-05T06:25:38.939+0000][13.604s][info ][gc,start    ] GC(50) Pause Young (Normal) (G1 Evacuation Pause)
[2025-06-05T06:25:38.939+0000][13.604s][info ][gc,task     ] GC(50) Using 2 workers of 2 for evacuation
[2025-06-05T06:25:38.957+0000][13.622s][info ][gc,phases   ] GC(50)   Pre Evacuate Collection Set: 0.1ms
[2025-06-05T06:25:38.957+0000][13.622s][info ][gc,phases   ] GC(50)   Merge Heap Roots: 0.1ms
[2025-06-05T06:25:38.957+0000][13.622s][info ][gc,phases   ] GC(50)   Evacuate Collection Set: 15.5ms
[2025-06-05T06:25:38.957+0000][13.622s][info ][gc,phases   ] GC(50)   Post Evacuate Collection Set: 1.3ms
[2025-06-05T06:25:38.957+0000][13.622s][info ][gc,phases   ] GC(50)   Other: 0.3ms
[2025-06-05T06:25:38.957+0000][13.622s][info ][gc,heap     ] GC(50) Eden regions: 180->0(175)
[2025-06-05T06:25:38.957+0000][13.622s][info ][gc,heap     ] GC(50) Survivor regions: 16->17(25)
[2025-06-05T06:25:38.957+0000][13.622s][info ][gc,heap     ] GC(50) Old regions: 89->92
[2025-06-05T06:25:38.957+0000][13.622s][info ][gc,heap     ] GC(50) Archive regions: 2->2
[2025-06-05T06:25:38.957+0000][13.622s][info ][gc,heap     ] GC(50) Humongous regions: 0->0
[2025-06-05T06:25:38.957+0000][13.622s][info ][gc,metaspace] GC(50) Metaspace: 121391K(122368K)->121391K(122368K) NonClass: 105852K(106368K)->105852K(106368K) Class: 15539K(16000K)->15539K(16000K)
[2025-06-05T06:25:38.957+0000][13.622s][info ][gc          ] GC(50) Pause Young (Normal) (G1 Evacuation Pause) 284M->108M(337M) 17.930ms
[2025-06-05T06:25:38.957+0000][13.622s][info ][gc,cpu      ] GC(50) User=0.04s Sys=0.00s Real=0.02s
[2025-06-05T06:25:38.957+0000][13.622s][info ][safepoint   ] Safepoint "G1CollectForAllocation", Time since last: 51795500 ns, Reaching safepoint: 172291 ns, Cleanup: 36709 ns, At safepoint: 18094416 ns, Total: 18303416 ns
[2025-06-05T06:25:39.292+0000][13.957s][debug][safepoint   ] Safepoint synchronization initiated using futex wait barrier. (46 threads)
[2025-06-05T06:25:39.292+0000][13.957s][info ][safepoint   ] Safepoint "ICBufferFull", Time since last: 334170292 ns, Reaching safepoint: 212250 ns, Cleanup: 80334 ns, At safepoint: 1500 ns, Total: 294084 ns
[2025-06-05T06:25:39.482+0000][14.147s][debug][safepoint   ] Safepoint synchronization initiated using futex wait barrier. (46 threads)
[2025-06-05T06:25:39.482+0000][14.147s][info ][gc,start    ] GC(51) Pause Young (Normal) (G1 Evacuation Pause)
[2025-06-05T06:25:39.482+0000][14.147s][info ][gc,task     ] GC(51) Using 2 workers of 2 for evacuation
[2025-06-05T06:25:39.500+0000][14.165s][info ][gc,phases   ] GC(51)   Pre Evacuate Collection Set: 0.1ms
[2025-06-05T06:25:39.500+0000][14.165s][info ][gc,phases   ] GC(51)   Merge Heap Roots: 0.1ms
[2025-06-05T06:25:39.500+0000][14.165s][info ][gc,phases   ] GC(51)   Evacuate Collection Set: 16.2ms
[2025-06-05T06:25:39.500+0000][14.165s][info ][gc,phases   ] GC(51)   Post Evacuate Collection Set: 1.3ms
[2025-06-05T06:25:39.500+0000][14.165s][info ][gc,phases   ] GC(51)   Other: 0.2ms
[2025-06-05T06:25:39.500+0000][14.165s][info ][gc,heap     ] GC(51) Eden regions: 175->0(174)
[2025-06-05T06:25:39.500+0000][14.165s][info ][gc,heap     ] GC(51) Survivor regions: 17->13(24)
[2025-06-05T06:25:39.500+0000][14.165s][info ][gc,heap     ] GC(51) Old regions: 92->100
[2025-06-05T06:25:39.500+0000][14.165s][info ][gc,heap     ] GC(51) Archive regions: 2->2
[2025-06-05T06:25:39.500+0000][14.166s][info ][gc,heap     ] GC(51) Humongous regions: 1->0
[2025-06-05T06:25:39.501+0000][14.166s][info ][gc,metaspace] GC(51) Metaspace: 128117K(129152K)->128117K(129152K) NonClass: 112000K(112512K)->112000K(112512K) Class: 16116K(16640K)->16116K(16640K)
[2025-06-05T06:25:39.501+0000][14.166s][info ][gc          ] GC(51) Pause Young (Normal) (G1 Evacuation Pause) 284M->113M(337M) 18.497ms
[2025-06-05T06:25:39.501+0000][14.166s][info ][gc,cpu      ] GC(51) User=0.05s Sys=0.00s Real=0.02s
[2025-06-05T06:25:39.501+0000][14.166s][info ][safepoint   ] Safepoint "G1CollectForAllocation", Time since last: 189876208 ns, Reaching safepoint: 238417 ns, Cleanup: 49875 ns, At safepoint: 18636708 ns, Total: 18925000 ns
[2025-06-05T06:25:39.752+0000][14.417s][debug][safepoint   ] Safepoint synchronization initiated using futex wait barrier. (47 threads)
[2025-06-05T06:25:39.754+0000][14.419s][info ][safepoint   ] Safepoint "ICBufferFull", Time since last: 251444625 ns, Reaching safepoint: 1392417 ns, Cleanup: 122833 ns, At safepoint: 3542 ns, Total: 1518792 ns
[2025-06-05T06:25:39.818+0000][14.483s][debug][safepoint   ] Safepoint synchronization initiated using futex wait barrier. (47 threads)
[2025-06-05T06:25:39.819+0000][14.484s][info ][gc,start    ] GC(52) Pause Young (Concurrent Start) (Metadata GC Threshold)
[2025-06-05T06:25:39.819+0000][14.484s][info ][gc,task     ] GC(52) Using 2 workers of 2 for evacuation
[2025-06-05T06:25:39.838+0000][14.503s][info ][gc,phases   ] GC(52)   Pre Evacuate Collection Set: 0.2ms
[2025-06-05T06:25:39.838+0000][14.503s][info ][gc,phases   ] GC(52)   Merge Heap Roots: 0.1ms
[2025-06-05T06:25:39.838+0000][14.503s][info ][gc,phases   ] GC(52)   Evacuate Collection Set: 18.0ms
[2025-06-05T06:25:39.838+0000][14.503s][info ][gc,phases   ] GC(52)   Post Evacuate Collection Set: 1.1ms
[2025-06-05T06:25:39.838+0000][14.503s][info ][gc,phases   ] GC(52)   Other: 0.2ms
[2025-06-05T06:25:39.838+0000][14.504s][info ][gc,heap     ] GC(52) Eden regions: 126->0(173)
[2025-06-05T06:25:39.839+0000][14.504s][info ][gc,heap     ] GC(52) Survivor regions: 13->12(24)
[2025-06-05T06:25:39.839+0000][14.504s][info ][gc,heap     ] GC(52) Old regions: 100->103
[2025-06-05T06:25:39.839+0000][14.504s][info ][gc,heap     ] GC(52) Archive regions: 2->2
[2025-06-05T06:25:39.839+0000][14.504s][info ][gc,heap     ] GC(52) Humongous regions: 0->0
[2025-06-05T06:25:39.839+0000][14.504s][info ][gc,metaspace] GC(52) Metaspace: 129261K(130240K)->129261K(130240K) NonClass: 112991K(113472K)->112991K(113472K) Class: 16269K(16768K)->16269K(16768K)
[2025-06-05T06:25:39.839+0000][14.504s][info ][gc          ] GC(52) Pause Young (Concurrent Start) (Metadata GC Threshold) 239M->115M(337M) 20.276ms
[2025-06-05T06:25:39.839+0000][14.504s][info ][gc,cpu      ] GC(52) User=0.05s Sys=0.00s Real=0.02s
[2025-06-05T06:25:39.839+0000][14.504s][info ][gc          ] GC(53) Concurrent Mark Cycle
[2025-06-05T06:25:39.839+0000][14.504s][info ][gc,marking  ] GC(53) Concurrent Clear Claimed Marks
[2025-06-05T06:25:39.839+0000][14.504s][info ][safepoint   ] Safepoint "CollectForMetadataAllocation", Time since last: 64547833 ns, Reaching safepoint: 167792 ns, Cleanup: 125667 ns, At safepoint: 20493791 ns, Total: 20787250 ns
[2025-06-05T06:25:39.839+0000][14.504s][info ][gc,marking  ] GC(53) Concurrent Clear Claimed Marks 0.197ms
[2025-06-05T06:25:39.841+0000][14.506s][info ][gc,marking  ] GC(53) Concurrent Scan Root Regions
[2025-06-05T06:25:39.851+0000][14.516s][info ][gc,marking  ] GC(53) Concurrent Scan Root Regions 9.874ms
[2025-06-05T06:25:39.851+0000][14.516s][info ][gc,marking  ] GC(53) Concurrent Mark
[2025-06-05T06:25:39.851+0000][14.516s][info ][gc,marking  ] GC(53) Concurrent Mark From Roots
[2025-06-05T06:25:39.851+0000][14.516s][info ][gc,task     ] GC(53) Using 1 workers of 1 for marking
[2025-06-05T06:25:39.870+0000][14.535s][debug][safepoint   ] ... found polling page loop exception at pc = 0x0000ffffa50c3f48, stub =0x0000ffffa497ef00
[2025-06-05T06:25:39.880+0000][14.545s][debug][safepoint   ] Safepoint synchronization initiated using futex wait barrier. (47 threads)
[2025-06-05T06:25:39.880+0000][14.545s][info ][safepoint   ] Safepoint "CollectForMetadataAllocation", Time since last: 40650000 ns, Reaching safepoint: 224417 ns, Cleanup: 12542 ns, At safepoint: 21750 ns, Total: 258709 ns
[2025-06-05T06:25:39.991+0000][14.656s][debug][safepoint   ] Safepoint synchronization initiated using futex wait barrier. (50 threads)
[2025-06-05T06:25:39.991+0000][14.656s][info ][safepoint   ] Safepoint "CollectForMetadataAllocation", Time since last: 110900041 ns, Reaching safepoint: 230417 ns, Cleanup: 44875 ns, At safepoint: 21125 ns, Total: 296417 ns
[2025-06-05T06:25:39.998+0000][14.663s][info ][gc,marking  ] GC(53) Concurrent Mark From Roots 147.060ms
[2025-06-05T06:25:40.000+0000][14.665s][info ][gc,marking  ] GC(53) Concurrent Preclean
[2025-06-05T06:25:40.004+0000][14.669s][info ][gc,marking  ] GC(53) Concurrent Preclean 3.685ms
[2025-06-05T06:25:40.004+0000][14.669s][debug][safepoint   ] Safepoint synchronization initiated using futex wait barrier. (50 threads)
[2025-06-05T06:25:40.005+0000][14.670s][debug][safepoint   ] ... found polling page loop exception at pc = 0x0000ffffa5282ab4, stub =0x0000ffffa497ef00
[2025-06-05T06:25:40.006+0000][14.671s][info ][gc,start    ] GC(53) Pause Remark
[2025-06-05T06:25:40.012+0000][14.677s][info ][gc          ] GC(53) Pause Remark 149M->149M(337M) 6.414ms
[2025-06-05T06:25:40.012+0000][14.677s][info ][gc,cpu      ] GC(53) User=0.01s Sys=0.00s Real=0.01s
[2025-06-05T06:25:40.012+0000][14.677s][info ][safepoint   ] Safepoint "G1PauseRemark", Time since last: 12709333 ns, Reaching safepoint: 1733292 ns, Cleanup: 7958 ns, At safepoint: 6649834 ns, Total: 8391084 ns
[2025-06-05T06:25:40.014+0000][14.679s][info ][gc,marking  ] GC(53) Concurrent Mark 163.560ms
[2025-06-05T06:25:40.015+0000][14.680s][info ][gc,marking  ] GC(53) Concurrent Rebuild Remembered Sets
[2025-06-05T06:25:40.106+0000][14.771s][info ][gc,marking  ] GC(53) Concurrent Rebuild Remembered Sets 91.599ms
[2025-06-05T06:25:40.109+0000][14.774s][debug][safepoint   ] Safepoint synchronization initiated using futex wait barrier. (50 threads)
[2025-06-05T06:25:40.113+0000][14.779s][info ][gc,start    ] GC(53) Pause Cleanup
[2025-06-05T06:25:40.114+0000][14.779s][info ][gc          ] GC(53) Pause Cleanup 161M->161M(337M) 0.223ms
[2025-06-05T06:25:40.114+0000][14.779s][info ][gc,cpu      ] GC(53) User=0.00s Sys=0.00s Real=0.00s
[2025-06-05T06:25:40.114+0000][14.779s][info ][safepoint   ] Safepoint "G1PauseCleanup", Time since last: 97267000 ns, Reaching safepoint: 4005000 ns, Cleanup: 18250 ns, At safepoint: 353541 ns, Total: 4376791 ns
[2025-06-05T06:25:40.122+0000][14.787s][info ][gc,marking  ] GC(53) Concurrent Cleanup for Next Mark
[2025-06-05T06:25:40.122+0000][14.787s][info ][gc,marking  ] GC(53) Concurrent Cleanup for Next Mark 0.311ms
[2025-06-05T06:25:40.122+0000][14.787s][info ][gc          ] GC(53) Concurrent Mark Cycle 283.011ms
[2025-06-05T06:25:40.336+0000][15.001s][debug][safepoint   ] Safepoint synchronization initiated using futex wait barrier. (50 threads)
[2025-06-05T06:25:40.336+0000][15.001s][info ][safepoint   ] Safepoint "ICBufferFull", Time since last: 222387459 ns, Reaching safepoint: 93458 ns, Cleanup: 115917 ns, At safepoint: 5541 ns, Total: 214916 ns
[2025-06-05T06:25:40.496+0000][15.161s][debug][safepoint   ] Safepoint synchronization initiated using futex wait barrier. (50 threads)
[2025-06-05T06:25:40.497+0000][15.162s][info ][gc,start    ] GC(54) Pause Young (Prepare Mixed) (G1 Evacuation Pause)
[2025-06-05T06:25:40.497+0000][15.162s][info ][gc,task     ] GC(54) Using 2 workers of 2 for evacuation
[2025-06-05T06:25:40.513+0000][15.178s][info ][gc,phases   ] GC(54)   Pre Evacuate Collection Set: 0.1ms
[2025-06-05T06:25:40.513+0000][15.179s][info ][gc,phases   ] GC(54)   Merge Heap Roots: 0.2ms
[2025-06-05T06:25:40.514+0000][15.179s][info ][gc,phases   ] GC(54)   Evacuate Collection Set: 15.1ms
[2025-06-05T06:25:40.514+0000][15.179s][info ][gc,phases   ] GC(54)   Post Evacuate Collection Set: 1.3ms
[2025-06-05T06:25:40.514+0000][15.179s][info ][gc,phases   ] GC(54)   Other: 0.2ms
[2025-06-05T06:25:40.514+0000][15.179s][info ][gc,heap     ] GC(54) Eden regions: 173->0(1)
[2025-06-05T06:25:40.514+0000][15.179s][info ][gc,heap     ] GC(54) Survivor regions: 12->18(24)
[2025-06-05T06:25:40.514+0000][15.179s][info ][gc,heap     ] GC(54) Old regions: 103->103
[2025-06-05T06:25:40.514+0000][15.179s][info ][gc,heap     ] GC(54) Archive regions: 2->2
[2025-06-05T06:25:40.514+0000][15.179s][info ][gc,heap     ] GC(54) Humongous regions: 0->0
[2025-06-05T06:25:40.514+0000][15.179s][info ][gc,metaspace] GC(54) Metaspace: 132700K(133760K)->132700K(133760K) NonClass: 116152K(116736K)->116152K(116736K) Class: 16548K(17024K)->16548K(17024K)
[2025-06-05T06:25:40.514+0000][15.179s][info ][gc          ] GC(54) Pause Young (Prepare Mixed) (G1 Evacuation Pause) 288M->121M(337M) 17.388ms
[2025-06-05T06:25:40.514+0000][15.179s][info ][gc,cpu      ] GC(54) User=0.03s Sys=0.00s Real=0.02s
[2025-06-05T06:25:40.514+0000][15.179s][info ][safepoint   ] Safepoint "G1CollectForAllocation", Time since last: 159823126 ns, Reaching safepoint: 213000 ns, Cleanup: 48833 ns, At safepoint: 17527625 ns, Total: 17789458 ns
[2025-06-05T06:25:40.516+0000][15.181s][debug][safepoint   ] Safepoint synchronization initiated using futex wait barrier. (50 threads)
[2025-06-05T06:25:40.517+0000][15.182s][info ][gc,start    ] GC(55) Pause Young (Mixed) (G1 Evacuation Pause)
[2025-06-05T06:25:40.517+0000][15.182s][info ][gc,task     ] GC(55) Using 2 workers of 2 for evacuation
[2025-06-05T06:25:40.534+0000][15.199s][info ][gc,phases   ] GC(55)   Pre Evacuate Collection Set: 0.1ms
[2025-06-05T06:25:40.534+0000][15.199s][info ][gc,phases   ] GC(55)   Merge Heap Roots: 0.1ms
[2025-06-05T06:25:40.534+0000][15.199s][info ][gc,phases   ] GC(55)   Evacuate Collection Set: 15.5ms
[2025-06-05T06:25:40.534+0000][15.199s][info ][gc,phases   ] GC(55)   Post Evacuate Collection Set: 1.2ms
[2025-06-05T06:25:40.534+0000][15.199s][info ][gc,phases   ] GC(55)   Other: 0.1ms
[2025-06-05T06:25:40.534+0000][15.199s][info ][gc,heap     ] GC(55) Eden regions: 1->0(166)
[2025-06-05T06:25:40.534+0000][15.199s][info ][gc,heap     ] GC(55) Survivor regions: 18->1(3)
[2025-06-05T06:25:40.534+0000][15.199s][info ][gc,heap     ] GC(55) Old regions: 103->119
[2025-06-05T06:25:40.534+0000][15.199s][info ][gc,heap     ] GC(55) Archive regions: 2->2
[2025-06-05T06:25:40.534+0000][15.199s][info ][gc,heap     ] GC(55) Humongous regions: 0->0
[2025-06-05T06:25:40.534+0000][15.199s][info ][gc,metaspace] GC(55) Metaspace: 132707K(133760K)->132707K(133760K) NonClass: 116159K(116736K)->116159K(116736K) Class: 16548K(17024K)->16548K(17024K)
[2025-06-05T06:25:40.534+0000][15.199s][info ][gc          ] GC(55) Pause Young (Mixed) (G1 Evacuation Pause) 122M->120M(337M) 17.504ms
[2025-06-05T06:25:40.534+0000][15.199s][info ][gc,cpu      ] GC(55) User=0.03s Sys=0.00s Real=0.02s
[2025-06-05T06:25:40.534+0000][15.199s][info ][safepoint   ] Safepoint "G1CollectForAllocation", Time since last: 2356833 ns, Reaching safepoint: 155084 ns, Cleanup: 8833 ns, At safepoint: 17621833 ns, Total: 17785750 ns
[2025-06-05T06:25:40.843+0000][15.508s][debug][safepoint   ] Safepoint synchronization initiated using futex wait barrier. (54 threads)
[2025-06-05T06:25:40.844+0000][15.509s][info ][gc,start    ] GC(56) Pause Young (Concurrent Start) (G1 Evacuation Pause)
[2025-06-05T06:25:40.844+0000][15.509s][info ][gc,task     ] GC(56) Using 2 workers of 2 for evacuation
[2025-06-05T06:25:40.851+0000][15.516s][info ][gc,phases   ] GC(56)   Pre Evacuate Collection Set: 0.3ms
[2025-06-05T06:25:40.851+0000][15.516s][info ][gc,phases   ] GC(56)   Merge Heap Roots: 0.1ms
[2025-06-05T06:25:40.851+0000][15.516s][info ][gc,phases   ] GC(56)   Evacuate Collection Set: 5.7ms
[2025-06-05T06:25:40.851+0000][15.516s][info ][gc,phases   ] GC(56)   Post Evacuate Collection Set: 1.1ms
[2025-06-05T06:25:40.851+0000][15.516s][info ][gc,phases   ] GC(56)   Other: 0.3ms
[2025-06-05T06:25:40.851+0000][15.516s][info ][gc,heap     ] GC(56) Eden regions: 166->0(167)
[2025-06-05T06:25:40.851+0000][15.516s][info ][gc,heap     ] GC(56) Survivor regions: 1->2(21)
[2025-06-05T06:25:40.851+0000][15.516s][info ][gc,heap     ] GC(56) Old regions: 119->119
[2025-06-05T06:25:40.851+0000][15.516s][info ][gc,heap     ] GC(56) Archive regions: 2->2
[2025-06-05T06:25:40.851+0000][15.516s][info ][gc,heap     ] GC(56) Humongous regions: 0->0
[2025-06-05T06:25:40.851+0000][15.516s][info ][gc,metaspace] GC(56) Metaspace: 136785K(137920K)->136785K(137920K) NonClass: 119712K(120320K)->119712K(120320K) Class: 17073K(17600K)->17073K(17600K)
[2025-06-05T06:25:40.851+0000][15.517s][info ][gc          ] GC(56) Pause Young (Concurrent Start) (G1 Evacuation Pause) 286M->121M(337M) 7.982ms
[2025-06-05T06:25:40.852+0000][15.517s][info ][gc,cpu      ] GC(56) User=0.01s Sys=0.00s Real=0.01s
[2025-06-05T06:25:40.852+0000][15.517s][info ][gc          ] GC(57) Concurrent Mark Cycle
[2025-06-05T06:25:40.852+0000][15.517s][info ][gc,marking  ] GC(57) Concurrent Clear Claimed Marks
[2025-06-05T06:25:40.852+0000][15.517s][info ][safepoint   ] Safepoint "G1CollectForAllocation", Time since last: 309066375 ns, Reaching safepoint: 170875 ns, Cleanup: 45750 ns, At safepoint: 8135292 ns, Total: 8351917 ns
[2025-06-05T06:25:40.852+0000][15.517s][info ][gc,marking  ] GC(57) Concurrent Clear Claimed Marks 0.200ms
[2025-06-05T06:25:40.856+0000][15.521s][info ][gc,marking  ] GC(57) Concurrent Scan Root Regions
[2025-06-05T06:25:40.857+0000][15.522s][info ][gc,marking  ] GC(57) Concurrent Scan Root Regions 1.526ms
[2025-06-05T06:25:40.857+0000][15.522s][info ][gc,marking  ] GC(57) Concurrent Mark
[2025-06-05T06:25:40.857+0000][15.522s][info ][gc,marking  ] GC(57) Concurrent Mark From Roots
[2025-06-05T06:25:40.857+0000][15.522s][info ][gc,task     ] GC(57) Using 1 workers of 1 for marking
[2025-06-05T06:25:41.006+0000][15.671s][info ][gc,marking  ] GC(57) Concurrent Mark From Roots 148.671ms
[2025-06-05T06:25:41.008+0000][15.673s][info ][gc,marking  ] GC(57) Concurrent Preclean
[2025-06-05T06:25:41.008+0000][15.673s][info ][gc,marking  ] GC(57) Concurrent Preclean 0.284ms
[2025-06-05T06:25:41.008+0000][15.673s][debug][safepoint   ] Safepoint synchronization initiated using futex wait barrier. (54 threads)
[2025-06-05T06:25:41.010+0000][15.675s][info ][gc,start    ] GC(57) Pause Remark
[2025-06-05T06:25:41.016+0000][15.681s][info ][gc          ] GC(57) Pause Remark 166M->166M(337M) 6.162ms
[2025-06-05T06:25:41.016+0000][15.681s][info ][gc,cpu      ] GC(57) User=0.01s Sys=0.00s Real=0.00s
[2025-06-05T06:25:41.016+0000][15.681s][info ][safepoint   ] Safepoint "G1PauseRemark", Time since last: 156295042 ns, Reaching safepoint: 1813875 ns, Cleanup: 42000 ns, At safepoint: 6415041 ns, Total: 8270916 ns
[2025-06-05T06:25:41.018+0000][15.683s][info ][gc,marking  ] GC(57) Concurrent Mark 161.008ms
[2025-06-05T06:25:41.018+0000][15.683s][info ][gc,marking  ] GC(57) Concurrent Rebuild Remembered Sets
[2025-06-05T06:25:41.126+0000][15.791s][info ][gc,marking  ] GC(57) Concurrent Rebuild Remembered Sets 107.630ms
[2025-06-05T06:25:41.126+0000][15.791s][debug][safepoint   ] Safepoint synchronization initiated using futex wait barrier. (54 threads)
[2025-06-05T06:25:41.127+0000][15.792s][info ][gc,start    ] GC(57) Pause Cleanup
[2025-06-05T06:25:41.127+0000][15.792s][info ][gc          ] GC(57) Pause Cleanup 201M->201M(337M) 0.168ms
[2025-06-05T06:25:41.127+0000][15.792s][info ][gc,cpu      ] GC(57) User=0.00s Sys=0.00s Real=0.00s
[2025-06-05T06:25:41.127+0000][15.792s][info ][safepoint   ] Safepoint "G1PauseCleanup", Time since last: 110047584 ns, Reaching safepoint: 442958 ns, Cleanup: 20292 ns, At safepoint: 311750 ns, Total: 775000 ns
[2025-06-05T06:25:41.128+0000][15.793s][info ][gc,marking  ] GC(57) Concurrent Cleanup for Next Mark
[2025-06-05T06:25:41.128+0000][15.793s][info ][gc,marking  ] GC(57) Concurrent Cleanup for Next Mark 0.314ms
[2025-06-05T06:25:41.128+0000][15.793s][info ][gc          ] GC(57) Concurrent Mark Cycle 276.860ms
[2025-06-05T06:25:41.335+0000][16.000s][debug][safepoint   ] Safepoint synchronization initiated using futex wait barrier. (54 threads)
[2025-06-05T06:25:41.335+0000][16.000s][info ][gc,start    ] GC(58) Pause Young (Prepare Mixed) (G1 Evacuation Pause)
[2025-06-05T06:25:41.335+0000][16.000s][info ][gc,task     ] GC(58) Using 2 workers of 2 for evacuation
[2025-06-05T06:25:41.344+0000][16.009s][info ][gc,phases   ] GC(58)   Pre Evacuate Collection Set: 0.1ms
[2025-06-05T06:25:41.345+0000][16.010s][info ][gc,phases   ] GC(58)   Merge Heap Roots: 0.2ms
[2025-06-05T06:25:41.345+0000][16.010s][info ][gc,phases   ] GC(58)   Evacuate Collection Set: 7.7ms
[2025-06-05T06:25:41.345+0000][16.010s][info ][gc,phases   ] GC(58)   Post Evacuate Collection Set: 1.0ms
[2025-06-05T06:25:41.345+0000][16.010s][info ][gc,phases   ] GC(58)   Other: 0.4ms
[2025-06-05T06:25:41.345+0000][16.010s][info ][gc,heap     ] GC(58) Eden regions: 167->0(9)
[2025-06-05T06:25:41.345+0000][16.010s][info ][gc,heap     ] GC(58) Survivor regions: 2->7(22)
[2025-06-05T06:25:41.345+0000][16.010s][info ][gc,heap     ] GC(58) Old regions: 119->119
[2025-06-05T06:25:41.345+0000][16.010s][info ][gc,heap     ] GC(58) Archive regions: 2->2
[2025-06-05T06:25:41.345+0000][16.010s][info ][gc,heap     ] GC(58) Humongous regions: 0->0
[2025-06-05T06:25:41.345+0000][16.010s][info ][gc,metaspace] GC(58) Metaspace: 139632K(140736K)->139632K(140736K) NonClass: 122422K(123008K)->122422K(123008K) Class: 17209K(17728K)->17209K(17728K)
[2025-06-05T06:25:41.345+0000][16.010s][info ][gc          ] GC(58) Pause Young (Prepare Mixed) (G1 Evacuation Pause) 288M->126M(337M) 10.074ms
[2025-06-05T06:25:41.345+0000][16.010s][info ][gc,cpu      ] GC(58) User=0.02s Sys=0.01s Real=0.01s
[2025-06-05T06:25:41.345+0000][16.010s][info ][safepoint   ] Safepoint "G1CollectForAllocation", Time since last: 207763417 ns, Reaching safepoint: 206375 ns, Cleanup: 45708 ns, At safepoint: 10221208 ns, Total: 10473291 ns
[2025-06-05T06:25:41.362+0000][16.027s][debug][safepoint   ] Safepoint synchronization initiated using futex wait barrier. (54 threads)
[2025-06-05T06:25:41.362+0000][16.027s][info ][gc,start    ] GC(59) Pause Young (Mixed) (G1 Evacuation Pause)
[2025-06-05T06:25:41.362+0000][16.027s][info ][gc,task     ] GC(59) Using 2 workers of 2 for evacuation
[2025-06-05T06:25:41.373+0000][16.039s][info ][gc,phases   ] GC(59)   Pre Evacuate Collection Set: 0.1ms
[2025-06-05T06:25:41.374+0000][16.039s][info ][gc,phases   ] GC(59)   Merge Heap Roots: 0.1ms
[2025-06-05T06:25:41.374+0000][16.039s][info ][gc,phases   ] GC(59)   Evacuate Collection Set: 10.3ms
[2025-06-05T06:25:41.374+0000][16.039s][info ][gc,phases   ] GC(59)   Post Evacuate Collection Set: 0.9ms
[2025-06-05T06:25:41.374+0000][16.039s][info ][gc,phases   ] GC(59)   Other: 0.2ms
[2025-06-05T06:25:41.374+0000][16.039s][info ][gc,heap     ] GC(59) Eden regions: 9->0(161)
[2025-06-05T06:25:41.374+0000][16.039s][info ][gc,heap     ] GC(59) Survivor regions: 7->2(2)
[2025-06-05T06:25:41.374+0000][16.039s][info ][gc,heap     ] GC(59) Old regions: 119->124
[2025-06-05T06:25:41.374+0000][16.039s][info ][gc,heap     ] GC(59) Archive regions: 2->2
[2025-06-05T06:25:41.374+0000][16.039s][info ][gc,heap     ] GC(59) Humongous regions: 0->0
[2025-06-05T06:25:41.374+0000][16.039s][info ][gc,metaspace] GC(59) Metaspace: 139733K(140800K)->139733K(140800K) NonClass: 122517K(123072K)->122517K(123072K) Class: 17215K(17728K)->17215K(17728K)
[2025-06-05T06:25:41.374+0000][16.039s][info ][gc          ] GC(59) Pause Young (Mixed) (G1 Evacuation Pause) 135M->126M(337M) 12.138ms
[2025-06-05T06:25:41.374+0000][16.039s][info ][gc,cpu      ] GC(59) User=0.02s Sys=0.00s Real=0.01s
[2025-06-05T06:25:41.374+0000][16.039s][info ][safepoint   ] Safepoint "G1CollectForAllocation", Time since last: 16461042 ns, Reaching safepoint: 198542 ns, Cleanup: 3458 ns, At safepoint: 12258375 ns, Total: 12460375 ns
[2025-06-05T06:25:41.747+0000][16.412s][debug][safepoint   ] Safepoint synchronization initiated using futex wait barrier. (61 threads)
[2025-06-05T06:25:41.748+0000][16.413s][info ][gc,start    ] GC(60) Pause Young (Normal) (G1 Evacuation Pause)
[2025-06-05T06:25:41.748+0000][16.413s][info ][gc,task     ] GC(60) Using 2 workers of 2 for evacuation
[2025-06-05T06:25:41.758+0000][16.423s][info ][gc,phases   ] GC(60)   Pre Evacuate Collection Set: 0.1ms
[2025-06-05T06:25:41.758+0000][16.423s][info ][gc,phases   ] GC(60)   Merge Heap Roots: 0.1ms
[2025-06-05T06:25:41.758+0000][16.423s][info ][gc,phases   ] GC(60)   Evacuate Collection Set: 8.5ms
[2025-06-05T06:25:41.758+0000][16.423s][info ][gc,phases   ] GC(60)   Post Evacuate Collection Set: 1.1ms
[2025-06-05T06:25:41.758+0000][16.423s][info ][gc,phases   ] GC(60)   Other: 0.2ms
[2025-06-05T06:25:41.758+0000][16.423s][info ][gc,heap     ] GC(60) Eden regions: 161->0(156)
[2025-06-05T06:25:41.758+0000][16.423s][info ][gc,heap     ] GC(60) Survivor regions: 2->6(21)
[2025-06-05T06:25:41.758+0000][16.423s][info ][gc,heap     ] GC(60) Old regions: 124->124
[2025-06-05T06:25:41.758+0000][16.423s][info ][gc,heap     ] GC(60) Archive regions: 2->2
[2025-06-05T06:25:41.758+0000][16.423s][info ][gc,heap     ] GC(60) Humongous regions: 0->0
[2025-06-05T06:25:41.758+0000][16.423s][info ][gc,metaspace] GC(60) Metaspace: 144882K(145920K)->144882K(145920K) NonClass: 127206K(127744K)->127206K(127744K) Class: 17676K(18176K)->17676K(18176K)
[2025-06-05T06:25:41.758+0000][16.423s][info ][gc          ] GC(60) Pause Young (Normal) (G1 Evacuation Pause) 287M->130M(337M) 10.683ms
[2025-06-05T06:25:41.758+0000][16.423s][info ][gc,cpu      ] GC(60) User=0.02s Sys=0.00s Real=0.01s
[2025-06-05T06:25:41.758+0000][16.423s][info ][safepoint   ] Safepoint "G1CollectForAllocation", Time since last: 373182542 ns, Reaching safepoint: 183916 ns, Cleanup: 73209 ns, At safepoint: 10832250 ns, Total: 11089375 ns
[2025-06-05T06:25:41.862+0000][16.527s][info ][cds,heap    ] initialize_from_archived_subgraph jdk.internal.math.FDBigInteger 0x000000f80014c910
[2025-06-05T06:25:41.972+0000][16.637s][debug][safepoint   ] Safepoint synchronization initiated using futex wait barrier. (61 threads)
[2025-06-05T06:25:41.973+0000][16.638s][info ][safepoint   ] Safepoint "ICBufferFull", Time since last: 213609625 ns, Reaching safepoint: 1152125 ns, Cleanup: 56042 ns, At safepoint: 6416 ns, Total: 1214583 ns
[2025-06-05T06:25:41.973+0000][16.638s][debug][safepoint   ] Safepoint synchronization initiated using futex wait barrier. (61 threads)
[2025-06-05T06:25:41.975+0000][16.640s][info ][safepoint   ] Safepoint "ICBufferFull", Time since last: 182125 ns, Reaching safepoint: 1262917 ns, Cleanup: 4792 ns, At safepoint: 11541 ns, Total: 1279250 ns
[2025-06-05T06:25:42.122+0000][16.787s][debug][safepoint   ] Safepoint synchronization initiated using futex wait barrier. (70 threads)
[2025-06-05T06:25:42.122+0000][16.787s][info ][safepoint   ] Safepoint "ICBufferFull", Time since last: 147405500 ns, Reaching safepoint: 202292 ns, Cleanup: 88792 ns, At safepoint: 5041 ns, Total: 296125 ns
[2025-06-05T06:25:42.224+0000][16.889s][debug][safepoint   ] Safepoint synchronization initiated using futex wait barrier. (71 threads)
[2025-06-05T06:25:42.224+0000][16.889s][info ][gc,start    ] GC(61) Pause Young (Normal) (G1 Evacuation Pause)
[2025-06-05T06:25:42.224+0000][16.889s][info ][gc,task     ] GC(61) Using 2 workers of 2 for evacuation
[2025-06-05T06:25:42.234+0000][16.899s][info ][gc,phases   ] GC(61)   Pre Evacuate Collection Set: 0.1ms
[2025-06-05T06:25:42.234+0000][16.899s][info ][gc,phases   ] GC(61)   Merge Heap Roots: 0.1ms
[2025-06-05T06:25:42.234+0000][16.899s][info ][gc,phases   ] GC(61)   Evacuate Collection Set: 8.2ms
[2025-06-05T06:25:42.234+0000][16.899s][info ][gc,phases   ] GC(61)   Post Evacuate Collection Set: 1.1ms
[2025-06-05T06:25:42.234+0000][16.899s][info ][gc,phases   ] GC(61)   Other: 0.2ms
[2025-06-05T06:25:42.234+0000][16.899s][info ][gc,heap     ] GC(61) Eden regions: 156->0(155)
[2025-06-05T06:25:42.234+0000][16.899s][info ][gc,heap     ] GC(61) Survivor regions: 6->9(21)
[2025-06-05T06:25:42.234+0000][16.899s][info ][gc,heap     ] GC(61) Old regions: 124->124
[2025-06-05T06:25:42.234+0000][16.899s][info ][gc,heap     ] GC(61) Archive regions: 2->2
[2025-06-05T06:25:42.234+0000][16.899s][info ][gc,heap     ] GC(61) Humongous regions: 0->0
[2025-06-05T06:25:42.234+0000][16.899s][info ][gc,metaspace] GC(61) Metaspace: 149672K(150720K)->149672K(150720K) NonClass: 131448K(131968K)->131448K(131968K) Class: 18224K(18752K)->18224K(18752K)
[2025-06-05T06:25:42.234+0000][16.899s][info ][gc          ] GC(61) Pause Young (Normal) (G1 Evacuation Pause) 286M->133M(337M) 10.257ms
[2025-06-05T06:25:42.234+0000][16.899s][info ][gc,cpu      ] GC(61) User=0.02s Sys=0.00s Real=0.01s
[2025-06-05T06:25:42.234+0000][16.899s][info ][safepoint   ] Safepoint "G1CollectForAllocation", Time since last: 101238250 ns, Reaching safepoint: 193292 ns, Cleanup: 50833 ns, At safepoint: 10411917 ns, Total: 10656042 ns
[2025-06-05T06:25:42.527+0000][17.192s][debug][safepoint   ] Safepoint synchronization initiated using futex wait barrier. (71 threads)
[2025-06-05T06:25:42.527+0000][17.192s][info ][gc,start    ] GC(62) Pause Young (Normal) (G1 Evacuation Pause)
[2025-06-05T06:25:42.527+0000][17.192s][info ][gc,task     ] GC(62) Using 2 workers of 2 for evacuation
[2025-06-05T06:25:42.539+0000][17.204s][info ][gc,phases   ] GC(62)   Pre Evacuate Collection Set: 0.1ms
[2025-06-05T06:25:42.539+0000][17.204s][info ][gc,phases   ] GC(62)   Merge Heap Roots: 0.1ms
[2025-06-05T06:25:42.539+0000][17.204s][info ][gc,phases   ] GC(62)   Evacuate Collection Set: 10.1ms
[2025-06-05T06:25:42.539+0000][17.204s][info ][gc,phases   ] GC(62)   Post Evacuate Collection Set: 1.2ms
[2025-06-05T06:25:42.539+0000][17.204s][info ][gc,phases   ] GC(62)   Other: 0.2ms
[2025-06-05T06:25:42.539+0000][17.204s][info ][gc,heap     ] GC(62) Eden regions: 155->0(154)
[2025-06-05T06:25:42.539+0000][17.204s][info ][gc,heap     ] GC(62) Survivor regions: 9->11(21)
[2025-06-05T06:25:42.539+0000][17.204s][info ][gc,heap     ] GC(62) Old regions: 124->124
[2025-06-05T06:25:42.539+0000][17.204s][info ][gc,heap     ] GC(62) Archive regions: 2->2
[2025-06-05T06:25:42.539+0000][17.205s][info ][gc,heap     ] GC(62) Humongous regions: 0->0
[2025-06-05T06:25:42.540+0000][17.205s][info ][gc,metaspace] GC(62) Metaspace: 151500K(152576K)->151500K(152576K) NonClass: 133006K(133568K)->133006K(133568K) Class: 18493K(19008K)->18493K(19008K)
[2025-06-05T06:25:42.540+0000][17.205s][info ][gc          ] GC(62) Pause Young (Normal) (G1 Evacuation Pause) 288M->135M(337M) 12.285ms
[2025-06-05T06:25:42.540+0000][17.205s][info ][gc,cpu      ] GC(62) User=0.03s Sys=0.00s Real=0.02s
[2025-06-05T06:25:42.540+0000][17.205s][info ][safepoint   ] Safepoint "G1CollectForAllocation", Time since last: 292686292 ns, Reaching safepoint: 197792 ns, Cleanup: 76625 ns, At safepoint: 12445750 ns, Total: 12720167 ns
[2025-06-05T06:25:42.703+0000][17.368s][debug][safepoint   ] Safepoint synchronization initiated using futex wait barrier. (71 threads)
[2025-06-05T06:25:42.703+0000][17.368s][info ][safepoint   ] Safepoint "ICBufferFull", Time since last: 163376750 ns, Reaching safepoint: 249708 ns, Cleanup: 82917 ns, At safepoint: 6083 ns, Total: 338708 ns
[2025-06-05T06:25:42.899+0000][17.564s][debug][safepoint   ] Safepoint synchronization initiated using futex wait barrier. (71 threads)
[2025-06-05T06:25:42.899+0000][17.564s][info ][gc,start    ] GC(63) Pause Young (Normal) (G1 Evacuation Pause)
[2025-06-05T06:25:42.899+0000][17.564s][info ][gc,task     ] GC(63) Using 2 workers of 2 for evacuation
[2025-06-05T06:25:42.915+0000][17.580s][info ][gc,phases   ] GC(63)   Pre Evacuate Collection Set: 0.1ms
[2025-06-05T06:25:42.915+0000][17.580s][info ][gc,phases   ] GC(63)   Merge Heap Roots: 0.1ms
[2025-06-05T06:25:42.915+0000][17.580s][info ][gc,phases   ] GC(63)   Evacuate Collection Set: 14.4ms
[2025-06-05T06:25:42.915+0000][17.581s][info ][gc,phases   ] GC(63)   Post Evacuate Collection Set: 1.2ms
[2025-06-05T06:25:42.916+0000][17.581s][info ][gc,phases   ] GC(63)   Other: 0.2ms
[2025-06-05T06:25:42.916+0000][17.581s][info ][gc,heap     ] GC(63) Eden regions: 154->0(143)
[2025-06-05T06:25:42.916+0000][17.581s][info ][gc,heap     ] GC(63) Survivor regions: 11->17(21)
[2025-06-05T06:25:42.916+0000][17.581s][info ][gc,heap     ] GC(63) Old regions: 124->124
[2025-06-05T06:25:42.916+0000][17.581s][info ][gc,heap     ] GC(63) Archive regions: 2->2
[2025-06-05T06:25:42.916+0000][17.581s][info ][gc,heap     ] GC(63) Humongous regions: 0->0
[2025-06-05T06:25:42.916+0000][17.581s][info ][gc,metaspace] GC(63) Metaspace: 152622K(153664K)->152622K(153664K) NonClass: 133967K(134528K)->133967K(134528K) Class: 18655K(19136K)->18655K(19136K)
[2025-06-05T06:25:42.916+0000][17.581s][info ][gc          ] GC(63) Pause Young (Normal) (G1 Evacuation Pause) 289M->141M(337M) 16.592ms
[2025-06-05T06:25:42.916+0000][17.581s][info ][gc,cpu      ] GC(63) User=0.03s Sys=0.01s Real=0.02s
[2025-06-05T06:25:42.916+0000][17.581s][info ][safepoint   ] Safepoint "G1CollectForAllocation", Time since last: 195534792 ns, Reaching safepoint: 181958 ns, Cleanup: 71917 ns, At safepoint: 16746125 ns, Total: 17000000 ns
[2025-06-05T06:25:43.245+0000][17.910s][debug][safepoint   ] Safepoint synchronization initiated using futex wait barrier. (71 threads)
[2025-06-05T06:25:43.246+0000][17.911s][info ][gc,start    ] GC(64) Pause Young (Normal) (G1 Evacuation Pause)
[2025-06-05T06:25:43.246+0000][17.911s][info ][gc,task     ] GC(64) Using 2 workers of 2 for evacuation
[2025-06-05T06:25:43.263+0000][17.928s][info ][gc,phases   ] GC(64)   Pre Evacuate Collection Set: 0.1ms
[2025-06-05T06:25:43.264+0000][17.929s][info ][gc,phases   ] GC(64)   Merge Heap Roots: 0.1ms
[2025-06-05T06:25:43.264+0000][17.929s][info ][gc,phases   ] GC(64)   Evacuate Collection Set: 16.0ms
[2025-06-05T06:25:43.264+0000][17.929s][info ][gc,phases   ] GC(64)   Post Evacuate Collection Set: 1.3ms
[2025-06-05T06:25:43.264+0000][17.929s][info ][gc,phases   ] GC(64)   Other: 0.2ms
[2025-06-05T06:25:43.264+0000][17.929s][info ][gc,heap     ] GC(64) Eden regions: 143->0(144)
[2025-06-05T06:25:43.264+0000][17.929s][info ][gc,heap     ] GC(64) Survivor regions: 17->12(20)
[2025-06-05T06:25:43.264+0000][17.929s][info ][gc,heap     ] GC(64) Old regions: 124->132
[2025-06-05T06:25:43.264+0000][17.929s][info ][gc,heap     ] GC(64) Archive regions: 2->2
[2025-06-05T06:25:43.264+0000][17.929s][info ][gc,heap     ] GC(64) Humongous regions: 0->0
[2025-06-05T06:25:43.264+0000][17.929s][info ][gc,metaspace] GC(64) Metaspace: 154617K(155712K)->154617K(155712K) NonClass: 135671K(136256K)->135671K(136256K) Class: 18945K(19456K)->18945K(19456K)
[2025-06-05T06:25:43.264+0000][17.929s][info ][gc          ] GC(64) Pause Young (Normal) (G1 Evacuation Pause) 284M->144M(337M) 18.332ms
[2025-06-05T06:25:43.264+0000][17.929s][info ][gc,cpu      ] GC(64) User=0.03s Sys=0.00s Real=0.02s
[2025-06-05T06:25:43.264+0000][17.929s][info ][safepoint   ] Safepoint "G1CollectForAllocation", Time since last: 329336833 ns, Reaching safepoint: 230625 ns, Cleanup: 109792 ns, At safepoint: 18492000 ns, Total: 18832417 ns
[2025-06-05T06:25:43.477+0000][18.142s][debug][safepoint   ] Safepoint synchronization initiated using futex wait barrier. (71 threads)
[2025-06-05T06:25:43.477+0000][18.143s][info ][safepoint   ] Safepoint "ICBufferFull", Time since last: 213013458 ns, Reaching safepoint: 210792 ns, Cleanup: 121208 ns, At safepoint: 4750 ns, Total: 336750 ns
[2025-06-05T06:25:43.575+0000][18.240s][debug][safepoint   ] Safepoint synchronization initiated using futex wait barrier. (71 threads)
[2025-06-05T06:25:43.576+0000][18.241s][info ][safepoint   ] Safepoint "ICBufferFull", Time since last: 97805834 ns, Reaching safepoint: 232958 ns, Cleanup: 114417 ns, At safepoint: 2458 ns, Total: 349833 ns
[2025-06-05T06:25:43.592+0000][18.257s][debug][safepoint   ] Safepoint synchronization initiated using futex wait barrier. (71 threads)
[2025-06-05T06:25:43.592+0000][18.257s][info ][gc,start    ] GC(65) Pause Young (Normal) (G1 Evacuation Pause)
[2025-06-05T06:25:43.592+0000][18.257s][info ][gc,task     ] GC(65) Using 2 workers of 2 for evacuation
[2025-06-05T06:25:43.607+0000][18.272s][info ][gc,phases   ] GC(65)   Pre Evacuate Collection Set: 0.1ms
[2025-06-05T06:25:43.607+0000][18.272s][info ][gc,phases   ] GC(65)   Merge Heap Roots: 0.1ms
[2025-06-05T06:25:43.607+0000][18.272s][info ][gc,phases   ] GC(65)   Evacuate Collection Set: 13.2ms
[2025-06-05T06:25:43.607+0000][18.272s][info ][gc,phases   ] GC(65)   Post Evacuate Collection Set: 1.2ms
[2025-06-05T06:25:43.607+0000][18.272s][info ][gc,phases   ] GC(65)   Other: 0.2ms
[2025-06-05T06:25:43.607+0000][18.272s][info ][gc,heap     ] GC(65) Eden regions: 144->0(141)
[2025-06-05T06:25:43.607+0000][18.272s][info ][gc,heap     ] GC(65) Survivor regions: 12->13(20)
[2025-06-05T06:25:43.607+0000][18.272s][info ][gc,heap     ] GC(65) Old regions: 132->134
[2025-06-05T06:25:43.607+0000][18.272s][info ][gc,heap     ] GC(65) Archive regions: 2->2
[2025-06-05T06:25:43.607+0000][18.272s][info ][gc,heap     ] GC(65) Humongous regions: 0->0
[2025-06-05T06:25:43.607+0000][18.272s][info ][gc,metaspace] GC(65) Metaspace: 156317K(157440K)->156317K(157440K) NonClass: 137137K(137728K)->137137K(137728K) Class: 19179K(19712K)->19179K(19712K)
[2025-06-05T06:25:43.608+0000][18.273s][info ][gc          ] GC(65) Pause Young (Normal) (G1 Evacuation Pause) 288M->147M(337M) 15.398ms
[2025-06-05T06:25:43.608+0000][18.273s][info ][gc,cpu      ] GC(65) User=0.03s Sys=0.00s Real=0.01s
[2025-06-05T06:25:43.608+0000][18.273s][info ][safepoint   ] Safepoint "G1CollectForAllocation", Time since last: 16221125 ns, Reaching safepoint: 193708 ns, Cleanup: 28375 ns, At safepoint: 15597000 ns, Total: 15819083 ns
[2025-06-05T06:25:43.890+0000][18.555s][debug][safepoint   ] Safepoint synchronization initiated using futex wait barrier. (74 threads)
[2025-06-05T06:25:43.891+0000][18.556s][info ][gc,start    ] GC(66) Pause Young (Normal) (G1 Evacuation Pause)
[2025-06-05T06:25:43.891+0000][18.556s][info ][gc,task     ] GC(66) Using 2 workers of 2 for evacuation
[2025-06-05T06:25:43.909+0000][18.574s][info ][gc,phases   ] GC(66)   Pre Evacuate Collection Set: 0.1ms
[2025-06-05T06:25:43.909+0000][18.574s][info ][gc,phases   ] GC(66)   Merge Heap Roots: 0.1ms
[2025-06-05T06:25:43.909+0000][18.574s][info ][gc,phases   ] GC(66)   Evacuate Collection Set: 16.7ms
[2025-06-05T06:25:43.909+0000][18.574s][info ][gc,phases   ] GC(66)   Post Evacuate Collection Set: 1.5ms
[2025-06-05T06:25:43.909+0000][18.574s][info ][gc,phases   ] GC(66)   Other: 0.2ms
[2025-06-05T06:25:43.909+0000][18.574s][info ][gc,heap     ] GC(66) Eden regions: 141->0(140)
[2025-06-05T06:25:43.909+0000][18.575s][info ][gc,heap     ] GC(66) Survivor regions: 13->9(20)
[2025-06-05T06:25:43.910+0000][18.575s][info ][gc,heap     ] GC(66) Old regions: 134->141
[2025-06-05T06:25:43.910+0000][18.575s][info ][gc,heap     ] GC(66) Archive regions: 2->2
[2025-06-05T06:25:43.910+0000][18.575s][info ][gc,heap     ] GC(66) Humongous regions: 0->0
[2025-06-05T06:25:43.910+0000][18.575s][info ][gc,metaspace] GC(66) Metaspace: 157992K(159040K)->157992K(159040K) NonClass: 138515K(139072K)->138515K(139072K) Class: 19476K(19968K)->19476K(19968K)
[2025-06-05T06:25:43.910+0000][18.575s][info ][gc          ] GC(66) Pause Young (Normal) (G1 Evacuation Pause) 288M->150M(337M) 19.216ms
[2025-06-05T06:25:43.910+0000][18.575s][info ][gc,cpu      ] GC(66) User=0.06s Sys=0.00s Real=0.02s
[2025-06-05T06:25:43.910+0000][18.575s][info ][safepoint   ] Safepoint "G1CollectForAllocation", Time since last: 282620167 ns, Reaching safepoint: 235375 ns, Cleanup: 69125 ns, At safepoint: 19400167 ns, Total: 19704667 ns
[2025-06-05T06:25:44.176+0000][18.841s][debug][safepoint   ] Safepoint synchronization initiated using futex wait barrier. (89 threads)
[2025-06-05T06:25:44.176+0000][18.841s][info ][safepoint   ] Safepoint "ICBufferFull", Time since last: 265700458 ns, Reaching safepoint: 103167 ns, Cleanup: 108250 ns, At safepoint: 14292 ns, Total: 225709 ns
[2025-06-05T06:25:44.196+0000][18.861s][debug][safepoint   ] Safepoint synchronization initiated using futex wait barrier. (102 threads)
[2025-06-05T06:25:44.197+0000][18.862s][info ][safepoint   ] Safepoint "ICBufferFull", Time since last: 19831208 ns, Reaching safepoint: 784500 ns, Cleanup: 149042 ns, At safepoint: 15875 ns, Total: 949417 ns
[2025-06-05T06:25:44.312+0000][18.977s][debug][safepoint   ] Safepoint synchronization initiated using futex wait barrier. (104 threads)
[2025-06-05T06:25:44.313+0000][18.978s][info ][gc,start    ] GC(67) Pause Young (Normal) (G1 Evacuation Pause)
[2025-06-05T06:25:44.313+0000][18.978s][info ][gc,task     ] GC(67) Using 2 workers of 2 for evacuation
[2025-06-05T06:25:44.338+0000][19.003s][info ][gc,phases   ] GC(67)   Pre Evacuate Collection Set: 0.1ms
[2025-06-05T06:25:44.338+0000][19.003s][info ][gc,phases   ] GC(67)   Merge Heap Roots: 0.1ms
[2025-06-05T06:25:44.338+0000][19.003s][info ][gc,phases   ] GC(67)   Evacuate Collection Set: 23.3ms
[2025-06-05T06:25:44.338+0000][19.003s][info ][gc,phases   ] GC(67)   Post Evacuate Collection Set: 1.5ms
[2025-06-05T06:25:44.338+0000][19.003s][info ][gc,phases   ] GC(67)   Other: 0.2ms
[2025-06-05T06:25:44.338+0000][19.003s][info ][gc,heap     ] GC(67) Eden regions: 140->0(134)
[2025-06-05T06:25:44.338+0000][19.003s][info ][gc,heap     ] GC(67) Survivor regions: 9->13(19)
[2025-06-05T06:25:44.338+0000][19.003s][info ][gc,heap     ] GC(67) Old regions: 141->141
[2025-06-05T06:25:44.339+0000][19.004s][info ][gc,heap     ] GC(67) Archive regions: 2->2
[2025-06-05T06:25:44.339+0000][19.004s][info ][gc,heap     ] GC(67) Humongous regions: 0->0
[2025-06-05T06:25:44.339+0000][19.004s][info ][gc,metaspace] GC(67) Metaspace: 161404K(162560K)->161404K(162560K) NonClass: 141501K(142080K)->141501K(142080K) Class: 19903K(20480K)->19903K(20480K)
[2025-06-05T06:25:44.339+0000][19.004s][info ][gc          ] GC(67) Pause Young (Normal) (G1 Evacuation Pause) 290M->154M(337M) 25.934ms
[2025-06-05T06:25:44.339+0000][19.004s][info ][gc,cpu      ] GC(67) User=0.05s Sys=0.00s Real=0.02s
[2025-06-05T06:25:44.339+0000][19.004s][info ][safepoint   ] Safepoint "G1CollectForAllocation", Time since last: 115079375 ns, Reaching safepoint: 833458 ns, Cleanup: 85583 ns, At safepoint: 26167375 ns, Total: 27086416 ns
[2025-06-05T06:25:44.529+0000][19.194s][debug][safepoint   ] Safepoint synchronization initiated using futex wait barrier. (120 threads)
[2025-06-05T06:25:44.570+0000][19.235s][info ][safepoint   ] Safepoint "ICBufferFull", Time since last: 190129709 ns, Reaching safepoint: 40670041 ns, Cleanup: 127792 ns, At safepoint: 60208 ns, Total: 40858041 ns
[2025-06-05T06:25:44.571+0000][19.236s][debug][safepoint   ] Safepoint synchronization initiated using futex wait barrier. (123 threads)
[2025-06-05T06:25:44.572+0000][19.237s][info ][safepoint   ] Safepoint "ICBufferFull", Time since last: 903750 ns, Reaching safepoint: 829959 ns, Cleanup: 6083 ns, At safepoint: 44125 ns, Total: 880167 ns
[2025-06-05T06:25:44.668+0000][19.333s][debug][safepoint   ] Safepoint synchronization initiated using futex wait barrier. (160 threads)
[2025-06-05T06:25:44.670+0000][19.335s][info ][gc,start    ] GC(68) Pause Young (Normal) (G1 Evacuation Pause)
[2025-06-05T06:25:44.670+0000][19.335s][info ][gc,task     ] GC(68) Using 2 workers of 2 for evacuation
[2025-06-05T06:25:44.688+0000][19.353s][info ][gc,phases   ] GC(68)   Pre Evacuate Collection Set: 0.1ms
[2025-06-05T06:25:44.688+0000][19.353s][info ][gc,phases   ] GC(68)   Merge Heap Roots: 0.1ms
[2025-06-05T06:25:44.688+0000][19.353s][info ][gc,phases   ] GC(68)   Evacuate Collection Set: 16.0ms
[2025-06-05T06:25:44.688+0000][19.353s][info ][gc,phases   ] GC(68)   Post Evacuate Collection Set: 1.3ms
[2025-06-05T06:25:44.688+0000][19.353s][info ][gc,phases   ] GC(68)   Other: 0.4ms
[2025-06-05T06:25:44.688+0000][19.353s][info ][gc,heap     ] GC(68) Eden regions: 134->0(133)
[2025-06-05T06:25:44.688+0000][19.353s][info ][gc,heap     ] GC(68) Survivor regions: 13->10(19)
[2025-06-05T06:25:44.688+0000][19.353s][info ][gc,heap     ] GC(68) Old regions: 141->147
[2025-06-05T06:25:44.688+0000][19.353s][info ][gc,heap     ] GC(68) Archive regions: 2->2
[2025-06-05T06:25:44.688+0000][19.353s][info ][gc,heap     ] GC(68) Humongous regions: 0->0
[2025-06-05T06:25:44.688+0000][19.353s][info ][gc,metaspace] GC(68) Metaspace: 164285K(165440K)->164285K(165440K) NonClass: 144052K(144640K)->144052K(144640K) Class: 20232K(20800K)->20232K(20800K)
[2025-06-05T06:25:44.688+0000][19.353s][info ][gc          ] GC(68) Pause Young (Normal) (G1 Evacuation Pause) 288M->156M(337M) 18.539ms
[2025-06-05T06:25:44.688+0000][19.353s][info ][gc,cpu      ] GC(68) User=0.03s Sys=0.00s Real=0.01s
[2025-06-05T06:25:44.688+0000][19.354s][info ][safepoint   ] Safepoint "G1CollectForAllocation", Time since last: 96771625 ns, Reaching safepoint: 1165292 ns, Cleanup: 96958 ns, At safepoint: 18805709 ns, Total: 20067959 ns
[2025-06-05T06:25:44.707+0000][19.372s][debug][safepoint   ] Safepoint synchronization initiated using futex wait barrier. (170 threads)
[2025-06-05T06:25:44.708+0000][19.373s][info ][safepoint   ] Safepoint "ICBufferFull", Time since last: 18327625 ns, Reaching safepoint: 639375 ns, Cleanup: 155083 ns, At safepoint: 33333 ns, Total: 827791 ns
[2025-06-05T06:25:44.925+0000][19.590s][debug][safepoint   ] Safepoint synchronization initiated using futex wait barrier. (175 threads)
[2025-06-05T06:25:44.925+0000][19.590s][info ][safepoint   ] Safepoint "ICBufferFull", Time since last: 217231709 ns, Reaching safepoint: 94000 ns, Cleanup: 80541 ns, At safepoint: 7167 ns, Total: 181708 ns
[2025-06-05T06:25:44.999+0000][19.664s][debug][safepoint   ] Safepoint synchronization initiated using futex wait barrier. (175 threads)
[2025-06-05T06:25:45.000+0000][19.665s][info ][gc,start    ] GC(69) Pause Young (Normal) (G1 Evacuation Pause)
[2025-06-05T06:25:45.000+0000][19.665s][info ][gc,task     ] GC(69) Using 2 workers of 2 for evacuation
[2025-06-05T06:25:45.015+0000][19.680s][info ][gc,phases   ] GC(69)   Pre Evacuate Collection Set: 0.1ms
[2025-06-05T06:25:45.015+0000][19.680s][info ][gc,phases   ] GC(69)   Merge Heap Roots: 0.1ms
[2025-06-05T06:25:45.015+0000][19.680s][info ][gc,phases   ] GC(69)   Evacuate Collection Set: 13.7ms
[2025-06-05T06:25:45.015+0000][19.680s][info ][gc,phases   ] GC(69)   Post Evacuate Collection Set: 1.2ms
[2025-06-05T06:25:45.015+0000][19.680s][info ][gc,phases   ] GC(69)   Other: 0.2ms
[2025-06-05T06:25:45.015+0000][19.680s][info ][gc,heap     ] GC(69) Eden regions: 133->0(128)
[2025-06-05T06:25:45.015+0000][19.680s][info ][gc,heap     ] GC(69) Survivor regions: 10->13(18)
[2025-06-05T06:25:45.015+0000][19.680s][info ][gc,heap     ] GC(69) Old regions: 147->147
[2025-06-05T06:25:45.015+0000][19.680s][info ][gc,heap     ] GC(69) Archive regions: 2->2
[2025-06-05T06:25:45.016+0000][19.681s][info ][gc,heap     ] GC(69) Humongous regions: 0->0
[2025-06-05T06:25:45.016+0000][19.681s][info ][gc,metaspace] GC(69) Metaspace: 165902K(167104K)->165902K(167104K) NonClass: 145449K(146112K)->145449K(146112K) Class: 20452K(20992K)->20452K(20992K)
[2025-06-05T06:25:45.016+0000][19.681s][info ][gc          ] GC(69) Pause Young (Normal) (G1 Evacuation Pause) 289M->160M(337M) 15.917ms
[2025-06-05T06:25:45.016+0000][19.681s][info ][gc,cpu      ] GC(69) User=0.03s Sys=0.00s Real=0.01s
[2025-06-05T06:25:45.016+0000][19.681s][info ][safepoint   ] Safepoint "G1CollectForAllocation", Time since last: 74343792 ns, Reaching safepoint: 172000 ns, Cleanup: 90625 ns, At safepoint: 16156291 ns, Total: 16418916 ns
[2025-06-05T06:25:45.097+0000][19.762s][debug][safepoint   ] Safepoint synchronization initiated using futex wait barrier. (182 threads)
[2025-06-05T06:25:45.097+0000][19.762s][info ][safepoint   ] Safepoint "ICBufferFull", Time since last: 80700709 ns, Reaching safepoint: 137791 ns, Cleanup: 140500 ns, At safepoint: 16084 ns, Total: 294375 ns
[2025-06-05T06:25:45.303+0000][19.968s][debug][safepoint   ] Safepoint synchronization initiated using futex wait barrier. (187 threads)
[2025-06-05T06:25:45.304+0000][19.969s][info ][safepoint   ] Safepoint "ICBufferFull", Time since last: 205825250 ns, Reaching safepoint: 844833 ns, Cleanup: 89500 ns, At safepoint: 11792 ns, Total: 946125 ns
[2025-06-05T06:25:45.489+0000][20.155s][debug][safepoint   ] Safepoint synchronization initiated using futex wait barrier. (190 threads)
[2025-06-05T06:25:45.490+0000][20.155s][info ][gc,start    ] GC(70) Pause Young (Normal) (G1 Evacuation Pause)
[2025-06-05T06:25:45.490+0000][20.155s][info ][gc,task     ] GC(70) Using 2 workers of 2 for evacuation
[2025-06-05T06:25:45.506+0000][20.171s][info ][gc,phases   ] GC(70)   Pre Evacuate Collection Set: 0.1ms
[2025-06-05T06:25:45.506+0000][20.171s][info ][gc,phases   ] GC(70)   Merge Heap Roots: 0.1ms
[2025-06-05T06:25:45.506+0000][20.171s][info ][gc,phases   ] GC(70)   Evacuate Collection Set: 14.8ms
[2025-06-05T06:25:45.506+0000][20.171s][info ][gc,phases   ] GC(70)   Post Evacuate Collection Set: 1.3ms
[2025-06-05T06:25:45.506+0000][20.171s][info ][gc,phases   ] GC(70)   Other: 0.2ms
[2025-06-05T06:25:45.506+0000][20.172s][info ][gc,heap     ] GC(70) Eden regions: 128->0(126)
[2025-06-05T06:25:45.507+0000][20.172s][info ][gc,heap     ] GC(70) Survivor regions: 13->11(18)
[2025-06-05T06:25:45.507+0000][20.172s][info ][gc,heap     ] GC(70) Old regions: 147->153
[2025-06-05T06:25:45.507+0000][20.172s][info ][gc,heap     ] GC(70) Archive regions: 2->2
[2025-06-05T06:25:45.507+0000][20.172s][info ][gc,heap     ] GC(70) Humongous regions: 0->0
[2025-06-05T06:25:45.507+0000][20.172s][info ][gc,metaspace] GC(70) Metaspace: 168713K(169856K)->168713K(169856K) NonClass: 147894K(148480K)->147894K(148480K) Class: 20818K(21376K)->20818K(21376K)
[2025-06-05T06:25:45.507+0000][20.172s][info ][gc          ] GC(70) Pause Young (Normal) (G1 Evacuation Pause) 288M->163M(337M) 17.043ms
[2025-06-05T06:25:45.507+0000][20.172s][info ][gc,cpu      ] GC(70) User=0.03s Sys=0.00s Real=0.01s
[2025-06-05T06:25:45.507+0000][20.172s][info ][safepoint   ] Safepoint "G1CollectForAllocation", Time since last: 185890500 ns, Reaching safepoint: 96750 ns, Cleanup: 102417 ns, At safepoint: 17297125 ns, Total: 17496292 ns
[2025-06-05T06:25:45.598+0000][20.263s][debug][safepoint   ] Safepoint synchronization initiated using futex wait barrier. (196 threads)
[2025-06-05T06:25:45.598+0000][20.263s][info ][safepoint   ] Safepoint "ICBufferFull", Time since last: 91068583 ns, Reaching safepoint: 218833 ns, Cleanup: 92709 ns, At safepoint: 35875 ns, Total: 347417 ns
[2025-06-05T06:25:45.668+0000][20.333s][debug][safepoint   ] Safepoint synchronization initiated using futex wait barrier. (198 threads)
[2025-06-05T06:25:45.670+0000][20.335s][info ][safepoint   ] Safepoint "ICBufferFull", Time since last: 68404791 ns, Reaching safepoint: 2893792 ns, Cleanup: 21125 ns, At safepoint: 40625 ns, Total: 2955542 ns
[2025-06-05T06:25:45.673+0000][20.338s][debug][safepoint   ] Safepoint synchronization initiated using futex wait barrier. (203 threads)
[2025-06-05T06:25:45.674+0000][20.339s][info ][safepoint   ] Safepoint "ICBufferFull", Time since last: 3609750 ns, Reaching safepoint: 430333 ns, Cleanup: 26625 ns, At safepoint: 40584 ns, Total: 497542 ns
[2025-06-05T06:25:45.674+0000][20.339s][debug][safepoint   ] Safepoint synchronization initiated using futex wait barrier. (204 threads)
[2025-06-05T06:25:45.676+0000][20.341s][info ][safepoint   ] Safepoint "ICBufferFull", Time since last: 300708 ns, Reaching safepoint: 1430958 ns, Cleanup: 26084 ns, At safepoint: 32250 ns, Total: 1489292 ns
[2025-06-05T06:25:45.788+0000][20.453s][debug][safepoint   ] Safepoint synchronization initiated using futex wait barrier. (206 threads)
[2025-06-05T06:25:45.788+0000][20.453s][info ][safepoint   ] Safepoint "ICBufferFull", Time since last: 112499458 ns, Reaching safepoint: 149542 ns, Cleanup: 114625 ns, At safepoint: 19083 ns, Total: 283250 ns
[2025-06-05T06:25:46.520+0000][21.185s][debug][safepoint   ] Safepoint synchronization initiated using futex wait barrier. (206 threads)
[2025-06-05T06:25:46.520+0000][21.185s][info ][gc,start    ] GC(71) Pause Young (Normal) (G1 Evacuation Pause)
[2025-06-05T06:25:46.520+0000][21.185s][info ][gc,task     ] GC(71) Using 2 workers of 2 for evacuation
[2025-06-05T06:25:46.532+0000][21.197s][info ][gc,phases   ] GC(71)   Pre Evacuate Collection Set: 0.1ms
[2025-06-05T06:25:46.532+0000][21.197s][info ][gc,phases   ] GC(71)   Merge Heap Roots: 0.1ms
[2025-06-05T06:25:46.532+0000][21.197s][info ][gc,phases   ] GC(71)   Evacuate Collection Set: 10.9ms
[2025-06-05T06:25:46.533+0000][21.198s][info ][gc,phases   ] GC(71)   Post Evacuate Collection Set: 1.1ms
[2025-06-05T06:25:46.533+0000][21.198s][info ][gc,phases   ] GC(71)   Other: 0.2ms
[2025-06-05T06:25:46.533+0000][21.198s][info ][gc,heap     ] GC(71) Eden regions: 126->0(125)
[2025-06-05T06:25:46.533+0000][21.198s][info ][gc,heap     ] GC(71) Survivor regions: 11->10(18)
[2025-06-05T06:25:46.533+0000][21.198s][info ][gc,heap     ] GC(71) Old regions: 153->155
[2025-06-05T06:25:46.533+0000][21.198s][info ][gc,heap     ] GC(71) Archive regions: 2->2
[2025-06-05T06:25:46.533+0000][21.198s][info ][gc,heap     ] GC(71) Humongous regions: 0->0
[2025-06-05T06:25:46.533+0000][21.198s][info ][gc,metaspace] GC(71) Metaspace: 169707K(170944K)->169707K(170944K) NonClass: 148766K(149440K)->148766K(149440K) Class: 20940K(21504K)->20940K(21504K)
[2025-06-05T06:25:46.533+0000][21.198s][info ][gc          ] GC(71) Pause Young (Normal) (G1 Evacuation Pause) 289M->165M(337M) 12.988ms
[2025-06-05T06:25:46.533+0000][21.198s][info ][gc,cpu      ] GC(71) User=0.03s Sys=0.00s Real=0.01s
[2025-06-05T06:25:46.533+0000][21.198s][info ][safepoint   ] Safepoint "G1CollectForAllocation", Time since last: 731268917 ns, Reaching safepoint: 94625 ns, Cleanup: 46667 ns, At safepoint: 13226375 ns, Total: 13367667 ns
[2025-06-05T06:25:47.534+0000][22.200s][debug][safepoint   ] Safepoint synchronization initiated using futex wait barrier. (207 threads)
[2025-06-05T06:25:47.535+0000][22.200s][info ][safepoint   ] Safepoint "Cleanup", Time since last: 1001410250 ns, Reaching safepoint: 93625 ns, Cleanup: 50500 ns, At safepoint: 7959 ns, Total: 152084 ns
[2025-06-05T06:25:47.752+0000][22.417s][debug][safepoint   ] Safepoint synchronization initiated using futex wait barrier. (207 threads)
[2025-06-05T06:25:47.752+0000][22.417s][info ][gc,start    ] GC(72) Pause Young (Normal) (G1 Evacuation Pause)
[2025-06-05T06:25:47.752+0000][22.417s][info ][gc,task     ] GC(72) Using 2 workers of 2 for evacuation
[2025-06-05T06:25:47.762+0000][22.427s][info ][gc,phases   ] GC(72)   Pre Evacuate Collection Set: 0.1ms
[2025-06-05T06:25:47.762+0000][22.427s][info ][gc,phases   ] GC(72)   Merge Heap Roots: 0.1ms
[2025-06-05T06:25:47.762+0000][22.427s][info ][gc,phases   ] GC(72)   Evacuate Collection Set: 8.7ms
[2025-06-05T06:25:47.762+0000][22.427s][info ][gc,phases   ] GC(72)   Post Evacuate Collection Set: 1.0ms
[2025-06-05T06:25:47.762+0000][22.427s][info ][gc,phases   ] GC(72)   Other: 0.2ms
[2025-06-05T06:25:47.762+0000][22.427s][info ][gc,heap     ] GC(72) Eden regions: 125->0(127)
[2025-06-05T06:25:47.762+0000][22.427s][info ][gc,heap     ] GC(72) Survivor regions: 10->6(17)
[2025-06-05T06:25:47.762+0000][22.427s][info ][gc,heap     ] GC(72) Old regions: 155->159
[2025-06-05T06:25:47.762+0000][22.427s][info ][gc,heap     ] GC(72) Archive regions: 2->2
[2025-06-05T06:25:47.762+0000][22.427s][info ][gc,heap     ] GC(72) Humongous regions: 0->0
[2025-06-05T06:25:47.762+0000][22.427s][info ][gc,metaspace] GC(72) Metaspace: 169717K(170944K)->169717K(170944K) NonClass: 148775K(149440K)->148775K(149440K) Class: 20941K(21504K)->20941K(21504K)
[2025-06-05T06:25:47.762+0000][22.427s][info ][gc          ] GC(72) Pause Young (Normal) (G1 Evacuation Pause) 290M->165M(337M) 10.738ms
[2025-06-05T06:25:47.763+0000][22.428s][info ][gc,cpu      ] GC(72) User=0.02s Sys=0.00s Real=0.01s
[2025-06-05T06:25:47.763+0000][22.428s][info ][safepoint   ] Safepoint "G1CollectForAllocation", Time since last: 216896833 ns, Reaching safepoint: 114792 ns, Cleanup: 8083 ns, At safepoint: 10973208 ns, Total: 11096083 ns
[2025-06-05T06:25:47.893+0000][22.558s][debug][safepoint   ] Safepoint synchronization initiated using futex wait barrier. (207 threads)
[2025-06-05T06:25:47.895+0000][22.560s][info ][safepoint   ] Safepoint "ICBufferFull", Time since last: 130356292 ns, Reaching safepoint: 1718458 ns, Cleanup: 99125 ns, At safepoint: 8084 ns, Total: 1825667 ns
[2025-06-05T06:25:47.901+0000][22.566s][debug][safepoint   ] Safepoint synchronization initiated using futex wait barrier. (207 threads)
[2025-06-05T06:25:47.902+0000][22.567s][info ][safepoint   ] Safepoint "ICBufferFull", Time since last: 6300000 ns, Reaching safepoint: 410500 ns, Cleanup: 113291 ns, At safepoint: 5667 ns, Total: 529458 ns
[2025-06-05T06:25:47.979+0000][22.644s][debug][safepoint   ] Safepoint synchronization initiated using futex wait barrier. (207 threads)
[2025-06-05T06:25:47.979+0000][22.644s][info ][safepoint   ] Safepoint "ICBufferFull", Time since last: 77057458 ns, Reaching safepoint: 175125 ns, Cleanup: 89042 ns, At safepoint: 12042 ns, Total: 276209 ns
[2025-06-05T06:25:48.979+0000][23.645s][debug][safepoint   ] Safepoint synchronization initiated using futex wait barrier. (208 threads)
[2025-06-05T06:25:48.980+0000][23.645s][info ][safepoint   ] Safepoint "Cleanup", Time since last: 1000522667 ns, Reaching safepoint: 185458 ns, Cleanup: 109709 ns, At safepoint: 5708 ns, Total: 300875 ns
[2025-06-05T06:25:49.476+0000][24.141s][debug][safepoint   ] Safepoint synchronization initiated using futex wait barrier. (208 threads)
[2025-06-05T06:25:49.477+0000][24.142s][info ][gc,start    ] GC(73) Pause Young (Concurrent Start) (G1 Humongous Allocation)
[2025-06-05T06:25:49.477+0000][24.142s][info ][gc,task     ] GC(73) Using 2 workers of 2 for evacuation
[2025-06-05T06:25:49.487+0000][24.152s][info ][gc,phases   ] GC(73)   Pre Evacuate Collection Set: 0.3ms
[2025-06-05T06:25:49.487+0000][24.152s][info ][gc,phases   ] GC(73)   Merge Heap Roots: 0.1ms
[2025-06-05T06:25:49.487+0000][24.152s][info ][gc,phases   ] GC(73)   Evacuate Collection Set: 8.5ms
[2025-06-05T06:25:49.487+0000][24.152s][info ][gc,phases   ] GC(73)   Post Evacuate Collection Set: 1.1ms
[2025-06-05T06:25:49.487+0000][24.152s][info ][gc,phases   ] GC(73)   Other: 0.2ms
[2025-06-05T06:25:49.487+0000][24.152s][info ][gc,heap     ] GC(73) Eden regions: 33->0(122)
[2025-06-05T06:25:49.487+0000][24.152s][info ][gc,heap     ] GC(73) Survivor regions: 6->8(17)
[2025-06-05T06:25:49.487+0000][24.152s][info ][gc,heap     ] GC(73) Old regions: 159->159
[2025-06-05T06:25:49.487+0000][24.152s][info ][gc,heap     ] GC(73) Archive regions: 2->2
[2025-06-05T06:25:49.487+0000][24.152s][info ][gc,heap     ] GC(73) Humongous regions: 20->4
[2025-06-05T06:25:49.487+0000][24.152s][info ][gc,metaspace] GC(73) Metaspace: 173392K(174592K)->173392K(174592K) NonClass: 152015K(152640K)->152015K(152640K) Class: 21377K(21952K)->21377K(21952K)
[2025-06-05T06:25:49.487+0000][24.153s][info ][gc          ] GC(73) Pause Young (Concurrent Start) (G1 Humongous Allocation) 218M->171M(337M) 10.850ms
[2025-06-05T06:25:49.488+0000][24.153s][info ][gc,cpu      ] GC(73) User=0.02s Sys=0.00s Real=0.01s
[2025-06-05T06:25:49.488+0000][24.153s][info ][gc          ] GC(74) Concurrent Undo Cycle
[2025-06-05T06:25:49.488+0000][24.153s][info ][gc,marking  ] GC(74) Concurrent Cleanup for Next Mark
[2025-06-05T06:25:49.488+0000][24.153s][info ][safepoint   ] Safepoint "G1TryInitiateConcMark", Time since last: 496539875 ns, Reaching safepoint: 221959 ns, Cleanup: 32250 ns, At safepoint: 11087250 ns, Total: 11341459 ns
[2025-06-05T06:25:49.488+0000][24.153s][info ][gc,marking  ] GC(74) Concurrent Cleanup for Next Mark 0.299ms
[2025-06-05T06:25:49.488+0000][24.153s][info ][gc          ] GC(74) Concurrent Undo Cycle 0.614ms
[2025-06-05T06:25:49.574+0000][24.239s][debug][safepoint   ] Safepoint synchronization initiated using futex wait barrier. (208 threads)
[2025-06-05T06:25:49.574+0000][24.239s][info ][gc,start    ] GC(75) Pause Young (Concurrent Start) (G1 Humongous Allocation)
[2025-06-05T06:25:49.574+0000][24.239s][info ][gc,task     ] GC(75) Using 2 workers of 2 for evacuation
[2025-06-05T06:25:49.581+0000][24.246s][info ][gc,phases   ] GC(75)   Pre Evacuate Collection Set: 0.3ms
[2025-06-05T06:25:49.581+0000][24.246s][info ][gc,phases   ] GC(75)   Merge Heap Roots: 0.1ms
[2025-06-05T06:25:49.581+0000][24.246s][info ][gc,phases   ] GC(75)   Evacuate Collection Set: 5.9ms
[2025-06-05T06:25:49.581+0000][24.246s][info ][gc,phases   ] GC(75)   Post Evacuate Collection Set: 1.0ms
[2025-06-05T06:25:49.582+0000][24.247s][info ][gc,phases   ] GC(75)   Other: 0.2ms
[2025-06-05T06:25:49.582+0000][24.247s][info ][gc,heap     ] GC(75) Eden regions: 5->0(120)
[2025-06-05T06:25:49.582+0000][24.247s][info ][gc,heap     ] GC(75) Survivor regions: 8->8(17)
[2025-06-05T06:25:49.582+0000][24.247s][info ][gc,heap     ] GC(75) Old regions: 159->159
[2025-06-05T06:25:49.582+0000][24.247s][info ][gc,heap     ] GC(75) Archive regions: 2->2
[2025-06-05T06:25:49.582+0000][24.247s][info ][gc,heap     ] GC(75) Humongous regions: 22->6
[2025-06-05T06:25:49.582+0000][24.247s][info ][gc,metaspace] GC(75) Metaspace: 173426K(174656K)->173426K(174656K) NonClass: 152045K(152704K)->152045K(152704K) Class: 21380K(21952K)->21380K(21952K)
[2025-06-05T06:25:49.582+0000][24.247s][info ][gc          ] GC(75) Pause Young (Concurrent Start) (G1 Humongous Allocation) 194M->173M(337M) 8.069ms
[2025-06-05T06:25:49.582+0000][24.247s][info ][gc,cpu      ] GC(75) User=0.01s Sys=0.00s Real=0.01s
[2025-06-05T06:25:49.582+0000][24.247s][info ][safepoint   ] Safepoint "G1TryInitiateConcMark", Time since last: 85886041 ns, Reaching safepoint: 161125 ns, Cleanup: 19750 ns, At safepoint: 8274959 ns, Total: 8455834 ns
[2025-06-05T06:25:49.582+0000][24.247s][info ][gc          ] GC(76) Concurrent Undo Cycle
[2025-06-05T06:25:49.582+0000][24.247s][info ][gc,marking  ] GC(76) Concurrent Cleanup for Next Mark
[2025-06-05T06:25:49.583+0000][24.248s][info ][gc,marking  ] GC(76) Concurrent Cleanup for Next Mark 0.260ms
[2025-06-05T06:25:49.583+0000][24.248s][info ][gc          ] GC(76) Concurrent Undo Cycle 0.617ms
[2025-06-05T06:25:49.664+0000][24.329s][debug][safepoint   ] Safepoint synchronization initiated using futex wait barrier. (208 threads)
[2025-06-05T06:25:49.664+0000][24.329s][info ][gc,start    ] GC(77) Pause Young (Concurrent Start) (G1 Humongous Allocation)
[2025-06-05T06:25:49.664+0000][24.329s][info ][gc,task     ] GC(77) Using 2 workers of 2 for evacuation
[2025-06-05T06:25:49.672+0000][24.337s][info ][gc,phases   ] GC(77)   Pre Evacuate Collection Set: 0.3ms
[2025-06-05T06:25:49.672+0000][24.337s][info ][gc,phases   ] GC(77)   Merge Heap Roots: 0.1ms
[2025-06-05T06:25:49.672+0000][24.337s][info ][gc,phases   ] GC(77)   Evacuate Collection Set: 5.9ms
[2025-06-05T06:25:49.672+0000][24.337s][info ][gc,phases   ] GC(77)   Post Evacuate Collection Set: 1.2ms
[2025-06-05T06:25:49.672+0000][24.337s][info ][gc,phases   ] GC(77)   Other: 0.2ms
[2025-06-05T06:25:49.672+0000][24.337s][info ][gc,heap     ] GC(77) Eden regions: 2->0(122)
[2025-06-05T06:25:49.672+0000][24.337s][info ][gc,heap     ] GC(77) Survivor regions: 8->7(16)
[2025-06-05T06:25:49.672+0000][24.337s][info ][gc,heap     ] GC(77) Old regions: 159->159
[2025-06-05T06:25:49.672+0000][24.337s][info ][gc,heap     ] GC(77) Archive regions: 2->2
[2025-06-05T06:25:49.672+0000][24.337s][info ][gc,heap     ] GC(77) Humongous regions: 23->6
[2025-06-05T06:25:49.672+0000][24.337s][info ][gc,metaspace] GC(77) Metaspace: 173430K(174656K)->173430K(174656K) NonClass: 152049K(152704K)->152049K(152704K) Class: 21380K(21952K)->21380K(21952K)
[2025-06-05T06:25:49.672+0000][24.337s][info ][gc          ] GC(77) Pause Young (Concurrent Start) (G1 Humongous Allocation) 191M->172M(337M) 8.073ms
[2025-06-05T06:25:49.672+0000][24.337s][info ][gc,cpu      ] GC(77) User=0.01s Sys=0.00s Real=0.01s
[2025-06-05T06:25:49.672+0000][24.337s][info ][gc          ] GC(78) Concurrent Undo Cycle
[2025-06-05T06:25:49.673+0000][24.338s][info ][gc,marking  ] GC(78) Concurrent Cleanup for Next Mark
[2025-06-05T06:25:49.673+0000][24.338s][info ][safepoint   ] Safepoint "G1TryInitiateConcMark", Time since last: 81892708 ns, Reaching safepoint: 155917 ns, Cleanup: 10166 ns, At safepoint: 8593084 ns, Total: 8759167 ns
[2025-06-05T06:25:49.673+0000][24.338s][info ][gc,marking  ] GC(78) Concurrent Cleanup for Next Mark 0.279ms
[2025-06-05T06:25:49.673+0000][24.338s][info ][gc          ] GC(78) Concurrent Undo Cycle 0.661ms
[2025-06-05T06:25:49.751+0000][24.416s][debug][safepoint   ] Safepoint synchronization initiated using futex wait barrier. (208 threads)
[2025-06-05T06:25:49.751+0000][24.417s][info ][gc,start    ] GC(79) Pause Young (Concurrent Start) (G1 Humongous Allocation)
[2025-06-05T06:25:49.752+0000][24.417s][info ][gc,task     ] GC(79) Using 2 workers of 2 for evacuation
[2025-06-05T06:25:49.759+0000][24.424s][info ][gc,phases   ] GC(79)   Pre Evacuate Collection Set: 0.3ms
[2025-06-05T06:25:49.759+0000][24.424s][info ][gc,phases   ] GC(79)   Merge Heap Roots: 0.1ms
[2025-06-05T06:25:49.759+0000][24.424s][info ][gc,phases   ] GC(79)   Evacuate Collection Set: 5.8ms
[2025-06-05T06:25:49.759+0000][24.424s][info ][gc,phases   ] GC(79)   Post Evacuate Collection Set: 1.0ms
[2025-06-05T06:25:49.759+0000][24.424s][info ][gc,phases   ] GC(79)   Other: 0.2ms
[2025-06-05T06:25:49.759+0000][24.424s][info ][gc,heap     ] GC(79) Eden regions: 2->0(122)
[2025-06-05T06:25:49.759+0000][24.424s][info ][gc,heap     ] GC(79) Survivor regions: 7->8(17)
[2025-06-05T06:25:49.759+0000][24.424s][info ][gc,heap     ] GC(79) Old regions: 159->159
[2025-06-05T06:25:49.759+0000][24.424s][info ][gc,heap     ] GC(79) Archive regions: 2->2
[2025-06-05T06:25:49.759+0000][24.424s][info ][gc,heap     ] GC(79) Humongous regions: 22->4
[2025-06-05T06:25:49.759+0000][24.424s][info ][gc,metaspace] GC(79) Metaspace: 173435K(174656K)->173435K(174656K) NonClass: 152054K(152704K)->152054K(152704K) Class: 21380K(21952K)->21380K(21952K)
[2025-06-05T06:25:49.759+0000][24.424s][info ][gc          ] GC(79) Pause Young (Concurrent Start) (G1 Humongous Allocation) 189M->171M(337M) 7.933ms
[2025-06-05T06:25:49.760+0000][24.425s][info ][gc,cpu      ] GC(79) User=0.01s Sys=0.00s Real=0.01s
[2025-06-05T06:25:49.760+0000][24.425s][info ][safepoint   ] Safepoint "G1TryInitiateConcMark", Time since last: 78576458 ns, Reaching safepoint: 181208 ns, Cleanup: 8875 ns, At safepoint: 8134750 ns, Total: 8324833 ns
[2025-06-05T06:25:49.760+0000][24.425s][info ][gc          ] GC(80) Concurrent Undo Cycle
[2025-06-05T06:25:49.760+0000][24.425s][info ][gc,marking  ] GC(80) Concurrent Cleanup for Next Mark
[2025-06-05T06:25:49.760+0000][24.425s][info ][gc,marking  ] GC(80) Concurrent Cleanup for Next Mark 0.238ms
[2025-06-05T06:25:49.760+0000][24.425s][info ][gc          ] GC(80) Concurrent Undo Cycle 0.436ms
[2025-06-05T06:25:49.900+0000][24.565s][debug][safepoint   ] Safepoint synchronization initiated using futex wait barrier. (209 threads)
[2025-06-05T06:25:49.900+0000][24.565s][info ][gc,start    ] GC(81) Pause Young (Concurrent Start) (G1 Humongous Allocation)
[2025-06-05T06:25:49.900+0000][24.565s][info ][gc,task     ] GC(81) Using 2 workers of 2 for evacuation
[2025-06-05T06:25:49.908+0000][24.573s][info ][gc,phases   ] GC(81)   Pre Evacuate Collection Set: 0.3ms
[2025-06-05T06:25:49.908+0000][24.573s][info ][gc,phases   ] GC(81)   Merge Heap Roots: 0.1ms
[2025-06-05T06:25:49.908+0000][24.573s][info ][gc,phases   ] GC(81)   Evacuate Collection Set: 6.0ms
[2025-06-05T06:25:49.908+0000][24.573s][info ][gc,phases   ] GC(81)   Post Evacuate Collection Set: 1.3ms
[2025-06-05T06:25:49.908+0000][24.573s][info ][gc,phases   ] GC(81)   Other: 0.2ms
[2025-06-05T06:25:49.908+0000][24.573s][info ][gc,heap     ] GC(81) Eden regions: 12->0(165)
[2025-06-05T06:25:49.909+0000][24.574s][info ][gc,heap     ] GC(81) Survivor regions: 8->7(17)
[2025-06-05T06:25:49.909+0000][24.574s][info ][gc,heap     ] GC(81) Old regions: 159->159
[2025-06-05T06:25:49.909+0000][24.574s][info ][gc,heap     ] GC(81) Archive regions: 2->2
[2025-06-05T06:25:49.909+0000][24.574s][info ][gc,heap     ] GC(81) Humongous regions: 19->2
[2025-06-05T06:25:49.909+0000][24.574s][info ][gc,metaspace] GC(81) Metaspace: 173966K(175232K)->173966K(175232K) NonClass: 152521K(153152K)->152521K(153152K) Class: 21445K(22080K)->21445K(22080K)
[2025-06-05T06:25:49.909+0000][24.574s][info ][gc          ] GC(81) Pause Young (Concurrent Start) (G1 Humongous Allocation) 198M->168M(381M) 8.709ms
[2025-06-05T06:25:49.909+0000][24.574s][info ][gc,cpu      ] GC(81) User=0.02s Sys=0.00s Real=0.00s
[2025-06-05T06:25:49.909+0000][24.574s][info ][gc          ] GC(82) Concurrent Undo Cycle
[2025-06-05T06:25:49.909+0000][24.574s][info ][gc,marking  ] GC(82) Concurrent Cleanup for Next Mark
[2025-06-05T06:25:49.909+0000][24.574s][info ][safepoint   ] Safepoint "G1TryInitiateConcMark", Time since last: 140396292 ns, Reaching safepoint: 170333 ns, Cleanup: 31209 ns, At safepoint: 9030958 ns, Total: 9232500 ns
[2025-06-05T06:25:49.910+0000][24.575s][info ][gc,marking  ] GC(82) Concurrent Cleanup for Next Mark 0.399ms
[2025-06-05T06:25:49.910+0000][24.575s][info ][gc          ] GC(82) Concurrent Undo Cycle 0.642ms
[2025-06-05T06:25:50.077+0000][24.742s][debug][safepoint   ] Safepoint synchronization initiated using futex wait barrier. (209 threads)
[2025-06-05T06:25:50.077+0000][24.742s][info ][safepoint   ] Safepoint "ICBufferFull", Time since last: 167348625 ns, Reaching safepoint: 231917 ns, Cleanup: 81166 ns, At safepoint: 7750 ns, Total: 320833 ns
[2025-06-05T06:25:50.224+0000][24.889s][debug][safepoint   ] Safepoint synchronization initiated using futex wait barrier. (209 threads)
[2025-06-05T06:25:50.225+0000][24.890s][info ][gc,start    ] GC(83) Pause Young (Normal) (G1 Evacuation Pause)
[2025-06-05T06:25:50.225+0000][24.890s][info ][gc,task     ] GC(83) Using 2 workers of 2 for evacuation
[2025-06-05T06:25:50.237+0000][24.902s][info ][gc,phases   ] GC(83)   Pre Evacuate Collection Set: 0.1ms
[2025-06-05T06:25:50.237+0000][24.902s][info ][gc,phases   ] GC(83)   Merge Heap Roots: 0.1ms
[2025-06-05T06:25:50.237+0000][24.902s][info ][gc,phases   ] GC(83)   Evacuate Collection Set: 10.3ms
[2025-06-05T06:25:50.237+0000][24.902s][info ][gc,phases   ] GC(83)   Post Evacuate Collection Set: 1.1ms
[2025-06-05T06:25:50.237+0000][24.902s][info ][gc,phases   ] GC(83)   Other: 0.2ms
[2025-06-05T06:25:50.237+0000][24.902s][info ][gc,heap     ] GC(83) Eden regions: 165->0(153)
[2025-06-05T06:25:50.237+0000][24.902s][info ][gc,heap     ] GC(83) Survivor regions: 7->12(22)
[2025-06-05T06:25:50.237+0000][24.902s][info ][gc,heap     ] GC(83) Old regions: 159->159
[2025-06-05T06:25:50.237+0000][24.902s][info ][gc,heap     ] GC(83) Archive regions: 2->2
[2025-06-05T06:25:50.237+0000][24.902s][info ][gc,heap     ] GC(83) Humongous regions: 20->4
[2025-06-05T06:25:50.237+0000][24.902s][info ][gc,metaspace] GC(83) Metaspace: 176375K(177664K)->176375K(177664K) NonClass: 154645K(155328K)->154645K(155328K) Class: 21729K(22336K)->21729K(22336K)
[2025-06-05T06:25:50.237+0000][24.902s][info ][gc          ] GC(83) Pause Young (Normal) (G1 Evacuation Pause) 351M->175M(381M) 12.507ms
[2025-06-05T06:25:50.237+0000][24.902s][info ][gc,cpu      ] GC(83) User=0.03s Sys=0.00s Real=0.01s
[2025-06-05T06:25:50.237+0000][24.902s][info ][safepoint   ] Safepoint "G1CollectForAllocation", Time since last: 147517042 ns, Reaching safepoint: 214459 ns, Cleanup: 72166 ns, At safepoint: 12712417 ns, Total: 12999042 ns
[2025-06-05T06:25:50.316+0000][24.981s][debug][safepoint   ] Safepoint synchronization initiated using futex wait barrier. (210 threads)
[2025-06-05T06:25:50.317+0000][24.982s][info ][safepoint   ] Safepoint "ICBufferFull", Time since last: 78119750 ns, Reaching safepoint: 1153667 ns, Cleanup: 112375 ns, At safepoint: 17333 ns, Total: 1283375 ns
[2025-06-05T06:25:50.388+0000][25.053s][debug][safepoint   ] Safepoint synchronization initiated using futex wait barrier. (210 threads)
[2025-06-05T06:25:50.388+0000][25.053s][info ][safepoint   ] Safepoint "ICBufferFull", Time since last: 70852333 ns, Reaching safepoint: 517875 ns, Cleanup: 150125 ns, At safepoint: 3209 ns, Total: 671209 ns
[2025-06-05T06:25:50.498+0000][25.163s][debug][safepoint   ] Safepoint synchronization initiated using futex wait barrier. (210 threads)
[2025-06-05T06:25:50.498+0000][25.163s][info ][safepoint   ] Safepoint "ICBufferFull", Time since last: 109562875 ns, Reaching safepoint: 221833 ns, Cleanup: 89292 ns, At safepoint: 2291 ns, Total: 313416 ns
[2025-06-05T06:25:50.610+0000][25.275s][debug][safepoint   ] Safepoint synchronization initiated using futex wait barrier. (210 threads)
[2025-06-05T06:25:50.611+0000][25.276s][info ][safepoint   ] Safepoint "ICBufferFull", Time since last: 112162834 ns, Reaching safepoint: 211708 ns, Cleanup: 112250 ns, At safepoint: 48750 ns, Total: 372708 ns
[2025-06-05T06:25:51.612+0000][26.277s][debug][safepoint   ] Safepoint synchronization initiated using futex wait barrier. (210 threads)
[2025-06-05T06:25:51.614+0000][26.279s][info ][safepoint   ] Safepoint "Cleanup", Time since last: 1001683917 ns, Reaching safepoint: 1142625 ns, Cleanup: 263959 ns, At safepoint: 30916 ns, Total: 1437500 ns
[2025-06-05T06:25:53.617+0000][28.282s][debug][safepoint   ] Safepoint synchronization initiated using futex wait barrier. (210 threads)
[2025-06-05T06:25:53.618+0000][28.283s][info ][safepoint   ] Safepoint "Cleanup", Time since last: 2003333126 ns, Reaching safepoint: 1129542 ns, Cleanup: 101166 ns, At safepoint: 17250 ns, Total: 1247958 ns
[2025-06-05T06:25:54.620+0000][29.285s][debug][safepoint   ] Safepoint synchronization initiated using futex wait barrier. (210 threads)
[2025-06-05T06:25:54.621+0000][29.286s][info ][safepoint   ] Safepoint "Cleanup", Time since last: 1001824959 ns, Reaching safepoint: 999000 ns, Cleanup: 88584 ns, At safepoint: 15833 ns, Total: 1103417 ns
[2025-06-05T06:25:58.625+0000][33.290s][debug][safepoint   ] Safepoint synchronization initiated using futex wait barrier. (210 threads)
[2025-06-05T06:25:58.626+0000][33.291s][info ][safepoint   ] Safepoint "Cleanup", Time since last: 4003369460 ns, Reaching safepoint: 1138542 ns, Cleanup: 64792 ns, At safepoint: 16333 ns, Total: 1219667 ns
[2025-06-05T06:26:00.631+0000][35.296s][debug][safepoint   ] Safepoint synchronization initiated using futex wait barrier. (210 threads)
[2025-06-05T06:26:00.631+0000][35.296s][info ][safepoint   ] Safepoint "Cleanup", Time since last: 2004767876 ns, Reaching safepoint: 444083 ns, Cleanup: 49458 ns, At safepoint: 7042 ns, Total: 500583 ns
[2025-06-05T06:26:10.648+0000][45.313s][debug][safepoint   ] Safepoint synchronization initiated using futex wait barrier. (210 threads)
[2025-06-05T06:26:10.650+0000][45.314s][info ][safepoint   ] Safepoint "Cleanup", Time since last: 10016903171 ns, Reaching safepoint: 1165167 ns, Cleanup: 95458 ns, At safepoint: 17167 ns, Total: 1277792 ns
[2025-06-05T06:26:11.650+0000][46.315s][debug][safepoint   ] Safepoint synchronization initiated using futex wait barrier. (210 threads)
[2025-06-05T06:26:11.651+0000][46.316s][info ][safepoint   ] Safepoint "Cleanup", Time since last: 1000731292 ns, Reaching safepoint: 1017625 ns, Cleanup: 109083 ns, At safepoint: 11750 ns, Total: 1138458 ns
[2025-06-05T06:26:29.354+0000][64.019s][debug][safepoint   ] Safepoint synchronization initiated using futex wait barrier. (210 threads)
[2025-06-05T06:26:29.354+0000][64.019s][info ][safepoint   ] Safepoint "Cleanup", Time since last: 17702530425 ns, Reaching safepoint: 400167 ns, Cleanup: 50958 ns, At safepoint: 10042 ns, Total: 461167 ns
[2025-06-05T06:26:30.356+0000][65.021s][debug][safepoint   ] Safepoint synchronization initiated using futex wait barrier. (210 threads)
[2025-06-05T06:26:30.357+0000][65.021s][info ][safepoint   ] Safepoint "Cleanup", Time since last: 1001675750 ns, Reaching safepoint: 363000 ns, Cleanup: 47125 ns, At safepoint: 9084 ns, Total: 419209 ns
[2025-06-05T06:26:39.372+0000][74.037s][debug][safepoint   ] Safepoint synchronization initiated using futex wait barrier. (210 threads)
[2025-06-05T06:26:39.373+0000][74.038s][info ][safepoint   ] Safepoint "Cleanup", Time since last: 9015255795 ns, Reaching safepoint: 1065792 ns, Cleanup: 88250 ns, At safepoint: 38042 ns, Total: 1192084 ns
[2025-06-05T06:26:44.380+0000][79.045s][debug][safepoint   ] Safepoint synchronization initiated using futex wait barrier. (208 threads)
[2025-06-05T06:26:44.381+0000][79.046s][info ][safepoint   ] Safepoint "Cleanup", Time since last: 5007040335 ns, Reaching safepoint: 958625 ns, Cleanup: 148459 ns, At safepoint: 15916 ns, Total: 1123000 ns
[2025-06-05T06:26:45.384+0000][80.048s][debug][safepoint   ] Safepoint synchronization initiated using futex wait barrier. (201 threads)
[2025-06-05T06:26:45.386+0000][80.050s][info ][safepoint   ] Safepoint "Cleanup", Time since last: 1002426334 ns, Reaching safepoint: 1324292 ns, Cleanup: 258542 ns, At safepoint: 27375 ns, Total: 1610209 ns
[2025-06-05T06:26:45.681+0000][80.346s][debug][safepoint   ] Safepoint synchronization initiated using futex wait barrier. (199 threads)
[2025-06-05T06:26:45.683+0000][80.348s][info ][gc,start    ] GC(84) Pause Young (Normal) (G1 Evacuation Pause)
[2025-06-05T06:26:45.684+0000][80.348s][info ][gc,task     ] GC(84) Using 2 workers of 2 for evacuation
[2025-06-05T06:26:45.713+0000][80.377s][info ][gc,phases   ] GC(84)   Pre Evacuate Collection Set: 0.5ms
[2025-06-05T06:26:45.713+0000][80.377s][info ][gc,phases   ] GC(84)   Merge Heap Roots: 0.3ms
[2025-06-05T06:26:45.713+0000][80.378s][info ][gc,phases   ] GC(84)   Evacuate Collection Set: 25.8ms
[2025-06-05T06:26:45.713+0000][80.378s][info ][gc,phases   ] GC(84)   Post Evacuate Collection Set: 1.6ms
[2025-06-05T06:26:45.713+0000][80.378s][info ][gc,phases   ] GC(84)   Other: 1.2ms
[2025-06-05T06:26:45.713+0000][80.378s][info ][gc,heap     ] GC(84) Eden regions: 153->0(149)
[2025-06-05T06:26:45.713+0000][80.378s][info ][gc,heap     ] GC(84) Survivor regions: 12->13(21)
[2025-06-05T06:26:45.713+0000][80.378s][info ][gc,heap     ] GC(84) Old regions: 159->163
[2025-06-05T06:26:45.713+0000][80.378s][info ][gc,heap     ] GC(84) Archive regions: 2->2
[2025-06-05T06:26:45.714+0000][80.378s][info ][gc,heap     ] GC(84) Humongous regions: 12->2
[2025-06-05T06:26:45.714+0000][80.378s][info ][gc,metaspace] GC(84) Metaspace: 179267K(180480K)->179267K(180480K) NonClass: 157288K(157888K)->157288K(157888K) Class: 21978K(22592K)->21978K(22592K)
[2025-06-05T06:26:45.714+0000][80.378s][info ][gc          ] GC(84) Pause Young (Normal) (G1 Evacuation Pause) 336M->177M(381M) 30.348ms
[2025-06-05T06:26:45.714+0000][80.378s][info ][gc,cpu      ] GC(84) User=0.06s Sys=0.00s Real=0.03s
[2025-06-05T06:26:45.714+0000][80.379s][info ][safepoint   ] Safepoint "G1CollectForAllocation", Time since last: 295970666 ns, Reaching safepoint: 1657000 ns, Cleanup: 15584 ns, At safepoint: 31153875 ns, Total: 32826459 ns
[2025-06-05T06:26:46.717+0000][81.382s][debug][safepoint   ] Safepoint synchronization initiated using futex wait barrier. (197 threads)
[2025-06-05T06:26:46.720+0000][81.385s][info ][safepoint   ] Safepoint "Cleanup", Time since last: 1003053417 ns, Reaching safepoint: 2862958 ns, Cleanup: 42084 ns, At safepoint: 63041 ns, Total: 2968083 ns
[2025-06-05T06:26:47.721+0000][82.386s][debug][safepoint   ] Safepoint synchronization initiated using futex wait barrier. (197 threads)
[2025-06-05T06:26:47.722+0000][82.387s][info ][safepoint   ] Safepoint "Cleanup", Time since last: 1000912167 ns, Reaching safepoint: 1009542 ns, Cleanup: 82208 ns, At safepoint: 22542 ns, Total: 1114292 ns
[2025-06-05T06:26:50.727+0000][85.391s][debug][safepoint   ] Safepoint synchronization initiated using futex wait barrier. (195 threads)
[2025-06-05T06:26:50.728+0000][85.392s][info ][safepoint   ] Safepoint "Cleanup", Time since last: 3004138293 ns, Reaching safepoint: 1147833 ns, Cleanup: 53875 ns, At safepoint: 13459 ns, Total: 1215167 ns
[2025-06-05T06:26:51.728+0000][86.393s][debug][safepoint   ] Safepoint synchronization initiated using futex wait barrier. (195 threads)
[2025-06-05T06:26:51.729+0000][86.394s][info ][safepoint   ] Safepoint "Cleanup", Time since last: 1000571500 ns, Reaching safepoint: 1009834 ns, Cleanup: 80875 ns, At safepoint: 11583 ns, Total: 1102292 ns
[2025-06-05T06:26:56.739+0000][91.404s][debug][safepoint   ] Safepoint synchronization initiated using futex wait barrier. (195 threads)
[2025-06-05T06:26:56.740+0000][91.405s][info ][safepoint   ] Safepoint "Cleanup", Time since last: 5009650669 ns, Reaching safepoint: 1150292 ns, Cleanup: 73208 ns, At safepoint: 13875 ns, Total: 1237375 ns
[2025-06-05T06:27:16.774+0000][111.439s][debug][safepoint   ] Safepoint synchronization initiated using futex wait barrier. (195 threads)
[2025-06-05T06:27:16.775+0000][111.440s][info ][safepoint   ] Safepoint "Cleanup", Time since last: 20034498051 ns, Reaching safepoint: 1074708 ns, Cleanup: 78167 ns, At safepoint: 14916 ns, Total: 1167791 ns
[2025-06-05T06:27:24.787+0000][119.452s][debug][safepoint   ] Safepoint synchronization initiated using futex wait barrier. (195 threads)
[2025-06-05T06:27:24.788+0000][119.453s][info ][safepoint   ] Safepoint "Cleanup", Time since last: 8011236879 ns, Reaching safepoint: 1159167 ns, Cleanup: 73166 ns, At safepoint: 21792 ns, Total: 1254125 ns
[2025-06-05T06:27:34.402+0000][129.067s][debug][safepoint   ] Safepoint synchronization initiated using futex wait barrier. (195 threads)
[2025-06-05T06:27:34.403+0000][129.068s][info ][safepoint   ] Safepoint "Cleanup", Time since last: 9613789171 ns, Reaching safepoint: 1322208 ns, Cleanup: 50375 ns, At safepoint: 13208 ns, Total: 1385791 ns
[2025-06-05T06:27:45.419+0000][140.084s][debug][safepoint   ] Safepoint synchronization initiated using futex wait barrier. (192 threads)
[2025-06-05T06:27:45.420+0000][140.086s][info ][safepoint   ] Safepoint "Cleanup", Time since last: 11015767339 ns, Reaching safepoint: 1551458 ns, Cleanup: 137500 ns, At safepoint: 11875 ns, Total: 1700833 ns
[2025-06-05T06:27:46.422+0000][141.087s][debug][safepoint   ] Safepoint synchronization initiated using futex wait barrier. (190 threads)
[2025-06-05T06:27:46.422+0000][141.087s][info ][safepoint   ] Safepoint "Cleanup", Time since last: 1001400709 ns, Reaching safepoint: 262792 ns, Cleanup: 17375 ns, At safepoint: 4291 ns, Total: 284458 ns
[2025-06-05T06:27:48.424+0000][143.089s][debug][safepoint   ] Safepoint synchronization initiated using futex wait barrier. (190 threads)
[2025-06-05T06:27:48.425+0000][143.090s][info ][safepoint   ] Safepoint "Cleanup", Time since last: 2001795918 ns, Reaching safepoint: 825417 ns, Cleanup: 77083 ns, At safepoint: 13542 ns, Total: 916042 ns
[2025-06-05T06:28:04.444+0000][159.109s][debug][safepoint   ] Safepoint synchronization initiated using futex wait barrier. (190 threads)
[2025-06-05T06:28:04.446+0000][159.110s][info ][safepoint   ] Safepoint "Cleanup", Time since last: 16019018215 ns, Reaching safepoint: 1172209 ns, Cleanup: 63541 ns, At safepoint: 16375 ns, Total: 1252125 ns
[2025-06-05T06:28:15.463+0000][170.128s][debug][safepoint   ] Safepoint synchronization initiated using futex wait barrier. (190 threads)
[2025-06-05T06:28:15.465+0000][170.130s][info ][safepoint   ] Safepoint "Cleanup", Time since last: 11017575714 ns, Reaching safepoint: 1847250 ns, Cleanup: 79750 ns, At safepoint: 12333 ns, Total: 1939333 ns
[2025-06-05T06:28:29.639+0000][184.303s][debug][safepoint   ] Safepoint synchronization initiated using futex wait barrier. (190 threads)
[2025-06-05T06:28:29.640+0000][184.304s][info ][safepoint   ] Safepoint "Cleanup", Time since last: 14173370507 ns, Reaching safepoint: 1048958 ns, Cleanup: 88459 ns, At safepoint: 18958 ns, Total: 1156375 ns
[2025-06-05T06:28:44.667+0000][199.332s][debug][safepoint   ] Safepoint synchronization initiated using futex wait barrier. (189 threads)
[2025-06-05T06:28:44.668+0000][199.333s][info ][safepoint   ] Safepoint "Cleanup", Time since last: 15027871590 ns, Reaching safepoint: 938167 ns, Cleanup: 89166 ns, At safepoint: 12292 ns, Total: 1039625 ns
[2025-06-05T06:28:45.669+0000][200.334s][debug][safepoint   ] Safepoint synchronization initiated using futex wait barrier. (188 threads)
[2025-06-05T06:28:45.671+0000][200.335s][info ][safepoint   ] Safepoint "Cleanup", Time since last: 1000971500 ns, Reaching safepoint: 1069917 ns, Cleanup: 155833 ns, At safepoint: 17000 ns, Total: 1242750 ns
[2025-06-05T06:28:49.675+0000][204.340s][debug][safepoint   ] Safepoint synchronization initiated using futex wait barrier. (186 threads)
[2025-06-05T06:28:49.676+0000][204.341s][info ][safepoint   ] Safepoint "Cleanup", Time since last: 4004125544 ns, Reaching safepoint: 1137208 ns, Cleanup: 75167 ns, At safepoint: 14042 ns, Total: 1226417 ns
[2025-06-05T06:28:52.688+0000][207.353s][debug][safepoint   ] Safepoint synchronization initiated using futex wait barrier. (186 threads)
[2025-06-05T06:28:52.690+0000][207.355s][info ][gc,start    ] GC(85) Pause Young (Normal) (G1 Evacuation Pause)
[2025-06-05T06:28:52.690+0000][207.355s][info ][gc,task     ] GC(85) Using 2 workers of 2 for evacuation
[2025-06-05T06:28:52.715+0000][207.380s][info ][gc,phases   ] GC(85)   Pre Evacuate Collection Set: 0.7ms
[2025-06-05T06:28:52.715+0000][207.380s][info ][gc,phases   ] GC(85)   Merge Heap Roots: 0.6ms
[2025-06-05T06:28:52.715+0000][207.380s][info ][gc,phases   ] GC(85)   Evacuate Collection Set: 21.4ms
[2025-06-05T06:28:52.715+0000][207.380s][info ][gc,phases   ] GC(85)   Post Evacuate Collection Set: 1.8ms
[2025-06-05T06:28:52.716+0000][207.380s][info ][gc,phases   ] GC(85)   Other: 0.7ms
[2025-06-05T06:28:52.716+0000][207.381s][info ][gc,heap     ] GC(85) Eden regions: 149->0(153)
[2025-06-05T06:28:52.716+0000][207.381s][info ][gc,heap     ] GC(85) Survivor regions: 13->10(21)
[2025-06-05T06:28:52.716+0000][207.381s][info ][gc,heap     ] GC(85) Old regions: 163->165
[2025-06-05T06:28:52.716+0000][207.381s][info ][gc,heap     ] GC(85) Archive regions: 2->2
[2025-06-05T06:28:52.716+0000][207.381s][info ][gc,heap     ] GC(85) Humongous regions: 2->2
[2025-06-05T06:28:52.716+0000][207.381s][info ][gc,metaspace] GC(85) Metaspace: 179456K(180800K)->179456K(180800K) NonClass: 157473K(158144K)->157473K(158144K) Class: 21983K(22656K)->21983K(22656K)
[2025-06-05T06:28:52.716+0000][207.381s][info ][gc          ] GC(85) Pause Young (Normal) (G1 Evacuation Pause) 326M->177M(381M) 26.215ms
[2025-06-05T06:28:52.716+0000][207.381s][info ][gc,cpu      ] GC(85) User=0.05s Sys=0.01s Real=0.02s
[2025-06-05T06:28:52.717+0000][207.382s][info ][safepoint   ] Safepoint "G1CollectForAllocation", Time since last: 3012068418 ns, Reaching safepoint: 1824250 ns, Cleanup: 23333 ns, At safepoint: 27140167 ns, Total: 28987750 ns
[2025-06-05T06:28:59.731+0000][214.396s][debug][safepoint   ] Safepoint synchronization initiated using futex wait barrier. (186 threads)
[2025-06-05T06:28:59.732+0000][214.397s][info ][safepoint   ] Safepoint "Cleanup", Time since last: 7013641336 ns, Reaching safepoint: 1077084 ns, Cleanup: 123500 ns, At safepoint: 14583 ns, Total: 1215167 ns
[2025-06-05T06:29:29.778+0000][244.442s][debug][safepoint   ] Safepoint synchronization initiated using futex wait barrier. (186 threads)
[2025-06-05T06:29:29.780+0000][244.444s][info ][safepoint   ] Safepoint "Cleanup", Time since last: 30045774347 ns, Reaching safepoint: 1232542 ns, Cleanup: 82625 ns, At safepoint: 31500 ns, Total: 1346667 ns
[2025-06-05T06:29:40.799+0000][255.463s][debug][safepoint   ] Safepoint synchronization initiated using futex wait barrier. (186 threads)
[2025-06-05T06:29:40.800+0000][255.465s][info ][safepoint   ] Safepoint "Cleanup", Time since last: 11019559046 ns, Reaching safepoint: 1182917 ns, Cleanup: 91792 ns, At safepoint: 18375 ns, Total: 1293084 ns
[2025-06-05T06:29:44.805+0000][259.470s][debug][safepoint   ] Safepoint synchronization initiated using futex wait barrier. (186 threads)
[2025-06-05T06:29:44.806+0000][259.470s][info ][safepoint   ] Safepoint "Cleanup", Time since last: 4005431627 ns, Reaching safepoint: 298208 ns, Cleanup: 66083 ns, At safepoint: 10250 ns, Total: 374541 ns
[2025-06-05T06:29:45.807+0000][260.472s][debug][safepoint   ] Safepoint synchronization initiated using futex wait barrier. (183 threads)
[2025-06-05T06:29:45.808+0000][260.473s][info ][safepoint   ] Safepoint "Cleanup", Time since last: 1001152126 ns, Reaching safepoint: 1016166 ns, Cleanup: 72292 ns, At safepoint: 15875 ns, Total: 1104333 ns
[2025-06-05T06:29:49.814+0000][264.478s][debug][safepoint   ] Safepoint synchronization initiated using futex wait barrier. (183 threads)
[2025-06-05T06:29:49.814+0000][264.479s][info ][safepoint   ] Safepoint "Cleanup", Time since last: 4005768377 ns, Reaching safepoint: 216333 ns, Cleanup: 26667 ns, At safepoint: 4792 ns, Total: 247792 ns
[2025-06-05T06:29:50.816+0000][265.481s][debug][safepoint   ] Safepoint synchronization initiated using futex wait barrier. (183 threads)
[2025-06-05T06:29:50.817+0000][265.482s][info ][safepoint   ] Safepoint "Cleanup", Time since last: 1001924625 ns, Reaching safepoint: 931583 ns, Cleanup: 88875 ns, At safepoint: 18042 ns, Total: 1038500 ns
[2025-06-05T06:30:05.843+0000][280.507s][debug][safepoint   ] Safepoint synchronization initiated using futex wait barrier. (183 threads)
[2025-06-05T06:30:05.845+0000][280.509s][info ][safepoint   ] Safepoint "Cleanup", Time since last: 15025742965 ns, Reaching safepoint: 1451000 ns, Cleanup: 162375 ns, At safepoint: 23708 ns, Total: 1637083 ns
[2025-06-05T06:30:21.948+0000][296.612s][debug][safepoint   ] Safepoint synchronization initiated using futex wait barrier. (183 threads)
[2025-06-05T06:30:21.948+0000][296.612s][info ][safepoint   ] Safepoint "Cleanup", Time since last: 16102962633 ns, Reaching safepoint: 343625 ns, Cleanup: 11125 ns, At safepoint: 5292 ns, Total: 360042 ns
[2025-06-05T06:30:22.077+0000][296.741s][debug][safepoint   ] Safepoint synchronization initiated using futex wait barrier. (183 threads)
[2025-06-05T06:30:22.078+0000][296.743s][info ][gc,start    ] GC(86) Pause Young (Normal) (G1 Evacuation Pause)
[2025-06-05T06:30:22.078+0000][296.743s][info ][gc,task     ] GC(86) Using 2 workers of 2 for evacuation
[2025-06-05T06:30:22.092+0000][296.756s][info ][gc,phases   ] GC(86)   Pre Evacuate Collection Set: 0.1ms
[2025-06-05T06:30:22.092+0000][296.756s][info ][gc,phases   ] GC(86)   Merge Heap Roots: 0.1ms
[2025-06-05T06:30:22.092+0000][296.756s][info ][gc,phases   ] GC(86)   Evacuate Collection Set: 11.4ms
[2025-06-05T06:30:22.092+0000][296.756s][info ][gc,phases   ] GC(86)   Post Evacuate Collection Set: 1.3ms
[2025-06-05T06:30:22.092+0000][296.756s][info ][gc,phases   ] GC(86)   Other: 0.4ms
[2025-06-05T06:30:22.092+0000][296.756s][info ][gc,heap     ] GC(86) Eden regions: 153->0(149)
[2025-06-05T06:30:22.092+0000][296.756s][info ][gc,heap     ] GC(86) Survivor regions: 10->12(21)
[2025-06-05T06:30:22.092+0000][296.756s][info ][gc,heap     ] GC(86) Old regions: 165->165
[2025-06-05T06:30:22.092+0000][296.756s][info ][gc,heap     ] GC(86) Archive regions: 2->2
[2025-06-05T06:30:22.092+0000][296.756s][info ][gc,heap     ] GC(86) Humongous regions: 2->2
[2025-06-05T06:30:22.092+0000][296.757s][info ][gc,metaspace] GC(86) Metaspace: 181276K(182592K)->181276K(182592K) NonClass: 159085K(159744K)->159085K(159744K) Class: 22190K(22848K)->22190K(22848K)
[2025-06-05T06:30:22.092+0000][296.757s][info ][gc          ] GC(86) Pause Young (Normal) (G1 Evacuation Pause) 330M->178M(381M) 13.895ms
[2025-06-05T06:30:22.092+0000][296.757s][info ][gc,cpu      ] GC(86) User=0.04s Sys=0.00s Real=0.02s
[2025-06-05T06:30:22.092+0000][296.757s][info ][safepoint   ] Safepoint "G1CollectForAllocation", Time since last: 128923458 ns, Reaching safepoint: 1212875 ns, Cleanup: 96208 ns, At safepoint: 14130042 ns, Total: 15439125 ns
[2025-06-05T06:30:22.753+0000][297.418s][debug][safepoint   ] Safepoint synchronization initiated using futex wait barrier. (183 threads)
[2025-06-05T06:30:22.754+0000][297.418s][info ][safepoint   ] Safepoint "ICBufferFull", Time since last: 660955000 ns, Reaching safepoint: 166667 ns, Cleanup: 107750 ns, At safepoint: 8833 ns, Total: 283250 ns
[2025-06-05T06:30:23.183+0000][297.848s][debug][safepoint   ] Safepoint synchronization initiated using futex wait barrier. (183 threads)
[2025-06-05T06:30:23.183+0000][297.848s][info ][safepoint   ] Safepoint "ICBufferFull", Time since last: 429526626 ns, Reaching safepoint: 196625 ns, Cleanup: 102750 ns, At safepoint: 7666 ns, Total: 307041 ns
[2025-06-05T06:30:23.302+0000][297.966s][debug][safepoint   ] Safepoint synchronization initiated using futex wait barrier. (183 threads)
[2025-06-05T06:30:23.302+0000][297.966s][info ][safepoint   ] Safepoint "ICBufferFull", Time since last: 118280375 ns, Reaching safepoint: 172125 ns, Cleanup: 127709 ns, At safepoint: 4833 ns, Total: 304667 ns
[2025-06-05T06:30:23.397+0000][298.062s][debug][safepoint   ] Safepoint synchronization initiated using futex wait barrier. (183 threads)
[2025-06-05T06:30:23.398+0000][298.062s][info ][gc,start    ] GC(87) Pause Young (Normal) (G1 Evacuation Pause)
[2025-06-05T06:30:23.398+0000][298.062s][info ][gc,task     ] GC(87) Using 2 workers of 2 for evacuation
[2025-06-05T06:30:23.413+0000][298.077s][info ][gc,phases   ] GC(87)   Pre Evacuate Collection Set: 0.1ms
[2025-06-05T06:30:23.413+0000][298.077s][info ][gc,phases   ] GC(87)   Merge Heap Roots: 0.1ms
[2025-06-05T06:30:23.413+0000][298.077s][info ][gc,phases   ] GC(87)   Evacuate Collection Set: 13.0ms
[2025-06-05T06:30:23.413+0000][298.077s][info ][gc,phases   ] GC(87)   Post Evacuate Collection Set: 1.3ms
[2025-06-05T06:30:23.413+0000][298.077s][info ][gc,phases   ] GC(87)   Other: 0.2ms
[2025-06-05T06:30:23.413+0000][298.077s][info ][gc,heap     ] GC(87) Eden regions: 149->0(142)
[2025-06-05T06:30:23.413+0000][298.077s][info ][gc,heap     ] GC(87) Survivor regions: 12->15(21)
[2025-06-05T06:30:23.413+0000][298.077s][info ][gc,heap     ] GC(87) Old regions: 165->166
[2025-06-05T06:30:23.413+0000][298.077s][info ][gc,heap     ] GC(87) Archive regions: 2->2
[2025-06-05T06:30:23.413+0000][298.077s][info ][gc,heap     ] GC(87) Humongous regions: 18->2
[2025-06-05T06:30:23.413+0000][298.078s][info ][gc,metaspace] GC(87) Metaspace: 181979K(183232K)->181979K(183232K) NonClass: 159739K(160384K)->159739K(160384K) Class: 22239K(22848K)->22239K(22848K)
[2025-06-05T06:30:23.413+0000][298.078s][info ][gc          ] GC(87) Pause Young (Normal) (G1 Evacuation Pause) 343M->182M(381M) 15.383ms
[2025-06-05T06:30:23.413+0000][298.078s][info ][gc,cpu      ] GC(87) User=0.05s Sys=0.00s Real=0.02s
[2025-06-05T06:30:23.413+0000][298.078s][info ][safepoint   ] Safepoint "G1CollectForAllocation", Time since last: 95467875 ns, Reaching safepoint: 184375 ns, Cleanup: 115500 ns, At safepoint: 15637625 ns, Total: 15937500 ns
[2025-06-05T06:30:24.417+0000][299.081s][debug][safepoint   ] Safepoint synchronization initiated using futex wait barrier. (183 threads)
[2025-06-05T06:30:24.418+0000][299.082s][info ][safepoint   ] Safepoint "Cleanup", Time since last: 1003462875 ns, Reaching safepoint: 748917 ns, Cleanup: 125875 ns, At safepoint: 12375 ns, Total: 887167 ns
[2025-06-05T06:31:02.609+0000][319.439s][debug][safepoint   ] Safepoint synchronization initiated using futex wait barrier. (181 threads)
[2025-06-05T06:31:02.610+0000][319.439s][info ][safepoint   ] Safepoint "Cleanup", Time since last: 20356415759 ns, Reaching safepoint: 388833 ns, Cleanup: 22292 ns, At safepoint: 50667 ns, Total: 461792 ns
[2025-06-05T06:31:03.613+0000][320.442s][debug][safepoint   ] Safepoint synchronization initiated using futex wait barrier. (181 threads)
[2025-06-05T06:31:03.615+0000][320.444s][info ][safepoint   ] Safepoint "Cleanup", Time since last: 1002724500 ns, Reaching safepoint: 2128625 ns, Cleanup: 59417 ns, At safepoint: 20000 ns, Total: 2208042 ns
[2025-06-05T06:31:05.619+0000][322.448s][debug][safepoint   ] Safepoint synchronization initiated using futex wait barrier. (181 threads)
[2025-06-05T06:31:05.620+0000][322.449s][info ][safepoint   ] Safepoint "Cleanup", Time since last: 2003879209 ns, Reaching safepoint: 1098333 ns, Cleanup: 64250 ns, At safepoint: 13875 ns, Total: 1176458 ns
[2025-06-05T06:31:09.625+0000][326.454s][debug][safepoint   ] Safepoint synchronization initiated using futex wait barrier. (181 threads)
[2025-06-05T06:31:09.626+0000][326.455s][info ][safepoint   ] Safepoint "Cleanup", Time since last: 4005076544 ns, Reaching safepoint: 1163625 ns, Cleanup: 70625 ns, At safepoint: 11792 ns, Total: 1246042 ns
[2025-06-05T06:31:10.628+0000][327.457s][debug][safepoint   ] Safepoint synchronization initiated using futex wait barrier. (181 threads)
[2025-06-05T06:31:10.629+0000][327.458s][info ][safepoint   ] Safepoint "Cleanup", Time since last: 1002062042 ns, Reaching safepoint: 825166 ns, Cleanup: 64917 ns, At safepoint: 11625 ns, Total: 901708 ns
[2025-06-05T06:31:38.676+0000][355.504s][debug][safepoint   ] Safepoint synchronization initiated using futex wait barrier. (181 threads)
[2025-06-05T06:31:38.676+0000][355.505s][info ][safepoint   ] Safepoint "Cleanup", Time since last: 28045889763 ns, Reaching safepoint: 476083 ns, Cleanup: 20333 ns, At safepoint: 5709 ns, Total: 502125 ns
[2025-06-05T06:31:39.678+0000][356.507s][debug][safepoint   ] Safepoint synchronization initiated using futex wait barrier. (181 threads)
[2025-06-05T06:31:39.679+0000][356.508s][info ][safepoint   ] Safepoint "Cleanup", Time since last: 1001923584 ns, Reaching safepoint: 945083 ns, Cleanup: 86375 ns, At safepoint: 12750 ns, Total: 1044208 ns
[2025-06-05T06:31:45.818+0000][362.647s][debug][safepoint   ] Safepoint synchronization initiated using futex wait barrier. (181 threads)
[2025-06-05T06:31:45.819+0000][362.648s][info ][safepoint   ] Safepoint "Cleanup", Time since last: 6138928670 ns, Reaching safepoint: 1008208 ns, Cleanup: 73458 ns, At safepoint: 12667 ns, Total: 1094333 ns
[2025-06-05T06:32:02.850+0000][379.678s][debug][safepoint   ] Safepoint synchronization initiated using futex wait barrier. (180 threads)
[2025-06-05T06:32:02.850+0000][379.679s][info ][safepoint   ] Safepoint "Cleanup", Time since last: 17030573215 ns, Reaching safepoint: 356000 ns, Cleanup: 58917 ns, At safepoint: 6417 ns, Total: 421334 ns
[2025-06-05T06:32:05.853+0000][382.682s][debug][safepoint   ] Safepoint synchronization initiated using futex wait barrier. (179 threads)
[2025-06-05T06:32:05.855+0000][382.683s][info ][safepoint   ] Safepoint "Cleanup", Time since last: 3003365626 ns, Reaching safepoint: 1035375 ns, Cleanup: 80958 ns, At safepoint: 11334 ns, Total: 1127667 ns
[2025-06-05T06:32:09.860+0000][386.688s][debug][safepoint   ] Safepoint synchronization initiated using futex wait barrier. (179 threads)
[2025-06-05T06:32:09.861+0000][386.690s][info ][safepoint   ] Safepoint "Cleanup", Time since last: 4005021960 ns, Reaching safepoint: 1312875 ns, Cleanup: 82083 ns, At safepoint: 14000 ns, Total: 1408958 ns
[2025-06-05T06:32:33.899+0000][410.727s][debug][safepoint   ] Safepoint synchronization initiated using futex wait barrier. (179 threads)
[2025-06-05T06:32:33.899+0000][410.727s][info ][safepoint   ] Safepoint "Cleanup", Time since last: 24036885470 ns, Reaching safepoint: 477000 ns, Cleanup: 27708 ns, At safepoint: 5333 ns, Total: 510041 ns
[2025-06-05T06:32:34.900+0000][411.728s][debug][safepoint   ] Safepoint synchronization initiated using futex wait barrier. (179 threads)
[2025-06-05T06:32:34.901+0000][411.729s][info ][safepoint   ] Safepoint "Cleanup", Time since last: 1000799084 ns, Reaching safepoint: 633750 ns, Cleanup: 65250 ns, At safepoint: 20792 ns, Total: 719792 ns
[2025-06-05T06:32:42.261+0000][419.089s][debug][safepoint   ] Safepoint synchronization initiated using futex wait barrier. (179 threads)
[2025-06-05T06:32:42.262+0000][419.090s][info ][gc,start    ] GC(88) Pause Young (Normal) (G1 Evacuation Pause)
[2025-06-05T06:32:42.264+0000][419.092s][info ][gc,task     ] GC(88) Using 2 workers of 2 for evacuation
[2025-06-05T06:32:42.291+0000][419.119s][info ][gc,phases   ] GC(88)   Pre Evacuate Collection Set: 0.3ms
[2025-06-05T06:32:42.291+0000][419.119s][info ][gc,phases   ] GC(88)   Merge Heap Roots: 0.3ms
[2025-06-05T06:32:42.291+0000][419.119s][info ][gc,phases   ] GC(88)   Evacuate Collection Set: 24.0ms
[2025-06-05T06:32:42.291+0000][419.119s][info ][gc,phases   ] GC(88)   Post Evacuate Collection Set: 1.5ms
[2025-06-05T06:32:42.292+0000][419.119s][info ][gc,phases   ] GC(88)   Other: 3.2ms
[2025-06-05T06:32:42.292+0000][419.120s][info ][gc,heap     ] GC(88) Eden regions: 142->0(147)
[2025-06-05T06:32:42.292+0000][419.120s][info ][gc,heap     ] GC(88) Survivor regions: 15->10(20)
[2025-06-05T06:32:42.292+0000][419.120s][info ][gc,heap     ] GC(88) Old regions: 166->171
[2025-06-05T06:32:42.292+0000][419.120s][info ][gc,heap     ] GC(88) Archive regions: 2->2
[2025-06-05T06:32:42.292+0000][419.120s][info ][gc,heap     ] GC(88) Humongous regions: 2->2
[2025-06-05T06:32:42.292+0000][419.120s][info ][gc,metaspace] GC(88) Metaspace: 182077K(183296K)->182077K(183296K) NonClass: 159837K(160448K)->159837K(160448K) Class: 22240K(22848K)->22240K(22848K)
[2025-06-05T06:32:42.292+0000][419.120s][info ][gc          ] GC(88) Pause Young (Normal) (G1 Evacuation Pause) 324M->182M(381M) 30.115ms
[2025-06-05T06:32:42.292+0000][419.120s][info ][gc,cpu      ] GC(88) User=0.06s Sys=0.00s Real=0.03s
[2025-06-05T06:32:42.292+0000][419.120s][info ][safepoint   ] Safepoint "G1CollectForAllocation", Time since last: 7359964628 ns, Reaching safepoint: 1055292 ns, Cleanup: 63875 ns, At safepoint: 30666958 ns, Total: 31786125 ns
[2025-06-05T06:32:43.294+0000][420.122s][debug][safepoint   ] Safepoint synchronization initiated using futex wait barrier. (179 threads)
[2025-06-05T06:32:43.296+0000][420.124s][info ][safepoint   ] Safepoint "Cleanup", Time since last: 1001722292 ns, Reaching safepoint: 1584042 ns, Cleanup: 104958 ns, At safepoint: 17334 ns, Total: 1706334 ns
[2025-06-05T06:32:52.313+0000][429.141s][debug][safepoint   ] Safepoint synchronization initiated using futex wait barrier. (178 threads)
[2025-06-05T06:32:52.314+0000][429.142s][info ][safepoint   ] Safepoint "Cleanup", Time since last: 9016927795 ns, Reaching safepoint: 930041 ns, Cleanup: 51625 ns, At safepoint: 14959 ns, Total: 996625 ns
[2025-06-05T06:33:02.329+0000][439.157s][debug][safepoint   ] Safepoint synchronization initiated using futex wait barrier. (178 threads)
[2025-06-05T06:33:02.330+0000][439.157s][info ][safepoint   ] Safepoint "Cleanup", Time since last: 10015242754 ns, Reaching safepoint: 482125 ns, Cleanup: 40959 ns, At safepoint: 4833 ns, Total: 527917 ns
[2025-06-05T06:33:03.332+0000][440.160s][debug][safepoint   ] Safepoint synchronization initiated using futex wait barrier. (178 threads)
[2025-06-05T06:33:03.333+0000][440.161s][info ][safepoint   ] Safepoint "Cleanup", Time since last: 1002687209 ns, Reaching safepoint: 962667 ns, Cleanup: 114291 ns, At safepoint: 16459 ns, Total: 1093417 ns
[2025-06-05T06:33:11.348+0000][448.176s][debug][safepoint   ] Safepoint synchronization initiated using futex wait barrier. (179 threads)
[2025-06-05T06:33:11.349+0000][448.177s][info ][safepoint   ] Safepoint "Cleanup", Time since last: 8014449128 ns, Reaching safepoint: 1052792 ns, Cleanup: 170375 ns, At safepoint: 16708 ns, Total: 1239875 ns
