[2025-06-05T06:36:04.552+0000][0.002s][info][gc] Using G1
[2025-06-05T06:36:04.553+0000][0.004s][info][gc,init] Version: 17.0.12+7-Debian-2deb12u1 (release)
[2025-06-05T06:36:04.553+0000][0.004s][info][gc,init] CPUs: 10 total, 2 available
[2025-06-05T06:36:04.554+0000][0.004s][info][gc,init] Memory: 4096M
[2025-06-05T06:36:04.554+0000][0.004s][info][gc,init] Large Page Support: Disabled
[2025-06-05T06:36:04.554+0000][0.004s][info][gc,init] NUMA Support: Disabled
[2025-06-05T06:36:04.554+0000][0.004s][info][gc,init] Compressed Oops: Enabled (32-bit)
[2025-06-05T06:36:04.554+0000][0.004s][info][gc,init] Heap Region Size: 1M
[2025-06-05T06:36:04.554+0000][0.004s][info][gc,init] Heap Min Capacity: 8M
[2025-06-05T06:36:04.554+0000][0.004s][info][gc,init] Heap Initial Capacity: 64M
[2025-06-05T06:36:04.554+0000][0.004s][info][gc,init] Heap Max Capacity: 1G
[2025-06-05T06:36:04.554+0000][0.004s][info][gc,init] Pre-touch: Disabled
[2025-06-05T06:36:04.554+0000][0.004s][info][gc,init] Parallel Workers: 2
[2025-06-05T06:36:04.554+0000][0.004s][info][gc,init] Concurrent Workers: 1
[2025-06-05T06:36:04.554+0000][0.004s][info][gc,init] Concurrent Refinement Workers: 2
[2025-06-05T06:36:04.554+0000][0.004s][info][gc,init] Periodic GC: Disabled
[2025-06-05T06:36:04.560+0000][0.010s][info][gc,metaspace] CDS archive(s) mapped at: [0x0000005000000000-0x0000005000be0000-0x0000005000be0000), size 12451840, SharedBaseAddress: 0x0000005000000000, ArchiveRelocationMode: 1.
[2025-06-05T06:36:04.560+0000][0.010s][info][gc,metaspace] Compressed class space mapped at: 0x0000005001000000-0x0000005041000000, reserved size: 1073741824
[2025-06-05T06:36:04.560+0000][0.010s][info][gc,metaspace] Narrow klass base: 0x0000005000000000, Narrow klass shift: 0, Narrow klass range: 0x100000000
[2025-06-05T06:36:04.563+0000][0.013s][info][cds,heap    ] initialize_from_archived_subgraph java.lang.Module$ArchivedData 0x0000005000182380 (early)
[2025-06-05T06:36:04.564+0000][0.014s][info][cds,heap    ] initialize_from_archived_subgraph java.util.ImmutableCollections 0x0000005000070cd8 (early)
[2025-06-05T06:36:04.565+0000][0.015s][info][cds,heap    ] initialize_from_archived_subgraph java.lang.Integer$IntegerCache 0x0000005000036060 (early)
[2025-06-05T06:36:04.567+0000][0.017s][info][cds,heap    ] initialize_from_archived_subgraph java.lang.module.Configuration 0x0000005000170300 (early)
[2025-06-05T06:36:04.567+0000][0.017s][info][cds,heap    ] initialize_from_archived_subgraph java.lang.ModuleLayer 0x0000005000144c50 (early)
[2025-06-05T06:36:04.568+0000][0.018s][info][cds,heap    ] initialize_from_archived_subgraph jdk.internal.loader.ArchivedClassLoaders 0x00000050001ab770 (early)
[2025-06-05T06:36:04.568+0000][0.018s][info][cds,heap    ] initialize_from_archived_subgraph jdk.internal.module.ArchivedBootLayer 0x0000005000176f40 (early)
[2025-06-05T06:36:04.568+0000][0.019s][info][cds,heap    ] initialize_from_archived_subgraph sun.util.locale.BaseLocale 0x000000500026c120
[2025-06-05T06:36:04.573+0000][0.023s][info][cds,heap    ] initialize_from_archived_subgraph java.util.jar.Attributes$Name 0x000000500019d1e8
[2025-06-05T06:36:04.585+0000][0.036s][info][cds,heap    ] initialize_from_archived_subgraph java.lang.Long$LongCache 0x000000500001f998
[2025-06-05T06:36:04.624+0000][0.074s][info][cds,heap    ] initialize_from_archived_subgraph java.lang.Character$CharacterCache 0x00000050000393e8
[2025-06-05T06:36:04.658+0000][0.108s][debug][safepoint   ] Safepoint synchronization initiated using futex wait barrier. (12 threads)
[2025-06-05T06:36:04.658+0000][0.108s][info ][safepoint   ] Safepoint "ICBufferFull", Time since last: 95063042 ns, Reaching safepoint: 161958 ns, Cleanup: 69959 ns, At safepoint: 1666 ns, Total: 233583 ns
[2025-06-05T06:36:04.695+0000][0.145s][debug][safepoint   ] Safepoint synchronization initiated using futex wait barrier. (12 threads)
[2025-06-05T06:36:04.695+0000][0.145s][info ][gc,start    ] GC(0) Pause Young (Normal) (G1 Evacuation Pause)
[2025-06-05T06:36:04.695+0000][0.145s][info ][gc,task     ] GC(0) Using 2 workers of 2 for evacuation
[2025-06-05T06:36:04.698+0000][0.148s][info ][gc,phases   ] GC(0)   Pre Evacuate Collection Set: 0.1ms
[2025-06-05T06:36:04.698+0000][0.148s][info ][gc,phases   ] GC(0)   Merge Heap Roots: 0.1ms
[2025-06-05T06:36:04.698+0000][0.148s][info ][gc,phases   ] GC(0)   Evacuate Collection Set: 2.2ms
[2025-06-05T06:36:04.698+0000][0.148s][info ][gc,phases   ] GC(0)   Post Evacuate Collection Set: 0.3ms
[2025-06-05T06:36:04.698+0000][0.148s][info ][gc,phases   ] GC(0)   Other: 0.4ms
[2025-06-05T06:36:04.698+0000][0.148s][info ][gc,heap     ] GC(0) Eden regions: 18->0(22)
[2025-06-05T06:36:04.698+0000][0.148s][info ][gc,heap     ] GC(0) Survivor regions: 0->3(3)
[2025-06-05T06:36:04.698+0000][0.148s][info ][gc,heap     ] GC(0) Old regions: 0->1
[2025-06-05T06:36:04.698+0000][0.148s][info ][gc,heap     ] GC(0) Archive regions: 2->2
[2025-06-05T06:36:04.698+0000][0.149s][info ][gc,heap     ] GC(0) Humongous regions: 0->0
[2025-06-05T06:36:04.698+0000][0.149s][info ][gc,metaspace] GC(0) Metaspace: 1967K(2176K)->1967K(2176K) NonClass: 1761K(1856K)->1761K(1856K) Class: 205K(320K)->205K(320K)
[2025-06-05T06:36:04.698+0000][0.149s][info ][gc          ] GC(0) Pause Young (Normal) (G1 Evacuation Pause) 18M->4M(66M) 3.623ms
[2025-06-05T06:36:04.698+0000][0.149s][info ][gc,cpu      ] GC(0) User=0.00s Sys=0.00s Real=0.01s
[2025-06-05T06:36:04.699+0000][0.149s][info ][safepoint   ] Safepoint "G1CollectForAllocation", Time since last: 36574042 ns, Reaching safepoint: 161917 ns, Cleanup: 32041 ns, At safepoint: 3769000 ns, Total: 3962958 ns
[2025-06-05T06:36:04.767+0000][0.217s][debug][safepoint   ] Safepoint synchronization initiated using futex wait barrier. (12 threads)
[2025-06-05T06:36:04.767+0000][0.218s][info ][gc,start    ] GC(1) Pause Young (Normal) (G1 Evacuation Pause)
[2025-06-05T06:36:04.767+0000][0.218s][info ][gc,task     ] GC(1) Using 2 workers of 2 for evacuation
[2025-06-05T06:36:04.771+0000][0.221s][info ][gc,phases   ] GC(1)   Pre Evacuate Collection Set: 0.1ms
[2025-06-05T06:36:04.771+0000][0.221s][info ][gc,phases   ] GC(1)   Merge Heap Roots: 0.0ms
[2025-06-05T06:36:04.771+0000][0.221s][info ][gc,phases   ] GC(1)   Evacuate Collection Set: 2.7ms
[2025-06-05T06:36:04.771+0000][0.221s][info ][gc,phases   ] GC(1)   Post Evacuate Collection Set: 0.4ms
[2025-06-05T06:36:04.771+0000][0.221s][info ][gc,phases   ] GC(1)   Other: 0.1ms
[2025-06-05T06:36:04.771+0000][0.221s][info ][gc,heap     ] GC(1) Eden regions: 22->0(33)
[2025-06-05T06:36:04.771+0000][0.221s][info ][gc,heap     ] GC(1) Survivor regions: 3->3(4)
[2025-06-05T06:36:04.771+0000][0.221s][info ][gc,heap     ] GC(1) Old regions: 1->4
[2025-06-05T06:36:04.771+0000][0.221s][info ][gc,heap     ] GC(1) Archive regions: 2->2
[2025-06-05T06:36:04.771+0000][0.221s][info ][gc,heap     ] GC(1) Humongous regions: 0->0
[2025-06-05T06:36:04.771+0000][0.221s][info ][gc,metaspace] GC(1) Metaspace: 2086K(2304K)->2086K(2304K) NonClass: 1880K(1984K)->1880K(1984K) Class: 206K(320K)->206K(320K)
[2025-06-05T06:36:04.771+0000][0.221s][info ][gc          ] GC(1) Pause Young (Normal) (G1 Evacuation Pause) 26M->7M(66M) 3.796ms
[2025-06-05T06:36:04.771+0000][0.221s][info ][gc,cpu      ] GC(1) User=0.01s Sys=0.00s Real=0.00s
[2025-06-05T06:36:04.771+0000][0.221s][info ][safepoint   ] Safepoint "G1CollectForAllocation", Time since last: 68628584 ns, Reaching safepoint: 150750 ns, Cleanup: 31000 ns, At safepoint: 3922708 ns, Total: 4104458 ns
[2025-06-05T06:36:04.902+0000][0.352s][debug][safepoint   ] Safepoint synchronization initiated using futex wait barrier. (12 threads)
[2025-06-05T06:36:04.902+0000][0.352s][info ][safepoint   ] Safepoint "ICBufferFull", Time since last: 130461250 ns, Reaching safepoint: 165458 ns, Cleanup: 81459 ns, At safepoint: 4458 ns, Total: 251375 ns
[2025-06-05T06:36:04.905+0000][0.355s][debug][safepoint   ] Safepoint synchronization initiated using futex wait barrier. (12 threads)
[2025-06-05T06:36:04.905+0000][0.355s][info ][gc,start    ] GC(2) Pause Young (Normal) (G1 Evacuation Pause)
[2025-06-05T06:36:04.905+0000][0.355s][info ][gc,task     ] GC(2) Using 2 workers of 2 for evacuation
[2025-06-05T06:36:04.908+0000][0.358s][info ][gc,phases   ] GC(2)   Pre Evacuate Collection Set: 0.1ms
[2025-06-05T06:36:04.908+0000][0.358s][info ][gc,phases   ] GC(2)   Merge Heap Roots: 0.1ms
[2025-06-05T06:36:04.908+0000][0.358s][info ][gc,phases   ] GC(2)   Evacuate Collection Set: 2.3ms
[2025-06-05T06:36:04.908+0000][0.358s][info ][gc,phases   ] GC(2)   Post Evacuate Collection Set: 0.4ms
[2025-06-05T06:36:04.908+0000][0.358s][info ][gc,phases   ] GC(2)   Other: 0.2ms
[2025-06-05T06:36:04.908+0000][0.358s][info ][gc,heap     ] GC(2) Eden regions: 33->0(31)
[2025-06-05T06:36:04.908+0000][0.358s][info ][gc,heap     ] GC(2) Survivor regions: 3->3(5)
[2025-06-05T06:36:04.908+0000][0.359s][info ][gc,heap     ] GC(2) Old regions: 4->7
[2025-06-05T06:36:04.908+0000][0.359s][info ][gc,heap     ] GC(2) Archive regions: 2->2
[2025-06-05T06:36:04.908+0000][0.359s][info ][gc,heap     ] GC(2) Humongous regions: 0->0
[2025-06-05T06:36:04.908+0000][0.359s][info ][gc,metaspace] GC(2) Metaspace: 3062K(3328K)->3062K(3328K) NonClass: 2765K(2880K)->2765K(2880K) Class: 297K(448K)->297K(448K)
[2025-06-05T06:36:04.908+0000][0.359s][info ][gc          ] GC(2) Pause Young (Normal) (G1 Evacuation Pause) 40M->10M(66M) 3.539ms
[2025-06-05T06:36:04.909+0000][0.359s][info ][gc,cpu      ] GC(2) User=0.01s Sys=0.00s Real=0.01s
[2025-06-05T06:36:04.909+0000][0.359s][info ][safepoint   ] Safepoint "G1CollectForAllocation", Time since last: 2841875 ns, Reaching safepoint: 119792 ns, Cleanup: 5166 ns, At safepoint: 3657500 ns, Total: 3782458 ns
[2025-06-05T06:36:05.025+0000][0.475s][debug][safepoint   ] Safepoint synchronization initiated using futex wait barrier. (12 threads)
[2025-06-05T06:36:05.025+0000][0.475s][info ][gc,start    ] GC(3) Pause Young (Normal) (G1 Evacuation Pause)
[2025-06-05T06:36:05.025+0000][0.475s][info ][gc,task     ] GC(3) Using 2 workers of 2 for evacuation
[2025-06-05T06:36:05.027+0000][0.477s][info ][gc,phases   ] GC(3)   Pre Evacuate Collection Set: 0.1ms
[2025-06-05T06:36:05.027+0000][0.477s][info ][gc,phases   ] GC(3)   Merge Heap Roots: 0.1ms
[2025-06-05T06:36:05.027+0000][0.478s][info ][gc,phases   ] GC(3)   Evacuate Collection Set: 1.7ms
[2025-06-05T06:36:05.027+0000][0.478s][info ][gc,phases   ] GC(3)   Post Evacuate Collection Set: 0.4ms
[2025-06-05T06:36:05.027+0000][0.478s][info ][gc,phases   ] GC(3)   Other: 0.1ms
[2025-06-05T06:36:05.027+0000][0.478s][info ][gc,heap     ] GC(3) Eden regions: 31->0(33)
[2025-06-05T06:36:05.027+0000][0.478s][info ][gc,heap     ] GC(3) Survivor regions: 3->4(5)
[2025-06-05T06:36:05.028+0000][0.478s][info ][gc,heap     ] GC(3) Old regions: 7->7
[2025-06-05T06:36:05.028+0000][0.478s][info ][gc,heap     ] GC(3) Archive regions: 2->2
[2025-06-05T06:36:05.028+0000][0.478s][info ][gc,heap     ] GC(3) Humongous regions: 0->0
[2025-06-05T06:36:05.028+0000][0.478s][info ][gc,metaspace] GC(3) Metaspace: 4572K(4800K)->4572K(4800K) NonClass: 4055K(4160K)->4055K(4160K) Class: 517K(640K)->517K(640K)
[2025-06-05T06:36:05.028+0000][0.478s][info ][gc          ] GC(3) Pause Young (Normal) (G1 Evacuation Pause) 41M->11M(66M) 2.860ms
[2025-06-05T06:36:05.028+0000][0.478s][info ][gc,cpu      ] GC(3) User=0.00s Sys=0.01s Real=0.01s
[2025-06-05T06:36:05.028+0000][0.478s][info ][safepoint   ] Safepoint "G1CollectForAllocation", Time since last: 115984917 ns, Reaching safepoint: 188292 ns, Cleanup: 60541 ns, At safepoint: 2977875 ns, Total: 3226708 ns
[2025-06-05T06:36:05.123+0000][0.573s][debug][safepoint   ] Safepoint synchronization initiated using futex wait barrier. (13 threads)
[2025-06-05T06:36:05.123+0000][0.573s][info ][gc,start    ] GC(4) Pause Young (Normal) (G1 Evacuation Pause)
[2025-06-05T06:36:05.123+0000][0.573s][info ][gc,task     ] GC(4) Using 2 workers of 2 for evacuation
[2025-06-05T06:36:05.126+0000][0.576s][info ][gc,phases   ] GC(4)   Pre Evacuate Collection Set: 0.1ms
[2025-06-05T06:36:05.126+0000][0.576s][info ][gc,phases   ] GC(4)   Merge Heap Roots: 0.1ms
[2025-06-05T06:36:05.126+0000][0.576s][info ][gc,phases   ] GC(4)   Evacuate Collection Set: 1.8ms
[2025-06-05T06:36:05.126+0000][0.576s][info ][gc,phases   ] GC(4)   Post Evacuate Collection Set: 0.5ms
[2025-06-05T06:36:05.126+0000][0.576s][info ][gc,phases   ] GC(4)   Other: 0.2ms
[2025-06-05T06:36:05.126+0000][0.576s][info ][gc,heap     ] GC(4) Eden regions: 33->0(46)
[2025-06-05T06:36:05.126+0000][0.576s][info ][gc,heap     ] GC(4) Survivor regions: 4->2(5)
[2025-06-05T06:36:05.126+0000][0.576s][info ][gc,heap     ] GC(4) Old regions: 7->10
[2025-06-05T06:36:05.126+0000][0.576s][info ][gc,heap     ] GC(4) Archive regions: 2->2
[2025-06-05T06:36:05.126+0000][0.577s][info ][gc,heap     ] GC(4) Humongous regions: 0->0
[2025-06-05T06:36:05.126+0000][0.577s][info ][gc,metaspace] GC(4) Metaspace: 5790K(6016K)->5790K(6016K) NonClass: 5077K(5184K)->5077K(5184K) Class: 712K(832K)->712K(832K)
[2025-06-05T06:36:05.126+0000][0.577s][info ][gc          ] GC(4) Pause Young (Normal) (G1 Evacuation Pause) 44M->11M(80M) 3.362ms
[2025-06-05T06:36:05.126+0000][0.577s][info ][gc,cpu      ] GC(4) User=0.00s Sys=0.00s Real=0.01s
[2025-06-05T06:36:05.127+0000][0.577s][info ][safepoint   ] Safepoint "G1CollectForAllocation", Time since last: 94902500 ns, Reaching safepoint: 177542 ns, Cleanup: 128292 ns, At safepoint: 3486416 ns, Total: 3792250 ns
[2025-06-05T06:36:05.308+0000][0.758s][debug][safepoint   ] Safepoint synchronization initiated using futex wait barrier. (13 threads)
[2025-06-05T06:36:05.308+0000][0.758s][info ][safepoint   ] Safepoint "ICBufferFull", Time since last: 181451709 ns, Reaching safepoint: 196375 ns, Cleanup: 83333 ns, At safepoint: 1458 ns, Total: 281166 ns
[2025-06-05T06:36:05.346+0000][0.797s][debug][safepoint   ] Safepoint synchronization initiated using futex wait barrier. (13 threads)
[2025-06-05T06:36:05.347+0000][0.797s][info ][gc,start    ] GC(5) Pause Young (Normal) (G1 Evacuation Pause)
[2025-06-05T06:36:05.347+0000][0.797s][info ][gc,task     ] GC(5) Using 2 workers of 2 for evacuation
[2025-06-05T06:36:05.349+0000][0.799s][info ][gc,phases   ] GC(5)   Pre Evacuate Collection Set: 0.1ms
[2025-06-05T06:36:05.349+0000][0.800s][info ][gc,phases   ] GC(5)   Merge Heap Roots: 0.1ms
[2025-06-05T06:36:05.349+0000][0.800s][info ][gc,phases   ] GC(5)   Evacuate Collection Set: 1.8ms
[2025-06-05T06:36:05.349+0000][0.800s][info ][gc,phases   ] GC(5)   Post Evacuate Collection Set: 0.4ms
[2025-06-05T06:36:05.349+0000][0.800s][info ][gc,phases   ] GC(5)   Other: 0.2ms
[2025-06-05T06:36:05.349+0000][0.800s][info ][gc,heap     ] GC(5) Eden regions: 46->0(45)
[2025-06-05T06:36:05.350+0000][0.800s][info ][gc,heap     ] GC(5) Survivor regions: 2->3(6)
[2025-06-05T06:36:05.350+0000][0.800s][info ][gc,heap     ] GC(5) Old regions: 10->10
[2025-06-05T06:36:05.350+0000][0.800s][info ][gc,heap     ] GC(5) Archive regions: 2->2
[2025-06-05T06:36:05.350+0000][0.800s][info ][gc,heap     ] GC(5) Humongous regions: 0->0
[2025-06-05T06:36:05.350+0000][0.800s][info ][gc,metaspace] GC(5) Metaspace: 7961K(8256K)->7961K(8256K) NonClass: 6962K(7104K)->6962K(7104K) Class: 998K(1152K)->998K(1152K)
[2025-06-05T06:36:05.350+0000][0.800s][info ][gc          ] GC(5) Pause Young (Normal) (G1 Evacuation Pause) 57M->12M(80M) 3.103ms
[2025-06-05T06:36:05.350+0000][0.800s][info ][gc,cpu      ] GC(5) User=0.01s Sys=0.00s Real=0.00s
[2025-06-05T06:36:05.350+0000][0.800s][info ][safepoint   ] Safepoint "G1CollectForAllocation", Time since last: 38187792 ns, Reaching safepoint: 181750 ns, Cleanup: 16292 ns, At safepoint: 3205875 ns, Total: 3403917 ns
[2025-06-05T06:36:05.503+0000][0.953s][debug][safepoint   ] Safepoint synchronization initiated using futex wait barrier. (13 threads)
[2025-06-05T06:36:05.503+0000][0.953s][info ][gc,start    ] GC(6) Pause Young (Normal) (G1 Evacuation Pause)
[2025-06-05T06:36:05.503+0000][0.953s][info ][gc,task     ] GC(6) Using 2 workers of 2 for evacuation
[2025-06-05T06:36:05.506+0000][0.956s][info ][gc,phases   ] GC(6)   Pre Evacuate Collection Set: 0.1ms
[2025-06-05T06:36:05.506+0000][0.956s][info ][gc,phases   ] GC(6)   Merge Heap Roots: 0.1ms
[2025-06-05T06:36:05.506+0000][0.956s][info ][gc,phases   ] GC(6)   Evacuate Collection Set: 2.2ms
[2025-06-05T06:36:05.506+0000][0.956s][info ][gc,phases   ] GC(6)   Post Evacuate Collection Set: 0.4ms
[2025-06-05T06:36:05.506+0000][0.956s][info ][gc,phases   ] GC(6)   Other: 0.2ms
[2025-06-05T06:36:05.506+0000][0.957s][info ][gc,heap     ] GC(6) Eden regions: 45->0(44)
[2025-06-05T06:36:05.506+0000][0.957s][info ][gc,heap     ] GC(6) Survivor regions: 3->4(6)
[2025-06-05T06:36:05.506+0000][0.957s][info ][gc,heap     ] GC(6) Old regions: 10->10
[2025-06-05T06:36:05.506+0000][0.957s][info ][gc,heap     ] GC(6) Archive regions: 2->2
[2025-06-05T06:36:05.506+0000][0.957s][info ][gc,heap     ] GC(6) Humongous regions: 0->0
[2025-06-05T06:36:05.506+0000][0.957s][info ][gc,metaspace] GC(6) Metaspace: 10294K(10560K)->10294K(10560K) NonClass: 8967K(9088K)->8967K(9088K) Class: 1326K(1472K)->1326K(1472K)
[2025-06-05T06:36:05.507+0000][0.957s][info ][gc          ] GC(6) Pause Young (Normal) (G1 Evacuation Pause) 57M->13M(80M) 3.439ms
[2025-06-05T06:36:05.507+0000][0.957s][info ][gc,cpu      ] GC(6) User=0.01s Sys=0.00s Real=0.01s
[2025-06-05T06:36:05.507+0000][0.957s][info ][safepoint   ] Safepoint "G1CollectForAllocation", Time since last: 152975625 ns, Reaching safepoint: 201792 ns, Cleanup: 66583 ns, At safepoint: 3529250 ns, Total: 3797625 ns
[2025-06-05T06:36:05.604+0000][1.054s][debug][safepoint   ] Safepoint synchronization initiated using futex wait barrier. (13 threads)
[2025-06-05T06:36:05.604+0000][1.054s][info ][gc,start    ] GC(7) Pause Young (Normal) (G1 Evacuation Pause)
[2025-06-05T06:36:05.604+0000][1.054s][info ][gc,task     ] GC(7) Using 2 workers of 2 for evacuation
[2025-06-05T06:36:05.607+0000][1.057s][info ][gc,phases   ] GC(7)   Pre Evacuate Collection Set: 0.1ms
[2025-06-05T06:36:05.607+0000][1.057s][info ][gc,phases   ] GC(7)   Merge Heap Roots: 0.1ms
[2025-06-05T06:36:05.607+0000][1.057s][info ][gc,phases   ] GC(7)   Evacuate Collection Set: 2.2ms
[2025-06-05T06:36:05.607+0000][1.057s][info ][gc,phases   ] GC(7)   Post Evacuate Collection Set: 0.4ms
[2025-06-05T06:36:05.607+0000][1.057s][info ][gc,phases   ] GC(7)   Other: 0.1ms
[2025-06-05T06:36:05.607+0000][1.057s][info ][gc,heap     ] GC(7) Eden regions: 44->0(45)
[2025-06-05T06:36:05.607+0000][1.057s][info ][gc,heap     ] GC(7) Survivor regions: 4->3(6)
[2025-06-05T06:36:05.607+0000][1.057s][info ][gc,heap     ] GC(7) Old regions: 10->10
[2025-06-05T06:36:05.607+0000][1.057s][info ][gc,heap     ] GC(7) Archive regions: 2->2
[2025-06-05T06:36:05.607+0000][1.058s][info ][gc,heap     ] GC(7) Humongous regions: 0->0
[2025-06-05T06:36:05.607+0000][1.058s][info ][gc,metaspace] GC(7) Metaspace: 11243K(11520K)->11243K(11520K) NonClass: 9773K(9920K)->9773K(9920K) Class: 1470K(1600K)->1470K(1600K)
[2025-06-05T06:36:05.607+0000][1.058s][info ][gc          ] GC(7) Pause Young (Normal) (G1 Evacuation Pause) 57M->13M(80M) 3.436ms
[2025-06-05T06:36:05.607+0000][1.058s][info ][gc,cpu      ] GC(7) User=0.01s Sys=0.00s Real=0.01s
[2025-06-05T06:36:05.608+0000][1.058s][info ][safepoint   ] Safepoint "G1CollectForAllocation", Time since last: 97158333 ns, Reaching safepoint: 183125 ns, Cleanup: 23834 ns, At safepoint: 3551333 ns, Total: 3758292 ns
[2025-06-05T06:36:05.645+0000][1.095s][debug][safepoint   ] Safepoint synchronization initiated using futex wait barrier. (13 threads)
[2025-06-05T06:36:05.645+0000][1.095s][info ][safepoint   ] Safepoint "ICBufferFull", Time since last: 37295417 ns, Reaching safepoint: 171333 ns, Cleanup: 68458 ns, At safepoint: 3959 ns, Total: 243750 ns
[2025-06-05T06:36:05.705+0000][1.155s][debug][safepoint   ] Safepoint synchronization initiated using futex wait barrier. (13 threads)
[2025-06-05T06:36:05.705+0000][1.155s][info ][safepoint   ] Safepoint "ICBufferFull", Time since last: 59845916 ns, Reaching safepoint: 193625 ns, Cleanup: 99292 ns, At safepoint: 4333 ns, Total: 297250 ns
[2025-06-05T06:36:05.745+0000][1.195s][debug][safepoint   ] Safepoint synchronization initiated using futex wait barrier. (12 threads)
[2025-06-05T06:36:05.745+0000][1.196s][info ][safepoint   ] Safepoint "ICBufferFull", Time since last: 39400459 ns, Reaching safepoint: 616583 ns, Cleanup: 81292 ns, At safepoint: 5666 ns, Total: 703541 ns
[2025-06-05T06:36:05.790+0000][1.241s][debug][safepoint   ] Safepoint synchronization initiated using futex wait barrier. (14 threads)
[2025-06-05T06:36:05.791+0000][1.242s][info ][safepoint   ] Safepoint "ICBufferFull", Time since last: 45087417 ns, Reaching safepoint: 905958 ns, Cleanup: 112250 ns, At safepoint: 7250 ns, Total: 1025458 ns
[2025-06-05T06:36:05.817+0000][1.267s][debug][safepoint   ] Safepoint synchronization initiated using futex wait barrier. (14 threads)
[2025-06-05T06:36:05.817+0000][1.267s][info ][gc,start    ] GC(8) Pause Young (Normal) (G1 Evacuation Pause)
[2025-06-05T06:36:05.817+0000][1.267s][info ][gc,task     ] GC(8) Using 2 workers of 2 for evacuation
[2025-06-05T06:36:05.821+0000][1.272s][info ][gc,phases   ] GC(8)   Pre Evacuate Collection Set: 0.1ms
[2025-06-05T06:36:05.821+0000][1.272s][info ][gc,phases   ] GC(8)   Merge Heap Roots: 0.1ms
[2025-06-05T06:36:05.822+0000][1.272s][info ][gc,phases   ] GC(8)   Evacuate Collection Set: 3.6ms
[2025-06-05T06:36:05.822+0000][1.272s][info ][gc,phases   ] GC(8)   Post Evacuate Collection Set: 0.6ms
[2025-06-05T06:36:05.822+0000][1.272s][info ][gc,phases   ] GC(8)   Other: 0.1ms
[2025-06-05T06:36:05.822+0000][1.272s][info ][gc,heap     ] GC(8) Eden regions: 45->0(43)
[2025-06-05T06:36:05.822+0000][1.272s][info ][gc,heap     ] GC(8) Survivor regions: 3->5(6)
[2025-06-05T06:36:05.822+0000][1.272s][info ][gc,heap     ] GC(8) Old regions: 10->10
[2025-06-05T06:36:05.822+0000][1.272s][info ][gc,heap     ] GC(8) Archive regions: 2->2
[2025-06-05T06:36:05.822+0000][1.272s][info ][gc,heap     ] GC(8) Humongous regions: 0->0
[2025-06-05T06:36:05.822+0000][1.272s][info ][gc,metaspace] GC(8) Metaspace: 13127K(13440K)->13127K(13440K) NonClass: 11424K(11584K)->11424K(11584K) Class: 1702K(1856K)->1702K(1856K)
[2025-06-05T06:36:05.822+0000][1.272s][info ][gc          ] GC(8) Pause Young (Normal) (G1 Evacuation Pause) 58M->15M(80M) 5.108ms
[2025-06-05T06:36:05.822+0000][1.272s][info ][gc,cpu      ] GC(8) User=0.01s Sys=0.00s Real=0.00s
[2025-06-05T06:36:05.822+0000][1.272s][info ][safepoint   ] Safepoint "G1CollectForAllocation", Time since last: 25278125 ns, Reaching safepoint: 150042 ns, Cleanup: 34542 ns, At safepoint: 5276333 ns, Total: 5460917 ns
[2025-06-05T06:36:05.955+0000][1.405s][debug][safepoint   ] Safepoint synchronization initiated using futex wait barrier. (14 threads)
[2025-06-05T06:36:05.956+0000][1.407s][info ][gc,start    ] GC(9) Pause Young (Normal) (G1 Evacuation Pause)
[2025-06-05T06:36:05.956+0000][1.407s][info ][gc,task     ] GC(9) Using 2 workers of 2 for evacuation
[2025-06-05T06:36:05.961+0000][1.411s][info ][gc,phases   ] GC(9)   Pre Evacuate Collection Set: 0.1ms
[2025-06-05T06:36:05.961+0000][1.411s][info ][gc,phases   ] GC(9)   Merge Heap Roots: 0.1ms
[2025-06-05T06:36:05.961+0000][1.411s][info ][gc,phases   ] GC(9)   Evacuate Collection Set: 3.6ms
[2025-06-05T06:36:05.961+0000][1.411s][info ][gc,phases   ] GC(9)   Post Evacuate Collection Set: 0.5ms
[2025-06-05T06:36:05.961+0000][1.411s][info ][gc,phases   ] GC(9)   Other: 0.2ms
[2025-06-05T06:36:05.961+0000][1.411s][info ][gc,heap     ] GC(9) Eden regions: 43->0(54)
[2025-06-05T06:36:05.961+0000][1.411s][info ][gc,heap     ] GC(9) Survivor regions: 5->3(6)
[2025-06-05T06:36:05.961+0000][1.411s][info ][gc,heap     ] GC(9) Old regions: 10->13
[2025-06-05T06:36:05.961+0000][1.411s][info ][gc,heap     ] GC(9) Archive regions: 2->2
[2025-06-05T06:36:05.961+0000][1.411s][info ][gc,heap     ] GC(9) Humongous regions: 0->0
[2025-06-05T06:36:05.961+0000][1.412s][info ][gc,metaspace] GC(9) Metaspace: 14502K(14912K)->14502K(14912K) NonClass: 12629K(12864K)->12629K(12864K) Class: 1872K(2048K)->1872K(2048K)
[2025-06-05T06:36:05.961+0000][1.412s][info ][gc          ] GC(9) Pause Young (Normal) (G1 Evacuation Pause) 58M->15M(96M) 4.940ms
[2025-06-05T06:36:05.961+0000][1.412s][info ][gc,cpu      ] GC(9) User=0.01s Sys=0.00s Real=0.00s
[2025-06-05T06:36:05.961+0000][1.412s][info ][safepoint   ] Safepoint "G1CollectForAllocation", Time since last: 132933500 ns, Reaching safepoint: 1272917 ns, Cleanup: 41750 ns, At safepoint: 5058625 ns, Total: 6373292 ns
[2025-06-05T06:36:06.092+0000][1.542s][debug][safepoint   ] Safepoint synchronization initiated using futex wait barrier. (14 threads)
[2025-06-05T06:36:06.092+0000][1.543s][info ][gc,start    ] GC(10) Pause Young (Normal) (G1 Evacuation Pause)
[2025-06-05T06:36:06.092+0000][1.543s][info ][gc,task     ] GC(10) Using 2 workers of 2 for evacuation
[2025-06-05T06:36:06.096+0000][1.546s][info ][gc,phases   ] GC(10)   Pre Evacuate Collection Set: 0.1ms
[2025-06-05T06:36:06.096+0000][1.546s][info ][gc,phases   ] GC(10)   Merge Heap Roots: 0.1ms
[2025-06-05T06:36:06.096+0000][1.546s][info ][gc,phases   ] GC(10)   Evacuate Collection Set: 2.5ms
[2025-06-05T06:36:06.096+0000][1.546s][info ][gc,phases   ] GC(10)   Post Evacuate Collection Set: 0.4ms
[2025-06-05T06:36:06.096+0000][1.546s][info ][gc,phases   ] GC(10)   Other: 0.2ms
[2025-06-05T06:36:06.096+0000][1.546s][info ][gc,heap     ] GC(10) Eden regions: 54->0(53)
[2025-06-05T06:36:06.096+0000][1.546s][info ][gc,heap     ] GC(10) Survivor regions: 3->4(8)
[2025-06-05T06:36:06.096+0000][1.546s][info ][gc,heap     ] GC(10) Old regions: 13->13
[2025-06-05T06:36:06.096+0000][1.546s][info ][gc,heap     ] GC(10) Archive regions: 2->2
[2025-06-05T06:36:06.096+0000][1.546s][info ][gc,heap     ] GC(10) Humongous regions: 0->0
[2025-06-05T06:36:06.096+0000][1.546s][info ][gc,metaspace] GC(10) Metaspace: 15847K(16192K)->15847K(16192K) NonClass: 13704K(13888K)->13704K(13888K) Class: 2143K(2304K)->2143K(2304K)
[2025-06-05T06:36:06.096+0000][1.546s][info ][gc          ] GC(10) Pause Young (Normal) (G1 Evacuation Pause) 69M->16M(96M) 3.667ms
[2025-06-05T06:36:06.096+0000][1.546s][info ][gc,cpu      ] GC(10) User=0.01s Sys=0.00s Real=0.00s
[2025-06-05T06:36:06.096+0000][1.546s][info ][safepoint   ] Safepoint "G1CollectForAllocation", Time since last: 130686542 ns, Reaching safepoint: 182166 ns, Cleanup: 59375 ns, At safepoint: 3760334 ns, Total: 4001875 ns
[2025-06-05T06:36:06.144+0000][1.594s][info ][cds,heap    ] initialize_from_archived_subgraph java.lang.Byte$ByteCache 0x00000050000395f8
[2025-06-05T06:36:06.144+0000][1.594s][info ][cds,heap    ] initialize_from_archived_subgraph java.lang.Short$ShortCache 0x000000500003fce8
[2025-06-05T06:36:06.226+0000][1.676s][debug][safepoint   ] Safepoint synchronization initiated using futex wait barrier. (14 threads)
[2025-06-05T06:36:06.226+0000][1.677s][info ][gc,start    ] GC(11) Pause Young (Normal) (G1 Evacuation Pause)
[2025-06-05T06:36:06.226+0000][1.677s][info ][gc,task     ] GC(11) Using 2 workers of 2 for evacuation
[2025-06-05T06:36:06.230+0000][1.680s][info ][gc,phases   ] GC(11)   Pre Evacuate Collection Set: 0.1ms
[2025-06-05T06:36:06.230+0000][1.680s][info ][gc,phases   ] GC(11)   Merge Heap Roots: 0.1ms
[2025-06-05T06:36:06.230+0000][1.680s][info ][gc,phases   ] GC(11)   Evacuate Collection Set: 2.6ms
[2025-06-05T06:36:06.230+0000][1.680s][info ][gc,phases   ] GC(11)   Post Evacuate Collection Set: 0.4ms
[2025-06-05T06:36:06.230+0000][1.680s][info ][gc,phases   ] GC(11)   Other: 0.1ms
[2025-06-05T06:36:06.230+0000][1.680s][info ][gc,heap     ] GC(11) Eden regions: 53->0(53)
[2025-06-05T06:36:06.230+0000][1.680s][info ][gc,heap     ] GC(11) Survivor regions: 4->4(8)
[2025-06-05T06:36:06.230+0000][1.680s][info ][gc,heap     ] GC(11) Old regions: 13->13
[2025-06-05T06:36:06.230+0000][1.680s][info ][gc,heap     ] GC(11) Archive regions: 2->2
[2025-06-05T06:36:06.230+0000][1.680s][info ][gc,heap     ] GC(11) Humongous regions: 0->0
[2025-06-05T06:36:06.230+0000][1.680s][info ][gc,metaspace] GC(11) Metaspace: 18686K(19072K)->18686K(19072K) NonClass: 16225K(16448K)->16225K(16448K) Class: 2460K(2624K)->2460K(2624K)
[2025-06-05T06:36:06.230+0000][1.680s][info ][gc          ] GC(11) Pause Young (Normal) (G1 Evacuation Pause) 69M->17M(96M) 3.841ms
[2025-06-05T06:36:06.230+0000][1.681s][info ][gc,cpu      ] GC(11) User=0.01s Sys=0.00s Real=0.00s
[2025-06-05T06:36:06.230+0000][1.681s][info ][safepoint   ] Safepoint "G1CollectForAllocation", Time since last: 129941083 ns, Reaching safepoint: 203833 ns, Cleanup: 92584 ns, At safepoint: 3949583 ns, Total: 4246000 ns
[2025-06-05T06:36:06.304+0000][1.754s][debug][safepoint   ] Safepoint synchronization initiated using futex wait barrier. (14 threads)
[2025-06-05T06:36:06.304+0000][1.755s][info ][gc,start    ] GC(12) Pause Young (Normal) (G1 Evacuation Pause)
[2025-06-05T06:36:06.304+0000][1.755s][info ][gc,task     ] GC(12) Using 2 workers of 2 for evacuation
[2025-06-05T06:36:06.309+0000][1.759s][info ][gc,phases   ] GC(12)   Pre Evacuate Collection Set: 0.1ms
[2025-06-05T06:36:06.309+0000][1.759s][info ][gc,phases   ] GC(12)   Merge Heap Roots: 0.1ms
[2025-06-05T06:36:06.309+0000][1.759s][info ][gc,phases   ] GC(12)   Evacuate Collection Set: 3.8ms
[2025-06-05T06:36:06.309+0000][1.759s][info ][gc,phases   ] GC(12)   Post Evacuate Collection Set: 0.5ms
[2025-06-05T06:36:06.309+0000][1.759s][info ][gc,phases   ] GC(12)   Other: 0.2ms
[2025-06-05T06:36:06.309+0000][1.759s][info ][gc,heap     ] GC(12) Eden regions: 53->0(50)
[2025-06-05T06:36:06.309+0000][1.760s][info ][gc,heap     ] GC(12) Survivor regions: 4->7(8)
[2025-06-05T06:36:06.309+0000][1.760s][info ][gc,heap     ] GC(12) Old regions: 13->13
[2025-06-05T06:36:06.309+0000][1.760s][info ][gc,heap     ] GC(12) Archive regions: 2->2
[2025-06-05T06:36:06.309+0000][1.760s][info ][gc,heap     ] GC(12) Humongous regions: 0->0
[2025-06-05T06:36:06.309+0000][1.760s][info ][gc,metaspace] GC(12) Metaspace: 20511K(20800K)->20511K(20800K) NonClass: 17827K(17984K)->17827K(17984K) Class: 2683K(2816K)->2683K(2816K)
[2025-06-05T06:36:06.310+0000][1.760s][info ][gc          ] GC(12) Pause Young (Normal) (G1 Evacuation Pause) 70M->19M(96M) 5.229ms
[2025-06-05T06:36:06.310+0000][1.760s][info ][gc,cpu      ] GC(12) User=0.01s Sys=0.00s Real=0.01s
[2025-06-05T06:36:06.310+0000][1.760s][info ][safepoint   ] Safepoint "G1CollectForAllocation", Time since last: 73323583 ns, Reaching safepoint: 572542 ns, Cleanup: 69208 ns, At safepoint: 5358500 ns, Total: 6000250 ns
[2025-06-05T06:36:06.332+0000][1.782s][debug][safepoint   ] Safepoint synchronization initiated using futex wait barrier. (14 threads)
[2025-06-05T06:36:06.332+0000][1.782s][info ][gc,start    ] GC(13) Pause Young (Concurrent Start) (Metadata GC Threshold)
[2025-06-05T06:36:06.332+0000][1.782s][info ][gc,task     ] GC(13) Using 2 workers of 2 for evacuation
[2025-06-05T06:36:06.336+0000][1.787s][info ][gc,phases   ] GC(13)   Pre Evacuate Collection Set: 0.1ms
[2025-06-05T06:36:06.337+0000][1.787s][info ][gc,phases   ] GC(13)   Merge Heap Roots: 0.1ms
[2025-06-05T06:36:06.337+0000][1.787s][info ][gc,phases   ] GC(13)   Evacuate Collection Set: 3.4ms
[2025-06-05T06:36:06.337+0000][1.787s][info ][gc,phases   ] GC(13)   Post Evacuate Collection Set: 0.5ms
[2025-06-05T06:36:06.337+0000][1.787s][info ][gc,phases   ] GC(13)   Other: 0.2ms
[2025-06-05T06:36:06.337+0000][1.787s][info ][gc,heap     ] GC(13) Eden regions: 10->0(67)
[2025-06-05T06:36:06.337+0000][1.787s][info ][gc,heap     ] GC(13) Survivor regions: 7->5(8)
[2025-06-05T06:36:06.337+0000][1.787s][info ][gc,heap     ] GC(13) Old regions: 13->15
[2025-06-05T06:36:06.337+0000][1.787s][info ][gc,heap     ] GC(13) Archive regions: 2->2
[2025-06-05T06:36:06.337+0000][1.787s][info ][gc,heap     ] GC(13) Humongous regions: 0->0
[2025-06-05T06:36:06.337+0000][1.787s][info ][gc,metaspace] GC(13) Metaspace: 21250K(21504K)->21250K(21504K) NonClass: 18466K(18624K)->18466K(18624K) Class: 2784K(2880K)->2784K(2880K)
[2025-06-05T06:36:06.337+0000][1.787s][info ][gc          ] GC(13) Pause Young (Concurrent Start) (Metadata GC Threshold) 28M->19M(120M) 4.787ms
[2025-06-05T06:36:06.337+0000][1.787s][info ][gc,cpu      ] GC(13) User=0.01s Sys=0.00s Real=0.01s
[2025-06-05T06:36:06.337+0000][1.787s][info ][gc          ] GC(14) Concurrent Mark Cycle
[2025-06-05T06:36:06.337+0000][1.787s][info ][gc,marking  ] GC(14) Concurrent Clear Claimed Marks
[2025-06-05T06:36:06.337+0000][1.787s][info ][safepoint   ] Safepoint "CollectForMetadataAllocation", Time since last: 22264625 ns, Reaching safepoint: 199750 ns, Cleanup: 35125 ns, At safepoint: 4923125 ns, Total: 5158000 ns
[2025-06-05T06:36:06.337+0000][1.788s][info ][gc,marking  ] GC(14) Concurrent Clear Claimed Marks 0.102ms
[2025-06-05T06:36:06.338+0000][1.788s][info ][gc,marking  ] GC(14) Concurrent Scan Root Regions
[2025-06-05T06:36:06.338+0000][1.788s][debug][safepoint   ] Safepoint synchronization initiated using futex wait barrier. (14 threads)
[2025-06-05T06:36:06.338+0000][1.788s][info ][safepoint   ] Safepoint "CollectForMetadataAllocation", Time since last: 477709 ns, Reaching safepoint: 625833 ns, Cleanup: 2917 ns, At safepoint: 14416 ns, Total: 643166 ns
[2025-06-05T06:36:06.340+0000][1.790s][info ][gc,marking  ] GC(14) Concurrent Scan Root Regions 2.343ms
[2025-06-05T06:36:06.341+0000][1.791s][info ][gc,marking  ] GC(14) Concurrent Mark
[2025-06-05T06:36:06.341+0000][1.791s][info ][gc,marking  ] GC(14) Concurrent Mark From Roots
[2025-06-05T06:36:06.341+0000][1.792s][info ][gc,task     ] GC(14) Using 1 workers of 1 for marking
[2025-06-05T06:36:06.379+0000][1.829s][info ][gc,marking  ] GC(14) Concurrent Mark From Roots 37.360ms
[2025-06-05T06:36:06.379+0000][1.829s][info ][gc,marking  ] GC(14) Concurrent Preclean
[2025-06-05T06:36:06.380+0000][1.830s][info ][gc,marking  ] GC(14) Concurrent Preclean 0.318ms
[2025-06-05T06:36:06.380+0000][1.830s][debug][safepoint   ] Safepoint synchronization initiated using futex wait barrier. (14 threads)
[2025-06-05T06:36:06.380+0000][1.830s][info ][gc,start    ] GC(14) Pause Remark
[2025-06-05T06:36:06.382+0000][1.833s][info ][gc          ] GC(14) Pause Remark 24M->24M(90M) 2.128ms
[2025-06-05T06:36:06.382+0000][1.833s][info ][gc,cpu      ] GC(14) User=0.00s Sys=0.00s Real=0.00s
[2025-06-05T06:36:06.382+0000][1.833s][info ][safepoint   ] Safepoint "G1PauseRemark", Time since last: 41612625 ns, Reaching safepoint: 362250 ns, Cleanup: 8250 ns, At safepoint: 2299042 ns, Total: 2669542 ns
[2025-06-05T06:36:06.383+0000][1.833s][info ][gc,marking  ] GC(14) Concurrent Mark 41.432ms
[2025-06-05T06:36:06.383+0000][1.833s][info ][gc,marking  ] GC(14) Concurrent Rebuild Remembered Sets
[2025-06-05T06:36:06.389+0000][1.839s][info ][gc,marking  ] GC(14) Concurrent Rebuild Remembered Sets 6.366ms
[2025-06-05T06:36:06.391+0000][1.841s][debug][safepoint   ] Safepoint synchronization initiated using futex wait barrier. (14 threads)
[2025-06-05T06:36:06.392+0000][1.843s][info ][gc,start    ] GC(14) Pause Cleanup
[2025-06-05T06:36:06.393+0000][1.843s][info ][gc          ] GC(14) Pause Cleanup 27M->27M(90M) 0.182ms
[2025-06-05T06:36:06.393+0000][1.843s][info ][gc,cpu      ] GC(14) User=0.00s Sys=0.00s Real=0.00s
[2025-06-05T06:36:06.393+0000][1.843s][info ][safepoint   ] Safepoint "G1PauseCleanup", Time since last: 8178583 ns, Reaching safepoint: 1667292 ns, Cleanup: 25625 ns, At safepoint: 307792 ns, Total: 2000709 ns
[2025-06-05T06:36:06.393+0000][1.843s][info ][gc,marking  ] GC(14) Concurrent Cleanup for Next Mark
[2025-06-05T06:36:06.393+0000][1.843s][info ][gc,marking  ] GC(14) Concurrent Cleanup for Next Mark 0.423ms
[2025-06-05T06:36:06.393+0000][1.844s][info ][gc          ] GC(14) Concurrent Mark Cycle 56.231ms
[2025-06-05T06:36:06.510+0000][1.960s][debug][safepoint   ] Safepoint synchronization initiated using futex wait barrier. (13 threads)
[2025-06-05T06:36:06.510+0000][1.960s][info ][safepoint   ] Safepoint "ICBufferFull", Time since last: 116910291 ns, Reaching safepoint: 184417 ns, Cleanup: 100833 ns, At safepoint: 1834 ns, Total: 287084 ns
[2025-06-05T06:36:06.579+0000][2.029s][debug][safepoint   ] Safepoint synchronization initiated using futex wait barrier. (13 threads)
[2025-06-05T06:36:06.579+0000][2.029s][info ][gc,start    ] GC(15) Pause Young (Normal) (G1 Preventive Collection)
[2025-06-05T06:36:06.579+0000][2.029s][info ][gc,task     ] GC(15) Using 2 workers of 2 for evacuation
[2025-06-05T06:36:06.584+0000][2.035s][info ][gc,phases   ] GC(15)   Pre Evacuate Collection Set: 0.1ms
[2025-06-05T06:36:06.585+0000][2.035s][info ][gc,phases   ] GC(15)   Merge Heap Roots: 0.1ms
[2025-06-05T06:36:06.585+0000][2.035s][info ][gc,phases   ] GC(15)   Evacuate Collection Set: 4.4ms
[2025-06-05T06:36:06.585+0000][2.035s][info ][gc,phases   ] GC(15)   Post Evacuate Collection Set: 0.6ms
[2025-06-05T06:36:06.585+0000][2.035s][info ][gc,phases   ] GC(15)   Other: 0.1ms
[2025-06-05T06:36:06.585+0000][2.035s][info ][gc,heap     ] GC(15) Eden regions: 60->0(47)
[2025-06-05T06:36:06.585+0000][2.035s][info ][gc,heap     ] GC(15) Survivor regions: 5->7(9)
[2025-06-05T06:36:06.585+0000][2.035s][info ][gc,heap     ] GC(15) Old regions: 15->15
[2025-06-05T06:36:06.585+0000][2.035s][info ][gc,heap     ] GC(15) Archive regions: 2->2
[2025-06-05T06:36:06.585+0000][2.035s][info ][gc,heap     ] GC(15) Humongous regions: 0->0
[2025-06-05T06:36:06.585+0000][2.035s][info ][gc,metaspace] GC(15) Metaspace: 24126K(24448K)->24126K(24448K) NonClass: 20970K(21120K)->20970K(21120K) Class: 3155K(3328K)->3155K(3328K)
[2025-06-05T06:36:06.585+0000][2.035s][info ][gc          ] GC(15) Pause Young (Normal) (G1 Preventive Collection) 79M->22M(90M) 5.980ms
[2025-06-05T06:36:06.585+0000][2.035s][info ][gc,cpu      ] GC(15) User=0.02s Sys=0.00s Real=0.00s
[2025-06-05T06:36:06.585+0000][2.035s][info ][safepoint   ] Safepoint "G1CollectForAllocation", Time since last: 68989916 ns, Reaching safepoint: 190500 ns, Cleanup: 52584 ns, At safepoint: 6115208 ns, Total: 6358292 ns
[2025-06-05T06:36:06.626+0000][2.076s][debug][safepoint   ] Safepoint synchronization initiated using futex wait barrier. (13 threads)
[2025-06-05T06:36:06.626+0000][2.076s][info ][safepoint   ] Safepoint "ICBufferFull", Time since last: 40798542 ns, Reaching safepoint: 169000 ns, Cleanup: 78500 ns, At safepoint: 8166 ns, Total: 255666 ns
[2025-06-05T06:36:06.707+0000][2.158s][debug][safepoint   ] Safepoint synchronization initiated using futex wait barrier. (13 threads)
[2025-06-05T06:36:06.708+0000][2.158s][info ][gc,start    ] GC(16) Pause Young (Normal) (G1 Evacuation Pause)
[2025-06-05T06:36:06.708+0000][2.159s][info ][gc,task     ] GC(16) Using 2 workers of 2 for evacuation
[2025-06-05T06:36:06.714+0000][2.165s][info ][gc,phases   ] GC(16)   Pre Evacuate Collection Set: 0.1ms
[2025-06-05T06:36:06.715+0000][2.165s][info ][gc,phases   ] GC(16)   Merge Heap Roots: 0.0ms
[2025-06-05T06:36:06.715+0000][2.165s][info ][gc,phases   ] GC(16)   Evacuate Collection Set: 5.3ms
[2025-06-05T06:36:06.715+0000][2.165s][info ][gc,phases   ] GC(16)   Post Evacuate Collection Set: 0.6ms
[2025-06-05T06:36:06.715+0000][2.165s][info ][gc,phases   ] GC(16)   Other: 0.2ms
[2025-06-05T06:36:06.715+0000][2.165s][info ][gc,heap     ] GC(16) Eden regions: 47->0(46)
[2025-06-05T06:36:06.715+0000][2.165s][info ][gc,heap     ] GC(16) Survivor regions: 7->7(7)
[2025-06-05T06:36:06.715+0000][2.165s][info ][gc,heap     ] GC(16) Old regions: 15->19
[2025-06-05T06:36:06.715+0000][2.165s][info ][gc,heap     ] GC(16) Archive regions: 2->2
[2025-06-05T06:36:06.715+0000][2.165s][info ][gc,heap     ] GC(16) Humongous regions: 0->0
[2025-06-05T06:36:06.715+0000][2.165s][info ][gc,metaspace] GC(16) Metaspace: 24414K(24832K)->24414K(24832K) NonClass: 21236K(21440K)->21236K(21440K) Class: 3178K(3392K)->3178K(3392K)
[2025-06-05T06:36:06.715+0000][2.165s][info ][gc          ] GC(16) Pause Young (Normal) (G1 Evacuation Pause) 69M->25M(90M) 6.798ms
[2025-06-05T06:36:06.715+0000][2.165s][info ][gc,cpu      ] GC(16) User=0.02s Sys=0.00s Real=0.00s
[2025-06-05T06:36:06.715+0000][2.165s][info ][safepoint   ] Safepoint "G1CollectForAllocation", Time since last: 81062959 ns, Reaching safepoint: 855625 ns, Cleanup: 64500 ns, At safepoint: 6912458 ns, Total: 7832583 ns
[2025-06-05T06:36:06.796+0000][2.246s][debug][safepoint   ] Safepoint synchronization initiated using futex wait barrier. (13 threads)
[2025-06-05T06:36:06.796+0000][2.247s][info ][gc,start    ] GC(17) Pause Young (Normal) (G1 Evacuation Pause)
[2025-06-05T06:36:06.797+0000][2.247s][info ][gc,task     ] GC(17) Using 2 workers of 2 for evacuation
[2025-06-05T06:36:06.804+0000][2.255s][info ][gc,phases   ] GC(17)   Pre Evacuate Collection Set: 0.1ms
[2025-06-05T06:36:06.805+0000][2.255s][info ][gc,phases   ] GC(17)   Merge Heap Roots: 0.0ms
[2025-06-05T06:36:06.805+0000][2.255s][info ][gc,phases   ] GC(17)   Evacuate Collection Set: 7.0ms
[2025-06-05T06:36:06.805+0000][2.255s][info ][gc,phases   ] GC(17)   Post Evacuate Collection Set: 0.7ms
[2025-06-05T06:36:06.805+0000][2.255s][info ][gc,phases   ] GC(17)   Other: 0.1ms
[2025-06-05T06:36:06.805+0000][2.255s][info ][gc,heap     ] GC(17) Eden regions: 46->0(40)
[2025-06-05T06:36:06.805+0000][2.255s][info ][gc,heap     ] GC(17) Survivor regions: 7->7(7)
[2025-06-05T06:36:06.805+0000][2.255s][info ][gc,heap     ] GC(17) Old regions: 19->23
[2025-06-05T06:36:06.805+0000][2.255s][info ][gc,heap     ] GC(17) Archive regions: 2->2
[2025-06-05T06:36:06.805+0000][2.255s][info ][gc,heap     ] GC(17) Humongous regions: 0->0
[2025-06-05T06:36:06.805+0000][2.255s][info ][gc,metaspace] GC(17) Metaspace: 24452K(24832K)->24452K(24832K) NonClass: 21264K(21440K)->21264K(21440K) Class: 3187K(3392K)->3187K(3392K)
[2025-06-05T06:36:06.805+0000][2.255s][info ][gc          ] GC(17) Pause Young (Normal) (G1 Evacuation Pause) 71M->30M(90M) 8.628ms
[2025-06-05T06:36:06.805+0000][2.255s][info ][gc,cpu      ] GC(17) User=0.02s Sys=0.00s Real=0.00s
[2025-06-05T06:36:06.805+0000][2.255s][info ][safepoint   ] Safepoint "G1CollectForAllocation", Time since last: 81033167 ns, Reaching safepoint: 149667 ns, Cleanup: 92416 ns, At safepoint: 8744125 ns, Total: 8986208 ns
[2025-06-05T06:36:06.844+0000][2.294s][debug][safepoint   ] Safepoint synchronization initiated using futex wait barrier. (13 threads)
[2025-06-05T06:36:06.844+0000][2.294s][info ][gc,start    ] GC(18) Pause Young (Normal) (G1 Evacuation Pause)
[2025-06-05T06:36:06.844+0000][2.294s][info ][gc,task     ] GC(18) Using 2 workers of 2 for evacuation
[2025-06-05T06:36:06.851+0000][2.302s][info ][gc,phases   ] GC(18)   Pre Evacuate Collection Set: 0.1ms
[2025-06-05T06:36:06.852+0000][2.302s][info ][gc,phases   ] GC(18)   Merge Heap Roots: 0.0ms
[2025-06-05T06:36:06.852+0000][2.302s][info ][gc,phases   ] GC(18)   Evacuate Collection Set: 6.7ms
[2025-06-05T06:36:06.852+0000][2.302s][info ][gc,phases   ] GC(18)   Post Evacuate Collection Set: 0.7ms
[2025-06-05T06:36:06.852+0000][2.302s][info ][gc,phases   ] GC(18)   Other: 0.1ms
[2025-06-05T06:36:06.852+0000][2.302s][info ][gc,heap     ] GC(18) Eden regions: 40->0(33)
[2025-06-05T06:36:06.852+0000][2.302s][info ][gc,heap     ] GC(18) Survivor regions: 7->6(6)
[2025-06-05T06:36:06.852+0000][2.302s][info ][gc,heap     ] GC(18) Old regions: 23->31
[2025-06-05T06:36:06.852+0000][2.302s][info ][gc,heap     ] GC(18) Archive regions: 2->2
[2025-06-05T06:36:06.852+0000][2.302s][info ][gc,heap     ] GC(18) Humongous regions: 0->0
[2025-06-05T06:36:06.852+0000][2.302s][info ][gc,metaspace] GC(18) Metaspace: 24452K(24832K)->24452K(24832K) NonClass: 21265K(21440K)->21265K(21440K) Class: 3187K(3392K)->3187K(3392K)
[2025-06-05T06:36:06.852+0000][2.302s][info ][gc          ] GC(18) Pause Young (Normal) (G1 Evacuation Pause) 70M->36M(90M) 8.278ms
[2025-06-05T06:36:06.852+0000][2.302s][info ][gc,cpu      ] GC(18) User=0.01s Sys=0.00s Real=0.01s
[2025-06-05T06:36:06.852+0000][2.302s][info ][safepoint   ] Safepoint "G1CollectForAllocation", Time since last: 38356375 ns, Reaching safepoint: 173834 ns, Cleanup: 7750 ns, At safepoint: 8392750 ns, Total: 8574334 ns
[2025-06-05T06:36:06.919+0000][2.370s][debug][safepoint   ] Safepoint synchronization initiated using futex wait barrier. (13 threads)
[2025-06-05T06:36:06.920+0000][2.370s][info ][gc,start    ] GC(19) Pause Young (Normal) (G1 Evacuation Pause)
[2025-06-05T06:36:06.920+0000][2.370s][info ][gc,task     ] GC(19) Using 2 workers of 2 for evacuation
[2025-06-05T06:36:06.928+0000][2.378s][info ][gc,phases   ] GC(19)   Pre Evacuate Collection Set: 0.1ms
[2025-06-05T06:36:06.928+0000][2.378s][info ][gc,phases   ] GC(19)   Merge Heap Roots: 0.1ms
[2025-06-05T06:36:06.928+0000][2.378s][info ][gc,phases   ] GC(19)   Evacuate Collection Set: 6.9ms
[2025-06-05T06:36:06.928+0000][2.378s][info ][gc,phases   ] GC(19)   Post Evacuate Collection Set: 1.0ms
[2025-06-05T06:36:06.928+0000][2.378s][info ][gc,phases   ] GC(19)   Other: 0.3ms
[2025-06-05T06:36:06.928+0000][2.378s][info ][gc,heap     ] GC(19) Eden regions: 33->0(87)
[2025-06-05T06:36:06.928+0000][2.378s][info ][gc,heap     ] GC(19) Survivor regions: 6->4(5)
[2025-06-05T06:36:06.928+0000][2.379s][info ][gc,heap     ] GC(19) Old regions: 31->37
[2025-06-05T06:36:06.928+0000][2.379s][info ][gc,heap     ] GC(19) Archive regions: 2->2
[2025-06-05T06:36:06.928+0000][2.379s][info ][gc,heap     ] GC(19) Humongous regions: 0->0
[2025-06-05T06:36:06.928+0000][2.379s][info ][gc,metaspace] GC(19) Metaspace: 24553K(24896K)->24553K(24896K) NonClass: 21355K(21504K)->21355K(21504K) Class: 3198K(3392K)->3198K(3392K)
[2025-06-05T06:36:06.929+0000][2.379s][info ][gc          ] GC(19) Pause Young (Normal) (G1 Evacuation Pause) 69M->40M(168M) 8.989ms
[2025-06-05T06:36:06.929+0000][2.379s][info ][gc,cpu      ] GC(19) User=0.02s Sys=0.00s Real=0.01s
[2025-06-05T06:36:06.929+0000][2.379s][info ][safepoint   ] Safepoint "G1CollectForAllocation", Time since last: 67200083 ns, Reaching safepoint: 166042 ns, Cleanup: 36041 ns, At safepoint: 9091209 ns, Total: 9293292 ns
[2025-06-05T06:36:07.077+0000][2.527s][debug][safepoint   ] Safepoint synchronization initiated using futex wait barrier. (13 threads)
[2025-06-05T06:36:07.078+0000][2.528s][info ][safepoint   ] Safepoint "ICBufferFull", Time since last: 148615666 ns, Reaching safepoint: 194584 ns, Cleanup: 121083 ns, At safepoint: 4250 ns, Total: 319917 ns
[2025-06-05T06:36:07.114+0000][2.564s][debug][safepoint   ] Safepoint synchronization initiated using futex wait barrier. (13 threads)
[2025-06-05T06:36:07.114+0000][2.564s][info ][gc,start    ] GC(20) Pause Young (Normal) (G1 Evacuation Pause)
[2025-06-05T06:36:07.114+0000][2.564s][info ][gc,task     ] GC(20) Using 2 workers of 2 for evacuation
[2025-06-05T06:36:07.122+0000][2.572s][info ][gc,phases   ] GC(20)   Pre Evacuate Collection Set: 0.1ms
[2025-06-05T06:36:07.122+0000][2.572s][info ][gc,phases   ] GC(20)   Merge Heap Roots: 0.1ms
[2025-06-05T06:36:07.122+0000][2.572s][info ][gc,phases   ] GC(20)   Evacuate Collection Set: 6.6ms
[2025-06-05T06:36:07.122+0000][2.572s][info ][gc,phases   ] GC(20)   Post Evacuate Collection Set: 0.6ms
[2025-06-05T06:36:07.122+0000][2.572s][info ][gc,phases   ] GC(20)   Other: 0.1ms
[2025-06-05T06:36:07.122+0000][2.572s][info ][gc,heap     ] GC(20) Eden regions: 87->0(77)
[2025-06-05T06:36:07.122+0000][2.572s][info ][gc,heap     ] GC(20) Survivor regions: 4->12(12)
[2025-06-05T06:36:07.122+0000][2.572s][info ][gc,heap     ] GC(20) Old regions: 37->37
[2025-06-05T06:36:07.122+0000][2.572s][info ][gc,heap     ] GC(20) Archive regions: 2->2
[2025-06-05T06:36:07.122+0000][2.572s][info ][gc,heap     ] GC(20) Humongous regions: 0->0
[2025-06-05T06:36:07.122+0000][2.572s][info ][gc,metaspace] GC(20) Metaspace: 24986K(25344K)->24986K(25344K) NonClass: 21741K(21888K)->21741K(21888K) Class: 3245K(3456K)->3245K(3456K)
[2025-06-05T06:36:07.122+0000][2.572s][info ][gc          ] GC(20) Pause Young (Normal) (G1 Evacuation Pause) 127M->48M(168M) 8.110ms
[2025-06-05T06:36:07.122+0000][2.573s][info ][gc,cpu      ] GC(20) User=0.02s Sys=0.00s Real=0.01s
[2025-06-05T06:36:07.122+0000][2.573s][info ][safepoint   ] Safepoint "G1CollectForAllocation", Time since last: 36373042 ns, Reaching safepoint: 186375 ns, Cleanup: 54583 ns, At safepoint: 8215000 ns, Total: 8455958 ns
[2025-06-05T06:36:07.153+0000][2.604s][debug][safepoint   ] Safepoint synchronization initiated using futex wait barrier. (13 threads)
[2025-06-05T06:36:07.154+0000][2.604s][info ][safepoint   ] Safepoint "ICBufferFull", Time since last: 30964917 ns, Reaching safepoint: 172875 ns, Cleanup: 69833 ns, At safepoint: 1500 ns, Total: 244208 ns
[2025-06-05T06:36:07.241+0000][2.691s][debug][safepoint   ] Safepoint synchronization initiated using futex wait barrier. (13 threads)
[2025-06-05T06:36:07.242+0000][2.693s][info ][safepoint   ] Safepoint "ICBufferFull", Time since last: 87562583 ns, Reaching safepoint: 1042000 ns, Cleanup: 102292 ns, At safepoint: 7250 ns, Total: 1151542 ns
[2025-06-05T06:36:07.282+0000][2.732s][debug][safepoint   ] Safepoint synchronization initiated using futex wait barrier. (13 threads)
[2025-06-05T06:36:07.282+0000][2.732s][info ][gc,start    ] GC(21) Pause Young (Normal) (G1 Evacuation Pause)
[2025-06-05T06:36:07.282+0000][2.732s][info ][gc,task     ] GC(21) Using 2 workers of 2 for evacuation
[2025-06-05T06:36:07.291+0000][2.741s][info ][gc,phases   ] GC(21)   Pre Evacuate Collection Set: 0.1ms
[2025-06-05T06:36:07.291+0000][2.741s][info ][gc,phases   ] GC(21)   Merge Heap Roots: 0.1ms
[2025-06-05T06:36:07.291+0000][2.741s][info ][gc,phases   ] GC(21)   Evacuate Collection Set: 7.7ms
[2025-06-05T06:36:07.291+0000][2.741s][info ][gc,phases   ] GC(21)   Post Evacuate Collection Set: 0.9ms
[2025-06-05T06:36:07.291+0000][2.741s][info ][gc,phases   ] GC(21)   Other: 0.1ms
[2025-06-05T06:36:07.291+0000][2.741s][info ][gc,heap     ] GC(21) Eden regions: 77->0(78)
[2025-06-05T06:36:07.291+0000][2.741s][info ][gc,heap     ] GC(21) Survivor regions: 12->4(12)
[2025-06-05T06:36:07.291+0000][2.741s][info ][gc,heap     ] GC(21) Old regions: 37->48
[2025-06-05T06:36:07.291+0000][2.741s][info ][gc,heap     ] GC(21) Archive regions: 2->2
[2025-06-05T06:36:07.291+0000][2.741s][info ][gc,heap     ] GC(21) Humongous regions: 0->0
[2025-06-05T06:36:07.291+0000][2.742s][info ][gc,metaspace] GC(21) Metaspace: 25180K(25600K)->25180K(25600K) NonClass: 21921K(22144K)->21921K(22144K) Class: 3259K(3456K)->3259K(3456K)
[2025-06-05T06:36:07.291+0000][2.742s][info ][gc          ] GC(21) Pause Young (Normal) (G1 Evacuation Pause) 125M->51M(168M) 9.568ms
[2025-06-05T06:36:07.291+0000][2.742s][info ][gc,cpu      ] GC(21) User=0.02s Sys=0.00s Real=0.01s
[2025-06-05T06:36:07.291+0000][2.742s][info ][safepoint   ] Safepoint "G1CollectForAllocation", Time since last: 39247875 ns, Reaching safepoint: 188625 ns, Cleanup: 49708 ns, At safepoint: 9671875 ns, Total: 9910208 ns
[2025-06-05T06:36:07.387+0000][2.837s][debug][safepoint   ] Safepoint synchronization initiated using futex wait barrier. (13 threads)
[2025-06-05T06:36:07.387+0000][2.837s][info ][safepoint   ] Safepoint "ICBufferFull", Time since last: 95321584 ns, Reaching safepoint: 179833 ns, Cleanup: 91042 ns, At safepoint: 2083 ns, Total: 272958 ns
[2025-06-05T06:36:07.406+0000][2.856s][debug][safepoint   ] Safepoint synchronization initiated using futex wait barrier. (13 threads)
[2025-06-05T06:36:07.406+0000][2.857s][info ][gc,start    ] GC(22) Pause Young (Normal) (G1 Evacuation Pause)
[2025-06-05T06:36:07.406+0000][2.857s][info ][gc,task     ] GC(22) Using 2 workers of 2 for evacuation
[2025-06-05T06:36:07.412+0000][2.862s][info ][gc,phases   ] GC(22)   Pre Evacuate Collection Set: 0.1ms
[2025-06-05T06:36:07.412+0000][2.862s][info ][gc,phases   ] GC(22)   Merge Heap Roots: 0.1ms
[2025-06-05T06:36:07.412+0000][2.862s][info ][gc,phases   ] GC(22)   Evacuate Collection Set: 3.9ms
[2025-06-05T06:36:07.412+0000][2.862s][info ][gc,phases   ] GC(22)   Post Evacuate Collection Set: 1.1ms
[2025-06-05T06:36:07.412+0000][2.863s][info ][gc,phases   ] GC(22)   Other: 0.2ms
[2025-06-05T06:36:07.412+0000][2.863s][info ][gc,heap     ] GC(22) Eden regions: 78->0(79)
[2025-06-05T06:36:07.413+0000][2.863s][info ][gc,heap     ] GC(22) Survivor regions: 4->6(11)
[2025-06-05T06:36:07.413+0000][2.863s][info ][gc,heap     ] GC(22) Old regions: 48->48
[2025-06-05T06:36:07.413+0000][2.863s][info ][gc,heap     ] GC(22) Archive regions: 2->2
[2025-06-05T06:36:07.413+0000][2.863s][info ][gc,heap     ] GC(22) Humongous regions: 0->0
[2025-06-05T06:36:07.413+0000][2.863s][info ][gc,metaspace] GC(22) Metaspace: 25270K(25664K)->25270K(25664K) NonClass: 21998K(22208K)->21998K(22208K) Class: 3272K(3456K)->3272K(3456K)
[2025-06-05T06:36:07.413+0000][2.863s][info ][gc          ] GC(22) Pause Young (Normal) (G1 Evacuation Pause) 129M->53M(168M) 6.712ms
[2025-06-05T06:36:07.413+0000][2.863s][info ][gc,cpu      ] GC(22) User=0.01s Sys=0.00s Real=0.00s
[2025-06-05T06:36:07.413+0000][2.863s][info ][safepoint   ] Safepoint "G1CollectForAllocation", Time since last: 19070958 ns, Reaching safepoint: 195084 ns, Cleanup: 34291 ns, At safepoint: 6863000 ns, Total: 7092375 ns
[2025-06-05T06:36:07.494+0000][2.944s][debug][safepoint   ] Safepoint synchronization initiated using futex wait barrier. (14 threads)
[2025-06-05T06:36:07.494+0000][2.944s][info ][safepoint   ] Safepoint "ICBufferFull", Time since last: 80691542 ns, Reaching safepoint: 204667 ns, Cleanup: 90083 ns, At safepoint: 1417 ns, Total: 296167 ns
[2025-06-05T06:36:07.558+0000][3.008s][debug][safepoint   ] Safepoint synchronization initiated using futex wait barrier. (14 threads)
[2025-06-05T06:36:07.558+0000][3.009s][info ][gc,start    ] GC(23) Pause Young (Normal) (G1 Evacuation Pause)
[2025-06-05T06:36:07.558+0000][3.009s][info ][gc,task     ] GC(23) Using 2 workers of 2 for evacuation
[2025-06-05T06:36:07.564+0000][3.014s][info ][gc,phases   ] GC(23)   Pre Evacuate Collection Set: 0.1ms
[2025-06-05T06:36:07.564+0000][3.014s][info ][gc,phases   ] GC(23)   Merge Heap Roots: 0.1ms
[2025-06-05T06:36:07.564+0000][3.014s][info ][gc,phases   ] GC(23)   Evacuate Collection Set: 4.0ms
[2025-06-05T06:36:07.564+0000][3.014s][info ][gc,phases   ] GC(23)   Post Evacuate Collection Set: 0.9ms
[2025-06-05T06:36:07.564+0000][3.014s][info ][gc,phases   ] GC(23)   Other: 0.2ms
[2025-06-05T06:36:07.564+0000][3.014s][info ][gc,heap     ] GC(23) Eden regions: 79->0(141)
[2025-06-05T06:36:07.564+0000][3.014s][info ][gc,heap     ] GC(23) Survivor regions: 6->4(11)
[2025-06-05T06:36:07.564+0000][3.014s][info ][gc,heap     ] GC(23) Old regions: 48->51
[2025-06-05T06:36:07.564+0000][3.014s][info ][gc,heap     ] GC(23) Archive regions: 2->2
[2025-06-05T06:36:07.564+0000][3.014s][info ][gc,heap     ] GC(23) Humongous regions: 0->0
[2025-06-05T06:36:07.564+0000][3.014s][info ][gc,metaspace] GC(23) Metaspace: 26597K(27008K)->26597K(27008K) NonClass: 23226K(23424K)->23226K(23424K) Class: 3370K(3584K)->3370K(3584K)
[2025-06-05T06:36:07.564+0000][3.014s][info ][gc          ] GC(23) Pause Young (Normal) (G1 Evacuation Pause) 132M->54M(243M) 5.693ms
[2025-06-05T06:36:07.564+0000][3.014s][info ][gc,cpu      ] GC(23) User=0.01s Sys=0.00s Real=0.00s
[2025-06-05T06:36:07.564+0000][3.014s][info ][safepoint   ] Safepoint "G1CollectForAllocation", Time since last: 64028917 ns, Reaching safepoint: 168375 ns, Cleanup: 15916 ns, At safepoint: 5825250 ns, Total: 6009541 ns
[2025-06-05T06:36:07.704+0000][3.155s][debug][safepoint   ] Safepoint synchronization initiated using futex wait barrier. (13 threads)
[2025-06-05T06:36:07.705+0000][3.155s][info ][safepoint   ] Safepoint "ICBufferFull", Time since last: 140101542 ns, Reaching safepoint: 165167 ns, Cleanup: 72125 ns, At safepoint: 1416 ns, Total: 238708 ns
[2025-06-05T06:36:07.826+0000][3.277s][debug][safepoint   ] Safepoint synchronization initiated using futex wait barrier. (13 threads)
[2025-06-05T06:36:07.827+0000][3.277s][info ][gc,start    ] GC(24) Pause Young (Normal) (G1 Evacuation Pause)
[2025-06-05T06:36:07.827+0000][3.277s][info ][gc,task     ] GC(24) Using 2 workers of 2 for evacuation
[2025-06-05T06:36:07.831+0000][3.282s][info ][gc,phases   ] GC(24)   Pre Evacuate Collection Set: 0.1ms
[2025-06-05T06:36:07.832+0000][3.282s][info ][gc,phases   ] GC(24)   Merge Heap Roots: 0.1ms
[2025-06-05T06:36:07.832+0000][3.282s][info ][gc,phases   ] GC(24)   Evacuate Collection Set: 3.8ms
[2025-06-05T06:36:07.832+0000][3.282s][info ][gc,phases   ] GC(24)   Post Evacuate Collection Set: 0.7ms
[2025-06-05T06:36:07.832+0000][3.282s][info ][gc,phases   ] GC(24)   Other: 0.2ms
[2025-06-05T06:36:07.832+0000][3.282s][info ][gc,heap     ] GC(24) Eden regions: 141->0(139)
[2025-06-05T06:36:07.832+0000][3.282s][info ][gc,heap     ] GC(24) Survivor regions: 4->6(19)
[2025-06-05T06:36:07.832+0000][3.282s][info ][gc,heap     ] GC(24) Old regions: 51->51
[2025-06-05T06:36:07.832+0000][3.282s][info ][gc,heap     ] GC(24) Archive regions: 2->2
[2025-06-05T06:36:07.832+0000][3.282s][info ][gc,heap     ] GC(24) Humongous regions: 0->0
[2025-06-05T06:36:07.832+0000][3.282s][info ][gc,metaspace] GC(24) Metaspace: 30627K(31040K)->30627K(31040K) NonClass: 26798K(27008K)->26798K(27008K) Class: 3829K(4032K)->3829K(4032K)
[2025-06-05T06:36:07.832+0000][3.282s][info ][gc          ] GC(24) Pause Young (Normal) (G1 Evacuation Pause) 195M->56M(243M) 5.522ms
[2025-06-05T06:36:07.832+0000][3.282s][info ][gc,cpu      ] GC(24) User=0.01s Sys=0.00s Real=0.00s
[2025-06-05T06:36:07.832+0000][3.282s][info ][safepoint   ] Safepoint "G1CollectForAllocation", Time since last: 121794625 ns, Reaching safepoint: 214875 ns, Cleanup: 32250 ns, At safepoint: 5632750 ns, Total: 5879875 ns
[2025-06-05T06:36:08.029+0000][3.479s][debug][safepoint   ] Safepoint synchronization initiated using futex wait barrier. (13 threads)
[2025-06-05T06:36:08.029+0000][3.479s][info ][safepoint   ] Safepoint "ICBufferFull", Time since last: 196458875 ns, Reaching safepoint: 189709 ns, Cleanup: 83875 ns, At safepoint: 8750 ns, Total: 282334 ns
[2025-06-05T06:36:08.116+0000][3.566s][debug][safepoint   ] Safepoint synchronization initiated using futex wait barrier. (13 threads)
[2025-06-05T06:36:08.116+0000][3.567s][info ][gc,start    ] GC(25) Pause Young (Normal) (G1 Evacuation Pause)
[2025-06-05T06:36:08.116+0000][3.567s][info ][gc,task     ] GC(25) Using 2 workers of 2 for evacuation
[2025-06-05T06:36:08.122+0000][3.572s][info ][gc,phases   ] GC(25)   Pre Evacuate Collection Set: 0.1ms
[2025-06-05T06:36:08.122+0000][3.572s][info ][gc,phases   ] GC(25)   Merge Heap Roots: 0.1ms
[2025-06-05T06:36:08.122+0000][3.572s][info ][gc,phases   ] GC(25)   Evacuate Collection Set: 4.3ms
[2025-06-05T06:36:08.122+0000][3.572s][info ][gc,phases   ] GC(25)   Post Evacuate Collection Set: 0.7ms
[2025-06-05T06:36:08.122+0000][3.572s][info ][gc,phases   ] GC(25)   Other: 0.2ms
[2025-06-05T06:36:08.122+0000][3.572s][info ][gc,heap     ] GC(25) Eden regions: 139->0(138)
[2025-06-05T06:36:08.122+0000][3.572s][info ][gc,heap     ] GC(25) Survivor regions: 6->7(19)
[2025-06-05T06:36:08.122+0000][3.572s][info ][gc,heap     ] GC(25) Old regions: 51->51
[2025-06-05T06:36:08.122+0000][3.572s][info ][gc,heap     ] GC(25) Archive regions: 2->2
[2025-06-05T06:36:08.122+0000][3.572s][info ][gc,heap     ] GC(25) Humongous regions: 0->0
[2025-06-05T06:36:08.122+0000][3.572s][info ][gc,metaspace] GC(25) Metaspace: 34272K(34688K)->34272K(34688K) NonClass: 30024K(30208K)->30024K(30208K) Class: 4248K(4480K)->4248K(4480K)
[2025-06-05T06:36:08.122+0000][3.572s][info ][gc          ] GC(25) Pause Young (Normal) (G1 Evacuation Pause) 195M->57M(243M) 5.909ms
[2025-06-05T06:36:08.122+0000][3.573s][info ][gc,cpu      ] GC(25) User=0.01s Sys=0.00s Real=0.00s
[2025-06-05T06:36:08.122+0000][3.573s][info ][safepoint   ] Safepoint "G1CollectForAllocation", Time since last: 87050000 ns, Reaching safepoint: 196791 ns, Cleanup: 99500 ns, At safepoint: 6010334 ns, Total: 6306625 ns
[2025-06-05T06:36:08.239+0000][3.689s][debug][safepoint   ] Safepoint synchronization initiated using futex wait barrier. (13 threads)
[2025-06-05T06:36:08.239+0000][3.690s][info ][safepoint   ] Safepoint "ICBufferFull", Time since last: 116361542 ns, Reaching safepoint: 504125 ns, Cleanup: 97000 ns, At safepoint: 9750 ns, Total: 610875 ns
[2025-06-05T06:36:08.301+0000][3.751s][debug][safepoint   ] Safepoint synchronization initiated using futex wait barrier. (13 threads)
[2025-06-05T06:36:08.301+0000][3.751s][info ][safepoint   ] Safepoint "ICBufferFull", Time since last: 61175333 ns, Reaching safepoint: 175208 ns, Cleanup: 152500 ns, At safepoint: 5250 ns, Total: 332958 ns
[2025-06-05T06:36:08.346+0000][3.796s][debug][safepoint   ] Safepoint synchronization initiated using futex wait barrier. (13 threads)
[2025-06-05T06:36:08.346+0000][3.797s][info ][gc,start    ] GC(26) Pause Young (Concurrent Start) (Metadata GC Threshold)
[2025-06-05T06:36:08.346+0000][3.797s][info ][gc,task     ] GC(26) Using 2 workers of 2 for evacuation
[2025-06-05T06:36:08.352+0000][3.803s][info ][gc,phases   ] GC(26)   Pre Evacuate Collection Set: 0.1ms
[2025-06-05T06:36:08.353+0000][3.803s][info ][gc,phases   ] GC(26)   Merge Heap Roots: 0.1ms
[2025-06-05T06:36:08.353+0000][3.803s][info ][gc,phases   ] GC(26)   Evacuate Collection Set: 5.0ms
[2025-06-05T06:36:08.353+0000][3.803s][info ][gc,phases   ] GC(26)   Post Evacuate Collection Set: 0.7ms
[2025-06-05T06:36:08.353+0000][3.803s][info ][gc,phases   ] GC(26)   Other: 0.2ms
[2025-06-05T06:36:08.353+0000][3.803s][info ][gc,heap     ] GC(26) Eden regions: 114->0(137)
[2025-06-05T06:36:08.353+0000][3.803s][info ][gc,heap     ] GC(26) Survivor regions: 7->8(19)
[2025-06-05T06:36:08.353+0000][3.803s][info ][gc,heap     ] GC(26) Old regions: 51->51
[2025-06-05T06:36:08.353+0000][3.803s][info ][gc,heap     ] GC(26) Archive regions: 2->2
[2025-06-05T06:36:08.353+0000][3.803s][info ][gc,heap     ] GC(26) Humongous regions: 0->0
[2025-06-05T06:36:08.353+0000][3.803s][info ][gc,metaspace] GC(26) Metaspace: 35884K(36288K)->35884K(36288K) NonClass: 31432K(31616K)->31432K(31616K) Class: 4452K(4672K)->4452K(4672K)
[2025-06-05T06:36:08.353+0000][3.803s][info ][gc          ] GC(26) Pause Young (Concurrent Start) (Metadata GC Threshold) 171M->58M(243M) 6.719ms
[2025-06-05T06:36:08.353+0000][3.803s][info ][gc,cpu      ] GC(26) User=0.01s Sys=0.00s Real=0.00s
[2025-06-05T06:36:08.353+0000][3.803s][info ][gc          ] GC(27) Concurrent Mark Cycle
[2025-06-05T06:36:08.353+0000][3.803s][info ][gc,marking  ] GC(27) Concurrent Clear Claimed Marks
[2025-06-05T06:36:08.353+0000][3.803s][info ][safepoint   ] Safepoint "CollectForMetadataAllocation", Time since last: 45252542 ns, Reaching safepoint: 155708 ns, Cleanup: 58000 ns, At safepoint: 6883084 ns, Total: 7096792 ns
[2025-06-05T06:36:08.353+0000][3.804s][info ][gc,marking  ] GC(27) Concurrent Clear Claimed Marks 0.096ms
[2025-06-05T06:36:08.355+0000][3.805s][info ][gc,marking  ] GC(27) Concurrent Scan Root Regions
[2025-06-05T06:36:08.370+0000][3.820s][info ][gc,marking  ] GC(27) Concurrent Scan Root Regions 14.453ms
[2025-06-05T06:36:08.370+0000][3.820s][info ][gc,marking  ] GC(27) Concurrent Mark
[2025-06-05T06:36:08.373+0000][3.823s][info ][gc,marking  ] GC(27) Concurrent Mark From Roots
[2025-06-05T06:36:08.373+0000][3.824s][info ][gc,task     ] GC(27) Using 1 workers of 1 for marking
[2025-06-05T06:36:08.385+0000][3.836s][debug][safepoint   ] Safepoint synchronization initiated using futex wait barrier. (13 threads)
[2025-06-05T06:36:08.386+0000][3.836s][info ][safepoint   ] Safepoint "CollectForMetadataAllocation", Time since last: 32250916 ns, Reaching safepoint: 181625 ns, Cleanup: 15292 ns, At safepoint: 17292 ns, Total: 214209 ns
[2025-06-05T06:36:08.404+0000][3.855s][debug][safepoint   ] Safepoint synchronization initiated using futex wait barrier. (13 threads)
[2025-06-05T06:36:08.405+0000][3.855s][info ][safepoint   ] Safepoint "CollectForMetadataAllocation", Time since last: 18798750 ns, Reaching safepoint: 196041 ns, Cleanup: 3000 ns, At safepoint: 23000 ns, Total: 222041 ns
[2025-06-05T06:36:08.408+0000][3.859s][info ][gc,marking  ] GC(27) Concurrent Mark From Roots 35.257ms
[2025-06-05T06:36:08.411+0000][3.861s][info ][gc,marking  ] GC(27) Concurrent Preclean
[2025-06-05T06:36:08.412+0000][3.862s][info ][gc,marking  ] GC(27) Concurrent Preclean 0.327ms
[2025-06-05T06:36:08.412+0000][3.862s][debug][safepoint   ] Safepoint synchronization initiated using futex wait barrier. (13 threads)
[2025-06-05T06:36:08.412+0000][3.862s][info ][gc,start    ] GC(27) Pause Remark
[2025-06-05T06:36:08.415+0000][3.865s][info ][gc          ] GC(27) Pause Remark 74M->74M(243M) 2.962ms
[2025-06-05T06:36:08.415+0000][3.865s][info ][gc,cpu      ] GC(27) User=0.01s Sys=0.00s Real=0.00s
[2025-06-05T06:36:08.415+0000][3.865s][info ][safepoint   ] Safepoint "G1PauseRemark", Time since last: 6948000 ns, Reaching safepoint: 236209 ns, Cleanup: 2916 ns, At safepoint: 3166084 ns, Total: 3405209 ns
[2025-06-05T06:36:08.417+0000][3.867s][info ][gc,marking  ] GC(27) Concurrent Mark 46.958ms
[2025-06-05T06:36:08.417+0000][3.867s][info ][gc,marking  ] GC(27) Concurrent Rebuild Remembered Sets
[2025-06-05T06:36:08.471+0000][3.922s][info ][gc,marking  ] GC(27) Concurrent Rebuild Remembered Sets 54.563ms
[2025-06-05T06:36:08.472+0000][3.922s][debug][safepoint   ] Safepoint synchronization initiated using futex wait barrier. (13 threads)
[2025-06-05T06:36:08.472+0000][3.922s][info ][gc,start    ] GC(27) Pause Cleanup
[2025-06-05T06:36:08.472+0000][3.923s][info ][gc          ] GC(27) Pause Cleanup 82M->82M(243M) 0.159ms
[2025-06-05T06:36:08.472+0000][3.923s][info ][gc,cpu      ] GC(27) User=0.00s Sys=0.00s Real=0.00s
[2025-06-05T06:36:08.472+0000][3.923s][info ][safepoint   ] Safepoint "G1PauseCleanup", Time since last: 56770916 ns, Reaching safepoint: 417000 ns, Cleanup: 11917 ns, At safepoint: 274708 ns, Total: 703625 ns
[2025-06-05T06:36:08.474+0000][3.925s][info ][gc,marking  ] GC(27) Concurrent Cleanup for Next Mark
[2025-06-05T06:36:08.475+0000][3.925s][info ][gc,marking  ] GC(27) Concurrent Cleanup for Next Mark 0.812ms
[2025-06-05T06:36:08.475+0000][3.926s][info ][gc          ] GC(27) Concurrent Mark Cycle 122.205ms
[2025-06-05T06:36:08.623+0000][4.074s][debug][safepoint   ] Safepoint synchronization initiated using futex wait barrier. (13 threads)
[2025-06-05T06:36:08.624+0000][4.074s][info ][safepoint   ] Safepoint "ICBufferFull", Time since last: 150997750 ns, Reaching safepoint: 195459 ns, Cleanup: 100083 ns, At safepoint: 5458 ns, Total: 301000 ns
[2025-06-05T06:36:08.688+0000][4.138s][debug][safepoint   ] Safepoint synchronization initiated using futex wait barrier. (13 threads)
[2025-06-05T06:36:08.688+0000][4.138s][info ][gc,start    ] GC(28) Pause Young (Prepare Mixed) (G1 Evacuation Pause)
[2025-06-05T06:36:08.688+0000][4.138s][info ][gc,task     ] GC(28) Using 2 workers of 2 for evacuation
[2025-06-05T06:36:08.695+0000][4.146s][info ][gc,phases   ] GC(28)   Pre Evacuate Collection Set: 0.1ms
[2025-06-05T06:36:08.696+0000][4.146s][info ][gc,phases   ] GC(28)   Merge Heap Roots: 0.1ms
[2025-06-05T06:36:08.696+0000][4.146s][info ][gc,phases   ] GC(28)   Evacuate Collection Set: 6.2ms
[2025-06-05T06:36:08.696+0000][4.146s][info ][gc,phases   ] GC(28)   Post Evacuate Collection Set: 0.7ms
[2025-06-05T06:36:08.696+0000][4.146s][info ][gc,phases   ] GC(28)   Other: 0.2ms
[2025-06-05T06:36:08.696+0000][4.146s][info ][gc,heap     ] GC(28) Eden regions: 137->0(3)
[2025-06-05T06:36:08.696+0000][4.146s][info ][gc,heap     ] GC(28) Survivor regions: 8->9(19)
[2025-06-05T06:36:08.696+0000][4.146s][info ][gc,heap     ] GC(28) Old regions: 51->51
[2025-06-05T06:36:08.696+0000][4.146s][info ][gc,heap     ] GC(28) Archive regions: 2->2
[2025-06-05T06:36:08.696+0000][4.146s][info ][gc,heap     ] GC(28) Humongous regions: 0->0
[2025-06-05T06:36:08.696+0000][4.146s][info ][gc,metaspace] GC(28) Metaspace: 39137K(39488K)->39137K(39488K) NonClass: 34200K(34368K)->34200K(34368K) Class: 4936K(5120K)->4936K(5120K)
[2025-06-05T06:36:08.696+0000][4.146s][info ][gc          ] GC(28) Pause Young (Prepare Mixed) (G1 Evacuation Pause) 195M->59M(243M) 7.962ms
[2025-06-05T06:36:08.696+0000][4.146s][info ][gc,cpu      ] GC(28) User=0.02s Sys=0.00s Real=0.00s
[2025-06-05T06:36:08.696+0000][4.146s][info ][safepoint   ] Safepoint "G1CollectForAllocation", Time since last: 63988875 ns, Reaching safepoint: 200917 ns, Cleanup: 82292 ns, At safepoint: 8076666 ns, Total: 8359875 ns
[2025-06-05T06:36:08.706+0000][4.156s][debug][safepoint   ] Safepoint synchronization initiated using futex wait barrier. (13 threads)
[2025-06-05T06:36:08.706+0000][4.156s][info ][gc,start    ] GC(29) Pause Young (Mixed) (G1 Evacuation Pause)
[2025-06-05T06:36:08.706+0000][4.156s][info ][gc,task     ] GC(29) Using 2 workers of 2 for evacuation
[2025-06-05T06:36:08.714+0000][4.165s][info ][gc,phases   ] GC(29)   Pre Evacuate Collection Set: 0.1ms
[2025-06-05T06:36:08.715+0000][4.165s][info ][gc,phases   ] GC(29)   Merge Heap Roots: 0.1ms
[2025-06-05T06:36:08.715+0000][4.165s][info ][gc,phases   ] GC(29)   Evacuate Collection Set: 7.5ms
[2025-06-05T06:36:08.715+0000][4.165s][info ][gc,phases   ] GC(29)   Post Evacuate Collection Set: 0.7ms
[2025-06-05T06:36:08.715+0000][4.165s][info ][gc,phases   ] GC(29)   Other: 0.2ms
[2025-06-05T06:36:08.715+0000][4.165s][info ][gc,heap     ] GC(29) Eden regions: 3->0(144)
[2025-06-05T06:36:08.715+0000][4.165s][info ][gc,heap     ] GC(29) Survivor regions: 9->1(2)
[2025-06-05T06:36:08.715+0000][4.165s][info ][gc,heap     ] GC(29) Old regions: 51->58
[2025-06-05T06:36:08.715+0000][4.165s][info ][gc,heap     ] GC(29) Archive regions: 2->2
[2025-06-05T06:36:08.715+0000][4.165s][info ][gc,heap     ] GC(29) Humongous regions: 0->0
[2025-06-05T06:36:08.715+0000][4.165s][info ][gc,metaspace] GC(29) Metaspace: 39218K(39616K)->39218K(39616K) NonClass: 34270K(34496K)->34270K(34496K) Class: 4948K(5120K)->4948K(5120K)
[2025-06-05T06:36:08.715+0000][4.165s][info ][gc          ] GC(29) Pause Young (Mixed) (G1 Evacuation Pause) 62M->58M(243M) 9.127ms
[2025-06-05T06:36:08.715+0000][4.165s][info ][gc,cpu      ] GC(29) User=0.02s Sys=0.00s Real=0.01s
[2025-06-05T06:36:08.715+0000][4.165s][info ][safepoint   ] Safepoint "G1CollectForAllocation", Time since last: 9568292 ns, Reaching safepoint: 203583 ns, Cleanup: 32375 ns, At safepoint: 9247084 ns, Total: 9483042 ns
[2025-06-05T06:36:09.109+0000][4.559s][debug][safepoint   ] Safepoint synchronization initiated using futex wait barrier. (13 threads)
[2025-06-05T06:36:09.109+0000][4.559s][info ][safepoint   ] Safepoint "ICBufferFull", Time since last: 393325292 ns, Reaching safepoint: 194958 ns, Cleanup: 142250 ns, At safepoint: 3667 ns, Total: 340875 ns
[2025-06-05T06:36:09.141+0000][4.591s][debug][safepoint   ] Safepoint synchronization initiated using futex wait barrier. (13 threads)
[2025-06-05T06:36:09.141+0000][4.591s][info ][gc,start    ] GC(30) Pause Young (Concurrent Start) (G1 Evacuation Pause)
[2025-06-05T06:36:09.141+0000][4.591s][info ][gc,task     ] GC(30) Using 2 workers of 2 for evacuation
[2025-06-05T06:36:09.144+0000][4.594s][info ][gc,phases   ] GC(30)   Pre Evacuate Collection Set: 0.1ms
[2025-06-05T06:36:09.144+0000][4.594s][info ][gc,phases   ] GC(30)   Merge Heap Roots: 0.1ms
[2025-06-05T06:36:09.144+0000][4.595s][info ][gc,phases   ] GC(30)   Evacuate Collection Set: 2.1ms
[2025-06-05T06:36:09.144+0000][4.595s][info ][gc,phases   ] GC(30)   Post Evacuate Collection Set: 0.5ms
[2025-06-05T06:36:09.144+0000][4.595s][info ][gc,phases   ] GC(30)   Other: 0.2ms
[2025-06-05T06:36:09.144+0000][4.595s][info ][gc,heap     ] GC(30) Eden regions: 144->0(143)
[2025-06-05T06:36:09.144+0000][4.595s][info ][gc,heap     ] GC(30) Survivor regions: 1->2(19)
[2025-06-05T06:36:09.145+0000][4.595s][info ][gc,heap     ] GC(30) Old regions: 58->58
[2025-06-05T06:36:09.145+0000][4.595s][info ][gc,heap     ] GC(30) Archive regions: 2->2
[2025-06-05T06:36:09.145+0000][4.595s][info ][gc,heap     ] GC(30) Humongous regions: 0->0
[2025-06-05T06:36:09.145+0000][4.595s][info ][gc,metaspace] GC(30) Metaspace: 41600K(42048K)->41600K(42048K) NonClass: 36313K(36544K)->36313K(36544K) Class: 5287K(5504K)->5287K(5504K)
[2025-06-05T06:36:09.145+0000][4.595s][info ][gc          ] GC(30) Pause Young (Concurrent Start) (G1 Evacuation Pause) 202M->59M(243M) 3.595ms
[2025-06-05T06:36:09.145+0000][4.595s][info ][gc,cpu      ] GC(30) User=0.01s Sys=0.00s Real=0.00s
[2025-06-05T06:36:09.145+0000][4.595s][info ][safepoint   ] Safepoint "G1CollectForAllocation", Time since last: 32011916 ns, Reaching safepoint: 189459 ns, Cleanup: 24958 ns, At safepoint: 3734333 ns, Total: 3948750 ns
[2025-06-05T06:36:09.145+0000][4.595s][info ][gc          ] GC(31) Concurrent Mark Cycle
[2025-06-05T06:36:09.148+0000][4.598s][info ][gc,marking  ] GC(31) Concurrent Clear Claimed Marks
[2025-06-05T06:36:09.148+0000][4.599s][info ][gc,marking  ] GC(31) Concurrent Clear Claimed Marks 0.105ms
[2025-06-05T06:36:09.148+0000][4.599s][info ][gc,marking  ] GC(31) Concurrent Scan Root Regions
[2025-06-05T06:36:09.150+0000][4.600s][info ][gc,marking  ] GC(31) Concurrent Scan Root Regions 1.291ms
[2025-06-05T06:36:09.150+0000][4.600s][info ][gc,marking  ] GC(31) Concurrent Mark
[2025-06-05T06:36:09.150+0000][4.600s][info ][gc,marking  ] GC(31) Concurrent Mark From Roots
[2025-06-05T06:36:09.150+0000][4.600s][info ][gc,task     ] GC(31) Using 1 workers of 1 for marking
[2025-06-05T06:36:09.206+0000][4.656s][info ][gc,marking  ] GC(31) Concurrent Mark From Roots 56.077ms
[2025-06-05T06:36:09.206+0000][4.656s][info ][gc,marking  ] GC(31) Concurrent Preclean
[2025-06-05T06:36:09.207+0000][4.657s][info ][gc,marking  ] GC(31) Concurrent Preclean 0.228ms
[2025-06-05T06:36:09.207+0000][4.657s][debug][safepoint   ] Safepoint synchronization initiated using futex wait barrier. (13 threads)
[2025-06-05T06:36:09.207+0000][4.657s][debug][safepoint   ] ... found polling page loop exception at pc = 0x0000ffff8d1a9524, stub =0x0000ffff8c97ef00
[2025-06-05T06:36:09.207+0000][4.657s][info ][gc,start    ] GC(31) Pause Remark
[2025-06-05T06:36:09.210+0000][4.660s][info ][gc          ] GC(31) Pause Remark 76M->76M(243M) 2.824ms
[2025-06-05T06:36:09.210+0000][4.660s][info ][gc,cpu      ] GC(31) User=0.01s Sys=0.00s Real=0.00s
[2025-06-05T06:36:09.210+0000][4.660s][info ][safepoint   ] Safepoint "G1PauseRemark", Time since last: 61787125 ns, Reaching safepoint: 611375 ns, Cleanup: 12584 ns, At safepoint: 3003625 ns, Total: 3627584 ns
[2025-06-05T06:36:09.212+0000][4.663s][info ][gc,marking  ] GC(31) Concurrent Mark 62.544ms
[2025-06-05T06:36:09.212+0000][4.663s][info ][gc,marking  ] GC(31) Concurrent Rebuild Remembered Sets
[2025-06-05T06:36:09.273+0000][4.723s][info ][gc,marking  ] GC(31) Concurrent Rebuild Remembered Sets 60.071ms
[2025-06-05T06:36:09.273+0000][4.723s][debug][safepoint   ] Safepoint synchronization initiated using futex wait barrier. (13 threads)
[2025-06-05T06:36:09.273+0000][4.723s][info ][gc,start    ] GC(31) Pause Cleanup
[2025-06-05T06:36:09.273+0000][4.723s][info ][gc          ] GC(31) Pause Cleanup 85M->85M(243M) 0.161ms
[2025-06-05T06:36:09.273+0000][4.724s][info ][gc,cpu      ] GC(31) User=0.00s Sys=0.00s Real=0.00s
[2025-06-05T06:36:09.273+0000][4.724s][info ][safepoint   ] Safepoint "G1PauseCleanup", Time since last: 62536708 ns, Reaching safepoint: 325542 ns, Cleanup: 19750 ns, At safepoint: 269583 ns, Total: 614875 ns
[2025-06-05T06:36:09.273+0000][4.724s][info ][gc,marking  ] GC(31) Concurrent Cleanup for Next Mark
[2025-06-05T06:36:09.278+0000][4.728s][info ][gc,marking  ] GC(31) Concurrent Cleanup for Next Mark 4.233ms
[2025-06-05T06:36:09.278+0000][4.728s][info ][gc          ] GC(31) Concurrent Mark Cycle 133.036ms
[2025-06-05T06:36:09.432+0000][4.883s][debug][safepoint   ] Safepoint synchronization initiated using futex wait barrier. (13 threads)
[2025-06-05T06:36:09.433+0000][4.883s][info ][safepoint   ] Safepoint "ICBufferFull", Time since last: 159008542 ns, Reaching safepoint: 163000 ns, Cleanup: 117416 ns, At safepoint: 8167 ns, Total: 288583 ns
[2025-06-05T06:36:09.529+0000][4.979s][debug][safepoint   ] Safepoint synchronization initiated using futex wait barrier. (13 threads)
[2025-06-05T06:36:09.529+0000][4.979s][info ][safepoint   ] Safepoint "ICBufferFull", Time since last: 95922334 ns, Reaching safepoint: 190291 ns, Cleanup: 103000 ns, At safepoint: 4667 ns, Total: 297958 ns
[2025-06-05T06:36:09.641+0000][5.091s][debug][safepoint   ] Safepoint synchronization initiated using futex wait barrier. (13 threads)
[2025-06-05T06:36:09.641+0000][5.091s][info ][gc,start    ] GC(32) Pause Young (Prepare Mixed) (G1 Evacuation Pause)
[2025-06-05T06:36:09.641+0000][5.091s][info ][gc,task     ] GC(32) Using 2 workers of 2 for evacuation
[2025-06-05T06:36:09.647+0000][5.097s][info ][gc,phases   ] GC(32)   Pre Evacuate Collection Set: 0.1ms
[2025-06-05T06:36:09.647+0000][5.097s][info ][gc,phases   ] GC(32)   Merge Heap Roots: 0.1ms
[2025-06-05T06:36:09.647+0000][5.097s][info ][gc,phases   ] GC(32)   Evacuate Collection Set: 4.7ms
[2025-06-05T06:36:09.647+0000][5.097s][info ][gc,phases   ] GC(32)   Post Evacuate Collection Set: 0.7ms
[2025-06-05T06:36:09.647+0000][5.097s][info ][gc,phases   ] GC(32)   Other: 0.2ms
[2025-06-05T06:36:09.647+0000][5.097s][info ][gc,heap     ] GC(32) Eden regions: 143->0(6)
[2025-06-05T06:36:09.647+0000][5.097s][info ][gc,heap     ] GC(32) Survivor regions: 2->6(19)
[2025-06-05T06:36:09.647+0000][5.097s][info ][gc,heap     ] GC(32) Old regions: 58->58
[2025-06-05T06:36:09.647+0000][5.097s][info ][gc,heap     ] GC(32) Archive regions: 2->2
[2025-06-05T06:36:09.647+0000][5.098s][info ][gc,heap     ] GC(32) Humongous regions: 0->0
[2025-06-05T06:36:09.647+0000][5.098s][info ][gc,metaspace] GC(32) Metaspace: 45469K(45824K)->45469K(45824K) NonClass: 39626K(39808K)->39626K(39808K) Class: 5842K(6016K)->5842K(6016K)
[2025-06-05T06:36:09.647+0000][5.098s][info ][gc          ] GC(32) Pause Young (Prepare Mixed) (G1 Evacuation Pause) 202M->63M(243M) 6.309ms
[2025-06-05T06:36:09.648+0000][5.098s][info ][gc,cpu      ] GC(32) User=0.01s Sys=0.00s Real=0.01s
[2025-06-05T06:36:09.648+0000][5.098s][info ][safepoint   ] Safepoint "G1CollectForAllocation", Time since last: 111938792 ns, Reaching safepoint: 182458 ns, Cleanup: 86208 ns, At safepoint: 6444125 ns, Total: 6712791 ns
[2025-06-05T06:36:09.674+0000][5.124s][debug][safepoint   ] Safepoint synchronization initiated using futex wait barrier. (13 threads)
[2025-06-05T06:36:09.674+0000][5.124s][info ][gc,start    ] GC(33) Pause Young (Mixed) (G1 Evacuation Pause)
[2025-06-05T06:36:09.674+0000][5.124s][info ][gc,task     ] GC(33) Using 2 workers of 2 for evacuation
[2025-06-05T06:36:09.681+0000][5.131s][info ][gc,phases   ] GC(33)   Pre Evacuate Collection Set: 0.1ms
[2025-06-05T06:36:09.681+0000][5.131s][info ][gc,phases   ] GC(33)   Merge Heap Roots: 0.1ms
[2025-06-05T06:36:09.681+0000][5.131s][info ][gc,phases   ] GC(33)   Evacuate Collection Set: 5.8ms
[2025-06-05T06:36:09.681+0000][5.131s][info ][gc,phases   ] GC(33)   Post Evacuate Collection Set: 0.7ms
[2025-06-05T06:36:09.681+0000][5.131s][info ][gc,phases   ] GC(33)   Other: 0.2ms
[2025-06-05T06:36:09.681+0000][5.131s][info ][gc,heap     ] GC(33) Eden regions: 6->0(144)
[2025-06-05T06:36:09.681+0000][5.131s][info ][gc,heap     ] GC(33) Survivor regions: 6->1(2)
[2025-06-05T06:36:09.681+0000][5.132s][info ][gc,heap     ] GC(33) Old regions: 58->61
[2025-06-05T06:36:09.681+0000][5.132s][info ][gc,heap     ] GC(33) Archive regions: 2->2
[2025-06-05T06:36:09.681+0000][5.132s][info ][gc,heap     ] GC(33) Humongous regions: 0->0
[2025-06-05T06:36:09.681+0000][5.132s][info ][gc,metaspace] GC(33) Metaspace: 45662K(46080K)->45662K(46080K) NonClass: 39789K(40000K)->39789K(40000K) Class: 5873K(6080K)->5873K(6080K)
[2025-06-05T06:36:09.681+0000][5.132s][info ][gc          ] GC(33) Pause Young (Mixed) (G1 Evacuation Pause) 69M->62M(243M) 7.409ms
[2025-06-05T06:36:09.682+0000][5.132s][info ][gc,cpu      ] GC(33) User=0.02s Sys=0.00s Real=0.01s
[2025-06-05T06:36:09.682+0000][5.132s][info ][safepoint   ] Safepoint "G1CollectForAllocation", Time since last: 26288125 ns, Reaching safepoint: 169000 ns, Cleanup: 28042 ns, At safepoint: 7515083 ns, Total: 7712125 ns
[2025-06-05T06:36:09.870+0000][5.321s][debug][safepoint   ] Safepoint synchronization initiated using futex wait barrier. (13 threads)
[2025-06-05T06:36:09.871+0000][5.321s][info ][safepoint   ] Safepoint "ICBufferFull", Time since last: 188846750 ns, Reaching safepoint: 207792 ns, Cleanup: 92792 ns, At safepoint: 1833 ns, Total: 302417 ns
[2025-06-05T06:36:09.995+0000][5.445s][debug][safepoint   ] Safepoint synchronization initiated using futex wait barrier. (13 threads)
[2025-06-05T06:36:09.995+0000][5.446s][info ][safepoint   ] Safepoint "ICBufferFull", Time since last: 124510417 ns, Reaching safepoint: 185750 ns, Cleanup: 87583 ns, At safepoint: 1917 ns, Total: 275250 ns
[2025-06-05T06:36:11.085+0000][6.535s][debug][safepoint   ] Safepoint synchronization initiated using futex wait barrier. (15 threads)
[2025-06-05T06:36:11.087+0000][6.537s][info ][safepoint   ] Safepoint "Cleanup", Time since last: 1089041792 ns, Reaching safepoint: 2004292 ns, Cleanup: 113625 ns, At safepoint: 31500 ns, Total: 2149417 ns
[2025-06-05T06:36:11.147+0000][6.598s][debug][safepoint   ] Safepoint synchronization initiated using futex wait barrier. (15 threads)
[2025-06-05T06:36:11.148+0000][6.599s][info ][safepoint   ] Safepoint "ICBufferFull", Time since last: 60805791 ns, Reaching safepoint: 789959 ns, Cleanup: 102916 ns, At safepoint: 10375 ns, Total: 903250 ns
[2025-06-05T06:36:11.160+0000][6.610s][debug][safepoint   ] Safepoint synchronization initiated using futex wait barrier. (15 threads)
[2025-06-05T06:36:11.160+0000][6.610s][info ][gc,start    ] GC(34) Pause Young (Normal) (G1 Evacuation Pause)
[2025-06-05T06:36:11.160+0000][6.610s][info ][gc,task     ] GC(34) Using 2 workers of 2 for evacuation
[2025-06-05T06:36:11.165+0000][6.615s][info ][gc,phases   ] GC(34)   Pre Evacuate Collection Set: 0.1ms
[2025-06-05T06:36:11.165+0000][6.615s][info ][gc,phases   ] GC(34)   Merge Heap Roots: 0.1ms
[2025-06-05T06:36:11.165+0000][6.615s][info ][gc,phases   ] GC(34)   Evacuate Collection Set: 3.9ms
[2025-06-05T06:36:11.165+0000][6.615s][info ][gc,phases   ] GC(34)   Post Evacuate Collection Set: 0.7ms
[2025-06-05T06:36:11.165+0000][6.615s][info ][gc,phases   ] GC(34)   Other: 0.2ms
[2025-06-05T06:36:11.165+0000][6.615s][info ][gc,heap     ] GC(34) Eden regions: 144->0(142)
[2025-06-05T06:36:11.165+0000][6.615s][info ][gc,heap     ] GC(34) Survivor regions: 1->3(19)
[2025-06-05T06:36:11.165+0000][6.615s][info ][gc,heap     ] GC(34) Old regions: 61->61
[2025-06-05T06:36:11.165+0000][6.615s][info ][gc,heap     ] GC(34) Archive regions: 2->2
[2025-06-05T06:36:11.165+0000][6.615s][info ][gc,heap     ] GC(34) Humongous regions: 0->0
[2025-06-05T06:36:11.165+0000][6.615s][info ][gc,metaspace] GC(34) Metaspace: 53556K(53952K)->53556K(53952K) NonClass: 46771K(46976K)->46771K(46976K) Class: 6784K(6976K)->6784K(6976K)
[2025-06-05T06:36:11.165+0000][6.615s][info ][gc          ] GC(34) Pause Young (Normal) (G1 Evacuation Pause) 206M->64M(243M) 5.454ms
[2025-06-05T06:36:11.165+0000][6.616s][info ][gc,cpu      ] GC(34) User=0.02s Sys=0.00s Real=0.00s
[2025-06-05T06:36:11.165+0000][6.616s][info ][safepoint   ] Safepoint "G1CollectForAllocation", Time since last: 11210834 ns, Reaching safepoint: 181791 ns, Cleanup: 16959 ns, At safepoint: 5562000 ns, Total: 5760750 ns
[2025-06-05T06:36:11.234+0000][6.684s][debug][safepoint   ] Safepoint synchronization initiated using futex wait barrier. (15 threads)
[2025-06-05T06:36:11.234+0000][6.684s][info ][safepoint   ] Safepoint "ICBufferFull", Time since last: 68600958 ns, Reaching safepoint: 188542 ns, Cleanup: 100000 ns, At safepoint: 1750 ns, Total: 290292 ns
[2025-06-05T06:36:11.508+0000][6.959s][debug][safepoint   ] Safepoint synchronization initiated using futex wait barrier. (15 threads)
[2025-06-05T06:36:11.509+0000][6.959s][info ][gc,start    ] GC(35) Pause Young (Normal) (G1 Evacuation Pause)
[2025-06-05T06:36:11.509+0000][6.959s][info ][gc,task     ] GC(35) Using 2 workers of 2 for evacuation
[2025-06-05T06:36:11.514+0000][6.965s][info ][gc,phases   ] GC(35)   Pre Evacuate Collection Set: 0.1ms
[2025-06-05T06:36:11.515+0000][6.965s][info ][gc,phases   ] GC(35)   Merge Heap Roots: 0.1ms
[2025-06-05T06:36:11.515+0000][6.965s][info ][gc,phases   ] GC(35)   Evacuate Collection Set: 4.5ms
[2025-06-05T06:36:11.515+0000][6.965s][info ][gc,phases   ] GC(35)   Post Evacuate Collection Set: 0.9ms
[2025-06-05T06:36:11.515+0000][6.965s][info ][gc,phases   ] GC(35)   Other: 0.2ms
[2025-06-05T06:36:11.515+0000][6.965s][info ][gc,heap     ] GC(35) Eden regions: 142->0(140)
[2025-06-05T06:36:11.515+0000][6.965s][info ][gc,heap     ] GC(35) Survivor regions: 3->5(19)
[2025-06-05T06:36:11.515+0000][6.965s][info ][gc,heap     ] GC(35) Old regions: 61->61
[2025-06-05T06:36:11.515+0000][6.965s][info ][gc,heap     ] GC(35) Archive regions: 2->2
[2025-06-05T06:36:11.515+0000][6.965s][info ][gc,heap     ] GC(35) Humongous regions: 0->0
[2025-06-05T06:36:11.515+0000][6.965s][info ][gc,metaspace] GC(35) Metaspace: 56921K(57344K)->56921K(57344K) NonClass: 49676K(49920K)->49676K(49920K) Class: 7244K(7424K)->7244K(7424K)
[2025-06-05T06:36:11.515+0000][6.965s][info ][gc          ] GC(35) Pause Young (Normal) (G1 Evacuation Pause) 206M->66M(243M) 6.211ms
[2025-06-05T06:36:11.515+0000][6.965s][info ][gc,cpu      ] GC(35) User=0.01s Sys=0.00s Real=0.00s
[2025-06-05T06:36:11.515+0000][6.965s][info ][safepoint   ] Safepoint "G1CollectForAllocation", Time since last: 274237916 ns, Reaching safepoint: 197667 ns, Cleanup: 101792 ns, At safepoint: 6318958 ns, Total: 6618417 ns
[2025-06-05T06:36:11.666+0000][7.117s][debug][safepoint   ] Safepoint synchronization initiated using futex wait barrier. (16 threads)
[2025-06-05T06:36:11.670+0000][7.120s][info ][safepoint   ] Safepoint "ICBufferFull", Time since last: 151287375 ns, Reaching safepoint: 3012750 ns, Cleanup: 109375 ns, At safepoint: 5417 ns, Total: 3127542 ns
[2025-06-05T06:36:11.795+0000][7.246s][debug][safepoint   ] Safepoint synchronization initiated using futex wait barrier. (18 threads)
[2025-06-05T06:36:11.796+0000][7.246s][info ][safepoint   ] Safepoint "ICBufferFull", Time since last: 125892417 ns, Reaching safepoint: 131000 ns, Cleanup: 104041 ns, At safepoint: 10625 ns, Total: 245666 ns
[2025-06-05T06:36:11.889+0000][7.339s][debug][safepoint   ] Safepoint synchronization initiated using futex wait barrier. (18 threads)
[2025-06-05T06:36:11.889+0000][7.339s][info ][gc,start    ] GC(36) Pause Young (Normal) (G1 Evacuation Pause)
[2025-06-05T06:36:11.889+0000][7.340s][info ][gc,task     ] GC(36) Using 2 workers of 2 for evacuation
[2025-06-05T06:36:11.895+0000][7.346s][info ][gc,phases   ] GC(36)   Pre Evacuate Collection Set: 0.1ms
[2025-06-05T06:36:11.896+0000][7.346s][info ][gc,phases   ] GC(36)   Merge Heap Roots: 0.1ms
[2025-06-05T06:36:11.896+0000][7.346s][info ][gc,phases   ] GC(36)   Evacuate Collection Set: 5.0ms
[2025-06-05T06:36:11.896+0000][7.346s][info ][gc,phases   ] GC(36)   Post Evacuate Collection Set: 0.8ms
[2025-06-05T06:36:11.896+0000][7.346s][info ][gc,phases   ] GC(36)   Other: 0.2ms
[2025-06-05T06:36:11.896+0000][7.346s][info ][gc,heap     ] GC(36) Eden regions: 140->0(138)
[2025-06-05T06:36:11.896+0000][7.346s][info ][gc,heap     ] GC(36) Survivor regions: 5->7(19)
[2025-06-05T06:36:11.896+0000][7.346s][info ][gc,heap     ] GC(36) Old regions: 61->61
[2025-06-05T06:36:11.896+0000][7.346s][info ][gc,heap     ] GC(36) Archive regions: 2->2
[2025-06-05T06:36:11.896+0000][7.346s][info ][gc,heap     ] GC(36) Humongous regions: 0->0
[2025-06-05T06:36:11.896+0000][7.346s][info ][gc,metaspace] GC(36) Metaspace: 62445K(62912K)->62445K(62912K) NonClass: 54512K(54720K)->54512K(54720K) Class: 7932K(8192K)->7932K(8192K)
[2025-06-05T06:36:11.896+0000][7.346s][info ][gc          ] GC(36) Pause Young (Normal) (G1 Evacuation Pause) 206M->68M(243M) 6.785ms
[2025-06-05T06:36:11.896+0000][7.346s][info ][gc,cpu      ] GC(36) User=0.02s Sys=0.00s Real=0.00s
[2025-06-05T06:36:11.896+0000][7.346s][info ][safepoint   ] Safepoint "G1CollectForAllocation", Time since last: 93306375 ns, Reaching safepoint: 159667 ns, Cleanup: 111542 ns, At safepoint: 6887041 ns, Total: 7158250 ns
[2025-06-05T06:36:12.184+0000][7.634s][debug][safepoint   ] Safepoint synchronization initiated using futex wait barrier. (18 threads)
[2025-06-05T06:36:12.185+0000][7.635s][info ][gc,start    ] GC(37) Pause Young (Normal) (G1 Evacuation Pause)
[2025-06-05T06:36:12.185+0000][7.635s][info ][gc,task     ] GC(37) Using 2 workers of 2 for evacuation
[2025-06-05T06:36:12.191+0000][7.641s][info ][gc,phases   ] GC(37)   Pre Evacuate Collection Set: 0.1ms
[2025-06-05T06:36:12.191+0000][7.641s][info ][gc,phases   ] GC(37)   Merge Heap Roots: 0.1ms
[2025-06-05T06:36:12.191+0000][7.641s][info ][gc,phases   ] GC(37)   Evacuate Collection Set: 5.1ms
[2025-06-05T06:36:12.191+0000][7.641s][info ][gc,phases   ] GC(37)   Post Evacuate Collection Set: 0.8ms
[2025-06-05T06:36:12.191+0000][7.641s][info ][gc,phases   ] GC(37)   Other: 0.2ms
[2025-06-05T06:36:12.191+0000][7.641s][info ][gc,heap     ] GC(37) Eden regions: 138->0(138)
[2025-06-05T06:36:12.191+0000][7.641s][info ][gc,heap     ] GC(37) Survivor regions: 7->7(19)
[2025-06-05T06:36:12.191+0000][7.641s][info ][gc,heap     ] GC(37) Old regions: 61->61
[2025-06-05T06:36:12.191+0000][7.641s][info ][gc,heap     ] GC(37) Archive regions: 2->2
[2025-06-05T06:36:12.191+0000][7.642s][info ][gc,heap     ] GC(37) Humongous regions: 0->0
[2025-06-05T06:36:12.191+0000][7.642s][info ][gc,metaspace] GC(37) Metaspace: 64771K(65280K)->64771K(65280K) NonClass: 56448K(56704K)->56448K(56704K) Class: 8322K(8576K)->8322K(8576K)
[2025-06-05T06:36:12.191+0000][7.642s][info ][gc          ] GC(37) Pause Young (Normal) (G1 Evacuation Pause) 206M->68M(243M) 6.936ms
[2025-06-05T06:36:12.191+0000][7.642s][info ][gc,cpu      ] GC(37) User=0.02s Sys=0.00s Real=0.01s
[2025-06-05T06:36:12.192+0000][7.642s][info ][safepoint   ] Safepoint "G1CollectForAllocation", Time since last: 287459584 ns, Reaching safepoint: 179666 ns, Cleanup: 715084 ns, At safepoint: 7050375 ns, Total: 7945125 ns
[2025-06-05T06:36:12.338+0000][7.788s][debug][safepoint   ] Safepoint synchronization initiated using futex wait barrier. (18 threads)
[2025-06-05T06:36:12.338+0000][7.788s][info ][safepoint   ] Safepoint "ICBufferFull", Time since last: 146075375 ns, Reaching safepoint: 215917 ns, Cleanup: 72791 ns, At safepoint: 4334 ns, Total: 293042 ns
[2025-06-05T06:36:12.377+0000][7.827s][debug][safepoint   ] Safepoint synchronization initiated using futex wait barrier. (18 threads)
[2025-06-05T06:36:12.377+0000][7.827s][info ][safepoint   ] Safepoint "ICBufferFull", Time since last: 38895916 ns, Reaching safepoint: 208250 ns, Cleanup: 85875 ns, At safepoint: 4959 ns, Total: 299084 ns
[2025-06-05T06:36:12.477+0000][7.927s][debug][safepoint   ] Safepoint synchronization initiated using futex wait barrier. (18 threads)
[2025-06-05T06:36:12.477+0000][7.927s][info ][safepoint   ] Safepoint "ICBufferFull", Time since last: 99524875 ns, Reaching safepoint: 179916 ns, Cleanup: 103417 ns, At safepoint: 7375 ns, Total: 290708 ns
[2025-06-05T06:36:12.529+0000][7.979s][debug][safepoint   ] Safepoint synchronization initiated using futex wait barrier. (18 threads)
[2025-06-05T06:36:12.530+0000][7.980s][info ][gc,start    ] GC(38) Pause Young (Normal) (G1 Evacuation Pause)
[2025-06-05T06:36:12.530+0000][7.980s][info ][gc,task     ] GC(38) Using 2 workers of 2 for evacuation
[2025-06-05T06:36:12.539+0000][7.989s][info ][gc,phases   ] GC(38)   Pre Evacuate Collection Set: 0.1ms
[2025-06-05T06:36:12.539+0000][7.989s][info ][gc,phases   ] GC(38)   Merge Heap Roots: 0.1ms
[2025-06-05T06:36:12.539+0000][7.989s][info ][gc,phases   ] GC(38)   Evacuate Collection Set: 7.9ms
[2025-06-05T06:36:12.539+0000][7.989s][info ][gc,phases   ] GC(38)   Post Evacuate Collection Set: 0.9ms
[2025-06-05T06:36:12.539+0000][7.989s][info ][gc,phases   ] GC(38)   Other: 0.2ms
[2025-06-05T06:36:12.539+0000][7.989s][info ][gc,heap     ] GC(38) Eden regions: 138->0(133)
[2025-06-05T06:36:12.539+0000][7.989s][info ][gc,heap     ] GC(38) Survivor regions: 7->11(19)
[2025-06-05T06:36:12.539+0000][7.989s][info ][gc,heap     ] GC(38) Old regions: 61->61
[2025-06-05T06:36:12.539+0000][7.989s][info ][gc,heap     ] GC(38) Archive regions: 2->2
[2025-06-05T06:36:12.539+0000][7.989s][info ][gc,heap     ] GC(38) Humongous regions: 0->0
[2025-06-05T06:36:12.539+0000][7.989s][info ][gc,metaspace] GC(38) Metaspace: 68124K(68608K)->68124K(68608K) NonClass: 59404K(59648K)->59404K(59648K) Class: 8720K(8960K)->8720K(8960K)
[2025-06-05T06:36:12.539+0000][7.989s][info ][gc          ] GC(38) Pause Young (Normal) (G1 Evacuation Pause) 206M->72M(243M) 9.674ms
[2025-06-05T06:36:12.539+0000][7.989s][info ][gc,cpu      ] GC(38) User=0.02s Sys=0.00s Real=0.01s
[2025-06-05T06:36:12.539+0000][7.990s][info ][safepoint   ] Safepoint "G1CollectForAllocation", Time since last: 52330458 ns, Reaching safepoint: 179459 ns, Cleanup: 65791 ns, At safepoint: 9803625 ns, Total: 10048875 ns
[2025-06-05T06:36:12.630+0000][8.080s][debug][safepoint   ] Safepoint synchronization initiated using futex wait barrier. (18 threads)
[2025-06-05T06:36:12.630+0000][8.081s][info ][safepoint   ] Safepoint "ICBufferFull", Time since last: 90273709 ns, Reaching safepoint: 689791 ns, Cleanup: 92334 ns, At safepoint: 8500 ns, Total: 790625 ns
[2025-06-05T06:36:12.671+0000][8.121s][debug][safepoint   ] Safepoint synchronization initiated using futex wait barrier. (18 threads)
[2025-06-05T06:36:12.671+0000][8.121s][info ][gc,start    ] GC(39) Pause Young (Concurrent Start) (Metadata GC Threshold)
[2025-06-05T06:36:12.671+0000][8.121s][info ][gc,task     ] GC(39) Using 2 workers of 2 for evacuation
[2025-06-05T06:36:12.680+0000][8.130s][info ][gc,phases   ] GC(39)   Pre Evacuate Collection Set: 0.1ms
[2025-06-05T06:36:12.680+0000][8.131s][info ][gc,phases   ] GC(39)   Merge Heap Roots: 0.1ms
[2025-06-05T06:36:12.680+0000][8.131s][info ][gc,phases   ] GC(39)   Evacuate Collection Set: 8.0ms
[2025-06-05T06:36:12.680+0000][8.131s][info ][gc,phases   ] GC(39)   Post Evacuate Collection Set: 0.8ms
[2025-06-05T06:36:12.680+0000][8.131s][info ][gc,phases   ] GC(39)   Other: 0.2ms
[2025-06-05T06:36:12.681+0000][8.131s][info ][gc,heap     ] GC(39) Eden regions: 46->0(134)
[2025-06-05T06:36:12.681+0000][8.131s][info ][gc,heap     ] GC(39) Survivor regions: 11->9(18)
[2025-06-05T06:36:12.681+0000][8.131s][info ][gc,heap     ] GC(39) Old regions: 61->64
[2025-06-05T06:36:12.681+0000][8.131s][info ][gc,heap     ] GC(39) Archive regions: 2->2
[2025-06-05T06:36:12.681+0000][8.131s][info ][gc,heap     ] GC(39) Humongous regions: 0->0
[2025-06-05T06:36:12.681+0000][8.131s][info ][gc,metaspace] GC(39) Metaspace: 69824K(70336K)->69824K(70336K) NonClass: 60881K(61120K)->60881K(61120K) Class: 8943K(9216K)->8943K(9216K)
[2025-06-05T06:36:12.681+0000][8.131s][info ][gc          ] GC(39) Pause Young (Concurrent Start) (Metadata GC Threshold) 118M->72M(243M) 9.830ms
[2025-06-05T06:36:12.681+0000][8.131s][info ][gc,cpu      ] GC(39) User=0.02s Sys=0.00s Real=0.01s
[2025-06-05T06:36:12.681+0000][8.131s][info ][safepoint   ] Safepoint "CollectForMetadataAllocation", Time since last: 40373791 ns, Reaching safepoint: 173042 ns, Cleanup: 35917 ns, At safepoint: 9965625 ns, Total: 10174584 ns
[2025-06-05T06:36:12.681+0000][8.131s][info ][gc          ] GC(40) Concurrent Mark Cycle
[2025-06-05T06:36:12.684+0000][8.134s][info ][gc,marking  ] GC(40) Concurrent Clear Claimed Marks
[2025-06-05T06:36:12.684+0000][8.135s][info ][gc,marking  ] GC(40) Concurrent Clear Claimed Marks 0.147ms
[2025-06-05T06:36:12.684+0000][8.135s][info ][gc,marking  ] GC(40) Concurrent Scan Root Regions
[2025-06-05T06:36:12.690+0000][8.140s][info ][gc,marking  ] GC(40) Concurrent Scan Root Regions 5.417ms
[2025-06-05T06:36:12.690+0000][8.140s][info ][gc,marking  ] GC(40) Concurrent Mark
[2025-06-05T06:36:12.690+0000][8.140s][info ][gc,marking  ] GC(40) Concurrent Mark From Roots
[2025-06-05T06:36:12.690+0000][8.140s][info ][gc,task     ] GC(40) Using 1 workers of 1 for marking
[2025-06-05T06:36:12.698+0000][8.148s][debug][safepoint   ] Safepoint synchronization initiated using futex wait barrier. (18 threads)
[2025-06-05T06:36:12.698+0000][8.148s][info ][safepoint   ] Safepoint "CollectForMetadataAllocation", Time since last: 16962416 ns, Reaching safepoint: 149209 ns, Cleanup: 10416 ns, At safepoint: 22542 ns, Total: 182167 ns
[2025-06-05T06:36:12.709+0000][8.159s][debug][safepoint   ] Safepoint synchronization initiated using futex wait barrier. (18 threads)
[2025-06-05T06:36:12.709+0000][8.160s][info ][safepoint   ] Safepoint "CollectForMetadataAllocation", Time since last: 11182417 ns, Reaching safepoint: 158125 ns, Cleanup: 2916 ns, At safepoint: 17167 ns, Total: 178208 ns
[2025-06-05T06:36:12.736+0000][8.186s][info ][gc,marking  ] GC(40) Concurrent Mark From Roots 45.724ms
[2025-06-05T06:36:12.736+0000][8.186s][info ][gc,marking  ] GC(40) Concurrent Preclean
[2025-06-05T06:36:12.737+0000][8.187s][info ][gc,marking  ] GC(40) Concurrent Preclean 0.251ms
[2025-06-05T06:36:12.737+0000][8.187s][debug][safepoint   ] Safepoint synchronization initiated using futex wait barrier. (18 threads)
[2025-06-05T06:36:12.737+0000][8.187s][info ][gc,start    ] GC(40) Pause Remark
[2025-06-05T06:36:12.741+0000][8.191s][info ][gc          ] GC(40) Pause Remark 102M->102M(243M) 4.298ms
[2025-06-05T06:36:12.741+0000][8.192s][info ][gc,cpu      ] GC(40) User=0.01s Sys=0.00s Real=0.00s
[2025-06-05T06:36:12.741+0000][8.192s][info ][safepoint   ] Safepoint "G1PauseRemark", Time since last: 27234750 ns, Reaching safepoint: 280333 ns, Cleanup: 7250 ns, At safepoint: 4512750 ns, Total: 4800333 ns
[2025-06-05T06:36:12.742+0000][8.192s][info ][gc,marking  ] GC(40) Concurrent Mark 51.604ms
[2025-06-05T06:36:12.745+0000][8.195s][info ][gc,marking  ] GC(40) Concurrent Rebuild Remembered Sets
[2025-06-05T06:36:12.787+0000][8.237s][info ][gc,marking  ] GC(40) Concurrent Rebuild Remembered Sets 41.533ms
[2025-06-05T06:36:12.787+0000][8.237s][debug][safepoint   ] Safepoint synchronization initiated using futex wait barrier. (18 threads)
[2025-06-05T06:36:12.788+0000][8.239s][info ][gc,start    ] GC(40) Pause Cleanup
[2025-06-05T06:36:12.789+0000][8.239s][info ][gc          ] GC(40) Pause Cleanup 120M->120M(243M) 0.162ms
[2025-06-05T06:36:12.789+0000][8.239s][info ][gc,cpu      ] GC(40) User=0.00s Sys=0.00s Real=0.00s
[2025-06-05T06:36:12.789+0000][8.239s][info ][safepoint   ] Safepoint "G1PauseCleanup", Time since last: 45498292 ns, Reaching safepoint: 1473708 ns, Cleanup: 36750 ns, At safepoint: 284125 ns, Total: 1794583 ns
[2025-06-05T06:36:12.791+0000][8.242s][info ][gc,marking  ] GC(40) Concurrent Cleanup for Next Mark
[2025-06-05T06:36:12.792+0000][8.242s][info ][gc,marking  ] GC(40) Concurrent Cleanup for Next Mark 0.252ms
[2025-06-05T06:36:12.792+0000][8.242s][info ][gc          ] GC(40) Concurrent Mark Cycle 110.736ms
[2025-06-05T06:36:12.815+0000][8.266s][debug][safepoint   ] Safepoint synchronization initiated using futex wait barrier. (18 threads)
[2025-06-05T06:36:12.816+0000][8.266s][info ][safepoint   ] Safepoint "ICBufferFull", Time since last: 26646000 ns, Reaching safepoint: 170042 ns, Cleanup: 93917 ns, At safepoint: 7500 ns, Total: 271459 ns
[2025-06-05T06:36:12.842+0000][8.292s][debug][safepoint   ] Safepoint synchronization initiated using futex wait barrier. (18 threads)
[2025-06-05T06:36:12.842+0000][8.293s][info ][safepoint   ] Safepoint "ICBufferFull", Time since last: 26040833 ns, Reaching safepoint: 495792 ns, Cleanup: 111916 ns, At safepoint: 5917 ns, Total: 613625 ns
[2025-06-05T06:36:12.904+0000][8.355s][debug][safepoint   ] Safepoint synchronization initiated using futex wait barrier. (18 threads)
[2025-06-05T06:36:12.905+0000][8.355s][info ][safepoint   ] Safepoint "ICBufferFull", Time since last: 62107125 ns, Reaching safepoint: 198583 ns, Cleanup: 78000 ns, At safepoint: 1584 ns, Total: 278167 ns
[2025-06-05T06:36:13.027+0000][8.477s][debug][safepoint   ] Safepoint synchronization initiated using futex wait barrier. (18 threads)
[2025-06-05T06:36:13.027+0000][8.477s][info ][gc,start    ] GC(41) Pause Young (Prepare Mixed) (G1 Evacuation Pause)
[2025-06-05T06:36:13.027+0000][8.477s][info ][gc,task     ] GC(41) Using 2 workers of 2 for evacuation
[2025-06-05T06:36:13.035+0000][8.486s][info ][gc,phases   ] GC(41)   Pre Evacuate Collection Set: 0.1ms
[2025-06-05T06:36:13.036+0000][8.486s][info ][gc,phases   ] GC(41)   Merge Heap Roots: 0.1ms
[2025-06-05T06:36:13.036+0000][8.486s][info ][gc,phases   ] GC(41)   Evacuate Collection Set: 7.5ms
[2025-06-05T06:36:13.036+0000][8.486s][info ][gc,phases   ] GC(41)   Post Evacuate Collection Set: 0.8ms
[2025-06-05T06:36:13.036+0000][8.486s][info ][gc,phases   ] GC(41)   Other: 0.2ms
[2025-06-05T06:36:13.036+0000][8.486s][info ][gc,heap     ] GC(41) Eden regions: 134->0(1)
[2025-06-05T06:36:13.036+0000][8.486s][info ][gc,heap     ] GC(41) Survivor regions: 9->11(18)
[2025-06-05T06:36:13.036+0000][8.486s][info ][gc,heap     ] GC(41) Old regions: 64->64
[2025-06-05T06:36:13.036+0000][8.486s][info ][gc,heap     ] GC(41) Archive regions: 2->2
[2025-06-05T06:36:13.036+0000][8.486s][info ][gc,heap     ] GC(41) Humongous regions: 0->0
[2025-06-05T06:36:13.036+0000][8.486s][info ][gc,metaspace] GC(41) Metaspace: 74512K(75008K)->74512K(75008K) NonClass: 64852K(65088K)->64852K(65088K) Class: 9660K(9920K)->9660K(9920K)
[2025-06-05T06:36:13.036+0000][8.486s][info ][gc          ] GC(41) Pause Young (Prepare Mixed) (G1 Evacuation Pause) 206M->74M(243M) 9.406ms
[2025-06-05T06:36:13.036+0000][8.486s][info ][gc,cpu      ] GC(41) User=0.02s Sys=0.00s Real=0.01s
[2025-06-05T06:36:13.036+0000][8.486s][info ][safepoint   ] Safepoint "G1CollectForAllocation", Time since last: 121835083 ns, Reaching safepoint: 183250 ns, Cleanup: 16542 ns, At safepoint: 9528125 ns, Total: 9727917 ns
[2025-06-05T06:36:13.039+0000][8.489s][debug][safepoint   ] Safepoint synchronization initiated using futex wait barrier. (18 threads)
[2025-06-05T06:36:13.039+0000][8.489s][info ][gc,start    ] GC(42) Pause Young (Mixed) (G1 Evacuation Pause)
[2025-06-05T06:36:13.039+0000][8.489s][info ][gc,task     ] GC(42) Using 2 workers of 2 for evacuation
[2025-06-05T06:36:13.050+0000][8.500s][info ][gc,phases   ] GC(42)   Pre Evacuate Collection Set: 0.1ms
[2025-06-05T06:36:13.050+0000][8.500s][info ][gc,phases   ] GC(42)   Merge Heap Roots: 0.1ms
[2025-06-05T06:36:13.050+0000][8.500s][info ][gc,phases   ] GC(42)   Evacuate Collection Set: 9.8ms
[2025-06-05T06:36:13.050+0000][8.500s][info ][gc,phases   ] GC(42)   Post Evacuate Collection Set: 0.7ms
[2025-06-05T06:36:13.050+0000][8.500s][info ][gc,phases   ] GC(42)   Other: 0.1ms
[2025-06-05T06:36:13.050+0000][8.500s][info ][gc,heap     ] GC(42) Eden regions: 1->0(136)
[2025-06-05T06:36:13.050+0000][8.500s][info ][gc,heap     ] GC(42) Survivor regions: 11->1(2)
[2025-06-05T06:36:13.050+0000][8.500s][info ][gc,heap     ] GC(42) Old regions: 64->72
[2025-06-05T06:36:13.050+0000][8.500s][info ][gc,heap     ] GC(42) Archive regions: 2->2
[2025-06-05T06:36:13.050+0000][8.500s][info ][gc,heap     ] GC(42) Humongous regions: 0->0
[2025-06-05T06:36:13.050+0000][8.500s][info ][gc,metaspace] GC(42) Metaspace: 74527K(75008K)->74527K(75008K) NonClass: 64867K(65088K)->64867K(65088K) Class: 9660K(9920K)->9660K(9920K)
[2025-06-05T06:36:13.050+0000][8.500s][info ][gc          ] GC(42) Pause Young (Mixed) (G1 Evacuation Pause) 75M->72M(243M) 11.358ms
[2025-06-05T06:36:13.050+0000][8.500s][info ][gc,cpu      ] GC(42) User=0.02s Sys=0.00s Real=0.01s
[2025-06-05T06:36:13.050+0000][8.500s][info ][safepoint   ] Safepoint "G1CollectForAllocation", Time since last: 2435583 ns, Reaching safepoint: 94042 ns, Cleanup: 7875 ns, At safepoint: 11453542 ns, Total: 11555459 ns
[2025-06-05T06:36:13.212+0000][8.662s][debug][safepoint   ] Safepoint synchronization initiated using futex wait barrier. (18 threads)
[2025-06-05T06:36:13.213+0000][8.663s][info ][safepoint   ] Safepoint "ICBufferFull", Time since last: 162004750 ns, Reaching safepoint: 174291 ns, Cleanup: 88167 ns, At safepoint: 1208 ns, Total: 263666 ns
[2025-06-05T06:36:13.277+0000][8.727s][debug][safepoint   ] Safepoint synchronization initiated using futex wait barrier. (18 threads)
[2025-06-05T06:36:13.277+0000][8.727s][info ][gc,start    ] GC(43) Pause Young (Concurrent Start) (G1 Evacuation Pause)
[2025-06-05T06:36:13.277+0000][8.727s][info ][gc,task     ] GC(43) Using 2 workers of 2 for evacuation
[2025-06-05T06:36:13.281+0000][8.731s][info ][gc,phases   ] GC(43)   Pre Evacuate Collection Set: 0.1ms
[2025-06-05T06:36:13.281+0000][8.731s][info ][gc,phases   ] GC(43)   Merge Heap Roots: 0.1ms
[2025-06-05T06:36:13.281+0000][8.731s][info ][gc,phases   ] GC(43)   Evacuate Collection Set: 2.9ms
[2025-06-05T06:36:13.281+0000][8.731s][info ][gc,phases   ] GC(43)   Post Evacuate Collection Set: 0.7ms
[2025-06-05T06:36:13.281+0000][8.731s][info ][gc,phases   ] GC(43)   Other: 0.2ms
[2025-06-05T06:36:13.281+0000][8.731s][info ][gc,heap     ] GC(43) Eden regions: 136->0(137)
[2025-06-05T06:36:13.281+0000][8.731s][info ][gc,heap     ] GC(43) Survivor regions: 1->1(18)
[2025-06-05T06:36:13.281+0000][8.731s][info ][gc,heap     ] GC(43) Old regions: 72->72
[2025-06-05T06:36:13.281+0000][8.731s][info ][gc,heap     ] GC(43) Archive regions: 2->2
[2025-06-05T06:36:13.281+0000][8.731s][info ][gc,heap     ] GC(43) Humongous regions: 0->0
[2025-06-05T06:36:13.281+0000][8.732s][info ][gc,metaspace] GC(43) Metaspace: 77510K(78016K)->77510K(78016K) NonClass: 67342K(67584K)->67342K(67584K) Class: 10167K(10432K)->10167K(10432K)
[2025-06-05T06:36:13.281+0000][8.732s][info ][gc          ] GC(43) Pause Young (Concurrent Start) (G1 Evacuation Pause) 208M->72M(243M) 4.530ms
[2025-06-05T06:36:13.281+0000][8.732s][info ][gc,cpu      ] GC(43) User=0.00s Sys=0.00s Real=0.00s
[2025-06-05T06:36:13.281+0000][8.732s][info ][safepoint   ] Safepoint "G1CollectForAllocation", Time since last: 64071500 ns, Reaching safepoint: 175084 ns, Cleanup: 46958 ns, At safepoint: 4686208 ns, Total: 4908250 ns
[2025-06-05T06:36:13.282+0000][8.732s][info ][gc          ] GC(44) Concurrent Mark Cycle
[2025-06-05T06:36:13.285+0000][8.735s][info ][gc,marking  ] GC(44) Concurrent Clear Claimed Marks
[2025-06-05T06:36:13.285+0000][8.736s][info ][gc,marking  ] GC(44) Concurrent Clear Claimed Marks 0.171ms
[2025-06-05T06:36:13.285+0000][8.736s][info ][gc,marking  ] GC(44) Concurrent Scan Root Regions
[2025-06-05T06:36:13.287+0000][8.737s][info ][gc,marking  ] GC(44) Concurrent Scan Root Regions 1.211ms
[2025-06-05T06:36:13.287+0000][8.737s][info ][gc,marking  ] GC(44) Concurrent Mark
[2025-06-05T06:36:13.287+0000][8.737s][info ][gc,marking  ] GC(44) Concurrent Mark From Roots
[2025-06-05T06:36:13.287+0000][8.737s][info ][gc,task     ] GC(44) Using 1 workers of 1 for marking
[2025-06-05T06:36:13.344+0000][8.794s][info ][gc,marking  ] GC(44) Concurrent Mark From Roots 56.866ms
[2025-06-05T06:36:13.344+0000][8.794s][info ][gc,marking  ] GC(44) Concurrent Preclean
[2025-06-05T06:36:13.344+0000][8.794s][info ][gc,marking  ] GC(44) Concurrent Preclean 0.220ms
[2025-06-05T06:36:13.344+0000][8.794s][debug][safepoint   ] Safepoint synchronization initiated using futex wait barrier. (18 threads)
[2025-06-05T06:36:13.347+0000][8.797s][info ][gc,start    ] GC(44) Pause Remark
[2025-06-05T06:36:13.351+0000][8.801s][info ][gc          ] GC(44) Pause Remark 104M->104M(243M) 4.453ms
[2025-06-05T06:36:13.351+0000][8.801s][info ][gc,cpu      ] GC(44) User=0.01s Sys=0.00s Real=0.00s
[2025-06-05T06:36:13.351+0000][8.801s][info ][safepoint   ] Safepoint "G1PauseRemark", Time since last: 62697125 ns, Reaching safepoint: 2221875 ns, Cleanup: 74875 ns, At safepoint: 4681584 ns, Total: 6978334 ns
[2025-06-05T06:36:13.352+0000][8.802s][info ][gc,marking  ] GC(44) Concurrent Mark 64.884ms
[2025-06-05T06:36:13.352+0000][8.802s][info ][gc,marking  ] GC(44) Concurrent Rebuild Remembered Sets
[2025-06-05T06:36:13.396+0000][8.847s][debug][safepoint   ] Safepoint synchronization initiated using futex wait barrier. (18 threads)
[2025-06-05T06:36:13.397+0000][8.847s][info ][safepoint   ] Safepoint "ICBufferFull", Time since last: 45131000 ns, Reaching safepoint: 327791 ns, Cleanup: 98834 ns, At safepoint: 7666 ns, Total: 434291 ns
[2025-06-05T06:36:13.399+0000][8.849s][info ][gc,marking  ] GC(44) Concurrent Rebuild Remembered Sets 46.811ms
[2025-06-05T06:36:13.400+0000][8.850s][debug][safepoint   ] Safepoint synchronization initiated using futex wait barrier. (18 threads)
[2025-06-05T06:36:13.401+0000][8.851s][info ][gc,start    ] GC(44) Pause Cleanup
[2025-06-05T06:36:13.402+0000][8.852s][info ][gc          ] GC(44) Pause Cleanup 115M->115M(243M) 0.242ms
[2025-06-05T06:36:13.402+0000][8.852s][info ][gc,cpu      ] GC(44) User=0.00s Sys=0.00s Real=0.00s
[2025-06-05T06:36:13.402+0000][8.852s][info ][safepoint   ] Safepoint "G1PauseCleanup", Time since last: 3469959 ns, Reaching safepoint: 1045250 ns, Cleanup: 17291 ns, At safepoint: 368084 ns, Total: 1430625 ns
[2025-06-05T06:36:13.402+0000][8.852s][info ][gc,marking  ] GC(44) Concurrent Cleanup for Next Mark
[2025-06-05T06:36:13.402+0000][8.852s][info ][gc,marking  ] GC(44) Concurrent Cleanup for Next Mark 0.228ms
[2025-06-05T06:36:13.402+0000][8.852s][info ][gc          ] GC(44) Concurrent Mark Cycle 120.721ms
[2025-06-05T06:36:13.424+0000][8.874s][debug][safepoint   ] Safepoint synchronization initiated using futex wait barrier. (18 threads)
[2025-06-05T06:36:13.424+0000][8.874s][info ][safepoint   ] Safepoint "ICBufferFull", Time since last: 22279666 ns, Reaching safepoint: 177167 ns, Cleanup: 102917 ns, At safepoint: 10416 ns, Total: 290500 ns
[2025-06-05T06:36:13.436+0000][8.886s][debug][safepoint   ] Safepoint synchronization initiated using futex wait barrier. (18 threads)
[2025-06-05T06:36:13.436+0000][8.886s][info ][safepoint   ] Safepoint "ICBufferFull", Time since last: 11415667 ns, Reaching safepoint: 174167 ns, Cleanup: 98041 ns, At safepoint: 2292 ns, Total: 274500 ns
[2025-06-05T06:36:13.475+0000][8.925s][debug][safepoint   ] Safepoint synchronization initiated using futex wait barrier. (18 threads)
[2025-06-05T06:36:13.475+0000][8.925s][info ][safepoint   ] Safepoint "ICBufferFull", Time since last: 39068125 ns, Reaching safepoint: 180000 ns, Cleanup: 98292 ns, At safepoint: 1750 ns, Total: 280042 ns
[2025-06-05T06:36:13.502+0000][8.952s][debug][safepoint   ] Safepoint synchronization initiated using futex wait barrier. (18 threads)
[2025-06-05T06:36:13.502+0000][8.952s][info ][safepoint   ] Safepoint "ICBufferFull", Time since last: 26403166 ns, Reaching safepoint: 178959 ns, Cleanup: 94750 ns, At safepoint: 7291 ns, Total: 281000 ns
[2025-06-05T06:36:13.512+0000][8.963s][debug][safepoint   ] Safepoint synchronization initiated using futex wait barrier. (18 threads)
[2025-06-05T06:36:13.513+0000][8.963s][info ][safepoint   ] Safepoint "ICBufferFull", Time since last: 10430459 ns, Reaching safepoint: 189083 ns, Cleanup: 89833 ns, At safepoint: 4250 ns, Total: 283166 ns
[2025-06-05T06:36:13.536+0000][8.986s][debug][safepoint   ] Safepoint synchronization initiated using futex wait barrier. (18 threads)
[2025-06-05T06:36:13.536+0000][8.987s][info ][safepoint   ] Safepoint "ICBufferFull", Time since last: 22905334 ns, Reaching safepoint: 699750 ns, Cleanup: 103541 ns, At safepoint: 7000 ns, Total: 810291 ns
[2025-06-05T06:36:13.613+0000][9.064s][debug][safepoint   ] Safepoint synchronization initiated using futex wait barrier. (18 threads)
[2025-06-05T06:36:13.614+0000][9.065s][info ][safepoint   ] Safepoint "ICBufferFull", Time since last: 77040750 ns, Reaching safepoint: 888917 ns, Cleanup: 108042 ns, At safepoint: 7000 ns, Total: 1003959 ns
[2025-06-05T06:36:13.668+0000][9.118s][debug][safepoint   ] Safepoint synchronization initiated using futex wait barrier. (18 threads)
[2025-06-05T06:36:13.669+0000][9.119s][info ][safepoint   ] Safepoint "ICBufferFull", Time since last: 53813666 ns, Reaching safepoint: 180750 ns, Cleanup: 97875 ns, At safepoint: 1875 ns, Total: 280500 ns
[2025-06-05T06:36:13.699+0000][9.150s][debug][safepoint   ] Safepoint synchronization initiated using futex wait barrier. (18 threads)
[2025-06-05T06:36:13.700+0000][9.150s][info ][gc,start    ] GC(45) Pause Young (Prepare Mixed) (G1 Evacuation Pause)
[2025-06-05T06:36:13.700+0000][9.150s][info ][gc,task     ] GC(45) Using 2 workers of 2 for evacuation
[2025-06-05T06:36:13.703+0000][9.154s][info ][gc,phases   ] GC(45)   Pre Evacuate Collection Set: 0.1ms
[2025-06-05T06:36:13.703+0000][9.154s][info ][gc,phases   ] GC(45)   Merge Heap Roots: 0.1ms
[2025-06-05T06:36:13.704+0000][9.154s][info ][gc,phases   ] GC(45)   Evacuate Collection Set: 2.6ms
[2025-06-05T06:36:13.704+0000][9.154s][info ][gc,phases   ] GC(45)   Post Evacuate Collection Set: 0.8ms
[2025-06-05T06:36:13.704+0000][9.154s][info ][gc,phases   ] GC(45)   Other: 0.1ms
[2025-06-05T06:36:13.704+0000][9.154s][info ][gc,heap     ] GC(45) Eden regions: 137->0(9)
[2025-06-05T06:36:13.704+0000][9.154s][info ][gc,heap     ] GC(45) Survivor regions: 1->3(18)
[2025-06-05T06:36:13.704+0000][9.154s][info ][gc,heap     ] GC(45) Old regions: 72->72
[2025-06-05T06:36:13.704+0000][9.154s][info ][gc,heap     ] GC(45) Archive regions: 2->2
[2025-06-05T06:36:13.704+0000][9.154s][info ][gc,heap     ] GC(45) Humongous regions: 0->0
[2025-06-05T06:36:13.704+0000][9.154s][info ][gc,metaspace] GC(45) Metaspace: 79802K(80320K)->79802K(80320K) NonClass: 69343K(69632K)->69343K(69632K) Class: 10458K(10688K)->10458K(10688K)
[2025-06-05T06:36:13.704+0000][9.154s][info ][gc          ] GC(45) Pause Young (Prepare Mixed) (G1 Evacuation Pause) 209M->74M(243M) 4.372ms
[2025-06-05T06:36:13.704+0000][9.154s][info ][gc,cpu      ] GC(45) User=0.01s Sys=0.00s Real=0.00s
[2025-06-05T06:36:13.704+0000][9.154s][info ][safepoint   ] Safepoint "G1CollectForAllocation", Time since last: 30860125 ns, Reaching safepoint: 173584 ns, Cleanup: 56875 ns, At safepoint: 4483166 ns, Total: 4713625 ns
[2025-06-05T06:36:13.725+0000][9.175s][debug][safepoint   ] Safepoint synchronization initiated using futex wait barrier. (18 threads)
[2025-06-05T06:36:13.725+0000][9.175s][info ][gc,start    ] GC(46) Pause Young (Mixed) (G1 Evacuation Pause)
[2025-06-05T06:36:13.725+0000][9.175s][info ][gc,task     ] GC(46) Using 2 workers of 2 for evacuation
[2025-06-05T06:36:13.730+0000][9.180s][info ][gc,phases   ] GC(46)   Pre Evacuate Collection Set: 0.1ms
[2025-06-05T06:36:13.730+0000][9.180s][info ][gc,phases   ] GC(46)   Merge Heap Roots: 0.1ms
[2025-06-05T06:36:13.730+0000][9.180s][info ][gc,phases   ] GC(46)   Evacuate Collection Set: 3.8ms
[2025-06-05T06:36:13.730+0000][9.180s][info ][gc,phases   ] GC(46)   Post Evacuate Collection Set: 0.7ms
[2025-06-05T06:36:13.730+0000][9.180s][info ][gc,phases   ] GC(46)   Other: 0.1ms
[2025-06-05T06:36:13.730+0000][9.180s][info ][gc,heap     ] GC(46) Eden regions: 9->0(136)
[2025-06-05T06:36:13.730+0000][9.180s][info ][gc,heap     ] GC(46) Survivor regions: 3->1(2)
[2025-06-05T06:36:13.730+0000][9.180s][info ][gc,heap     ] GC(46) Old regions: 72->73
[2025-06-05T06:36:13.730+0000][9.181s][info ][gc,heap     ] GC(46) Archive regions: 2->2
[2025-06-05T06:36:13.730+0000][9.181s][info ][gc,heap     ] GC(46) Humongous regions: 0->0
[2025-06-05T06:36:13.730+0000][9.181s][info ][gc,metaspace] GC(46) Metaspace: 80114K(80640K)->80114K(80640K) NonClass: 69611K(69888K)->69611K(69888K) Class: 10502K(10752K)->10502K(10752K)
[2025-06-05T06:36:13.730+0000][9.181s][info ][gc          ] GC(46) Pause Young (Mixed) (G1 Evacuation Pause) 83M->73M(243M) 5.362ms
[2025-06-05T06:36:13.730+0000][9.181s][info ][gc,cpu      ] GC(46) User=0.01s Sys=0.00s Real=0.01s
[2025-06-05T06:36:13.731+0000][9.181s][info ][safepoint   ] Safepoint "G1CollectForAllocation", Time since last: 20745792 ns, Reaching safepoint: 214667 ns, Cleanup: 25167 ns, At safepoint: 5474166 ns, Total: 5714000 ns
[2025-06-05T06:36:13.740+0000][9.190s][debug][safepoint   ] ... found polling page loop exception at pc = 0x0000ffff8d29f378, stub =0x0000ffff8c97ef00
[2025-06-05T06:36:13.852+0000][9.302s][debug][safepoint   ] Safepoint synchronization initiated using futex wait barrier. (18 threads)
[2025-06-05T06:36:13.852+0000][9.303s][info ][safepoint   ] Safepoint "ICBufferFull", Time since last: 121011209 ns, Reaching safepoint: 652750 ns, Cleanup: 130750 ns, At safepoint: 6125 ns, Total: 789625 ns
[2025-06-05T06:36:13.996+0000][9.446s][debug][safepoint   ] Safepoint synchronization initiated using futex wait barrier. (18 threads)
[2025-06-05T06:36:13.996+0000][9.447s][info ][safepoint   ] Safepoint "ICBufferFull", Time since last: 143830250 ns, Reaching safepoint: 98833 ns, Cleanup: 89292 ns, At safepoint: 1416 ns, Total: 189541 ns
[2025-06-05T06:36:13.999+0000][9.449s][debug][safepoint   ] Safepoint synchronization initiated using futex wait barrier. (18 threads)
[2025-06-05T06:36:13.999+0000][9.449s][info ][gc,start    ] GC(47) Pause Young (Normal) (G1 Evacuation Pause)
[2025-06-05T06:36:13.999+0000][9.449s][info ][gc,task     ] GC(47) Using 2 workers of 2 for evacuation
[2025-06-05T06:36:14.003+0000][9.454s][info ][gc,phases   ] GC(47)   Pre Evacuate Collection Set: 0.1ms
[2025-06-05T06:36:14.003+0000][9.454s][info ][gc,phases   ] GC(47)   Merge Heap Roots: 0.1ms
[2025-06-05T06:36:14.004+0000][9.454s][info ][gc,phases   ] GC(47)   Evacuate Collection Set: 3.3ms
[2025-06-05T06:36:14.004+0000][9.454s][info ][gc,phases   ] GC(47)   Post Evacuate Collection Set: 0.7ms
[2025-06-05T06:36:14.004+0000][9.454s][info ][gc,phases   ] GC(47)   Other: 0.1ms
[2025-06-05T06:36:14.004+0000][9.454s][info ][gc,heap     ] GC(47) Eden regions: 136->0(133)
[2025-06-05T06:36:14.004+0000][9.454s][info ][gc,heap     ] GC(47) Survivor regions: 1->3(18)
[2025-06-05T06:36:14.004+0000][9.454s][info ][gc,heap     ] GC(47) Old regions: 73->73
[2025-06-05T06:36:14.004+0000][9.454s][info ][gc,heap     ] GC(47) Archive regions: 2->2
[2025-06-05T06:36:14.004+0000][9.454s][info ][gc,heap     ] GC(47) Humongous regions: 0->0
[2025-06-05T06:36:14.004+0000][9.454s][info ][gc,metaspace] GC(47) Metaspace: 83236K(83776K)->83236K(83776K) NonClass: 72314K(72576K)->72314K(72576K) Class: 10922K(11200K)->10922K(11200K)
[2025-06-05T06:36:14.004+0000][9.454s][info ][gc          ] GC(47) Pause Young (Normal) (G1 Evacuation Pause) 209M->75M(243M) 5.012ms
[2025-06-05T06:36:14.004+0000][9.454s][info ][gc,cpu      ] GC(47) User=0.01s Sys=0.00s Real=0.00s
[2025-06-05T06:36:14.004+0000][9.454s][info ][safepoint   ] Safepoint "G1CollectForAllocation", Time since last: 2534459 ns, Reaching safepoint: 57666 ns, Cleanup: 9834 ns, At safepoint: 5121416 ns, Total: 5188916 ns
[2025-06-05T06:36:14.058+0000][9.508s][debug][safepoint   ] Safepoint synchronization initiated using futex wait barrier. (18 threads)
[2025-06-05T06:36:14.058+0000][9.508s][info ][safepoint   ] Safepoint "ICBufferFull", Time since last: 53907542 ns, Reaching safepoint: 200167 ns, Cleanup: 95166 ns, At safepoint: 1792 ns, Total: 297125 ns
[2025-06-05T06:36:14.147+0000][9.597s][debug][safepoint   ] Safepoint synchronization initiated using futex wait barrier. (18 threads)
[2025-06-05T06:36:14.147+0000][9.597s][info ][safepoint   ] Safepoint "ICBufferFull", Time since last: 88288792 ns, Reaching safepoint: 214750 ns, Cleanup: 115291 ns, At safepoint: 1459 ns, Total: 331500 ns
[2025-06-05T06:36:14.299+0000][9.749s][debug][safepoint   ] Safepoint synchronization initiated using futex wait barrier. (18 threads)
[2025-06-05T06:36:14.299+0000][9.749s][info ][safepoint   ] Safepoint "ICBufferFull", Time since last: 151939583 ns, Reaching safepoint: 225500 ns, Cleanup: 103708 ns, At safepoint: 1292 ns, Total: 330500 ns
[2025-06-05T06:36:14.451+0000][9.901s][debug][safepoint   ] Safepoint synchronization initiated using futex wait barrier. (18 threads)
[2025-06-05T06:36:14.451+0000][9.902s][info ][gc,start    ] GC(48) Pause Young (Normal) (G1 Evacuation Pause)
[2025-06-05T06:36:14.451+0000][9.902s][info ][gc,task     ] GC(48) Using 2 workers of 2 for evacuation
[2025-06-05T06:36:14.458+0000][9.908s][info ][gc,phases   ] GC(48)   Pre Evacuate Collection Set: 0.1ms
[2025-06-05T06:36:14.458+0000][9.908s][info ][gc,phases   ] GC(48)   Merge Heap Roots: 0.1ms
[2025-06-05T06:36:14.458+0000][9.908s][info ][gc,phases   ] GC(48)   Evacuate Collection Set: 5.4ms
[2025-06-05T06:36:14.458+0000][9.908s][info ][gc,phases   ] GC(48)   Post Evacuate Collection Set: 0.8ms
[2025-06-05T06:36:14.458+0000][9.908s][info ][gc,phases   ] GC(48)   Other: 0.2ms
[2025-06-05T06:36:14.458+0000][9.908s][info ][gc,heap     ] GC(48) Eden regions: 133->0(129)
[2025-06-05T06:36:14.458+0000][9.908s][info ][gc,heap     ] GC(48) Survivor regions: 3->6(17)
[2025-06-05T06:36:14.458+0000][9.908s][info ][gc,heap     ] GC(48) Old regions: 73->73
[2025-06-05T06:36:14.458+0000][9.908s][info ][gc,heap     ] GC(48) Archive regions: 2->2
[2025-06-05T06:36:14.458+0000][9.908s][info ][gc,heap     ] GC(48) Humongous regions: 0->0
[2025-06-05T06:36:14.458+0000][9.908s][info ][gc,metaspace] GC(48) Metaspace: 85735K(86336K)->85735K(86336K) NonClass: 74644K(74944K)->74644K(74944K) Class: 11091K(11392K)->11091K(11392K)
[2025-06-05T06:36:14.458+0000][9.909s][info ][gc          ] GC(48) Pause Young (Normal) (G1 Evacuation Pause) 208M->79M(243M) 7.041ms
[2025-06-05T06:36:14.458+0000][9.909s][info ][gc,cpu      ] GC(48) User=0.01s Sys=0.00s Real=0.01s
[2025-06-05T06:36:14.458+0000][9.909s][info ][safepoint   ] Safepoint "G1CollectForAllocation", Time since last: 151815375 ns, Reaching safepoint: 198000 ns, Cleanup: 98375 ns, At safepoint: 7140667 ns, Total: 7437042 ns
[2025-06-05T06:36:14.642+0000][10.093s][debug][safepoint   ] Safepoint synchronization initiated using futex wait barrier. (18 threads)
[2025-06-05T06:36:14.643+0000][10.094s][info ][safepoint   ] Safepoint "ICBufferFull", Time since last: 183952875 ns, Reaching safepoint: 917042 ns, Cleanup: 96500 ns, At safepoint: 10000 ns, Total: 1023542 ns
[2025-06-05T06:36:14.843+0000][10.293s][debug][safepoint   ] Safepoint synchronization initiated using futex wait barrier. (22 threads)
[2025-06-05T06:36:14.843+0000][10.293s][info ][safepoint   ] Safepoint "ICBufferFull", Time since last: 199329583 ns, Reaching safepoint: 196500 ns, Cleanup: 140500 ns, At safepoint: 5292 ns, Total: 342292 ns
[2025-06-05T06:36:14.846+0000][10.296s][debug][safepoint   ] Safepoint synchronization initiated using futex wait barrier. (22 threads)
[2025-06-05T06:36:14.846+0000][10.296s][info ][gc,start    ] GC(49) Pause Young (Normal) (G1 Evacuation Pause)
[2025-06-05T06:36:14.846+0000][10.296s][info ][gc,task     ] GC(49) Using 2 workers of 2 for evacuation
[2025-06-05T06:36:14.854+0000][10.304s][info ][gc,phases   ] GC(49)   Pre Evacuate Collection Set: 0.1ms
[2025-06-05T06:36:14.854+0000][10.305s][info ][gc,phases   ] GC(49)   Merge Heap Roots: 0.1ms
[2025-06-05T06:36:14.854+0000][10.305s][info ][gc,phases   ] GC(49)   Evacuate Collection Set: 6.9ms
[2025-06-05T06:36:14.854+0000][10.305s][info ][gc,phases   ] GC(49)   Post Evacuate Collection Set: 0.9ms
[2025-06-05T06:36:14.854+0000][10.305s][info ][gc,phases   ] GC(49)   Other: 0.1ms
[2025-06-05T06:36:14.855+0000][10.305s][info ][gc,heap     ] GC(49) Eden regions: 129->0(125)
[2025-06-05T06:36:14.855+0000][10.305s][info ][gc,heap     ] GC(49) Survivor regions: 6->9(17)
[2025-06-05T06:36:14.855+0000][10.305s][info ][gc,heap     ] GC(49) Old regions: 73->73
[2025-06-05T06:36:14.855+0000][10.305s][info ][gc,heap     ] GC(49) Archive regions: 2->2
[2025-06-05T06:36:14.855+0000][10.305s][info ][gc,heap     ] GC(49) Humongous regions: 0->0
[2025-06-05T06:36:14.855+0000][10.305s][info ][gc,metaspace] GC(49) Metaspace: 88081K(88704K)->88081K(88704K) NonClass: 76790K(77120K)->76790K(77120K) Class: 11290K(11584K)->11290K(11584K)
[2025-06-05T06:36:14.855+0000][10.305s][info ][gc          ] GC(49) Pause Young (Normal) (G1 Evacuation Pause) 208M->82M(243M) 8.664ms
[2025-06-05T06:36:14.855+0000][10.305s][info ][gc,cpu      ] GC(49) User=0.01s Sys=0.00s Real=0.01s
[2025-06-05T06:36:14.855+0000][10.305s][info ][safepoint   ] Safepoint "G1CollectForAllocation", Time since last: 2891375 ns, Reaching safepoint: 132916 ns, Cleanup: 4459 ns, At safepoint: 8785916 ns, Total: 8923291 ns
[2025-06-05T06:36:15.118+0000][10.568s][debug][safepoint   ] Safepoint synchronization initiated using futex wait barrier. (22 threads)
[2025-06-05T06:36:15.118+0000][10.569s][info ][safepoint   ] Safepoint "ICBufferFull", Time since last: 262649959 ns, Reaching safepoint: 727708 ns, Cleanup: 129084 ns, At safepoint: 6416 ns, Total: 863208 ns
[2025-06-05T06:36:15.172+0000][10.622s][debug][safepoint   ] Safepoint synchronization initiated using futex wait barrier. (22 threads)
[2025-06-05T06:36:15.172+0000][10.622s][info ][safepoint   ] Safepoint "ICBufferFull", Time since last: 53247792 ns, Reaching safepoint: 223167 ns, Cleanup: 127583 ns, At safepoint: 1542 ns, Total: 352292 ns
[2025-06-05T06:36:15.245+0000][10.695s][debug][safepoint   ] Safepoint synchronization initiated using futex wait barrier. (22 threads)
[2025-06-05T06:36:15.245+0000][10.696s][info ][gc,start    ] GC(50) Pause Young (Normal) (G1 Evacuation Pause)
[2025-06-05T06:36:15.245+0000][10.696s][info ][gc,task     ] GC(50) Using 2 workers of 2 for evacuation
[2025-06-05T06:36:15.256+0000][10.706s][info ][gc,phases   ] GC(50)   Pre Evacuate Collection Set: 0.1ms
[2025-06-05T06:36:15.256+0000][10.706s][info ][gc,phases   ] GC(50)   Merge Heap Roots: 0.1ms
[2025-06-05T06:36:15.256+0000][10.706s][info ][gc,phases   ] GC(50)   Evacuate Collection Set: 8.9ms
[2025-06-05T06:36:15.256+0000][10.706s][info ][gc,phases   ] GC(50)   Post Evacuate Collection Set: 1.0ms
[2025-06-05T06:36:15.256+0000][10.706s][info ][gc,phases   ] GC(50)   Other: 0.1ms
[2025-06-05T06:36:15.256+0000][10.706s][info ][gc,heap     ] GC(50) Eden regions: 125->0(121)
[2025-06-05T06:36:15.256+0000][10.706s][info ][gc,heap     ] GC(50) Survivor regions: 9->10(17)
[2025-06-05T06:36:15.256+0000][10.707s][info ][gc,heap     ] GC(50) Old regions: 73->75
[2025-06-05T06:36:15.256+0000][10.707s][info ][gc,heap     ] GC(50) Archive regions: 2->2
[2025-06-05T06:36:15.256+0000][10.707s][info ][gc,heap     ] GC(50) Humongous regions: 0->0
[2025-06-05T06:36:15.256+0000][10.707s][info ][gc,metaspace] GC(50) Metaspace: 92299K(92864K)->92299K(92864K) NonClass: 80425K(80704K)->80425K(80704K) Class: 11874K(12160K)->11874K(12160K)
[2025-06-05T06:36:15.257+0000][10.707s][info ][gc          ] GC(50) Pause Young (Normal) (G1 Evacuation Pause) 207M->84M(243M) 11.139ms
[2025-06-05T06:36:15.257+0000][10.707s][info ][gc,cpu      ] GC(50) User=0.02s Sys=0.00s Real=0.02s
[2025-06-05T06:36:15.257+0000][10.707s][info ][safepoint   ] Safepoint "G1CollectForAllocation", Time since last: 73141125 ns, Reaching safepoint: 194666 ns, Cleanup: 54125 ns, At safepoint: 11254167 ns, Total: 11502958 ns
[2025-06-05T06:36:15.353+0000][10.803s][debug][safepoint   ] Safepoint synchronization initiated using futex wait barrier. (22 threads)
[2025-06-05T06:36:15.353+0000][10.803s][info ][safepoint   ] Safepoint "ICBufferFull", Time since last: 96380958 ns, Reaching safepoint: 168292 ns, Cleanup: 69667 ns, At safepoint: 1500 ns, Total: 239459 ns
[2025-06-05T06:36:15.372+0000][10.823s][debug][safepoint   ] Safepoint synchronization initiated using futex wait barrier. (22 threads)
[2025-06-05T06:36:15.373+0000][10.823s][info ][safepoint   ] Safepoint "ICBufferFull", Time since last: 19128666 ns, Reaching safepoint: 205000 ns, Cleanup: 74042 ns, At safepoint: 1708 ns, Total: 280750 ns
[2025-06-05T06:36:15.535+0000][10.985s][debug][safepoint   ] Safepoint synchronization initiated using futex wait barrier. (22 threads)
[2025-06-05T06:36:15.535+0000][10.985s][info ][gc,start    ] GC(51) Pause Young (Normal) (G1 Evacuation Pause)
[2025-06-05T06:36:15.535+0000][10.985s][info ][gc,task     ] GC(51) Using 2 workers of 2 for evacuation
[2025-06-05T06:36:15.546+0000][10.996s][info ][gc,phases   ] GC(51)   Pre Evacuate Collection Set: 0.1ms
[2025-06-05T06:36:15.546+0000][10.996s][info ][gc,phases   ] GC(51)   Merge Heap Roots: 0.1ms
[2025-06-05T06:36:15.546+0000][10.996s][info ][gc,phases   ] GC(51)   Evacuate Collection Set: 9.7ms
[2025-06-05T06:36:15.546+0000][10.996s][info ][gc,phases   ] GC(51)   Post Evacuate Collection Set: 0.9ms
[2025-06-05T06:36:15.546+0000][10.996s][info ][gc,phases   ] GC(51)   Other: 0.2ms
[2025-06-05T06:36:15.546+0000][10.996s][info ][gc,heap     ] GC(51) Eden regions: 121->0(116)
[2025-06-05T06:36:15.546+0000][10.997s][info ][gc,heap     ] GC(51) Survivor regions: 10->11(17)
[2025-06-05T06:36:15.546+0000][10.997s][info ][gc,heap     ] GC(51) Old regions: 75->78
[2025-06-05T06:36:15.546+0000][10.997s][info ][gc,heap     ] GC(51) Archive regions: 2->2
[2025-06-05T06:36:15.546+0000][10.997s][info ][gc,heap     ] GC(51) Humongous regions: 0->0
[2025-06-05T06:36:15.546+0000][10.997s][info ][gc,metaspace] GC(51) Metaspace: 95221K(95808K)->95221K(95808K) NonClass: 82717K(83008K)->82717K(83008K) Class: 12503K(12800K)->12503K(12800K)
[2025-06-05T06:36:15.547+0000][10.997s][info ][gc          ] GC(51) Pause Young (Normal) (G1 Evacuation Pause) 205M->89M(243M) 11.611ms
[2025-06-05T06:36:15.547+0000][10.997s][info ][gc,cpu      ] GC(51) User=0.02s Sys=0.00s Real=0.02s
[2025-06-05T06:36:15.547+0000][10.997s][info ][safepoint   ] Safepoint "G1CollectForAllocation", Time since last: 161977542 ns, Reaching safepoint: 178667 ns, Cleanup: 80208 ns, At safepoint: 11728792 ns, Total: 11987667 ns
[2025-06-05T06:36:15.923+0000][11.373s][debug][safepoint   ] Safepoint synchronization initiated using futex wait barrier. (23 threads)
[2025-06-05T06:36:15.923+0000][11.373s][info ][gc,start    ] GC(52) Pause Young (Normal) (G1 Evacuation Pause)
[2025-06-05T06:36:15.923+0000][11.373s][info ][gc,task     ] GC(52) Using 2 workers of 2 for evacuation
[2025-06-05T06:36:15.934+0000][11.384s][info ][gc,phases   ] GC(52)   Pre Evacuate Collection Set: 0.1ms
[2025-06-05T06:36:15.934+0000][11.384s][info ][gc,phases   ] GC(52)   Merge Heap Roots: 0.1ms
[2025-06-05T06:36:15.934+0000][11.384s][info ][gc,phases   ] GC(52)   Evacuate Collection Set: 9.5ms
[2025-06-05T06:36:15.934+0000][11.384s][info ][gc,phases   ] GC(52)   Post Evacuate Collection Set: 0.8ms
[2025-06-05T06:36:15.934+0000][11.384s][info ][gc,phases   ] GC(52)   Other: 0.2ms
[2025-06-05T06:36:15.934+0000][11.384s][info ][gc,heap     ] GC(52) Eden regions: 116->0(117)
[2025-06-05T06:36:15.934+0000][11.384s][info ][gc,heap     ] GC(52) Survivor regions: 11->8(16)
[2025-06-05T06:36:15.934+0000][11.384s][info ][gc,heap     ] GC(52) Old regions: 78->81
[2025-06-05T06:36:15.934+0000][11.384s][info ][gc,heap     ] GC(52) Archive regions: 2->2
[2025-06-05T06:36:15.934+0000][11.384s][info ][gc,heap     ] GC(52) Humongous regions: 0->0
[2025-06-05T06:36:15.934+0000][11.385s][info ][gc,metaspace] GC(52) Metaspace: 97547K(98048K)->97547K(98048K) NonClass: 84730K(84992K)->84730K(84992K) Class: 12816K(13056K)->12816K(13056K)
[2025-06-05T06:36:15.934+0000][11.385s][info ][gc          ] GC(52) Pause Young (Normal) (G1 Evacuation Pause) 205M->89M(243M) 11.280ms
[2025-06-05T06:36:15.934+0000][11.385s][info ][gc,cpu      ] GC(52) User=0.02s Sys=0.00s Real=0.01s
[2025-06-05T06:36:15.935+0000][11.385s][info ][safepoint   ] Safepoint "G1CollectForAllocation", Time since last: 376177917 ns, Reaching safepoint: 205791 ns, Cleanup: 81084 ns, At safepoint: 11417625 ns, Total: 11704500 ns
[2025-06-05T06:36:16.248+0000][11.699s][debug][safepoint   ] Safepoint synchronization initiated using futex wait barrier. (26 threads)
[2025-06-05T06:36:16.249+0000][11.699s][info ][safepoint   ] Safepoint "ICBufferFull", Time since last: 313925791 ns, Reaching safepoint: 217000 ns, Cleanup: 77875 ns, At safepoint: 1584 ns, Total: 296459 ns
[2025-06-05T06:36:16.295+0000][11.746s][debug][safepoint   ] Safepoint synchronization initiated using futex wait barrier. (26 threads)
[2025-06-05T06:36:16.296+0000][11.746s][info ][gc,start    ] GC(53) Pause Young (Normal) (G1 Evacuation Pause)
[2025-06-05T06:36:16.296+0000][11.746s][info ][gc,task     ] GC(53) Using 2 workers of 2 for evacuation
[2025-06-05T06:36:16.307+0000][11.757s][info ][gc,phases   ] GC(53)   Pre Evacuate Collection Set: 0.1ms
[2025-06-05T06:36:16.307+0000][11.757s][info ][gc,phases   ] GC(53)   Merge Heap Roots: 0.1ms
[2025-06-05T06:36:16.307+0000][11.757s][info ][gc,phases   ] GC(53)   Evacuate Collection Set: 9.8ms
[2025-06-05T06:36:16.307+0000][11.757s][info ][gc,phases   ] GC(53)   Post Evacuate Collection Set: 1.0ms
[2025-06-05T06:36:16.307+0000][11.757s][info ][gc,phases   ] GC(53)   Other: 0.2ms
[2025-06-05T06:36:16.307+0000][11.757s][info ][gc,heap     ] GC(53) Eden regions: 117->0(115)
[2025-06-05T06:36:16.307+0000][11.757s][info ][gc,heap     ] GC(53) Survivor regions: 8->10(16)
[2025-06-05T06:36:16.307+0000][11.757s][info ][gc,heap     ] GC(53) Old regions: 81->81
[2025-06-05T06:36:16.307+0000][11.757s][info ][gc,heap     ] GC(53) Archive regions: 2->2
[2025-06-05T06:36:16.307+0000][11.758s][info ][gc,heap     ] GC(53) Humongous regions: 0->0
[2025-06-05T06:36:16.307+0000][11.758s][info ][gc,metaspace] GC(53) Metaspace: 102030K(102592K)->102030K(102592K) NonClass: 88634K(88960K)->88634K(88960K) Class: 13395K(13632K)->13395K(13632K)
[2025-06-05T06:36:16.307+0000][11.758s][info ][gc          ] GC(53) Pause Young (Normal) (G1 Evacuation Pause) 206M->91M(243M) 11.779ms
[2025-06-05T06:36:16.307+0000][11.758s][info ][gc,cpu      ] GC(53) User=0.04s Sys=0.00s Real=0.02s
[2025-06-05T06:36:16.307+0000][11.758s][info ][safepoint   ] Safepoint "G1CollectForAllocation", Time since last: 46637500 ns, Reaching safepoint: 194291 ns, Cleanup: 15334 ns, At safepoint: 11891375 ns, Total: 12101000 ns
[2025-06-05T06:36:16.612+0000][12.062s][debug][safepoint   ] Safepoint synchronization initiated using futex wait barrier. (26 threads)
[2025-06-05T06:36:16.613+0000][12.063s][info ][gc,start    ] GC(54) Pause Young (Normal) (G1 Evacuation Pause)
[2025-06-05T06:36:16.613+0000][12.063s][info ][gc,task     ] GC(54) Using 2 workers of 2 for evacuation
[2025-06-05T06:36:16.623+0000][12.074s][info ][gc,phases   ] GC(54)   Pre Evacuate Collection Set: 0.1ms
[2025-06-05T06:36:16.624+0000][12.074s][info ][gc,phases   ] GC(54)   Merge Heap Roots: 0.1ms
[2025-06-05T06:36:16.624+0000][12.074s][info ][gc,phases   ] GC(54)   Evacuate Collection Set: 9.7ms
[2025-06-05T06:36:16.624+0000][12.074s][info ][gc,phases   ] GC(54)   Post Evacuate Collection Set: 0.9ms
[2025-06-05T06:36:16.624+0000][12.074s][info ][gc,phases   ] GC(54)   Other: 0.1ms
[2025-06-05T06:36:16.624+0000][12.074s][info ][gc,heap     ] GC(54) Eden regions: 115->0(114)
[2025-06-05T06:36:16.624+0000][12.074s][info ][gc,heap     ] GC(54) Survivor regions: 10->9(16)
[2025-06-05T06:36:16.624+0000][12.074s][info ][gc,heap     ] GC(54) Old regions: 81->84
[2025-06-05T06:36:16.624+0000][12.074s][info ][gc,heap     ] GC(54) Archive regions: 2->2
[2025-06-05T06:36:16.624+0000][12.074s][info ][gc,heap     ] GC(54) Humongous regions: 0->0
[2025-06-05T06:36:16.624+0000][12.074s][info ][gc,metaspace] GC(54) Metaspace: 105043K(105600K)->105043K(105600K) NonClass: 91237K(91520K)->91237K(91520K) Class: 13806K(14080K)->13806K(14080K)
[2025-06-05T06:36:16.624+0000][12.074s][info ][gc          ] GC(54) Pause Young (Normal) (G1 Evacuation Pause) 206M->92M(243M) 11.565ms
[2025-06-05T06:36:16.624+0000][12.074s][info ][gc,cpu      ] GC(54) User=0.03s Sys=0.00s Real=0.01s
[2025-06-05T06:36:16.624+0000][12.074s][info ][safepoint   ] Safepoint "G1CollectForAllocation", Time since last: 304734917 ns, Reaching safepoint: 190125 ns, Cleanup: 113416 ns, At safepoint: 11707417 ns, Total: 12010958 ns
[2025-06-05T06:36:16.757+0000][12.207s][debug][safepoint   ] ... found polling page loop exception at pc = 0x0000ffff8d0508f8, stub =0x0000ffff8c97ef00
[2025-06-05T06:36:16.986+0000][12.436s][debug][safepoint   ] Safepoint synchronization initiated using futex wait barrier. (29 threads)
[2025-06-05T06:36:16.986+0000][12.436s][info ][safepoint   ] Safepoint "ICBufferFull", Time since last: 361329583 ns, Reaching safepoint: 202292 ns, Cleanup: 121292 ns, At safepoint: 1750 ns, Total: 325334 ns
[2025-06-05T06:36:16.991+0000][12.441s][debug][safepoint   ] Safepoint synchronization initiated using futex wait barrier. (29 threads)
[2025-06-05T06:36:16.991+0000][12.441s][info ][gc,start    ] GC(55) Pause Young (Normal) (G1 Evacuation Pause)
[2025-06-05T06:36:16.991+0000][12.441s][info ][gc,task     ] GC(55) Using 2 workers of 2 for evacuation
[2025-06-05T06:36:17.003+0000][12.453s][info ][gc,phases   ] GC(55)   Pre Evacuate Collection Set: 0.1ms
[2025-06-05T06:36:17.003+0000][12.453s][info ][gc,phases   ] GC(55)   Merge Heap Roots: 0.1ms
[2025-06-05T06:36:17.003+0000][12.453s][info ][gc,phases   ] GC(55)   Evacuate Collection Set: 10.6ms
[2025-06-05T06:36:17.003+0000][12.453s][info ][gc,phases   ] GC(55)   Post Evacuate Collection Set: 1.0ms
[2025-06-05T06:36:17.003+0000][12.453s][info ][gc,phases   ] GC(55)   Other: 0.1ms
[2025-06-05T06:36:17.003+0000][12.453s][info ][gc,heap     ] GC(55) Eden regions: 114->0(110)
[2025-06-05T06:36:17.003+0000][12.453s][info ][gc,heap     ] GC(55) Survivor regions: 9->10(16)
[2025-06-05T06:36:17.003+0000][12.453s][info ][gc,heap     ] GC(55) Old regions: 84->86
[2025-06-05T06:36:17.003+0000][12.453s][info ][gc,heap     ] GC(55) Archive regions: 2->2
[2025-06-05T06:36:17.003+0000][12.453s][info ][gc,heap     ] GC(55) Humongous regions: 0->0
[2025-06-05T06:36:17.003+0000][12.453s][info ][gc,metaspace] GC(55) Metaspace: 107006K(107648K)->107006K(107648K) NonClass: 93040K(93376K)->93040K(93376K) Class: 13966K(14272K)->13966K(14272K)
[2025-06-05T06:36:17.003+0000][12.454s][info ][gc          ] GC(55) Pause Young (Normal) (G1 Evacuation Pause) 206M->96M(243M) 12.521ms
[2025-06-05T06:36:17.003+0000][12.454s][info ][gc,cpu      ] GC(55) User=0.04s Sys=0.00s Real=0.01s
[2025-06-05T06:36:17.003+0000][12.454s][info ][safepoint   ] Safepoint "G1CollectForAllocation", Time since last: 4731375 ns, Reaching safepoint: 153583 ns, Cleanup: 12125 ns, At safepoint: 12643000 ns, Total: 12808708 ns
[2025-06-05T06:36:17.286+0000][12.736s][debug][safepoint   ] Safepoint synchronization initiated using futex wait barrier. (34 threads)
[2025-06-05T06:36:17.286+0000][12.736s][info ][gc,start    ] GC(56) Pause Young (Normal) (G1 Evacuation Pause)
[2025-06-05T06:36:17.286+0000][12.736s][info ][gc,task     ] GC(56) Using 2 workers of 2 for evacuation
[2025-06-05T06:36:17.297+0000][12.747s][info ][gc,phases   ] GC(56)   Pre Evacuate Collection Set: 0.1ms
[2025-06-05T06:36:17.297+0000][12.747s][info ][gc,phases   ] GC(56)   Merge Heap Roots: 0.1ms
[2025-06-05T06:36:17.297+0000][12.747s][info ][gc,phases   ] GC(56)   Evacuate Collection Set: 9.6ms
[2025-06-05T06:36:17.297+0000][12.747s][info ][gc,phases   ] GC(56)   Post Evacuate Collection Set: 1.0ms
[2025-06-05T06:36:17.297+0000][12.747s][info ][gc,phases   ] GC(56)   Other: 0.2ms
[2025-06-05T06:36:17.297+0000][12.747s][info ][gc,heap     ] GC(56) Eden regions: 110->0(108)
[2025-06-05T06:36:17.297+0000][12.748s][info ][gc,heap     ] GC(56) Survivor regions: 10->10(15)
[2025-06-05T06:36:17.297+0000][12.748s][info ][gc,heap     ] GC(56) Old regions: 86->88
[2025-06-05T06:36:17.297+0000][12.748s][info ][gc,heap     ] GC(56) Archive regions: 2->2
[2025-06-05T06:36:17.297+0000][12.748s][info ][gc,heap     ] GC(56) Humongous regions: 0->0
[2025-06-05T06:36:17.297+0000][12.748s][info ][gc,metaspace] GC(56) Metaspace: 108767K(109440K)->108767K(109440K) NonClass: 94617K(94976K)->94617K(94976K) Class: 14150K(14464K)->14150K(14464K)
[2025-06-05T06:36:17.298+0000][12.748s][info ][gc          ] GC(56) Pause Young (Normal) (G1 Evacuation Pause) 206M->98M(243M) 11.558ms
[2025-06-05T06:36:17.298+0000][12.748s][info ][gc,cpu      ] GC(56) User=0.02s Sys=0.00s Real=0.02s
[2025-06-05T06:36:17.298+0000][12.748s][info ][safepoint   ] Safepoint "G1CollectForAllocation", Time since last: 282249250 ns, Reaching safepoint: 187417 ns, Cleanup: 82792 ns, At safepoint: 11697916 ns, Total: 11968125 ns
[2025-06-05T06:36:17.613+0000][13.064s][debug][safepoint   ] Safepoint synchronization initiated using futex wait barrier. (38 threads)
[2025-06-05T06:36:17.614+0000][13.064s][info ][gc,start    ] GC(57) Pause Young (Normal) (G1 Evacuation Pause)
[2025-06-05T06:36:17.614+0000][13.064s][info ][gc,task     ] GC(57) Using 2 workers of 2 for evacuation
[2025-06-05T06:36:17.626+0000][13.076s][info ][gc,phases   ] GC(57)   Pre Evacuate Collection Set: 0.1ms
[2025-06-05T06:36:17.626+0000][13.077s][info ][gc,phases   ] GC(57)   Merge Heap Roots: 0.1ms
[2025-06-05T06:36:17.626+0000][13.077s][info ][gc,phases   ] GC(57)   Evacuate Collection Set: 10.7ms
[2025-06-05T06:36:17.626+0000][13.077s][info ][gc,phases   ] GC(57)   Post Evacuate Collection Set: 1.3ms
[2025-06-05T06:36:17.626+0000][13.077s][info ][gc,phases   ] GC(57)   Other: 0.2ms
[2025-06-05T06:36:17.626+0000][13.077s][info ][gc,heap     ] GC(57) Eden regions: 108->0(106)
[2025-06-05T06:36:17.627+0000][13.077s][info ][gc,heap     ] GC(57) Survivor regions: 10->10(15)
[2025-06-05T06:36:17.627+0000][13.077s][info ][gc,heap     ] GC(57) Old regions: 88->90
[2025-06-05T06:36:17.627+0000][13.077s][info ][gc,heap     ] GC(57) Archive regions: 2->2
[2025-06-05T06:36:17.627+0000][13.077s][info ][gc,heap     ] GC(57) Humongous regions: 0->0
[2025-06-05T06:36:17.627+0000][13.077s][info ][gc,metaspace] GC(57) Metaspace: 111796K(112448K)->111796K(112448K) NonClass: 97331K(97664K)->97331K(97664K) Class: 14465K(14784K)->14465K(14784K)
[2025-06-05T06:36:17.627+0000][13.077s][info ][gc          ] GC(57) Pause Young (Normal) (G1 Evacuation Pause) 206M->100M(243M) 12.954ms
[2025-06-05T06:36:17.627+0000][13.077s][info ][gc,cpu      ] GC(57) User=0.04s Sys=0.00s Real=0.02s
[2025-06-05T06:36:17.627+0000][13.077s][info ][safepoint   ] Safepoint "G1CollectForAllocation", Time since last: 315852292 ns, Reaching safepoint: 202375 ns, Cleanup: 121708 ns, At safepoint: 13098250 ns, Total: 13422333 ns
[2025-06-05T06:36:17.746+0000][13.197s][debug][safepoint   ] Safepoint synchronization initiated using futex wait barrier. (38 threads)
[2025-06-05T06:36:17.747+0000][13.197s][info ][safepoint   ] Safepoint "ICBufferFull", Time since last: 119519334 ns, Reaching safepoint: 193333 ns, Cleanup: 92875 ns, At safepoint: 5083 ns, Total: 291291 ns
[2025-06-05T06:36:17.821+0000][13.272s][debug][safepoint   ] Safepoint synchronization initiated using futex wait barrier. (38 threads)
[2025-06-05T06:36:17.822+0000][13.272s][info ][safepoint   ] Safepoint "ICBufferFull", Time since last: 74698459 ns, Reaching safepoint: 185875 ns, Cleanup: 97833 ns, At safepoint: 4583 ns, Total: 288291 ns
[2025-06-05T06:36:17.970+0000][13.420s][debug][safepoint   ] Safepoint synchronization initiated using futex wait barrier. (38 threads)
[2025-06-05T06:36:17.970+0000][13.420s][info ][safepoint   ] Safepoint "ICBufferFull", Time since last: 147833501 ns, Reaching safepoint: 186125 ns, Cleanup: 106333 ns, At safepoint: 2000 ns, Total: 294458 ns
[2025-06-05T06:36:18.121+0000][13.572s][debug][safepoint   ] Safepoint synchronization initiated using futex wait barrier. (38 threads)
[2025-06-05T06:36:18.122+0000][13.572s][info ][safepoint   ] Safepoint "ICBufferFull", Time since last: 151550292 ns, Reaching safepoint: 201291 ns, Cleanup: 110959 ns, At safepoint: 4958 ns, Total: 317208 ns
[2025-06-05T06:36:18.153+0000][13.603s][debug][safepoint   ] Safepoint synchronization initiated using futex wait barrier. (38 threads)
[2025-06-05T06:36:18.153+0000][13.604s][info ][gc,start    ] GC(58) Pause Young (Normal) (G1 Evacuation Pause)
[2025-06-05T06:36:18.153+0000][13.604s][info ][gc,task     ] GC(58) Using 2 workers of 2 for evacuation
[2025-06-05T06:36:18.177+0000][13.627s][info ][gc,phases   ] GC(58)   Pre Evacuate Collection Set: 0.1ms
[2025-06-05T06:36:18.177+0000][13.627s][info ][gc,phases   ] GC(58)   Merge Heap Roots: 0.1ms
[2025-06-05T06:36:18.177+0000][13.627s][info ][gc,phases   ] GC(58)   Evacuate Collection Set: 21.8ms
[2025-06-05T06:36:18.177+0000][13.627s][info ][gc,phases   ] GC(58)   Post Evacuate Collection Set: 1.0ms
[2025-06-05T06:36:18.177+0000][13.627s][info ][gc,phases   ] GC(58)   Other: 0.2ms
[2025-06-05T06:36:18.177+0000][13.627s][info ][gc,heap     ] GC(58) Eden regions: 106->0(104)
[2025-06-05T06:36:18.177+0000][13.627s][info ][gc,heap     ] GC(58) Survivor regions: 10->8(15)
[2025-06-05T06:36:18.177+0000][13.627s][info ][gc,heap     ] GC(58) Old regions: 90->95
[2025-06-05T06:36:18.177+0000][13.627s][info ][gc,heap     ] GC(58) Archive regions: 2->2
[2025-06-05T06:36:18.177+0000][13.627s][info ][gc,heap     ] GC(58) Humongous regions: 0->0
[2025-06-05T06:36:18.177+0000][13.627s][info ][gc,metaspace] GC(58) Metaspace: 114591K(115328K)->114591K(115328K) NonClass: 99843K(100224K)->99843K(100224K) Class: 14747K(15104K)->14747K(15104K)
[2025-06-05T06:36:18.177+0000][13.627s][info ][gc          ] GC(58) Pause Young (Normal) (G1 Evacuation Pause) 206M->103M(243M) 23.791ms
[2025-06-05T06:36:18.177+0000][13.627s][info ][gc,cpu      ] GC(58) User=0.03s Sys=0.00s Real=0.03s
[2025-06-05T06:36:18.177+0000][13.628s][info ][safepoint   ] Safepoint "G1CollectForAllocation", Time since last: 31455042 ns, Reaching safepoint: 197250 ns, Cleanup: 22791 ns, At safepoint: 23951209 ns, Total: 24171250 ns
[2025-06-05T06:36:18.451+0000][13.902s][debug][safepoint   ] Safepoint synchronization initiated using futex wait barrier. (39 threads)
[2025-06-05T06:36:18.452+0000][13.902s][info ][gc,start    ] GC(59) Pause Young (Normal) (G1 Evacuation Pause)
[2025-06-05T06:36:18.452+0000][13.902s][info ][gc,task     ] GC(59) Using 2 workers of 2 for evacuation
[2025-06-05T06:36:18.472+0000][13.922s][info ][gc,phases   ] GC(59)   Pre Evacuate Collection Set: 0.1ms
[2025-06-05T06:36:18.472+0000][13.922s][info ][gc,phases   ] GC(59)   Merge Heap Roots: 0.1ms
[2025-06-05T06:36:18.472+0000][13.922s][info ][gc,phases   ] GC(59)   Evacuate Collection Set: 18.5ms
[2025-06-05T06:36:18.472+0000][13.922s][info ][gc,phases   ] GC(59)   Post Evacuate Collection Set: 1.1ms
[2025-06-05T06:36:18.472+0000][13.922s][info ][gc,phases   ] GC(59)   Other: 0.2ms
[2025-06-05T06:36:18.472+0000][13.922s][info ][gc,heap     ] GC(59) Eden regions: 104->0(102)
[2025-06-05T06:36:18.472+0000][13.922s][info ][gc,heap     ] GC(59) Survivor regions: 8->8(14)
[2025-06-05T06:36:18.472+0000][13.922s][info ][gc,heap     ] GC(59) Old regions: 95->97
[2025-06-05T06:36:18.472+0000][13.922s][info ][gc,heap     ] GC(59) Archive regions: 2->2
[2025-06-05T06:36:18.472+0000][13.923s][info ][gc,heap     ] GC(59) Humongous regions: 0->0
[2025-06-05T06:36:18.472+0000][13.923s][info ][gc,metaspace] GC(59) Metaspace: 115862K(116480K)->115862K(116480K) NonClass: 100999K(101312K)->100999K(101312K) Class: 14862K(15168K)->14862K(15168K)
[2025-06-05T06:36:18.472+0000][13.923s][info ][gc          ] GC(59) Pause Young (Normal) (G1 Evacuation Pause) 207M->105M(243M) 20.694ms
[2025-06-05T06:36:18.473+0000][13.923s][info ][gc,cpu      ] GC(59) User=0.04s Sys=0.00s Real=0.02s
[2025-06-05T06:36:18.473+0000][13.923s][info ][safepoint   ] Safepoint "G1CollectForAllocation", Time since last: 274095166 ns, Reaching safepoint: 199667 ns, Cleanup: 131583 ns, At safepoint: 20822709 ns, Total: 21153959 ns
[2025-06-05T06:36:18.654+0000][14.105s][debug][safepoint   ] Safepoint synchronization initiated using futex wait barrier. (42 threads)
[2025-06-05T06:36:18.655+0000][14.105s][info ][safepoint   ] Safepoint "ICBufferFull", Time since last: 181780125 ns, Reaching safepoint: 213875 ns, Cleanup: 117125 ns, At safepoint: 8042 ns, Total: 339042 ns
[2025-06-05T06:36:18.725+0000][14.175s][debug][safepoint   ] Safepoint synchronization initiated using futex wait barrier. (42 threads)
[2025-06-05T06:36:18.725+0000][14.175s][info ][gc,start    ] GC(60) Pause Young (Normal) (G1 Evacuation Pause)
[2025-06-05T06:36:18.725+0000][14.175s][info ][gc,task     ] GC(60) Using 2 workers of 2 for evacuation
[2025-06-05T06:36:18.738+0000][14.188s][info ][gc,phases   ] GC(60)   Pre Evacuate Collection Set: 0.1ms
[2025-06-05T06:36:18.738+0000][14.188s][info ][gc,phases   ] GC(60)   Merge Heap Roots: 0.1ms
[2025-06-05T06:36:18.738+0000][14.188s][info ][gc,phases   ] GC(60)   Evacuate Collection Set: 11.4ms
[2025-06-05T06:36:18.738+0000][14.188s][info ][gc,phases   ] GC(60)   Post Evacuate Collection Set: 1.3ms
[2025-06-05T06:36:18.738+0000][14.188s][info ][gc,phases   ] GC(60)   Other: 0.2ms
[2025-06-05T06:36:18.738+0000][14.188s][info ][gc,heap     ] GC(60) Eden regions: 102->0(128)
[2025-06-05T06:36:18.738+0000][14.188s][info ][gc,heap     ] GC(60) Survivor regions: 8->8(14)
[2025-06-05T06:36:18.738+0000][14.189s][info ][gc,heap     ] GC(60) Old regions: 97->100
[2025-06-05T06:36:18.738+0000][14.189s][info ][gc,heap     ] GC(60) Archive regions: 2->2
[2025-06-05T06:36:18.738+0000][14.189s][info ][gc,heap     ] GC(60) Humongous regions: 0->0
[2025-06-05T06:36:18.738+0000][14.189s][info ][gc,metaspace] GC(60) Metaspace: 117327K(118080K)->117327K(118080K) NonClass: 102287K(102720K)->102287K(102720K) Class: 15039K(15360K)->15039K(15360K)
[2025-06-05T06:36:18.738+0000][14.189s][info ][gc          ] GC(60) Pause Young (Normal) (G1 Evacuation Pause) 207M->108M(275M) 13.649ms
[2025-06-05T06:36:18.739+0000][14.189s][info ][gc,cpu      ] GC(60) User=0.04s Sys=0.00s Real=0.02s
[2025-06-05T06:36:18.739+0000][14.189s][info ][safepoint   ] Safepoint "G1CollectForAllocation", Time since last: 69879166 ns, Reaching safepoint: 191584 ns, Cleanup: 41375 ns, At safepoint: 13822375 ns, Total: 14055334 ns
[2025-06-05T06:36:18.897+0000][14.347s][debug][safepoint   ] Safepoint synchronization initiated using futex wait barrier. (42 threads)
[2025-06-05T06:36:18.897+0000][14.347s][info ][safepoint   ] Safepoint "ICBufferFull", Time since last: 158133750 ns, Reaching safepoint: 219458 ns, Cleanup: 103583 ns, At safepoint: 1375 ns, Total: 324416 ns
[2025-06-05T06:36:19.225+0000][14.675s][debug][safepoint   ] Safepoint synchronization initiated using futex wait barrier. (42 threads)
[2025-06-05T06:36:19.225+0000][14.676s][info ][safepoint   ] Safepoint "ICBufferFull", Time since last: 328057917 ns, Reaching safepoint: 180583 ns, Cleanup: 95209 ns, At safepoint: 5041 ns, Total: 280833 ns
[2025-06-05T06:36:19.227+0000][14.678s][debug][safepoint   ] Safepoint synchronization initiated using futex wait barrier. (42 threads)
[2025-06-05T06:36:19.227+0000][14.678s][info ][gc,start    ] GC(61) Pause Young (Normal) (G1 Evacuation Pause)
[2025-06-05T06:36:19.228+0000][14.678s][info ][gc,task     ] GC(61) Using 2 workers of 2 for evacuation
[2025-06-05T06:36:19.241+0000][14.691s][info ][gc,phases   ] GC(61)   Pre Evacuate Collection Set: 0.1ms
[2025-06-05T06:36:19.241+0000][14.691s][info ][gc,phases   ] GC(61)   Merge Heap Roots: 0.1ms
[2025-06-05T06:36:19.241+0000][14.691s][info ][gc,phases   ] GC(61)   Evacuate Collection Set: 12.1ms
[2025-06-05T06:36:19.241+0000][14.691s][info ][gc,phases   ] GC(61)   Post Evacuate Collection Set: 1.1ms
[2025-06-05T06:36:19.241+0000][14.691s][info ][gc,phases   ] GC(61)   Other: 0.2ms
[2025-06-05T06:36:19.241+0000][14.692s][info ][gc,heap     ] GC(61) Eden regions: 128->0(119)
[2025-06-05T06:36:19.241+0000][14.692s][info ][gc,heap     ] GC(61) Survivor regions: 8->13(17)
[2025-06-05T06:36:19.241+0000][14.692s][info ][gc,heap     ] GC(61) Old regions: 100->100
[2025-06-05T06:36:19.241+0000][14.692s][info ][gc,heap     ] GC(61) Archive regions: 2->2
[2025-06-05T06:36:19.242+0000][14.692s][info ][gc,heap     ] GC(61) Humongous regions: 0->0
[2025-06-05T06:36:19.242+0000][14.692s][info ][gc,metaspace] GC(61) Metaspace: 124985K(125888K)->124985K(125888K) NonClass: 109057K(109568K)->109057K(109568K) Class: 15927K(16320K)->15927K(16320K)
[2025-06-05T06:36:19.242+0000][14.692s][info ][gc          ] GC(61) Pause Young (Normal) (G1 Evacuation Pause) 236M->112M(275M) 14.123ms
[2025-06-05T06:36:19.242+0000][14.692s][info ][gc,cpu      ] GC(61) User=0.03s Sys=0.00s Real=0.01s
[2025-06-05T06:36:19.242+0000][14.692s][info ][safepoint   ] Safepoint "G1CollectForAllocation", Time since last: 1887292 ns, Reaching safepoint: 129208 ns, Cleanup: 3917 ns, At safepoint: 14260208 ns, Total: 14393333 ns
[2025-06-05T06:36:19.368+0000][14.818s][debug][safepoint   ] Safepoint synchronization initiated using futex wait barrier. (42 threads)
[2025-06-05T06:36:19.369+0000][14.818s][info ][safepoint   ] Safepoint "ICBufferFull", Time since last: 125695708 ns, Reaching safepoint: 229959 ns, Cleanup: 65250 ns, At safepoint: 1541 ns, Total: 296750 ns
[2025-06-05T06:36:19.512+0000][14.961s][debug][safepoint   ] Safepoint synchronization initiated using futex wait barrier. (50 threads)
[2025-06-05T06:36:19.514+0000][14.964s][info ][safepoint   ] Safepoint "ICBufferFull", Time since last: 143503667 ns, Reaching safepoint: 2164875 ns, Cleanup: 129125 ns, At safepoint: 12000 ns, Total: 2306000 ns
[2025-06-05T06:36:19.535+0000][14.984s][debug][safepoint   ] Safepoint synchronization initiated using futex wait barrier. (50 threads)
[2025-06-05T06:36:19.536+0000][14.985s][info ][safepoint   ] Safepoint "ICBufferFull", Time since last: 20679167 ns, Reaching safepoint: 812583 ns, Cleanup: 148500 ns, At safepoint: 4083 ns, Total: 965166 ns
[2025-06-05T06:36:19.536+0000][14.986s][debug][safepoint   ] Safepoint synchronization initiated using futex wait barrier. (50 threads)
[2025-06-05T06:36:19.537+0000][14.986s][info ][safepoint   ] Safepoint "ICBufferFull", Time since last: 250417 ns, Reaching safepoint: 792333 ns, Cleanup: 3167 ns, At safepoint: 4833 ns, Total: 800333 ns
[2025-06-05T06:36:19.554+0000][15.004s][debug][safepoint   ] Safepoint synchronization initiated using futex wait barrier. (50 threads)
[2025-06-05T06:36:19.554+0000][15.004s][info ][gc,start    ] GC(62) Pause Young (Concurrent Start) (Metadata GC Threshold)
[2025-06-05T06:36:19.554+0000][15.004s][info ][gc,task     ] GC(62) Using 2 workers of 2 for evacuation
[2025-06-05T06:36:19.579+0000][15.028s][info ][gc,phases   ] GC(62)   Pre Evacuate Collection Set: 0.2ms
[2025-06-05T06:36:19.579+0000][15.029s][info ][gc,phases   ] GC(62)   Merge Heap Roots: 0.1ms
[2025-06-05T06:36:19.579+0000][15.029s][info ][gc,phases   ] GC(62)   Evacuate Collection Set: 23.1ms
[2025-06-05T06:36:19.579+0000][15.029s][info ][gc,phases   ] GC(62)   Post Evacuate Collection Set: 1.0ms
[2025-06-05T06:36:19.579+0000][15.029s][info ][gc,phases   ] GC(62)   Other: 0.2ms
[2025-06-05T06:36:19.579+0000][15.029s][info ][gc,heap     ] GC(62) Eden regions: 114->0(121)
[2025-06-05T06:36:19.579+0000][15.029s][info ][gc,heap     ] GC(62) Survivor regions: 13->9(17)
[2025-06-05T06:36:19.579+0000][15.029s][info ][gc,heap     ] GC(62) Old regions: 100->105
[2025-06-05T06:36:19.579+0000][15.029s][info ][gc,heap     ] GC(62) Archive regions: 2->2
[2025-06-05T06:36:19.580+0000][15.029s][info ][gc,heap     ] GC(62) Humongous regions: 1->0
[2025-06-05T06:36:19.580+0000][15.029s][info ][gc,metaspace] GC(62) Metaspace: 129898K(130880K)->129898K(130880K) NonClass: 113538K(114048K)->113538K(114048K) Class: 16359K(16832K)->16359K(16832K)
[2025-06-05T06:36:19.580+0000][15.029s][info ][gc          ] GC(62) Pause Young (Concurrent Start) (Metadata GC Threshold) 227M->114M(275M) 25.305ms
[2025-06-05T06:36:19.580+0000][15.029s][info ][gc,cpu      ] GC(62) User=0.02s Sys=0.00s Real=0.03s
[2025-06-05T06:36:19.580+0000][15.029s][info ][gc          ] GC(63) Concurrent Mark Cycle
[2025-06-05T06:36:19.580+0000][15.029s][info ][gc,marking  ] GC(63) Concurrent Clear Claimed Marks
[2025-06-05T06:36:19.580+0000][15.029s][info ][safepoint   ] Safepoint "CollectForMetadataAllocation", Time since last: 17084542 ns, Reaching safepoint: 185375 ns, Cleanup: 22167 ns, At safepoint: 25554708 ns, Total: 25762250 ns
[2025-06-05T06:36:19.580+0000][15.030s][info ][gc,marking  ] GC(63) Concurrent Clear Claimed Marks 0.206ms
[2025-06-05T06:36:19.584+0000][15.033s][info ][gc,marking  ] GC(63) Concurrent Scan Root Regions
[2025-06-05T06:36:19.593+0000][15.043s][info ][gc,marking  ] GC(63) Concurrent Scan Root Regions 9.363ms
[2025-06-05T06:36:19.594+0000][15.043s][info ][gc,marking  ] GC(63) Concurrent Mark
[2025-06-05T06:36:19.594+0000][15.043s][info ][gc,marking  ] GC(63) Concurrent Mark From Roots
[2025-06-05T06:36:19.594+0000][15.043s][info ][gc,task     ] GC(63) Using 1 workers of 1 for marking
[2025-06-05T06:36:19.634+0000][15.083s][debug][safepoint   ] Safepoint synchronization initiated using futex wait barrier. (50 threads)
[2025-06-05T06:36:19.634+0000][15.083s][info ][safepoint   ] Safepoint "CollectForMetadataAllocation", Time since last: 53579958 ns, Reaching safepoint: 227334 ns, Cleanup: 23208 ns, At safepoint: 47792 ns, Total: 298334 ns
[2025-06-05T06:36:19.711+0000][15.161s][debug][safepoint   ] Safepoint synchronization initiated using futex wait barrier. (50 threads)
[2025-06-05T06:36:19.711+0000][15.161s][info ][safepoint   ] Safepoint "CollectForMetadataAllocation", Time since last: 77395083 ns, Reaching safepoint: 213875 ns, Cleanup: 29833 ns, At safepoint: 45125 ns, Total: 288833 ns
[2025-06-05T06:36:19.712+0000][15.161s][info ][gc,marking  ] GC(63) Concurrent Mark From Roots 118.449ms
[2025-06-05T06:36:19.715+0000][15.164s][info ][gc,marking  ] GC(63) Concurrent Preclean
[2025-06-05T06:36:19.715+0000][15.165s][info ][gc,marking  ] GC(63) Concurrent Preclean 0.303ms
[2025-06-05T06:36:19.715+0000][15.165s][debug][safepoint   ] Safepoint synchronization initiated using futex wait barrier. (50 threads)
[2025-06-05T06:36:19.717+0000][15.167s][info ][gc,start    ] GC(63) Pause Remark
[2025-06-05T06:36:19.724+0000][15.173s][info ][gc          ] GC(63) Pause Remark 153M->153M(275M) 6.451ms
[2025-06-05T06:36:19.724+0000][15.173s][info ][gc,cpu      ] GC(63) User=0.01s Sys=0.00s Real=0.00s
[2025-06-05T06:36:19.724+0000][15.173s][info ][safepoint   ] Safepoint "G1PauseRemark", Time since last: 4016875 ns, Reaching safepoint: 1768500 ns, Cleanup: 3417 ns, At safepoint: 6710542 ns, Total: 8482459 ns
[2025-06-05T06:36:19.727+0000][15.176s][info ][gc,marking  ] GC(63) Concurrent Mark 133.371ms
[2025-06-05T06:36:19.727+0000][15.176s][info ][gc,marking  ] GC(63) Concurrent Rebuild Remembered Sets
[2025-06-05T06:36:19.820+0000][15.270s][info ][gc,marking  ] GC(63) Concurrent Rebuild Remembered Sets 93.283ms
[2025-06-05T06:36:19.821+0000][15.270s][debug][safepoint   ] Safepoint synchronization initiated using futex wait barrier. (50 threads)
[2025-06-05T06:36:19.822+0000][15.271s][debug][safepoint   ] ... found polling page loop exception at pc = 0x0000ffff8d500e00, stub =0x0000ffff8c97ef00
[2025-06-05T06:36:19.823+0000][15.273s][info ][gc,start    ] GC(63) Pause Cleanup
[2025-06-05T06:36:19.823+0000][15.273s][info ][gc          ] GC(63) Pause Cleanup 174M->174M(275M) 0.154ms
[2025-06-05T06:36:19.824+0000][15.273s][info ][gc,cpu      ] GC(63) User=0.00s Sys=0.00s Real=0.00s
[2025-06-05T06:36:19.824+0000][15.273s][info ][safepoint   ] Safepoint "G1PauseCleanup", Time since last: 96610666 ns, Reaching safepoint: 2643125 ns, Cleanup: 51875 ns, At safepoint: 270542 ns, Total: 2965542 ns
[2025-06-05T06:36:19.824+0000][15.274s][info ][gc,marking  ] GC(63) Concurrent Cleanup for Next Mark
[2025-06-05T06:36:19.828+0000][15.278s][info ][gc,marking  ] GC(63) Concurrent Cleanup for Next Mark 4.112ms
[2025-06-05T06:36:19.829+0000][15.278s][info ][gc          ] GC(63) Concurrent Mark Cycle 248.687ms
[2025-06-05T06:36:20.013+0000][15.462s][debug][safepoint   ] Safepoint synchronization initiated using futex wait barrier. (50 threads)
[2025-06-05T06:36:20.013+0000][15.463s][info ][gc,start    ] GC(64) Pause Young (Prepare Mixed) (G1 Evacuation Pause)
[2025-06-05T06:36:20.013+0000][15.463s][info ][gc,task     ] GC(64) Using 2 workers of 2 for evacuation
[2025-06-05T06:36:20.026+0000][15.476s][info ][gc,phases   ] GC(64)   Pre Evacuate Collection Set: 0.1ms
[2025-06-05T06:36:20.026+0000][15.476s][info ][gc,phases   ] GC(64)   Merge Heap Roots: 0.1ms
[2025-06-05T06:36:20.026+0000][15.476s][info ][gc,phases   ] GC(64)   Evacuate Collection Set: 11.4ms
[2025-06-05T06:36:20.026+0000][15.476s][info ][gc,phases   ] GC(64)   Post Evacuate Collection Set: 1.2ms
[2025-06-05T06:36:20.026+0000][15.476s][info ][gc,phases   ] GC(64)   Other: 0.2ms
[2025-06-05T06:36:20.027+0000][15.476s][info ][gc,heap     ] GC(64) Eden regions: 121->0(1)
[2025-06-05T06:36:20.027+0000][15.476s][info ][gc,heap     ] GC(64) Survivor regions: 9->14(17)
[2025-06-05T06:36:20.027+0000][15.476s][info ][gc,heap     ] GC(64) Old regions: 105->105
[2025-06-05T06:36:20.027+0000][15.476s][info ][gc,heap     ] GC(64) Archive regions: 2->2
[2025-06-05T06:36:20.027+0000][15.476s][info ][gc,heap     ] GC(64) Humongous regions: 0->0
[2025-06-05T06:36:20.027+0000][15.476s][info ][gc,metaspace] GC(64) Metaspace: 131688K(132736K)->131688K(132736K) NonClass: 115219K(115776K)->115219K(115776K) Class: 16468K(16960K)->16468K(16960K)
[2025-06-05T06:36:20.027+0000][15.476s][info ][gc          ] GC(64) Pause Young (Prepare Mixed) (G1 Evacuation Pause) 235M->118M(275M) 13.643ms
[2025-06-05T06:36:20.027+0000][15.476s][info ][gc,cpu      ] GC(64) User=0.02s Sys=0.00s Real=0.01s
[2025-06-05T06:36:20.027+0000][15.476s][info ][safepoint   ] Safepoint "G1CollectForAllocation", Time since last: 189400042 ns, Reaching safepoint: 194417 ns, Cleanup: 33291 ns, At safepoint: 13782667 ns, Total: 14010375 ns
[2025-06-05T06:36:20.028+0000][15.478s][debug][safepoint   ] Safepoint synchronization initiated using futex wait barrier. (50 threads)
[2025-06-05T06:36:20.028+0000][15.478s][info ][gc,start    ] GC(65) Pause Young (Mixed) (G1 Evacuation Pause)
[2025-06-05T06:36:20.028+0000][15.478s][info ][gc,task     ] GC(65) Using 2 workers of 2 for evacuation
[2025-06-05T06:36:20.042+0000][15.491s][info ][gc,phases   ] GC(65)   Pre Evacuate Collection Set: 0.1ms
[2025-06-05T06:36:20.042+0000][15.491s][info ][gc,phases   ] GC(65)   Merge Heap Roots: 0.1ms
[2025-06-05T06:36:20.042+0000][15.491s][info ][gc,phases   ] GC(65)   Evacuate Collection Set: 12.1ms
[2025-06-05T06:36:20.042+0000][15.491s][info ][gc,phases   ] GC(65)   Post Evacuate Collection Set: 1.0ms
[2025-06-05T06:36:20.042+0000][15.491s][info ][gc,phases   ] GC(65)   Other: 0.1ms
[2025-06-05T06:36:20.042+0000][15.492s][info ][gc,heap     ] GC(65) Eden regions: 1->0(116)
[2025-06-05T06:36:20.042+0000][15.492s][info ][gc,heap     ] GC(65) Survivor regions: 14->1(2)
[2025-06-05T06:36:20.042+0000][15.492s][info ][gc,heap     ] GC(65) Old regions: 105->116
[2025-06-05T06:36:20.042+0000][15.492s][info ][gc,heap     ] GC(65) Archive regions: 2->2
[2025-06-05T06:36:20.042+0000][15.492s][info ][gc,heap     ] GC(65) Humongous regions: 0->0
[2025-06-05T06:36:20.042+0000][15.492s][info ][gc,metaspace] GC(65) Metaspace: 131688K(132736K)->131688K(132736K) NonClass: 115219K(115776K)->115219K(115776K) Class: 16468K(16960K)->16468K(16960K)
[2025-06-05T06:36:20.042+0000][15.492s][info ][gc          ] GC(65) Pause Young (Mixed) (G1 Evacuation Pause) 119M->117M(275M) 14.010ms
[2025-06-05T06:36:20.042+0000][15.492s][info ][gc,cpu      ] GC(65) User=0.03s Sys=0.00s Real=0.01s
[2025-06-05T06:36:20.043+0000][15.492s][info ][safepoint   ] Safepoint "G1CollectForAllocation", Time since last: 1349250 ns, Reaching safepoint: 73083 ns, Cleanup: 2500 ns, At safepoint: 14174584 ns, Total: 14250167 ns
[2025-06-05T06:36:20.287+0000][15.736s][debug][safepoint   ] Safepoint synchronization initiated using futex wait barrier. (50 threads)
[2025-06-05T06:36:20.287+0000][15.736s][info ][gc,start    ] GC(66) Pause Young (Concurrent Start) (G1 Evacuation Pause)
[2025-06-05T06:36:20.287+0000][15.736s][info ][gc,task     ] GC(66) Using 2 workers of 2 for evacuation
[2025-06-05T06:36:20.294+0000][15.743s][info ][gc,phases   ] GC(66)   Pre Evacuate Collection Set: 0.2ms
[2025-06-05T06:36:20.294+0000][15.743s][info ][gc,phases   ] GC(66)   Merge Heap Roots: 0.1ms
[2025-06-05T06:36:20.294+0000][15.743s][info ][gc,phases   ] GC(66)   Evacuate Collection Set: 5.3ms
[2025-06-05T06:36:20.294+0000][15.743s][info ][gc,phases   ] GC(66)   Post Evacuate Collection Set: 0.9ms
[2025-06-05T06:36:20.294+0000][15.743s][info ][gc,phases   ] GC(66)   Other: 0.2ms
[2025-06-05T06:36:20.294+0000][15.743s][info ][gc,heap     ] GC(66) Eden regions: 116->0(117)
[2025-06-05T06:36:20.294+0000][15.744s][info ][gc,heap     ] GC(66) Survivor regions: 1->2(15)
[2025-06-05T06:36:20.294+0000][15.744s][info ][gc,heap     ] GC(66) Old regions: 116->116
[2025-06-05T06:36:20.294+0000][15.744s][info ][gc,heap     ] GC(66) Archive regions: 2->2
[2025-06-05T06:36:20.294+0000][15.744s][info ][gc,heap     ] GC(66) Humongous regions: 0->0
[2025-06-05T06:36:20.294+0000][15.744s][info ][gc,metaspace] GC(66) Metaspace: 134186K(135168K)->134186K(135168K) NonClass: 117441K(117952K)->117441K(117952K) Class: 16744K(17216K)->16744K(17216K)
[2025-06-05T06:36:20.294+0000][15.744s][info ][gc          ] GC(66) Pause Young (Concurrent Start) (G1 Evacuation Pause) 233M->118M(275M) 7.318ms
[2025-06-05T06:36:20.294+0000][15.744s][info ][gc,cpu      ] GC(66) User=0.01s Sys=0.00s Real=0.00s
[2025-06-05T06:36:20.294+0000][15.744s][info ][safepoint   ] Safepoint "G1CollectForAllocation", Time since last: 244273875 ns, Reaching safepoint: 197916 ns, Cleanup: 17834 ns, At safepoint: 7445291 ns, Total: 7661041 ns
[2025-06-05T06:36:20.295+0000][15.744s][info ][gc          ] GC(67) Concurrent Mark Cycle
[2025-06-05T06:36:20.298+0000][15.747s][info ][gc,marking  ] GC(67) Concurrent Clear Claimed Marks
[2025-06-05T06:36:20.298+0000][15.748s][info ][gc,marking  ] GC(67) Concurrent Clear Claimed Marks 0.278ms
[2025-06-05T06:36:20.298+0000][15.748s][info ][gc,marking  ] GC(67) Concurrent Scan Root Regions
[2025-06-05T06:36:20.300+0000][15.750s][info ][gc,marking  ] GC(67) Concurrent Scan Root Regions 1.893ms
[2025-06-05T06:36:20.300+0000][15.750s][info ][gc,marking  ] GC(67) Concurrent Mark
[2025-06-05T06:36:20.301+0000][15.750s][info ][gc,marking  ] GC(67) Concurrent Mark From Roots
[2025-06-05T06:36:20.301+0000][15.750s][info ][gc,task     ] GC(67) Using 1 workers of 1 for marking
[2025-06-05T06:36:20.429+0000][15.879s][info ][gc,marking  ] GC(67) Concurrent Mark From Roots 128.860ms
[2025-06-05T06:36:20.430+0000][15.879s][info ][gc,marking  ] GC(67) Concurrent Preclean
[2025-06-05T06:36:20.430+0000][15.879s][info ][gc,marking  ] GC(67) Concurrent Preclean 0.232ms
[2025-06-05T06:36:20.430+0000][15.879s][debug][safepoint   ] Safepoint synchronization initiated using futex wait barrier. (51 threads)
[2025-06-05T06:36:20.431+0000][15.881s][info ][gc,start    ] GC(67) Pause Remark
[2025-06-05T06:36:20.471+0000][15.920s][info ][gc          ] GC(67) Pause Remark 179M->179M(302M) 39.463ms
[2025-06-05T06:36:20.471+0000][15.920s][info ][gc,cpu      ] GC(67) User=0.02s Sys=0.00s Real=0.04s
[2025-06-05T06:36:20.471+0000][15.920s][info ][safepoint   ] Safepoint "G1PauseRemark", Time since last: 135438125 ns, Reaching safepoint: 1251292 ns, Cleanup: 11958 ns, At safepoint: 39812500 ns, Total: 41075750 ns
[2025-06-05T06:36:20.471+0000][15.921s][info ][gc,marking  ] GC(67) Concurrent Mark 170.776ms
[2025-06-05T06:36:20.471+0000][15.921s][info ][gc,marking  ] GC(67) Concurrent Rebuild Remembered Sets
[2025-06-05T06:36:20.577+0000][16.027s][info ][gc,marking  ] GC(67) Concurrent Rebuild Remembered Sets 105.906ms
[2025-06-05T06:36:20.581+0000][16.031s][debug][safepoint   ] Safepoint synchronization initiated using futex wait barrier. (51 threads)
[2025-06-05T06:36:20.582+0000][16.031s][info ][gc,start    ] GC(67) Pause Cleanup
[2025-06-05T06:36:20.582+0000][16.032s][info ][gc          ] GC(67) Pause Cleanup 217M->217M(302M) 0.185ms
[2025-06-05T06:36:20.582+0000][16.032s][info ][gc,cpu      ] GC(67) User=0.00s Sys=0.00s Real=0.00s
[2025-06-05T06:36:20.582+0000][16.032s][info ][safepoint   ] Safepoint "G1PauseCleanup", Time since last: 110321959 ns, Reaching safepoint: 699333 ns, Cleanup: 28542 ns, At safepoint: 314750 ns, Total: 1042625 ns
[2025-06-05T06:36:20.582+0000][16.032s][info ][gc,marking  ] GC(67) Concurrent Cleanup for Next Mark
[2025-06-05T06:36:20.586+0000][16.036s][info ][gc,marking  ] GC(67) Concurrent Cleanup for Next Mark 3.843ms
[2025-06-05T06:36:20.586+0000][16.036s][info ][gc          ] GC(67) Concurrent Mark Cycle 291.903ms
[2025-06-05T06:36:20.629+0000][16.079s][debug][safepoint   ] Safepoint synchronization initiated using futex wait barrier. (51 threads)
[2025-06-05T06:36:20.630+0000][16.079s][info ][gc,start    ] GC(68) Pause Young (Prepare Mixed) (G1 Evacuation Pause)
[2025-06-05T06:36:20.630+0000][16.079s][info ][gc,task     ] GC(68) Using 2 workers of 2 for evacuation
[2025-06-05T06:36:20.635+0000][16.085s][info ][gc,phases   ] GC(68)   Pre Evacuate Collection Set: 0.1ms
[2025-06-05T06:36:20.636+0000][16.085s][info ][gc,phases   ] GC(68)   Merge Heap Roots: 0.1ms
[2025-06-05T06:36:20.636+0000][16.085s][info ][gc,phases   ] GC(68)   Evacuate Collection Set: 4.6ms
[2025-06-05T06:36:20.636+0000][16.085s][info ][gc,phases   ] GC(68)   Post Evacuate Collection Set: 0.9ms
[2025-06-05T06:36:20.636+0000][16.085s][info ][gc,phases   ] GC(68)   Other: 0.2ms
[2025-06-05T06:36:20.636+0000][16.085s][info ][gc,heap     ] GC(68) Eden regions: 117->0(11)
[2025-06-05T06:36:20.636+0000][16.085s][info ][gc,heap     ] GC(68) Survivor regions: 2->4(15)
[2025-06-05T06:36:20.636+0000][16.085s][info ][gc,heap     ] GC(68) Old regions: 116->116
[2025-06-05T06:36:20.636+0000][16.085s][info ][gc,heap     ] GC(68) Archive regions: 2->2
[2025-06-05T06:36:20.636+0000][16.085s][info ][gc,heap     ] GC(68) Humongous regions: 0->0
[2025-06-05T06:36:20.636+0000][16.085s][info ][gc,metaspace] GC(68) Metaspace: 136718K(137792K)->136718K(137792K) NonClass: 119690K(120256K)->119690K(120256K) Class: 17028K(17536K)->17028K(17536K)
[2025-06-05T06:36:20.636+0000][16.085s][info ][gc          ] GC(68) Pause Young (Prepare Mixed) (G1 Evacuation Pause) 235M->120M(302M) 6.432ms
[2025-06-05T06:36:20.636+0000][16.085s][info ][gc,cpu      ] GC(68) User=0.01s Sys=0.00s Real=0.00s
[2025-06-05T06:36:20.636+0000][16.086s][info ][safepoint   ] Safepoint "G1CollectForAllocation", Time since last: 47048583 ns, Reaching safepoint: 191000 ns, Cleanup: 20000 ns, At safepoint: 6563583 ns, Total: 6774583 ns
[2025-06-05T06:36:20.658+0000][16.108s][debug][safepoint   ] Safepoint synchronization initiated using futex wait barrier. (51 threads)
[2025-06-05T06:36:20.658+0000][16.108s][info ][gc,start    ] GC(69) Pause Young (Mixed) (G1 Evacuation Pause)
[2025-06-05T06:36:20.659+0000][16.108s][info ][gc,task     ] GC(69) Using 2 workers of 2 for evacuation
[2025-06-05T06:36:20.675+0000][16.124s][info ][gc,phases   ] GC(69)   Pre Evacuate Collection Set: 0.1ms
[2025-06-05T06:36:20.675+0000][16.125s][info ][gc,phases   ] GC(69)   Merge Heap Roots: 0.1ms
[2025-06-05T06:36:20.675+0000][16.125s][info ][gc,phases   ] GC(69)   Evacuate Collection Set: 14.5ms
[2025-06-05T06:36:20.675+0000][16.125s][info ][gc,phases   ] GC(69)   Post Evacuate Collection Set: 1.7ms
[2025-06-05T06:36:20.675+0000][16.125s][info ][gc,phases   ] GC(69)   Other: 0.2ms
[2025-06-05T06:36:20.675+0000][16.125s][info ][gc,heap     ] GC(69) Eden regions: 11->0(327)
[2025-06-05T06:36:20.676+0000][16.125s][info ][gc,heap     ] GC(69) Survivor regions: 4->1(2)
[2025-06-05T06:36:20.676+0000][16.125s][info ][gc,heap     ] GC(69) Old regions: 116->118
[2025-06-05T06:36:20.676+0000][16.125s][info ][gc,heap     ] GC(69) Archive regions: 2->2
[2025-06-05T06:36:20.676+0000][16.125s][info ][gc,heap     ] GC(69) Humongous regions: 0->0
[2025-06-05T06:36:20.676+0000][16.125s][info ][gc,metaspace] GC(69) Metaspace: 136749K(137792K)->136749K(137792K) NonClass: 119717K(120256K)->119717K(120256K) Class: 17031K(17536K)->17031K(17536K)
[2025-06-05T06:36:20.676+0000][16.125s][info ][gc          ] GC(69) Pause Young (Mixed) (G1 Evacuation Pause) 131M->119M(547M) 17.291ms
[2025-06-05T06:36:20.676+0000][16.125s][info ][gc,cpu      ] GC(69) User=0.01s Sys=0.00s Real=0.01s
[2025-06-05T06:36:20.676+0000][16.125s][info ][safepoint   ] Safepoint "G1CollectForAllocation", Time since last: 22065501 ns, Reaching safepoint: 172416 ns, Cleanup: 24042 ns, At safepoint: 17470458 ns, Total: 17666916 ns
[2025-06-05T06:36:21.376+0000][16.825s][info ][cds,heap    ] initialize_from_archived_subgraph jdk.internal.math.FDBigInteger 0x000000500014c8e8
[2025-06-05T06:36:21.413+0000][16.862s][debug][safepoint   ] Safepoint synchronization initiated using futex wait barrier. (61 threads)
[2025-06-05T06:36:21.413+0000][16.863s][info ][safepoint   ] Safepoint "ICBufferFull", Time since last: 737013126 ns, Reaching safepoint: 177333 ns, Cleanup: 150042 ns, At safepoint: 1791 ns, Total: 329166 ns
[2025-06-05T06:36:21.514+0000][16.964s][debug][safepoint   ] Safepoint synchronization initiated using futex wait barrier. (61 threads)
[2025-06-05T06:36:21.515+0000][16.965s][info ][safepoint   ] Safepoint "ICBufferFull", Time since last: 100965417 ns, Reaching safepoint: 922042 ns, Cleanup: 78791 ns, At safepoint: 8917 ns, Total: 1009750 ns
[2025-06-05T06:36:21.663+0000][17.112s][debug][safepoint   ] Safepoint synchronization initiated using futex wait barrier. (70 threads)
[2025-06-05T06:36:21.664+0000][17.114s][info ][gc,start    ] GC(70) Pause Young (Normal) (G1 Evacuation Pause)
[2025-06-05T06:36:21.664+0000][17.114s][info ][gc,task     ] GC(70) Using 2 workers of 2 for evacuation
[2025-06-05T06:36:21.678+0000][17.127s][info ][gc,phases   ] GC(70)   Pre Evacuate Collection Set: 0.1ms
[2025-06-05T06:36:21.678+0000][17.128s][info ][gc,phases   ] GC(70)   Merge Heap Roots: 0.2ms
[2025-06-05T06:36:21.678+0000][17.128s][info ][gc,phases   ] GC(70)   Evacuate Collection Set: 11.7ms
[2025-06-05T06:36:21.678+0000][17.128s][info ][gc,phases   ] GC(70)   Post Evacuate Collection Set: 1.5ms
[2025-06-05T06:36:21.678+0000][17.128s][info ][gc,phases   ] GC(70)   Other: 0.2ms
[2025-06-05T06:36:21.678+0000][17.128s][info ][gc,heap     ] GC(70) Eden regions: 327->0(319)
[2025-06-05T06:36:21.679+0000][17.128s][info ][gc,heap     ] GC(70) Survivor regions: 1->9(41)
[2025-06-05T06:36:21.679+0000][17.128s][info ][gc,heap     ] GC(70) Old regions: 118->118
[2025-06-05T06:36:21.679+0000][17.128s][info ][gc,heap     ] GC(70) Archive regions: 2->2
[2025-06-05T06:36:21.679+0000][17.128s][info ][gc,heap     ] GC(70) Humongous regions: 0->0
[2025-06-05T06:36:21.679+0000][17.128s][info ][gc,metaspace] GC(70) Metaspace: 146749K(147776K)->146749K(147776K) NonClass: 128740K(129280K)->128740K(129280K) Class: 18009K(18496K)->18009K(18496K)
[2025-06-05T06:36:21.679+0000][17.128s][info ][gc          ] GC(70) Pause Young (Normal) (G1 Evacuation Pause) 446M->127M(547M) 14.425ms
[2025-06-05T06:36:21.679+0000][17.128s][info ][gc,cpu      ] GC(70) User=0.03s Sys=0.00s Real=0.02s
[2025-06-05T06:36:21.679+0000][17.128s][info ][safepoint   ] Safepoint "G1CollectForAllocation", Time since last: 147615125 ns, Reaching safepoint: 1391833 ns, Cleanup: 69959 ns, At safepoint: 14597333 ns, Total: 16059125 ns
[2025-06-05T06:36:22.023+0000][17.472s][debug][safepoint   ] Safepoint synchronization initiated using futex wait barrier. (71 threads)
[2025-06-05T06:36:22.023+0000][17.473s][info ][safepoint   ] Safepoint "ICBufferFull", Time since last: 344223667 ns, Reaching safepoint: 216625 ns, Cleanup: 98208 ns, At safepoint: 1292 ns, Total: 316125 ns
[2025-06-05T06:36:22.142+0000][17.591s][debug][safepoint   ] Safepoint synchronization initiated using futex wait barrier. (71 threads)
[2025-06-05T06:36:22.142+0000][17.592s][info ][safepoint   ] Safepoint "ICBufferFull", Time since last: 118600958 ns, Reaching safepoint: 170500 ns, Cleanup: 112542 ns, At safepoint: 1833 ns, Total: 284875 ns
[2025-06-05T06:36:22.326+0000][17.776s][debug][safepoint   ] Safepoint synchronization initiated using futex wait barrier. (71 threads)
[2025-06-05T06:36:22.327+0000][17.776s][info ][safepoint   ] Safepoint "ICBufferFull", Time since last: 183993959 ns, Reaching safepoint: 200791 ns, Cleanup: 98084 ns, At safepoint: 1750 ns, Total: 300625 ns
[2025-06-05T06:36:22.375+0000][17.824s][debug][safepoint   ] Safepoint synchronization initiated using futex wait barrier. (71 threads)
[2025-06-05T06:36:22.375+0000][17.824s][info ][gc,start    ] GC(71) Pause Young (Normal) (G1 Evacuation Pause)
[2025-06-05T06:36:22.375+0000][17.825s][info ][gc,task     ] GC(71) Using 2 workers of 2 for evacuation
[2025-06-05T06:36:22.393+0000][17.842s][info ][gc,phases   ] GC(71)   Pre Evacuate Collection Set: 0.1ms
[2025-06-05T06:36:22.393+0000][17.842s][info ][gc,phases   ] GC(71)   Merge Heap Roots: 0.1ms
[2025-06-05T06:36:22.393+0000][17.842s][info ][gc,phases   ] GC(71)   Evacuate Collection Set: 15.6ms
[2025-06-05T06:36:22.393+0000][17.842s][info ][gc,phases   ] GC(71)   Post Evacuate Collection Set: 1.4ms
[2025-06-05T06:36:22.393+0000][17.842s][info ][gc,phases   ] GC(71)   Other: 0.2ms
[2025-06-05T06:36:22.393+0000][17.842s][info ][gc,heap     ] GC(71) Eden regions: 319->0(311)
[2025-06-05T06:36:22.393+0000][17.842s][info ][gc,heap     ] GC(71) Survivor regions: 9->17(41)
[2025-06-05T06:36:22.393+0000][17.842s][info ][gc,heap     ] GC(71) Old regions: 118->118
[2025-06-05T06:36:22.393+0000][17.842s][info ][gc,heap     ] GC(71) Archive regions: 2->2
[2025-06-05T06:36:22.393+0000][17.842s][info ][gc,heap     ] GC(71) Humongous regions: 0->0
[2025-06-05T06:36:22.393+0000][17.842s][info ][gc,metaspace] GC(71) Metaspace: 150384K(151488K)->150384K(151488K) NonClass: 131887K(132480K)->131887K(132480K) Class: 18497K(19008K)->18497K(19008K)
[2025-06-05T06:36:22.393+0000][17.842s][info ][gc          ] GC(71) Pause Young (Normal) (G1 Evacuation Pause) 446M->135M(547M) 17.978ms
[2025-06-05T06:36:22.393+0000][17.843s][info ][gc,cpu      ] GC(71) User=0.03s Sys=0.00s Real=0.02s
[2025-06-05T06:36:22.393+0000][17.843s][info ][safepoint   ] Safepoint "G1CollectForAllocation", Time since last: 48207500 ns, Reaching safepoint: 217750 ns, Cleanup: 23166 ns, At safepoint: 18175084 ns, Total: 18416000 ns
[2025-06-05T06:36:22.848+0000][18.297s][debug][safepoint   ] Safepoint synchronization initiated using futex wait barrier. (71 threads)
[2025-06-05T06:36:22.848+0000][18.298s][info ][safepoint   ] Safepoint "ICBufferFull", Time since last: 454748500 ns, Reaching safepoint: 233542 ns, Cleanup: 107416 ns, At safepoint: 2084 ns, Total: 343042 ns
[2025-06-05T06:36:23.022+0000][18.472s][debug][safepoint   ] Safepoint synchronization initiated using futex wait barrier. (71 threads)
[2025-06-05T06:36:23.023+0000][18.472s][info ][safepoint   ] Safepoint "ICBufferFull", Time since last: 173859791 ns, Reaching safepoint: 175667 ns, Cleanup: 120750 ns, At safepoint: 5500 ns, Total: 301917 ns
[2025-06-05T06:36:23.052+0000][18.502s][debug][safepoint   ] Safepoint synchronization initiated using futex wait barrier. (71 threads)
[2025-06-05T06:36:23.053+0000][18.502s][info ][gc,start    ] GC(72) Pause Young (Normal) (G1 Evacuation Pause)
[2025-06-05T06:36:23.053+0000][18.502s][info ][gc,task     ] GC(72) Using 2 workers of 2 for evacuation
[2025-06-05T06:36:23.080+0000][18.529s][info ][gc,phases   ] GC(72)   Pre Evacuate Collection Set: 0.1ms
[2025-06-05T06:36:23.080+0000][18.529s][info ][gc,phases   ] GC(72)   Merge Heap Roots: 0.1ms
[2025-06-05T06:36:23.080+0000][18.529s][info ][gc,phases   ] GC(72)   Evacuate Collection Set: 25.4ms
[2025-06-05T06:36:23.080+0000][18.530s][info ][gc,phases   ] GC(72)   Post Evacuate Collection Set: 1.4ms
[2025-06-05T06:36:23.080+0000][18.530s][info ][gc,phases   ] GC(72)   Other: 0.2ms
[2025-06-05T06:36:23.080+0000][18.530s][info ][gc,heap     ] GC(72) Eden regions: 311->0(305)
[2025-06-05T06:36:23.080+0000][18.530s][info ][gc,heap     ] GC(72) Survivor regions: 17->23(41)
[2025-06-05T06:36:23.080+0000][18.530s][info ][gc,heap     ] GC(72) Old regions: 118->118
[2025-06-05T06:36:23.080+0000][18.530s][info ][gc,heap     ] GC(72) Archive regions: 2->2
[2025-06-05T06:36:23.081+0000][18.530s][info ][gc,heap     ] GC(72) Humongous regions: 0->0
[2025-06-05T06:36:23.081+0000][18.530s][info ][gc,metaspace] GC(72) Metaspace: 153151K(154304K)->153151K(154304K) NonClass: 134230K(134848K)->134230K(134848K) Class: 18920K(19456K)->18920K(19456K)
[2025-06-05T06:36:23.081+0000][18.530s][info ][gc          ] GC(72) Pause Young (Normal) (G1 Evacuation Pause) 446M->141M(547M) 27.923ms
[2025-06-05T06:36:23.081+0000][18.530s][info ][gc,cpu      ] GC(72) User=0.04s Sys=0.00s Real=0.03s
[2025-06-05T06:36:23.081+0000][18.530s][info ][safepoint   ] Safepoint "G1CollectForAllocation", Time since last: 29937125 ns, Reaching safepoint: 190875 ns, Cleanup: 33042 ns, At safepoint: 28087416 ns, Total: 28311333 ns
[2025-06-05T06:36:23.474+0000][18.923s][debug][safepoint   ] Safepoint synchronization initiated using futex wait barrier. (74 threads)
[2025-06-05T06:36:23.474+0000][18.923s][info ][safepoint   ] Safepoint "ICBufferFull", Time since last: 392749209 ns, Reaching safepoint: 201458 ns, Cleanup: 159792 ns, At safepoint: 22125 ns, Total: 383375 ns
[2025-06-05T06:36:23.739+0000][19.188s][debug][safepoint   ] Safepoint synchronization initiated using futex wait barrier. (89 threads)
[2025-06-05T06:36:23.740+0000][19.190s][info ][safepoint   ] Safepoint "ICBufferFull", Time since last: 264986042 ns, Reaching safepoint: 1252083 ns, Cleanup: 116625 ns, At safepoint: 11125 ns, Total: 1379833 ns
[2025-06-05T06:36:23.890+0000][19.339s][debug][safepoint   ] Safepoint synchronization initiated using futex wait barrier. (137 threads)
[2025-06-05T06:36:23.891+0000][19.341s][info ][safepoint   ] Safepoint "ICBufferFull", Time since last: 149576292 ns, Reaching safepoint: 1203916 ns, Cleanup: 121084 ns, At safepoint: 20083 ns, Total: 1345083 ns
[2025-06-05T06:36:23.923+0000][19.373s][debug][safepoint   ] Safepoint synchronization initiated using futex wait barrier. (137 threads)
[2025-06-05T06:36:23.924+0000][19.373s][info ][gc,start    ] GC(73) Pause Young (Normal) (G1 Evacuation Pause)
[2025-06-05T06:36:23.924+0000][19.373s][info ][gc,task     ] GC(73) Using 2 workers of 2 for evacuation
[2025-06-05T06:36:23.989+0000][19.439s][info ][gc,phases   ] GC(73)   Pre Evacuate Collection Set: 0.1ms
[2025-06-05T06:36:23.990+0000][19.439s][info ][gc,phases   ] GC(73)   Merge Heap Roots: 0.2ms
[2025-06-05T06:36:23.990+0000][19.439s][info ][gc,phases   ] GC(73)   Evacuate Collection Set: 63.1ms
[2025-06-05T06:36:23.990+0000][19.439s][info ][gc,phases   ] GC(73)   Post Evacuate Collection Set: 1.7ms
[2025-06-05T06:36:23.990+0000][19.439s][info ][gc,phases   ] GC(73)   Other: 0.2ms
[2025-06-05T06:36:23.990+0000][19.439s][info ][gc,heap     ] GC(73) Eden regions: 305->0(305)
[2025-06-05T06:36:23.990+0000][19.439s][info ][gc,heap     ] GC(73) Survivor regions: 23->23(41)
[2025-06-05T06:36:23.990+0000][19.439s][info ][gc,heap     ] GC(73) Old regions: 118->126
[2025-06-05T06:36:23.990+0000][19.439s][info ][gc,heap     ] GC(73) Archive regions: 2->2
[2025-06-05T06:36:23.990+0000][19.439s][info ][gc,heap     ] GC(73) Humongous regions: 0->0
[2025-06-05T06:36:23.990+0000][19.439s][info ][gc,metaspace] GC(73) Metaspace: 159401K(160576K)->159401K(160576K) NonClass: 139623K(140224K)->139623K(140224K) Class: 19777K(20352K)->19777K(20352K)
[2025-06-05T06:36:23.990+0000][19.439s][info ][gc          ] GC(73) Pause Young (Normal) (G1 Evacuation Pause) 446M->149M(547M) 65.988ms
[2025-06-05T06:36:23.990+0000][19.439s][info ][gc,cpu      ] GC(73) User=0.06s Sys=0.00s Real=0.07s
[2025-06-05T06:36:23.990+0000][19.440s][info ][safepoint   ] Safepoint "G1CollectForAllocation", Time since last: 32226917 ns, Reaching safepoint: 591000 ns, Cleanup: 17000 ns, At safepoint: 66287208 ns, Total: 66895208 ns
[2025-06-05T06:36:24.125+0000][19.574s][debug][safepoint   ] Safepoint synchronization initiated using futex wait barrier. (158 threads)
[2025-06-05T06:36:24.125+0000][19.575s][info ][safepoint   ] Safepoint "ICBufferFull", Time since last: 134709583 ns, Reaching safepoint: 219042 ns, Cleanup: 125167 ns, At safepoint: 10166 ns, Total: 354375 ns
[2025-06-05T06:36:24.328+0000][19.778s][debug][safepoint   ] Safepoint synchronization initiated using futex wait barrier. (160 threads)
[2025-06-05T06:36:24.329+0000][19.778s][info ][safepoint   ] Safepoint "ICBufferFull", Time since last: 202912501 ns, Reaching safepoint: 234416 ns, Cleanup: 94292 ns, At safepoint: 7542 ns, Total: 336250 ns
[2025-06-05T06:36:24.413+0000][19.862s][debug][safepoint   ] Safepoint synchronization initiated using futex wait barrier. (161 threads)
[2025-06-05T06:36:24.413+0000][19.862s][info ][safepoint   ] Safepoint "ICBufferFull", Time since last: 84184333 ns, Reaching safepoint: 117458 ns, Cleanup: 188000 ns, At safepoint: 6792 ns, Total: 312250 ns
[2025-06-05T06:36:24.576+0000][20.026s][debug][safepoint   ] Safepoint synchronization initiated using futex wait barrier. (171 threads)
[2025-06-05T06:36:24.577+0000][20.026s][info ][safepoint   ] Safepoint "ICBufferFull", Time since last: 163199583 ns, Reaching safepoint: 202000 ns, Cleanup: 149959 ns, At safepoint: 6416 ns, Total: 358375 ns
[2025-06-05T06:36:24.698+0000][20.148s][debug][safepoint   ] Safepoint synchronization initiated using futex wait barrier. (173 threads)
[2025-06-05T06:36:24.699+0000][20.148s][info ][safepoint   ] Safepoint "ICBufferFull", Time since last: 121670209 ns, Reaching safepoint: 194916 ns, Cleanup: 144334 ns, At safepoint: 9250 ns, Total: 348500 ns
[2025-06-05T06:36:24.699+0000][20.148s][debug][safepoint   ] Safepoint synchronization initiated using futex wait barrier. (173 threads)
[2025-06-05T06:36:24.700+0000][20.150s][info ][safepoint   ] Safepoint "ICBufferFull", Time since last: 138833 ns, Reaching safepoint: 1419750 ns, Cleanup: 6917 ns, At safepoint: 92250 ns, Total: 1518917 ns
[2025-06-05T06:36:24.782+0000][20.232s][debug][safepoint   ] Safepoint synchronization initiated using futex wait barrier. (173 threads)
[2025-06-05T06:36:24.783+0000][20.232s][info ][gc,start    ] GC(74) Pause Young (Normal) (G1 Evacuation Pause)
[2025-06-05T06:36:24.783+0000][20.232s][info ][gc,task     ] GC(74) Using 2 workers of 2 for evacuation
[2025-06-05T06:36:24.813+0000][20.263s][info ][gc,phases   ] GC(74)   Pre Evacuate Collection Set: 0.2ms
[2025-06-05T06:36:24.813+0000][20.263s][info ][gc,phases   ] GC(74)   Merge Heap Roots: 0.2ms
[2025-06-05T06:36:24.813+0000][20.263s][info ][gc,phases   ] GC(74)   Evacuate Collection Set: 28.1ms
[2025-06-05T06:36:24.814+0000][20.263s][info ][gc,phases   ] GC(74)   Post Evacuate Collection Set: 1.7ms
[2025-06-05T06:36:24.814+0000][20.263s][info ][gc,phases   ] GC(74)   Other: 0.3ms
[2025-06-05T06:36:24.814+0000][20.263s][info ][gc,heap     ] GC(74) Eden regions: 305->0(306)
[2025-06-05T06:36:24.814+0000][20.263s][info ][gc,heap     ] GC(74) Survivor regions: 23->22(41)
[2025-06-05T06:36:24.814+0000][20.263s][info ][gc,heap     ] GC(74) Old regions: 126->134
[2025-06-05T06:36:24.814+0000][20.263s][info ][gc,heap     ] GC(74) Archive regions: 2->2
[2025-06-05T06:36:24.814+0000][20.263s][info ][gc,heap     ] GC(74) Humongous regions: 0->0
[2025-06-05T06:36:24.814+0000][20.263s][info ][gc,metaspace] GC(74) Metaspace: 163801K(164992K)->163801K(164992K) NonClass: 143409K(144000K)->143409K(144000K) Class: 20392K(20992K)->20392K(20992K)
[2025-06-05T06:36:24.814+0000][20.263s][info ][gc          ] GC(74) Pause Young (Normal) (G1 Evacuation Pause) 454M->155M(547M) 31.043ms
[2025-06-05T06:36:24.814+0000][20.263s][info ][gc,cpu      ] GC(74) User=0.06s Sys=0.01s Real=0.03s
[2025-06-05T06:36:24.814+0000][20.264s][info ][safepoint   ] Safepoint "G1CollectForAllocation", Time since last: 82131083 ns, Reaching safepoint: 228875 ns, Cleanup: 88708 ns, At safepoint: 31367959 ns, Total: 31685542 ns
[2025-06-05T06:36:25.875+0000][21.324s][debug][safepoint   ] Safepoint synchronization initiated using futex wait barrier. (174 threads)
[2025-06-05T06:36:25.877+0000][21.326s][info ][safepoint   ] Safepoint "Cleanup", Time since last: 1060572167 ns, Reaching safepoint: 1441458 ns, Cleanup: 603042 ns, At safepoint: 13292 ns, Total: 2057792 ns
[2025-06-05T06:36:26.878+0000][22.328s][debug][safepoint   ] Safepoint synchronization initiated using futex wait barrier. (175 threads)
[2025-06-05T06:36:26.879+0000][22.328s][info ][safepoint   ] Safepoint "Cleanup", Time since last: 1001533833 ns, Reaching safepoint: 428584 ns, Cleanup: 26416 ns, At safepoint: 5750 ns, Total: 460750 ns
[2025-06-05T06:36:27.880+0000][23.329s][debug][safepoint   ] Safepoint synchronization initiated using futex wait barrier. (175 threads)
[2025-06-05T06:36:27.881+0000][23.331s][info ][safepoint   ] Safepoint "Cleanup", Time since last: 1001184418 ns, Reaching safepoint: 1090458 ns, Cleanup: 79583 ns, At safepoint: 13959 ns, Total: 1184000 ns
[2025-06-05T06:36:28.882+0000][24.331s][debug][safepoint   ] Safepoint synchronization initiated using futex wait barrier. (175 threads)
[2025-06-05T06:36:28.884+0000][24.333s][info ][safepoint   ] Safepoint "Cleanup", Time since last: 1000954375 ns, Reaching safepoint: 1652625 ns, Cleanup: 86875 ns, At safepoint: 14333 ns, Total: 1753833 ns
[2025-06-05T06:36:29.885+0000][25.334s][debug][safepoint   ] Safepoint synchronization initiated using futex wait barrier. (174 threads)
[2025-06-05T06:36:29.885+0000][25.335s][info ][safepoint   ] Safepoint "Cleanup", Time since last: 1001167293 ns, Reaching safepoint: 130500 ns, Cleanup: 26083 ns, At safepoint: 12083 ns, Total: 168666 ns
[2025-06-05T06:36:30.043+0000][25.492s][debug][safepoint   ] Safepoint synchronization initiated using futex wait barrier. (174 threads)
[2025-06-05T06:36:30.043+0000][25.493s][info ][safepoint   ] Safepoint "ICBufferFull", Time since last: 157674667 ns, Reaching safepoint: 186125 ns, Cleanup: 145333 ns, At safepoint: 7375 ns, Total: 338833 ns
[2025-06-05T06:36:31.045+0000][26.495s][debug][safepoint   ] Safepoint synchronization initiated using futex wait barrier. (174 threads)
[2025-06-05T06:36:31.047+0000][26.496s][info ][safepoint   ] Safepoint "Cleanup", Time since last: 1001944417 ns, Reaching safepoint: 1096834 ns, Cleanup: 315541 ns, At safepoint: 13292 ns, Total: 1425667 ns
[2025-06-05T06:36:32.048+0000][27.497s][debug][safepoint   ] Safepoint synchronization initiated using futex wait barrier. (174 threads)
[2025-06-05T06:36:32.049+0000][27.498s][info ][safepoint   ] Safepoint "Cleanup", Time since last: 1001033584 ns, Reaching safepoint: 798333 ns, Cleanup: 71042 ns, At safepoint: 12083 ns, Total: 881458 ns
[2025-06-05T06:36:33.050+0000][28.500s][debug][safepoint   ] Safepoint synchronization initiated using futex wait barrier. (174 threads)
[2025-06-05T06:36:33.051+0000][28.501s][info ][safepoint   ] Safepoint "Cleanup", Time since last: 1001942167 ns, Reaching safepoint: 732125 ns, Cleanup: 80375 ns, At safepoint: 12709 ns, Total: 825209 ns
[2025-06-05T06:36:36.056+0000][31.505s][debug][safepoint   ] Safepoint synchronization initiated using futex wait barrier. (175 threads)
[2025-06-05T06:36:36.057+0000][31.506s][info ][safepoint   ] Safepoint "Cleanup", Time since last: 3004638168 ns, Reaching safepoint: 928333 ns, Cleanup: 96209 ns, At safepoint: 13583 ns, Total: 1038125 ns
[2025-06-05T06:36:40.065+0000][35.514s][debug][safepoint   ] Safepoint synchronization initiated using futex wait barrier. (175 threads)
[2025-06-05T06:36:40.065+0000][35.514s][info ][safepoint   ] Safepoint "Cleanup", Time since last: 4007882210 ns, Reaching safepoint: 260208 ns, Cleanup: 26292 ns, At safepoint: 3917 ns, Total: 290417 ns
[2025-06-05T06:36:50.075+0000][45.525s][debug][safepoint   ] Safepoint synchronization initiated using futex wait barrier. (175 threads)
[2025-06-05T06:36:50.076+0000][45.526s][info ][safepoint   ] Safepoint "Cleanup", Time since last: 10010955129 ns, Reaching safepoint: 759333 ns, Cleanup: 78000 ns, At safepoint: 10292 ns, Total: 847625 ns
[2025-06-05T06:36:51.079+0000][46.529s][debug][safepoint   ] Safepoint synchronization initiated using futex wait barrier. (175 threads)
[2025-06-05T06:36:51.080+0000][46.530s][info ][safepoint   ] Safepoint "Cleanup", Time since last: 1002324583 ns, Reaching safepoint: 1073084 ns, Cleanup: 79583 ns, At safepoint: 14167 ns, Total: 1166834 ns
[2025-06-05T06:36:52.082+0000][47.532s][debug][safepoint   ] Safepoint synchronization initiated using futex wait barrier. (175 threads)
[2025-06-05T06:36:52.083+0000][47.533s][info ][safepoint   ] Safepoint "Cleanup", Time since last: 1002003667 ns, Reaching safepoint: 974750 ns, Cleanup: 58958 ns, At safepoint: 21209 ns, Total: 1054917 ns
[2025-06-05T06:36:55.087+0000][50.537s][debug][safepoint   ] Safepoint synchronization initiated using futex wait barrier. (175 threads)
[2025-06-05T06:36:55.088+0000][50.538s][info ][safepoint   ] Safepoint "Cleanup", Time since last: 3004166918 ns, Reaching safepoint: 697666 ns, Cleanup: 65709 ns, At safepoint: 12166 ns, Total: 775541 ns
[2025-06-05T06:36:59.093+0000][54.543s][debug][safepoint   ] Safepoint synchronization initiated using futex wait barrier. (175 threads)
[2025-06-05T06:36:59.094+0000][54.544s][info ][safepoint   ] Safepoint "Cleanup", Time since last: 4004765836 ns, Reaching safepoint: 980833 ns, Cleanup: 43833 ns, At safepoint: 13375 ns, Total: 1038041 ns
[2025-06-05T06:37:04.471+0000][59.921s][debug][safepoint   ] Safepoint synchronization initiated using futex wait barrier. (175 threads)
[2025-06-05T06:37:04.473+0000][59.923s][info ][safepoint   ] Safepoint "Cleanup", Time since last: 5377740336 ns, Reaching safepoint: 1263333 ns, Cleanup: 24750 ns, At safepoint: 23167 ns, Total: 1311250 ns
[2025-06-05T06:37:04.618+0000][60.068s][debug][safepoint   ] Safepoint synchronization initiated using futex wait barrier. (175 threads)
[2025-06-05T06:37:04.618+0000][60.068s][info ][safepoint   ] Safepoint "ICBufferFull", Time since last: 145386500 ns, Reaching safepoint: 194708 ns, Cleanup: 85542 ns, At safepoint: 4417 ns, Total: 284667 ns
[2025-06-05T06:37:04.672+0000][60.122s][debug][safepoint   ] Safepoint synchronization initiated using futex wait barrier. (175 threads)
[2025-06-05T06:37:04.672+0000][60.122s][info ][safepoint   ] Safepoint "ICBufferFull", Time since last: 53416667 ns, Reaching safepoint: 204875 ns, Cleanup: 127041 ns, At safepoint: 2292 ns, Total: 334208 ns
[2025-06-05T06:37:04.735+0000][60.185s][debug][safepoint   ] Safepoint synchronization initiated using futex wait barrier. (180 threads)
[2025-06-05T06:37:04.735+0000][60.185s][info ][safepoint   ] Safepoint "ICBufferFull", Time since last: 62767208 ns, Reaching safepoint: 183750 ns, Cleanup: 100500 ns, At safepoint: 16084 ns, Total: 300334 ns
[2025-06-05T06:37:05.736+0000][61.186s][debug][safepoint   ] Safepoint synchronization initiated using futex wait barrier. (184 threads)
[2025-06-05T06:37:05.738+0000][61.188s][info ][safepoint   ] Safepoint "Cleanup", Time since last: 1001114292 ns, Reaching safepoint: 1080625 ns, Cleanup: 418208 ns, At safepoint: 19167 ns, Total: 1518000 ns
[2025-06-05T06:37:06.739+0000][62.189s][debug][safepoint   ] Safepoint synchronization initiated using futex wait barrier. (184 threads)
[2025-06-05T06:37:06.740+0000][62.190s][info ][safepoint   ] Safepoint "Cleanup", Time since last: 1001216084 ns, Reaching safepoint: 1133916 ns, Cleanup: 67000 ns, At safepoint: 16292 ns, Total: 1217208 ns
[2025-06-05T06:37:07.741+0000][63.191s][debug][safepoint   ] Safepoint synchronization initiated using futex wait barrier. (184 threads)
[2025-06-05T06:37:07.742+0000][63.192s][info ][safepoint   ] Safepoint "Cleanup", Time since last: 1001203292 ns, Reaching safepoint: 172542 ns, Cleanup: 24666 ns, At safepoint: 3000 ns, Total: 200208 ns
[2025-06-05T06:37:08.743+0000][64.193s][debug][safepoint   ] Safepoint synchronization initiated using futex wait barrier. (184 threads)
[2025-06-05T06:37:08.744+0000][64.194s][info ][safepoint   ] Safepoint "Cleanup", Time since last: 1001432626 ns, Reaching safepoint: 1002083 ns, Cleanup: 60042 ns, At safepoint: 14666 ns, Total: 1076791 ns
[2025-06-05T06:37:13.753+0000][69.203s][debug][safepoint   ] Safepoint synchronization initiated using futex wait barrier. (183 threads)
[2025-06-05T06:37:13.753+0000][69.203s][info ][safepoint   ] Safepoint "Cleanup", Time since last: 5008843211 ns, Reaching safepoint: 378584 ns, Cleanup: 22500 ns, At safepoint: 37208 ns, Total: 438292 ns
[2025-06-05T06:37:15.757+0000][71.206s][debug][safepoint   ] Safepoint synchronization initiated using futex wait barrier. (183 threads)
[2025-06-05T06:37:15.757+0000][71.207s][info ][safepoint   ] Safepoint "Cleanup", Time since last: 2003119876 ns, Reaching safepoint: 435000 ns, Cleanup: 37958 ns, At safepoint: 6625 ns, Total: 479583 ns
[2025-06-05T06:37:18.762+0000][74.212s][debug][safepoint   ] Safepoint synchronization initiated using futex wait barrier. (183 threads)
[2025-06-05T06:37:18.763+0000][74.213s][info ][safepoint   ] Safepoint "Cleanup", Time since last: 3005102418 ns, Reaching safepoint: 1249959 ns, Cleanup: 117500 ns, At safepoint: 17791 ns, Total: 1385250 ns
[2025-06-05T06:37:23.769+0000][79.219s][debug][safepoint   ] Safepoint synchronization initiated using futex wait barrier. (183 threads)
[2025-06-05T06:37:23.770+0000][79.220s][info ][safepoint   ] Safepoint "Cleanup", Time since last: 5005934377 ns, Reaching safepoint: 155625 ns, Cleanup: 88709 ns, At safepoint: 2041 ns, Total: 246375 ns
[2025-06-05T06:37:24.771+0000][80.221s][debug][safepoint   ] Safepoint synchronization initiated using futex wait barrier. (175 threads)
[2025-06-05T06:37:24.773+0000][80.223s][info ][safepoint   ] Safepoint "Cleanup", Time since last: 1001014084 ns, Reaching safepoint: 2056167 ns, Cleanup: 117458 ns, At safepoint: 12125 ns, Total: 2185750 ns
[2025-06-05T06:37:26.774+0000][82.224s][debug][safepoint   ] Safepoint synchronization initiated using futex wait barrier. (174 threads)
[2025-06-05T06:37:26.775+0000][82.225s][info ][safepoint   ] Safepoint "Cleanup", Time since last: 2000892084 ns, Reaching safepoint: 1343834 ns, Cleanup: 41833 ns, At safepoint: 11333 ns, Total: 1397000 ns
[2025-06-05T06:37:29.781+0000][85.230s][debug][safepoint   ] Safepoint synchronization initiated using futex wait barrier. (174 threads)
[2025-06-05T06:37:29.781+0000][85.231s][info ][safepoint   ] Safepoint "Cleanup", Time since last: 3005280502 ns, Reaching safepoint: 379875 ns, Cleanup: 22792 ns, At safepoint: 6083 ns, Total: 408750 ns
[2025-06-05T06:37:35.790+0000][91.239s][debug][safepoint   ] Safepoint synchronization initiated using futex wait barrier. (174 threads)
[2025-06-05T06:37:35.791+0000][91.241s][info ][safepoint   ] Safepoint "Cleanup", Time since last: 6008609211 ns, Reaching safepoint: 1185125 ns, Cleanup: 71167 ns, At safepoint: 16375 ns, Total: 1272667 ns
[2025-06-05T06:37:36.794+0000][92.244s][debug][safepoint   ] Safepoint synchronization initiated using futex wait barrier. (174 threads)
[2025-06-05T06:37:36.797+0000][92.247s][info ][safepoint   ] Safepoint "Cleanup", Time since last: 1003445792 ns, Reaching safepoint: 2968292 ns, Cleanup: 61166 ns, At safepoint: 17167 ns, Total: 3046625 ns
[2025-06-05T06:37:40.806+0000][96.256s][debug][safepoint   ] Safepoint synchronization initiated using futex wait barrier. (174 threads)
[2025-06-05T06:37:40.807+0000][96.257s][info ][safepoint   ] Safepoint "Cleanup", Time since last: 4008666710 ns, Reaching safepoint: 961708 ns, Cleanup: 111709 ns, At safepoint: 14166 ns, Total: 1087583 ns
[2025-06-05T06:37:43.811+0000][99.260s][debug][safepoint   ] Safepoint synchronization initiated using futex wait barrier. (174 threads)
[2025-06-05T06:37:43.811+0000][99.261s][info ][safepoint   ] Safepoint "Cleanup", Time since last: 3003516544 ns, Reaching safepoint: 613125 ns, Cleanup: 31708 ns, At safepoint: 9542 ns, Total: 654375 ns
[2025-06-05T06:37:51.828+0000][107.278s][debug][safepoint   ] Safepoint synchronization initiated using futex wait barrier. (174 threads)
[2025-06-05T06:37:51.831+0000][107.281s][info ][safepoint   ] Safepoint "Cleanup", Time since last: 8016982586 ns, Reaching safepoint: 2361708 ns, Cleanup: 61750 ns, At safepoint: 8333 ns, Total: 2431791 ns
[2025-06-05T06:37:52.832+0000][108.282s][debug][safepoint   ] Safepoint synchronization initiated using futex wait barrier. (174 threads)
[2025-06-05T06:37:52.833+0000][108.282s][info ][safepoint   ] Safepoint "Cleanup", Time since last: 1001355668 ns, Reaching safepoint: 401583 ns, Cleanup: 26208 ns, At safepoint: 6542 ns, Total: 434333 ns
[2025-06-05T06:38:10.586+0000][126.036s][debug][safepoint   ] Safepoint synchronization initiated using futex wait barrier. (172 threads)
[2025-06-05T06:38:10.586+0000][126.036s][info ][safepoint   ] Safepoint "Cleanup", Time since last: 17753158550 ns, Reaching safepoint: 700042 ns, Cleanup: 110583 ns, At safepoint: 13583 ns, Total: 824208 ns
[2025-06-05T06:38:14.591+0000][130.040s][debug][safepoint   ] Safepoint synchronization initiated using futex wait barrier. (172 threads)
[2025-06-05T06:38:14.591+0000][130.041s][info ][safepoint   ] Safepoint "Cleanup", Time since last: 4004001377 ns, Reaching safepoint: 380292 ns, Cleanup: 26708 ns, At safepoint: 6167 ns, Total: 413167 ns
[2025-06-05T06:38:26.594+0000][142.058s][debug][safepoint   ] Safepoint synchronization initiated using futex wait barrier. (169 threads)
[2025-06-05T06:38:26.596+0000][142.060s][info ][safepoint   ] Safepoint "Cleanup", Time since last: 12017084588 ns, Reaching safepoint: 1653500 ns, Cleanup: 59709 ns, At safepoint: 39583 ns, Total: 1752792 ns
[2025-06-05T06:38:27.597+0000][143.061s][debug][safepoint   ] Safepoint synchronization initiated using futex wait barrier. (169 threads)
[2025-06-05T06:38:27.598+0000][143.061s][info ][safepoint   ] Safepoint "Cleanup", Time since last: 1000957375 ns, Reaching safepoint: 623500 ns, Cleanup: 35417 ns, At safepoint: 10750 ns, Total: 669667 ns
[2025-06-05T06:38:32.606+0000][148.070s][debug][safepoint   ] Safepoint synchronization initiated using futex wait barrier. (169 threads)
[2025-06-05T06:38:32.607+0000][148.071s][info ][safepoint   ] Safepoint "Cleanup", Time since last: 5008430419 ns, Reaching safepoint: 1039959 ns, Cleanup: 49333 ns, At safepoint: 11583 ns, Total: 1100875 ns
[2025-06-05T06:38:45.624+0000][161.088s][debug][safepoint   ] Safepoint synchronization initiated using futex wait barrier. (169 threads)
[2025-06-05T06:38:45.625+0000][161.088s][info ][safepoint   ] Safepoint "Cleanup", Time since last: 13016794590 ns, Reaching safepoint: 771083 ns, Cleanup: 111458 ns, At safepoint: 12334 ns, Total: 894875 ns
