[2025-06-06T19:00:40.381+0000][0.003s][info][gc] Using G1
[2025-06-06T19:00:40.382+0000][0.004s][info][gc,init] Version: 17.0.12+7-Debian-2deb12u1 (release)
[2025-06-06T19:00:40.382+0000][0.004s][info][gc,init] CPUs: 10 total, 2 available
[2025-06-06T19:00:40.382+0000][0.005s][info][gc,init] Memory: 4096M
[2025-06-06T19:00:40.382+0000][0.005s][info][gc,init] Large Page Support: Disabled
[2025-06-06T19:00:40.382+0000][0.005s][info][gc,init] NUMA Support: Disabled
[2025-06-06T19:00:40.382+0000][0.005s][info][gc,init] Compressed Oops: Enabled (32-bit)
[2025-06-06T19:00:40.382+0000][0.005s][info][gc,init] Heap Region Size: 1M
[2025-06-06T19:00:40.382+0000][0.005s][info][gc,init] Heap Min Capacity: 8M
[2025-06-06T19:00:40.382+0000][0.005s][info][gc,init] Heap Initial Capacity: 64M
[2025-06-06T19:00:40.382+0000][0.005s][info][gc,init] Heap Max Capacity: 1G
[2025-06-06T19:00:40.382+0000][0.005s][info][gc,init] Pre-touch: Disabled
[2025-06-06T19:00:40.382+0000][0.005s][info][gc,init] Parallel Workers: 2
[2025-06-06T19:00:40.382+0000][0.005s][info][gc,init] Concurrent Workers: 1
[2025-06-06T19:00:40.382+0000][0.005s][info][gc,init] Concurrent Refinement Workers: 2
[2025-06-06T19:00:40.382+0000][0.005s][info][gc,init] Periodic GC: Disabled
[2025-06-06T19:00:40.389+0000][0.012s][info][gc,metaspace] CDS archive(s) mapped at: [0x000000b800000000-0x000000b800be0000-0x000000b800be0000), size 12451840, SharedBaseAddress: 0x000000b800000000, ArchiveRelocationMode: 1.
[2025-06-06T19:00:40.389+0000][0.012s][info][gc,metaspace] Compressed class space mapped at: 0x000000b801000000-0x000000b841000000, reserved size: 1073741824
[2025-06-06T19:00:40.389+0000][0.012s][info][gc,metaspace] Narrow klass base: 0x000000b800000000, Narrow klass shift: 0, Narrow klass range: 0x100000000
[2025-06-06T19:00:40.392+0000][0.015s][info][cds,heap    ] initialize_from_archived_subgraph java.lang.Module$ArchivedData 0x000000b800182380 (early)
[2025-06-06T19:00:40.393+0000][0.016s][info][cds,heap    ] initialize_from_archived_subgraph java.util.ImmutableCollections 0x000000b800070cd8 (early)
[2025-06-06T19:00:40.394+0000][0.017s][info][cds,heap    ] initialize_from_archived_subgraph java.lang.Integer$IntegerCache 0x000000b800036060 (early)
[2025-06-06T19:00:40.396+0000][0.019s][info][cds,heap    ] initialize_from_archived_subgraph java.lang.module.Configuration 0x000000b800170300 (early)
[2025-06-06T19:00:40.396+0000][0.019s][info][cds,heap    ] initialize_from_archived_subgraph java.lang.ModuleLayer 0x000000b800144c50 (early)
[2025-06-06T19:00:40.397+0000][0.019s][info][cds,heap    ] initialize_from_archived_subgraph jdk.internal.loader.ArchivedClassLoaders 0x000000b8001ab770 (early)
[2025-06-06T19:00:40.397+0000][0.020s][info][cds,heap    ] initialize_from_archived_subgraph jdk.internal.module.ArchivedBootLayer 0x000000b800176f40 (early)
[2025-06-06T19:00:40.398+0000][0.021s][info][cds,heap    ] initialize_from_archived_subgraph sun.util.locale.BaseLocale 0x000000b80026c120
[2025-06-06T19:00:40.402+0000][0.025s][info][cds,heap    ] initialize_from_archived_subgraph java.util.jar.Attributes$Name 0x000000b80019d1e8
[2025-06-06T19:00:40.414+0000][0.037s][info][cds,heap    ] initialize_from_archived_subgraph java.lang.Long$LongCache 0x000000b80001f998
[2025-06-06T19:00:40.454+0000][0.076s][info][cds,heap    ] initialize_from_archived_subgraph java.lang.Character$CharacterCache 0x000000b8000393e8
[2025-06-06T19:00:40.494+0000][0.117s][debug][safepoint   ] Safepoint synchronization initiated using futex wait barrier. (12 threads)
[2025-06-06T19:00:40.495+0000][0.117s][info ][safepoint   ] Safepoint "ICBufferFull", Time since last: 102179958 ns, Reaching safepoint: 186459 ns, Cleanup: 117208 ns, At safepoint: 5167 ns, Total: 308834 ns
[2025-06-06T19:00:40.532+0000][0.155s][debug][safepoint   ] Safepoint synchronization initiated using futex wait barrier. (12 threads)
[2025-06-06T19:00:40.532+0000][0.155s][info ][gc,start    ] GC(0) Pause Young (Normal) (G1 Evacuation Pause)
[2025-06-06T19:00:40.533+0000][0.155s][info ][gc,task     ] GC(0) Using 2 workers of 2 for evacuation
[2025-06-06T19:00:40.536+0000][0.159s][info ][gc,phases   ] GC(0)   Pre Evacuate Collection Set: 0.1ms
[2025-06-06T19:00:40.536+0000][0.159s][info ][gc,phases   ] GC(0)   Merge Heap Roots: 0.1ms
[2025-06-06T19:00:40.536+0000][0.159s][info ][gc,phases   ] GC(0)   Evacuate Collection Set: 2.5ms
[2025-06-06T19:00:40.536+0000][0.159s][info ][gc,phases   ] GC(0)   Post Evacuate Collection Set: 0.3ms
[2025-06-06T19:00:40.536+0000][0.159s][info ][gc,phases   ] GC(0)   Other: 0.4ms
[2025-06-06T19:00:40.536+0000][0.159s][info ][gc,heap     ] GC(0) Eden regions: 18->0(22)
[2025-06-06T19:00:40.536+0000][0.159s][info ][gc,heap     ] GC(0) Survivor regions: 0->3(3)
[2025-06-06T19:00:40.536+0000][0.159s][info ][gc,heap     ] GC(0) Old regions: 0->1
[2025-06-06T19:00:40.536+0000][0.159s][info ][gc,heap     ] GC(0) Archive regions: 2->2
[2025-06-06T19:00:40.536+0000][0.159s][info ][gc,heap     ] GC(0) Humongous regions: 0->0
[2025-06-06T19:00:40.536+0000][0.159s][info ][gc,metaspace] GC(0) Metaspace: 1966K(2176K)->1966K(2176K) NonClass: 1761K(1856K)->1761K(1856K) Class: 205K(320K)->205K(320K)
[2025-06-06T19:00:40.536+0000][0.159s][info ][gc          ] GC(0) Pause Young (Normal) (G1 Evacuation Pause) 18M->4M(66M) 3.943ms
[2025-06-06T19:00:40.536+0000][0.159s][info ][gc,cpu      ] GC(0) User=0.00s Sys=0.00s Real=0.01s
[2025-06-06T19:00:40.536+0000][0.159s][info ][safepoint   ] Safepoint "G1CollectForAllocation", Time since last: 37601291 ns, Reaching safepoint: 169209 ns, Cleanup: 39791 ns, At safepoint: 4052334 ns, Total: 4261334 ns
[2025-06-06T19:00:40.620+0000][0.243s][debug][safepoint   ] Safepoint synchronization initiated using futex wait barrier. (12 threads)
[2025-06-06T19:00:40.621+0000][0.243s][info ][gc,start    ] GC(1) Pause Young (Normal) (G1 Evacuation Pause)
[2025-06-06T19:00:40.621+0000][0.243s][info ][gc,task     ] GC(1) Using 2 workers of 2 for evacuation
[2025-06-06T19:00:40.625+0000][0.247s][info ][gc,phases   ] GC(1)   Pre Evacuate Collection Set: 0.1ms
[2025-06-06T19:00:40.625+0000][0.248s][info ][gc,phases   ] GC(1)   Merge Heap Roots: 0.1ms
[2025-06-06T19:00:40.625+0000][0.248s][info ][gc,phases   ] GC(1)   Evacuate Collection Set: 3.2ms
[2025-06-06T19:00:40.625+0000][0.248s][info ][gc,phases   ] GC(1)   Post Evacuate Collection Set: 0.5ms
[2025-06-06T19:00:40.625+0000][0.248s][info ][gc,phases   ] GC(1)   Other: 0.1ms
[2025-06-06T19:00:40.625+0000][0.248s][info ][gc,heap     ] GC(1) Eden regions: 22->0(32)
[2025-06-06T19:00:40.625+0000][0.248s][info ][gc,heap     ] GC(1) Survivor regions: 3->4(4)
[2025-06-06T19:00:40.625+0000][0.248s][info ][gc,heap     ] GC(1) Old regions: 1->4
[2025-06-06T19:00:40.625+0000][0.248s][info ][gc,heap     ] GC(1) Archive regions: 2->2
[2025-06-06T19:00:40.625+0000][0.248s][info ][gc,heap     ] GC(1) Humongous regions: 0->0
[2025-06-06T19:00:40.625+0000][0.248s][info ][gc,metaspace] GC(1) Metaspace: 2112K(2368K)->2112K(2368K) NonClass: 1906K(2048K)->1906K(2048K) Class: 206K(320K)->206K(320K)
[2025-06-06T19:00:40.625+0000][0.248s][info ][gc          ] GC(1) Pause Young (Normal) (G1 Evacuation Pause) 26M->7M(66M) 4.497ms
[2025-06-06T19:00:40.625+0000][0.248s][info ][gc,cpu      ] GC(1) User=0.01s Sys=0.01s Real=0.00s
[2025-06-06T19:00:40.625+0000][0.248s][info ][safepoint   ] Safepoint "G1CollectForAllocation", Time since last: 83882208 ns, Reaching safepoint: 173208 ns, Cleanup: 33709 ns, At safepoint: 4591291 ns, Total: 4798208 ns
[2025-06-06T19:00:40.796+0000][0.419s][debug][safepoint   ] Safepoint synchronization initiated using futex wait barrier. (12 threads)
[2025-06-06T19:00:40.797+0000][0.420s][info ][gc,start    ] GC(2) Pause Young (Normal) (G1 Evacuation Pause)
[2025-06-06T19:00:40.797+0000][0.420s][info ][gc,task     ] GC(2) Using 2 workers of 2 for evacuation
[2025-06-06T19:00:40.800+0000][0.423s][info ][gc,phases   ] GC(2)   Pre Evacuate Collection Set: 0.1ms
[2025-06-06T19:00:40.800+0000][0.423s][info ][gc,phases   ] GC(2)   Merge Heap Roots: 0.1ms
[2025-06-06T19:00:40.800+0000][0.423s][info ][gc,phases   ] GC(2)   Evacuate Collection Set: 2.5ms
[2025-06-06T19:00:40.800+0000][0.423s][info ][gc,phases   ] GC(2)   Post Evacuate Collection Set: 0.4ms
[2025-06-06T19:00:40.800+0000][0.423s][info ][gc,phases   ] GC(2)   Other: 0.1ms
[2025-06-06T19:00:40.800+0000][0.423s][info ][gc,heap     ] GC(2) Eden regions: 32->0(30)
[2025-06-06T19:00:40.800+0000][0.423s][info ][gc,heap     ] GC(2) Survivor regions: 4->3(5)
[2025-06-06T19:00:40.800+0000][0.423s][info ][gc,heap     ] GC(2) Old regions: 4->7
[2025-06-06T19:00:40.800+0000][0.423s][info ][gc,heap     ] GC(2) Archive regions: 2->2
[2025-06-06T19:00:40.800+0000][0.423s][info ][gc,heap     ] GC(2) Humongous regions: 0->0
[2025-06-06T19:00:40.801+0000][0.423s][info ][gc,metaspace] GC(2) Metaspace: 3083K(3328K)->3083K(3328K) NonClass: 2785K(2880K)->2785K(2880K) Class: 297K(448K)->297K(448K)
[2025-06-06T19:00:40.801+0000][0.423s][info ][gc          ] GC(2) Pause Young (Normal) (G1 Evacuation Pause) 39M->10M(66M) 3.825ms
[2025-06-06T19:00:40.801+0000][0.423s][info ][gc,cpu      ] GC(2) User=0.00s Sys=0.00s Real=0.00s
[2025-06-06T19:00:40.801+0000][0.424s][info ][safepoint   ] Safepoint "G1CollectForAllocation", Time since last: 171322625 ns, Reaching safepoint: 187750 ns, Cleanup: 85750 ns, At safepoint: 3939625 ns, Total: 4213125 ns
[2025-06-06T19:00:40.899+0000][0.522s][debug][safepoint   ] Safepoint synchronization initiated using futex wait barrier. (12 threads)
[2025-06-06T19:00:40.899+0000][0.522s][info ][gc,start    ] GC(3) Pause Young (Normal) (G1 Evacuation Pause)
[2025-06-06T19:00:40.899+0000][0.522s][info ][gc,task     ] GC(3) Using 2 workers of 2 for evacuation
[2025-06-06T19:00:40.902+0000][0.524s][info ][gc,phases   ] GC(3)   Pre Evacuate Collection Set: 0.1ms
[2025-06-06T19:00:40.902+0000][0.525s][info ][gc,phases   ] GC(3)   Merge Heap Roots: 0.0ms
[2025-06-06T19:00:40.902+0000][0.525s][info ][gc,phases   ] GC(3)   Evacuate Collection Set: 1.5ms
[2025-06-06T19:00:40.902+0000][0.525s][info ][gc,phases   ] GC(3)   Post Evacuate Collection Set: 0.4ms
[2025-06-06T19:00:40.902+0000][0.525s][info ][gc,phases   ] GC(3)   Other: 0.2ms
[2025-06-06T19:00:40.902+0000][0.525s][info ][gc,heap     ] GC(3) Eden regions: 30->0(32)
[2025-06-06T19:00:40.902+0000][0.525s][info ][gc,heap     ] GC(3) Survivor regions: 3->4(5)
[2025-06-06T19:00:40.902+0000][0.525s][info ][gc,heap     ] GC(3) Old regions: 7->7
[2025-06-06T19:00:40.902+0000][0.525s][info ][gc,heap     ] GC(3) Archive regions: 2->2
[2025-06-06T19:00:40.902+0000][0.525s][info ][gc,heap     ] GC(3) Humongous regions: 0->0
[2025-06-06T19:00:40.902+0000][0.525s][info ][gc,metaspace] GC(3) Metaspace: 4580K(4800K)->4580K(4800K) NonClass: 4064K(4160K)->4064K(4160K) Class: 516K(640K)->516K(640K)
[2025-06-06T19:00:40.902+0000][0.525s][info ][gc          ] GC(3) Pause Young (Normal) (G1 Evacuation Pause) 40M->11M(66M) 2.731ms
[2025-06-06T19:00:40.902+0000][0.525s][info ][gc,cpu      ] GC(3) User=0.00s Sys=0.00s Real=0.00s
[2025-06-06T19:00:40.902+0000][0.525s][info ][safepoint   ] Safepoint "G1CollectForAllocation", Time since last: 98444417 ns, Reaching safepoint: 184792 ns, Cleanup: 81125 ns, At safepoint: 2835291 ns, Total: 3101208 ns
[2025-06-06T19:00:41.000+0000][0.622s][debug][safepoint   ] Safepoint synchronization initiated using futex wait barrier. (13 threads)
[2025-06-06T19:00:41.000+0000][0.623s][info ][gc,start    ] GC(4) Pause Young (Normal) (G1 Evacuation Pause)
[2025-06-06T19:00:41.000+0000][0.623s][info ][gc,task     ] GC(4) Using 2 workers of 2 for evacuation
[2025-06-06T19:00:41.003+0000][0.626s][info ][gc,phases   ] GC(4)   Pre Evacuate Collection Set: 0.1ms
[2025-06-06T19:00:41.003+0000][0.626s][info ][gc,phases   ] GC(4)   Merge Heap Roots: 0.1ms
[2025-06-06T19:00:41.003+0000][0.626s][info ][gc,phases   ] GC(4)   Evacuate Collection Set: 2.3ms
[2025-06-06T19:00:41.003+0000][0.626s][info ][gc,phases   ] GC(4)   Post Evacuate Collection Set: 0.4ms
[2025-06-06T19:00:41.003+0000][0.626s][info ][gc,phases   ] GC(4)   Other: 0.2ms
[2025-06-06T19:00:41.003+0000][0.626s][info ][gc,heap     ] GC(4) Eden regions: 32->0(43)
[2025-06-06T19:00:41.003+0000][0.626s][info ][gc,heap     ] GC(4) Survivor regions: 4->2(5)
[2025-06-06T19:00:41.003+0000][0.626s][info ][gc,heap     ] GC(4) Old regions: 7->10
[2025-06-06T19:00:41.003+0000][0.626s][info ][gc,heap     ] GC(4) Archive regions: 2->2
[2025-06-06T19:00:41.003+0000][0.626s][info ][gc,heap     ] GC(4) Humongous regions: 0->0
[2025-06-06T19:00:41.003+0000][0.626s][info ][gc,metaspace] GC(4) Metaspace: 5753K(6016K)->5753K(6016K) NonClass: 5047K(5184K)->5047K(5184K) Class: 706K(832K)->706K(832K)
[2025-06-06T19:00:41.003+0000][0.626s][info ][gc          ] GC(4) Pause Young (Normal) (G1 Evacuation Pause) 43M->11M(80M) 3.614ms
[2025-06-06T19:00:41.004+0000][0.626s][info ][gc,cpu      ] GC(4) User=0.00s Sys=0.00s Real=0.00s
[2025-06-06T19:00:41.004+0000][0.626s][info ][safepoint   ] Safepoint "G1CollectForAllocation", Time since last: 97359167 ns, Reaching safepoint: 173000 ns, Cleanup: 117667 ns, At safepoint: 3720041 ns, Total: 4010708 ns
[2025-06-06T19:00:41.153+0000][0.776s][debug][safepoint   ] Safepoint synchronization initiated using futex wait barrier. (13 threads)
[2025-06-06T19:00:41.153+0000][0.776s][info ][safepoint   ] Safepoint "ICBufferFull", Time since last: 149121792 ns, Reaching safepoint: 172917 ns, Cleanup: 58375 ns, At safepoint: 1333 ns, Total: 232625 ns
[2025-06-06T19:00:41.212+0000][0.835s][debug][safepoint   ] Safepoint synchronization initiated using futex wait barrier. (13 threads)
[2025-06-06T19:00:41.212+0000][0.835s][info ][gc,start    ] GC(5) Pause Young (Normal) (G1 Evacuation Pause)
[2025-06-06T19:00:41.212+0000][0.835s][info ][gc,task     ] GC(5) Using 2 workers of 2 for evacuation
[2025-06-06T19:00:41.214+0000][0.837s][info ][gc,phases   ] GC(5)   Pre Evacuate Collection Set: 0.1ms
[2025-06-06T19:00:41.214+0000][0.837s][info ][gc,phases   ] GC(5)   Merge Heap Roots: 0.1ms
[2025-06-06T19:00:41.214+0000][0.837s][info ][gc,phases   ] GC(5)   Evacuate Collection Set: 1.7ms
[2025-06-06T19:00:41.214+0000][0.837s][info ][gc,phases   ] GC(5)   Post Evacuate Collection Set: 0.3ms
[2025-06-06T19:00:41.214+0000][0.837s][info ][gc,phases   ] GC(5)   Other: 0.2ms
[2025-06-06T19:00:41.214+0000][0.837s][info ][gc,heap     ] GC(5) Eden regions: 43->0(45)
[2025-06-06T19:00:41.214+0000][0.837s][info ][gc,heap     ] GC(5) Survivor regions: 2->3(6)
[2025-06-06T19:00:41.215+0000][0.837s][info ][gc,heap     ] GC(5) Old regions: 10->10
[2025-06-06T19:00:41.215+0000][0.837s][info ][gc,heap     ] GC(5) Archive regions: 2->2
[2025-06-06T19:00:41.215+0000][0.837s][info ][gc,heap     ] GC(5) Humongous regions: 0->0
[2025-06-06T19:00:41.215+0000][0.837s][info ][gc,metaspace] GC(5) Metaspace: 7706K(8000K)->7706K(8000K) NonClass: 6753K(6912K)->6753K(6912K) Class: 953K(1088K)->953K(1088K)
[2025-06-06T19:00:41.215+0000][0.838s][info ][gc          ] GC(5) Pause Young (Normal) (G1 Evacuation Pause) 54M->12M(80M) 2.772ms
[2025-06-06T19:00:41.215+0000][0.838s][info ][gc,cpu      ] GC(5) User=0.01s Sys=0.00s Real=0.00s
[2025-06-06T19:00:41.215+0000][0.838s][info ][safepoint   ] Safepoint "G1CollectForAllocation", Time since last: 58747459 ns, Reaching safepoint: 172000 ns, Cleanup: 31041 ns, At safepoint: 2871125 ns, Total: 3074166 ns
[2025-06-06T19:00:41.358+0000][0.981s][debug][safepoint   ] Safepoint synchronization initiated using futex wait barrier. (13 threads)
[2025-06-06T19:00:41.359+0000][0.981s][info ][gc,start    ] GC(6) Pause Young (Normal) (G1 Evacuation Pause)
[2025-06-06T19:00:41.359+0000][0.982s][info ][gc,task     ] GC(6) Using 2 workers of 2 for evacuation
[2025-06-06T19:00:41.362+0000][0.984s][info ][gc,phases   ] GC(6)   Pre Evacuate Collection Set: 0.1ms
[2025-06-06T19:00:41.362+0000][0.985s][info ][gc,phases   ] GC(6)   Merge Heap Roots: 0.1ms
[2025-06-06T19:00:41.362+0000][0.985s][info ][gc,phases   ] GC(6)   Evacuate Collection Set: 2.3ms
[2025-06-06T19:00:41.362+0000][0.985s][info ][gc,phases   ] GC(6)   Post Evacuate Collection Set: 0.4ms
[2025-06-06T19:00:41.362+0000][0.985s][info ][gc,phases   ] GC(6)   Other: 0.2ms
[2025-06-06T19:00:41.362+0000][0.985s][info ][gc,heap     ] GC(6) Eden regions: 45->0(45)
[2025-06-06T19:00:41.362+0000][0.985s][info ][gc,heap     ] GC(6) Survivor regions: 3->3(6)
[2025-06-06T19:00:41.362+0000][0.985s][info ][gc,heap     ] GC(6) Old regions: 10->10
[2025-06-06T19:00:41.362+0000][0.985s][info ][gc,heap     ] GC(6) Archive regions: 2->2
[2025-06-06T19:00:41.362+0000][0.985s][info ][gc,heap     ] GC(6) Humongous regions: 0->0
[2025-06-06T19:00:41.362+0000][0.985s][info ][gc,metaspace] GC(6) Metaspace: 10160K(10496K)->10160K(10496K) NonClass: 8852K(9024K)->8852K(9024K) Class: 1308K(1472K)->1308K(1472K)
[2025-06-06T19:00:41.362+0000][0.985s][info ][gc          ] GC(6) Pause Young (Normal) (G1 Evacuation Pause) 57M->13M(80M) 3.557ms
[2025-06-06T19:00:41.362+0000][0.985s][info ][gc,cpu      ] GC(6) User=0.01s Sys=0.00s Real=0.00s
[2025-06-06T19:00:41.362+0000][0.985s][info ][safepoint   ] Safepoint "G1CollectForAllocation", Time since last: 143574917 ns, Reaching safepoint: 173250 ns, Cleanup: 65625 ns, At safepoint: 3652417 ns, Total: 3891292 ns
[2025-06-06T19:00:41.477+0000][1.100s][debug][safepoint   ] Safepoint synchronization initiated using futex wait barrier. (13 threads)
[2025-06-06T19:00:41.478+0000][1.100s][info ][gc,start    ] GC(7) Pause Young (Normal) (G1 Evacuation Pause)
[2025-06-06T19:00:41.478+0000][1.101s][info ][gc,task     ] GC(7) Using 2 workers of 2 for evacuation
[2025-06-06T19:00:41.481+0000][1.103s][info ][gc,phases   ] GC(7)   Pre Evacuate Collection Set: 0.1ms
[2025-06-06T19:00:41.481+0000][1.104s][info ][gc,phases   ] GC(7)   Merge Heap Roots: 0.0ms
[2025-06-06T19:00:41.481+0000][1.104s][info ][gc,phases   ] GC(7)   Evacuate Collection Set: 2.3ms
[2025-06-06T19:00:41.481+0000][1.104s][info ][gc,phases   ] GC(7)   Post Evacuate Collection Set: 0.4ms
[2025-06-06T19:00:41.481+0000][1.104s][info ][gc,phases   ] GC(7)   Other: 0.2ms
[2025-06-06T19:00:41.481+0000][1.104s][info ][gc,heap     ] GC(7) Eden regions: 45->0(44)
[2025-06-06T19:00:41.481+0000][1.104s][info ][gc,heap     ] GC(7) Survivor regions: 3->4(6)
[2025-06-06T19:00:41.481+0000][1.104s][info ][gc,heap     ] GC(7) Old regions: 10->10
[2025-06-06T19:00:41.481+0000][1.104s][info ][gc,heap     ] GC(7) Archive regions: 2->2
[2025-06-06T19:00:41.481+0000][1.104s][info ][gc,heap     ] GC(7) Humongous regions: 0->0
[2025-06-06T19:00:41.481+0000][1.104s][info ][gc,metaspace] GC(7) Metaspace: 11213K(11456K)->11213K(11456K) NonClass: 9749K(9856K)->9749K(9856K) Class: 1463K(1600K)->1463K(1600K)
[2025-06-06T19:00:41.481+0000][1.104s][info ][gc          ] GC(7) Pause Young (Normal) (G1 Evacuation Pause) 58M->13M(80M) 3.439ms
[2025-06-06T19:00:41.481+0000][1.104s][info ][gc,cpu      ] GC(7) User=0.01s Sys=0.00s Real=0.00s
[2025-06-06T19:00:41.481+0000][1.104s][info ][safepoint   ] Safepoint "G1CollectForAllocation", Time since last: 115108708 ns, Reaching safepoint: 181583 ns, Cleanup: 41417 ns, At safepoint: 3531375 ns, Total: 3754375 ns
[2025-06-06T19:00:41.522+0000][1.145s][debug][safepoint   ] Safepoint synchronization initiated using futex wait barrier. (13 threads)
[2025-06-06T19:00:41.522+0000][1.145s][info ][safepoint   ] Safepoint "ICBufferFull", Time since last: 40828667 ns, Reaching safepoint: 179375 ns, Cleanup: 48875 ns, At safepoint: 4625 ns, Total: 232875 ns
[2025-06-06T19:00:41.577+0000][1.200s][debug][safepoint   ] Safepoint synchronization initiated using futex wait barrier. (13 threads)
[2025-06-06T19:00:41.577+0000][1.200s][info ][safepoint   ] Safepoint "ICBufferFull", Time since last: 54964250 ns, Reaching safepoint: 170250 ns, Cleanup: 88375 ns, At safepoint: 5083 ns, Total: 263708 ns
[2025-06-06T19:00:41.578+0000][1.200s][debug][safepoint   ] Safepoint synchronization initiated using futex wait barrier. (13 threads)
[2025-06-06T19:00:41.579+0000][1.201s][info ][safepoint   ] Safepoint "ICBufferFull", Time since last: 137167 ns, Reaching safepoint: 988250 ns, Cleanup: 30500 ns, At safepoint: 7291 ns, Total: 1026041 ns
[2025-06-06T19:00:41.589+0000][1.212s][debug][safepoint   ] Safepoint synchronization initiated using futex wait barrier. (13 threads)
[2025-06-06T19:00:41.589+0000][1.212s][info ][safepoint   ] Safepoint "ICBufferFull", Time since last: 10539459 ns, Reaching safepoint: 303750 ns, Cleanup: 110041 ns, At safepoint: 9000 ns, Total: 422791 ns
[2025-06-06T19:00:41.675+0000][1.298s][debug][safepoint   ] Safepoint synchronization initiated using futex wait barrier. (14 threads)
[2025-06-06T19:00:41.676+0000][1.299s][info ][safepoint   ] Safepoint "ICBufferFull", Time since last: 85883209 ns, Reaching safepoint: 957750 ns, Cleanup: 81375 ns, At safepoint: 5375 ns, Total: 1044500 ns
[2025-06-06T19:00:41.686+0000][1.309s][debug][safepoint   ] Safepoint synchronization initiated using futex wait barrier. (14 threads)
[2025-06-06T19:00:41.687+0000][1.310s][info ][gc,start    ] GC(8) Pause Young (Normal) (G1 Evacuation Pause)
[2025-06-06T19:00:41.687+0000][1.310s][info ][gc,task     ] GC(8) Using 2 workers of 2 for evacuation
[2025-06-06T19:00:41.691+0000][1.314s][info ][gc,phases   ] GC(8)   Pre Evacuate Collection Set: 0.1ms
[2025-06-06T19:00:41.691+0000][1.314s][info ][gc,phases   ] GC(8)   Merge Heap Roots: 0.1ms
[2025-06-06T19:00:41.691+0000][1.314s][info ][gc,phases   ] GC(8)   Evacuate Collection Set: 3.6ms
[2025-06-06T19:00:41.691+0000][1.314s][info ][gc,phases   ] GC(8)   Post Evacuate Collection Set: 0.4ms
[2025-06-06T19:00:41.691+0000][1.314s][info ][gc,phases   ] GC(8)   Other: 0.2ms
[2025-06-06T19:00:41.691+0000][1.314s][info ][gc,heap     ] GC(8) Eden regions: 44->0(43)
[2025-06-06T19:00:41.691+0000][1.314s][info ][gc,heap     ] GC(8) Survivor regions: 4->5(6)
[2025-06-06T19:00:41.691+0000][1.314s][info ][gc,heap     ] GC(8) Old regions: 10->11
[2025-06-06T19:00:41.691+0000][1.314s][info ][gc,heap     ] GC(8) Archive regions: 2->2
[2025-06-06T19:00:41.691+0000][1.314s][info ][gc,heap     ] GC(8) Humongous regions: 0->0
[2025-06-06T19:00:41.692+0000][1.314s][info ][gc,metaspace] GC(8) Metaspace: 12940K(13248K)->12940K(13248K) NonClass: 11274K(11456K)->11274K(11456K) Class: 1666K(1792K)->1666K(1792K)
[2025-06-06T19:00:41.692+0000][1.314s][info ][gc          ] GC(8) Pause Young (Normal) (G1 Evacuation Pause) 57M->15M(80M) 4.896ms
[2025-06-06T19:00:41.692+0000][1.314s][info ][gc,cpu      ] GC(8) User=0.01s Sys=0.00s Real=0.00s
[2025-06-06T19:00:41.692+0000][1.315s][info ][safepoint   ] Safepoint "G1CollectForAllocation", Time since last: 10066708 ns, Reaching safepoint: 157750 ns, Cleanup: 9875 ns, At safepoint: 4986083 ns, Total: 5153708 ns
[2025-06-06T19:00:41.803+0000][1.426s][debug][safepoint   ] Safepoint synchronization initiated using futex wait barrier. (14 threads)
[2025-06-06T19:00:41.805+0000][1.427s][info ][gc,start    ] GC(9) Pause Young (Normal) (G1 Evacuation Pause)
[2025-06-06T19:00:41.805+0000][1.428s][info ][gc,task     ] GC(9) Using 2 workers of 2 for evacuation
[2025-06-06T19:00:41.809+0000][1.432s][info ][gc,phases   ] GC(9)   Pre Evacuate Collection Set: 0.1ms
[2025-06-06T19:00:41.809+0000][1.432s][info ][gc,phases   ] GC(9)   Merge Heap Roots: 0.1ms
[2025-06-06T19:00:41.809+0000][1.432s][info ][gc,phases   ] GC(9)   Evacuate Collection Set: 3.4ms
[2025-06-06T19:00:41.809+0000][1.432s][info ][gc,phases   ] GC(9)   Post Evacuate Collection Set: 0.6ms
[2025-06-06T19:00:41.809+0000][1.432s][info ][gc,phases   ] GC(9)   Other: 0.2ms
[2025-06-06T19:00:41.809+0000][1.432s][info ][gc,heap     ] GC(9) Eden regions: 43->0(54)
[2025-06-06T19:00:41.809+0000][1.432s][info ][gc,heap     ] GC(9) Survivor regions: 5->3(6)
[2025-06-06T19:00:41.809+0000][1.432s][info ][gc,heap     ] GC(9) Old regions: 11->13
[2025-06-06T19:00:41.809+0000][1.432s][info ][gc,heap     ] GC(9) Archive regions: 2->2
[2025-06-06T19:00:41.809+0000][1.432s][info ][gc,heap     ] GC(9) Humongous regions: 0->0
[2025-06-06T19:00:41.810+0000][1.432s][info ][gc,metaspace] GC(9) Metaspace: 14451K(14848K)->14451K(14848K) NonClass: 12581K(12800K)->12581K(12800K) Class: 1869K(2048K)->1869K(2048K)
[2025-06-06T19:00:41.810+0000][1.432s][info ][gc          ] GC(9) Pause Young (Normal) (G1 Evacuation Pause) 58M->16M(96M) 4.956ms
[2025-06-06T19:00:41.810+0000][1.433s][info ][gc,cpu      ] GC(9) User=0.01s Sys=0.00s Real=0.01s
[2025-06-06T19:00:41.810+0000][1.433s][info ][safepoint   ] Safepoint "G1CollectForAllocation", Time since last: 111454626 ns, Reaching safepoint: 1461916 ns, Cleanup: 46834 ns, At safepoint: 5114958 ns, Total: 6623708 ns
[2025-06-06T19:00:41.921+0000][1.544s][debug][safepoint   ] Safepoint synchronization initiated using futex wait barrier. (14 threads)
[2025-06-06T19:00:41.921+0000][1.544s][info ][safepoint   ] Safepoint "ICBufferFull", Time since last: 111274125 ns, Reaching safepoint: 174458 ns, Cleanup: 75667 ns, At safepoint: 1208 ns, Total: 251333 ns
[2025-06-06T19:00:41.922+0000][1.545s][debug][safepoint   ] Safepoint synchronization initiated using futex wait barrier. (14 threads)
[2025-06-06T19:00:41.922+0000][1.545s][info ][gc,start    ] GC(10) Pause Young (Normal) (G1 Evacuation Pause)
[2025-06-06T19:00:41.922+0000][1.545s][info ][gc,task     ] GC(10) Using 2 workers of 2 for evacuation
[2025-06-06T19:00:41.925+0000][1.548s][info ][gc,phases   ] GC(10)   Pre Evacuate Collection Set: 0.1ms
[2025-06-06T19:00:41.925+0000][1.548s][info ][gc,phases   ] GC(10)   Merge Heap Roots: 0.1ms
[2025-06-06T19:00:41.925+0000][1.548s][info ][gc,phases   ] GC(10)   Evacuate Collection Set: 2.7ms
[2025-06-06T19:00:41.925+0000][1.548s][info ][gc,phases   ] GC(10)   Post Evacuate Collection Set: 0.3ms
[2025-06-06T19:00:41.925+0000][1.548s][info ][gc,phases   ] GC(10)   Other: 0.1ms
[2025-06-06T19:00:41.925+0000][1.548s][info ][gc,heap     ] GC(10) Eden regions: 54->0(53)
[2025-06-06T19:00:41.925+0000][1.548s][info ][gc,heap     ] GC(10) Survivor regions: 3->4(8)
[2025-06-06T19:00:41.926+0000][1.548s][info ][gc,heap     ] GC(10) Old regions: 13->13
[2025-06-06T19:00:41.926+0000][1.548s][info ][gc,heap     ] GC(10) Archive regions: 2->2
[2025-06-06T19:00:41.926+0000][1.549s][info ][gc,heap     ] GC(10) Humongous regions: 0->0
[2025-06-06T19:00:41.926+0000][1.549s][info ][gc,metaspace] GC(10) Metaspace: 15786K(16128K)->15786K(16128K) NonClass: 13652K(13824K)->13652K(13824K) Class: 2133K(2304K)->2133K(2304K)
[2025-06-06T19:00:41.926+0000][1.549s][info ][gc          ] GC(10) Pause Young (Normal) (G1 Evacuation Pause) 70M->16M(96M) 4.015ms
[2025-06-06T19:00:41.926+0000][1.549s][info ][gc,cpu      ] GC(10) User=0.01s Sys=0.00s Real=0.01s
[2025-06-06T19:00:41.926+0000][1.549s][info ][safepoint   ] Safepoint "G1CollectForAllocation", Time since last: 383667 ns, Reaching safepoint: 67250 ns, Cleanup: 1083 ns, At safepoint: 4113250 ns, Total: 4181583 ns
[2025-06-06T19:00:41.975+0000][1.598s][info ][cds,heap    ] initialize_from_archived_subgraph java.lang.Byte$ByteCache 0x000000b8000395f8
[2025-06-06T19:00:41.976+0000][1.598s][info ][cds,heap    ] initialize_from_archived_subgraph java.lang.Short$ShortCache 0x000000b80003fce8
[2025-06-06T19:00:42.045+0000][1.668s][debug][safepoint   ] Safepoint synchronization initiated using futex wait barrier. (14 threads)
[2025-06-06T19:00:42.045+0000][1.668s][info ][gc,start    ] GC(11) Pause Young (Normal) (G1 Evacuation Pause)
[2025-06-06T19:00:42.045+0000][1.668s][info ][gc,task     ] GC(11) Using 2 workers of 2 for evacuation
[2025-06-06T19:00:42.048+0000][1.671s][info ][gc,phases   ] GC(11)   Pre Evacuate Collection Set: 0.1ms
[2025-06-06T19:00:42.048+0000][1.671s][info ][gc,phases   ] GC(11)   Merge Heap Roots: 0.0ms
[2025-06-06T19:00:42.048+0000][1.671s][info ][gc,phases   ] GC(11)   Evacuate Collection Set: 2.5ms
[2025-06-06T19:00:42.048+0000][1.671s][info ][gc,phases   ] GC(11)   Post Evacuate Collection Set: 0.4ms
[2025-06-06T19:00:42.049+0000][1.671s][info ][gc,phases   ] GC(11)   Other: 0.2ms
[2025-06-06T19:00:42.049+0000][1.672s][info ][gc,heap     ] GC(11) Eden regions: 53->0(53)
[2025-06-06T19:00:42.049+0000][1.672s][info ][gc,heap     ] GC(11) Survivor regions: 4->4(8)
[2025-06-06T19:00:42.049+0000][1.672s][info ][gc,heap     ] GC(11) Old regions: 13->13
[2025-06-06T19:00:42.049+0000][1.672s][info ][gc,heap     ] GC(11) Archive regions: 2->2
[2025-06-06T19:00:42.049+0000][1.672s][info ][gc,heap     ] GC(11) Humongous regions: 0->0
[2025-06-06T19:00:42.049+0000][1.672s][info ][gc,metaspace] GC(11) Metaspace: 18328K(18624K)->18328K(18624K) NonClass: 15907K(16064K)->15907K(16064K) Class: 2421K(2560K)->2421K(2560K)
[2025-06-06T19:00:42.049+0000][1.672s][info ][gc          ] GC(11) Pause Young (Normal) (G1 Evacuation Pause) 69M->16M(96M) 4.114ms
[2025-06-06T19:00:42.049+0000][1.672s][info ][gc,cpu      ] GC(11) User=0.01s Sys=0.00s Real=0.01s
[2025-06-06T19:00:42.049+0000][1.672s][info ][safepoint   ] Safepoint "G1CollectForAllocation", Time since last: 118920209 ns, Reaching safepoint: 173333 ns, Cleanup: 65333 ns, At safepoint: 4248750 ns, Total: 4487416 ns
[2025-06-06T19:00:42.125+0000][1.747s][debug][safepoint   ] Safepoint synchronization initiated using futex wait barrier. (14 threads)
[2025-06-06T19:00:42.126+0000][1.748s][info ][gc,start    ] GC(12) Pause Young (Normal) (G1 Evacuation Pause)
[2025-06-06T19:00:42.126+0000][1.748s][info ][gc,task     ] GC(12) Using 2 workers of 2 for evacuation
[2025-06-06T19:00:42.130+0000][1.753s][info ][gc,phases   ] GC(12)   Pre Evacuate Collection Set: 0.1ms
[2025-06-06T19:00:42.130+0000][1.753s][info ][gc,phases   ] GC(12)   Merge Heap Roots: 0.1ms
[2025-06-06T19:00:42.130+0000][1.753s][info ][gc,phases   ] GC(12)   Evacuate Collection Set: 3.9ms
[2025-06-06T19:00:42.130+0000][1.753s][info ][gc,phases   ] GC(12)   Post Evacuate Collection Set: 0.4ms
[2025-06-06T19:00:42.130+0000][1.753s][info ][gc,phases   ] GC(12)   Other: 0.2ms
[2025-06-06T19:00:42.130+0000][1.753s][info ][gc,heap     ] GC(12) Eden regions: 53->0(50)
[2025-06-06T19:00:42.130+0000][1.753s][info ][gc,heap     ] GC(12) Survivor regions: 4->7(8)
[2025-06-06T19:00:42.131+0000][1.753s][info ][gc,heap     ] GC(12) Old regions: 13->13
[2025-06-06T19:00:42.131+0000][1.753s][info ][gc,heap     ] GC(12) Archive regions: 2->2
[2025-06-06T19:00:42.131+0000][1.753s][info ][gc,heap     ] GC(12) Humongous regions: 0->0
[2025-06-06T19:00:42.131+0000][1.754s][info ][gc,metaspace] GC(12) Metaspace: 20143K(20480K)->20143K(20480K) NonClass: 17513K(17728K)->17513K(17728K) Class: 2630K(2752K)->2630K(2752K)
[2025-06-06T19:00:42.131+0000][1.754s][info ][gc          ] GC(12) Pause Young (Normal) (G1 Evacuation Pause) 69M->19M(96M) 5.159ms
[2025-06-06T19:00:42.131+0000][1.754s][info ][gc,cpu      ] GC(12) User=0.01s Sys=0.00s Real=0.00s
[2025-06-06T19:00:42.131+0000][1.754s][info ][safepoint   ] Safepoint "G1CollectForAllocation", Time since last: 75354625 ns, Reaching safepoint: 873709 ns, Cleanup: 64541 ns, At safepoint: 5271250 ns, Total: 6209500 ns
[2025-06-06T19:00:42.208+0000][1.831s][debug][safepoint   ] Safepoint synchronization initiated using futex wait barrier. (14 threads)
[2025-06-06T19:00:42.208+0000][1.831s][info ][gc,start    ] GC(13) Pause Young (Concurrent Start) (Metadata GC Threshold)
[2025-06-06T19:00:42.208+0000][1.831s][info ][gc,task     ] GC(13) Using 2 workers of 2 for evacuation
[2025-06-06T19:00:42.213+0000][1.836s][info ][gc,phases   ] GC(13)   Pre Evacuate Collection Set: 0.1ms
[2025-06-06T19:00:42.213+0000][1.836s][info ][gc,phases   ] GC(13)   Merge Heap Roots: 0.1ms
[2025-06-06T19:00:42.213+0000][1.836s][info ][gc,phases   ] GC(13)   Evacuate Collection Set: 4.0ms
[2025-06-06T19:00:42.213+0000][1.836s][info ][gc,phases   ] GC(13)   Post Evacuate Collection Set: 0.6ms
[2025-06-06T19:00:42.213+0000][1.836s][info ][gc,phases   ] GC(13)   Other: 0.2ms
[2025-06-06T19:00:42.214+0000][1.836s][info ][gc,heap     ] GC(13) Eden regions: 14->0(68)
[2025-06-06T19:00:42.214+0000][1.836s][info ][gc,heap     ] GC(13) Survivor regions: 7->5(8)
[2025-06-06T19:00:42.214+0000][1.836s][info ][gc,heap     ] GC(13) Old regions: 13->15
[2025-06-06T19:00:42.214+0000][1.837s][info ][gc,heap     ] GC(13) Archive regions: 2->2
[2025-06-06T19:00:42.214+0000][1.837s][info ][gc,heap     ] GC(13) Humongous regions: 0->0
[2025-06-06T19:00:42.214+0000][1.837s][info ][gc,metaspace] GC(13) Metaspace: 21275K(21504K)->21275K(21504K) NonClass: 18494K(18624K)->18494K(18624K) Class: 2780K(2880K)->2780K(2880K)
[2025-06-06T19:00:42.214+0000][1.837s][info ][gc          ] GC(13) Pause Young (Concurrent Start) (Metadata GC Threshold) 33M->20M(123M) 5.639ms
[2025-06-06T19:00:42.214+0000][1.837s][info ][gc,cpu      ] GC(13) User=0.02s Sys=0.00s Real=0.00s
[2025-06-06T19:00:42.214+0000][1.837s][info ][gc          ] GC(14) Concurrent Mark Cycle
[2025-06-06T19:00:42.214+0000][1.837s][info ][gc,marking  ] GC(14) Concurrent Clear Claimed Marks
[2025-06-06T19:00:42.214+0000][1.837s][info ][safepoint   ] Safepoint "CollectForMetadataAllocation", Time since last: 77158959 ns, Reaching safepoint: 192916 ns, Cleanup: 13500 ns, At safepoint: 5812417 ns, Total: 6018833 ns
[2025-06-06T19:00:42.214+0000][1.837s][info ][gc,marking  ] GC(14) Concurrent Clear Claimed Marks 0.075ms
[2025-06-06T19:00:42.214+0000][1.837s][info ][gc,marking  ] GC(14) Concurrent Scan Root Regions
[2025-06-06T19:00:42.217+0000][1.840s][info ][gc,marking  ] GC(14) Concurrent Scan Root Regions 2.507ms
[2025-06-06T19:00:42.217+0000][1.840s][info ][gc,marking  ] GC(14) Concurrent Mark
[2025-06-06T19:00:42.217+0000][1.840s][info ][gc,marking  ] GC(14) Concurrent Mark From Roots
[2025-06-06T19:00:42.217+0000][1.840s][info ][gc,task     ] GC(14) Using 1 workers of 1 for marking
[2025-06-06T19:00:42.226+0000][1.849s][info ][gc,marking  ] GC(14) Concurrent Mark From Roots 8.755ms
[2025-06-06T19:00:42.227+0000][1.850s][info ][gc,marking  ] GC(14) Concurrent Preclean
[2025-06-06T19:00:42.227+0000][1.850s][info ][gc,marking  ] GC(14) Concurrent Preclean 0.206ms
[2025-06-06T19:00:42.228+0000][1.851s][debug][safepoint   ] Safepoint synchronization initiated using futex wait barrier. (14 threads)
[2025-06-06T19:00:42.228+0000][1.851s][info ][gc,start    ] GC(14) Pause Remark
[2025-06-06T19:00:42.230+0000][1.853s][info ][gc          ] GC(14) Pause Remark 25M->25M(90M) 2.078ms
[2025-06-06T19:00:42.231+0000][1.853s][info ][gc,cpu      ] GC(14) User=0.01s Sys=0.00s Real=0.00s
[2025-06-06T19:00:42.231+0000][1.853s][info ][safepoint   ] Safepoint "G1PauseRemark", Time since last: 14267625 ns, Reaching safepoint: 111125 ns, Cleanup: 23292 ns, At safepoint: 2231916 ns, Total: 2366333 ns
[2025-06-06T19:00:42.231+0000][1.854s][info ][gc,marking  ] GC(14) Concurrent Mark 13.599ms
[2025-06-06T19:00:42.231+0000][1.854s][info ][gc,marking  ] GC(14) Concurrent Rebuild Remembered Sets
[2025-06-06T19:00:42.231+0000][1.854s][debug][safepoint   ] Safepoint synchronization initiated using futex wait barrier. (14 threads)
[2025-06-06T19:00:42.231+0000][1.854s][info ][safepoint   ] Safepoint "CollectForMetadataAllocation", Time since last: 99542 ns, Reaching safepoint: 212583 ns, Cleanup: 2125 ns, At safepoint: 8417 ns, Total: 223125 ns
[2025-06-06T19:00:42.232+0000][1.855s][debug][safepoint   ] Safepoint synchronization initiated using futex wait barrier. (14 threads)
[2025-06-06T19:00:42.233+0000][1.856s][info ][safepoint   ] Safepoint "CollectForMetadataAllocation", Time since last: 596500 ns, Reaching safepoint: 1195708 ns, Cleanup: 1625 ns, At safepoint: 7709 ns, Total: 1205042 ns
[2025-06-06T19:00:42.238+0000][1.861s][info ][gc,marking  ] GC(14) Concurrent Rebuild Remembered Sets 7.553ms
[2025-06-06T19:00:42.239+0000][1.862s][debug][safepoint   ] Safepoint synchronization initiated using futex wait barrier. (14 threads)
[2025-06-06T19:00:42.239+0000][1.862s][info ][gc,start    ] GC(14) Pause Cleanup
[2025-06-06T19:00:42.239+0000][1.862s][info ][gc          ] GC(14) Pause Cleanup 27M->27M(90M) 0.116ms
[2025-06-06T19:00:42.240+0000][1.862s][info ][gc,cpu      ] GC(14) User=0.00s Sys=0.00s Real=0.00s
[2025-06-06T19:00:42.240+0000][1.862s][info ][safepoint   ] Safepoint "G1PauseCleanup", Time since last: 6272750 ns, Reaching safepoint: 351916 ns, Cleanup: 21167 ns, At safepoint: 216333 ns, Total: 589416 ns
[2025-06-06T19:00:42.240+0000][1.863s][info ][gc,marking  ] GC(14) Concurrent Cleanup for Next Mark
[2025-06-06T19:00:42.240+0000][1.863s][info ][gc,marking  ] GC(14) Concurrent Cleanup for Next Mark 0.455ms
[2025-06-06T19:00:42.241+0000][1.863s][info ][gc          ] GC(14) Concurrent Mark Cycle 26.550ms
[2025-06-06T19:00:42.344+0000][1.967s][debug][safepoint   ] Safepoint synchronization initiated using futex wait barrier. (14 threads)
[2025-06-06T19:00:42.345+0000][1.968s][info ][safepoint   ] Safepoint "ICBufferFull", Time since last: 104652542 ns, Reaching safepoint: 1129917 ns, Cleanup: 85541 ns, At safepoint: 14125 ns, Total: 1229583 ns
[2025-06-06T19:00:42.404+0000][2.027s][debug][safepoint   ] Safepoint synchronization initiated using futex wait barrier. (13 threads)
[2025-06-06T19:00:42.404+0000][2.027s][info ][gc,start    ] GC(15) Pause Young (Normal) (G1 Preventive Collection)
[2025-06-06T19:00:42.404+0000][2.027s][info ][gc,task     ] GC(15) Using 2 workers of 2 for evacuation
[2025-06-06T19:00:42.409+0000][2.032s][info ][gc,phases   ] GC(15)   Pre Evacuate Collection Set: 0.1ms
[2025-06-06T19:00:42.409+0000][2.032s][info ][gc,phases   ] GC(15)   Merge Heap Roots: 0.0ms
[2025-06-06T19:00:42.409+0000][2.032s][info ][gc,phases   ] GC(15)   Evacuate Collection Set: 4.2ms
[2025-06-06T19:00:42.409+0000][2.032s][info ][gc,phases   ] GC(15)   Post Evacuate Collection Set: 0.4ms
[2025-06-06T19:00:42.409+0000][2.032s][info ][gc,phases   ] GC(15)   Other: 0.1ms
[2025-06-06T19:00:42.409+0000][2.032s][info ][gc,heap     ] GC(15) Eden regions: 60->0(47)
[2025-06-06T19:00:42.409+0000][2.032s][info ][gc,heap     ] GC(15) Survivor regions: 5->7(10)
[2025-06-06T19:00:42.409+0000][2.032s][info ][gc,heap     ] GC(15) Old regions: 15->15
[2025-06-06T19:00:42.409+0000][2.032s][info ][gc,heap     ] GC(15) Archive regions: 2->2
[2025-06-06T19:00:42.409+0000][2.032s][info ][gc,heap     ] GC(15) Humongous regions: 0->0
[2025-06-06T19:00:42.409+0000][2.032s][info ][gc,metaspace] GC(15) Metaspace: 24104K(24448K)->24104K(24448K) NonClass: 20950K(21120K)->20950K(21120K) Class: 3153K(3328K)->3153K(3328K)
[2025-06-06T19:00:42.409+0000][2.032s][info ][gc          ] GC(15) Pause Young (Normal) (G1 Preventive Collection) 80M->22M(90M) 5.228ms
[2025-06-06T19:00:42.409+0000][2.032s][info ][gc,cpu      ] GC(15) User=0.01s Sys=0.00s Real=0.01s
[2025-06-06T19:00:42.409+0000][2.032s][info ][safepoint   ] Safepoint "G1CollectForAllocation", Time since last: 58175459 ns, Reaching safepoint: 88000 ns, Cleanup: 55458 ns, At safepoint: 5306500 ns, Total: 5449958 ns
[2025-06-06T19:00:42.513+0000][2.136s][debug][safepoint   ] Safepoint synchronization initiated using futex wait barrier. (13 threads)
[2025-06-06T19:00:42.513+0000][2.136s][info ][safepoint   ] Safepoint "ICBufferFull", Time since last: 103781542 ns, Reaching safepoint: 171125 ns, Cleanup: 85583 ns, At safepoint: 1334 ns, Total: 258042 ns
[2025-06-06T19:00:42.534+0000][2.157s][debug][safepoint   ] Safepoint synchronization initiated using futex wait barrier. (13 threads)
[2025-06-06T19:00:42.535+0000][2.157s][info ][gc,start    ] GC(16) Pause Young (Normal) (G1 Evacuation Pause)
[2025-06-06T19:00:42.535+0000][2.157s][info ][gc,task     ] GC(16) Using 2 workers of 2 for evacuation
[2025-06-06T19:00:42.541+0000][2.163s][info ][gc,phases   ] GC(16)   Pre Evacuate Collection Set: 0.1ms
[2025-06-06T19:00:42.541+0000][2.164s][info ][gc,phases   ] GC(16)   Merge Heap Roots: 0.1ms
[2025-06-06T19:00:42.541+0000][2.164s][info ][gc,phases   ] GC(16)   Evacuate Collection Set: 5.2ms
[2025-06-06T19:00:42.541+0000][2.164s][info ][gc,phases   ] GC(16)   Post Evacuate Collection Set: 0.5ms
[2025-06-06T19:00:42.541+0000][2.164s][info ][gc,phases   ] GC(16)   Other: 0.2ms
[2025-06-06T19:00:42.541+0000][2.164s][info ][gc,heap     ] GC(16) Eden regions: 47->0(46)
[2025-06-06T19:00:42.541+0000][2.164s][info ][gc,heap     ] GC(16) Survivor regions: 7->7(7)
[2025-06-06T19:00:42.541+0000][2.164s][info ][gc,heap     ] GC(16) Old regions: 15->19
[2025-06-06T19:00:42.541+0000][2.164s][info ][gc,heap     ] GC(16) Archive regions: 2->2
[2025-06-06T19:00:42.541+0000][2.164s][info ][gc,heap     ] GC(16) Humongous regions: 0->0
[2025-06-06T19:00:42.541+0000][2.164s][info ][gc,metaspace] GC(16) Metaspace: 24414K(24832K)->24414K(24832K) NonClass: 21237K(21440K)->21237K(21440K) Class: 3176K(3392K)->3176K(3392K)
[2025-06-06T19:00:42.541+0000][2.164s][info ][gc          ] GC(16) Pause Young (Normal) (G1 Evacuation Pause) 69M->26M(90M) 6.594ms
[2025-06-06T19:00:42.541+0000][2.164s][info ][gc,cpu      ] GC(16) User=0.01s Sys=0.00s Real=0.01s
[2025-06-06T19:00:42.541+0000][2.164s][info ][safepoint   ] Safepoint "G1CollectForAllocation", Time since last: 21093750 ns, Reaching safepoint: 244291 ns, Cleanup: 23667 ns, At safepoint: 6763583 ns, Total: 7031541 ns
[2025-06-06T19:00:42.620+0000][2.243s][debug][safepoint   ] Safepoint synchronization initiated using futex wait barrier. (13 threads)
[2025-06-06T19:00:42.620+0000][2.243s][info ][gc,start    ] GC(17) Pause Young (Normal) (G1 Evacuation Pause)
[2025-06-06T19:00:42.620+0000][2.243s][info ][gc,task     ] GC(17) Using 2 workers of 2 for evacuation
[2025-06-06T19:00:42.628+0000][2.251s][info ][gc,phases   ] GC(17)   Pre Evacuate Collection Set: 0.1ms
[2025-06-06T19:00:42.628+0000][2.251s][info ][gc,phases   ] GC(17)   Merge Heap Roots: 0.1ms
[2025-06-06T19:00:42.628+0000][2.251s][info ][gc,phases   ] GC(17)   Evacuate Collection Set: 6.7ms
[2025-06-06T19:00:42.628+0000][2.251s][info ][gc,phases   ] GC(17)   Post Evacuate Collection Set: 0.6ms
[2025-06-06T19:00:42.628+0000][2.251s][info ][gc,phases   ] GC(17)   Other: 0.1ms
[2025-06-06T19:00:42.628+0000][2.251s][info ][gc,heap     ] GC(17) Eden regions: 46->0(40)
[2025-06-06T19:00:42.628+0000][2.251s][info ][gc,heap     ] GC(17) Survivor regions: 7->7(7)
[2025-06-06T19:00:42.628+0000][2.251s][info ][gc,heap     ] GC(17) Old regions: 19->23
[2025-06-06T19:00:42.628+0000][2.251s][info ][gc,heap     ] GC(17) Archive regions: 2->2
[2025-06-06T19:00:42.628+0000][2.251s][info ][gc,heap     ] GC(17) Humongous regions: 0->0
[2025-06-06T19:00:42.628+0000][2.251s][info ][gc,metaspace] GC(17) Metaspace: 24450K(24832K)->24450K(24832K) NonClass: 21264K(21440K)->21264K(21440K) Class: 3186K(3392K)->3186K(3392K)
[2025-06-06T19:00:42.628+0000][2.251s][info ][gc          ] GC(17) Pause Young (Normal) (G1 Evacuation Pause) 72M->30M(90M) 8.155ms
[2025-06-06T19:00:42.628+0000][2.251s][info ][gc,cpu      ] GC(17) User=0.01s Sys=0.00s Real=0.01s
[2025-06-06T19:00:42.628+0000][2.251s][info ][safepoint   ] Safepoint "G1CollectForAllocation", Time since last: 78687250 ns, Reaching safepoint: 176167 ns, Cleanup: 33125 ns, At safepoint: 8255208 ns, Total: 8464500 ns
[2025-06-06T19:00:42.665+0000][2.288s][debug][safepoint   ] Safepoint synchronization initiated using futex wait barrier. (13 threads)
[2025-06-06T19:00:42.665+0000][2.288s][info ][gc,start    ] GC(18) Pause Young (Normal) (G1 Evacuation Pause)
[2025-06-06T19:00:42.665+0000][2.288s][info ][gc,task     ] GC(18) Using 2 workers of 2 for evacuation
[2025-06-06T19:00:42.679+0000][2.302s][info ][gc,phases   ] GC(18)   Pre Evacuate Collection Set: 0.1ms
[2025-06-06T19:00:42.679+0000][2.302s][info ][gc,phases   ] GC(18)   Merge Heap Roots: 0.0ms
[2025-06-06T19:00:42.679+0000][2.302s][info ][gc,phases   ] GC(18)   Evacuate Collection Set: 13.0ms
[2025-06-06T19:00:42.679+0000][2.302s][info ][gc,phases   ] GC(18)   Post Evacuate Collection Set: 0.7ms
[2025-06-06T19:00:42.679+0000][2.302s][info ][gc,phases   ] GC(18)   Other: 0.1ms
[2025-06-06T19:00:42.679+0000][2.302s][info ][gc,heap     ] GC(18) Eden regions: 40->0(33)
[2025-06-06T19:00:42.679+0000][2.302s][info ][gc,heap     ] GC(18) Survivor regions: 7->6(6)
[2025-06-06T19:00:42.679+0000][2.302s][info ][gc,heap     ] GC(18) Old regions: 23->31
[2025-06-06T19:00:42.679+0000][2.302s][info ][gc,heap     ] GC(18) Archive regions: 2->2
[2025-06-06T19:00:42.680+0000][2.302s][info ][gc,heap     ] GC(18) Humongous regions: 0->0
[2025-06-06T19:00:42.680+0000][2.302s][info ][gc,metaspace] GC(18) Metaspace: 24451K(24832K)->24451K(24832K) NonClass: 21265K(21440K)->21265K(21440K) Class: 3186K(3392K)->3186K(3392K)
[2025-06-06T19:00:42.680+0000][2.302s][info ][gc          ] GC(18) Pause Young (Normal) (G1 Evacuation Pause) 70M->36M(90M) 14.455ms
[2025-06-06T19:00:42.680+0000][2.303s][info ][gc,cpu      ] GC(18) User=0.02s Sys=0.00s Real=0.02s
[2025-06-06T19:00:42.680+0000][2.303s][info ][safepoint   ] Safepoint "G1CollectForAllocation", Time since last: 36583667 ns, Reaching safepoint: 140792 ns, Cleanup: 5958 ns, At safepoint: 14561375 ns, Total: 14708125 ns
[2025-06-06T19:00:42.730+0000][2.353s][debug][safepoint   ] Safepoint synchronization initiated using futex wait barrier. (13 threads)
[2025-06-06T19:00:42.731+0000][2.353s][info ][gc,start    ] GC(19) Pause Young (Normal) (G1 Evacuation Pause)
[2025-06-06T19:00:42.731+0000][2.353s][info ][gc,task     ] GC(19) Using 2 workers of 2 for evacuation
[2025-06-06T19:00:42.738+0000][2.361s][info ][gc,phases   ] GC(19)   Pre Evacuate Collection Set: 0.1ms
[2025-06-06T19:00:42.738+0000][2.361s][info ][gc,phases   ] GC(19)   Merge Heap Roots: 0.1ms
[2025-06-06T19:00:42.738+0000][2.361s][info ][gc,phases   ] GC(19)   Evacuate Collection Set: 4.9ms
[2025-06-06T19:00:42.738+0000][2.361s][info ][gc,phases   ] GC(19)   Post Evacuate Collection Set: 1.9ms
[2025-06-06T19:00:42.738+0000][2.361s][info ][gc,phases   ] GC(19)   Other: 0.2ms
[2025-06-06T19:00:42.738+0000][2.361s][info ][gc,heap     ] GC(19) Eden regions: 33->0(97)
[2025-06-06T19:00:42.738+0000][2.361s][info ][gc,heap     ] GC(19) Survivor regions: 6->4(5)
[2025-06-06T19:00:42.738+0000][2.361s][info ][gc,heap     ] GC(19) Old regions: 31->36
[2025-06-06T19:00:42.738+0000][2.361s][info ][gc,heap     ] GC(19) Archive regions: 2->2
[2025-06-06T19:00:42.738+0000][2.361s][info ][gc,heap     ] GC(19) Humongous regions: 0->0
[2025-06-06T19:00:42.738+0000][2.361s][info ][gc,metaspace] GC(19) Metaspace: 24540K(24896K)->24540K(24896K) NonClass: 21344K(21504K)->21344K(21504K) Class: 3195K(3392K)->3195K(3392K)
[2025-06-06T19:00:42.738+0000][2.361s][info ][gc          ] GC(19) Pause Young (Normal) (G1 Evacuation Pause) 69M->40M(180M) 7.671ms
[2025-06-06T19:00:42.738+0000][2.361s][info ][gc,cpu      ] GC(19) User=0.01s Sys=0.00s Real=0.01s
[2025-06-06T19:00:42.738+0000][2.361s][info ][safepoint   ] Safepoint "G1CollectForAllocation", Time since last: 50640625 ns, Reaching safepoint: 169583 ns, Cleanup: 49042 ns, At safepoint: 7793792 ns, Total: 8012417 ns
[2025-06-06T19:00:42.888+0000][2.510s][debug][safepoint   ] Safepoint synchronization initiated using futex wait barrier. (13 threads)
[2025-06-06T19:00:42.888+0000][2.511s][info ][safepoint   ] Safepoint "ICBufferFull", Time since last: 149260041 ns, Reaching safepoint: 129292 ns, Cleanup: 145833 ns, At safepoint: 6750 ns, Total: 281875 ns
[2025-06-06T19:00:42.940+0000][2.563s][debug][safepoint   ] Safepoint synchronization initiated using futex wait barrier. (13 threads)
[2025-06-06T19:00:42.940+0000][2.563s][info ][safepoint   ] Safepoint "ICBufferFull", Time since last: 52124917 ns, Reaching safepoint: 189208 ns, Cleanup: 109584 ns, At safepoint: 2666 ns, Total: 301458 ns
[2025-06-06T19:00:42.989+0000][2.612s][debug][safepoint   ] Safepoint synchronization initiated using futex wait barrier. (13 threads)
[2025-06-06T19:00:42.989+0000][2.612s][info ][gc,start    ] GC(20) Pause Young (Normal) (G1 Evacuation Pause)
[2025-06-06T19:00:42.989+0000][2.612s][info ][gc,task     ] GC(20) Using 2 workers of 2 for evacuation
[2025-06-06T19:00:42.998+0000][2.621s][info ][gc,phases   ] GC(20)   Pre Evacuate Collection Set: 0.1ms
[2025-06-06T19:00:42.998+0000][2.621s][info ][gc,phases   ] GC(20)   Merge Heap Roots: 0.1ms
[2025-06-06T19:00:42.998+0000][2.621s][info ][gc,phases   ] GC(20)   Evacuate Collection Set: 7.7ms
[2025-06-06T19:00:42.998+0000][2.621s][info ][gc,phases   ] GC(20)   Post Evacuate Collection Set: 0.6ms
[2025-06-06T19:00:42.998+0000][2.621s][info ][gc,phases   ] GC(20)   Other: 0.2ms
[2025-06-06T19:00:42.998+0000][2.621s][info ][gc,heap     ] GC(20) Eden regions: 97->0(87)
[2025-06-06T19:00:42.998+0000][2.621s][info ][gc,heap     ] GC(20) Survivor regions: 4->12(13)
[2025-06-06T19:00:42.998+0000][2.621s][info ][gc,heap     ] GC(20) Old regions: 36->36
[2025-06-06T19:00:42.998+0000][2.621s][info ][gc,heap     ] GC(20) Archive regions: 2->2
[2025-06-06T19:00:42.998+0000][2.621s][info ][gc,heap     ] GC(20) Humongous regions: 0->0
[2025-06-06T19:00:42.998+0000][2.621s][info ][gc,metaspace] GC(20) Metaspace: 25025K(25408K)->25025K(25408K) NonClass: 21777K(21952K)->21777K(21952K) Class: 3247K(3456K)->3247K(3456K)
[2025-06-06T19:00:42.999+0000][2.621s][info ][gc          ] GC(20) Pause Young (Normal) (G1 Evacuation Pause) 137M->47M(180M) 9.248ms
[2025-06-06T19:00:42.999+0000][2.621s][info ][gc,cpu      ] GC(20) User=0.02s Sys=0.00s Real=0.01s
[2025-06-06T19:00:42.999+0000][2.622s][info ][safepoint   ] Safepoint "G1CollectForAllocation", Time since last: 48674959 ns, Reaching safepoint: 169625 ns, Cleanup: 77541 ns, At safepoint: 9415542 ns, Total: 9662708 ns
[2025-06-06T19:00:43.054+0000][2.677s][debug][safepoint   ] Safepoint synchronization initiated using futex wait barrier. (13 threads)
[2025-06-06T19:00:43.054+0000][2.677s][info ][safepoint   ] Safepoint "ICBufferFull", Time since last: 55267792 ns, Reaching safepoint: 174750 ns, Cleanup: 77541 ns, At safepoint: 1375 ns, Total: 253666 ns
[2025-06-06T19:00:43.125+0000][2.748s][debug][safepoint   ] Safepoint synchronization initiated using futex wait barrier. (13 threads)
[2025-06-06T19:00:43.126+0000][2.748s][info ][safepoint   ] Safepoint "ICBufferFull", Time since last: 71151125 ns, Reaching safepoint: 189417 ns, Cleanup: 85417 ns, At safepoint: 1625 ns, Total: 276459 ns
[2025-06-06T19:00:43.153+0000][2.776s][debug][safepoint   ] Safepoint synchronization initiated using futex wait barrier. (13 threads)
[2025-06-06T19:00:43.153+0000][2.776s][info ][safepoint   ] Safepoint "ICBufferFull", Time since last: 27183250 ns, Reaching safepoint: 560041 ns, Cleanup: 78750 ns, At safepoint: 4500 ns, Total: 643291 ns
[2025-06-06T19:00:43.164+0000][2.787s][debug][safepoint   ] Safepoint synchronization initiated using futex wait barrier. (13 threads)
[2025-06-06T19:00:43.164+0000][2.787s][info ][gc,start    ] GC(21) Pause Young (Normal) (G1 Evacuation Pause)
[2025-06-06T19:00:43.164+0000][2.787s][info ][gc,task     ] GC(21) Using 2 workers of 2 for evacuation
[2025-06-06T19:00:43.181+0000][2.804s][info ][gc,phases   ] GC(21)   Pre Evacuate Collection Set: 0.1ms
[2025-06-06T19:00:43.181+0000][2.804s][info ][gc,phases   ] GC(21)   Merge Heap Roots: 0.1ms
[2025-06-06T19:00:43.181+0000][2.804s][info ][gc,phases   ] GC(21)   Evacuate Collection Set: 15.7ms
[2025-06-06T19:00:43.181+0000][2.804s][info ][gc,phases   ] GC(21)   Post Evacuate Collection Set: 0.9ms
[2025-06-06T19:00:43.181+0000][2.804s][info ][gc,phases   ] GC(21)   Other: 0.1ms
[2025-06-06T19:00:43.181+0000][2.804s][info ][gc,heap     ] GC(21) Eden regions: 87->0(88)
[2025-06-06T19:00:43.181+0000][2.804s][info ][gc,heap     ] GC(21) Survivor regions: 12->4(13)
[2025-06-06T19:00:43.181+0000][2.804s][info ][gc,heap     ] GC(21) Old regions: 36->47
[2025-06-06T19:00:43.181+0000][2.804s][info ][gc,heap     ] GC(21) Archive regions: 2->2
[2025-06-06T19:00:43.181+0000][2.804s][info ][gc,heap     ] GC(21) Humongous regions: 0->0
[2025-06-06T19:00:43.181+0000][2.804s][info ][gc,metaspace] GC(21) Metaspace: 25183K(25600K)->25183K(25600K) NonClass: 21925K(22144K)->21925K(22144K) Class: 3257K(3456K)->3257K(3456K)
[2025-06-06T19:00:43.182+0000][2.804s][info ][gc          ] GC(21) Pause Young (Normal) (G1 Evacuation Pause) 134M->51M(180M) 17.591ms
[2025-06-06T19:00:43.182+0000][2.804s][info ][gc,cpu      ] GC(21) User=0.01s Sys=0.00s Real=0.02s
[2025-06-06T19:00:43.182+0000][2.804s][info ][safepoint   ] Safepoint "G1CollectForAllocation", Time since last: 10317542 ns, Reaching safepoint: 136250 ns, Cleanup: 25500 ns, At safepoint: 17700417 ns, Total: 17862167 ns
[2025-06-06T19:00:43.297+0000][2.920s][debug][safepoint   ] Safepoint synchronization initiated using futex wait barrier. (13 threads)
[2025-06-06T19:00:43.297+0000][2.920s][info ][safepoint   ] Safepoint "ICBufferFull", Time since last: 115492375 ns, Reaching safepoint: 225917 ns, Cleanup: 73750 ns, At safepoint: 1708 ns, Total: 301375 ns
[2025-06-06T19:00:43.319+0000][2.942s][debug][safepoint   ] Safepoint synchronization initiated using futex wait barrier. (14 threads)
[2025-06-06T19:00:43.319+0000][2.942s][info ][gc,start    ] GC(22) Pause Young (Normal) (G1 Evacuation Pause)
[2025-06-06T19:00:43.319+0000][2.942s][info ][gc,task     ] GC(22) Using 2 workers of 2 for evacuation
[2025-06-06T19:00:43.324+0000][2.947s][info ][gc,phases   ] GC(22)   Pre Evacuate Collection Set: 0.1ms
[2025-06-06T19:00:43.324+0000][2.947s][info ][gc,phases   ] GC(22)   Merge Heap Roots: 0.1ms
[2025-06-06T19:00:43.324+0000][2.947s][info ][gc,phases   ] GC(22)   Evacuate Collection Set: 4.0ms
[2025-06-06T19:00:43.324+0000][2.947s][info ][gc,phases   ] GC(22)   Post Evacuate Collection Set: 0.6ms
[2025-06-06T19:00:43.324+0000][2.947s][info ][gc,phases   ] GC(22)   Other: 0.2ms
[2025-06-06T19:00:43.324+0000][2.947s][info ][gc,heap     ] GC(22) Eden regions: 88->0(88)
[2025-06-06T19:00:43.324+0000][2.947s][info ][gc,heap     ] GC(22) Survivor regions: 4->7(12)
[2025-06-06T19:00:43.325+0000][2.947s][info ][gc,heap     ] GC(22) Old regions: 47->47
[2025-06-06T19:00:43.325+0000][2.947s][info ][gc,heap     ] GC(22) Archive regions: 2->2
[2025-06-06T19:00:43.325+0000][2.948s][info ][gc,heap     ] GC(22) Humongous regions: 0->0
[2025-06-06T19:00:43.325+0000][2.948s][info ][gc,metaspace] GC(22) Metaspace: 25606K(25984K)->25606K(25984K) NonClass: 22307K(22464K)->22307K(22464K) Class: 3298K(3520K)->3298K(3520K)
[2025-06-06T19:00:43.325+0000][2.948s][info ][gc          ] GC(22) Pause Young (Normal) (G1 Evacuation Pause) 139M->54M(180M) 5.642ms
[2025-06-06T19:00:43.325+0000][2.948s][info ][gc,cpu      ] GC(22) User=0.02s Sys=0.00s Real=0.00s
[2025-06-06T19:00:43.325+0000][2.948s][info ][safepoint   ] Safepoint "G1CollectForAllocation", Time since last: 21440542 ns, Reaching safepoint: 188333 ns, Cleanup: 39542 ns, At safepoint: 5756916 ns, Total: 5984791 ns
[2025-06-06T19:00:43.463+0000][3.086s][debug][safepoint   ] Safepoint synchronization initiated using futex wait barrier. (14 threads)
[2025-06-06T19:00:43.464+0000][3.086s][info ][gc,start    ] GC(23) Pause Young (Normal) (G1 Evacuation Pause)
[2025-06-06T19:00:43.464+0000][3.086s][info ][gc,task     ] GC(23) Using 2 workers of 2 for evacuation
[2025-06-06T19:00:43.469+0000][3.092s][info ][gc,phases   ] GC(23)   Pre Evacuate Collection Set: 0.1ms
[2025-06-06T19:00:43.469+0000][3.092s][info ][gc,phases   ] GC(23)   Merge Heap Roots: 0.1ms
[2025-06-06T19:00:43.469+0000][3.092s][info ][gc,phases   ] GC(23)   Evacuate Collection Set: 3.7ms
[2025-06-06T19:00:43.469+0000][3.092s][info ][gc,phases   ] GC(23)   Post Evacuate Collection Set: 1.2ms
[2025-06-06T19:00:43.469+0000][3.092s][info ][gc,phases   ] GC(23)   Other: 0.2ms
[2025-06-06T19:00:43.469+0000][3.092s][info ][gc,heap     ] GC(23) Eden regions: 88->0(159)
[2025-06-06T19:00:43.469+0000][3.092s][info ][gc,heap     ] GC(23) Survivor regions: 7->4(12)
[2025-06-06T19:00:43.469+0000][3.092s][info ][gc,heap     ] GC(23) Old regions: 47->51
[2025-06-06T19:00:43.469+0000][3.092s][info ][gc,heap     ] GC(23) Archive regions: 2->2
[2025-06-06T19:00:43.469+0000][3.092s][info ][gc,heap     ] GC(23) Humongous regions: 0->0
[2025-06-06T19:00:43.469+0000][3.092s][info ][gc,metaspace] GC(23) Metaspace: 26874K(27264K)->26874K(27264K) NonClass: 23479K(23680K)->23479K(23680K) Class: 3395K(3584K)->3395K(3584K)
[2025-06-06T19:00:43.469+0000][3.092s][info ][gc          ] GC(23) Pause Young (Normal) (G1 Evacuation Pause) 142M->54M(272M) 5.663ms
[2025-06-06T19:00:43.469+0000][3.092s][info ][gc,cpu      ] GC(23) User=0.00s Sys=0.01s Real=0.01s
[2025-06-06T19:00:43.469+0000][3.092s][info ][safepoint   ] Safepoint "G1CollectForAllocation", Time since last: 138477750 ns, Reaching safepoint: 201584 ns, Cleanup: 18333 ns, At safepoint: 5789542 ns, Total: 6009459 ns
[2025-06-06T19:00:43.582+0000][3.205s][debug][safepoint   ] Safepoint synchronization initiated using futex wait barrier. (13 threads)
[2025-06-06T19:00:43.583+0000][3.205s][info ][safepoint   ] Safepoint "ICBufferFull", Time since last: 112900000 ns, Reaching safepoint: 205250 ns, Cleanup: 131916 ns, At safepoint: 1750 ns, Total: 338916 ns
[2025-06-06T19:00:43.818+0000][3.441s][debug][safepoint   ] Safepoint synchronization initiated using futex wait barrier. (13 threads)
[2025-06-06T19:00:43.819+0000][3.441s][info ][gc,start    ] GC(24) Pause Young (Normal) (G1 Evacuation Pause)
[2025-06-06T19:00:43.819+0000][3.441s][info ][gc,task     ] GC(24) Using 2 workers of 2 for evacuation
[2025-06-06T19:00:43.823+0000][3.446s][info ][gc,phases   ] GC(24)   Pre Evacuate Collection Set: 0.1ms
[2025-06-06T19:00:43.823+0000][3.446s][info ][gc,phases   ] GC(24)   Merge Heap Roots: 0.1ms
[2025-06-06T19:00:43.823+0000][3.446s][info ][gc,phases   ] GC(24)   Evacuate Collection Set: 3.5ms
[2025-06-06T19:00:43.823+0000][3.446s][info ][gc,phases   ] GC(24)   Post Evacuate Collection Set: 0.7ms
[2025-06-06T19:00:43.823+0000][3.446s][info ][gc,phases   ] GC(24)   Other: 0.2ms
[2025-06-06T19:00:43.824+0000][3.446s][info ][gc,heap     ] GC(24) Eden regions: 159->0(157)
[2025-06-06T19:00:43.824+0000][3.446s][info ][gc,heap     ] GC(24) Survivor regions: 4->6(21)
[2025-06-06T19:00:43.824+0000][3.446s][info ][gc,heap     ] GC(24) Old regions: 51->51
[2025-06-06T19:00:43.824+0000][3.447s][info ][gc,heap     ] GC(24) Archive regions: 2->2
[2025-06-06T19:00:43.824+0000][3.447s][info ][gc,heap     ] GC(24) Humongous regions: 0->0
[2025-06-06T19:00:43.824+0000][3.447s][info ][gc,metaspace] GC(24) Metaspace: 33160K(33536K)->33160K(33536K) NonClass: 29066K(29248K)->29066K(29248K) Class: 4093K(4288K)->4093K(4288K)
[2025-06-06T19:00:43.824+0000][3.447s][info ][gc          ] GC(24) Pause Young (Normal) (G1 Evacuation Pause) 213M->56M(272M) 5.197ms
[2025-06-06T19:00:43.824+0000][3.447s][info ][gc,cpu      ] GC(24) User=0.01s Sys=0.00s Real=0.00s
[2025-06-06T19:00:43.824+0000][3.447s][info ][safepoint   ] Safepoint "G1CollectForAllocation", Time since last: 235715709 ns, Reaching safepoint: 219125 ns, Cleanup: 58916 ns, At safepoint: 5305334 ns, Total: 5583375 ns
[2025-06-06T19:00:43.934+0000][3.557s][debug][safepoint   ] Safepoint synchronization initiated using futex wait barrier. (13 threads)
[2025-06-06T19:00:43.934+0000][3.557s][info ][safepoint   ] Safepoint "ICBufferFull", Time since last: 110243917 ns, Reaching safepoint: 214250 ns, Cleanup: 120291 ns, At safepoint: 1292 ns, Total: 335833 ns
[2025-06-06T19:00:44.107+0000][3.730s][debug][safepoint   ] Safepoint synchronization initiated using futex wait barrier. (13 threads)
[2025-06-06T19:00:44.107+0000][3.730s][info ][gc,start    ] GC(25) Pause Young (Normal) (G1 Evacuation Pause)
[2025-06-06T19:00:44.107+0000][3.730s][info ][gc,task     ] GC(25) Using 2 workers of 2 for evacuation
[2025-06-06T19:00:44.113+0000][3.735s][info ][gc,phases   ] GC(25)   Pre Evacuate Collection Set: 0.1ms
[2025-06-06T19:00:44.113+0000][3.736s][info ][gc,phases   ] GC(25)   Merge Heap Roots: 0.1ms
[2025-06-06T19:00:44.113+0000][3.736s][info ][gc,phases   ] GC(25)   Evacuate Collection Set: 4.6ms
[2025-06-06T19:00:44.113+0000][3.736s][info ][gc,phases   ] GC(25)   Post Evacuate Collection Set: 0.7ms
[2025-06-06T19:00:44.113+0000][3.736s][info ][gc,phases   ] GC(25)   Other: 0.2ms
[2025-06-06T19:00:44.113+0000][3.736s][info ][gc,heap     ] GC(25) Eden regions: 157->0(156)
[2025-06-06T19:00:44.113+0000][3.736s][info ][gc,heap     ] GC(25) Survivor regions: 6->7(21)
[2025-06-06T19:00:44.113+0000][3.736s][info ][gc,heap     ] GC(25) Old regions: 51->51
[2025-06-06T19:00:44.113+0000][3.736s][info ][gc,heap     ] GC(25) Archive regions: 2->2
[2025-06-06T19:00:44.113+0000][3.736s][info ][gc,heap     ] GC(25) Humongous regions: 0->0
[2025-06-06T19:00:44.113+0000][3.736s][info ][gc,metaspace] GC(25) Metaspace: 34817K(35200K)->34817K(35200K) NonClass: 30497K(30656K)->30497K(30656K) Class: 4319K(4544K)->4319K(4544K)
[2025-06-06T19:00:44.113+0000][3.736s][info ][gc          ] GC(25) Pause Young (Normal) (G1 Evacuation Pause) 213M->58M(272M) 6.207ms
[2025-06-06T19:00:44.113+0000][3.736s][info ][gc,cpu      ] GC(25) User=0.01s Sys=0.00s Real=0.00s
[2025-06-06T19:00:44.113+0000][3.736s][info ][safepoint   ] Safepoint "G1CollectForAllocation", Time since last: 172203750 ns, Reaching safepoint: 209542 ns, Cleanup: 85583 ns, At safepoint: 6316417 ns, Total: 6611542 ns
[2025-06-06T19:00:44.125+0000][3.748s][debug][safepoint   ] ... found polling page loop exception at pc = 0x0000ffff750f3c48, stub =0x0000ffff7497ef00
[2025-06-06T19:00:44.130+0000][3.753s][debug][safepoint   ] Safepoint synchronization initiated using futex wait barrier. (13 threads)
[2025-06-06T19:00:44.130+0000][3.753s][info ][safepoint   ] Safepoint "ICBufferFull", Time since last: 16551500 ns, Reaching safepoint: 208916 ns, Cleanup: 105375 ns, At safepoint: 7417 ns, Total: 321708 ns
[2025-06-06T19:00:44.132+0000][3.755s][debug][safepoint   ] Safepoint synchronization initiated using futex wait barrier. (13 threads)
[2025-06-06T19:00:44.134+0000][3.757s][debug][safepoint   ] ... found polling page loop exception at pc = 0x0000ffff750f3bd4, stub =0x0000ffff7497ef00
[2025-06-06T19:00:44.136+0000][3.758s][info ][safepoint   ] Safepoint "ICBufferFull", Time since last: 2263000 ns, Reaching safepoint: 3169958 ns, Cleanup: 13000 ns, At safepoint: 6334 ns, Total: 3189292 ns
[2025-06-06T19:00:44.215+0000][3.838s][debug][safepoint   ] Safepoint synchronization initiated using futex wait barrier. (13 threads)
[2025-06-06T19:00:44.215+0000][3.838s][info ][safepoint   ] Safepoint "ICBufferFull", Time since last: 79172625 ns, Reaching safepoint: 153208 ns, Cleanup: 88417 ns, At safepoint: 3833 ns, Total: 245458 ns
[2025-06-06T19:00:44.222+0000][3.845s][debug][safepoint   ] Safepoint synchronization initiated using futex wait barrier. (13 threads)
[2025-06-06T19:00:44.222+0000][3.845s][info ][gc,start    ] GC(26) Pause Young (Concurrent Start) (Metadata GC Threshold)
[2025-06-06T19:00:44.222+0000][3.845s][info ][gc,task     ] GC(26) Using 2 workers of 2 for evacuation
[2025-06-06T19:00:44.228+0000][3.851s][info ][gc,phases   ] GC(26)   Pre Evacuate Collection Set: 0.1ms
[2025-06-06T19:00:44.228+0000][3.851s][info ][gc,phases   ] GC(26)   Merge Heap Roots: 0.1ms
[2025-06-06T19:00:44.228+0000][3.851s][info ][gc,phases   ] GC(26)   Evacuate Collection Set: 4.5ms
[2025-06-06T19:00:44.228+0000][3.851s][info ][gc,phases   ] GC(26)   Post Evacuate Collection Set: 0.6ms
[2025-06-06T19:00:44.228+0000][3.851s][info ][gc,phases   ] GC(26)   Other: 0.2ms
[2025-06-06T19:00:44.228+0000][3.851s][info ][gc,heap     ] GC(26) Eden regions: 44->0(156)
[2025-06-06T19:00:44.228+0000][3.851s][info ][gc,heap     ] GC(26) Survivor regions: 7->7(21)
[2025-06-06T19:00:44.228+0000][3.851s][info ][gc,heap     ] GC(26) Old regions: 51->51
[2025-06-06T19:00:44.228+0000][3.851s][info ][gc,heap     ] GC(26) Archive regions: 2->2
[2025-06-06T19:00:44.228+0000][3.851s][info ][gc,heap     ] GC(26) Humongous regions: 0->0
[2025-06-06T19:00:44.228+0000][3.851s][info ][gc,metaspace] GC(26) Metaspace: 36015K(36416K)->36015K(36416K) NonClass: 31552K(31744K)->31552K(31744K) Class: 4463K(4672K)->4463K(4672K)
[2025-06-06T19:00:44.228+0000][3.851s][info ][gc          ] GC(26) Pause Young (Concurrent Start) (Metadata GC Threshold) 101M->58M(272M) 5.934ms
[2025-06-06T19:00:44.228+0000][3.851s][info ][gc,cpu      ] GC(26) User=0.01s Sys=0.00s Real=0.01s
[2025-06-06T19:00:44.228+0000][3.851s][info ][gc          ] GC(27) Concurrent Mark Cycle
[2025-06-06T19:00:44.228+0000][3.851s][info ][gc,marking  ] GC(27) Concurrent Clear Claimed Marks
[2025-06-06T19:00:44.228+0000][3.851s][info ][safepoint   ] Safepoint "CollectForMetadataAllocation", Time since last: 7126083 ns, Reaching safepoint: 163125 ns, Cleanup: 27417 ns, At safepoint: 6076625 ns, Total: 6267167 ns
[2025-06-06T19:00:44.229+0000][3.851s][info ][gc,marking  ] GC(27) Concurrent Clear Claimed Marks 0.084ms
[2025-06-06T19:00:44.231+0000][3.854s][info ][gc,marking  ] GC(27) Concurrent Scan Root Regions
[2025-06-06T19:00:44.234+0000][3.857s][info ][gc,marking  ] GC(27) Concurrent Scan Root Regions 3.260ms
[2025-06-06T19:00:44.235+0000][3.858s][info ][gc,marking  ] GC(27) Concurrent Mark
[2025-06-06T19:00:44.235+0000][3.858s][info ][gc,marking  ] GC(27) Concurrent Mark From Roots
[2025-06-06T19:00:44.235+0000][3.858s][info ][gc,task     ] GC(27) Using 1 workers of 1 for marking
[2025-06-06T19:00:44.248+0000][3.871s][debug][safepoint   ] Safepoint synchronization initiated using futex wait barrier. (13 threads)
[2025-06-06T19:00:44.248+0000][3.871s][info ][safepoint   ] Safepoint "CollectForMetadataAllocation", Time since last: 19541750 ns, Reaching safepoint: 174375 ns, Cleanup: 11167 ns, At safepoint: 24375 ns, Total: 209917 ns
[2025-06-06T19:00:44.289+0000][3.911s][debug][safepoint   ] Safepoint synchronization initiated using futex wait barrier. (13 threads)
[2025-06-06T19:00:44.289+0000][3.912s][info ][safepoint   ] Safepoint "CollectForMetadataAllocation", Time since last: 40447500 ns, Reaching safepoint: 190125 ns, Cleanup: 2833 ns, At safepoint: 20208 ns, Total: 213166 ns
[2025-06-06T19:00:44.290+0000][3.913s][info ][gc,marking  ] GC(27) Concurrent Mark From Roots 55.213ms
[2025-06-06T19:00:44.292+0000][3.915s][info ][gc,marking  ] GC(27) Concurrent Preclean
[2025-06-06T19:00:44.293+0000][3.915s][info ][gc,marking  ] GC(27) Concurrent Preclean 0.235ms
[2025-06-06T19:00:44.293+0000][3.916s][debug][safepoint   ] Safepoint synchronization initiated using futex wait barrier. (13 threads)
[2025-06-06T19:00:44.293+0000][3.916s][info ][gc,start    ] GC(27) Pause Remark
[2025-06-06T19:00:44.296+0000][3.919s][info ][gc          ] GC(27) Pause Remark 73M->73M(254M) 2.530ms
[2025-06-06T19:00:44.296+0000][3.919s][info ][gc,cpu      ] GC(27) User=0.00s Sys=0.00s Real=0.01s
[2025-06-06T19:00:44.296+0000][3.919s][info ][safepoint   ] Safepoint "G1PauseRemark", Time since last: 3886542 ns, Reaching safepoint: 754625 ns, Cleanup: 1875 ns, At safepoint: 2692042 ns, Total: 3448542 ns
[2025-06-06T19:00:44.298+0000][3.921s][info ][gc,marking  ] GC(27) Concurrent Mark 63.400ms
[2025-06-06T19:00:44.298+0000][3.921s][info ][gc,marking  ] GC(27) Concurrent Rebuild Remembered Sets
[2025-06-06T19:00:44.321+0000][3.944s][info ][gc,marking  ] GC(27) Concurrent Rebuild Remembered Sets 22.853ms
[2025-06-06T19:00:44.321+0000][3.944s][debug][safepoint   ] Safepoint synchronization initiated using futex wait barrier. (13 threads)
[2025-06-06T19:00:44.321+0000][3.944s][info ][gc,start    ] GC(27) Pause Cleanup
[2025-06-06T19:00:44.322+0000][3.944s][info ][gc          ] GC(27) Pause Cleanup 83M->83M(254M) 0.129ms
[2025-06-06T19:00:44.322+0000][3.944s][info ][gc,cpu      ] GC(27) User=0.00s Sys=0.00s Real=0.00s
[2025-06-06T19:00:44.322+0000][3.945s][info ][safepoint   ] Safepoint "G1PauseCleanup", Time since last: 25183583 ns, Reaching safepoint: 66125 ns, Cleanup: 5250 ns, At safepoint: 247208 ns, Total: 318583 ns
[2025-06-06T19:00:44.322+0000][3.945s][info ][gc,marking  ] GC(27) Concurrent Cleanup for Next Mark
[2025-06-06T19:00:44.324+0000][3.947s][info ][gc,marking  ] GC(27) Concurrent Cleanup for Next Mark 2.121ms
[2025-06-06T19:00:44.326+0000][3.949s][info ][gc          ] GC(27) Concurrent Mark Cycle 97.970ms
[2025-06-06T19:00:44.482+0000][4.105s][debug][safepoint   ] Safepoint synchronization initiated using futex wait barrier. (13 threads)
[2025-06-06T19:00:44.482+0000][4.105s][info ][safepoint   ] Safepoint "ICBufferFull", Time since last: 160088625 ns, Reaching safepoint: 201584 ns, Cleanup: 79000 ns, At safepoint: 1291 ns, Total: 281875 ns
[2025-06-06T19:00:44.561+0000][4.184s][debug][safepoint   ] Safepoint synchronization initiated using futex wait barrier. (13 threads)
[2025-06-06T19:00:44.571+0000][4.194s][info ][safepoint   ] Safepoint "ICBufferFull", Time since last: 78780751 ns, Reaching safepoint: 10590291 ns, Cleanup: 104834 ns, At safepoint: 2041 ns, Total: 10697166 ns
[2025-06-06T19:00:44.606+0000][4.229s][debug][safepoint   ] Safepoint synchronization initiated using futex wait barrier. (13 threads)
[2025-06-06T19:00:44.606+0000][4.229s][info ][gc,start    ] GC(28) Pause Young (Prepare Mixed) (G1 Evacuation Pause)
[2025-06-06T19:00:44.606+0000][4.229s][info ][gc,task     ] GC(28) Using 2 workers of 2 for evacuation
[2025-06-06T19:00:44.613+0000][4.236s][info ][gc,phases   ] GC(28)   Pre Evacuate Collection Set: 0.1ms
[2025-06-06T19:00:44.613+0000][4.236s][info ][gc,phases   ] GC(28)   Merge Heap Roots: 0.1ms
[2025-06-06T19:00:44.613+0000][4.236s][info ][gc,phases   ] GC(28)   Evacuate Collection Set: 6.2ms
[2025-06-06T19:00:44.613+0000][4.236s][info ][gc,phases   ] GC(28)   Post Evacuate Collection Set: 0.7ms
[2025-06-06T19:00:44.614+0000][4.236s][info ][gc,phases   ] GC(28)   Other: 0.2ms
[2025-06-06T19:00:44.614+0000][4.236s][info ][gc,heap     ] GC(28) Eden regions: 156->0(3)
[2025-06-06T19:00:44.614+0000][4.237s][info ][gc,heap     ] GC(28) Survivor regions: 7->9(21)
[2025-06-06T19:00:44.614+0000][4.237s][info ][gc,heap     ] GC(28) Old regions: 51->51
[2025-06-06T19:00:44.614+0000][4.237s][info ][gc,heap     ] GC(28) Archive regions: 2->2
[2025-06-06T19:00:44.614+0000][4.237s][info ][gc,heap     ] GC(28) Humongous regions: 0->0
[2025-06-06T19:00:44.614+0000][4.237s][info ][gc,metaspace] GC(28) Metaspace: 39625K(40064K)->39625K(40064K) NonClass: 34622K(34880K)->34622K(34880K) Class: 5003K(5184K)->5003K(5184K)
[2025-06-06T19:00:44.614+0000][4.237s][info ][gc          ] GC(28) Pause Young (Prepare Mixed) (G1 Evacuation Pause) 214M->59M(254M) 7.947ms
[2025-06-06T19:00:44.614+0000][4.237s][info ][gc,cpu      ] GC(28) User=0.02s Sys=0.00s Real=0.00s
[2025-06-06T19:00:44.614+0000][4.237s][info ][safepoint   ] Safepoint "G1CollectForAllocation", Time since last: 34251625 ns, Reaching safepoint: 161667 ns, Cleanup: 14000 ns, At safepoint: 8063542 ns, Total: 8239209 ns
[2025-06-06T19:00:44.621+0000][4.244s][debug][safepoint   ] Safepoint synchronization initiated using futex wait barrier. (13 threads)
[2025-06-06T19:00:44.621+0000][4.244s][info ][gc,start    ] GC(29) Pause Young (Mixed) (G1 Evacuation Pause)
[2025-06-06T19:00:44.621+0000][4.244s][info ][gc,task     ] GC(29) Using 2 workers of 2 for evacuation
[2025-06-06T19:00:44.628+0000][4.251s][info ][gc,phases   ] GC(29)   Pre Evacuate Collection Set: 0.1ms
[2025-06-06T19:00:44.629+0000][4.251s][info ][gc,phases   ] GC(29)   Merge Heap Roots: 0.1ms
[2025-06-06T19:00:44.629+0000][4.251s][info ][gc,phases   ] GC(29)   Evacuate Collection Set: 6.3ms
[2025-06-06T19:00:44.629+0000][4.252s][info ][gc,phases   ] GC(29)   Post Evacuate Collection Set: 0.6ms
[2025-06-06T19:00:44.629+0000][4.252s][info ][gc,phases   ] GC(29)   Other: 0.1ms
[2025-06-06T19:00:44.629+0000][4.252s][info ][gc,heap     ] GC(29) Eden regions: 3->0(151)
[2025-06-06T19:00:44.629+0000][4.252s][info ][gc,heap     ] GC(29) Survivor regions: 9->1(2)
[2025-06-06T19:00:44.629+0000][4.252s][info ][gc,heap     ] GC(29) Old regions: 51->58
[2025-06-06T19:00:44.629+0000][4.252s][info ][gc,heap     ] GC(29) Archive regions: 2->2
[2025-06-06T19:00:44.629+0000][4.252s][info ][gc,heap     ] GC(29) Humongous regions: 0->0
[2025-06-06T19:00:44.629+0000][4.252s][info ][gc,metaspace] GC(29) Metaspace: 39690K(40128K)->39690K(40128K) NonClass: 34677K(34880K)->34677K(34880K) Class: 5013K(5248K)->5013K(5248K)
[2025-06-06T19:00:44.629+0000][4.252s][info ][gc          ] GC(29) Pause Young (Mixed) (G1 Evacuation Pause) 62M->58M(254M) 7.671ms
[2025-06-06T19:00:44.629+0000][4.252s][info ][gc,cpu      ] GC(29) User=0.02s Sys=0.00s Real=0.01s
[2025-06-06T19:00:44.629+0000][4.252s][info ][safepoint   ] Safepoint "G1CollectForAllocation", Time since last: 7146833 ns, Reaching safepoint: 126792 ns, Cleanup: 10500 ns, At safepoint: 7780208 ns, Total: 7917500 ns
[2025-06-06T19:00:44.922+0000][4.545s][debug][safepoint   ] Safepoint synchronization initiated using futex wait barrier. (13 threads)
[2025-06-06T19:00:44.924+0000][4.547s][info ][safepoint   ] Safepoint "ICBufferFull", Time since last: 293118667 ns, Reaching safepoint: 1389291 ns, Cleanup: 96334 ns, At safepoint: 4666 ns, Total: 1490291 ns
[2025-06-06T19:00:44.992+0000][4.615s][debug][safepoint   ] Safepoint synchronization initiated using futex wait barrier. (13 threads)
[2025-06-06T19:00:44.992+0000][4.615s][info ][gc,start    ] GC(30) Pause Young (Concurrent Start) (G1 Evacuation Pause)
[2025-06-06T19:00:44.992+0000][4.615s][info ][gc,task     ] GC(30) Using 2 workers of 2 for evacuation
[2025-06-06T19:00:44.995+0000][4.618s][info ][gc,phases   ] GC(30)   Pre Evacuate Collection Set: 0.1ms
[2025-06-06T19:00:44.995+0000][4.618s][info ][gc,phases   ] GC(30)   Merge Heap Roots: 0.1ms
[2025-06-06T19:00:44.995+0000][4.618s][info ][gc,phases   ] GC(30)   Evacuate Collection Set: 2.0ms
[2025-06-06T19:00:44.995+0000][4.618s][info ][gc,phases   ] GC(30)   Post Evacuate Collection Set: 0.6ms
[2025-06-06T19:00:44.995+0000][4.618s][info ][gc,phases   ] GC(30)   Other: 0.1ms
[2025-06-06T19:00:44.995+0000][4.618s][info ][gc,heap     ] GC(30) Eden regions: 151->0(150)
[2025-06-06T19:00:44.996+0000][4.618s][info ][gc,heap     ] GC(30) Survivor regions: 1->2(19)
[2025-06-06T19:00:44.996+0000][4.618s][info ][gc,heap     ] GC(30) Old regions: 58->58
[2025-06-06T19:00:44.996+0000][4.618s][info ][gc,heap     ] GC(30) Archive regions: 2->2
[2025-06-06T19:00:44.996+0000][4.619s][info ][gc,heap     ] GC(30) Humongous regions: 0->0
[2025-06-06T19:00:44.996+0000][4.619s][info ][gc,metaspace] GC(30) Metaspace: 41972K(42368K)->41972K(42368K) NonClass: 36615K(36800K)->36615K(36800K) Class: 5357K(5568K)->5357K(5568K)
[2025-06-06T19:00:44.996+0000][4.619s][info ][gc          ] GC(30) Pause Young (Concurrent Start) (G1 Evacuation Pause) 209M->59M(254M) 3.507ms
[2025-06-06T19:00:44.996+0000][4.619s][info ][gc,cpu      ] GC(30) User=0.00s Sys=0.00s Real=0.01s
[2025-06-06T19:00:44.996+0000][4.619s][info ][safepoint   ] Safepoint "G1CollectForAllocation", Time since last: 68336375 ns, Reaching safepoint: 200834 ns, Cleanup: 29375 ns, At safepoint: 3631541 ns, Total: 3861750 ns
[2025-06-06T19:00:44.996+0000][4.619s][info ][gc          ] GC(31) Concurrent Mark Cycle
[2025-06-06T19:00:44.999+0000][4.622s][info ][gc,marking  ] GC(31) Concurrent Clear Claimed Marks
[2025-06-06T19:00:44.999+0000][4.622s][info ][gc,marking  ] GC(31) Concurrent Clear Claimed Marks 0.133ms
[2025-06-06T19:00:45.000+0000][4.622s][info ][gc,marking  ] GC(31) Concurrent Scan Root Regions
[2025-06-06T19:00:45.001+0000][4.624s][info ][gc,marking  ] GC(31) Concurrent Scan Root Regions 1.317ms
[2025-06-06T19:00:45.001+0000][4.624s][info ][gc,marking  ] GC(31) Concurrent Mark
[2025-06-06T19:00:45.001+0000][4.624s][info ][gc,marking  ] GC(31) Concurrent Mark From Roots
[2025-06-06T19:00:45.001+0000][4.624s][info ][gc,task     ] GC(31) Using 1 workers of 1 for marking
[2025-06-06T19:00:45.072+0000][4.695s][info ][gc,marking  ] GC(31) Concurrent Mark From Roots 71.082ms
[2025-06-06T19:00:45.075+0000][4.698s][info ][gc,marking  ] GC(31) Concurrent Preclean
[2025-06-06T19:00:45.076+0000][4.699s][info ][gc,marking  ] GC(31) Concurrent Preclean 0.316ms
[2025-06-06T19:00:45.076+0000][4.699s][debug][safepoint   ] Safepoint synchronization initiated using futex wait barrier. (13 threads)
[2025-06-06T19:00:45.078+0000][4.701s][info ][gc,start    ] GC(31) Pause Remark
[2025-06-06T19:00:45.081+0000][4.704s][info ][gc          ] GC(31) Pause Remark 77M->77M(254M) 3.458ms
[2025-06-06T19:00:45.081+0000][4.704s][info ][gc,cpu      ] GC(31) User=0.01s Sys=0.00s Real=0.00s
[2025-06-06T19:00:45.081+0000][4.704s][info ][safepoint   ] Safepoint "G1PauseRemark", Time since last: 79991000 ns, Reaching safepoint: 1734334 ns, Cleanup: 98333 ns, At safepoint: 3709125 ns, Total: 5541792 ns
[2025-06-06T19:00:45.083+0000][4.706s][info ][gc,marking  ] GC(31) Concurrent Mark 82.051ms
[2025-06-06T19:00:45.083+0000][4.706s][info ][gc,marking  ] GC(31) Concurrent Rebuild Remembered Sets
[2025-06-06T19:00:45.111+0000][4.734s][info ][gc,marking  ] GC(31) Concurrent Rebuild Remembered Sets 28.051ms
[2025-06-06T19:00:45.115+0000][4.738s][debug][safepoint   ] Safepoint synchronization initiated using futex wait barrier. (13 threads)
[2025-06-06T19:00:45.116+0000][4.739s][info ][gc,start    ] GC(31) Pause Cleanup
[2025-06-06T19:00:45.116+0000][4.739s][info ][gc          ] GC(31) Pause Cleanup 95M->95M(254M) 0.175ms
[2025-06-06T19:00:45.116+0000][4.739s][info ][gc,cpu      ] GC(31) User=0.00s Sys=0.00s Real=0.00s
[2025-06-06T19:00:45.117+0000][4.739s][info ][safepoint   ] Safepoint "G1PauseCleanup", Time since last: 33999375 ns, Reaching safepoint: 858500 ns, Cleanup: 20417 ns, At safepoint: 279375 ns, Total: 1158292 ns
[2025-06-06T19:00:45.117+0000][4.740s][info ][gc,marking  ] GC(31) Concurrent Cleanup for Next Mark
[2025-06-06T19:00:45.118+0000][4.740s][info ][gc,marking  ] GC(31) Concurrent Cleanup for Next Mark 0.875ms
[2025-06-06T19:00:45.118+0000][4.741s][info ][gc          ] GC(31) Concurrent Mark Cycle 121.897ms
[2025-06-06T19:00:45.236+0000][4.859s][debug][safepoint   ] ... found polling page loop exception at pc = 0x0000ffff74f51ab4, stub =0x0000ffff7497ef00
[2025-06-06T19:00:45.241+0000][4.864s][debug][safepoint   ] Safepoint synchronization initiated using futex wait barrier. (13 threads)
[2025-06-06T19:00:45.241+0000][4.864s][info ][safepoint   ] Safepoint "ICBufferFull", Time since last: 124378333 ns, Reaching safepoint: 441417 ns, Cleanup: 90000 ns, At safepoint: 9333 ns, Total: 540750 ns
[2025-06-06T19:00:45.397+0000][5.020s][debug][safepoint   ] Safepoint synchronization initiated using futex wait barrier. (13 threads)
[2025-06-06T19:00:45.397+0000][5.020s][info ][safepoint   ] Safepoint "ICBufferFull", Time since last: 155546125 ns, Reaching safepoint: 210959 ns, Cleanup: 95083 ns, At safepoint: 3750 ns, Total: 309792 ns
[2025-06-06T19:00:45.497+0000][5.120s][debug][safepoint   ] Safepoint synchronization initiated using futex wait barrier. (13 threads)
[2025-06-06T19:00:45.497+0000][5.120s][info ][gc,start    ] GC(32) Pause Young (Prepare Mixed) (G1 Evacuation Pause)
[2025-06-06T19:00:45.497+0000][5.120s][info ][gc,task     ] GC(32) Using 2 workers of 2 for evacuation
[2025-06-06T19:00:45.503+0000][5.126s][info ][gc,phases   ] GC(32)   Pre Evacuate Collection Set: 0.1ms
[2025-06-06T19:00:45.503+0000][5.126s][info ][gc,phases   ] GC(32)   Merge Heap Roots: 0.1ms
[2025-06-06T19:00:45.503+0000][5.126s][info ][gc,phases   ] GC(32)   Evacuate Collection Set: 5.0ms
[2025-06-06T19:00:45.503+0000][5.126s][info ][gc,phases   ] GC(32)   Post Evacuate Collection Set: 0.6ms
[2025-06-06T19:00:45.503+0000][5.126s][info ][gc,phases   ] GC(32)   Other: 0.2ms
[2025-06-06T19:00:45.503+0000][5.126s][info ][gc,heap     ] GC(32) Eden regions: 150->0(6)
[2025-06-06T19:00:45.503+0000][5.126s][info ][gc,heap     ] GC(32) Survivor regions: 2->6(19)
[2025-06-06T19:00:45.503+0000][5.126s][info ][gc,heap     ] GC(32) Old regions: 58->58
[2025-06-06T19:00:45.503+0000][5.126s][info ][gc,heap     ] GC(32) Archive regions: 2->2
[2025-06-06T19:00:45.503+0000][5.126s][info ][gc,heap     ] GC(32) Humongous regions: 0->0
[2025-06-06T19:00:45.504+0000][5.126s][info ][gc,metaspace] GC(32) Metaspace: 46624K(47040K)->46624K(47040K) NonClass: 40621K(40832K)->40621K(40832K) Class: 6003K(6208K)->6003K(6208K)
[2025-06-06T19:00:45.504+0000][5.126s][info ][gc          ] GC(32) Pause Young (Prepare Mixed) (G1 Evacuation Pause) 209M->63M(254M) 6.603ms
[2025-06-06T19:00:45.504+0000][5.126s][info ][gc,cpu      ] GC(32) User=0.01s Sys=0.00s Real=0.00s
[2025-06-06T19:00:45.504+0000][5.127s][info ][safepoint   ] Safepoint "G1CollectForAllocation", Time since last: 99367125 ns, Reaching safepoint: 221917 ns, Cleanup: 47041 ns, At safepoint: 6706542 ns, Total: 6975500 ns
[2025-06-06T19:00:45.515+0000][5.138s][debug][safepoint   ] Safepoint synchronization initiated using futex wait barrier. (13 threads)
[2025-06-06T19:00:45.515+0000][5.138s][info ][gc,start    ] GC(33) Pause Young (Mixed) (G1 Evacuation Pause)
[2025-06-06T19:00:45.515+0000][5.138s][info ][gc,task     ] GC(33) Using 2 workers of 2 for evacuation
[2025-06-06T19:00:45.522+0000][5.145s][info ][gc,phases   ] GC(33)   Pre Evacuate Collection Set: 0.1ms
[2025-06-06T19:00:45.522+0000][5.145s][info ][gc,phases   ] GC(33)   Merge Heap Roots: 0.1ms
[2025-06-06T19:00:45.522+0000][5.145s][info ][gc,phases   ] GC(33)   Evacuate Collection Set: 5.6ms
[2025-06-06T19:00:45.522+0000][5.145s][info ][gc,phases   ] GC(33)   Post Evacuate Collection Set: 0.6ms
[2025-06-06T19:00:45.522+0000][5.145s][info ][gc,phases   ] GC(33)   Other: 0.1ms
[2025-06-06T19:00:45.522+0000][5.145s][info ][gc,heap     ] GC(33) Eden regions: 6->0(151)
[2025-06-06T19:00:45.522+0000][5.145s][info ][gc,heap     ] GC(33) Survivor regions: 6->1(2)
[2025-06-06T19:00:45.522+0000][5.145s][info ][gc,heap     ] GC(33) Old regions: 58->62
[2025-06-06T19:00:45.522+0000][5.145s][info ][gc,heap     ] GC(33) Archive regions: 2->2
[2025-06-06T19:00:45.522+0000][5.145s][info ][gc,heap     ] GC(33) Humongous regions: 0->0
[2025-06-06T19:00:45.523+0000][5.145s][info ][gc,metaspace] GC(33) Metaspace: 46958K(47360K)->46958K(47360K) NonClass: 40923K(41152K)->40923K(41152K) Class: 6034K(6208K)->6034K(6208K)
[2025-06-06T19:00:45.523+0000][5.145s][info ][gc          ] GC(33) Pause Young (Mixed) (G1 Evacuation Pause) 69M->62M(254M) 7.205ms
[2025-06-06T19:00:45.523+0000][5.145s][info ][gc,cpu      ] GC(33) User=0.02s Sys=0.00s Real=0.00s
[2025-06-06T19:00:45.523+0000][5.146s][info ][safepoint   ] Safepoint "G1CollectForAllocation", Time since last: 11498458 ns, Reaching safepoint: 178042 ns, Cleanup: 2542 ns, At safepoint: 7306375 ns, Total: 7486959 ns
[2025-06-06T19:00:45.680+0000][5.303s][debug][safepoint   ] Safepoint synchronization initiated using futex wait barrier. (13 threads)
[2025-06-06T19:00:45.680+0000][5.303s][info ][safepoint   ] Safepoint "ICBufferFull", Time since last: 157140666 ns, Reaching safepoint: 208917 ns, Cleanup: 78500 ns, At safepoint: 1750 ns, Total: 289167 ns
[2025-06-06T19:00:45.818+0000][5.441s][debug][safepoint   ] Safepoint synchronization initiated using futex wait barrier. (15 threads)
[2025-06-06T19:00:45.818+0000][5.441s][info ][safepoint   ] Safepoint "ICBufferFull", Time since last: 137961792 ns, Reaching safepoint: 193625 ns, Cleanup: 101666 ns, At safepoint: 1125 ns, Total: 296416 ns
[2025-06-06T19:00:46.824+0000][6.447s][debug][safepoint   ] Safepoint synchronization initiated using futex wait barrier. (15 threads)
[2025-06-06T19:00:46.826+0000][6.449s][info ][safepoint   ] Safepoint "Cleanup", Time since last: 1005781876 ns, Reaching safepoint: 1434750 ns, Cleanup: 71042 ns, At safepoint: 19416 ns, Total: 1525208 ns
[2025-06-06T19:00:46.902+0000][6.525s][debug][safepoint   ] Safepoint synchronization initiated using futex wait barrier. (15 threads)
[2025-06-06T19:00:46.903+0000][6.526s][info ][safepoint   ] Safepoint "ICBufferFull", Time since last: 76741167 ns, Reaching safepoint: 189625 ns, Cleanup: 82500 ns, At safepoint: 5083 ns, Total: 277208 ns
[2025-06-06T19:00:47.018+0000][6.641s][debug][safepoint   ] Safepoint synchronization initiated using futex wait barrier. (15 threads)
[2025-06-06T19:00:47.019+0000][6.642s][info ][safepoint   ] Safepoint "ICBufferFull", Time since last: 115822584 ns, Reaching safepoint: 199875 ns, Cleanup: 97500 ns, At safepoint: 1458 ns, Total: 298833 ns
[2025-06-06T19:00:47.025+0000][6.648s][debug][safepoint   ] Safepoint synchronization initiated using futex wait barrier. (15 threads)
[2025-06-06T19:00:47.026+0000][6.648s][info ][gc,start    ] GC(34) Pause Young (Normal) (G1 Evacuation Pause)
[2025-06-06T19:00:47.026+0000][6.648s][info ][gc,task     ] GC(34) Using 2 workers of 2 for evacuation
[2025-06-06T19:00:47.031+0000][6.654s][info ][gc,phases   ] GC(34)   Pre Evacuate Collection Set: 0.1ms
[2025-06-06T19:00:47.031+0000][6.654s][info ][gc,phases   ] GC(34)   Merge Heap Roots: 0.1ms
[2025-06-06T19:00:47.031+0000][6.654s][info ][gc,phases   ] GC(34)   Evacuate Collection Set: 4.4ms
[2025-06-06T19:00:47.031+0000][6.654s][info ][gc,phases   ] GC(34)   Post Evacuate Collection Set: 0.7ms
[2025-06-06T19:00:47.031+0000][6.654s][info ][gc,phases   ] GC(34)   Other: 0.2ms
[2025-06-06T19:00:47.031+0000][6.654s][info ][gc,heap     ] GC(34) Eden regions: 151->0(148)
[2025-06-06T19:00:47.031+0000][6.654s][info ][gc,heap     ] GC(34) Survivor regions: 1->4(19)
[2025-06-06T19:00:47.031+0000][6.654s][info ][gc,heap     ] GC(34) Old regions: 62->62
[2025-06-06T19:00:47.031+0000][6.654s][info ][gc,heap     ] GC(34) Archive regions: 2->2
[2025-06-06T19:00:47.031+0000][6.654s][info ][gc,heap     ] GC(34) Humongous regions: 0->0
[2025-06-06T19:00:47.032+0000][6.654s][info ][gc,metaspace] GC(34) Metaspace: 54514K(54912K)->54514K(54912K) NonClass: 47606K(47808K)->47606K(47808K) Class: 6907K(7104K)->6907K(7104K)
[2025-06-06T19:00:47.032+0000][6.654s][info ][gc          ] GC(34) Pause Young (Normal) (G1 Evacuation Pause) 213M->65M(254M) 6.036ms
[2025-06-06T19:00:47.032+0000][6.654s][info ][gc,cpu      ] GC(34) User=0.01s Sys=0.00s Real=0.00s
[2025-06-06T19:00:47.032+0000][6.655s][info ][safepoint   ] Safepoint "G1CollectForAllocation", Time since last: 6536375 ns, Reaching safepoint: 186125 ns, Cleanup: 11542 ns, At safepoint: 6192750 ns, Total: 6390417 ns
[2025-06-06T19:00:47.313+0000][6.935s][debug][safepoint   ] Safepoint synchronization initiated using futex wait barrier. (15 threads)
[2025-06-06T19:00:47.313+0000][6.936s][info ][gc,start    ] GC(35) Pause Young (Normal) (G1 Evacuation Pause)
[2025-06-06T19:00:47.313+0000][6.936s][info ][gc,task     ] GC(35) Using 2 workers of 2 for evacuation
[2025-06-06T19:00:47.318+0000][6.941s][info ][gc,phases   ] GC(35)   Pre Evacuate Collection Set: 0.1ms
[2025-06-06T19:00:47.318+0000][6.941s][info ][gc,phases   ] GC(35)   Merge Heap Roots: 0.1ms
[2025-06-06T19:00:47.318+0000][6.941s][info ][gc,phases   ] GC(35)   Evacuate Collection Set: 4.0ms
[2025-06-06T19:00:47.318+0000][6.941s][info ][gc,phases   ] GC(35)   Post Evacuate Collection Set: 0.7ms
[2025-06-06T19:00:47.318+0000][6.941s][info ][gc,phases   ] GC(35)   Other: 0.2ms
[2025-06-06T19:00:47.318+0000][6.941s][info ][gc,heap     ] GC(35) Eden regions: 148->0(147)
[2025-06-06T19:00:47.318+0000][6.941s][info ][gc,heap     ] GC(35) Survivor regions: 4->5(19)
[2025-06-06T19:00:47.318+0000][6.941s][info ][gc,heap     ] GC(35) Old regions: 62->62
[2025-06-06T19:00:47.318+0000][6.941s][info ][gc,heap     ] GC(35) Archive regions: 2->2
[2025-06-06T19:00:47.318+0000][6.941s][info ][gc,heap     ] GC(35) Humongous regions: 0->0
[2025-06-06T19:00:47.318+0000][6.941s][info ][gc,metaspace] GC(35) Metaspace: 58637K(59072K)->58637K(59072K) NonClass: 51135K(51328K)->51135K(51328K) Class: 7501K(7744K)->7501K(7744K)
[2025-06-06T19:00:47.318+0000][6.941s][info ][gc          ] GC(35) Pause Young (Normal) (G1 Evacuation Pause) 213M->66M(254M) 5.625ms
[2025-06-06T19:00:47.318+0000][6.941s][info ][gc,cpu      ] GC(35) User=0.01s Sys=0.00s Real=0.01s
[2025-06-06T19:00:47.319+0000][6.941s][info ][safepoint   ] Safepoint "G1CollectForAllocation", Time since last: 280824958 ns, Reaching safepoint: 219833 ns, Cleanup: 36459 ns, At safepoint: 5765666 ns, Total: 6021958 ns
[2025-06-06T19:00:47.495+0000][7.118s][debug][safepoint   ] Safepoint synchronization initiated using futex wait barrier. (18 threads)
[2025-06-06T19:00:47.495+0000][7.118s][info ][safepoint   ] Safepoint "ICBufferFull", Time since last: 176293584 ns, Reaching safepoint: 214000 ns, Cleanup: 129042 ns, At safepoint: 6291 ns, Total: 349333 ns
[2025-06-06T19:00:47.520+0000][7.143s][debug][safepoint   ] Safepoint synchronization initiated using futex wait barrier. (18 threads)
[2025-06-06T19:00:47.520+0000][7.143s][info ][safepoint   ] Safepoint "ICBufferFull", Time since last: 24858084 ns, Reaching safepoint: 164125 ns, Cleanup: 120041 ns, At safepoint: 4959 ns, Total: 289125 ns
[2025-06-06T19:00:47.520+0000][7.143s][debug][safepoint   ] Safepoint synchronization initiated using futex wait barrier. (18 threads)
[2025-06-06T19:00:47.521+0000][7.144s][info ][safepoint   ] Safepoint "ICBufferFull", Time since last: 149416 ns, Reaching safepoint: 858500 ns, Cleanup: 7125 ns, At safepoint: 13209 ns, Total: 878834 ns
[2025-06-06T19:00:47.526+0000][7.149s][debug][safepoint   ] Safepoint synchronization initiated using futex wait barrier. (18 threads)
[2025-06-06T19:00:47.526+0000][7.149s][info ][safepoint   ] Safepoint "ICBufferFull", Time since last: 4825083 ns, Reaching safepoint: 145708 ns, Cleanup: 85542 ns, At safepoint: 4042 ns, Total: 235292 ns
[2025-06-06T19:00:47.527+0000][7.149s][debug][safepoint   ] Safepoint synchronization initiated using futex wait barrier. (18 threads)
[2025-06-06T19:00:47.527+0000][7.150s][info ][safepoint   ] Safepoint "ICBufferFull", Time since last: 148125 ns, Reaching safepoint: 771791 ns, Cleanup: 12417 ns, At safepoint: 7750 ns, Total: 791958 ns
[2025-06-06T19:00:47.721+0000][7.344s][debug][safepoint   ] Safepoint synchronization initiated using futex wait barrier. (18 threads)
[2025-06-06T19:00:47.725+0000][7.348s][info ][safepoint   ] Safepoint "ICBufferFull", Time since last: 194033750 ns, Reaching safepoint: 3162750 ns, Cleanup: 104583 ns, At safepoint: 6209 ns, Total: 3273542 ns
[2025-06-06T19:00:47.755+0000][7.378s][debug][safepoint   ] Safepoint synchronization initiated using futex wait barrier. (18 threads)
[2025-06-06T19:00:47.756+0000][7.379s][info ][gc,start    ] GC(36) Pause Young (Normal) (G1 Evacuation Pause)
[2025-06-06T19:00:47.756+0000][7.379s][info ][gc,task     ] GC(36) Using 2 workers of 2 for evacuation
[2025-06-06T19:00:47.762+0000][7.385s][info ][gc,phases   ] GC(36)   Pre Evacuate Collection Set: 0.1ms
[2025-06-06T19:00:47.762+0000][7.385s][info ][gc,phases   ] GC(36)   Merge Heap Roots: 0.1ms
[2025-06-06T19:00:47.762+0000][7.385s][info ][gc,phases   ] GC(36)   Evacuate Collection Set: 4.7ms
[2025-06-06T19:00:47.762+0000][7.385s][info ][gc,phases   ] GC(36)   Post Evacuate Collection Set: 0.9ms
[2025-06-06T19:00:47.762+0000][7.385s][info ][gc,phases   ] GC(36)   Other: 0.2ms
[2025-06-06T19:00:47.762+0000][7.385s][info ][gc,heap     ] GC(36) Eden regions: 147->0(146)
[2025-06-06T19:00:47.762+0000][7.385s][info ][gc,heap     ] GC(36) Survivor regions: 5->6(19)
[2025-06-06T19:00:47.762+0000][7.385s][info ][gc,heap     ] GC(36) Old regions: 62->62
[2025-06-06T19:00:47.762+0000][7.385s][info ][gc,heap     ] GC(36) Archive regions: 2->2
[2025-06-06T19:00:47.762+0000][7.385s][info ][gc,heap     ] GC(36) Humongous regions: 0->0
[2025-06-06T19:00:47.763+0000][7.385s][info ][gc,metaspace] GC(36) Metaspace: 63342K(63872K)->63342K(63872K) NonClass: 55292K(55552K)->55292K(55552K) Class: 8049K(8320K)->8049K(8320K)
[2025-06-06T19:00:47.763+0000][7.385s][info ][gc          ] GC(36) Pause Young (Normal) (G1 Evacuation Pause) 213M->67M(254M) 6.552ms
[2025-06-06T19:00:47.763+0000][7.385s][info ][gc,cpu      ] GC(36) User=0.02s Sys=0.00s Real=0.00s
[2025-06-06T19:00:47.763+0000][7.386s][info ][safepoint   ] Safepoint "G1CollectForAllocation", Time since last: 30379583 ns, Reaching safepoint: 172458 ns, Cleanup: 763500 ns, At safepoint: 6659459 ns, Total: 7595417 ns
[2025-06-06T19:00:48.035+0000][7.658s][debug][safepoint   ] Safepoint synchronization initiated using futex wait barrier. (18 threads)
[2025-06-06T19:00:48.035+0000][7.658s][info ][gc,start    ] GC(37) Pause Young (Normal) (G1 Evacuation Pause)
[2025-06-06T19:00:48.035+0000][7.658s][info ][gc,task     ] GC(37) Using 2 workers of 2 for evacuation
[2025-06-06T19:00:48.041+0000][7.664s][info ][gc,phases   ] GC(37)   Pre Evacuate Collection Set: 0.1ms
[2025-06-06T19:00:48.042+0000][7.664s][info ][gc,phases   ] GC(37)   Merge Heap Roots: 0.1ms
[2025-06-06T19:00:48.042+0000][7.664s][info ][gc,phases   ] GC(37)   Evacuate Collection Set: 5.1ms
[2025-06-06T19:00:48.042+0000][7.665s][info ][gc,phases   ] GC(37)   Post Evacuate Collection Set: 0.7ms
[2025-06-06T19:00:48.042+0000][7.665s][info ][gc,phases   ] GC(37)   Other: 0.2ms
[2025-06-06T19:00:48.042+0000][7.665s][info ][gc,heap     ] GC(37) Eden regions: 146->0(145)
[2025-06-06T19:00:48.042+0000][7.665s][info ][gc,heap     ] GC(37) Survivor regions: 6->7(19)
[2025-06-06T19:00:48.042+0000][7.665s][info ][gc,heap     ] GC(37) Old regions: 62->62
[2025-06-06T19:00:48.042+0000][7.665s][info ][gc,heap     ] GC(37) Archive regions: 2->2
[2025-06-06T19:00:48.042+0000][7.665s][info ][gc,heap     ] GC(37) Humongous regions: 0->0
[2025-06-06T19:00:48.042+0000][7.665s][info ][gc,metaspace] GC(37) Metaspace: 67335K(67840K)->67335K(67840K) NonClass: 58680K(58944K)->58680K(58944K) Class: 8655K(8896K)->8655K(8896K)
[2025-06-06T19:00:48.042+0000][7.665s][info ][gc          ] GC(37) Pause Young (Normal) (G1 Evacuation Pause) 213M->68M(254M) 6.758ms
[2025-06-06T19:00:48.042+0000][7.665s][info ][gc,cpu      ] GC(37) User=0.02s Sys=0.00s Real=0.00s
[2025-06-06T19:00:48.042+0000][7.665s][info ][safepoint   ] Safepoint "G1CollectForAllocation", Time since last: 272356125 ns, Reaching safepoint: 209333 ns, Cleanup: 87042 ns, At safepoint: 6882541 ns, Total: 7178916 ns
[2025-06-06T19:00:48.068+0000][7.691s][debug][safepoint   ] Safepoint synchronization initiated using futex wait barrier. (18 threads)
[2025-06-06T19:00:48.069+0000][7.691s][info ][safepoint   ] Safepoint "ICBufferFull", Time since last: 26064959 ns, Reaching safepoint: 202542 ns, Cleanup: 66333 ns, At safepoint: 1250 ns, Total: 270125 ns
[2025-06-06T19:00:48.112+0000][7.735s][debug][safepoint   ] Safepoint synchronization initiated using futex wait barrier. (18 threads)
[2025-06-06T19:00:48.114+0000][7.737s][info ][safepoint   ] Safepoint "ICBufferFull", Time since last: 43271250 ns, Reaching safepoint: 1759667 ns, Cleanup: 81750 ns, At safepoint: 7125 ns, Total: 1848542 ns
[2025-06-06T19:00:48.246+0000][7.869s][debug][safepoint   ] Safepoint synchronization initiated using futex wait barrier. (18 threads)
[2025-06-06T19:00:48.246+0000][7.869s][info ][safepoint   ] Safepoint "ICBufferFull", Time since last: 132411041 ns, Reaching safepoint: 201250 ns, Cleanup: 84209 ns, At safepoint: 1375 ns, Total: 286834 ns
[2025-06-06T19:00:48.336+0000][7.959s][debug][safepoint   ] Safepoint synchronization initiated using futex wait barrier. (18 threads)
[2025-06-06T19:00:48.336+0000][7.959s][info ][safepoint   ] Safepoint "ICBufferFull", Time since last: 89372958 ns, Reaching safepoint: 193167 ns, Cleanup: 93291 ns, At safepoint: 4292 ns, Total: 290750 ns
[2025-06-06T19:00:48.403+0000][8.026s][debug][safepoint   ] Safepoint synchronization initiated using futex wait barrier. (18 threads)
[2025-06-06T19:00:48.403+0000][8.026s][info ][gc,start    ] GC(38) Pause Young (Normal) (G1 Evacuation Pause)
[2025-06-06T19:00:48.403+0000][8.026s][info ][gc,task     ] GC(38) Using 2 workers of 2 for evacuation
[2025-06-06T19:00:48.413+0000][8.035s][info ][gc,phases   ] GC(38)   Pre Evacuate Collection Set: 0.1ms
[2025-06-06T19:00:48.413+0000][8.036s][info ][gc,phases   ] GC(38)   Merge Heap Roots: 0.1ms
[2025-06-06T19:00:48.413+0000][8.036s][info ][gc,phases   ] GC(38)   Evacuate Collection Set: 8.5ms
[2025-06-06T19:00:48.413+0000][8.036s][info ][gc,phases   ] GC(38)   Post Evacuate Collection Set: 0.9ms
[2025-06-06T19:00:48.413+0000][8.036s][info ][gc,phases   ] GC(38)   Other: 0.1ms
[2025-06-06T19:00:48.413+0000][8.036s][info ][gc,heap     ] GC(38) Eden regions: 145->0(141)
[2025-06-06T19:00:48.413+0000][8.036s][info ][gc,heap     ] GC(38) Survivor regions: 7->11(19)
[2025-06-06T19:00:48.413+0000][8.036s][info ][gc,heap     ] GC(38) Old regions: 62->62
[2025-06-06T19:00:48.413+0000][8.036s][info ][gc,heap     ] GC(38) Archive regions: 2->2
[2025-06-06T19:00:48.413+0000][8.036s][info ][gc,heap     ] GC(38) Humongous regions: 0->0
[2025-06-06T19:00:48.413+0000][8.036s][info ][gc,metaspace] GC(38) Metaspace: 70720K(71232K)->70720K(71232K) NonClass: 61675K(61952K)->61675K(61952K) Class: 9044K(9280K)->9044K(9280K)
[2025-06-06T19:00:48.413+0000][8.036s][info ][gc          ] GC(38) Pause Young (Normal) (G1 Evacuation Pause) 213M->72M(254M) 10.245ms
[2025-06-06T19:00:48.413+0000][8.036s][info ][gc,cpu      ] GC(38) User=0.03s Sys=0.00s Real=0.01s
[2025-06-06T19:00:48.413+0000][8.036s][info ][safepoint   ] Safepoint "G1CollectForAllocation", Time since last: 66683417 ns, Reaching safepoint: 206791 ns, Cleanup: 24667 ns, At safepoint: 10354333 ns, Total: 10585791 ns
[2025-06-06T19:00:48.428+0000][8.051s][debug][safepoint   ] Safepoint synchronization initiated using futex wait barrier. (18 threads)
[2025-06-06T19:00:48.429+0000][8.051s][info ][gc,start    ] GC(39) Pause Young (Concurrent Start) (Metadata GC Threshold)
[2025-06-06T19:00:48.429+0000][8.052s][info ][gc,task     ] GC(39) Using 2 workers of 2 for evacuation
[2025-06-06T19:00:48.437+0000][8.060s][info ][gc,phases   ] GC(39)   Pre Evacuate Collection Set: 0.1ms
[2025-06-06T19:00:48.437+0000][8.060s][info ][gc,phases   ] GC(39)   Merge Heap Roots: 0.1ms
[2025-06-06T19:00:48.438+0000][8.060s][info ][gc,phases   ] GC(39)   Evacuate Collection Set: 7.7ms
[2025-06-06T19:00:48.438+0000][8.060s][info ][gc,phases   ] GC(39)   Post Evacuate Collection Set: 0.7ms
[2025-06-06T19:00:48.438+0000][8.061s][info ][gc,phases   ] GC(39)   Other: 0.2ms
[2025-06-06T19:00:48.438+0000][8.061s][info ][gc,heap     ] GC(39) Eden regions: 8->0(144)
[2025-06-06T19:00:48.438+0000][8.061s][info ][gc,heap     ] GC(39) Survivor regions: 11->8(19)
[2025-06-06T19:00:48.438+0000][8.061s][info ][gc,heap     ] GC(39) Old regions: 62->65
[2025-06-06T19:00:48.438+0000][8.061s][info ][gc,heap     ] GC(39) Archive regions: 2->2
[2025-06-06T19:00:48.438+0000][8.061s][info ][gc,heap     ] GC(39) Humongous regions: 0->0
[2025-06-06T19:00:48.438+0000][8.061s][info ][gc,metaspace] GC(39) Metaspace: 70929K(71360K)->70929K(71360K) NonClass: 61859K(62080K)->61859K(62080K) Class: 9069K(9280K)->9069K(9280K)
[2025-06-06T19:00:48.438+0000][8.061s][info ][gc          ] GC(39) Pause Young (Concurrent Start) (Metadata GC Threshold) 80M->72M(254M) 9.468ms
[2025-06-06T19:00:48.438+0000][8.061s][info ][gc,cpu      ] GC(39) User=0.03s Sys=0.00s Real=0.01s
[2025-06-06T19:00:48.438+0000][8.061s][info ][gc          ] GC(40) Concurrent Mark Cycle
[2025-06-06T19:00:48.438+0000][8.061s][info ][gc,marking  ] GC(40) Concurrent Clear Claimed Marks
[2025-06-06T19:00:48.438+0000][8.061s][info ][safepoint   ] Safepoint "CollectForMetadataAllocation", Time since last: 15106959 ns, Reaching safepoint: 178375 ns, Cleanup: 3291 ns, At safepoint: 9648584 ns, Total: 9830250 ns
[2025-06-06T19:00:48.438+0000][8.061s][info ][gc,marking  ] GC(40) Concurrent Clear Claimed Marks 0.121ms
[2025-06-06T19:00:48.442+0000][8.065s][info ][gc,marking  ] GC(40) Concurrent Scan Root Regions
[2025-06-06T19:00:48.448+0000][8.071s][info ][gc,marking  ] GC(40) Concurrent Scan Root Regions 5.736ms
[2025-06-06T19:00:48.448+0000][8.071s][info ][gc,marking  ] GC(40) Concurrent Mark
[2025-06-06T19:00:48.448+0000][8.071s][info ][gc,marking  ] GC(40) Concurrent Mark From Roots
[2025-06-06T19:00:48.448+0000][8.071s][info ][gc,task     ] GC(40) Using 1 workers of 1 for marking
[2025-06-06T19:00:48.487+0000][8.110s][debug][safepoint   ] Safepoint synchronization initiated using futex wait barrier. (18 threads)
[2025-06-06T19:00:48.487+0000][8.110s][info ][safepoint   ] Safepoint "CollectForMetadataAllocation", Time since last: 48452500 ns, Reaching safepoint: 182833 ns, Cleanup: 24417 ns, At safepoint: 37208 ns, Total: 244458 ns
[2025-06-06T19:00:48.511+0000][8.134s][info ][gc,marking  ] GC(40) Concurrent Mark From Roots 62.369ms
[2025-06-06T19:00:48.511+0000][8.134s][info ][gc,marking  ] GC(40) Concurrent Preclean
[2025-06-06T19:00:48.511+0000][8.134s][info ][gc,marking  ] GC(40) Concurrent Preclean 0.226ms
[2025-06-06T19:00:48.511+0000][8.134s][debug][safepoint   ] Safepoint synchronization initiated using futex wait barrier. (18 threads)
[2025-06-06T19:00:48.514+0000][8.136s][info ][gc,start    ] GC(40) Pause Remark
[2025-06-06T19:00:48.518+0000][8.141s][info ][gc          ] GC(40) Pause Remark 94M->94M(254M) 4.654ms
[2025-06-06T19:00:48.518+0000][8.141s][info ][gc,cpu      ] GC(40) User=0.01s Sys=0.00s Real=0.01s
[2025-06-06T19:00:48.518+0000][8.141s][info ][safepoint   ] Safepoint "G1PauseRemark", Time since last: 24450625 ns, Reaching safepoint: 2060167 ns, Cleanup: 79958 ns, At safepoint: 4895375 ns, Total: 7035500 ns
[2025-06-06T19:00:48.521+0000][8.144s][info ][gc,marking  ] GC(40) Concurrent Mark 73.207ms
[2025-06-06T19:00:48.522+0000][8.144s][info ][gc,marking  ] GC(40) Concurrent Rebuild Remembered Sets
[2025-06-06T19:00:48.534+0000][8.157s][debug][safepoint   ] Safepoint synchronization initiated using futex wait barrier. (18 threads)
[2025-06-06T19:00:48.536+0000][8.159s][info ][safepoint   ] Safepoint "ICBufferFull", Time since last: 15951750 ns, Reaching safepoint: 1170875 ns, Cleanup: 92250 ns, At safepoint: 17417 ns, Total: 1280542 ns
[2025-06-06T19:00:48.593+0000][8.216s][info ][gc,marking  ] GC(40) Concurrent Rebuild Remembered Sets 71.812ms
[2025-06-06T19:00:48.594+0000][8.217s][debug][safepoint   ] Safepoint synchronization initiated using futex wait barrier. (18 threads)
[2025-06-06T19:00:48.596+0000][8.219s][info ][gc,start    ] GC(40) Pause Cleanup
[2025-06-06T19:00:48.596+0000][8.219s][info ][gc          ] GC(40) Pause Cleanup 104M->104M(254M) 0.229ms
[2025-06-06T19:00:48.596+0000][8.219s][info ][gc,cpu      ] GC(40) User=0.00s Sys=0.00s Real=0.00s
[2025-06-06T19:00:48.596+0000][8.219s][info ][safepoint   ] Safepoint "G1PauseCleanup", Time since last: 58215750 ns, Reaching safepoint: 1719916 ns, Cleanup: 81042 ns, At safepoint: 391042 ns, Total: 2192000 ns
[2025-06-06T19:00:48.596+0000][8.219s][info ][gc,marking  ] GC(40) Concurrent Cleanup for Next Mark
[2025-06-06T19:00:48.597+0000][8.219s][info ][gc,marking  ] GC(40) Concurrent Cleanup for Next Mark 0.204ms
[2025-06-06T19:00:48.597+0000][8.220s][info ][gc          ] GC(40) Concurrent Mark Cycle 158.466ms
[2025-06-06T19:00:48.617+0000][8.240s][debug][safepoint   ] Safepoint synchronization initiated using futex wait barrier. (18 threads)
[2025-06-06T19:00:48.619+0000][8.241s][info ][safepoint   ] Safepoint "ICBufferFull", Time since last: 21357833 ns, Reaching safepoint: 1068333 ns, Cleanup: 81917 ns, At safepoint: 6583 ns, Total: 1156833 ns
[2025-06-06T19:00:48.879+0000][8.502s][debug][safepoint   ] Safepoint synchronization initiated using futex wait barrier. (18 threads)
[2025-06-06T19:00:48.879+0000][8.502s][info ][gc,start    ] GC(41) Pause Young (Prepare Mixed) (G1 Evacuation Pause)
[2025-06-06T19:00:48.879+0000][8.502s][info ][gc,task     ] GC(41) Using 2 workers of 2 for evacuation
[2025-06-06T19:00:48.887+0000][8.510s][info ][gc,phases   ] GC(41)   Pre Evacuate Collection Set: 0.1ms
[2025-06-06T19:00:48.887+0000][8.510s][info ][gc,phases   ] GC(41)   Merge Heap Roots: 0.1ms
[2025-06-06T19:00:48.887+0000][8.510s][info ][gc,phases   ] GC(41)   Evacuate Collection Set: 6.9ms
[2025-06-06T19:00:48.887+0000][8.510s][info ][gc,phases   ] GC(41)   Post Evacuate Collection Set: 0.8ms
[2025-06-06T19:00:48.887+0000][8.510s][info ][gc,phases   ] GC(41)   Other: 0.1ms
[2025-06-06T19:00:48.887+0000][8.510s][info ][gc,heap     ] GC(41) Eden regions: 144->0(3)
[2025-06-06T19:00:48.887+0000][8.510s][info ][gc,heap     ] GC(41) Survivor regions: 8->9(19)
[2025-06-06T19:00:48.888+0000][8.510s][info ][gc,heap     ] GC(41) Old regions: 65->65
[2025-06-06T19:00:48.888+0000][8.510s][info ][gc,heap     ] GC(41) Archive regions: 2->2
[2025-06-06T19:00:48.888+0000][8.510s][info ][gc,heap     ] GC(41) Humongous regions: 0->0
[2025-06-06T19:00:48.888+0000][8.511s][info ][gc,metaspace] GC(41) Metaspace: 75972K(76480K)->75972K(76480K) NonClass: 66123K(66368K)->66123K(66368K) Class: 9848K(10112K)->9848K(10112K)
[2025-06-06T19:00:48.888+0000][8.511s][info ][gc          ] GC(41) Pause Young (Prepare Mixed) (G1 Evacuation Pause) 216M->73M(254M) 8.561ms
[2025-06-06T19:00:48.888+0000][8.511s][info ][gc,cpu      ] GC(41) User=0.02s Sys=0.00s Real=0.01s
[2025-06-06T19:00:48.888+0000][8.511s][info ][safepoint   ] Safepoint "G1CollectForAllocation", Time since last: 260299959 ns, Reaching safepoint: 212458 ns, Cleanup: 48334 ns, At safepoint: 8668791 ns, Total: 8929583 ns
[2025-06-06T19:00:48.894+0000][8.517s][debug][safepoint   ] Safepoint synchronization initiated using futex wait barrier. (18 threads)
[2025-06-06T19:00:48.894+0000][8.517s][info ][gc,start    ] GC(42) Pause Young (Mixed) (G1 Evacuation Pause)
[2025-06-06T19:00:48.894+0000][8.517s][info ][gc,task     ] GC(42) Using 2 workers of 2 for evacuation
[2025-06-06T19:00:48.904+0000][8.526s][info ][gc,phases   ] GC(42)   Pre Evacuate Collection Set: 0.1ms
[2025-06-06T19:00:48.904+0000][8.527s][info ][gc,phases   ] GC(42)   Merge Heap Roots: 0.2ms
[2025-06-06T19:00:48.904+0000][8.527s][info ][gc,phases   ] GC(42)   Evacuate Collection Set: 8.3ms
[2025-06-06T19:00:48.904+0000][8.527s][info ][gc,phases   ] GC(42)   Post Evacuate Collection Set: 0.8ms
[2025-06-06T19:00:48.904+0000][8.527s][info ][gc,phases   ] GC(42)   Other: 0.2ms
[2025-06-06T19:00:48.904+0000][8.527s][info ][gc,heap     ] GC(42) Eden regions: 3->0(147)
[2025-06-06T19:00:48.904+0000][8.527s][info ][gc,heap     ] GC(42) Survivor regions: 9->1(2)
[2025-06-06T19:00:48.904+0000][8.527s][info ][gc,heap     ] GC(42) Old regions: 65->71
[2025-06-06T19:00:48.904+0000][8.527s][info ][gc,heap     ] GC(42) Archive regions: 2->2
[2025-06-06T19:00:48.904+0000][8.527s][info ][gc,heap     ] GC(42) Humongous regions: 0->0
[2025-06-06T19:00:48.904+0000][8.527s][info ][gc,metaspace] GC(42) Metaspace: 76064K(76544K)->76064K(76544K) NonClass: 66197K(66432K)->66197K(66432K) Class: 9866K(10112K)->9866K(10112K)
[2025-06-06T19:00:48.904+0000][8.527s][info ][gc          ] GC(42) Pause Young (Mixed) (G1 Evacuation Pause) 76M->72M(254M) 10.101ms
[2025-06-06T19:00:48.904+0000][8.527s][info ][gc,cpu      ] GC(42) User=0.02s Sys=0.00s Real=0.01s
[2025-06-06T19:00:48.904+0000][8.527s][info ][safepoint   ] Safepoint "G1CollectForAllocation", Time since last: 6151167 ns, Reaching safepoint: 156500 ns, Cleanup: 2500 ns, At safepoint: 10224625 ns, Total: 10383625 ns
[2025-06-06T19:00:49.066+0000][8.689s][debug][safepoint   ] Safepoint synchronization initiated using futex wait barrier. (18 threads)
[2025-06-06T19:00:49.066+0000][8.689s][info ][safepoint   ] Safepoint "ICBufferFull", Time since last: 161707500 ns, Reaching safepoint: 221417 ns, Cleanup: 110458 ns, At safepoint: 1417 ns, Total: 333292 ns
[2025-06-06T19:00:49.123+0000][8.746s][debug][safepoint   ] Safepoint synchronization initiated using futex wait barrier. (18 threads)
[2025-06-06T19:00:49.124+0000][8.747s][info ][safepoint   ] Safepoint "ICBufferFull", Time since last: 57109708 ns, Reaching safepoint: 209750 ns, Cleanup: 86958 ns, At safepoint: 7792 ns, Total: 304500 ns
[2025-06-06T19:00:49.142+0000][8.765s][debug][safepoint   ] Safepoint synchronization initiated using futex wait barrier. (18 threads)
[2025-06-06T19:00:49.142+0000][8.765s][info ][safepoint   ] Safepoint "ICBufferFull", Time since last: 17957875 ns, Reaching safepoint: 166083 ns, Cleanup: 67709 ns, At safepoint: 7125 ns, Total: 240917 ns
[2025-06-06T19:00:49.162+0000][8.784s][debug][safepoint   ] Safepoint synchronization initiated using futex wait barrier. (18 threads)
[2025-06-06T19:00:49.162+0000][8.785s][info ][safepoint   ] Safepoint "ICBufferFull", Time since last: 19546958 ns, Reaching safepoint: 843667 ns, Cleanup: 78000 ns, At safepoint: 5041 ns, Total: 926708 ns
[2025-06-06T19:00:49.170+0000][8.793s][debug][safepoint   ] Safepoint synchronization initiated using futex wait barrier. (18 threads)
[2025-06-06T19:00:49.172+0000][8.795s][info ][safepoint   ] Safepoint "ICBufferFull", Time since last: 7717334 ns, Reaching safepoint: 1407666 ns, Cleanup: 72709 ns, At safepoint: 6666 ns, Total: 1487041 ns
[2025-06-06T19:00:49.183+0000][8.806s][debug][safepoint   ] Safepoint synchronization initiated using futex wait barrier. (18 threads)
[2025-06-06T19:00:49.183+0000][8.806s][info ][safepoint   ] Safepoint "ICBufferFull", Time since last: 11527250 ns, Reaching safepoint: 178709 ns, Cleanup: 49500 ns, At safepoint: 1250 ns, Total: 229459 ns
[2025-06-06T19:00:49.186+0000][8.809s][debug][safepoint   ] Safepoint synchronization initiated using futex wait barrier. (18 threads)
[2025-06-06T19:00:49.186+0000][8.809s][info ][gc,start    ] GC(43) Pause Young (Concurrent Start) (G1 Evacuation Pause)
[2025-06-06T19:00:49.186+0000][8.809s][info ][gc,task     ] GC(43) Using 2 workers of 2 for evacuation
[2025-06-06T19:00:49.190+0000][8.813s][info ][gc,phases   ] GC(43)   Pre Evacuate Collection Set: 0.1ms
[2025-06-06T19:00:49.190+0000][8.813s][info ][gc,phases   ] GC(43)   Merge Heap Roots: 0.1ms
[2025-06-06T19:00:49.190+0000][8.813s][info ][gc,phases   ] GC(43)   Evacuate Collection Set: 2.7ms
[2025-06-06T19:00:49.190+0000][8.813s][info ][gc,phases   ] GC(43)   Post Evacuate Collection Set: 0.6ms
[2025-06-06T19:00:49.190+0000][8.813s][info ][gc,phases   ] GC(43)   Other: 0.2ms
[2025-06-06T19:00:49.190+0000][8.813s][info ][gc,heap     ] GC(43) Eden regions: 147->0(147)
[2025-06-06T19:00:49.190+0000][8.813s][info ][gc,heap     ] GC(43) Survivor regions: 1->2(19)
[2025-06-06T19:00:49.190+0000][8.813s][info ][gc,heap     ] GC(43) Old regions: 71->71
[2025-06-06T19:00:49.190+0000][8.813s][info ][gc,heap     ] GC(43) Archive regions: 2->2
[2025-06-06T19:00:49.190+0000][8.813s][info ][gc,heap     ] GC(43) Humongous regions: 0->0
[2025-06-06T19:00:49.190+0000][8.813s][info ][gc,metaspace] GC(43) Metaspace: 78919K(79488K)->78919K(79488K) NonClass: 68565K(68864K)->68565K(68864K) Class: 10353K(10624K)->10353K(10624K)
[2025-06-06T19:00:49.191+0000][8.813s][info ][gc          ] GC(43) Pause Young (Concurrent Start) (G1 Evacuation Pause) 219M->72M(254M) 4.367ms
[2025-06-06T19:00:49.191+0000][8.814s][info ][gc,cpu      ] GC(43) User=0.01s Sys=0.01s Real=0.00s
[2025-06-06T19:00:49.191+0000][8.814s][info ][safepoint   ] Safepoint "G1CollectForAllocation", Time since last: 2677958 ns, Reaching safepoint: 115750 ns, Cleanup: 20083 ns, At safepoint: 4497042 ns, Total: 4632875 ns
[2025-06-06T19:00:49.191+0000][8.814s][info ][gc          ] GC(44) Concurrent Mark Cycle
[2025-06-06T19:00:49.192+0000][8.814s][info ][gc,marking  ] GC(44) Concurrent Clear Claimed Marks
[2025-06-06T19:00:49.192+0000][8.815s][info ][gc,marking  ] GC(44) Concurrent Clear Claimed Marks 0.364ms
[2025-06-06T19:00:49.193+0000][8.816s][info ][gc,marking  ] GC(44) Concurrent Scan Root Regions
[2025-06-06T19:00:49.195+0000][8.818s][info ][gc,marking  ] GC(44) Concurrent Scan Root Regions 1.440ms
[2025-06-06T19:00:49.195+0000][8.818s][info ][gc,marking  ] GC(44) Concurrent Mark
[2025-06-06T19:00:49.196+0000][8.819s][info ][gc,marking  ] GC(44) Concurrent Mark From Roots
[2025-06-06T19:00:49.197+0000][8.820s][info ][gc,task     ] GC(44) Using 1 workers of 1 for marking
[2025-06-06T19:00:49.221+0000][8.844s][debug][safepoint   ] Safepoint synchronization initiated using futex wait barrier. (18 threads)
[2025-06-06T19:00:49.222+0000][8.845s][info ][safepoint   ] Safepoint "ICBufferFull", Time since last: 30640417 ns, Reaching safepoint: 231541 ns, Cleanup: 70959 ns, At safepoint: 5000 ns, Total: 307500 ns
[2025-06-06T19:00:49.233+0000][8.856s][debug][safepoint   ] Safepoint synchronization initiated using futex wait barrier. (18 threads)
[2025-06-06T19:00:49.235+0000][8.858s][info ][safepoint   ] Safepoint "ICBufferFull", Time since last: 11411000 ns, Reaching safepoint: 1505375 ns, Cleanup: 93833 ns, At safepoint: 15125 ns, Total: 1614333 ns
[2025-06-06T19:00:49.276+0000][8.899s][debug][safepoint   ] Safepoint synchronization initiated using futex wait barrier. (18 threads)
[2025-06-06T19:00:49.277+0000][8.900s][info ][safepoint   ] Safepoint "ICBufferFull", Time since last: 41240500 ns, Reaching safepoint: 869292 ns, Cleanup: 105000 ns, At safepoint: 11250 ns, Total: 985542 ns
[2025-06-06T19:00:49.277+0000][8.900s][debug][safepoint   ] Safepoint synchronization initiated using futex wait barrier. (18 threads)
[2025-06-06T19:00:49.277+0000][8.900s][info ][safepoint   ] Safepoint "ICBufferFull", Time since last: 134000 ns, Reaching safepoint: 321208 ns, Cleanup: 6625 ns, At safepoint: 10208 ns, Total: 338041 ns
[2025-06-06T19:00:49.281+0000][8.904s][debug][safepoint   ] Safepoint synchronization initiated using futex wait barrier. (18 threads)
[2025-06-06T19:00:49.281+0000][8.904s][info ][safepoint   ] Safepoint "ICBufferFull", Time since last: 3234209 ns, Reaching safepoint: 198208 ns, Cleanup: 90375 ns, At safepoint: 5875 ns, Total: 294458 ns
[2025-06-06T19:00:49.293+0000][8.916s][info ][gc,marking  ] GC(44) Concurrent Mark From Roots 96.441ms
[2025-06-06T19:00:49.293+0000][8.916s][info ][gc,marking  ] GC(44) Concurrent Preclean
[2025-06-06T19:00:49.294+0000][8.917s][info ][gc,marking  ] GC(44) Concurrent Preclean 0.298ms
[2025-06-06T19:00:49.294+0000][8.917s][debug][safepoint   ] Safepoint synchronization initiated using futex wait barrier. (18 threads)
[2025-06-06T19:00:49.296+0000][8.919s][info ][gc,start    ] GC(44) Pause Remark
[2025-06-06T19:00:49.300+0000][8.923s][info ][gc          ] GC(44) Pause Remark 92M->92M(254M) 3.992ms
[2025-06-06T19:00:49.300+0000][8.923s][info ][gc,cpu      ] GC(44) User=0.01s Sys=0.00s Real=0.00s
[2025-06-06T19:00:49.300+0000][8.923s][info ][safepoint   ] Safepoint "G1PauseRemark", Time since last: 12969542 ns, Reaching safepoint: 1682458 ns, Cleanup: 69250 ns, At safepoint: 4238292 ns, Total: 5990000 ns
[2025-06-06T19:00:49.300+0000][8.923s][info ][gc,marking  ] GC(44) Concurrent Mark 105.032ms
[2025-06-06T19:00:49.300+0000][8.923s][info ][gc,marking  ] GC(44) Concurrent Rebuild Remembered Sets
[2025-06-06T19:00:49.386+0000][9.009s][info ][gc,marking  ] GC(44) Concurrent Rebuild Remembered Sets 85.959ms
[2025-06-06T19:00:49.386+0000][9.009s][debug][safepoint   ] Safepoint synchronization initiated using futex wait barrier. (18 threads)
[2025-06-06T19:00:49.388+0000][9.010s][info ][gc,start    ] GC(44) Pause Cleanup
[2025-06-06T19:00:49.388+0000][9.011s][info ][gc          ] GC(44) Pause Cleanup 113M->113M(254M) 0.158ms
[2025-06-06T19:00:49.388+0000][9.011s][info ][gc,cpu      ] GC(44) User=0.00s Sys=0.00s Real=0.00s
[2025-06-06T19:00:49.388+0000][9.011s][info ][safepoint   ] Safepoint "G1PauseCleanup", Time since last: 86491000 ns, Reaching safepoint: 1160625 ns, Cleanup: 77916 ns, At safepoint: 297334 ns, Total: 1535875 ns
[2025-06-06T19:00:49.389+0000][9.012s][info ][gc,marking  ] GC(44) Concurrent Cleanup for Next Mark
[2025-06-06T19:00:49.389+0000][9.012s][info ][gc,marking  ] GC(44) Concurrent Cleanup for Next Mark 0.223ms
[2025-06-06T19:00:49.389+0000][9.012s][info ][gc          ] GC(44) Concurrent Mark Cycle 198.731ms
[2025-06-06T19:00:49.413+0000][9.036s][debug][safepoint   ] Safepoint synchronization initiated using futex wait barrier. (18 threads)
[2025-06-06T19:00:49.413+0000][9.036s][info ][safepoint   ] Safepoint "ICBufferFull", Time since last: 24934416 ns, Reaching safepoint: 194667 ns, Cleanup: 95667 ns, At safepoint: 1541 ns, Total: 291875 ns
[2025-06-06T19:00:49.445+0000][9.068s][debug][safepoint   ] Safepoint synchronization initiated using futex wait barrier. (18 threads)
[2025-06-06T19:00:49.446+0000][9.068s][info ][safepoint   ] Safepoint "ICBufferFull", Time since last: 32162625 ns, Reaching safepoint: 209084 ns, Cleanup: 59875 ns, At safepoint: 1583 ns, Total: 270542 ns
[2025-06-06T19:00:49.597+0000][9.220s][debug][safepoint   ] Safepoint synchronization initiated using futex wait barrier. (18 threads)
[2025-06-06T19:00:49.599+0000][9.221s][info ][safepoint   ] Safepoint "ICBufferFull", Time since last: 151695917 ns, Reaching safepoint: 1272917 ns, Cleanup: 75000 ns, At safepoint: 3916 ns, Total: 1351833 ns
[2025-06-06T19:00:49.638+0000][9.261s][debug][safepoint   ] Safepoint synchronization initiated using futex wait barrier. (18 threads)
[2025-06-06T19:00:49.638+0000][9.261s][info ][gc,start    ] GC(45) Pause Young (Prepare Mixed) (G1 Evacuation Pause)
[2025-06-06T19:00:49.639+0000][9.261s][info ][gc,task     ] GC(45) Using 2 workers of 2 for evacuation
[2025-06-06T19:00:49.643+0000][9.266s][info ][gc,phases   ] GC(45)   Pre Evacuate Collection Set: 0.1ms
[2025-06-06T19:00:49.643+0000][9.266s][info ][gc,phases   ] GC(45)   Merge Heap Roots: 0.1ms
[2025-06-06T19:00:49.643+0000][9.266s][info ][gc,phases   ] GC(45)   Evacuate Collection Set: 3.8ms
[2025-06-06T19:00:49.644+0000][9.266s][info ][gc,phases   ] GC(45)   Post Evacuate Collection Set: 0.7ms
[2025-06-06T19:00:49.644+0000][9.266s][info ][gc,phases   ] GC(45)   Other: 0.3ms
[2025-06-06T19:00:49.644+0000][9.267s][info ][gc,heap     ] GC(45) Eden regions: 147->0(8)
[2025-06-06T19:00:49.644+0000][9.267s][info ][gc,heap     ] GC(45) Survivor regions: 2->4(19)
[2025-06-06T19:00:49.644+0000][9.267s][info ][gc,heap     ] GC(45) Old regions: 71->71
[2025-06-06T19:00:49.644+0000][9.267s][info ][gc,heap     ] GC(45) Archive regions: 2->2
[2025-06-06T19:00:49.644+0000][9.267s][info ][gc,heap     ] GC(45) Humongous regions: 0->0
[2025-06-06T19:00:49.644+0000][9.267s][info ][gc,metaspace] GC(45) Metaspace: 82511K(83072K)->82511K(83072K) NonClass: 71648K(71936K)->71648K(71936K) Class: 10862K(11136K)->10862K(11136K)
[2025-06-06T19:00:49.644+0000][9.267s][info ][gc          ] GC(45) Pause Young (Prepare Mixed) (G1 Evacuation Pause) 219M->75M(254M) 5.547ms
[2025-06-06T19:00:49.644+0000][9.267s][info ][gc,cpu      ] GC(45) User=0.01s Sys=0.00s Real=0.00s
[2025-06-06T19:00:49.644+0000][9.267s][info ][safepoint   ] Safepoint "G1CollectForAllocation", Time since last: 39471750 ns, Reaching safepoint: 233209 ns, Cleanup: 49791 ns, At safepoint: 5646709 ns, Total: 5929709 ns
[2025-06-06T19:00:49.655+0000][9.278s][debug][safepoint   ] Safepoint synchronization initiated using futex wait barrier. (18 threads)
[2025-06-06T19:00:49.656+0000][9.278s][info ][gc,start    ] GC(46) Pause Young (Mixed) (G1 Evacuation Pause)
[2025-06-06T19:00:49.656+0000][9.278s][info ][gc,task     ] GC(46) Using 2 workers of 2 for evacuation
[2025-06-06T19:00:49.661+0000][9.284s][info ][gc,phases   ] GC(46)   Pre Evacuate Collection Set: 0.1ms
[2025-06-06T19:00:49.661+0000][9.284s][info ][gc,phases   ] GC(46)   Merge Heap Roots: 0.1ms
[2025-06-06T19:00:49.661+0000][9.284s][info ][gc,phases   ] GC(46)   Evacuate Collection Set: 4.3ms
[2025-06-06T19:00:49.661+0000][9.284s][info ][gc,phases   ] GC(46)   Post Evacuate Collection Set: 0.6ms
[2025-06-06T19:00:49.661+0000][9.284s][info ][gc,phases   ] GC(46)   Other: 0.1ms
[2025-06-06T19:00:49.661+0000][9.284s][info ][gc,heap     ] GC(46) Eden regions: 8->0(144)
[2025-06-06T19:00:49.661+0000][9.284s][info ][gc,heap     ] GC(46) Survivor regions: 4->1(2)
[2025-06-06T19:00:49.661+0000][9.284s][info ][gc,heap     ] GC(46) Old regions: 71->74
[2025-06-06T19:00:49.661+0000][9.284s][info ][gc,heap     ] GC(46) Archive regions: 2->2
[2025-06-06T19:00:49.661+0000][9.284s][info ][gc,heap     ] GC(46) Humongous regions: 0->0
[2025-06-06T19:00:49.661+0000][9.284s][info ][gc,metaspace] GC(46) Metaspace: 82604K(83136K)->82604K(83136K) NonClass: 71718K(72000K)->71718K(72000K) Class: 10885K(11136K)->10885K(11136K)
[2025-06-06T19:00:49.661+0000][9.284s][info ][gc          ] GC(46) Pause Young (Mixed) (G1 Evacuation Pause) 83M->75M(254M) 5.784ms
[2025-06-06T19:00:49.661+0000][9.284s][info ][gc,cpu      ] GC(46) User=0.01s Sys=0.00s Real=0.00s
[2025-06-06T19:00:49.661+0000][9.284s][info ][safepoint   ] Safepoint "G1CollectForAllocation", Time since last: 11382458 ns, Reaching safepoint: 163500 ns, Cleanup: 8292 ns, At safepoint: 5890666 ns, Total: 6062458 ns
[2025-06-06T19:00:49.773+0000][9.396s][debug][safepoint   ] Safepoint synchronization initiated using futex wait barrier. (18 threads)
[2025-06-06T19:00:49.774+0000][9.397s][info ][safepoint   ] Safepoint "ICBufferFull", Time since last: 111944375 ns, Reaching safepoint: 213584 ns, Cleanup: 90125 ns, At safepoint: 1375 ns, Total: 305084 ns
[2025-06-06T19:00:49.830+0000][9.453s][debug][safepoint   ] Safepoint synchronization initiated using futex wait barrier. (18 threads)
[2025-06-06T19:00:49.830+0000][9.453s][info ][safepoint   ] Safepoint "ICBufferFull", Time since last: 56056833 ns, Reaching safepoint: 205083 ns, Cleanup: 86417 ns, At safepoint: 1375 ns, Total: 292875 ns
[2025-06-06T19:00:49.936+0000][9.559s][debug][safepoint   ] Safepoint synchronization initiated using futex wait barrier. (18 threads)
[2025-06-06T19:00:49.936+0000][9.559s][info ][safepoint   ] Safepoint "ICBufferFull", Time since last: 105913125 ns, Reaching safepoint: 197958 ns, Cleanup: 108625 ns, At safepoint: 4417 ns, Total: 311000 ns
[2025-06-06T19:00:49.989+0000][9.612s][debug][safepoint   ] Safepoint synchronization initiated using futex wait barrier. (18 threads)
[2025-06-06T19:00:49.989+0000][9.612s][info ][gc,start    ] GC(47) Pause Young (Normal) (G1 Evacuation Pause)
[2025-06-06T19:00:49.989+0000][9.612s][info ][gc,task     ] GC(47) Using 2 workers of 2 for evacuation
[2025-06-06T19:00:49.994+0000][9.617s][info ][gc,phases   ] GC(47)   Pre Evacuate Collection Set: 0.1ms
[2025-06-06T19:00:49.994+0000][9.617s][info ][gc,phases   ] GC(47)   Merge Heap Roots: 0.1ms
[2025-06-06T19:00:49.994+0000][9.617s][info ][gc,phases   ] GC(47)   Evacuate Collection Set: 3.8ms
[2025-06-06T19:00:49.994+0000][9.617s][info ][gc,phases   ] GC(47)   Post Evacuate Collection Set: 0.8ms
[2025-06-06T19:00:49.995+0000][9.617s][info ][gc,phases   ] GC(47)   Other: 0.2ms
[2025-06-06T19:00:49.995+0000][9.617s][info ][gc,heap     ] GC(47) Eden regions: 144->0(141)
[2025-06-06T19:00:49.995+0000][9.617s][info ][gc,heap     ] GC(47) Survivor regions: 1->3(19)
[2025-06-06T19:00:49.995+0000][9.618s][info ][gc,heap     ] GC(47) Old regions: 74->74
[2025-06-06T19:00:49.995+0000][9.618s][info ][gc,heap     ] GC(47) Archive regions: 2->2
[2025-06-06T19:00:49.995+0000][9.618s][info ][gc,heap     ] GC(47) Humongous regions: 0->0
[2025-06-06T19:00:49.995+0000][9.618s][info ][gc,metaspace] GC(47) Metaspace: 84489K(84992K)->84489K(84992K) NonClass: 73465K(73728K)->73465K(73728K) Class: 11024K(11264K)->11024K(11264K)
[2025-06-06T19:00:49.995+0000][9.618s][info ][gc          ] GC(47) Pause Young (Normal) (G1 Evacuation Pause) 219M->77M(254M) 5.590ms
[2025-06-06T19:00:49.995+0000][9.618s][info ][gc,cpu      ] GC(47) User=0.01s Sys=0.00s Real=0.00s
[2025-06-06T19:00:49.995+0000][9.618s][info ][safepoint   ] Safepoint "G1CollectForAllocation", Time since last: 52746292 ns, Reaching safepoint: 218416 ns, Cleanup: 41667 ns, At safepoint: 5704292 ns, Total: 5964375 ns
[2025-06-06T19:00:50.188+0000][9.811s][debug][safepoint   ] Safepoint synchronization initiated using futex wait barrier. (18 threads)
[2025-06-06T19:00:50.189+0000][9.811s][info ][safepoint   ] Safepoint "ICBufferFull", Time since last: 193191708 ns, Reaching safepoint: 224084 ns, Cleanup: 119125 ns, At safepoint: 1208 ns, Total: 344417 ns
[2025-06-06T19:00:50.337+0000][9.959s][debug][safepoint   ] Safepoint synchronization initiated using futex wait barrier. (18 threads)
[2025-06-06T19:00:50.337+0000][9.960s][info ][safepoint   ] Safepoint "ICBufferFull", Time since last: 148024500 ns, Reaching safepoint: 194583 ns, Cleanup: 94459 ns, At safepoint: 1541 ns, Total: 290583 ns
[2025-06-06T19:00:50.415+0000][10.038s][debug][safepoint   ] Safepoint synchronization initiated using futex wait barrier. (22 threads)
[2025-06-06T19:00:50.415+0000][10.038s][info ][gc,start    ] GC(48) Pause Young (Normal) (G1 Evacuation Pause)
[2025-06-06T19:00:50.415+0000][10.038s][info ][gc,task     ] GC(48) Using 2 workers of 2 for evacuation
[2025-06-06T19:00:50.421+0000][10.044s][info ][gc,phases   ] GC(48)   Pre Evacuate Collection Set: 0.1ms
[2025-06-06T19:00:50.422+0000][10.044s][info ][gc,phases   ] GC(48)   Merge Heap Roots: 0.2ms
[2025-06-06T19:00:50.422+0000][10.044s][info ][gc,phases   ] GC(48)   Evacuate Collection Set: 5.1ms
[2025-06-06T19:00:50.422+0000][10.045s][info ][gc,phases   ] GC(48)   Post Evacuate Collection Set: 0.8ms
[2025-06-06T19:00:50.422+0000][10.045s][info ][gc,phases   ] GC(48)   Other: 0.2ms
[2025-06-06T19:00:50.422+0000][10.045s][info ][gc,heap     ] GC(48) Eden regions: 141->0(136)
[2025-06-06T19:00:50.422+0000][10.045s][info ][gc,heap     ] GC(48) Survivor regions: 3->7(18)
[2025-06-06T19:00:50.422+0000][10.045s][info ][gc,heap     ] GC(48) Old regions: 74->74
[2025-06-06T19:00:50.422+0000][10.045s][info ][gc,heap     ] GC(48) Archive regions: 2->2
[2025-06-06T19:00:50.422+0000][10.045s][info ][gc,heap     ] GC(48) Humongous regions: 0->0
[2025-06-06T19:00:50.422+0000][10.045s][info ][gc,metaspace] GC(48) Metaspace: 87212K(87744K)->87212K(87744K) NonClass: 75976K(76224K)->75976K(76224K) Class: 11236K(11520K)->11236K(11520K)
[2025-06-06T19:00:50.422+0000][10.045s][info ][gc          ] GC(48) Pause Young (Normal) (G1 Evacuation Pause) 218M->80M(254M) 6.939ms
[2025-06-06T19:00:50.422+0000][10.045s][info ][gc,cpu      ] GC(48) User=0.01s Sys=0.00s Real=0.01s
[2025-06-06T19:00:50.422+0000][10.045s][info ][safepoint   ] Safepoint "G1CollectForAllocation", Time since last: 77933792 ns, Reaching safepoint: 230667 ns, Cleanup: 58416 ns, At safepoint: 7049542 ns, Total: 7338625 ns
[2025-06-06T19:00:50.724+0000][10.347s][debug][safepoint   ] Safepoint synchronization initiated using futex wait barrier. (22 threads)
[2025-06-06T19:00:50.726+0000][10.349s][info ][safepoint   ] Safepoint "ICBufferFull", Time since last: 301946250 ns, Reaching safepoint: 1496583 ns, Cleanup: 97084 ns, At safepoint: 7375 ns, Total: 1601042 ns
[2025-06-06T19:00:50.735+0000][10.358s][debug][safepoint   ] Safepoint synchronization initiated using futex wait barrier. (22 threads)
[2025-06-06T19:00:50.738+0000][10.361s][info ][safepoint   ] Safepoint "ICBufferFull", Time since last: 9738833 ns, Reaching safepoint: 2169542 ns, Cleanup: 118666 ns, At safepoint: 5959 ns, Total: 2294167 ns
[2025-06-06T19:00:50.843+0000][10.466s][debug][safepoint   ] Safepoint synchronization initiated using futex wait barrier. (22 threads)
[2025-06-06T19:00:50.844+0000][10.467s][info ][gc,start    ] GC(49) Pause Young (Normal) (G1 Evacuation Pause)
[2025-06-06T19:00:50.844+0000][10.467s][info ][gc,task     ] GC(49) Using 2 workers of 2 for evacuation
[2025-06-06T19:00:50.852+0000][10.475s][info ][gc,phases   ] GC(49)   Pre Evacuate Collection Set: 0.1ms
[2025-06-06T19:00:50.852+0000][10.475s][info ][gc,phases   ] GC(49)   Merge Heap Roots: 0.1ms
[2025-06-06T19:00:50.852+0000][10.475s][info ][gc,phases   ] GC(49)   Evacuate Collection Set: 7.0ms
[2025-06-06T19:00:50.852+0000][10.475s][info ][gc,phases   ] GC(49)   Post Evacuate Collection Set: 0.9ms
[2025-06-06T19:00:50.852+0000][10.475s][info ][gc,phases   ] GC(49)   Other: 0.1ms
[2025-06-06T19:00:50.852+0000][10.475s][info ][gc,heap     ] GC(49) Eden regions: 136->0(132)
[2025-06-06T19:00:50.852+0000][10.475s][info ][gc,heap     ] GC(49) Survivor regions: 7->10(18)
[2025-06-06T19:00:50.852+0000][10.475s][info ][gc,heap     ] GC(49) Old regions: 74->74
[2025-06-06T19:00:50.852+0000][10.475s][info ][gc,heap     ] GC(49) Archive regions: 2->2
[2025-06-06T19:00:50.852+0000][10.475s][info ][gc,heap     ] GC(49) Humongous regions: 0->0
[2025-06-06T19:00:50.852+0000][10.475s][info ][gc,metaspace] GC(49) Metaspace: 90449K(91072K)->90449K(91072K) NonClass: 78849K(79168K)->78849K(79168K) Class: 11599K(11904K)->11599K(11904K)
[2025-06-06T19:00:50.852+0000][10.475s][info ][gc          ] GC(49) Pause Young (Normal) (G1 Evacuation Pause) 216M->84M(254M) 8.820ms
[2025-06-06T19:00:50.853+0000][10.475s][info ][gc,cpu      ] GC(49) User=0.02s Sys=0.00s Real=0.01s
[2025-06-06T19:00:50.853+0000][10.475s][info ][safepoint   ] Safepoint "G1CollectForAllocation", Time since last: 105652250 ns, Reaching safepoint: 269875 ns, Cleanup: 46583 ns, At safepoint: 8956834 ns, Total: 9273292 ns
[2025-06-06T19:00:51.057+0000][10.680s][debug][safepoint   ] Safepoint synchronization initiated using futex wait barrier. (22 threads)
[2025-06-06T19:00:51.057+0000][10.680s][info ][safepoint   ] Safepoint "ICBufferFull", Time since last: 204384791 ns, Reaching safepoint: 187625 ns, Cleanup: 127250 ns, At safepoint: 5167 ns, Total: 320042 ns
[2025-06-06T19:00:51.078+0000][10.701s][debug][safepoint   ] Safepoint synchronization initiated using futex wait barrier. (22 threads)
[2025-06-06T19:00:51.078+0000][10.701s][info ][safepoint   ] Safepoint "ICBufferFull", Time since last: 20522792 ns, Reaching safepoint: 159833 ns, Cleanup: 85333 ns, At safepoint: 4792 ns, Total: 249958 ns
[2025-06-06T19:00:51.121+0000][10.744s][debug][safepoint   ] Safepoint synchronization initiated using futex wait barrier. (22 threads)
[2025-06-06T19:00:51.121+0000][10.744s][info ][safepoint   ] Safepoint "ICBufferFull", Time since last: 43107500 ns, Reaching safepoint: 214375 ns, Cleanup: 68167 ns, At safepoint: 1458 ns, Total: 284000 ns
[2025-06-06T19:00:51.188+0000][10.811s][debug][safepoint   ] Safepoint synchronization initiated using futex wait barrier. (22 threads)
[2025-06-06T19:00:51.189+0000][10.811s][info ][gc,start    ] GC(50) Pause Young (Normal) (G1 Evacuation Pause)
[2025-06-06T19:00:51.189+0000][10.811s][info ][gc,task     ] GC(50) Using 2 workers of 2 for evacuation
[2025-06-06T19:00:51.198+0000][10.821s][info ][gc,phases   ] GC(50)   Pre Evacuate Collection Set: 0.1ms
[2025-06-06T19:00:51.198+0000][10.821s][info ][gc,phases   ] GC(50)   Merge Heap Roots: 0.1ms
[2025-06-06T19:00:51.198+0000][10.821s][info ][gc,phases   ] GC(50)   Evacuate Collection Set: 8.4ms
[2025-06-06T19:00:51.198+0000][10.821s][info ][gc,phases   ] GC(50)   Post Evacuate Collection Set: 0.8ms
[2025-06-06T19:00:51.198+0000][10.821s][info ][gc,phases   ] GC(50)   Other: 0.2ms
[2025-06-06T19:00:51.199+0000][10.821s][info ][gc,heap     ] GC(50) Eden regions: 132->0(130)
[2025-06-06T19:00:51.199+0000][10.821s][info ][gc,heap     ] GC(50) Survivor regions: 10->10(18)
[2025-06-06T19:00:51.199+0000][10.821s][info ][gc,heap     ] GC(50) Old regions: 74->76
[2025-06-06T19:00:51.199+0000][10.822s][info ][gc,heap     ] GC(50) Archive regions: 2->2
[2025-06-06T19:00:51.199+0000][10.822s][info ][gc,heap     ] GC(50) Humongous regions: 0->0
[2025-06-06T19:00:51.199+0000][10.822s][info ][gc,metaspace] GC(50) Metaspace: 94632K(95168K)->94632K(95168K) NonClass: 82286K(82560K)->82286K(82560K) Class: 12346K(12608K)->12346K(12608K)
[2025-06-06T19:00:51.199+0000][10.822s][info ][gc          ] GC(50) Pause Young (Normal) (G1 Evacuation Pause) 216M->86M(254M) 10.359ms
[2025-06-06T19:00:51.199+0000][10.822s][info ][gc,cpu      ] GC(50) User=0.02s Sys=0.00s Real=0.01s
[2025-06-06T19:00:51.199+0000][10.822s][info ][safepoint   ] Safepoint "G1CollectForAllocation", Time since last: 66774875 ns, Reaching safepoint: 210708 ns, Cleanup: 13917 ns, At safepoint: 10483125 ns, Total: 10707750 ns
[2025-06-06T19:00:51.492+0000][11.115s][debug][safepoint   ] Safepoint synchronization initiated using futex wait barrier. (22 threads)
[2025-06-06T19:00:51.493+0000][11.116s][info ][gc,start    ] GC(51) Pause Young (Normal) (G1 Evacuation Pause)
[2025-06-06T19:00:51.493+0000][11.116s][info ][gc,task     ] GC(51) Using 2 workers of 2 for evacuation
[2025-06-06T19:00:51.503+0000][11.126s][info ][gc,phases   ] GC(51)   Pre Evacuate Collection Set: 0.1ms
[2025-06-06T19:00:51.503+0000][11.126s][info ][gc,phases   ] GC(51)   Merge Heap Roots: 0.1ms
[2025-06-06T19:00:51.503+0000][11.126s][info ][gc,phases   ] GC(51)   Evacuate Collection Set: 8.9ms
[2025-06-06T19:00:51.503+0000][11.126s][info ][gc,phases   ] GC(51)   Post Evacuate Collection Set: 0.8ms
[2025-06-06T19:00:51.503+0000][11.126s][info ][gc,phases   ] GC(51)   Other: 0.2ms
[2025-06-06T19:00:51.503+0000][11.126s][info ][gc,heap     ] GC(51) Eden regions: 130->0(128)
[2025-06-06T19:00:51.503+0000][11.126s][info ][gc,heap     ] GC(51) Survivor regions: 10->9(18)
[2025-06-06T19:00:51.503+0000][11.126s][info ][gc,heap     ] GC(51) Old regions: 76->80
[2025-06-06T19:00:51.503+0000][11.126s][info ][gc,heap     ] GC(51) Archive regions: 2->2
[2025-06-06T19:00:51.503+0000][11.126s][info ][gc,heap     ] GC(51) Humongous regions: 0->0
[2025-06-06T19:00:51.503+0000][11.126s][info ][gc,metaspace] GC(51) Metaspace: 96620K(97216K)->96620K(97216K) NonClass: 83931K(84224K)->83931K(84224K) Class: 12689K(12992K)->12689K(12992K)
[2025-06-06T19:00:51.503+0000][11.126s][info ][gc          ] GC(51) Pause Young (Normal) (G1 Evacuation Pause) 216M->88M(254M) 10.714ms
[2025-06-06T19:00:51.503+0000][11.126s][info ][gc,cpu      ] GC(51) User=0.01s Sys=0.00s Real=0.01s
[2025-06-06T19:00:51.504+0000][11.126s][info ][safepoint   ] Safepoint "G1CollectForAllocation", Time since last: 293476042 ns, Reaching safepoint: 204083 ns, Cleanup: 63125 ns, At safepoint: 10838542 ns, Total: 11105750 ns
[2025-06-06T19:00:51.862+0000][11.485s][debug][safepoint   ] Safepoint synchronization initiated using futex wait barrier. (26 threads)
[2025-06-06T19:00:51.864+0000][11.486s][info ][safepoint   ] Safepoint "ICBufferFull", Time since last: 358799500 ns, Reaching safepoint: 1143417 ns, Cleanup: 82916 ns, At safepoint: 5209 ns, Total: 1231542 ns
[2025-06-06T19:00:51.896+0000][11.519s][debug][safepoint   ] Safepoint synchronization initiated using futex wait barrier. (26 threads)
[2025-06-06T19:00:51.896+0000][11.519s][info ][gc,start    ] GC(52) Pause Young (Concurrent Start) (G1 Evacuation Pause)
[2025-06-06T19:00:51.897+0000][11.519s][info ][gc,task     ] GC(52) Using 2 workers of 2 for evacuation
[2025-06-06T19:00:51.907+0000][11.530s][info ][gc,phases   ] GC(52)   Pre Evacuate Collection Set: 0.1ms
[2025-06-06T19:00:51.907+0000][11.530s][info ][gc,phases   ] GC(52)   Merge Heap Roots: 0.1ms
[2025-06-06T19:00:51.908+0000][11.530s][info ][gc,phases   ] GC(52)   Evacuate Collection Set: 9.5ms
[2025-06-06T19:00:51.908+0000][11.530s][info ][gc,phases   ] GC(52)   Post Evacuate Collection Set: 0.9ms
[2025-06-06T19:00:51.908+0000][11.531s][info ][gc,phases   ] GC(52)   Other: 0.2ms
[2025-06-06T19:00:51.908+0000][11.531s][info ][gc,heap     ] GC(52) Eden regions: 128->0(124)
[2025-06-06T19:00:51.908+0000][11.531s][info ][gc,heap     ] GC(52) Survivor regions: 9->11(18)
[2025-06-06T19:00:51.908+0000][11.531s][info ][gc,heap     ] GC(52) Old regions: 80->80
[2025-06-06T19:00:51.908+0000][11.531s][info ][gc,heap     ] GC(52) Archive regions: 2->2
[2025-06-06T19:00:51.908+0000][11.531s][info ][gc,heap     ] GC(52) Humongous regions: 0->0
[2025-06-06T19:00:51.908+0000][11.531s][info ][gc,metaspace] GC(52) Metaspace: 101929K(102528K)->101929K(102528K) NonClass: 88550K(88896K)->88550K(88896K) Class: 13379K(13632K)->13379K(13632K)
[2025-06-06T19:00:51.908+0000][11.531s][info ][gc          ] GC(52) Pause Young (Concurrent Start) (G1 Evacuation Pause) 216M->90M(254M) 11.574ms
[2025-06-06T19:00:51.908+0000][11.531s][info ][gc,cpu      ] GC(52) User=0.02s Sys=0.00s Real=0.01s
[2025-06-06T19:00:51.908+0000][11.531s][info ][gc          ] GC(53) Concurrent Mark Cycle
[2025-06-06T19:00:51.908+0000][11.531s][info ][gc,marking  ] GC(53) Concurrent Clear Claimed Marks
[2025-06-06T19:00:51.908+0000][11.531s][info ][safepoint   ] Safepoint "G1CollectForAllocation", Time since last: 32318083 ns, Reaching safepoint: 458542 ns, Cleanup: 63708 ns, At safepoint: 11714333 ns, Total: 12236583 ns
[2025-06-06T19:00:51.909+0000][11.531s][info ][gc,marking  ] GC(53) Concurrent Clear Claimed Marks 0.142ms
[2025-06-06T19:00:51.909+0000][11.532s][info ][gc,marking  ] GC(53) Concurrent Scan Root Regions
[2025-06-06T19:00:51.915+0000][11.538s][info ][gc,marking  ] GC(53) Concurrent Scan Root Regions 6.368ms
[2025-06-06T19:00:51.915+0000][11.538s][info ][gc,marking  ] GC(53) Concurrent Mark
[2025-06-06T19:00:51.915+0000][11.538s][info ][gc,marking  ] GC(53) Concurrent Mark From Roots
[2025-06-06T19:00:51.916+0000][11.538s][info ][gc,task     ] GC(53) Using 1 workers of 1 for marking
[2025-06-06T19:00:52.020+0000][11.643s][info ][gc,marking  ] GC(53) Concurrent Mark From Roots 104.468ms
[2025-06-06T19:00:52.020+0000][11.643s][info ][gc,marking  ] GC(53) Concurrent Preclean
[2025-06-06T19:00:52.020+0000][11.643s][info ][gc,marking  ] GC(53) Concurrent Preclean 0.244ms
[2025-06-06T19:00:52.020+0000][11.643s][debug][safepoint   ] Safepoint synchronization initiated using futex wait barrier. (26 threads)
[2025-06-06T19:00:52.021+0000][11.644s][info ][gc,start    ] GC(53) Pause Remark
[2025-06-06T19:00:52.027+0000][11.650s][info ][gc          ] GC(53) Pause Remark 115M->115M(254M) 5.687ms
[2025-06-06T19:00:52.027+0000][11.650s][info ][gc,cpu      ] GC(53) User=0.01s Sys=0.00s Real=0.01s
[2025-06-06T19:00:52.027+0000][11.650s][info ][safepoint   ] Safepoint "G1PauseRemark", Time since last: 112352334 ns, Reaching safepoint: 870000 ns, Cleanup: 48791 ns, At safepoint: 6013209 ns, Total: 6932000 ns
[2025-06-06T19:00:52.029+0000][11.651s][info ][gc,marking  ] GC(53) Concurrent Mark 113.198ms
[2025-06-06T19:00:52.029+0000][11.651s][info ][gc,marking  ] GC(53) Concurrent Rebuild Remembered Sets
[2025-06-06T19:00:52.109+0000][11.732s][info ][gc,marking  ] GC(53) Concurrent Rebuild Remembered Sets 80.762ms
[2025-06-06T19:00:52.110+0000][11.733s][debug][safepoint   ] Safepoint synchronization initiated using futex wait barrier. (26 threads)
[2025-06-06T19:00:52.110+0000][11.733s][info ][gc,start    ] GC(53) Pause Cleanup
[2025-06-06T19:00:52.111+0000][11.733s][info ][gc          ] GC(53) Pause Cleanup 137M->137M(254M) 0.170ms
[2025-06-06T19:00:52.111+0000][11.733s][info ][gc,cpu      ] GC(53) User=0.01s Sys=0.00s Real=0.00s
[2025-06-06T19:00:52.111+0000][11.734s][info ][safepoint   ] Safepoint "G1PauseCleanup", Time since last: 82239833 ns, Reaching safepoint: 681958 ns, Cleanup: 30500 ns, At safepoint: 317542 ns, Total: 1030000 ns
[2025-06-06T19:00:52.111+0000][11.734s][info ][gc,marking  ] GC(53) Concurrent Cleanup for Next Mark
[2025-06-06T19:00:52.115+0000][11.737s][info ][gc,marking  ] GC(53) Concurrent Cleanup for Next Mark 3.723ms
[2025-06-06T19:00:52.115+0000][11.738s][info ][gc          ] GC(53) Concurrent Mark Cycle 206.544ms
[2025-06-06T19:00:52.317+0000][11.940s][debug][safepoint   ] Safepoint synchronization initiated using futex wait barrier. (26 threads)
[2025-06-06T19:00:52.317+0000][11.940s][info ][gc,start    ] GC(54) Pause Young (Prepare Mixed) (G1 Evacuation Pause)
[2025-06-06T19:00:52.317+0000][11.940s][info ][gc,task     ] GC(54) Using 2 workers of 2 for evacuation
[2025-06-06T19:00:52.328+0000][11.951s][info ][gc,phases   ] GC(54)   Pre Evacuate Collection Set: 0.1ms
[2025-06-06T19:00:52.329+0000][11.951s][info ][gc,phases   ] GC(54)   Merge Heap Roots: 0.1ms
[2025-06-06T19:00:52.329+0000][11.951s][info ][gc,phases   ] GC(54)   Evacuate Collection Set: 10.0ms
[2025-06-06T19:00:52.329+0000][11.952s][info ][gc,phases   ] GC(54)   Post Evacuate Collection Set: 1.0ms
[2025-06-06T19:00:52.329+0000][11.952s][info ][gc,phases   ] GC(54)   Other: 0.2ms
[2025-06-06T19:00:52.329+0000][11.952s][info ][gc,heap     ] GC(54) Eden regions: 124->0(3)
[2025-06-06T19:00:52.329+0000][11.952s][info ][gc,heap     ] GC(54) Survivor regions: 11->9(17)
[2025-06-06T19:00:52.329+0000][11.952s][info ][gc,heap     ] GC(54) Old regions: 80->83
[2025-06-06T19:00:52.329+0000][11.952s][info ][gc,heap     ] GC(54) Archive regions: 2->2
[2025-06-06T19:00:52.329+0000][11.952s][info ][gc,heap     ] GC(54) Humongous regions: 0->0
[2025-06-06T19:00:52.329+0000][11.952s][info ][gc,metaspace] GC(54) Metaspace: 104894K(105536K)->104894K(105536K) NonClass: 91069K(91392K)->91069K(91392K) Class: 13824K(14144K)->13824K(14144K)
[2025-06-06T19:00:52.329+0000][11.952s][info ][gc          ] GC(54) Pause Young (Prepare Mixed) (G1 Evacuation Pause) 214M->92M(254M) 12.043ms
[2025-06-06T19:00:52.329+0000][11.952s][info ][gc,cpu      ] GC(54) User=0.02s Sys=0.00s Real=0.01s
[2025-06-06T19:00:52.329+0000][11.952s][info ][safepoint   ] Safepoint "G1CollectForAllocation", Time since last: 206059292 ns, Reaching safepoint: 223000 ns, Cleanup: 32042 ns, At safepoint: 12170250 ns, Total: 12425292 ns
[2025-06-06T19:00:52.338+0000][11.961s][debug][safepoint   ] Safepoint synchronization initiated using futex wait barrier. (26 threads)
[2025-06-06T19:00:52.338+0000][11.961s][info ][gc,start    ] GC(55) Pause Young (Mixed) (G1 Evacuation Pause)
[2025-06-06T19:00:52.339+0000][11.961s][info ][gc,task     ] GC(55) Using 2 workers of 2 for evacuation
[2025-06-06T19:00:52.349+0000][11.972s][info ][gc,phases   ] GC(55)   Pre Evacuate Collection Set: 0.1ms
[2025-06-06T19:00:52.349+0000][11.972s][info ][gc,phases   ] GC(55)   Merge Heap Roots: 0.1ms
[2025-06-06T19:00:52.349+0000][11.972s][info ][gc,phases   ] GC(55)   Evacuate Collection Set: 9.3ms
[2025-06-06T19:00:52.349+0000][11.972s][info ][gc,phases   ] GC(55)   Post Evacuate Collection Set: 0.8ms
[2025-06-06T19:00:52.349+0000][11.972s][info ][gc,phases   ] GC(55)   Other: 0.2ms
[2025-06-06T19:00:52.349+0000][11.972s][info ][gc,heap     ] GC(55) Eden regions: 3->0(126)
[2025-06-06T19:00:52.349+0000][11.972s][info ][gc,heap     ] GC(55) Survivor regions: 9->1(2)
[2025-06-06T19:00:52.349+0000][11.972s][info ][gc,heap     ] GC(55) Old regions: 83->91
[2025-06-06T19:00:52.349+0000][11.972s][info ][gc,heap     ] GC(55) Archive regions: 2->2
[2025-06-06T19:00:52.349+0000][11.972s][info ][gc,heap     ] GC(55) Humongous regions: 0->0
[2025-06-06T19:00:52.350+0000][11.972s][info ][gc,metaspace] GC(55) Metaspace: 104926K(105536K)->104926K(105536K) NonClass: 91100K(91392K)->91100K(91392K) Class: 13826K(14144K)->13826K(14144K)
[2025-06-06T19:00:52.350+0000][11.972s][info ][gc          ] GC(55) Pause Young (Mixed) (G1 Evacuation Pause) 95M->92M(254M) 11.080ms
[2025-06-06T19:00:52.350+0000][11.972s][info ][gc,cpu      ] GC(55) User=0.02s Sys=0.00s Real=0.01s
[2025-06-06T19:00:52.350+0000][11.973s][info ][safepoint   ] Safepoint "G1CollectForAllocation", Time since last: 9159333 ns, Reaching safepoint: 140250 ns, Cleanup: 6708 ns, At safepoint: 11216000 ns, Total: 11362958 ns
[2025-06-06T19:00:52.744+0000][12.367s][debug][safepoint   ] Safepoint synchronization initiated using futex wait barrier. (35 threads)
[2025-06-06T19:00:52.745+0000][12.368s][info ][gc,start    ] GC(56) Pause Young (Normal) (G1 Evacuation Pause)
[2025-06-06T19:00:52.745+0000][12.368s][info ][gc,task     ] GC(56) Using 2 workers of 2 for evacuation
[2025-06-06T19:00:52.753+0000][12.376s][info ][gc,phases   ] GC(56)   Pre Evacuate Collection Set: 0.1ms
[2025-06-06T19:00:52.753+0000][12.376s][info ][gc,phases   ] GC(56)   Merge Heap Roots: 0.1ms
[2025-06-06T19:00:52.753+0000][12.376s][info ][gc,phases   ] GC(56)   Evacuate Collection Set: 6.7ms
[2025-06-06T19:00:52.753+0000][12.376s][info ][gc,phases   ] GC(56)   Post Evacuate Collection Set: 0.9ms
[2025-06-06T19:00:52.753+0000][12.376s][info ][gc,phases   ] GC(56)   Other: 0.2ms
[2025-06-06T19:00:52.753+0000][12.376s][info ][gc,heap     ] GC(56) Eden regions: 126->0(121)
[2025-06-06T19:00:52.753+0000][12.376s][info ][gc,heap     ] GC(56) Survivor regions: 1->5(16)
[2025-06-06T19:00:52.753+0000][12.376s][info ][gc,heap     ] GC(56) Old regions: 91->91
[2025-06-06T19:00:52.753+0000][12.376s][info ][gc,heap     ] GC(56) Archive regions: 2->2
[2025-06-06T19:00:52.753+0000][12.376s][info ][gc,heap     ] GC(56) Humongous regions: 0->0
[2025-06-06T19:00:52.753+0000][12.376s][info ][gc,metaspace] GC(56) Metaspace: 107016K(107648K)->107016K(107648K) NonClass: 93023K(93312K)->93023K(93312K) Class: 13992K(14336K)->13992K(14336K)
[2025-06-06T19:00:52.753+0000][12.376s][info ][gc          ] GC(56) Pause Young (Normal) (G1 Evacuation Pause) 218M->95M(254M) 8.626ms
[2025-06-06T19:00:52.753+0000][12.376s][info ][gc,cpu      ] GC(56) User=0.01s Sys=0.00s Real=0.01s
[2025-06-06T19:00:52.754+0000][12.376s][info ][safepoint   ] Safepoint "G1CollectForAllocation", Time since last: 394776125 ns, Reaching safepoint: 179875 ns, Cleanup: 106209 ns, At safepoint: 8764750 ns, Total: 9050834 ns
[2025-06-06T19:00:53.000+0000][12.622s][debug][safepoint   ] Safepoint synchronization initiated using futex wait barrier. (34 threads)
[2025-06-06T19:00:53.000+0000][12.623s][info ][safepoint   ] Safepoint "ICBufferFull", Time since last: 246021500 ns, Reaching safepoint: 205375 ns, Cleanup: 103208 ns, At safepoint: 5125 ns, Total: 313708 ns
[2025-06-06T19:00:53.053+0000][12.676s][debug][safepoint   ] Safepoint synchronization initiated using futex wait barrier. (35 threads)
[2025-06-06T19:00:53.053+0000][12.676s][info ][gc,start    ] GC(57) Pause Young (Normal) (G1 Evacuation Pause)
[2025-06-06T19:00:53.053+0000][12.676s][info ][gc,task     ] GC(57) Using 2 workers of 2 for evacuation
[2025-06-06T19:00:53.061+0000][12.684s][info ][gc,phases   ] GC(57)   Pre Evacuate Collection Set: 0.1ms
[2025-06-06T19:00:53.061+0000][12.684s][info ][gc,phases   ] GC(57)   Merge Heap Roots: 0.1ms
[2025-06-06T19:00:53.061+0000][12.684s][info ][gc,phases   ] GC(57)   Evacuate Collection Set: 6.1ms
[2025-06-06T19:00:53.061+0000][12.684s][info ][gc,phases   ] GC(57)   Post Evacuate Collection Set: 0.9ms
[2025-06-06T19:00:53.061+0000][12.684s][info ][gc,phases   ] GC(57)   Other: 0.2ms
[2025-06-06T19:00:53.061+0000][12.684s][info ][gc,heap     ] GC(57) Eden regions: 121->0(119)
[2025-06-06T19:00:53.061+0000][12.684s][info ][gc,heap     ] GC(57) Survivor regions: 5->7(16)
[2025-06-06T19:00:53.061+0000][12.684s][info ][gc,heap     ] GC(57) Old regions: 91->91
[2025-06-06T19:00:53.061+0000][12.684s][info ][gc,heap     ] GC(57) Archive regions: 2->2
[2025-06-06T19:00:53.061+0000][12.684s][info ][gc,heap     ] GC(57) Humongous regions: 0->0
[2025-06-06T19:00:53.061+0000][12.684s][info ][gc,metaspace] GC(57) Metaspace: 109372K(110080K)->109372K(110080K) NonClass: 95109K(95488K)->95109K(95488K) Class: 14262K(14592K)->14262K(14592K)
[2025-06-06T19:00:53.061+0000][12.684s][info ][gc          ] GC(57) Pause Young (Normal) (G1 Evacuation Pause) 216M->97M(254M) 7.896ms
[2025-06-06T19:00:53.061+0000][12.684s][info ][gc,cpu      ] GC(57) User=0.02s Sys=0.00s Real=0.01s
[2025-06-06T19:00:53.061+0000][12.684s][info ][safepoint   ] Safepoint "G1CollectForAllocation", Time since last: 53261459 ns, Reaching safepoint: 188666 ns, Cleanup: 43042 ns, At safepoint: 8048958 ns, Total: 8280666 ns
[2025-06-06T19:00:53.323+0000][12.945s][debug][safepoint   ] Safepoint synchronization initiated using futex wait barrier. (38 threads)
[2025-06-06T19:00:53.323+0000][12.946s][info ][safepoint   ] Safepoint "ICBufferFull", Time since last: 261153042 ns, Reaching safepoint: 194000 ns, Cleanup: 118667 ns, At safepoint: 1666 ns, Total: 314333 ns
[2025-06-06T19:00:53.417+0000][13.039s][debug][safepoint   ] Safepoint synchronization initiated using futex wait barrier. (38 threads)
[2025-06-06T19:00:53.417+0000][13.040s][info ][safepoint   ] Safepoint "ICBufferFull", Time since last: 93692459 ns, Reaching safepoint: 210791 ns, Cleanup: 75625 ns, At safepoint: 1709 ns, Total: 288125 ns
[2025-06-06T19:00:53.483+0000][13.105s][debug][safepoint   ] Safepoint synchronization initiated using futex wait barrier. (38 threads)
[2025-06-06T19:00:53.483+0000][13.106s][info ][safepoint   ] Safepoint "ICBufferFull", Time since last: 65655375 ns, Reaching safepoint: 849958 ns, Cleanup: 75208 ns, At safepoint: 4792 ns, Total: 929958 ns
[2025-06-06T19:00:53.487+0000][13.110s][debug][safepoint   ] Safepoint synchronization initiated using futex wait barrier. (38 threads)
[2025-06-06T19:00:53.488+0000][13.111s][info ][gc,start    ] GC(58) Pause Young (Normal) (G1 Evacuation Pause)
[2025-06-06T19:00:53.488+0000][13.111s][info ][gc,task     ] GC(58) Using 2 workers of 2 for evacuation
[2025-06-06T19:00:53.498+0000][13.121s][info ][gc,phases   ] GC(58)   Pre Evacuate Collection Set: 0.1ms
[2025-06-06T19:00:53.498+0000][13.121s][info ][gc,phases   ] GC(58)   Merge Heap Roots: 0.1ms
[2025-06-06T19:00:53.498+0000][13.121s][info ][gc,phases   ] GC(58)   Evacuate Collection Set: 8.9ms
[2025-06-06T19:00:53.498+0000][13.121s][info ][gc,phases   ] GC(58)   Post Evacuate Collection Set: 1.0ms
[2025-06-06T19:00:53.498+0000][13.121s][info ][gc,phases   ] GC(58)   Other: 0.2ms
[2025-06-06T19:00:53.498+0000][13.121s][info ][gc,heap     ] GC(58) Eden regions: 119->0(115)
[2025-06-06T19:00:53.498+0000][13.121s][info ][gc,heap     ] GC(58) Survivor regions: 7->10(16)
[2025-06-06T19:00:53.498+0000][13.121s][info ][gc,heap     ] GC(58) Old regions: 91->91
[2025-06-06T19:00:53.498+0000][13.121s][info ][gc,heap     ] GC(58) Archive regions: 2->2
[2025-06-06T19:00:53.498+0000][13.121s][info ][gc,heap     ] GC(58) Humongous regions: 0->0
[2025-06-06T19:00:53.499+0000][13.121s][info ][gc,metaspace] GC(58) Metaspace: 112582K(113216K)->112582K(113216K) NonClass: 98043K(98368K)->98043K(98368K) Class: 14538K(14848K)->14538K(14848K)
[2025-06-06T19:00:53.499+0000][13.121s][info ][gc          ] GC(58) Pause Young (Normal) (G1 Evacuation Pause) 216M->101M(254M) 10.972ms
[2025-06-06T19:00:53.499+0000][13.122s][info ][gc,cpu      ] GC(58) User=0.02s Sys=0.00s Real=0.01s
[2025-06-06T19:00:53.499+0000][13.122s][info ][safepoint   ] Safepoint "G1CollectForAllocation", Time since last: 4031083 ns, Reaching safepoint: 153209 ns, Cleanup: 11083 ns, At safepoint: 11111042 ns, Total: 11275334 ns
[2025-06-06T19:00:53.638+0000][13.261s][debug][safepoint   ] Safepoint synchronization initiated using futex wait barrier. (38 threads)
[2025-06-06T19:00:53.639+0000][13.262s][info ][safepoint   ] Safepoint "ICBufferFull", Time since last: 139732625 ns, Reaching safepoint: 188916 ns, Cleanup: 108084 ns, At safepoint: 5500 ns, Total: 302500 ns
[2025-06-06T19:00:53.797+0000][13.420s][debug][safepoint   ] Safepoint synchronization initiated using futex wait barrier. (38 threads)
[2025-06-06T19:00:53.797+0000][13.420s][info ][safepoint   ] Safepoint "ICBufferFull", Time since last: 158340083 ns, Reaching safepoint: 197875 ns, Cleanup: 99792 ns, At safepoint: 1750 ns, Total: 299417 ns
[2025-06-06T19:00:53.885+0000][13.508s][debug][safepoint   ] Safepoint synchronization initiated using futex wait barrier. (39 threads)
[2025-06-06T19:00:53.885+0000][13.508s][info ][gc,start    ] GC(59) Pause Young (Normal) (G1 Evacuation Pause)
[2025-06-06T19:00:53.885+0000][13.508s][info ][gc,task     ] GC(59) Using 2 workers of 2 for evacuation
[2025-06-06T19:00:53.897+0000][13.520s][info ][gc,phases   ] GC(59)   Pre Evacuate Collection Set: 0.1ms
[2025-06-06T19:00:53.898+0000][13.520s][info ][gc,phases   ] GC(59)   Merge Heap Roots: 0.1ms
[2025-06-06T19:00:53.898+0000][13.520s][info ][gc,phases   ] GC(59)   Evacuate Collection Set: 10.6ms
[2025-06-06T19:00:53.898+0000][13.521s][info ][gc,phases   ] GC(59)   Post Evacuate Collection Set: 1.0ms
[2025-06-06T19:00:53.898+0000][13.521s][info ][gc,phases   ] GC(59)   Other: 0.2ms
[2025-06-06T19:00:53.898+0000][13.521s][info ][gc,heap     ] GC(59) Eden regions: 115->0(114)
[2025-06-06T19:00:53.898+0000][13.521s][info ][gc,heap     ] GC(59) Survivor regions: 10->9(16)
[2025-06-06T19:00:53.898+0000][13.521s][info ][gc,heap     ] GC(59) Old regions: 91->94
[2025-06-06T19:00:53.898+0000][13.521s][info ][gc,heap     ] GC(59) Archive regions: 2->2
[2025-06-06T19:00:53.898+0000][13.521s][info ][gc,heap     ] GC(59) Humongous regions: 0->0
[2025-06-06T19:00:53.898+0000][13.521s][info ][gc,metaspace] GC(59) Metaspace: 115214K(115968K)->115214K(115968K) NonClass: 100412K(100800K)->100412K(100800K) Class: 14802K(15168K)->14802K(15168K)
[2025-06-06T19:00:53.898+0000][13.521s][info ][gc          ] GC(59) Pause Young (Normal) (G1 Evacuation Pause) 216M->103M(254M) 12.666ms
[2025-06-06T19:00:53.898+0000][13.521s][info ][gc,cpu      ] GC(59) User=0.04s Sys=0.00s Real=0.01s
[2025-06-06T19:00:53.898+0000][13.521s][info ][safepoint   ] Safepoint "G1CollectForAllocation", Time since last: 87675083 ns, Reaching safepoint: 222042 ns, Cleanup: 59500 ns, At safepoint: 12834083 ns, Total: 13115625 ns
[2025-06-06T19:00:54.130+0000][13.753s][debug][safepoint   ] Safepoint synchronization initiated using futex wait barrier. (39 threads)
[2025-06-06T19:00:54.131+0000][13.753s][info ][safepoint   ] Safepoint "ICBufferFull", Time since last: 231991250 ns, Reaching safepoint: 198209 ns, Cleanup: 126291 ns, At safepoint: 7625 ns, Total: 332125 ns
[2025-06-06T19:00:54.149+0000][13.772s][debug][safepoint   ] Safepoint synchronization initiated using futex wait barrier. (39 threads)
[2025-06-06T19:00:54.150+0000][13.773s][info ][gc,start    ] GC(60) Pause Young (Normal) (G1 Evacuation Pause)
[2025-06-06T19:00:54.150+0000][13.773s][info ][gc,task     ] GC(60) Using 2 workers of 2 for evacuation
[2025-06-06T19:00:54.161+0000][13.784s][info ][gc,phases   ] GC(60)   Pre Evacuate Collection Set: 0.1ms
[2025-06-06T19:00:54.162+0000][13.784s][info ][gc,phases   ] GC(60)   Merge Heap Roots: 0.1ms
[2025-06-06T19:00:54.162+0000][13.784s][info ][gc,phases   ] GC(60)   Evacuate Collection Set: 10.2ms
[2025-06-06T19:00:54.162+0000][13.785s][info ][gc,phases   ] GC(60)   Post Evacuate Collection Set: 1.1ms
[2025-06-06T19:00:54.162+0000][13.785s][info ][gc,phases   ] GC(60)   Other: 0.2ms
[2025-06-06T19:00:54.162+0000][13.785s][info ][gc,heap     ] GC(60) Eden regions: 114->0(113)
[2025-06-06T19:00:54.162+0000][13.785s][info ][gc,heap     ] GC(60) Survivor regions: 9->8(16)
[2025-06-06T19:00:54.162+0000][13.785s][info ][gc,heap     ] GC(60) Old regions: 94->97
[2025-06-06T19:00:54.162+0000][13.785s][info ][gc,heap     ] GC(60) Archive regions: 2->2
[2025-06-06T19:00:54.162+0000][13.785s][info ][gc,heap     ] GC(60) Humongous regions: 0->0
[2025-06-06T19:00:54.162+0000][13.785s][info ][gc,metaspace] GC(60) Metaspace: 116217K(116864K)->116217K(116864K) NonClass: 101256K(101568K)->101256K(101568K) Class: 14961K(15296K)->14961K(15296K)
[2025-06-06T19:00:54.162+0000][13.785s][info ][gc          ] GC(60) Pause Young (Normal) (G1 Evacuation Pause) 217M->105M(254M) 12.367ms
[2025-06-06T19:00:54.162+0000][13.785s][info ][gc,cpu      ] GC(60) User=0.04s Sys=0.00s Real=0.01s
[2025-06-06T19:00:54.162+0000][13.785s][info ][safepoint   ] Safepoint "G1CollectForAllocation", Time since last: 18870084 ns, Reaching safepoint: 199375 ns, Cleanup: 8208 ns, At safepoint: 12520417 ns, Total: 12728000 ns
[2025-06-06T19:00:54.189+0000][13.812s][debug][safepoint   ] Safepoint synchronization initiated using futex wait barrier. (41 threads)
[2025-06-06T19:00:54.190+0000][13.813s][info ][safepoint   ] Safepoint "ICBufferFull", Time since last: 27191625 ns, Reaching safepoint: 233791 ns, Cleanup: 102417 ns, At safepoint: 8667 ns, Total: 344875 ns
[2025-06-06T19:00:54.506+0000][14.129s][debug][safepoint   ] Safepoint synchronization initiated using futex wait barrier. (42 threads)
[2025-06-06T19:00:54.506+0000][14.129s][info ][safepoint   ] Safepoint "ICBufferFull", Time since last: 316113375 ns, Reaching safepoint: 200417 ns, Cleanup: 108500 ns, At safepoint: 1625 ns, Total: 310542 ns
[2025-06-06T19:00:54.609+0000][14.232s][debug][safepoint   ] Safepoint synchronization initiated using futex wait barrier. (42 threads)
[2025-06-06T19:00:54.609+0000][14.232s][info ][gc,start    ] GC(61) Pause Young (Normal) (G1 Evacuation Pause)
[2025-06-06T19:00:54.609+0000][14.232s][info ][gc,task     ] GC(61) Using 2 workers of 2 for evacuation
[2025-06-06T19:00:54.624+0000][14.247s][info ][gc,phases   ] GC(61)   Pre Evacuate Collection Set: 0.1ms
[2025-06-06T19:00:54.624+0000][14.247s][info ][gc,phases   ] GC(61)   Merge Heap Roots: 0.1ms
[2025-06-06T19:00:54.624+0000][14.247s][info ][gc,phases   ] GC(61)   Evacuate Collection Set: 13.3ms
[2025-06-06T19:00:54.624+0000][14.247s][info ][gc,phases   ] GC(61)   Post Evacuate Collection Set: 1.1ms
[2025-06-06T19:00:54.624+0000][14.247s][info ][gc,phases   ] GC(61)   Other: 0.2ms
[2025-06-06T19:00:54.625+0000][14.247s][info ][gc,heap     ] GC(61) Eden regions: 113->0(103)
[2025-06-06T19:00:54.625+0000][14.247s][info ][gc,heap     ] GC(61) Survivor regions: 8->13(16)
[2025-06-06T19:00:54.625+0000][14.247s][info ][gc,heap     ] GC(61) Old regions: 97->97
[2025-06-06T19:00:54.625+0000][14.247s][info ][gc,heap     ] GC(61) Archive regions: 2->2
[2025-06-06T19:00:54.625+0000][14.248s][info ][gc,heap     ] GC(61) Humongous regions: 0->0
[2025-06-06T19:00:54.625+0000][14.248s][info ][gc,metaspace] GC(61) Metaspace: 122011K(122752K)->122011K(122752K) NonClass: 106400K(106752K)->106400K(106752K) Class: 15610K(16000K)->15610K(16000K)
[2025-06-06T19:00:54.625+0000][14.248s][info ][gc          ] GC(61) Pause Young (Normal) (G1 Evacuation Pause) 218M->110M(254M) 15.504ms
[2025-06-06T19:00:54.625+0000][14.248s][info ][gc,cpu      ] GC(61) User=0.04s Sys=0.00s Real=0.01s
[2025-06-06T19:00:54.625+0000][14.248s][info ][safepoint   ] Safepoint "G1CollectForAllocation", Time since last: 102971333 ns, Reaching safepoint: 142542 ns, Cleanup: 23666 ns, At safepoint: 15643875 ns, Total: 15810083 ns
[2025-06-06T19:00:54.929+0000][14.552s][debug][safepoint   ] ... found polling page loop exception at pc = 0x0000ffff75001628, stub =0x0000ffff7497ef00
[2025-06-06T19:00:54.935+0000][14.558s][debug][safepoint   ] Safepoint synchronization initiated using futex wait barrier. (42 threads)
[2025-06-06T19:00:54.938+0000][14.560s][info ][safepoint   ] Safepoint "ICBufferFull", Time since last: 310350000 ns, Reaching safepoint: 2171542 ns, Cleanup: 114333 ns, At safepoint: 4000 ns, Total: 2289875 ns
[2025-06-06T19:00:54.938+0000][14.561s][debug][safepoint   ] Safepoint synchronization initiated using futex wait barrier. (42 threads)
[2025-06-06T19:00:54.938+0000][14.561s][info ][gc,start    ] GC(62) Pause Young (Normal) (G1 Evacuation Pause)
[2025-06-06T19:00:54.938+0000][14.561s][info ][gc,task     ] GC(62) Using 2 workers of 2 for evacuation
[2025-06-06T19:00:54.952+0000][14.575s][info ][gc,phases   ] GC(62)   Pre Evacuate Collection Set: 0.1ms
[2025-06-06T19:00:54.952+0000][14.575s][info ][gc,phases   ] GC(62)   Merge Heap Roots: 0.1ms
[2025-06-06T19:00:54.952+0000][14.575s][info ][gc,phases   ] GC(62)   Evacuate Collection Set: 12.2ms
[2025-06-06T19:00:54.952+0000][14.575s][info ][gc,phases   ] GC(62)   Post Evacuate Collection Set: 1.1ms
[2025-06-06T19:00:54.953+0000][14.575s][info ][gc,phases   ] GC(62)   Other: 0.2ms
[2025-06-06T19:00:54.953+0000][14.576s][info ][gc,heap     ] GC(62) Eden regions: 103->0(104)
[2025-06-06T19:00:54.953+0000][14.576s][info ][gc,heap     ] GC(62) Survivor regions: 13->9(15)
[2025-06-06T19:00:54.953+0000][14.576s][info ][gc,heap     ] GC(62) Old regions: 97->103
[2025-06-06T19:00:54.953+0000][14.576s][info ][gc,heap     ] GC(62) Archive regions: 2->2
[2025-06-06T19:00:54.953+0000][14.576s][info ][gc,heap     ] GC(62) Humongous regions: 0->0
[2025-06-06T19:00:54.953+0000][14.576s][info ][gc,metaspace] GC(62) Metaspace: 126532K(127552K)->126532K(127552K) NonClass: 110364K(110912K)->110364K(110912K) Class: 16167K(16640K)->16167K(16640K)
[2025-06-06T19:00:54.953+0000][14.576s][info ][gc          ] GC(62) Pause Young (Normal) (G1 Evacuation Pause) 213M->112M(254M) 14.660ms
[2025-06-06T19:00:54.953+0000][14.576s][info ][gc,cpu      ] GC(62) User=0.02s Sys=0.00s Real=0.01s
[2025-06-06T19:00:54.953+0000][14.576s][info ][safepoint   ] Safepoint "G1CollectForAllocation", Time since last: 197250 ns, Reaching safepoint: 648167 ns, Cleanup: 4792 ns, At safepoint: 14817000 ns, Total: 15469959 ns
[2025-06-06T19:00:54.976+0000][14.599s][debug][safepoint   ] Safepoint synchronization initiated using futex wait barrier. (42 threads)
[2025-06-06T19:00:54.978+0000][14.601s][info ][safepoint   ] Safepoint "ICBufferFull", Time since last: 23146541 ns, Reaching safepoint: 1189292 ns, Cleanup: 134042 ns, At safepoint: 5875 ns, Total: 1329209 ns
[2025-06-06T19:00:55.228+0000][14.851s][debug][safepoint   ] Safepoint synchronization initiated using futex wait barrier. (50 threads)
[2025-06-06T19:00:55.228+0000][14.851s][info ][safepoint   ] Safepoint "ICBufferFull", Time since last: 250170917 ns, Reaching safepoint: 185458 ns, Cleanup: 103958 ns, At safepoint: 1709 ns, Total: 291125 ns
[2025-06-06T19:00:55.249+0000][14.872s][debug][safepoint   ] Safepoint synchronization initiated using futex wait barrier. (50 threads)
[2025-06-06T19:00:55.249+0000][14.872s][info ][gc,start    ] GC(63) Pause Young (Normal) (G1 Evacuation Pause)
[2025-06-06T19:00:55.249+0000][14.872s][info ][gc,task     ] GC(63) Using 2 workers of 2 for evacuation
[2025-06-06T19:00:55.261+0000][14.884s][info ][gc,phases   ] GC(63)   Pre Evacuate Collection Set: 0.1ms
[2025-06-06T19:00:55.261+0000][14.884s][info ][gc,phases   ] GC(63)   Merge Heap Roots: 0.1ms
[2025-06-06T19:00:55.261+0000][14.884s][info ][gc,phases   ] GC(63)   Evacuate Collection Set: 10.2ms
[2025-06-06T19:00:55.261+0000][14.884s][info ][gc,phases   ] GC(63)   Post Evacuate Collection Set: 1.1ms
[2025-06-06T19:00:55.261+0000][14.884s][info ][gc,phases   ] GC(63)   Other: 0.2ms
[2025-06-06T19:00:55.261+0000][14.884s][info ][gc,heap     ] GC(63) Eden regions: 104->0(102)
[2025-06-06T19:00:55.261+0000][14.884s][info ][gc,heap     ] GC(63) Survivor regions: 9->10(15)
[2025-06-06T19:00:55.261+0000][14.884s][info ][gc,heap     ] GC(63) Old regions: 103->104
[2025-06-06T19:00:55.261+0000][14.884s][info ][gc,heap     ] GC(63) Archive regions: 2->2
[2025-06-06T19:00:55.261+0000][14.884s][info ][gc,heap     ] GC(63) Humongous regions: 1->0
[2025-06-06T19:00:55.262+0000][14.884s][info ][gc,metaspace] GC(63) Metaspace: 130149K(131200K)->130149K(131200K) NonClass: 113760K(114304K)->113760K(114304K) Class: 16388K(16896K)->16388K(16896K)
[2025-06-06T19:00:55.262+0000][14.884s][info ][gc          ] GC(63) Pause Young (Normal) (G1 Evacuation Pause) 217M->114M(254M) 12.378ms
[2025-06-06T19:00:55.262+0000][14.885s][info ][gc,cpu      ] GC(63) User=0.03s Sys=0.00s Real=0.01s
[2025-06-06T19:00:55.262+0000][14.885s][info ][safepoint   ] Safepoint "G1CollectForAllocation", Time since last: 20852375 ns, Reaching safepoint: 195708 ns, Cleanup: 14833 ns, At safepoint: 12522875 ns, Total: 12733416 ns
[2025-06-06T19:00:55.520+0000][15.143s][debug][safepoint   ] Safepoint synchronization initiated using futex wait barrier. (50 threads)
[2025-06-06T19:00:55.520+0000][15.143s][info ][gc,start    ] GC(64) Pause Young (Normal) (G1 Evacuation Pause)
[2025-06-06T19:00:55.520+0000][15.143s][info ][gc,task     ] GC(64) Using 2 workers of 2 for evacuation
[2025-06-06T19:00:55.534+0000][15.157s][info ][gc,phases   ] GC(64)   Pre Evacuate Collection Set: 0.1ms
[2025-06-06T19:00:55.535+0000][15.157s][info ][gc,phases   ] GC(64)   Merge Heap Roots: 0.1ms
[2025-06-06T19:00:55.535+0000][15.157s][info ][gc,phases   ] GC(64)   Evacuate Collection Set: 12.9ms
[2025-06-06T19:00:55.535+0000][15.158s][info ][gc,phases   ] GC(64)   Post Evacuate Collection Set: 1.1ms
[2025-06-06T19:00:55.535+0000][15.158s][info ][gc,phases   ] GC(64)   Other: 0.2ms
[2025-06-06T19:00:55.535+0000][15.158s][info ][gc,heap     ] GC(64) Eden regions: 102->0(97)
[2025-06-06T19:00:55.535+0000][15.158s][info ][gc,heap     ] GC(64) Survivor regions: 10->9(14)
[2025-06-06T19:00:55.535+0000][15.158s][info ][gc,heap     ] GC(64) Old regions: 104->110
[2025-06-06T19:00:55.535+0000][15.158s][info ][gc,heap     ] GC(64) Archive regions: 2->2
[2025-06-06T19:00:55.535+0000][15.158s][info ][gc,heap     ] GC(64) Humongous regions: 0->0
[2025-06-06T19:00:55.535+0000][15.158s][info ][gc,metaspace] GC(64) Metaspace: 131861K(132928K)->131861K(132928K) NonClass: 115386K(115968K)->115386K(115968K) Class: 16474K(16960K)->16474K(16960K)
[2025-06-06T19:00:55.535+0000][15.158s][info ][gc          ] GC(64) Pause Young (Normal) (G1 Evacuation Pause) 216M->118M(254M) 15.111ms
[2025-06-06T19:00:55.535+0000][15.158s][info ][gc,cpu      ] GC(64) User=0.03s Sys=0.00s Real=0.01s
[2025-06-06T19:00:55.535+0000][15.158s][info ][safepoint   ] Safepoint "G1CollectForAllocation", Time since last: 258023334 ns, Reaching safepoint: 196500 ns, Cleanup: 75291 ns, At safepoint: 15253292 ns, Total: 15525083 ns
[2025-06-06T19:00:55.743+0000][15.366s][debug][safepoint   ] Safepoint synchronization initiated using futex wait barrier. (50 threads)
[2025-06-06T19:00:55.743+0000][15.366s][info ][gc,start    ] GC(65) Pause Young (Normal) (G1 Evacuation Pause)
[2025-06-06T19:00:55.744+0000][15.366s][info ][gc,task     ] GC(65) Using 2 workers of 2 for evacuation
[2025-06-06T19:00:55.756+0000][15.379s][info ][gc,phases   ] GC(65)   Pre Evacuate Collection Set: 0.1ms
[2025-06-06T19:00:55.757+0000][15.379s][info ][gc,phases   ] GC(65)   Merge Heap Roots: 0.1ms
[2025-06-06T19:00:55.757+0000][15.380s][info ][gc,phases   ] GC(65)   Evacuate Collection Set: 10.8ms
[2025-06-06T19:00:55.757+0000][15.380s][info ][gc,phases   ] GC(65)   Post Evacuate Collection Set: 1.8ms
[2025-06-06T19:00:55.757+0000][15.380s][info ][gc,phases   ] GC(65)   Other: 0.2ms
[2025-06-06T19:00:55.757+0000][15.380s][info ][gc,heap     ] GC(65) Eden regions: 97->0(222)
[2025-06-06T19:00:55.757+0000][15.380s][info ][gc,heap     ] GC(65) Survivor regions: 9->8(14)
[2025-06-06T19:00:55.757+0000][15.380s][info ][gc,heap     ] GC(65) Old regions: 110->112
[2025-06-06T19:00:55.757+0000][15.380s][info ][gc,heap     ] GC(65) Archive regions: 2->2
[2025-06-06T19:00:55.757+0000][15.380s][info ][gc,heap     ] GC(65) Humongous regions: 0->0
[2025-06-06T19:00:55.757+0000][15.380s][info ][gc,metaspace] GC(65) Metaspace: 134187K(135232K)->134187K(135232K) NonClass: 117460K(118016K)->117460K(118016K) Class: 16727K(17216K)->16727K(17216K)
[2025-06-06T19:00:55.757+0000][15.380s][info ][gc          ] GC(65) Pause Young (Normal) (G1 Evacuation Pause) 215M->119M(414M) 13.608ms
[2025-06-06T19:00:55.757+0000][15.380s][info ][gc,cpu      ] GC(65) User=0.03s Sys=0.00s Real=0.02s
[2025-06-06T19:00:55.757+0000][15.380s][info ][safepoint   ] Safepoint "G1CollectForAllocation", Time since last: 207948042 ns, Reaching safepoint: 227333 ns, Cleanup: 23334 ns, At safepoint: 13763000 ns, Total: 14013667 ns
[2025-06-06T19:00:56.215+0000][15.838s][debug][safepoint   ] Safepoint synchronization initiated using futex wait barrier. (54 threads)
[2025-06-06T19:00:56.216+0000][15.838s][info ][gc,start    ] GC(66) Pause Young (Normal) (G1 Evacuation Pause)
[2025-06-06T19:00:56.216+0000][15.839s][info ][gc,task     ] GC(66) Using 2 workers of 2 for evacuation
[2025-06-06T19:00:56.229+0000][15.852s][info ][gc,phases   ] GC(66)   Pre Evacuate Collection Set: 0.1ms
[2025-06-06T19:00:56.229+0000][15.852s][info ][gc,phases   ] GC(66)   Merge Heap Roots: 0.1ms
[2025-06-06T19:00:56.229+0000][15.852s][info ][gc,phases   ] GC(66)   Evacuate Collection Set: 11.5ms
[2025-06-06T19:00:56.229+0000][15.852s][info ][gc,phases   ] GC(66)   Post Evacuate Collection Set: 1.4ms
[2025-06-06T19:00:56.229+0000][15.852s][info ][gc,phases   ] GC(66)   Other: 0.2ms
[2025-06-06T19:00:56.229+0000][15.852s][info ][gc,heap     ] GC(66) Eden regions: 222->0(226)
[2025-06-06T19:00:56.229+0000][15.852s][info ][gc,heap     ] GC(66) Survivor regions: 8->13(29)
[2025-06-06T19:00:56.229+0000][15.852s][info ][gc,heap     ] GC(66) Old regions: 112->112
[2025-06-06T19:00:56.229+0000][15.852s][info ][gc,heap     ] GC(66) Archive regions: 2->2
[2025-06-06T19:00:56.229+0000][15.852s][info ][gc,heap     ] GC(66) Humongous regions: 0->0
[2025-06-06T19:00:56.230+0000][15.852s][info ][gc,metaspace] GC(66) Metaspace: 138380K(139456K)->138380K(139456K) NonClass: 121269K(121856K)->121269K(121856K) Class: 17111K(17600K)->17111K(17600K)
[2025-06-06T19:00:56.230+0000][15.853s][info ][gc          ] GC(66) Pause Young (Normal) (G1 Evacuation Pause) 341M->124M(414M) 14.025ms
[2025-06-06T19:00:56.230+0000][15.853s][info ][gc,cpu      ] GC(66) User=0.03s Sys=0.00s Real=0.01s
[2025-06-06T19:00:56.230+0000][15.853s][info ][safepoint   ] Safepoint "G1CollectForAllocation", Time since last: 458059250 ns, Reaching safepoint: 211791 ns, Cleanup: 115584 ns, At safepoint: 14185833 ns, Total: 14513208 ns
[2025-06-06T19:00:56.709+0000][16.332s][info ][cds,heap    ] initialize_from_archived_subgraph jdk.internal.math.FDBigInteger 0x000000b80014c8e8
[2025-06-06T19:00:56.747+0000][16.370s][debug][safepoint   ] Safepoint synchronization initiated using futex wait barrier. (61 threads)
[2025-06-06T19:00:56.747+0000][16.370s][info ][safepoint   ] Safepoint "ICBufferFull", Time since last: 517248500 ns, Reaching safepoint: 210334 ns, Cleanup: 85166 ns, At safepoint: 1500 ns, Total: 297000 ns
[2025-06-06T19:00:56.836+0000][16.459s][debug][safepoint   ] Safepoint synchronization initiated using futex wait barrier. (61 threads)
[2025-06-06T19:00:56.837+0000][16.459s][info ][safepoint   ] Safepoint "ICBufferFull", Time since last: 89020667 ns, Reaching safepoint: 188125 ns, Cleanup: 77667 ns, At safepoint: 5375 ns, Total: 271167 ns
[2025-06-06T19:00:56.900+0000][16.523s][debug][safepoint   ] Safepoint synchronization initiated using futex wait barrier. (61 threads)
[2025-06-06T19:00:56.900+0000][16.523s][info ][gc,start    ] GC(67) Pause Young (Normal) (G1 Evacuation Pause)
[2025-06-06T19:00:56.900+0000][16.523s][info ][gc,task     ] GC(67) Using 2 workers of 2 for evacuation
[2025-06-06T19:00:56.917+0000][16.540s][info ][gc,phases   ] GC(67)   Pre Evacuate Collection Set: 0.1ms
[2025-06-06T19:00:56.917+0000][16.540s][info ][gc,phases   ] GC(67)   Merge Heap Roots: 0.2ms
[2025-06-06T19:00:56.917+0000][16.540s][info ][gc,phases   ] GC(67)   Evacuate Collection Set: 14.4ms
[2025-06-06T19:00:56.917+0000][16.540s][info ][gc,phases   ] GC(67)   Post Evacuate Collection Set: 1.3ms
[2025-06-06T19:00:56.917+0000][16.540s][info ][gc,phases   ] GC(67)   Other: 0.2ms
[2025-06-06T19:00:56.917+0000][16.540s][info ][gc,heap     ] GC(67) Eden regions: 226->0(221)
[2025-06-06T19:00:56.917+0000][16.540s][info ][gc,heap     ] GC(67) Survivor regions: 13->18(30)
[2025-06-06T19:00:56.917+0000][16.540s][info ][gc,heap     ] GC(67) Old regions: 112->112
[2025-06-06T19:00:56.917+0000][16.540s][info ][gc,heap     ] GC(67) Archive regions: 2->2
[2025-06-06T19:00:56.917+0000][16.540s][info ][gc,heap     ] GC(67) Humongous regions: 0->0
[2025-06-06T19:00:56.917+0000][16.540s][info ][gc,metaspace] GC(67) Metaspace: 146287K(147328K)->146287K(147328K) NonClass: 128346K(128896K)->128346K(128896K) Class: 17940K(18432K)->17940K(18432K)
[2025-06-06T19:00:56.917+0000][16.540s][info ][gc          ] GC(67) Pause Young (Normal) (G1 Evacuation Pause) 350M->129M(414M) 16.871ms
[2025-06-06T19:00:56.917+0000][16.540s][info ][gc,cpu      ] GC(67) User=0.03s Sys=0.00s Real=0.02s
[2025-06-06T19:00:56.917+0000][16.540s][info ][safepoint   ] Safepoint "G1CollectForAllocation", Time since last: 63514791 ns, Reaching safepoint: 191500 ns, Cleanup: 68917 ns, At safepoint: 17049500 ns, Total: 17309917 ns
[2025-06-06T19:00:57.261+0000][16.884s][debug][safepoint   ] Safepoint synchronization initiated using futex wait barrier. (71 threads)
[2025-06-06T19:00:57.264+0000][16.887s][info ][safepoint   ] Safepoint "ICBufferFull", Time since last: 343294500 ns, Reaching safepoint: 2820000 ns, Cleanup: 97292 ns, At safepoint: 6417 ns, Total: 2923709 ns
[2025-06-06T19:00:57.404+0000][17.027s][debug][safepoint   ] Safepoint synchronization initiated using futex wait barrier. (71 threads)
[2025-06-06T19:00:57.404+0000][17.027s][info ][safepoint   ] Safepoint "ICBufferFull", Time since last: 140209208 ns, Reaching safepoint: 309542 ns, Cleanup: 155333 ns, At safepoint: 4000 ns, Total: 468875 ns
[2025-06-06T19:00:57.419+0000][17.041s][debug][safepoint   ] Safepoint synchronization initiated using futex wait barrier. (71 threads)
[2025-06-06T19:00:57.419+0000][17.042s][info ][gc,start    ] GC(68) Pause Young (Normal) (G1 Evacuation Pause)
[2025-06-06T19:00:57.419+0000][17.042s][info ][gc,task     ] GC(68) Using 2 workers of 2 for evacuation
[2025-06-06T19:00:57.437+0000][17.060s][info ][gc,phases   ] GC(68)   Pre Evacuate Collection Set: 0.1ms
[2025-06-06T19:00:57.437+0000][17.060s][info ][gc,phases   ] GC(68)   Merge Heap Roots: 0.1ms
[2025-06-06T19:00:57.437+0000][17.060s][info ][gc,phases   ] GC(68)   Evacuate Collection Set: 16.4ms
[2025-06-06T19:00:57.437+0000][17.060s][info ][gc,phases   ] GC(68)   Post Evacuate Collection Set: 1.4ms
[2025-06-06T19:00:57.437+0000][17.060s][info ][gc,phases   ] GC(68)   Other: 0.3ms
[2025-06-06T19:00:57.437+0000][17.060s][info ][gc,heap     ] GC(68) Eden regions: 221->0(218)
[2025-06-06T19:00:57.437+0000][17.060s][info ][gc,heap     ] GC(68) Survivor regions: 18->19(30)
[2025-06-06T19:00:57.437+0000][17.060s][info ][gc,heap     ] GC(68) Old regions: 112->114
[2025-06-06T19:00:57.438+0000][17.060s][info ][gc,heap     ] GC(68) Archive regions: 2->2
[2025-06-06T19:00:57.438+0000][17.060s][info ][gc,heap     ] GC(68) Humongous regions: 0->0
[2025-06-06T19:00:57.438+0000][17.061s][info ][gc,metaspace] GC(68) Metaspace: 149877K(150976K)->149877K(150976K) NonClass: 131471K(132032K)->131471K(132032K) Class: 18406K(18944K)->18406K(18944K)
[2025-06-06T19:00:57.438+0000][17.061s][info ][gc          ] GC(68) Pause Young (Normal) (G1 Evacuation Pause) 350M->133M(414M) 18.985ms
[2025-06-06T19:00:57.438+0000][17.061s][info ][gc,cpu      ] GC(68) User=0.04s Sys=0.00s Real=0.02s
[2025-06-06T19:00:57.438+0000][17.061s][info ][safepoint   ] Safepoint "G1CollectForAllocation", Time since last: 14159333 ns, Reaching safepoint: 176209 ns, Cleanup: 14958 ns, At safepoint: 19162875 ns, Total: 19354042 ns
[2025-06-06T19:00:57.553+0000][17.176s][debug][safepoint   ] Safepoint synchronization initiated using futex wait barrier. (71 threads)
[2025-06-06T19:00:57.554+0000][17.176s][info ][safepoint   ] Safepoint "ICBufferFull", Time since last: 115421125 ns, Reaching safepoint: 203833 ns, Cleanup: 78417 ns, At safepoint: 1833 ns, Total: 284083 ns
[2025-06-06T19:00:57.869+0000][17.492s][debug][safepoint   ] Safepoint synchronization initiated using futex wait barrier. (71 threads)
[2025-06-06T19:00:57.869+0000][17.492s][info ][safepoint   ] Safepoint "ICBufferFull", Time since last: 315232959 ns, Reaching safepoint: 107667 ns, Cleanup: 116916 ns, At safepoint: 1292 ns, Total: 225875 ns
[2025-06-06T19:00:57.893+0000][17.516s][debug][safepoint   ] Safepoint synchronization initiated using futex wait barrier. (71 threads)
[2025-06-06T19:00:57.893+0000][17.516s][info ][gc,start    ] GC(69) Pause Young (Normal) (G1 Evacuation Pause)
[2025-06-06T19:00:57.893+0000][17.516s][info ][gc,task     ] GC(69) Using 2 workers of 2 for evacuation
[2025-06-06T19:00:57.914+0000][17.537s][info ][gc,phases   ] GC(69)   Pre Evacuate Collection Set: 0.1ms
[2025-06-06T19:00:57.914+0000][17.537s][info ][gc,phases   ] GC(69)   Merge Heap Roots: 0.1ms
[2025-06-06T19:00:57.914+0000][17.537s][info ][gc,phases   ] GC(69)   Evacuate Collection Set: 19.5ms
[2025-06-06T19:00:57.914+0000][17.537s][info ][gc,phases   ] GC(69)   Post Evacuate Collection Set: 1.4ms
[2025-06-06T19:00:57.914+0000][17.537s][info ][gc,phases   ] GC(69)   Other: 0.2ms
[2025-06-06T19:00:57.914+0000][17.537s][info ][gc,heap     ] GC(69) Eden regions: 218->0(211)
[2025-06-06T19:00:57.915+0000][17.537s][info ][gc,heap     ] GC(69) Survivor regions: 19->21(30)
[2025-06-06T19:00:57.915+0000][17.537s][info ][gc,heap     ] GC(69) Old regions: 114->117
[2025-06-06T19:00:57.915+0000][17.537s][info ][gc,heap     ] GC(69) Archive regions: 2->2
[2025-06-06T19:00:57.915+0000][17.538s][info ][gc,heap     ] GC(69) Humongous regions: 0->0
[2025-06-06T19:00:57.915+0000][17.538s][info ][gc,metaspace] GC(69) Metaspace: 151349K(152384K)->151349K(152384K) NonClass: 132698K(133248K)->132698K(133248K) Class: 18651K(19136K)->18651K(19136K)
[2025-06-06T19:00:57.915+0000][17.538s][info ][gc          ] GC(69) Pause Young (Normal) (G1 Evacuation Pause) 351M->138M(414M) 21.941ms
[2025-06-06T19:00:57.915+0000][17.538s][info ][gc,cpu      ] GC(69) User=0.04s Sys=0.00s Real=0.02s
[2025-06-06T19:00:57.915+0000][17.538s][info ][safepoint   ] Safepoint "G1CollectForAllocation", Time since last: 23621000 ns, Reaching safepoint: 197417 ns, Cleanup: 24041 ns, At safepoint: 22149000 ns, Total: 22370458 ns
[2025-06-06T19:00:58.306+0000][17.929s][debug][safepoint   ] Safepoint synchronization initiated using futex wait barrier. (71 threads)
[2025-06-06T19:00:58.306+0000][17.929s][info ][safepoint   ] Safepoint "ICBufferFull", Time since last: 390674209 ns, Reaching safepoint: 209083 ns, Cleanup: 105500 ns, At safepoint: 5042 ns, Total: 319625 ns
[2025-06-06T19:00:58.362+0000][17.984s][debug][safepoint   ] Safepoint synchronization initiated using futex wait barrier. (71 threads)
[2025-06-06T19:00:58.362+0000][17.985s][info ][gc,start    ] GC(70) Pause Young (Normal) (G1 Evacuation Pause)
[2025-06-06T19:00:58.372+0000][17.995s][info ][gc,task     ] GC(70) Using 2 workers of 2 for evacuation
[2025-06-06T19:00:58.395+0000][18.018s][info ][gc,phases   ] GC(70)   Pre Evacuate Collection Set: 0.1ms
[2025-06-06T19:00:58.395+0000][18.018s][info ][gc,phases   ] GC(70)   Merge Heap Roots: 0.1ms
[2025-06-06T19:00:58.395+0000][18.018s][info ][gc,phases   ] GC(70)   Evacuate Collection Set: 21.0ms
[2025-06-06T19:00:58.395+0000][18.018s][info ][gc,phases   ] GC(70)   Post Evacuate Collection Set: 1.3ms
[2025-06-06T19:00:58.395+0000][18.018s][info ][gc,phases   ] GC(70)   Other: 10.3ms
[2025-06-06T19:00:58.395+0000][18.018s][info ][gc,heap     ] GC(70) Eden regions: 211->0(211)
[2025-06-06T19:00:58.395+0000][18.018s][info ][gc,heap     ] GC(70) Survivor regions: 21->14(29)
[2025-06-06T19:00:58.395+0000][18.018s][info ][gc,heap     ] GC(70) Old regions: 117->128
[2025-06-06T19:00:58.395+0000][18.018s][info ][gc,heap     ] GC(70) Archive regions: 2->2
[2025-06-06T19:00:58.395+0000][18.018s][info ][gc,heap     ] GC(70) Humongous regions: 0->0
[2025-06-06T19:00:58.395+0000][18.018s][info ][gc,metaspace] GC(70) Metaspace: 153343K(154432K)->153343K(154432K) NonClass: 134420K(134976K)->134420K(134976K) Class: 18922K(19456K)->18922K(19456K)
[2025-06-06T19:00:58.395+0000][18.018s][info ][gc          ] GC(70) Pause Young (Normal) (G1 Evacuation Pause) 349M->142M(414M) 33.559ms
[2025-06-06T19:00:58.396+0000][18.018s][info ][gc,cpu      ] GC(70) User=0.05s Sys=0.00s Real=0.04s
[2025-06-06T19:00:58.396+0000][18.018s][info ][safepoint   ] Safepoint "G1CollectForAllocation", Time since last: 55545625 ns, Reaching safepoint: 223708 ns, Cleanup: 83000 ns, At safepoint: 33716458 ns, Total: 34023166 ns
[2025-06-06T19:00:58.823+0000][18.446s][debug][safepoint   ] Safepoint synchronization initiated using futex wait barrier. (74 threads)
[2025-06-06T19:00:58.823+0000][18.446s][info ][gc,start    ] GC(71) Pause Young (Normal) (G1 Evacuation Pause)
[2025-06-06T19:00:58.823+0000][18.446s][info ][gc,task     ] GC(71) Using 2 workers of 2 for evacuation
[2025-06-06T19:00:58.847+0000][18.470s][info ][gc,phases   ] GC(71)   Pre Evacuate Collection Set: 0.1ms
[2025-06-06T19:00:58.847+0000][18.470s][info ][gc,phases   ] GC(71)   Merge Heap Roots: 0.1ms
[2025-06-06T19:00:58.847+0000][18.470s][info ][gc,phases   ] GC(71)   Evacuate Collection Set: 21.8ms
[2025-06-06T19:00:58.847+0000][18.470s][info ][gc,phases   ] GC(71)   Post Evacuate Collection Set: 1.4ms
[2025-06-06T19:00:58.847+0000][18.470s][info ][gc,phases   ] GC(71)   Other: 0.2ms
[2025-06-06T19:00:58.847+0000][18.470s][info ][gc,heap     ] GC(71) Eden regions: 211->0(204)
[2025-06-06T19:00:58.847+0000][18.470s][info ][gc,heap     ] GC(71) Survivor regions: 14->19(29)
[2025-06-06T19:00:58.848+0000][18.470s][info ][gc,heap     ] GC(71) Old regions: 128->128
[2025-06-06T19:00:58.848+0000][18.470s][info ][gc,heap     ] GC(71) Archive regions: 2->2
[2025-06-06T19:00:58.848+0000][18.471s][info ][gc,heap     ] GC(71) Humongous regions: 0->0
[2025-06-06T19:00:58.848+0000][18.471s][info ][gc,metaspace] GC(71) Metaspace: 155823K(156992K)->155823K(156992K) NonClass: 136493K(137088K)->136493K(137088K) Class: 19330K(19904K)->19330K(19904K)
[2025-06-06T19:00:58.848+0000][18.471s][info ][gc          ] GC(71) Pause Young (Normal) (G1 Evacuation Pause) 353M->147M(414M) 24.380ms
[2025-06-06T19:00:58.848+0000][18.471s][info ][gc,cpu      ] GC(71) User=0.04s Sys=0.00s Real=0.03s
[2025-06-06T19:00:58.848+0000][18.471s][info ][safepoint   ] Safepoint "G1CollectForAllocation", Time since last: 427387459 ns, Reaching safepoint: 259083 ns, Cleanup: 130042 ns, At safepoint: 24557833 ns, Total: 24946958 ns
[2025-06-06T19:00:59.016+0000][18.639s][debug][safepoint   ] Safepoint synchronization initiated using futex wait barrier. (88 threads)
[2025-06-06T19:00:59.018+0000][18.641s][info ][safepoint   ] Safepoint "ICBufferFull", Time since last: 168271500 ns, Reaching safepoint: 1400875 ns, Cleanup: 118084 ns, At safepoint: 4666 ns, Total: 1523625 ns
[2025-06-06T19:00:59.117+0000][18.740s][debug][safepoint   ] Safepoint synchronization initiated using futex wait barrier. (137 threads)
[2025-06-06T19:00:59.119+0000][18.742s][info ][safepoint   ] Safepoint "ICBufferFull", Time since last: 99685875 ns, Reaching safepoint: 1108667 ns, Cleanup: 133083 ns, At safepoint: 8209 ns, Total: 1249959 ns
[2025-06-06T19:00:59.386+0000][19.008s][debug][safepoint   ] Safepoint synchronization initiated using futex wait barrier. (154 threads)
[2025-06-06T19:00:59.387+0000][19.010s][info ][safepoint   ] Safepoint "ICBufferFull", Time since last: 266891333 ns, Reaching safepoint: 990375 ns, Cleanup: 132625 ns, At safepoint: 19167 ns, Total: 1142167 ns
[2025-06-06T19:00:59.413+0000][19.036s][debug][safepoint   ] Safepoint synchronization initiated using futex wait barrier. (157 threads)
[2025-06-06T19:00:59.414+0000][19.037s][info ][gc,start    ] GC(72) Pause Young (Normal) (G1 Evacuation Pause)
[2025-06-06T19:00:59.414+0000][19.037s][info ][gc,task     ] GC(72) Using 2 workers of 2 for evacuation
[2025-06-06T19:00:59.475+0000][19.098s][info ][gc,phases   ] GC(72)   Pre Evacuate Collection Set: 0.1ms
[2025-06-06T19:00:59.475+0000][19.098s][info ][gc,phases   ] GC(72)   Merge Heap Roots: 0.1ms
[2025-06-06T19:00:59.476+0000][19.098s][info ][gc,phases   ] GC(72)   Evacuate Collection Set: 22.4ms
[2025-06-06T19:00:59.476+0000][19.098s][info ][gc,phases   ] GC(72)   Post Evacuate Collection Set: 38.8ms
[2025-06-06T19:00:59.476+0000][19.098s][info ][gc,phases   ] GC(72)   Other: 0.2ms
[2025-06-06T19:00:59.476+0000][19.099s][info ][gc,heap     ] GC(72) Eden regions: 204->0(203)
[2025-06-06T19:00:59.476+0000][19.099s][info ][gc,heap     ] GC(72) Survivor regions: 19->14(28)
[2025-06-06T19:00:59.476+0000][19.099s][info ][gc,heap     ] GC(72) Old regions: 128->137
[2025-06-06T19:00:59.476+0000][19.099s][info ][gc,heap     ] GC(72) Archive regions: 2->2
[2025-06-06T19:00:59.476+0000][19.099s][info ][gc,heap     ] GC(72) Humongous regions: 0->0
[2025-06-06T19:00:59.476+0000][19.099s][info ][gc,metaspace] GC(72) Metaspace: 161312K(162496K)->161312K(162496K) NonClass: 141321K(141952K)->141321K(141952K) Class: 19991K(20544K)->19991K(20544K)
[2025-06-06T19:00:59.476+0000][19.099s][info ][gc          ] GC(72) Pause Young (Normal) (G1 Evacuation Pause) 351M->151M(414M) 62.322ms
[2025-06-06T19:00:59.476+0000][19.099s][info ][gc,cpu      ] GC(72) User=0.08s Sys=0.00s Real=0.07s
[2025-06-06T19:00:59.476+0000][19.099s][info ][safepoint   ] Safepoint "G1CollectForAllocation", Time since last: 26733000 ns, Reaching safepoint: 191792 ns, Cleanup: 27291 ns, At safepoint: 62603167 ns, Total: 62822250 ns
[2025-06-06T19:00:59.627+0000][19.250s][debug][safepoint   ] Safepoint synchronization initiated using futex wait barrier. (160 threads)
[2025-06-06T19:00:59.628+0000][19.251s][info ][safepoint   ] Safepoint "ICBufferFull", Time since last: 151271167 ns, Reaching safepoint: 215708 ns, Cleanup: 109458 ns, At safepoint: 7750 ns, Total: 332916 ns
[2025-06-06T19:00:59.726+0000][19.348s][debug][safepoint   ] Safepoint synchronization initiated using futex wait barrier. (161 threads)
[2025-06-06T19:00:59.726+0000][19.349s][info ][safepoint   ] Safepoint "ICBufferFull", Time since last: 97791500 ns, Reaching safepoint: 356667 ns, Cleanup: 144333 ns, At safepoint: 12917 ns, Total: 513917 ns
[2025-06-06T19:00:59.886+0000][19.509s][debug][safepoint   ] Safepoint synchronization initiated using futex wait barrier. (170 threads)
[2025-06-06T19:00:59.886+0000][19.509s][info ][safepoint   ] Safepoint "ICBufferFull", Time since last: 159835208 ns, Reaching safepoint: 361042 ns, Cleanup: 94792 ns, At safepoint: 52583 ns, Total: 508417 ns
[2025-06-06T19:00:59.911+0000][19.534s][debug][safepoint   ] Safepoint synchronization initiated using futex wait barrier. (170 threads)
[2025-06-06T19:00:59.912+0000][19.534s][info ][gc,start    ] GC(73) Pause Young (Normal) (G1 Evacuation Pause)
[2025-06-06T19:00:59.912+0000][19.534s][info ][gc,task     ] GC(73) Using 2 workers of 2 for evacuation
[2025-06-06T19:00:59.978+0000][19.601s][info ][gc,phases   ] GC(73)   Pre Evacuate Collection Set: 0.1ms
[2025-06-06T19:00:59.978+0000][19.601s][info ][gc,phases   ] GC(73)   Merge Heap Roots: 0.2ms
[2025-06-06T19:00:59.978+0000][19.601s][info ][gc,phases   ] GC(73)   Evacuate Collection Set: 64.5ms
[2025-06-06T19:00:59.978+0000][19.601s][info ][gc,phases   ] GC(73)   Post Evacuate Collection Set: 1.5ms
[2025-06-06T19:00:59.978+0000][19.601s][info ][gc,phases   ] GC(73)   Other: 0.2ms
[2025-06-06T19:00:59.978+0000][19.601s][info ][gc,heap     ] GC(73) Eden regions: 203->0(193)
[2025-06-06T19:00:59.978+0000][19.601s][info ][gc,heap     ] GC(73) Survivor regions: 14->20(28)
[2025-06-06T19:00:59.978+0000][19.601s][info ][gc,heap     ] GC(73) Old regions: 137->137
[2025-06-06T19:00:59.979+0000][19.601s][info ][gc,heap     ] GC(73) Archive regions: 2->2
[2025-06-06T19:00:59.979+0000][19.601s][info ][gc,heap     ] GC(73) Humongous regions: 0->0
[2025-06-06T19:00:59.979+0000][19.601s][info ][gc,metaspace] GC(73) Metaspace: 164952K(166080K)->164952K(166080K) NonClass: 144432K(145024K)->144432K(145024K) Class: 20519K(21056K)->20519K(21056K)
[2025-06-06T19:00:59.979+0000][19.602s][info ][gc          ] GC(73) Pause Young (Normal) (G1 Evacuation Pause) 354M->157M(414M) 67.106ms
[2025-06-06T19:00:59.979+0000][19.602s][info ][gc,cpu      ] GC(73) User=0.05s Sys=0.00s Real=0.07s
[2025-06-06T19:00:59.979+0000][19.602s][info ][safepoint   ] Safepoint "G1CollectForAllocation", Time since last: 24866708 ns, Reaching safepoint: 131834 ns, Cleanup: 33375 ns, At safepoint: 67403708 ns, Total: 67568917 ns
[2025-06-06T19:01:00.099+0000][19.722s][debug][safepoint   ] Safepoint synchronization initiated using futex wait barrier. (174 threads)
[2025-06-06T19:01:00.099+0000][19.722s][info ][safepoint   ] Safepoint "ICBufferFull", Time since last: 119843334 ns, Reaching safepoint: 165500 ns, Cleanup: 100458 ns, At safepoint: 10583 ns, Total: 276541 ns
[2025-06-06T19:01:00.211+0000][19.834s][debug][safepoint   ] Safepoint synchronization initiated using futex wait barrier. (174 threads)
[2025-06-06T19:01:00.211+0000][19.834s][info ][safepoint   ] Safepoint "ICBufferFull", Time since last: 111609584 ns, Reaching safepoint: 689750 ns, Cleanup: 103416 ns, At safepoint: 25334 ns, Total: 818500 ns
[2025-06-06T19:01:00.300+0000][19.922s][debug][safepoint   ] Safepoint synchronization initiated using futex wait barrier. (180 threads)
[2025-06-06T19:01:00.301+0000][19.923s][info ][safepoint   ] Safepoint "ICBufferFull", Time since last: 88057958 ns, Reaching safepoint: 584875 ns, Cleanup: 125417 ns, At safepoint: 54541 ns, Total: 764833 ns
[2025-06-06T19:01:00.302+0000][19.924s][debug][safepoint   ] Safepoint synchronization initiated using futex wait barrier. (180 threads)
[2025-06-06T19:01:00.304+0000][19.926s][info ][safepoint   ] Safepoint "ICBufferFull", Time since last: 1256209 ns, Reaching safepoint: 1941125 ns, Cleanup: 12125 ns, At safepoint: 47291 ns, Total: 2000541 ns
[2025-06-06T19:01:00.306+0000][19.929s][debug][safepoint   ] Safepoint synchronization initiated using futex wait barrier. (180 threads)
[2025-06-06T19:01:00.308+0000][19.930s][info ][safepoint   ] Safepoint "ICBufferFull", Time since last: 2852959 ns, Reaching safepoint: 1083375 ns, Cleanup: 20291 ns, At safepoint: 49625 ns, Total: 1153291 ns
[2025-06-06T19:01:00.311+0000][19.934s][debug][safepoint   ] Safepoint synchronization initiated using futex wait barrier. (180 threads)
[2025-06-06T19:01:00.313+0000][19.935s][info ][safepoint   ] Safepoint "ICBufferFull", Time since last: 3373250 ns, Reaching safepoint: 1552292 ns, Cleanup: 36083 ns, At safepoint: 36042 ns, Total: 1624417 ns
[2025-06-06T19:01:00.394+0000][20.017s][debug][safepoint   ] Safepoint synchronization initiated using futex wait barrier. (190 threads)
[2025-06-06T19:01:00.395+0000][20.017s][info ][safepoint   ] Safepoint "ICBufferFull", Time since last: 81183292 ns, Reaching safepoint: 703500 ns, Cleanup: 113958 ns, At safepoint: 19458 ns, Total: 836916 ns
[2025-06-06T19:01:00.509+0000][20.132s][debug][safepoint   ] Safepoint synchronization initiated using futex wait barrier. (191 threads)
[2025-06-06T19:01:00.509+0000][20.132s][info ][safepoint   ] Safepoint "ICBufferFull", Time since last: 114488709 ns, Reaching safepoint: 180416 ns, Cleanup: 145167 ns, At safepoint: 17542 ns, Total: 343125 ns
[2025-06-06T19:01:00.510+0000][20.132s][debug][safepoint   ] Safepoint synchronization initiated using futex wait barrier. (191 threads)
[2025-06-06T19:01:00.510+0000][20.133s][debug][safepoint   ] ... found polling page loop exception at pc = 0x0000ffff6ed59c58, stub =0x0000ffff7497ef00
[2025-06-06T19:01:00.510+0000][20.133s][info ][safepoint   ] Safepoint "ICBufferFull", Time since last: 209166 ns, Reaching safepoint: 845417 ns, Cleanup: 11833 ns, At safepoint: 18250 ns, Total: 875500 ns
[2025-06-06T19:01:00.591+0000][20.214s][debug][safepoint   ] Safepoint synchronization initiated using futex wait barrier. (191 threads)
[2025-06-06T19:01:00.591+0000][20.214s][info ][gc,start    ] GC(74) Pause Young (Normal) (G1 Evacuation Pause)
[2025-06-06T19:01:00.591+0000][20.214s][info ][gc,task     ] GC(74) Using 2 workers of 2 for evacuation
[2025-06-06T19:01:00.615+0000][20.238s][info ][gc,phases   ] GC(74)   Pre Evacuate Collection Set: 0.1ms
[2025-06-06T19:01:00.615+0000][20.238s][info ][gc,phases   ] GC(74)   Merge Heap Roots: 0.1ms
[2025-06-06T19:01:00.615+0000][20.238s][info ][gc,phases   ] GC(74)   Evacuate Collection Set: 22.1ms
[2025-06-06T19:01:00.615+0000][20.238s][info ][gc,phases   ] GC(74)   Post Evacuate Collection Set: 1.3ms
[2025-06-06T19:01:00.615+0000][20.238s][info ][gc,phases   ] GC(74)   Other: 0.3ms
[2025-06-06T19:01:00.615+0000][20.238s][info ][gc,heap     ] GC(74) Eden regions: 193->0(193)
[2025-06-06T19:01:00.615+0000][20.238s][info ][gc,heap     ] GC(74) Survivor regions: 20->16(27)
[2025-06-06T19:01:00.615+0000][20.238s][info ][gc,heap     ] GC(74) Old regions: 137->145
[2025-06-06T19:01:00.616+0000][20.238s][info ][gc,heap     ] GC(74) Archive regions: 2->2
[2025-06-06T19:01:00.616+0000][20.238s][info ][gc,heap     ] GC(74) Humongous regions: 0->0
[2025-06-06T19:01:00.616+0000][20.238s][info ][gc,metaspace] GC(74) Metaspace: 168162K(169408K)->168162K(169408K) NonClass: 147219K(147904K)->147219K(147904K) Class: 20943K(21504K)->20943K(21504K)
[2025-06-06T19:01:00.616+0000][20.239s][info ][gc          ] GC(74) Pause Young (Normal) (G1 Evacuation Pause) 350M->161M(414M) 24.468ms
[2025-06-06T19:01:00.616+0000][20.239s][info ][gc,cpu      ] GC(74) User=0.04s Sys=0.00s Real=0.03s
[2025-06-06T19:01:00.616+0000][20.239s][info ][safepoint   ] Safepoint "G1CollectForAllocation", Time since last: 80424042 ns, Reaching safepoint: 160500 ns, Cleanup: 70125 ns, At safepoint: 24729458 ns, Total: 24960083 ns
[2025-06-06T19:01:00.689+0000][20.312s][debug][safepoint   ] Safepoint synchronization initiated using futex wait barrier. (191 threads)
[2025-06-06T19:01:00.691+0000][20.313s][info ][safepoint   ] Safepoint "ICBufferFull", Time since last: 73444834 ns, Reaching safepoint: 1172917 ns, Cleanup: 110625 ns, At safepoint: 9791 ns, Total: 1293333 ns
[2025-06-06T19:01:00.794+0000][20.417s][debug][safepoint   ] Safepoint synchronization initiated using futex wait barrier. (191 threads)
[2025-06-06T19:01:00.794+0000][20.417s][info ][gc,start    ] GC(75) Pause Young (Concurrent Start) (Metadata GC Threshold)
[2025-06-06T19:01:00.794+0000][20.417s][info ][gc,task     ] GC(75) Using 2 workers of 2 for evacuation
[2025-06-06T19:01:00.811+0000][20.434s][info ][gc,phases   ] GC(75)   Pre Evacuate Collection Set: 0.3ms
[2025-06-06T19:01:00.811+0000][20.434s][info ][gc,phases   ] GC(75)   Merge Heap Roots: 0.1ms
[2025-06-06T19:01:00.811+0000][20.434s][info ][gc,phases   ] GC(75)   Evacuate Collection Set: 15.0ms
[2025-06-06T19:01:00.811+0000][20.434s][info ][gc,phases   ] GC(75)   Post Evacuate Collection Set: 1.2ms
[2025-06-06T19:01:00.811+0000][20.434s][info ][gc,phases   ] GC(75)   Other: 0.2ms
[2025-06-06T19:01:00.812+0000][20.434s][info ][gc,heap     ] GC(75) Eden regions: 26->0(195)
[2025-06-06T19:01:00.812+0000][20.434s][info ][gc,heap     ] GC(75) Survivor regions: 16->11(27)
[2025-06-06T19:01:00.812+0000][20.434s][info ][gc,heap     ] GC(75) Old regions: 145->150
[2025-06-06T19:01:00.812+0000][20.435s][info ][gc,heap     ] GC(75) Archive regions: 2->2
[2025-06-06T19:01:00.812+0000][20.435s][info ][gc,heap     ] GC(75) Humongous regions: 0->0
[2025-06-06T19:01:00.812+0000][20.435s][info ][gc,metaspace] GC(75) Metaspace: 170560K(171840K)->170560K(171840K) NonClass: 149335K(150016K)->149335K(150016K) Class: 21225K(21824K)->21225K(21824K)
[2025-06-06T19:01:00.812+0000][20.435s][info ][gc          ] GC(75) Pause Young (Concurrent Start) (Metadata GC Threshold) 187M->161M(414M) 17.434ms
[2025-06-06T19:01:00.812+0000][20.435s][info ][gc,cpu      ] GC(75) User=0.04s Sys=0.00s Real=0.02s
[2025-06-06T19:01:00.812+0000][20.435s][info ][gc          ] GC(76) Concurrent Mark Cycle
[2025-06-06T19:01:00.812+0000][20.435s][info ][gc,marking  ] GC(76) Concurrent Clear Claimed Marks
[2025-06-06T19:01:00.812+0000][20.435s][info ][safepoint   ] Safepoint "CollectForMetadataAllocation", Time since last: 103386209 ns, Reaching safepoint: 209083 ns, Cleanup: 93958 ns, At safepoint: 17902250 ns, Total: 18205291 ns
[2025-06-06T19:01:00.812+0000][20.435s][info ][gc,marking  ] GC(76) Concurrent Clear Claimed Marks 0.260ms
[2025-06-06T19:01:00.813+0000][20.436s][info ][gc,marking  ] GC(76) Concurrent Scan Root Regions
[2025-06-06T19:01:00.822+0000][20.445s][info ][gc,marking  ] GC(76) Concurrent Scan Root Regions 9.187ms
[2025-06-06T19:01:00.825+0000][20.447s][info ][gc,marking  ] GC(76) Concurrent Mark
[2025-06-06T19:01:00.825+0000][20.448s][info ][gc,marking  ] GC(76) Concurrent Mark From Roots
[2025-06-06T19:01:00.825+0000][20.448s][info ][gc,task     ] GC(76) Using 1 workers of 1 for marking
[2025-06-06T19:01:00.899+0000][20.522s][debug][safepoint   ] Safepoint synchronization initiated using futex wait barrier. (191 threads)
[2025-06-06T19:01:00.899+0000][20.522s][info ][safepoint   ] Safepoint "CollectForMetadataAllocation", Time since last: 86407209 ns, Reaching safepoint: 220500 ns, Cleanup: 72500 ns, At safepoint: 34041 ns, Total: 327041 ns
[2025-06-06T19:01:00.971+0000][20.594s][debug][safepoint   ] Safepoint synchronization initiated using futex wait barrier. (191 threads)
[2025-06-06T19:01:01.004+0000][20.626s][info ][safepoint   ] Safepoint "CollectForMetadataAllocation", Time since last: 32425709 ns, Reaching safepoint: 72067916 ns, Cleanup: 48375 ns, At safepoint: 45709 ns, Total: 72162000 ns
[2025-06-06T19:01:01.004+0000][20.627s][debug][safepoint   ] Safepoint synchronization initiated using futex wait barrier. (191 threads)
[2025-06-06T19:01:01.004+0000][20.627s][info ][safepoint   ] Safepoint "CollectForMetadataAllocation", Time since last: 237583 ns, Reaching safepoint: 145333 ns, Cleanup: 1625 ns, At safepoint: 12709 ns, Total: 159667 ns
[2025-06-06T19:01:01.004+0000][20.627s][debug][safepoint   ] Safepoint synchronization initiated using futex wait barrier. (191 threads)
[2025-06-06T19:01:01.004+0000][20.627s][info ][safepoint   ] Safepoint "CollectForMetadataAllocation", Time since last: 154375 ns, Reaching safepoint: 153833 ns, Cleanup: 1292 ns, At safepoint: 10000 ns, Total: 165125 ns
[2025-06-06T19:01:01.025+0000][20.648s][info ][gc,marking  ] GC(76) Concurrent Mark From Roots 200.131ms
[2025-06-06T19:01:01.025+0000][20.648s][info ][gc,marking  ] GC(76) Concurrent Preclean
[2025-06-06T19:01:01.025+0000][20.648s][info ][gc,marking  ] GC(76) Concurrent Preclean 0.299ms
[2025-06-06T19:01:01.025+0000][20.648s][debug][safepoint   ] Safepoint synchronization initiated using futex wait barrier. (191 threads)
[2025-06-06T19:01:01.026+0000][20.648s][info ][gc,start    ] GC(76) Pause Remark
[2025-06-06T19:01:01.034+0000][20.657s][info ][gc          ] GC(76) Pause Remark 193M->193M(414M) 8.646ms
[2025-06-06T19:01:01.035+0000][20.657s][info ][gc,cpu      ] GC(76) User=0.02s Sys=0.00s Real=0.00s
[2025-06-06T19:01:01.035+0000][20.657s][info ][safepoint   ] Safepoint "G1PauseRemark", Time since last: 21106666 ns, Reaching safepoint: 177542 ns, Cleanup: 36917 ns, At safepoint: 9065625 ns, Total: 9280084 ns
[2025-06-06T19:01:01.035+0000][20.658s][info ][gc,marking  ] GC(76) Concurrent Mark 210.338ms
[2025-06-06T19:01:01.035+0000][20.658s][info ][gc,marking  ] GC(76) Concurrent Rebuild Remembered Sets
[2025-06-06T19:01:01.181+0000][20.804s][info ][gc,marking  ] GC(76) Concurrent Rebuild Remembered Sets 146.315ms
[2025-06-06T19:01:01.182+0000][20.804s][debug][safepoint   ] Safepoint synchronization initiated using futex wait barrier. (191 threads)
[2025-06-06T19:01:01.182+0000][20.805s][info ][gc,start    ] GC(76) Pause Cleanup
[2025-06-06T19:01:01.182+0000][20.805s][info ][gc          ] GC(76) Pause Cleanup 225M->225M(414M) 0.186ms
[2025-06-06T19:01:01.182+0000][20.805s][info ][gc,cpu      ] GC(76) User=0.00s Sys=0.00s Real=0.00s
[2025-06-06T19:01:01.182+0000][20.805s][info ][safepoint   ] Safepoint "G1PauseCleanup", Time since last: 146903625 ns, Reaching safepoint: 97458 ns, Cleanup: 82958 ns, At safepoint: 376375 ns, Total: 556791 ns
[2025-06-06T19:01:01.182+0000][20.805s][info ][gc,marking  ] GC(76) Concurrent Cleanup for Next Mark
[2025-06-06T19:01:01.184+0000][20.807s][info ][gc,marking  ] GC(76) Concurrent Cleanup for Next Mark 1.621ms
[2025-06-06T19:01:01.184+0000][20.807s][info ][gc          ] GC(76) Concurrent Mark Cycle 371.962ms
[2025-06-06T19:01:01.311+0000][20.934s][debug][safepoint   ] Safepoint synchronization initiated using futex wait barrier. (191 threads)
[2025-06-06T19:01:01.312+0000][20.935s][info ][safepoint   ] Safepoint "ICBufferFull", Time since last: 129409834 ns, Reaching safepoint: 196916 ns, Cleanup: 104542 ns, At safepoint: 5083 ns, Total: 306541 ns
[2025-06-06T19:01:02.316+0000][21.938s][debug][safepoint   ] Safepoint synchronization initiated using futex wait barrier. (193 threads)
[2025-06-06T19:01:02.317+0000][21.940s][info ][safepoint   ] Safepoint "Cleanup", Time since last: 1003720334 ns, Reaching safepoint: 1040125 ns, Cleanup: 223125 ns, At safepoint: 30334 ns, Total: 1293584 ns
[2025-06-06T19:01:03.322+0000][22.945s][debug][safepoint   ] Safepoint synchronization initiated using futex wait barrier. (193 threads)
[2025-06-06T19:01:03.323+0000][22.946s][info ][safepoint   ] Safepoint "Cleanup", Time since last: 1005022750 ns, Reaching safepoint: 1055208 ns, Cleanup: 85209 ns, At safepoint: 12875 ns, Total: 1153292 ns
[2025-06-06T19:01:04.324+0000][23.947s][debug][safepoint   ] Safepoint synchronization initiated using futex wait barrier. (193 threads)
[2025-06-06T19:01:04.325+0000][23.948s][info ][safepoint   ] Safepoint "Cleanup", Time since last: 1001129667 ns, Reaching safepoint: 1171667 ns, Cleanup: 94083 ns, At safepoint: 10625 ns, Total: 1276375 ns
[2025-06-06T19:01:04.557+0000][24.180s][debug][safepoint   ] Safepoint synchronization initiated using futex wait barrier. (194 threads)
[2025-06-06T19:01:04.557+0000][24.180s][info ][safepoint   ] Safepoint "ICBufferFull", Time since last: 231654292 ns, Reaching safepoint: 195750 ns, Cleanup: 129166 ns, At safepoint: 2459 ns, Total: 327375 ns
[2025-06-06T19:01:05.559+0000][25.182s][debug][safepoint   ] Safepoint synchronization initiated using futex wait barrier. (193 threads)
[2025-06-06T19:01:05.559+0000][25.182s][info ][safepoint   ] Safepoint "Cleanup", Time since last: 1001429167 ns, Reaching safepoint: 489500 ns, Cleanup: 79333 ns, At safepoint: 13834 ns, Total: 582667 ns
[2025-06-06T19:01:06.561+0000][26.184s][debug][safepoint   ] Safepoint synchronization initiated using futex wait barrier. (194 threads)
[2025-06-06T19:01:06.562+0000][26.185s][info ][safepoint   ] Safepoint "Cleanup", Time since last: 1001293792 ns, Reaching safepoint: 950666 ns, Cleanup: 50084 ns, At safepoint: 26875 ns, Total: 1027625 ns
[2025-06-06T19:01:07.562+0000][27.185s][debug][safepoint   ] Safepoint synchronization initiated using futex wait barrier. (194 threads)
[2025-06-06T19:01:07.563+0000][27.187s][info ][safepoint   ] Safepoint "Cleanup", Time since last: 1000756458 ns, Reaching safepoint: 1264667 ns, Cleanup: 72125 ns, At safepoint: 29625 ns, Total: 1366417 ns
[2025-06-06T19:01:08.564+0000][28.187s][debug][safepoint   ] Safepoint synchronization initiated using futex wait barrier. (194 threads)
[2025-06-06T19:01:08.565+0000][28.189s][info ][safepoint   ] Safepoint "Cleanup", Time since last: 1000731792 ns, Reaching safepoint: 1231292 ns, Cleanup: 81666 ns, At safepoint: 14917 ns, Total: 1327875 ns
[2025-06-06T19:01:10.569+0000][30.192s][debug][safepoint   ] Safepoint synchronization initiated using futex wait barrier. (194 threads)
[2025-06-06T19:01:10.570+0000][30.193s][info ][safepoint   ] Safepoint "Cleanup", Time since last: 2003683168 ns, Reaching safepoint: 519333 ns, Cleanup: 28958 ns, At safepoint: 5750 ns, Total: 554041 ns
[2025-06-06T19:01:16.579+0000][36.202s][debug][safepoint   ] Safepoint synchronization initiated using futex wait barrier. (195 threads)
[2025-06-06T19:01:16.580+0000][36.204s][info ][safepoint   ] Safepoint "Cleanup", Time since last: 6009311670 ns, Reaching safepoint: 1414166 ns, Cleanup: 22625 ns, At safepoint: 20334 ns, Total: 1457125 ns
[2025-06-06T19:01:17.583+0000][37.206s][debug][safepoint   ] Safepoint synchronization initiated using futex wait barrier. (195 threads)
[2025-06-06T19:01:17.584+0000][37.207s][info ][safepoint   ] Safepoint "Cleanup", Time since last: 1002613250 ns, Reaching safepoint: 1011834 ns, Cleanup: 62708 ns, At safepoint: 11708 ns, Total: 1086250 ns
[2025-06-06T19:01:23.590+0000][43.213s][debug][safepoint   ] Safepoint synchronization initiated using futex wait barrier. (195 threads)
[2025-06-06T19:01:23.591+0000][43.214s][info ][safepoint   ] Safepoint "Cleanup", Time since last: 6005645878 ns, Reaching safepoint: 1328833 ns, Cleanup: 30167 ns, At safepoint: 10958 ns, Total: 1369958 ns
[2025-06-06T19:01:27.594+0000][47.218s][debug][safepoint   ] Safepoint synchronization initiated using futex wait barrier. (195 threads)
[2025-06-06T19:01:27.597+0000][47.220s][info ][safepoint   ] Safepoint "Cleanup", Time since last: 4003224336 ns, Reaching safepoint: 2185250 ns, Cleanup: 80708 ns, At safepoint: 13042 ns, Total: 2279000 ns
[2025-06-06T19:01:42.448+0000][62.072s][debug][safepoint   ] Safepoint synchronization initiated using futex wait barrier. (195 threads)
[2025-06-06T19:01:42.453+0000][62.077s][info ][safepoint   ] Safepoint "Cleanup", Time since last: 14851880006 ns, Reaching safepoint: 4884000 ns, Cleanup: 73500 ns, At safepoint: 9834 ns, Total: 4967334 ns
[2025-06-06T19:01:58.483+0000][78.106s][debug][safepoint   ] Safepoint synchronization initiated using futex wait barrier. (194 threads)
[2025-06-06T19:01:58.484+0000][78.108s][info ][safepoint   ] Safepoint "Cleanup", Time since last: 16029543841 ns, Reaching safepoint: 1053041 ns, Cleanup: 80292 ns, At safepoint: 18042 ns, Total: 1151375 ns
[2025-06-06T19:01:59.487+0000][79.110s][debug][safepoint   ] Safepoint synchronization initiated using futex wait barrier. (190 threads)
[2025-06-06T19:01:59.488+0000][79.112s][info ][safepoint   ] Safepoint "Cleanup", Time since last: 1002728875 ns, Reaching safepoint: 1263834 ns, Cleanup: 108583 ns, At safepoint: 18333 ns, Total: 1390750 ns
[2025-06-06T19:02:00.492+0000][80.116s][debug][safepoint   ] Safepoint synchronization initiated using futex wait barrier. (186 threads)
[2025-06-06T19:02:00.494+0000][80.117s][info ][safepoint   ] Safepoint "Cleanup", Time since last: 1004461501 ns, Reaching safepoint: 1294291 ns, Cleanup: 62000 ns, At safepoint: 11125 ns, Total: 1367416 ns
[2025-06-06T19:02:01.496+0000][81.120s][debug][safepoint   ] Safepoint synchronization initiated using futex wait barrier. (184 threads)
[2025-06-06T19:02:01.498+0000][81.121s][info ][safepoint   ] Safepoint "Cleanup", Time since last: 1002625459 ns, Reaching safepoint: 1202209 ns, Cleanup: 137291 ns, At safepoint: 15459 ns, Total: 1354959 ns
[2025-06-06T19:02:05.506+0000][85.130s][debug][safepoint   ] Safepoint synchronization initiated using futex wait barrier. (183 threads)
[2025-06-06T19:02:05.508+0000][85.131s][info ][safepoint   ] Safepoint "Cleanup", Time since last: 4008533001 ns, Reaching safepoint: 1350000 ns, Cleanup: 95084 ns, At safepoint: 16208 ns, Total: 1461292 ns
[2025-06-06T19:02:06.510+0000][86.134s][debug][safepoint   ] Safepoint synchronization initiated using futex wait barrier. (183 threads)
[2025-06-06T19:02:06.511+0000][86.135s][info ][safepoint   ] Safepoint "Cleanup", Time since last: 1002259667 ns, Reaching safepoint: 909709 ns, Cleanup: 64500 ns, At safepoint: 12125 ns, Total: 986334 ns
[2025-06-06T19:02:08.513+0000][88.136s][debug][safepoint   ] Safepoint synchronization initiated using futex wait barrier. (183 threads)
[2025-06-06T19:02:08.514+0000][88.137s][info ][safepoint   ] Safepoint "Cleanup", Time since last: 2001663417 ns, Reaching safepoint: 730583 ns, Cleanup: 153167 ns, At safepoint: 11416 ns, Total: 895166 ns
[2025-06-06T19:02:09.520+0000][89.143s][debug][safepoint   ] Safepoint synchronization initiated using futex wait barrier. (183 threads)
[2025-06-06T19:02:09.522+0000][89.146s][info ][safepoint   ] Safepoint "Cleanup", Time since last: 1005952167 ns, Reaching safepoint: 2234084 ns, Cleanup: 59958 ns, At safepoint: 7917 ns, Total: 2301959 ns
[2025-06-06T19:02:14.911+0000][94.535s][debug][safepoint   ] Safepoint synchronization initiated using futex wait barrier. (183 threads)
[2025-06-06T19:02:14.914+0000][94.537s][info ][gc,start    ] GC(77) Pause Young (Prepare Mixed) (G1 Evacuation Pause)
[2025-06-06T19:02:14.914+0000][94.537s][info ][gc,task     ] GC(77) Using 2 workers of 2 for evacuation
[2025-06-06T19:02:14.939+0000][94.562s][info ][gc,phases   ] GC(77)   Pre Evacuate Collection Set: 0.7ms
[2025-06-06T19:02:14.939+0000][94.562s][info ][gc,phases   ] GC(77)   Merge Heap Roots: 0.5ms
[2025-06-06T19:02:14.939+0000][94.562s][info ][gc,phases   ] GC(77)   Evacuate Collection Set: 21.9ms
[2025-06-06T19:02:14.939+0000][94.562s][info ][gc,phases   ] GC(77)   Post Evacuate Collection Set: 1.2ms
[2025-06-06T19:02:14.939+0000][94.562s][info ][gc,phases   ] GC(77)   Other: 1.2ms
[2025-06-06T19:02:14.939+0000][94.562s][info ][gc,heap     ] GC(77) Eden regions: 195->0(4)
[2025-06-06T19:02:14.939+0000][94.562s][info ][gc,heap     ] GC(77) Survivor regions: 11->16(26)
[2025-06-06T19:02:14.939+0000][94.562s][info ][gc,heap     ] GC(77) Old regions: 150->150
[2025-06-06T19:02:14.939+0000][94.562s][info ][gc,heap     ] GC(77) Archive regions: 2->2
[2025-06-06T19:02:14.939+0000][94.562s][info ][gc,heap     ] GC(77) Humongous regions: 0->0
[2025-06-06T19:02:14.939+0000][94.562s][info ][gc,metaspace] GC(77) Metaspace: 172084K(173376K)->172084K(173376K) NonClass: 150631K(151296K)->150631K(151296K) Class: 21452K(22080K)->21452K(22080K)
[2025-06-06T19:02:14.939+0000][94.562s][info ][gc          ] GC(77) Pause Young (Prepare Mixed) (G1 Evacuation Pause) 356M->166M(414M) 25.522ms
[2025-06-06T19:02:14.939+0000][94.562s][info ][gc,cpu      ] GC(77) User=0.05s Sys=0.00s Real=0.03s
[2025-06-06T19:02:14.939+0000][94.563s][info ][safepoint   ] Safepoint "G1CollectForAllocation", Time since last: 5389079794 ns, Reaching safepoint: 1530667 ns, Cleanup: 25916 ns, At safepoint: 26462375 ns, Total: 28018958 ns
[2025-06-06T19:02:15.941+0000][95.564s][debug][safepoint   ] Safepoint synchronization initiated using futex wait barrier. (183 threads)
[2025-06-06T19:02:15.942+0000][95.565s][info ][safepoint   ] Safepoint "Cleanup", Time since last: 1001162001 ns, Reaching safepoint: 1052333 ns, Cleanup: 88875 ns, At safepoint: 10042 ns, Total: 1151250 ns
[2025-06-06T19:02:17.734+0000][97.357s][debug][safepoint   ] Safepoint synchronization initiated using futex wait barrier. (183 threads)
[2025-06-06T19:02:17.736+0000][97.359s][info ][gc,start    ] GC(78) Pause Young (Mixed) (G1 Evacuation Pause)
[2025-06-06T19:02:17.736+0000][97.359s][info ][gc,task     ] GC(78) Using 2 workers of 2 for evacuation
[2025-06-06T19:02:17.776+0000][97.399s][info ][gc,phases   ] GC(78)   Pre Evacuate Collection Set: 0.6ms
[2025-06-06T19:02:17.776+0000][97.399s][info ][gc,phases   ] GC(78)   Merge Heap Roots: 0.6ms
[2025-06-06T19:02:17.776+0000][97.399s][info ][gc,phases   ] GC(78)   Evacuate Collection Set: 36.8ms
[2025-06-06T19:02:17.776+0000][97.399s][info ][gc,phases   ] GC(78)   Post Evacuate Collection Set: 1.3ms
[2025-06-06T19:02:17.776+0000][97.400s][info ][gc,phases   ] GC(78)   Other: 0.8ms
[2025-06-06T19:02:17.776+0000][97.400s][info ][gc,heap     ] GC(78) Eden regions: 4->0(205)
[2025-06-06T19:02:17.776+0000][97.400s][info ][gc,heap     ] GC(78) Survivor regions: 16->1(3)
[2025-06-06T19:02:17.776+0000][97.400s][info ][gc,heap     ] GC(78) Old regions: 150->148
[2025-06-06T19:02:17.776+0000][97.400s][info ][gc,heap     ] GC(78) Archive regions: 2->2
[2025-06-06T19:02:17.777+0000][97.400s][info ][gc,heap     ] GC(78) Humongous regions: 0->0
[2025-06-06T19:02:17.777+0000][97.400s][info ][gc,metaspace] GC(78) Metaspace: 172084K(173376K)->172084K(173376K) NonClass: 150631K(151296K)->150631K(151296K) Class: 21452K(22080K)->21452K(22080K)
[2025-06-06T19:02:17.777+0000][97.400s][info ][gc          ] GC(78) Pause Young (Mixed) (G1 Evacuation Pause) 170M->149M(414M) 40.833ms
[2025-06-06T19:02:17.777+0000][97.400s][info ][gc,cpu      ] GC(78) User=0.08s Sys=0.00s Real=0.04s
[2025-06-06T19:02:17.777+0000][97.400s][info ][safepoint   ] Safepoint "G1CollectForAllocation", Time since last: 1792134209 ns, Reaching safepoint: 1823542 ns, Cleanup: 62916 ns, At safepoint: 41305375 ns, Total: 43191833 ns
[2025-06-06T19:02:18.780+0000][98.403s][debug][safepoint   ] Safepoint synchronization initiated using futex wait barrier. (183 threads)
[2025-06-06T19:02:18.781+0000][98.404s][info ][safepoint   ] Safepoint "Cleanup", Time since last: 1002651043 ns, Reaching safepoint: 1128291 ns, Cleanup: 122459 ns, At safepoint: 69208 ns, Total: 1319958 ns
[2025-06-06T19:02:29.799+0000][109.422s][debug][safepoint   ] Safepoint synchronization initiated using futex wait barrier. (183 threads)
[2025-06-06T19:02:29.800+0000][109.423s][info ][safepoint   ] Safepoint "Cleanup", Time since last: 11017538213 ns, Reaching safepoint: 1045875 ns, Cleanup: 105292 ns, At safepoint: 17375 ns, Total: 1168542 ns
[2025-06-06T19:02:40.460+0000][120.083s][debug][safepoint   ] Safepoint synchronization initiated using futex wait barrier. (183 threads)
[2025-06-06T19:02:40.461+0000][120.084s][info ][safepoint   ] Safepoint "Cleanup", Time since last: 10660346171 ns, Reaching safepoint: 790834 ns, Cleanup: 84791 ns, At safepoint: 7375 ns, Total: 883000 ns
[2025-06-06T19:02:46.473+0000][126.097s][debug][safepoint   ] Safepoint synchronization initiated using futex wait barrier. (183 threads)
[2025-06-06T19:02:46.476+0000][126.100s][info ][safepoint   ] Safepoint "Cleanup", Time since last: 6012371878 ns, Reaching safepoint: 2963042 ns, Cleanup: 73416 ns, At safepoint: 11917 ns, Total: 3048375 ns
[2025-06-06T19:02:47.479+0000][127.102s][debug][safepoint   ] Safepoint synchronization initiated using futex wait barrier. (183 threads)
[2025-06-06T19:02:47.479+0000][127.103s][info ][safepoint   ] Safepoint "Cleanup", Time since last: 1002488209 ns, Reaching safepoint: 556333 ns, Cleanup: 23750 ns, At safepoint: 5875 ns, Total: 585958 ns
[2025-06-06T19:02:58.504+0000][138.127s][debug][safepoint   ] Safepoint synchronization initiated using futex wait barrier. (183 threads)
[2025-06-06T19:02:58.504+0000][138.128s][info ][safepoint   ] Safepoint "Cleanup", Time since last: 11024381755 ns, Reaching safepoint: 641875 ns, Cleanup: 34000 ns, At safepoint: 17042 ns, Total: 692917 ns
[2025-06-06T19:03:02.509+0000][142.133s][debug][safepoint   ] Safepoint synchronization initiated using futex wait barrier. (178 threads)
[2025-06-06T19:03:02.510+0000][142.134s][info ][safepoint   ] Safepoint "Cleanup", Time since last: 4005210502 ns, Reaching safepoint: 923708 ns, Cleanup: 100500 ns, At safepoint: 17667 ns, Total: 1041875 ns
[2025-06-06T19:03:08.523+0000][148.146s][debug][safepoint   ] Safepoint synchronization initiated using futex wait barrier. (178 threads)
[2025-06-06T19:03:08.525+0000][148.148s][info ][safepoint   ] Safepoint "Cleanup", Time since last: 6012429960 ns, Reaching safepoint: 1441875 ns, Cleanup: 60334 ns, At safepoint: 19166 ns, Total: 1521375 ns
[2025-06-06T19:03:15.534+0000][155.157s][debug][safepoint   ] Safepoint synchronization initiated using futex wait barrier. (178 threads)
[2025-06-06T19:03:15.535+0000][155.158s][info ][safepoint   ] Safepoint "Cleanup", Time since last: 7008982920 ns, Reaching safepoint: 1315459 ns, Cleanup: 82041 ns, At safepoint: 14292 ns, Total: 1411792 ns
[2025-06-06T19:03:29.562+0000][169.186s][debug][safepoint   ] Safepoint synchronization initiated using futex wait barrier. (178 threads)
[2025-06-06T19:03:29.564+0000][169.187s][info ][safepoint   ] Safepoint "Cleanup", Time since last: 14027321590 ns, Reaching safepoint: 1047792 ns, Cleanup: 76708 ns, At safepoint: 14750 ns, Total: 1139250 ns
[2025-06-06T19:03:39.580+0000][179.204s][debug][safepoint   ] Safepoint synchronization initiated using futex wait barrier. (178 threads)
[2025-06-06T19:03:39.580+0000][179.204s][info ][safepoint   ] Safepoint "Cleanup", Time since last: 10016759671 ns, Reaching safepoint: 698250 ns, Cleanup: 62958 ns, At safepoint: 11583 ns, Total: 772791 ns
[2025-06-06T19:03:50.498+0000][190.122s][debug][safepoint   ] Safepoint synchronization initiated using futex wait barrier. (178 threads)
[2025-06-06T19:03:50.500+0000][190.124s][info ][safepoint   ] Safepoint "Cleanup", Time since last: 10917512506 ns, Reaching safepoint: 2308000 ns, Cleanup: 98291 ns, At safepoint: 10459 ns, Total: 2416750 ns
[2025-06-06T19:03:52.503+0000][192.127s][debug][safepoint   ] Safepoint synchronization initiated using futex wait barrier. (178 threads)
[2025-06-06T19:03:52.504+0000][192.128s][info ][safepoint   ] Safepoint "Cleanup", Time since last: 2002569959 ns, Reaching safepoint: 974500 ns, Cleanup: 68458 ns, At safepoint: 11334 ns, Total: 1054292 ns
[2025-06-06T19:03:53.505+0000][193.129s][debug][safepoint   ] Safepoint synchronization initiated using futex wait barrier. (178 threads)
[2025-06-06T19:03:53.506+0000][193.130s][info ][safepoint   ] Safepoint "Cleanup", Time since last: 1000769000 ns, Reaching safepoint: 1114042 ns, Cleanup: 74583 ns, At safepoint: 12250 ns, Total: 1200875 ns
[2025-06-06T19:03:58.516+0000][198.140s][debug][safepoint   ] Safepoint synchronization initiated using futex wait barrier. (178 threads)
[2025-06-06T19:03:58.516+0000][198.140s][info ][safepoint   ] Safepoint "Cleanup", Time since last: 5009847711 ns, Reaching safepoint: 562750 ns, Cleanup: 57291 ns, At safepoint: 10542 ns, Total: 630583 ns
[2025-06-06T19:04:02.522+0000][202.146s][debug][safepoint   ] Safepoint synchronization initiated using futex wait barrier. (175 threads)
[2025-06-06T19:04:02.523+0000][202.147s][info ][safepoint   ] Safepoint "Cleanup", Time since last: 4006002710 ns, Reaching safepoint: 629792 ns, Cleanup: 40833 ns, At safepoint: 14792 ns, Total: 685417 ns
[2025-06-06T19:04:03.524+0000][203.148s][debug][safepoint   ] Safepoint synchronization initiated using futex wait barrier. (175 threads)
[2025-06-06T19:04:03.525+0000][203.149s][info ][safepoint   ] Safepoint "Cleanup", Time since last: 1001378792 ns, Reaching safepoint: 430334 ns, Cleanup: 30416 ns, At safepoint: 4209 ns, Total: 464959 ns
[2025-06-06T19:04:05.531+0000][205.155s][debug][safepoint   ] Safepoint synchronization initiated using futex wait barrier. (175 threads)
[2025-06-06T19:04:05.533+0000][205.157s][info ][safepoint   ] Safepoint "Cleanup", Time since last: 2005798875 ns, Reaching safepoint: 2194167 ns, Cleanup: 107292 ns, At safepoint: 16875 ns, Total: 2318334 ns
[2025-06-06T19:04:08.538+0000][208.161s][debug][safepoint   ] Safepoint synchronization initiated using futex wait barrier. (175 threads)
[2025-06-06T19:04:08.539+0000][208.162s][info ][safepoint   ] Safepoint "Cleanup", Time since last: 3004145376 ns, Reaching safepoint: 1216625 ns, Cleanup: 113875 ns, At safepoint: 14208 ns, Total: 1344708 ns
[2025-06-06T19:04:09.540+0000][209.164s][debug][safepoint   ] Safepoint synchronization initiated using futex wait barrier. (175 threads)
[2025-06-06T19:04:09.542+0000][209.166s][info ][safepoint   ] Safepoint "Cleanup", Time since last: 1001312251 ns, Reaching safepoint: 1805958 ns, Cleanup: 59167 ns, At safepoint: 11041 ns, Total: 1876166 ns
[2025-06-06T19:04:16.553+0000][216.176s][debug][safepoint   ] Safepoint synchronization initiated using futex wait barrier. (175 threads)
[2025-06-06T19:04:16.554+0000][216.177s][info ][safepoint   ] Safepoint "Cleanup", Time since last: 7010445962 ns, Reaching safepoint: 1052792 ns, Cleanup: 122500 ns, At safepoint: 19125 ns, Total: 1194417 ns
[2025-06-06T19:04:54.522+0000][254.146s][debug][safepoint   ] Safepoint synchronization initiated using futex wait barrier. (175 threads)
[2025-06-06T19:04:54.524+0000][254.147s][info ][safepoint   ] Safepoint "Cleanup", Time since last: 37968551101 ns, Reaching safepoint: 1139916 ns, Cleanup: 83167 ns, At safepoint: 18292 ns, Total: 1241375 ns
[2025-06-06T19:04:58.530+0000][258.154s][debug][safepoint   ] Safepoint synchronization initiated using futex wait barrier. (175 threads)
[2025-06-06T19:04:58.531+0000][258.155s][info ][safepoint   ] Safepoint "Cleanup", Time since last: 4006444626 ns, Reaching safepoint: 1191375 ns, Cleanup: 100542 ns, At safepoint: 14833 ns, Total: 1306750 ns
[2025-06-06T19:05:00.534+0000][260.158s][debug][safepoint   ] Safepoint synchronization initiated using futex wait barrier. (174 threads)
[2025-06-06T19:05:00.536+0000][260.159s][info ][safepoint   ] Safepoint "Cleanup", Time since last: 2002901418 ns, Reaching safepoint: 1513667 ns, Cleanup: 56000 ns, At safepoint: 10375 ns, Total: 1580042 ns
[2025-06-06T19:05:03.544+0000][263.168s][debug][safepoint   ] Safepoint synchronization initiated using futex wait barrier. (173 threads)
[2025-06-06T19:05:03.546+0000][263.169s][info ][safepoint   ] Safepoint "Cleanup", Time since last: 3008463418 ns, Reaching safepoint: 1478417 ns, Cleanup: 23375 ns, At safepoint: 6958 ns, Total: 1508750 ns
[2025-06-06T19:05:05.552+0000][265.175s][debug][safepoint   ] Safepoint synchronization initiated using futex wait barrier. (173 threads)
[2025-06-06T19:05:05.553+0000][265.177s][info ][safepoint   ] Safepoint "Cleanup", Time since last: 2005803959 ns, Reaching safepoint: 1576792 ns, Cleanup: 83541 ns, At safepoint: 27042 ns, Total: 1687375 ns
[2025-06-06T19:05:08.556+0000][268.179s][debug][safepoint   ] Safepoint synchronization initiated using futex wait barrier. (173 threads)
[2025-06-06T19:05:08.557+0000][268.181s][info ][safepoint   ] Safepoint "Cleanup", Time since last: 3002654335 ns, Reaching safepoint: 1528916 ns, Cleanup: 161042 ns, At safepoint: 14792 ns, Total: 1704750 ns
[2025-06-06T19:05:17.485+0000][277.108s][debug][safepoint   ] Safepoint synchronization initiated using futex wait barrier. (173 threads)
[2025-06-06T19:05:17.486+0000][277.110s][info ][gc,start    ] GC(79) Pause Young (Concurrent Start) (G1 Evacuation Pause)
[2025-06-06T19:05:17.487+0000][277.110s][info ][gc,task     ] GC(79) Using 2 workers of 2 for evacuation
[2025-06-06T19:05:17.503+0000][277.127s][info ][gc,phases   ] GC(79)   Pre Evacuate Collection Set: 1.6ms
[2025-06-06T19:05:17.504+0000][277.127s][info ][gc,phases   ] GC(79)   Merge Heap Roots: 0.3ms
[2025-06-06T19:05:17.504+0000][277.128s][info ][gc,phases   ] GC(79)   Evacuate Collection Set: 12.3ms
[2025-06-06T19:05:17.504+0000][277.128s][info ][gc,phases   ] GC(79)   Post Evacuate Collection Set: 2.0ms
[2025-06-06T19:05:17.504+0000][277.128s][info ][gc,phases   ] GC(79)   Other: 1.1ms
[2025-06-06T19:05:17.504+0000][277.128s][info ][gc,heap     ] GC(79) Eden regions: 205->0(208)
[2025-06-06T19:05:17.504+0000][277.128s][info ][gc,heap     ] GC(79) Survivor regions: 1->1(26)
[2025-06-06T19:05:17.504+0000][277.128s][info ][gc,heap     ] GC(79) Old regions: 148->148
[2025-06-06T19:05:17.504+0000][277.128s][info ][gc,heap     ] GC(79) Archive regions: 2->2
[2025-06-06T19:05:17.504+0000][277.128s][info ][gc,heap     ] GC(79) Humongous regions: 0->0
[2025-06-06T19:05:17.505+0000][277.128s][info ][gc,metaspace] GC(79) Metaspace: 172386K(173696K)->172386K(173696K) NonClass: 150929K(151616K)->150929K(151616K) Class: 21457K(22080K)->21457K(22080K)
[2025-06-06T19:05:17.505+0000][277.129s][info ][gc          ] GC(79) Pause Young (Concurrent Start) (G1 Evacuation Pause) 354M->149M(414M) 18.491ms
[2025-06-06T19:05:17.505+0000][277.129s][info ][gc,cpu      ] GC(79) User=0.03s Sys=0.00s Real=0.02s
[2025-06-06T19:05:17.505+0000][277.129s][info ][safepoint   ] Safepoint "G1CollectForAllocation", Time since last: 8927218212 ns, Reaching safepoint: 1351334 ns, Cleanup: 22791 ns, At safepoint: 19071334 ns, Total: 20445459 ns
[2025-06-06T19:05:17.505+0000][277.129s][info ][gc          ] GC(80) Concurrent Mark Cycle
[2025-06-06T19:05:17.505+0000][277.129s][info ][gc,marking  ] GC(80) Concurrent Clear Claimed Marks
[2025-06-06T19:05:17.506+0000][277.129s][info ][gc,marking  ] GC(80) Concurrent Clear Claimed Marks 0.367ms
[2025-06-06T19:05:17.506+0000][277.130s][info ][gc,marking  ] GC(80) Concurrent Scan Root Regions
[2025-06-06T19:05:17.508+0000][277.132s][info ][gc,marking  ] GC(80) Concurrent Scan Root Regions 2.016ms
[2025-06-06T19:05:17.508+0000][277.132s][info ][gc,marking  ] GC(80) Concurrent Mark
[2025-06-06T19:05:17.508+0000][277.132s][info ][gc,marking  ] GC(80) Concurrent Mark From Roots
[2025-06-06T19:05:17.508+0000][277.132s][info ][gc,task     ] GC(80) Using 1 workers of 1 for marking
[2025-06-06T19:05:17.632+0000][277.256s][info ][gc,marking  ] GC(80) Concurrent Mark From Roots 123.666ms
[2025-06-06T19:05:17.632+0000][277.256s][info ][gc,marking  ] GC(80) Concurrent Preclean
[2025-06-06T19:05:17.632+0000][277.256s][info ][gc,marking  ] GC(80) Concurrent Preclean 0.242ms
[2025-06-06T19:05:17.632+0000][277.256s][debug][safepoint   ] Safepoint synchronization initiated using futex wait barrier. (173 threads)
[2025-06-06T19:05:17.632+0000][277.256s][info ][gc,start    ] GC(80) Pause Remark
[2025-06-06T19:05:17.649+0000][277.273s][info ][gc          ] GC(80) Pause Remark 152M->152M(414M) 16.587ms
[2025-06-06T19:05:17.649+0000][277.273s][info ][gc,cpu      ] GC(80) User=0.04s Sys=0.00s Real=0.02s
[2025-06-06T19:05:17.649+0000][277.273s][info ][safepoint   ] Safepoint "G1PauseRemark", Time since last: 127292750 ns, Reaching safepoint: 69833 ns, Cleanup: 19583 ns, At safepoint: 17077125 ns, Total: 17166541 ns
[2025-06-06T19:05:17.649+0000][277.273s][info ][gc,marking  ] GC(80) Concurrent Mark 141.594ms
[2025-06-06T19:05:17.650+0000][277.273s][info ][gc,marking  ] GC(80) Concurrent Rebuild Remembered Sets
[2025-06-06T19:05:17.741+0000][277.365s][info ][gc,marking  ] GC(80) Concurrent Rebuild Remembered Sets 91.731ms
[2025-06-06T19:05:17.742+0000][277.365s][debug][safepoint   ] Safepoint synchronization initiated using futex wait barrier. (173 threads)
[2025-06-06T19:05:17.743+0000][277.366s][info ][gc,start    ] GC(80) Pause Cleanup
[2025-06-06T19:05:17.743+0000][277.367s][info ][gc          ] GC(80) Pause Cleanup 152M->152M(414M) 0.161ms
[2025-06-06T19:05:17.743+0000][277.367s][info ][gc,cpu      ] GC(80) User=0.00s Sys=0.00s Real=0.00s
[2025-06-06T19:05:17.743+0000][277.367s][info ][safepoint   ] Safepoint "G1PauseCleanup", Time since last: 92133500 ns, Reaching safepoint: 968417 ns, Cleanup: 4833 ns, At safepoint: 303834 ns, Total: 1277084 ns
[2025-06-06T19:05:17.743+0000][277.367s][info ][gc,marking  ] GC(80) Concurrent Cleanup for Next Mark
[2025-06-06T19:05:17.744+0000][277.367s][info ][gc,marking  ] GC(80) Concurrent Cleanup for Next Mark 0.690ms
[2025-06-06T19:05:17.744+0000][277.368s][info ][gc          ] GC(80) Concurrent Mark Cycle 238.753ms
[2025-06-06T19:05:20.749+0000][280.373s][debug][safepoint   ] Safepoint synchronization initiated using futex wait barrier. (173 threads)
[2025-06-06T19:05:20.750+0000][280.374s][info ][safepoint   ] Safepoint "Cleanup", Time since last: 3006300584 ns, Reaching safepoint: 1269000 ns, Cleanup: 78709 ns, At safepoint: 16833 ns, Total: 1364542 ns
[2025-06-06T19:05:50.569+0000][310.193s][debug][safepoint   ] Safepoint synchronization initiated using futex wait barrier. (173 threads)
[2025-06-06T19:05:50.570+0000][310.194s][info ][safepoint   ] Safepoint "Cleanup", Time since last: 29818818722 ns, Reaching safepoint: 1154125 ns, Cleanup: 77542 ns, At safepoint: 14375 ns, Total: 1246042 ns
[2025-06-06T19:06:00.592+0000][320.216s][debug][safepoint   ] Safepoint synchronization initiated using futex wait barrier. (172 threads)
[2025-06-06T19:06:00.595+0000][320.219s][info ][safepoint   ] Safepoint "Cleanup", Time since last: 10021267588 ns, Reaching safepoint: 2886833 ns, Cleanup: 75584 ns, At safepoint: 13541 ns, Total: 2975958 ns
[2025-06-06T19:06:05.608+0000][325.232s][debug][safepoint   ] Safepoint synchronization initiated using futex wait barrier. (171 threads)
[2025-06-06T19:06:05.610+0000][325.234s][info ][safepoint   ] Safepoint "Cleanup", Time since last: 5013486878 ns, Reaching safepoint: 1788375 ns, Cleanup: 60125 ns, At safepoint: 13791 ns, Total: 1862291 ns
[2025-06-06T19:06:08.614+0000][328.237s][debug][safepoint   ] Safepoint synchronization initiated using futex wait barrier. (171 threads)
[2025-06-06T19:06:08.615+0000][328.239s][info ][safepoint   ] Safepoint "Cleanup", Time since last: 3003420793 ns, Reaching safepoint: 998375 ns, Cleanup: 95084 ns, At safepoint: 9500 ns, Total: 1102959 ns
[2025-06-06T19:06:19.050+0000][338.673s][debug][safepoint   ] Safepoint synchronization initiated using futex wait barrier. (171 threads)
[2025-06-06T19:06:19.053+0000][338.676s][info ][safepoint   ] Safepoint "Cleanup", Time since last: 10434958505 ns, Reaching safepoint: 2666166 ns, Cleanup: 231750 ns, At safepoint: 15500 ns, Total: 2913416 ns
[2025-06-06T19:06:32.072+0000][351.696s][debug][safepoint   ] Safepoint synchronization initiated using futex wait barrier. (171 threads)
[2025-06-06T19:06:32.074+0000][351.697s][info ][safepoint   ] Safepoint "Cleanup", Time since last: 13019258965 ns, Reaching safepoint: 1660750 ns, Cleanup: 41375 ns, At safepoint: 11291 ns, Total: 1713416 ns
[2025-06-06T19:06:33.075+0000][352.699s][debug][safepoint   ] Safepoint synchronization initiated using futex wait barrier. (171 threads)
[2025-06-06T19:06:33.075+0000][352.699s][info ][safepoint   ] Safepoint "Cleanup", Time since last: 1001294959 ns, Reaching safepoint: 383750 ns, Cleanup: 25625 ns, At safepoint: 5375 ns, Total: 414750 ns
[2025-06-06T19:06:40.090+0000][359.714s][debug][safepoint   ] Safepoint synchronization initiated using futex wait barrier. (171 threads)
[2025-06-06T19:06:40.091+0000][359.715s][info ][safepoint   ] Safepoint "Cleanup", Time since last: 7015207170 ns, Reaching safepoint: 667417 ns, Cleanup: 22208 ns, At safepoint: 5750 ns, Total: 695375 ns
[2025-06-06T19:06:50.112+0000][369.736s][debug][safepoint   ] Safepoint synchronization initiated using futex wait barrier. (171 threads)
[2025-06-06T19:06:50.115+0000][369.739s][info ][safepoint   ] Safepoint "Cleanup", Time since last: 10021213796 ns, Reaching safepoint: 2746542 ns, Cleanup: 82792 ns, At safepoint: 17583 ns, Total: 2846917 ns
[2025-06-06T19:06:51.117+0000][370.741s][debug][safepoint   ] Safepoint synchronization initiated using futex wait barrier. (171 threads)
[2025-06-06T19:06:51.119+0000][370.743s][info ][safepoint   ] Safepoint "Cleanup", Time since last: 1002092876 ns, Reaching safepoint: 1410875 ns, Cleanup: 64166 ns, At safepoint: 14209 ns, Total: 1489250 ns
[2025-06-06T19:07:05.136+0000][384.760s][debug][safepoint   ] Safepoint synchronization initiated using futex wait barrier. (169 threads)
[2025-06-06T19:07:05.139+0000][384.763s][info ][safepoint   ] Safepoint "Cleanup", Time since last: 14017637298 ns, Reaching safepoint: 2345958 ns, Cleanup: 75792 ns, At safepoint: 12792 ns, Total: 2434542 ns
[2025-06-06T19:07:08.145+0000][387.768s][debug][safepoint   ] Safepoint synchronization initiated using futex wait barrier. (169 threads)
[2025-06-06T19:07:08.149+0000][387.772s][info ][safepoint   ] Safepoint "Cleanup", Time since last: 3005413500 ns, Reaching safepoint: 3847375 ns, Cleanup: 82833 ns, At safepoint: 131792 ns, Total: 4062000 ns
[2025-06-06T19:07:19.170+0000][398.794s][debug][safepoint   ] Safepoint synchronization initiated using futex wait barrier. (169 threads)
[2025-06-06T19:07:19.174+0000][398.797s][info ][safepoint   ] Safepoint "Cleanup", Time since last: 11021345922 ns, Reaching safepoint: 3434625 ns, Cleanup: 47708 ns, At safepoint: 14167 ns, Total: 3496500 ns
[2025-06-06T19:07:27.185+0000][406.808s][debug][safepoint   ] Safepoint synchronization initiated using futex wait barrier. (169 threads)
[2025-06-06T19:07:27.185+0000][406.809s][info ][safepoint   ] Safepoint "Cleanup", Time since last: 8010664545 ns, Reaching safepoint: 900292 ns, Cleanup: 23792 ns, At safepoint: 13541 ns, Total: 937625 ns
[2025-06-06T19:07:40.198+0000][419.822s][debug][safepoint   ] Safepoint synchronization initiated using futex wait barrier. (169 threads)
[2025-06-06T19:07:40.201+0000][419.825s][info ][safepoint   ] Safepoint "Cleanup", Time since last: 13013797631 ns, Reaching safepoint: 2101250 ns, Cleanup: 24667 ns, At safepoint: 12625 ns, Total: 2138542 ns
[2025-06-06T19:07:49.642+0000][429.266s][debug][safepoint   ] Safepoint synchronization initiated using futex wait barrier. (169 threads)
[2025-06-06T19:07:49.644+0000][429.268s][info ][safepoint   ] Safepoint "Cleanup", Time since last: 9441114880 ns, Reaching safepoint: 2006416 ns, Cleanup: 70542 ns, At safepoint: 348958 ns, Total: 2425916 ns
[2025-06-06T19:07:51.177+0000][430.801s][debug][safepoint   ] Safepoint synchronization initiated using futex wait barrier. (170 threads)
[2025-06-06T19:07:51.178+0000][430.802s][info ][safepoint   ] Safepoint "Cleanup", Time since last: 1533356376 ns, Reaching safepoint: 197833 ns, Cleanup: 83000 ns, At safepoint: 10417 ns, Total: 291250 ns
[2025-06-06T19:07:51.212+0000][430.836s][debug][safepoint   ] Safepoint synchronization initiated using futex wait barrier. (170 threads)
[2025-06-06T19:07:51.213+0000][430.837s][info ][gc,start    ] GC(81) Pause Young (Prepare Mixed) (G1 Evacuation Pause)
[2025-06-06T19:07:51.213+0000][430.837s][info ][gc,task     ] GC(81) Using 2 workers of 2 for evacuation
[2025-06-06T19:07:51.218+0000][430.842s][info ][gc,phases   ] GC(81)   Pre Evacuate Collection Set: 0.2ms
[2025-06-06T19:07:51.218+0000][430.842s][info ][gc,phases   ] GC(81)   Merge Heap Roots: 0.1ms
[2025-06-06T19:07:51.218+0000][430.842s][info ][gc,phases   ] GC(81)   Evacuate Collection Set: 3.5ms
[2025-06-06T19:07:51.218+0000][430.842s][info ][gc,phases   ] GC(81)   Post Evacuate Collection Set: 1.1ms
[2025-06-06T19:07:51.218+0000][430.842s][info ][gc,phases   ] GC(81)   Other: 0.2ms
[2025-06-06T19:07:51.218+0000][430.842s][info ][gc,heap     ] GC(81) Eden regions: 208->0(18)
[2025-06-06T19:07:51.218+0000][430.842s][info ][gc,heap     ] GC(81) Survivor regions: 1->2(27)
[2025-06-06T19:07:51.218+0000][430.842s][info ][gc,heap     ] GC(81) Old regions: 148->148
[2025-06-06T19:07:51.218+0000][430.842s][info ][gc,heap     ] GC(81) Archive regions: 2->2
[2025-06-06T19:07:51.218+0000][430.842s][info ][gc,heap     ] GC(81) Humongous regions: 0->0
[2025-06-06T19:07:51.218+0000][430.842s][info ][gc,metaspace] GC(81) Metaspace: 172685K(174016K)->172685K(174016K) NonClass: 151199K(151872K)->151199K(151872K) Class: 21486K(22144K)->21486K(22144K)
[2025-06-06T19:07:51.218+0000][430.842s][info ][gc          ] GC(81) Pause Young (Prepare Mixed) (G1 Evacuation Pause) 357M->149M(414M) 5.674ms
[2025-06-06T19:07:51.218+0000][430.842s][info ][gc,cpu      ] GC(81) User=0.01s Sys=0.00s Real=0.01s
[2025-06-06T19:07:51.219+0000][430.842s][info ][safepoint   ] Safepoint "G1CollectForAllocation", Time since last: 34668167 ns, Reaching safepoint: 104541 ns, Cleanup: 72625 ns, At safepoint: 5916500 ns, Total: 6093666 ns
[2025-06-06T19:07:52.220+0000][431.844s][debug][safepoint   ] Safepoint synchronization initiated using futex wait barrier. (170 threads)
[2025-06-06T19:07:52.222+0000][431.846s][info ][safepoint   ] Safepoint "Cleanup", Time since last: 1001898876 ns, Reaching safepoint: 965125 ns, Cleanup: 175208 ns, At safepoint: 10083 ns, Total: 1150416 ns
[2025-06-06T19:07:56.204+0000][435.828s][debug][safepoint   ] Safepoint synchronization initiated using futex wait barrier. (170 threads)
[2025-06-06T19:07:56.205+0000][435.829s][info ][gc,start    ] GC(82) Pause Young (Mixed) (G1 Evacuation Pause)
[2025-06-06T19:07:56.205+0000][435.829s][info ][gc,task     ] GC(82) Using 2 workers of 2 for evacuation
[2025-06-06T19:07:56.231+0000][435.855s][info ][gc,phases   ] GC(82)   Pre Evacuate Collection Set: 0.8ms
[2025-06-06T19:07:56.231+0000][435.855s][info ][gc,phases   ] GC(82)   Merge Heap Roots: 1.2ms
[2025-06-06T19:07:56.231+0000][435.855s][info ][gc,phases   ] GC(82)   Evacuate Collection Set: 21.4ms
[2025-06-06T19:07:56.231+0000][435.855s][info ][gc,phases   ] GC(82)   Post Evacuate Collection Set: 1.6ms
[2025-06-06T19:07:56.231+0000][435.855s][info ][gc,phases   ] GC(82)   Other: 0.9ms
[2025-06-06T19:07:56.231+0000][435.855s][info ][gc,heap     ] GC(82) Eden regions: 18->0(213)
[2025-06-06T19:07:56.231+0000][435.855s][info ][gc,heap     ] GC(82) Survivor regions: 2->2(3)
[2025-06-06T19:07:56.232+0000][435.856s][info ][gc,heap     ] GC(82) Old regions: 148->144
[2025-06-06T19:07:56.232+0000][435.856s][info ][gc,heap     ] GC(82) Archive regions: 2->2
[2025-06-06T19:07:56.232+0000][435.856s][info ][gc,heap     ] GC(82) Humongous regions: 0->0
[2025-06-06T19:07:56.232+0000][435.856s][info ][gc,metaspace] GC(82) Metaspace: 173476K(174784K)->173476K(174784K) NonClass: 151899K(152576K)->151899K(152576K) Class: 21576K(22208K)->21576K(22208K)
[2025-06-06T19:07:56.232+0000][435.856s][info ][gc          ] GC(82) Pause Young (Mixed) (G1 Evacuation Pause) 167M->146M(414M) 26.808ms
[2025-06-06T19:07:56.232+0000][435.856s][info ][gc,cpu      ] GC(82) User=0.05s Sys=0.00s Real=0.02s
[2025-06-06T19:07:56.233+0000][435.857s][info ][safepoint   ] Safepoint "G1CollectForAllocation", Time since last: 3981999086 ns, Reaching safepoint: 1327625 ns, Cleanup: 28875 ns, At safepoint: 27635000 ns, Total: 28991500 ns
[2025-06-06T19:07:58.235+0000][437.859s][debug][safepoint   ] Safepoint synchronization initiated using futex wait barrier. (170 threads)
[2025-06-06T19:07:58.237+0000][437.861s][info ][safepoint   ] Safepoint "Cleanup", Time since last: 2002867917 ns, Reaching safepoint: 1055584 ns, Cleanup: 142833 ns, At safepoint: 12000 ns, Total: 1210417 ns
[2025-06-06T19:07:59.237+0000][438.861s][debug][safepoint   ] Safepoint synchronization initiated using futex wait barrier. (170 threads)
[2025-06-06T19:07:59.238+0000][438.862s][info ][safepoint   ] Safepoint "Cleanup", Time since last: 1000819334 ns, Reaching safepoint: 153583 ns, Cleanup: 83542 ns, At safepoint: 6041 ns, Total: 243166 ns
[2025-06-06T19:08:03.242+0000][442.866s][debug][safepoint   ] Safepoint synchronization initiated using futex wait barrier. (170 threads)
[2025-06-06T19:08:03.242+0000][442.866s][info ][safepoint   ] Safepoint "Cleanup", Time since last: 4004030502 ns, Reaching safepoint: 653459 ns, Cleanup: 38000 ns, At safepoint: 9750 ns, Total: 701209 ns
[2025-06-06T19:08:05.245+0000][444.869s][debug][safepoint   ] Safepoint synchronization initiated using futex wait barrier. (170 threads)
[2025-06-06T19:08:05.246+0000][444.870s][info ][safepoint   ] Safepoint "Cleanup", Time since last: 2002297709 ns, Reaching safepoint: 1071000 ns, Cleanup: 86792 ns, At safepoint: 15666 ns, Total: 1173458 ns
[2025-06-06T19:08:07.249+0000][446.873s][debug][safepoint   ] Safepoint synchronization initiated using futex wait barrier. (170 threads)
[2025-06-06T19:08:07.251+0000][446.874s][info ][safepoint   ] Safepoint "Cleanup", Time since last: 2003143501 ns, Reaching safepoint: 1114583 ns, Cleanup: 144042 ns, At safepoint: 19917 ns, Total: 1278542 ns
[2025-06-06T19:08:08.252+0000][447.875s][debug][safepoint   ] Safepoint synchronization initiated using futex wait barrier. (170 threads)
[2025-06-06T19:08:08.256+0000][447.879s][info ][safepoint   ] Safepoint "Cleanup", Time since last: 1001041250 ns, Reaching safepoint: 3980333 ns, Cleanup: 91167 ns, At safepoint: 11958 ns, Total: 4083458 ns
[2025-06-06T19:08:58.724+0000][498.348s][debug][safepoint   ] Safepoint synchronization initiated using futex wait barrier. (168 threads)
[2025-06-06T19:08:58.727+0000][498.350s][info ][safepoint   ] Safepoint "Cleanup", Time since last: 50468067441 ns, Reaching safepoint: 2732417 ns, Cleanup: 61041 ns, At safepoint: 12834 ns, Total: 2806292 ns
[2025-06-06T19:09:08.740+0000][508.364s][debug][safepoint   ] Safepoint synchronization initiated using futex wait barrier. (168 threads)
[2025-06-06T19:09:08.742+0000][508.366s][info ][safepoint   ] Safepoint "Cleanup", Time since last: 10013837545 ns, Reaching safepoint: 1267417 ns, Cleanup: 220208 ns, At safepoint: 38167 ns, Total: 1525792 ns
[2025-06-06T19:09:36.790+0000][536.414s][debug][safepoint   ] Safepoint synchronization initiated using futex wait barrier. (168 threads)
[2025-06-06T19:09:36.791+0000][536.414s][info ][safepoint   ] Safepoint "Cleanup", Time since last: 28048152888 ns, Reaching safepoint: 434917 ns, Cleanup: 26250 ns, At safepoint: 7583 ns, Total: 468750 ns
[2025-06-06T19:09:53.946+0000][553.570s][debug][safepoint   ] Safepoint synchronization initiated using futex wait barrier. (167 threads)
[2025-06-06T19:09:53.949+0000][553.572s][info ][safepoint   ] Safepoint "Cleanup", Time since last: 17155320883 ns, Reaching safepoint: 2754542 ns, Cleanup: 77041 ns, At safepoint: 15167 ns, Total: 2846750 ns
[2025-06-06T19:09:56.953+0000][556.576s][debug][safepoint   ] Safepoint synchronization initiated using futex wait barrier. (167 threads)
[2025-06-06T19:09:56.954+0000][556.578s][info ][safepoint   ] Safepoint "Cleanup", Time since last: 3003934293 ns, Reaching safepoint: 1584125 ns, Cleanup: 71792 ns, At safepoint: 11708 ns, Total: 1667625 ns
[2025-06-06T19:09:58.961+0000][558.584s][debug][safepoint   ] Safepoint synchronization initiated using futex wait barrier. (167 threads)
[2025-06-06T19:09:58.962+0000][558.585s][info ][safepoint   ] Safepoint "Cleanup", Time since last: 2006278459 ns, Reaching safepoint: 1064125 ns, Cleanup: 72792 ns, At safepoint: 11667 ns, Total: 1148584 ns
[2025-06-06T19:09:59.963+0000][559.586s][debug][safepoint   ] Safepoint synchronization initiated using futex wait barrier. (167 threads)
[2025-06-06T19:09:59.964+0000][559.588s][info ][safepoint   ] Safepoint "Cleanup", Time since last: 1000939417 ns, Reaching safepoint: 1182250 ns, Cleanup: 78583 ns, At safepoint: 11792 ns, Total: 1272625 ns
[2025-06-06T19:10:02.967+0000][562.591s][debug][safepoint   ] Safepoint synchronization initiated using futex wait barrier. (167 threads)
[2025-06-06T19:10:02.973+0000][562.597s][info ][safepoint   ] Safepoint "Cleanup", Time since last: 3003270543 ns, Reaching safepoint: 5585292 ns, Cleanup: 57666 ns, At safepoint: 20250 ns, Total: 5663208 ns
[2025-06-06T19:10:04.978+0000][564.602s][debug][safepoint   ] Safepoint synchronization initiated using futex wait barrier. (167 threads)
[2025-06-06T19:10:04.980+0000][564.604s][info ][safepoint   ] Safepoint "Cleanup", Time since last: 2004904501 ns, Reaching safepoint: 1836709 ns, Cleanup: 124000 ns, At safepoint: 13000 ns, Total: 1973709 ns
[2025-06-06T19:10:07.985+0000][567.608s][debug][safepoint   ] Safepoint synchronization initiated using futex wait barrier. (167 threads)
[2025-06-06T19:10:07.986+0000][567.609s][info ][safepoint   ] Safepoint "Cleanup", Time since last: 3004738459 ns, Reaching safepoint: 1189708 ns, Cleanup: 27875 ns, At safepoint: 6708 ns, Total: 1224291 ns
[2025-06-06T19:10:08.987+0000][568.611s][debug][safepoint   ] Safepoint synchronization initiated using futex wait barrier. (167 threads)
[2025-06-06T19:10:08.988+0000][568.612s][info ][safepoint   ] Safepoint "Cleanup", Time since last: 1001143667 ns, Reaching safepoint: 1127334 ns, Cleanup: 80750 ns, At safepoint: 11041 ns, Total: 1219125 ns
[2025-06-06T19:10:09.992+0000][569.616s][debug][safepoint   ] Safepoint synchronization initiated using futex wait barrier. (167 threads)
[2025-06-06T19:10:09.994+0000][569.617s][info ][safepoint   ] Safepoint "Cleanup", Time since last: 1003987959 ns, Reaching safepoint: 1067417 ns, Cleanup: 166625 ns, At safepoint: 13667 ns, Total: 1247709 ns
[2025-06-06T19:10:30.032+0000][589.656s][debug][safepoint   ] Safepoint synchronization initiated using futex wait barrier. (167 threads)
[2025-06-06T19:10:30.036+0000][589.660s][info ][safepoint   ] Safepoint "Cleanup", Time since last: 20038486342 ns, Reaching safepoint: 3454625 ns, Cleanup: 152667 ns, At safepoint: 438000 ns, Total: 4045292 ns
[2025-06-06T19:10:40.047+0000][599.672s][debug][safepoint   ] Safepoint synchronization initiated using futex wait barrier. (167 threads)
[2025-06-06T19:10:40.049+0000][599.673s][info ][safepoint   ] Safepoint "Cleanup", Time since last: 10011975213 ns, Reaching safepoint: 1056625 ns, Cleanup: 97583 ns, At safepoint: 8709 ns, Total: 1162917 ns
[2025-06-06T19:10:49.976+0000][609.600s][debug][safepoint   ] Safepoint synchronization initiated using futex wait barrier. (167 threads)
[2025-06-06T19:10:49.978+0000][609.602s][info ][safepoint   ] Safepoint "Cleanup", Time since last: 9927300671 ns, Reaching safepoint: 1851458 ns, Cleanup: 71917 ns, At safepoint: 5542 ns, Total: 1928917 ns
[2025-06-06T19:10:59.336+0000][618.960s][debug][safepoint   ] Safepoint synchronization initiated using futex wait barrier. (166 threads)
[2025-06-06T19:10:59.337+0000][618.961s][info ][gc,start    ] GC(83) Pause Young (Concurrent Start) (G1 Evacuation Pause)
[2025-06-06T19:10:59.337+0000][618.962s][info ][gc,task     ] GC(83) Using 2 workers of 2 for evacuation
[2025-06-06T19:10:59.352+0000][618.976s][info ][gc,phases   ] GC(83)   Pre Evacuate Collection Set: 1.2ms
[2025-06-06T19:10:59.352+0000][618.977s][info ][gc,phases   ] GC(83)   Merge Heap Roots: 0.8ms
[2025-06-06T19:10:59.353+0000][618.977s][info ][gc,phases   ] GC(83)   Evacuate Collection Set: 9.6ms
[2025-06-06T19:10:59.353+0000][618.977s][info ][gc,phases   ] GC(83)   Post Evacuate Collection Set: 2.7ms
[2025-06-06T19:10:59.353+0000][618.977s][info ][gc,phases   ] GC(83)   Other: 0.6ms
[2025-06-06T19:10:59.353+0000][618.977s][info ][gc,heap     ] GC(83) Eden regions: 213->0(215)
[2025-06-06T19:10:59.353+0000][618.977s][info ][gc,heap     ] GC(83) Survivor regions: 2->2(27)
[2025-06-06T19:10:59.353+0000][618.977s][info ][gc,heap     ] GC(83) Old regions: 144->144
[2025-06-06T19:10:59.353+0000][618.977s][info ][gc,heap     ] GC(83) Archive regions: 2->2
[2025-06-06T19:10:59.353+0000][618.978s][info ][gc,heap     ] GC(83) Humongous regions: 0->0
[2025-06-06T19:10:59.354+0000][618.978s][info ][gc,metaspace] GC(83) Metaspace: 173770K(175104K)->173770K(175104K) NonClass: 152186K(152896K)->152186K(152896K) Class: 21584K(22208K)->21584K(22208K)
[2025-06-06T19:10:59.354+0000][618.978s][info ][gc          ] GC(83) Pause Young (Concurrent Start) (G1 Evacuation Pause) 359M->146M(414M) 16.414ms
[2025-06-06T19:10:59.354+0000][618.978s][info ][gc,cpu      ] GC(83) User=0.02s Sys=0.00s Real=0.01s
[2025-06-06T19:10:59.354+0000][618.978s][info ][gc          ] GC(84) Concurrent Mark Cycle
[2025-06-06T19:10:59.354+0000][618.979s][info ][gc,marking  ] GC(84) Concurrent Clear Claimed Marks
[2025-06-06T19:10:59.354+0000][618.978s][info ][safepoint   ] Safepoint "G1CollectForAllocation", Time since last: 9357737546 ns, Reaching safepoint: 1572708 ns, Cleanup: 9250 ns, At safepoint: 17110292 ns, Total: 18692250 ns
[2025-06-06T19:10:59.355+0000][618.979s][info ][gc,marking  ] GC(84) Concurrent Clear Claimed Marks 0.578ms
[2025-06-06T19:10:59.355+0000][618.979s][info ][gc,marking  ] GC(84) Concurrent Scan Root Regions
[2025-06-06T19:10:59.362+0000][618.986s][info ][gc,marking  ] GC(84) Concurrent Scan Root Regions 6.580ms
[2025-06-06T19:10:59.362+0000][618.986s][info ][gc,marking  ] GC(84) Concurrent Mark
[2025-06-06T19:10:59.362+0000][618.986s][info ][gc,marking  ] GC(84) Concurrent Mark From Roots
[2025-06-06T19:10:59.362+0000][618.986s][info ][gc,task     ] GC(84) Using 1 workers of 1 for marking
[2025-06-06T19:10:59.497+0000][619.121s][info ][gc,marking  ] GC(84) Concurrent Mark From Roots 134.698ms
[2025-06-06T19:10:59.497+0000][619.121s][info ][gc,marking  ] GC(84) Concurrent Preclean
[2025-06-06T19:10:59.497+0000][619.122s][info ][gc,marking  ] GC(84) Concurrent Preclean 0.249ms
[2025-06-06T19:10:59.498+0000][619.122s][debug][safepoint   ] Safepoint synchronization initiated using futex wait barrier. (166 threads)
[2025-06-06T19:10:59.498+0000][619.122s][info ][gc,start    ] GC(84) Pause Remark
[2025-06-06T19:10:59.506+0000][619.130s][info ][gc          ] GC(84) Pause Remark 149M->149M(414M) 8.286ms
[2025-06-06T19:10:59.506+0000][619.130s][info ][gc,cpu      ] GC(84) User=0.01s Sys=0.00s Real=0.01s
[2025-06-06T19:10:59.506+0000][619.130s][info ][safepoint   ] Safepoint "G1PauseRemark", Time since last: 143256500 ns, Reaching safepoint: 82500 ns, Cleanup: 23667 ns, At safepoint: 8574666 ns, Total: 8680833 ns
[2025-06-06T19:10:59.506+0000][619.131s][info ][gc,marking  ] GC(84) Concurrent Mark 144.240ms
[2025-06-06T19:10:59.506+0000][619.131s][info ][gc,marking  ] GC(84) Concurrent Rebuild Remembered Sets
[2025-06-06T19:10:59.597+0000][619.221s][info ][gc,marking  ] GC(84) Concurrent Rebuild Remembered Sets 90.481ms
[2025-06-06T19:10:59.597+0000][619.221s][debug][safepoint   ] Safepoint synchronization initiated using futex wait barrier. (166 threads)
[2025-06-06T19:10:59.597+0000][619.221s][info ][gc,start    ] GC(84) Pause Cleanup
[2025-06-06T19:10:59.597+0000][619.222s][info ][gc          ] GC(84) Pause Cleanup 149M->149M(414M) 0.156ms
[2025-06-06T19:10:59.597+0000][619.222s][info ][gc,cpu      ] GC(84) User=0.00s Sys=0.00s Real=0.00s
[2025-06-06T19:10:59.598+0000][619.222s][info ][safepoint   ] Safepoint "G1PauseCleanup", Time since last: 90943125 ns, Reaching safepoint: 66625 ns, Cleanup: 3917 ns, At safepoint: 280750 ns, Total: 351292 ns
[2025-06-06T19:10:59.598+0000][619.222s][info ][gc,marking  ] GC(84) Concurrent Cleanup for Next Mark
[2025-06-06T19:10:59.598+0000][619.222s][info ][gc,marking  ] GC(84) Concurrent Cleanup for Next Mark 0.317ms
[2025-06-06T19:10:59.598+0000][619.222s][info ][gc          ] GC(84) Concurrent Mark Cycle 243.916ms
[2025-06-06T19:11:08.612+0000][628.236s][debug][safepoint   ] Safepoint synchronization initiated using futex wait barrier. (166 threads)
[2025-06-06T19:11:08.614+0000][628.238s][info ][safepoint   ] Safepoint "Cleanup", Time since last: 9014121546 ns, Reaching safepoint: 2185000 ns, Cleanup: 77791 ns, At safepoint: 10417 ns, Total: 2273208 ns
[2025-06-06T19:11:09.615+0000][629.239s][debug][safepoint   ] Safepoint synchronization initiated using futex wait barrier. (166 threads)
[2025-06-06T19:11:09.616+0000][629.240s][info ][safepoint   ] Safepoint "Cleanup", Time since last: 1001356167 ns, Reaching safepoint: 995792 ns, Cleanup: 58000 ns, At safepoint: 12250 ns, Total: 1066042 ns
[2025-06-06T19:11:19.640+0000][639.264s][debug][safepoint   ] Safepoint synchronization initiated using futex wait barrier. (166 threads)
[2025-06-06T19:11:19.643+0000][639.267s][info ][safepoint   ] Safepoint "Cleanup", Time since last: 10023572338 ns, Reaching safepoint: 2427208 ns, Cleanup: 46084 ns, At safepoint: 22375 ns, Total: 2495667 ns
[2025-06-06T19:13:05.473+0000][745.097s][debug][safepoint   ] Safepoint synchronization initiated using futex wait barrier. (164 threads)
[2025-06-06T19:13:05.475+0000][745.099s][info ][safepoint   ] Safepoint "Cleanup", Time since last: 105830820298 ns, Reaching safepoint: 1729750 ns, Cleanup: 21083 ns, At safepoint: 5834 ns, Total: 1756667 ns
[2025-06-06T19:13:08.479+0000][748.102s][debug][safepoint   ] Safepoint synchronization initiated using futex wait barrier. (164 threads)
[2025-06-06T19:13:08.479+0000][748.103s][info ][safepoint   ] Safepoint "Cleanup", Time since last: 3003163334 ns, Reaching safepoint: 601333 ns, Cleanup: 43250 ns, At safepoint: 5583 ns, Total: 650166 ns
[2025-06-06T19:13:12.484+0000][752.108s][debug][safepoint   ] Safepoint synchronization initiated using futex wait barrier. (164 threads)
[2025-06-06T19:13:12.486+0000][752.109s][info ][safepoint   ] Safepoint "Cleanup", Time since last: 4004785044 ns, Reaching safepoint: 1359541 ns, Cleanup: 98000 ns, At safepoint: 18167 ns, Total: 1475708 ns
[2025-06-06T19:13:27.517+0000][767.140s][debug][safepoint   ] Safepoint synchronization initiated using futex wait barrier. (164 threads)
[2025-06-06T19:13:27.518+0000][767.141s][info ][safepoint   ] Safepoint "Cleanup", Time since last: 15031132424 ns, Reaching safepoint: 772958 ns, Cleanup: 28500 ns, At safepoint: 9292 ns, Total: 810750 ns
[2025-06-06T19:13:40.540+0000][780.163s][debug][safepoint   ] Safepoint synchronization initiated using futex wait barrier. (164 threads)
[2025-06-06T19:13:40.543+0000][780.166s][info ][safepoint   ] Safepoint "Cleanup", Time since last: 13022286089 ns, Reaching safepoint: 2445875 ns, Cleanup: 23708 ns, At safepoint: 7834 ns, Total: 2477417 ns
[2025-06-06T19:13:47.681+0000][787.304s][debug][safepoint   ] Safepoint synchronization initiated using futex wait barrier. (164 threads)
[2025-06-06T19:13:47.682+0000][787.305s][info ][safepoint   ] Safepoint "Cleanup", Time since last: 7138524878 ns, Reaching safepoint: 816042 ns, Cleanup: 23000 ns, At safepoint: 9833 ns, Total: 848875 ns
[2025-06-06T19:13:59.699+0000][799.322s][debug][safepoint   ] Safepoint synchronization initiated using futex wait barrier. (164 threads)
[2025-06-06T19:13:59.700+0000][799.323s][info ][safepoint   ] Safepoint "Cleanup", Time since last: 12017199798 ns, Reaching safepoint: 486791 ns, Cleanup: 53125 ns, At safepoint: 7917 ns, Total: 547833 ns
[2025-06-06T19:14:04.714+0000][804.337s][debug][safepoint   ] Safepoint synchronization initiated using futex wait barrier. (164 threads)
[2025-06-06T19:14:04.715+0000][804.338s][info ][safepoint   ] Safepoint "Cleanup", Time since last: 5014294794 ns, Reaching safepoint: 920542 ns, Cleanup: 36833 ns, At safepoint: 8375 ns, Total: 965750 ns
[2025-06-06T19:14:08.721+0000][808.344s][debug][safepoint   ] Safepoint synchronization initiated using futex wait barrier. (164 threads)
[2025-06-06T19:14:08.722+0000][808.345s][info ][safepoint   ] Safepoint "Cleanup", Time since last: 4005827001 ns, Reaching safepoint: 587000 ns, Cleanup: 36875 ns, At safepoint: 7833 ns, Total: 631708 ns
[2025-06-06T19:14:09.724+0000][809.347s][debug][safepoint   ] Safepoint synchronization initiated using futex wait barrier. (164 threads)
[2025-06-06T19:14:09.726+0000][809.349s][info ][safepoint   ] Safepoint "Cleanup", Time since last: 1002536542 ns, Reaching safepoint: 1512167 ns, Cleanup: 83875 ns, At safepoint: 12750 ns, Total: 1608792 ns
[2025-06-06T19:14:10.787+0000][810.410s][debug][safepoint   ] Safepoint synchronization initiated using futex wait barrier. (164 threads)
[2025-06-06T19:14:10.788+0000][810.411s][info ][gc,start    ] GC(85) Pause Young (Prepare Mixed) (G1 Evacuation Pause)
[2025-06-06T19:14:10.788+0000][810.411s][info ][gc,task     ] GC(85) Using 2 workers of 2 for evacuation
[2025-06-06T19:14:10.802+0000][810.425s][info ][gc,phases   ] GC(85)   Pre Evacuate Collection Set: 0.4ms
[2025-06-06T19:14:10.802+0000][810.425s][info ][gc,phases   ] GC(85)   Merge Heap Roots: 0.3ms
[2025-06-06T19:14:10.802+0000][810.425s][info ][gc,phases   ] GC(85)   Evacuate Collection Set: 9.7ms
[2025-06-06T19:14:10.802+0000][810.425s][info ][gc,phases   ] GC(85)   Post Evacuate Collection Set: 2.3ms
[2025-06-06T19:14:10.802+0000][810.425s][info ][gc,phases   ] GC(85)   Other: 1.1ms
[2025-06-06T19:14:10.802+0000][810.426s][info ][gc,heap     ] GC(85) Eden regions: 215->0(18)
[2025-06-06T19:14:10.803+0000][810.426s][info ][gc,heap     ] GC(85) Survivor regions: 2->2(28)
[2025-06-06T19:14:10.803+0000][810.426s][info ][gc,heap     ] GC(85) Old regions: 144->144
[2025-06-06T19:14:10.803+0000][810.426s][info ][gc,heap     ] GC(85) Archive regions: 2->2
[2025-06-06T19:14:10.803+0000][810.426s][info ][gc,heap     ] GC(85) Humongous regions: 0->0
[2025-06-06T19:14:10.803+0000][810.426s][info ][gc,metaspace] GC(85) Metaspace: 173922K(175232K)->173922K(175232K) NonClass: 152337K(153024K)->152337K(153024K) Class: 21584K(22208K)->21584K(22208K)
[2025-06-06T19:14:10.803+0000][810.426s][info ][gc          ] GC(85) Pause Young (Prepare Mixed) (G1 Evacuation Pause) 361M->146M(414M) 15.295ms
[2025-06-06T19:14:10.803+0000][810.426s][info ][gc,cpu      ] GC(85) User=0.02s Sys=0.00s Real=0.01s
[2025-06-06T19:14:10.804+0000][810.427s][info ][safepoint   ] Safepoint "G1CollectForAllocation", Time since last: 1061589667 ns, Reaching safepoint: 519084 ns, Cleanup: 12416 ns, At safepoint: 15721167 ns, Total: 16252667 ns
[2025-06-06T19:14:11.804+0000][811.427s][debug][safepoint   ] Safepoint synchronization initiated using futex wait barrier. (164 threads)
[2025-06-06T19:14:11.805+0000][811.428s][info ][safepoint   ] Safepoint "Cleanup", Time since last: 1000589542 ns, Reaching safepoint: 392833 ns, Cleanup: 30792 ns, At safepoint: 9750 ns, Total: 433375 ns
[2025-06-06T19:14:19.815+0000][819.438s][debug][safepoint   ] Safepoint synchronization initiated using futex wait barrier. (164 threads)
[2025-06-06T19:14:19.815+0000][819.438s][info ][safepoint   ] Safepoint "Cleanup", Time since last: 8009994129 ns, Reaching safepoint: 532750 ns, Cleanup: 29458 ns, At safepoint: 7709 ns, Total: 569917 ns
[2025-06-06T19:14:25.547+0000][825.170s][debug][safepoint   ] Safepoint synchronization initiated using futex wait barrier. (164 threads)
[2025-06-06T19:14:25.548+0000][825.171s][info ][gc,start    ] GC(86) Pause Young (Mixed) (G1 Evacuation Pause)
[2025-06-06T19:14:25.548+0000][825.172s][info ][gc,task     ] GC(86) Using 2 workers of 2 for evacuation
[2025-06-06T19:14:25.577+0000][825.200s][info ][gc,phases   ] GC(86)   Pre Evacuate Collection Set: 0.5ms
[2025-06-06T19:14:25.577+0000][825.200s][info ][gc,phases   ] GC(86)   Merge Heap Roots: 0.5ms
[2025-06-06T19:14:25.577+0000][825.200s][info ][gc,phases   ] GC(86)   Evacuate Collection Set: 25.3ms
[2025-06-06T19:14:25.577+0000][825.200s][info ][gc,phases   ] GC(86)   Post Evacuate Collection Set: 1.4ms
[2025-06-06T19:14:25.577+0000][825.200s][info ][gc,phases   ] GC(86)   Other: 0.7ms
[2025-06-06T19:14:25.577+0000][825.200s][info ][gc,heap     ] GC(86) Eden regions: 18->0(220)
[2025-06-06T19:14:25.577+0000][825.200s][info ][gc,heap     ] GC(86) Survivor regions: 2->1(3)
[2025-06-06T19:14:25.577+0000][825.200s][info ][gc,heap     ] GC(86) Old regions: 144->142
[2025-06-06T19:14:25.577+0000][825.200s][info ][gc,heap     ] GC(86) Archive regions: 2->2
[2025-06-06T19:14:25.577+0000][825.200s][info ][gc,heap     ] GC(86) Humongous regions: 0->0
[2025-06-06T19:14:25.577+0000][825.201s][info ][gc,metaspace] GC(86) Metaspace: 173937K(175232K)->173937K(175232K) NonClass: 152352K(153024K)->152352K(153024K) Class: 21584K(22208K)->21584K(22208K)
[2025-06-06T19:14:25.577+0000][825.201s][info ][gc          ] GC(86) Pause Young (Mixed) (G1 Evacuation Pause) 164M->143M(414M) 29.155ms
[2025-06-06T19:14:25.578+0000][825.201s][info ][gc,cpu      ] GC(86) User=0.05s Sys=0.00s Real=0.03s
[2025-06-06T19:14:25.578+0000][825.201s][info ][safepoint   ] Safepoint "G1CollectForAllocation", Time since last: 5731776711 ns, Reaching safepoint: 1201875 ns, Cleanup: 27375 ns, At safepoint: 29785458 ns, Total: 31014708 ns
[2025-06-06T19:14:26.580+0000][826.203s][debug][safepoint   ] Safepoint synchronization initiated using futex wait barrier. (164 threads)
[2025-06-06T19:14:26.581+0000][826.204s][info ][safepoint   ] Safepoint "Cleanup", Time since last: 1001592959 ns, Reaching safepoint: 1056541 ns, Cleanup: 118917 ns, At safepoint: 12042 ns, Total: 1187500 ns
[2025-06-06T19:14:49.712+0000][849.335s][debug][safepoint   ] Safepoint synchronization initiated using futex wait barrier. (164 threads)
[2025-06-06T19:14:49.713+0000][849.336s][info ][safepoint   ] Safepoint "Cleanup", Time since last: 23130771510 ns, Reaching safepoint: 954208 ns, Cleanup: 30750 ns, At safepoint: 6959 ns, Total: 991917 ns
[2025-06-06T19:15:04.739+0000][864.362s][debug][safepoint   ] Safepoint synchronization initiated using futex wait barrier. (163 threads)
[2025-06-06T19:15:04.740+0000][864.363s][info ][safepoint   ] Safepoint "Cleanup", Time since last: 15026235132 ns, Reaching safepoint: 1143083 ns, Cleanup: 56708 ns, At safepoint: 18084 ns, Total: 1217875 ns
[2025-06-06T19:15:08.744+0000][868.369s][debug][safepoint   ] Safepoint synchronization initiated using futex wait barrier. (163 threads)
[2025-06-06T19:15:08.745+0000][868.370s][info ][safepoint   ] Safepoint "Cleanup", Time since last: 4005713793 ns, Reaching safepoint: 1141583 ns, Cleanup: 91250 ns, At safepoint: 52417 ns, Total: 1285250 ns
[2025-06-06T19:15:14.760+0000][874.384s][debug][safepoint   ] Safepoint synchronization initiated using futex wait barrier. (163 threads)
[2025-06-06T19:15:14.762+0000][874.387s][info ][safepoint   ] Safepoint "Cleanup", Time since last: 6014277086 ns, Reaching safepoint: 2407083 ns, Cleanup: 31875 ns, At safepoint: 7125 ns, Total: 2446083 ns
[2025-06-06T19:15:39.806+0000][899.429s][debug][safepoint   ] Safepoint synchronization initiated using futex wait barrier. (163 threads)
[2025-06-06T19:15:39.809+0000][899.432s][info ][safepoint   ] Safepoint "Cleanup", Time since last: 25042266637 ns, Reaching safepoint: 2456000 ns, Cleanup: 59583 ns, At safepoint: 691792 ns, Total: 3207375 ns
[2025-06-06T19:16:08.862+0000][928.486s][debug][safepoint   ] Safepoint synchronization initiated using futex wait barrier. (164 threads)
[2025-06-06T19:16:08.865+0000][928.489s][info ][safepoint   ] Safepoint "Cleanup", Time since last: 29053686555 ns, Reaching safepoint: 2618292 ns, Cleanup: 154958 ns, At safepoint: 10834 ns, Total: 2784084 ns
[2025-06-06T19:16:09.867+0000][929.491s][debug][safepoint   ] Safepoint synchronization initiated using futex wait barrier. (164 threads)
[2025-06-06T19:16:09.872+0000][929.496s][info ][safepoint   ] Safepoint "Cleanup", Time since last: 1002067042 ns, Reaching safepoint: 5203708 ns, Cleanup: 83875 ns, At safepoint: 12375 ns, Total: 5299958 ns
[2025-06-06T19:16:15.881+0000][935.505s][debug][safepoint   ] Safepoint synchronization initiated using futex wait barrier. (164 threads)
[2025-06-06T19:16:15.883+0000][935.507s][info ][safepoint   ] Safepoint "Cleanup", Time since last: 6009210086 ns, Reaching safepoint: 1224167 ns, Cleanup: 90083 ns, At safepoint: 12125 ns, Total: 1326375 ns
[2025-06-06T19:16:59.773+0000][979.397s][debug][safepoint   ] Safepoint synchronization initiated using futex wait barrier. (164 threads)
[2025-06-06T19:16:59.775+0000][979.398s][info ][safepoint   ] Safepoint "Cleanup", Time since last: 43890248479 ns, Reaching safepoint: 1486083 ns, Cleanup: 33458 ns, At safepoint: 10084 ns, Total: 1529625 ns
[2025-06-06T19:17:04.784+0000][984.407s][debug][safepoint   ] Safepoint synchronization initiated using futex wait barrier. (164 threads)
[2025-06-06T19:17:04.784+0000][984.408s][info ][safepoint   ] Safepoint "Cleanup", Time since last: 5008866085 ns, Reaching safepoint: 504875 ns, Cleanup: 30334 ns, At safepoint: 8125 ns, Total: 543334 ns
[2025-06-06T19:17:08.790+0000][988.413s][debug][safepoint   ] Safepoint synchronization initiated using futex wait barrier. (164 threads)
[2025-06-06T19:17:08.790+0000][988.414s][info ][safepoint   ] Safepoint "Cleanup", Time since last: 4005329084 ns, Reaching safepoint: 534250 ns, Cleanup: 63417 ns, At safepoint: 10125 ns, Total: 607792 ns
[2025-06-06T19:17:16.806+0000][996.430s][debug][safepoint   ] Safepoint synchronization initiated using futex wait barrier. (164 threads)
[2025-06-06T19:17:16.807+0000][996.431s][info ][safepoint   ] Safepoint "Cleanup", Time since last: 8016221587 ns, Reaching safepoint: 664542 ns, Cleanup: 46541 ns, At safepoint: 10792 ns, Total: 721875 ns
[2025-06-06T19:17:39.844+0000][1019.468s][debug][safepoint   ] Safepoint synchronization initiated using futex wait barrier. (164 threads)
[2025-06-06T19:17:39.846+0000][1019.470s][info ][safepoint   ] Safepoint "Cleanup", Time since last: 23037274677 ns, Reaching safepoint: 2088458 ns, Cleanup: 28625 ns, At safepoint: 6917 ns, Total: 2124000 ns
[2025-06-06T19:17:42.406+0000][1022.030s][debug][safepoint   ] Safepoint synchronization initiated using futex wait barrier. (164 threads)
[2025-06-06T19:17:42.406+0000][1022.031s][info ][gc,start    ] GC(87) Pause Young (Concurrent Start) (G1 Evacuation Pause)
[2025-06-06T19:17:42.407+0000][1022.031s][info ][gc,task     ] GC(87) Using 2 workers of 2 for evacuation
[2025-06-06T19:17:42.413+0000][1022.037s][info ][gc,phases   ] GC(87)   Pre Evacuate Collection Set: 0.7ms
[2025-06-06T19:17:42.413+0000][1022.037s][info ][gc,phases   ] GC(87)   Merge Heap Roots: 0.4ms
[2025-06-06T19:17:42.413+0000][1022.037s][info ][gc,phases   ] GC(87)   Evacuate Collection Set: 3.7ms
[2025-06-06T19:17:42.413+0000][1022.037s][info ][gc,phases   ] GC(87)   Post Evacuate Collection Set: 1.0ms
[2025-06-06T19:17:42.413+0000][1022.037s][info ][gc,phases   ] GC(87)   Other: 0.5ms
[2025-06-06T19:17:42.413+0000][1022.037s][info ][gc,heap     ] GC(87) Eden regions: 220->0(221)
[2025-06-06T19:17:42.413+0000][1022.037s][info ][gc,heap     ] GC(87) Survivor regions: 1->1(28)
[2025-06-06T19:17:42.413+0000][1022.037s][info ][gc,heap     ] GC(87) Old regions: 142->142
[2025-06-06T19:17:42.413+0000][1022.037s][info ][gc,heap     ] GC(87) Archive regions: 2->2
[2025-06-06T19:17:42.413+0000][1022.037s][info ][gc,heap     ] GC(87) Humongous regions: 0->0
[2025-06-06T19:17:42.413+0000][1022.037s][info ][gc,metaspace] GC(87) Metaspace: 174049K(175296K)->174049K(175296K) NonClass: 152460K(153088K)->152460K(153088K) Class: 21588K(22208K)->21588K(22208K)
[2025-06-06T19:17:42.413+0000][1022.038s][info ][gc          ] GC(87) Pause Young (Concurrent Start) (G1 Evacuation Pause) 363M->143M(414M) 6.932ms
[2025-06-06T19:17:42.413+0000][1022.038s][info ][gc,cpu      ] GC(87) User=0.01s Sys=0.00s Real=0.00s
[2025-06-06T19:17:42.413+0000][1022.038s][info ][gc          ] GC(88) Concurrent Mark Cycle
[2025-06-06T19:17:42.414+0000][1022.038s][info ][gc,marking  ] GC(88) Concurrent Clear Claimed Marks
[2025-06-06T19:17:42.413+0000][1022.038s][info ][safepoint   ] Safepoint "G1CollectForAllocation", Time since last: 2559940834 ns, Reaching safepoint: 484917 ns, Cleanup: 9125 ns, At safepoint: 7143375 ns, Total: 7637417 ns
[2025-06-06T19:17:42.414+0000][1022.038s][info ][gc,marking  ] GC(88) Concurrent Clear Claimed Marks 0.196ms
[2025-06-06T19:17:42.414+0000][1022.038s][info ][gc,marking  ] GC(88) Concurrent Scan Root Regions
[2025-06-06T19:17:42.415+0000][1022.040s][info ][gc,marking  ] GC(88) Concurrent Scan Root Regions 1.583ms
[2025-06-06T19:17:42.415+0000][1022.040s][info ][gc,marking  ] GC(88) Concurrent Mark
[2025-06-06T19:17:42.416+0000][1022.040s][info ][gc,marking  ] GC(88) Concurrent Mark From Roots
[2025-06-06T19:17:42.416+0000][1022.040s][info ][gc,task     ] GC(88) Using 1 workers of 1 for marking
[2025-06-06T19:17:42.534+0000][1022.158s][info ][gc,marking  ] GC(88) Concurrent Mark From Roots 118.567ms
[2025-06-06T19:17:42.534+0000][1022.159s][info ][gc,marking  ] GC(88) Concurrent Preclean
[2025-06-06T19:17:42.536+0000][1022.160s][info ][gc,marking  ] GC(88) Concurrent Preclean 1.861ms
[2025-06-06T19:17:42.536+0000][1022.161s][debug][safepoint   ] Safepoint synchronization initiated using futex wait barrier. (164 threads)
[2025-06-06T19:17:42.537+0000][1022.161s][info ][gc,start    ] GC(88) Pause Remark
[2025-06-06T19:17:42.558+0000][1022.183s][info ][gc          ] GC(88) Pause Remark 147M->147M(414M) 21.841ms
[2025-06-06T19:17:42.559+0000][1022.183s][info ][gc,cpu      ] GC(88) User=0.04s Sys=0.00s Real=0.02s
[2025-06-06T19:17:42.559+0000][1022.183s][info ][safepoint   ] Safepoint "G1PauseRemark", Time since last: 122941042 ns, Reaching safepoint: 88708 ns, Cleanup: 21458 ns, At safepoint: 22170000 ns, Total: 22280166 ns
[2025-06-06T19:17:42.559+0000][1022.183s][info ][gc,marking  ] GC(88) Concurrent Mark 143.380ms
[2025-06-06T19:17:42.559+0000][1022.183s][info ][gc,marking  ] GC(88) Concurrent Rebuild Remembered Sets
[2025-06-06T19:17:42.647+0000][1022.272s][info ][gc,marking  ] GC(88) Concurrent Rebuild Remembered Sets 88.208ms
[2025-06-06T19:17:42.648+0000][1022.272s][debug][safepoint   ] Safepoint synchronization initiated using futex wait barrier. (164 threads)
[2025-06-06T19:17:42.648+0000][1022.272s][info ][gc,start    ] GC(88) Pause Cleanup
[2025-06-06T19:17:42.648+0000][1022.272s][info ][gc          ] GC(88) Pause Cleanup 147M->147M(414M) 0.184ms
[2025-06-06T19:17:42.648+0000][1022.272s][info ][gc,cpu      ] GC(88) User=0.00s Sys=0.00s Real=0.00s
[2025-06-06T19:17:42.648+0000][1022.272s][info ][safepoint   ] Safepoint "G1PauseCleanup", Time since last: 88839667 ns, Reaching safepoint: 71167 ns, Cleanup: 4583 ns, At safepoint: 321833 ns, Total: 397583 ns
[2025-06-06T19:17:42.648+0000][1022.272s][info ][gc,marking  ] GC(88) Concurrent Cleanup for Next Mark
[2025-06-06T19:17:42.649+0000][1022.273s][info ][gc,marking  ] GC(88) Concurrent Cleanup for Next Mark 0.672ms
[2025-06-06T19:17:42.649+0000][1022.273s][info ][gc          ] GC(88) Concurrent Mark Cycle 235.291ms
[2025-06-06T19:17:53.670+0000][1033.294s][debug][safepoint   ] Safepoint synchronization initiated using futex wait barrier. (164 threads)
[2025-06-06T19:17:53.670+0000][1033.295s][info ][safepoint   ] Safepoint "Cleanup", Time since last: 11021968172 ns, Reaching safepoint: 440542 ns, Cleanup: 29083 ns, At safepoint: 7917 ns, Total: 477542 ns
[2025-06-06T19:17:58.677+0000][1038.301s][debug][safepoint   ] Safepoint synchronization initiated using futex wait barrier. (164 threads)
[2025-06-06T19:17:58.678+0000][1038.302s][info ][safepoint   ] Safepoint "Cleanup", Time since last: 5006221419 ns, Reaching safepoint: 904292 ns, Cleanup: 24375 ns, At safepoint: 7583 ns, Total: 936250 ns
[2025-06-06T19:17:59.680+0000][1039.304s][debug][safepoint   ] Safepoint synchronization initiated using futex wait barrier. (164 threads)
[2025-06-06T19:17:59.680+0000][1039.304s][info ][safepoint   ] Safepoint "Cleanup", Time since last: 1002021167 ns, Reaching safepoint: 351292 ns, Cleanup: 23458 ns, At safepoint: 5000 ns, Total: 379750 ns
[2025-06-06T19:18:05.687+0000][1045.311s][debug][safepoint   ] Safepoint synchronization initiated using futex wait barrier. (164 threads)
[2025-06-06T19:18:05.688+0000][1045.312s][info ][safepoint   ] Safepoint "Cleanup", Time since last: 6007179211 ns, Reaching safepoint: 541334 ns, Cleanup: 33083 ns, At safepoint: 10875 ns, Total: 585292 ns
[2025-06-06T19:18:09.698+0000][1049.322s][debug][safepoint   ] Safepoint synchronization initiated using futex wait barrier. (164 threads)
[2025-06-06T19:18:09.699+0000][1049.323s][info ][safepoint   ] Safepoint "Cleanup", Time since last: 4009750127 ns, Reaching safepoint: 1146416 ns, Cleanup: 74959 ns, At safepoint: 13500 ns, Total: 1234875 ns
[2025-06-06T19:18:16.714+0000][1056.337s][debug][safepoint   ] Safepoint synchronization initiated using futex wait barrier. (164 threads)
[2025-06-06T19:18:16.716+0000][1056.339s][info ][safepoint   ] Safepoint "Cleanup", Time since last: 7014299670 ns, Reaching safepoint: 2015541 ns, Cleanup: 28875 ns, At safepoint: 7500 ns, Total: 2051916 ns
[2025-06-06T19:18:17.717+0000][1057.341s][debug][safepoint   ] Safepoint synchronization initiated using futex wait barrier. (164 threads)
[2025-06-06T19:18:17.718+0000][1057.342s][info ][safepoint   ] Safepoint "Cleanup", Time since last: 1001871543 ns, Reaching safepoint: 413458 ns, Cleanup: 39458 ns, At safepoint: 5542 ns, Total: 458458 ns
[2025-06-06T19:18:59.058+0000][1098.681s][debug][safepoint   ] Safepoint synchronization initiated using futex wait barrier. (164 threads)
[2025-06-06T19:18:59.059+0000][1098.682s][info ][safepoint   ] Safepoint "Cleanup", Time since last: 41339890977 ns, Reaching safepoint: 787417 ns, Cleanup: 22542 ns, At safepoint: 4791 ns, Total: 814750 ns
[2025-06-06T19:19:37.130+0000][1136.754s][debug][safepoint   ] Safepoint synchronization initiated using futex wait barrier. (164 threads)
[2025-06-06T19:19:37.134+0000][1136.758s][info ][safepoint   ] Safepoint "Cleanup", Time since last: 38071658601 ns, Reaching safepoint: 3842250 ns, Cleanup: 60208 ns, At safepoint: 13750 ns, Total: 3916208 ns
[2025-06-06T19:19:57.103+0000][1156.728s][debug][safepoint   ] Safepoint synchronization initiated using futex wait barrier. (164 threads)
[2025-06-06T19:19:57.106+0000][1156.730s][info ][safepoint   ] Safepoint "Cleanup", Time since last: 19969590468 ns, Reaching safepoint: 2458167 ns, Cleanup: 86208 ns, At safepoint: 10542 ns, Total: 2554917 ns
[2025-06-06T19:20:05.115+0000][1164.740s][debug][safepoint   ] Safepoint synchronization initiated using futex wait barrier. (164 threads)
[2025-06-06T19:20:05.116+0000][1164.740s][info ][safepoint   ] Safepoint "Cleanup", Time since last: 8009505878 ns, Reaching safepoint: 833709 ns, Cleanup: 35750 ns, At safepoint: 9875 ns, Total: 879334 ns
[2025-06-06T19:20:08.111+0000][1167.744s][debug][safepoint   ] Safepoint synchronization initiated using futex wait barrier. (164 threads)
[2025-06-06T19:20:08.111+0000][1167.744s][info ][safepoint   ] Safepoint "Cleanup", Time since last: 3003333875 ns, Reaching safepoint: 409625 ns, Cleanup: 66834 ns, At safepoint: 7583 ns, Total: 484042 ns
[2025-06-06T19:20:11.116+0000][1170.749s][debug][safepoint   ] Safepoint synchronization initiated using futex wait barrier. (164 threads)
[2025-06-06T19:20:11.117+0000][1170.749s][info ][safepoint   ] Safepoint "Cleanup", Time since last: 3004429251 ns, Reaching safepoint: 752167 ns, Cleanup: 22625 ns, At safepoint: 5917 ns, Total: 780709 ns
[2025-06-06T19:20:17.124+0000][1176.757s][debug][safepoint   ] Safepoint synchronization initiated using futex wait barrier. (164 threads)
[2025-06-06T19:20:17.124+0000][1176.757s][info ][safepoint   ] Safepoint "Cleanup", Time since last: 6007254419 ns, Reaching safepoint: 477250 ns, Cleanup: 60209 ns, At safepoint: 7750 ns, Total: 545209 ns
[2025-06-06T19:20:20.131+0000][1179.764s][debug][safepoint   ] Safepoint synchronization initiated using futex wait barrier. (164 threads)
[2025-06-06T19:20:20.132+0000][1179.765s][info ][safepoint   ] Safepoint "Cleanup", Time since last: 3006645168 ns, Reaching safepoint: 1106250 ns, Cleanup: 77083 ns, At safepoint: 13292 ns, Total: 1196625 ns
[2025-06-06T19:20:37.159+0000][1196.803s][debug][safepoint   ] Safepoint synchronization initiated using futex wait barrier. (164 threads)
[2025-06-06T19:20:37.159+0000][1196.803s][info ][safepoint   ] Safepoint "Cleanup", Time since last: 17037627716 ns, Reaching safepoint: 341958 ns, Cleanup: 57750 ns, At safepoint: 6958 ns, Total: 406666 ns
[2025-06-06T19:20:40.167+0000][1199.810s][debug][safepoint   ] Safepoint synchronization initiated using futex wait barrier. (164 threads)
[2025-06-06T19:20:40.167+0000][1199.811s][info ][safepoint   ] Safepoint "Cleanup", Time since last: 3007277043 ns, Reaching safepoint: 361750 ns, Cleanup: 22042 ns, At safepoint: 5750 ns, Total: 389542 ns
[2025-06-06T19:21:01.007+0000][1220.651s][debug][safepoint   ] Safepoint synchronization initiated using futex wait barrier. (164 threads)
[2025-06-06T19:21:01.010+0000][1220.654s][info ][gc,start    ] GC(89) Pause Young (Prepare Mixed) (G1 Evacuation Pause)
[2025-06-06T19:21:01.010+0000][1220.654s][info ][gc,task     ] GC(89) Using 2 workers of 2 for evacuation
[2025-06-06T19:21:01.025+0000][1220.669s][info ][gc,phases   ] GC(89)   Pre Evacuate Collection Set: 0.3ms
[2025-06-06T19:21:01.025+0000][1220.669s][info ][gc,phases   ] GC(89)   Merge Heap Roots: 0.3ms
[2025-06-06T19:21:01.025+0000][1220.669s][info ][gc,phases   ] GC(89)   Evacuate Collection Set: 12.2ms
[2025-06-06T19:21:01.025+0000][1220.669s][info ][gc,phases   ] GC(89)   Post Evacuate Collection Set: 1.9ms
[2025-06-06T19:21:01.026+0000][1220.669s][info ][gc,phases   ] GC(89)   Other: 0.5ms
[2025-06-06T19:21:01.026+0000][1220.669s][info ][gc,heap     ] GC(89) Eden regions: 221->0(19)
[2025-06-06T19:21:01.026+0000][1220.670s][info ][gc,heap     ] GC(89) Survivor regions: 1->1(28)
[2025-06-06T19:21:01.026+0000][1220.670s][info ][gc,heap     ] GC(89) Old regions: 142->142
[2025-06-06T19:21:01.026+0000][1220.670s][info ][gc,heap     ] GC(89) Archive regions: 2->2
[2025-06-06T19:21:01.026+0000][1220.670s][info ][gc,heap     ] GC(89) Humongous regions: 0->0
[2025-06-06T19:21:01.026+0000][1220.670s][info ][gc,metaspace] GC(89) Metaspace: 173037K(175360K)->173037K(175360K) NonClass: 151666K(153152K)->151666K(153152K) Class: 21371K(22208K)->21371K(22208K)
[2025-06-06T19:21:01.027+0000][1220.670s][info ][gc          ] GC(89) Pause Young (Prepare Mixed) (G1 Evacuation Pause) 364M->143M(414M) 16.561ms
[2025-06-06T19:21:01.027+0000][1220.670s][info ][gc,cpu      ] GC(89) User=0.03s Sys=0.00s Real=0.02s
[2025-06-06T19:21:01.027+0000][1220.670s][info ][safepoint   ] Safepoint "G1CollectForAllocation", Time since last: 20839854052 ns, Reaching safepoint: 2801083 ns, Cleanup: 19375 ns, At safepoint: 16984208 ns, Total: 19804666 ns
[2025-06-06T19:21:06.042+0000][1225.686s][debug][safepoint   ] Safepoint synchronization initiated using futex wait barrier. (164 threads)
[2025-06-06T19:21:06.043+0000][1225.687s][info ][safepoint   ] Safepoint "Cleanup", Time since last: 5015142794 ns, Reaching safepoint: 1031625 ns, Cleanup: 123417 ns, At safepoint: 10708 ns, Total: 1165750 ns
[2025-06-06T19:21:15.059+0000][1234.704s][debug][safepoint   ] Safepoint synchronization initiated using futex wait barrier. (164 threads)
[2025-06-06T19:21:15.061+0000][1234.706s][info ][safepoint   ] Safepoint "Cleanup", Time since last: 9017203462 ns, Reaching safepoint: 2166875 ns, Cleanup: 66542 ns, At safepoint: 42042 ns, Total: 2275459 ns
[2025-06-06T19:21:16.874+0000][1236.519s][debug][safepoint   ] Safepoint synchronization initiated using futex wait barrier. (164 threads)
[2025-06-06T19:21:16.876+0000][1236.522s][info ][gc,start    ] GC(90) Pause Young (Mixed) (G1 Evacuation Pause)
[2025-06-06T19:21:16.876+0000][1236.522s][info ][gc,task     ] GC(90) Using 2 workers of 2 for evacuation
[2025-06-06T19:21:16.911+0000][1236.556s][info ][gc,phases   ] GC(90)   Pre Evacuate Collection Set: 0.6ms
[2025-06-06T19:21:16.911+0000][1236.556s][info ][gc,phases   ] GC(90)   Merge Heap Roots: 0.8ms
[2025-06-06T19:21:16.911+0000][1236.556s][info ][gc,phases   ] GC(90)   Evacuate Collection Set: 30.9ms
[2025-06-06T19:21:16.911+0000][1236.556s][info ][gc,phases   ] GC(90)   Post Evacuate Collection Set: 1.6ms
[2025-06-06T19:21:16.911+0000][1236.556s][info ][gc,phases   ] GC(90)   Other: 0.7ms
[2025-06-06T19:21:16.911+0000][1236.556s][info ][gc,heap     ] GC(90) Eden regions: 19->0(230)
[2025-06-06T19:21:16.911+0000][1236.557s][info ][gc,heap     ] GC(90) Survivor regions: 1->1(3)
[2025-06-06T19:21:16.911+0000][1236.557s][info ][gc,heap     ] GC(90) Old regions: 142->134
[2025-06-06T19:21:16.911+0000][1236.557s][info ][gc,heap     ] GC(90) Archive regions: 2->2
[2025-06-06T19:21:16.911+0000][1236.557s][info ][gc,heap     ] GC(90) Humongous regions: 0->0
[2025-06-06T19:21:16.911+0000][1236.557s][info ][gc,metaspace] GC(90) Metaspace: 173054K(175360K)->173054K(175360K) NonClass: 151682K(153152K)->151682K(153152K) Class: 21371K(22208K)->21371K(22208K)
[2025-06-06T19:21:16.911+0000][1236.557s][info ][gc          ] GC(90) Pause Young (Mixed) (G1 Evacuation Pause) 162M->135M(414M) 35.287ms
[2025-06-06T19:21:16.911+0000][1236.557s][info ][gc,cpu      ] GC(90) User=0.06s Sys=0.00s Real=0.03s
[2025-06-06T19:21:16.912+0000][1236.557s][info ][safepoint   ] Safepoint "G1CollectForAllocation", Time since last: 1812901542 ns, Reaching safepoint: 2230375 ns, Cleanup: 19833 ns, At safepoint: 35901084 ns, Total: 38151292 ns
[2025-06-06T19:21:59.361+0000][1279.007s][debug][safepoint   ] Safepoint synchronization initiated using futex wait barrier. (164 threads)
[2025-06-06T19:21:59.362+0000][1279.008s][info ][safepoint   ] Safepoint "Cleanup", Time since last: 42450182061 ns, Reaching safepoint: 924708 ns, Cleanup: 105000 ns, At safepoint: 16083 ns, Total: 1045791 ns
[2025-06-06T19:22:05.376+0000][1285.022s][debug][safepoint   ] Safepoint synchronization initiated using futex wait barrier. (164 threads)
[2025-06-06T19:22:05.377+0000][1285.023s][info ][safepoint   ] Safepoint "Cleanup", Time since last: 6013311003 ns, Reaching safepoint: 1147542 ns, Cleanup: 127167 ns, At safepoint: 13666 ns, Total: 1288375 ns
[2025-06-06T19:22:19.408+0000][1299.054s][debug][safepoint   ] Safepoint synchronization initiated using futex wait barrier. (164 threads)
[2025-06-06T19:22:19.410+0000][1299.056s][info ][safepoint   ] Safepoint "Cleanup", Time since last: 14031304881 ns, Reaching safepoint: 1140375 ns, Cleanup: 57500 ns, At safepoint: 13000 ns, Total: 1210875 ns
[2025-06-06T19:22:57.430+0000][1337.077s][debug][safepoint   ] Safepoint synchronization initiated using futex wait barrier. (164 threads)
[2025-06-06T19:22:57.431+0000][1337.078s][info ][safepoint   ] Safepoint "Cleanup", Time since last: 38021297559 ns, Reaching safepoint: 1345292 ns, Cleanup: 59083 ns, At safepoint: 15500 ns, Total: 1419875 ns
[2025-06-06T19:23:22.473+0000][1362.119s][debug][safepoint   ] Safepoint synchronization initiated using futex wait barrier. (163 threads)
[2025-06-06T19:23:22.474+0000][1362.120s][info ][safepoint   ] Safepoint "Cleanup", Time since last: 25040451179 ns, Reaching safepoint: 1503416 ns, Cleanup: 31209 ns, At safepoint: 7250 ns, Total: 1541875 ns
[2025-06-06T19:23:47.430+0000][1387.077s][debug][safepoint   ] Safepoint synchronization initiated using futex wait barrier. (163 threads)
[2025-06-06T19:23:47.433+0000][1387.080s][info ][safepoint   ] Safepoint "Cleanup", Time since last: 24956184470 ns, Reaching safepoint: 3011041 ns, Cleanup: 74834 ns, At safepoint: 27625 ns, Total: 3113500 ns
[2025-06-06T19:23:48.435+0000][1388.082s][debug][safepoint   ] Safepoint synchronization initiated using futex wait barrier. (163 threads)
[2025-06-06T19:23:48.437+0000][1388.083s][info ][safepoint   ] Safepoint "Cleanup", Time since last: 1002424042 ns, Reaching safepoint: 1072042 ns, Cleanup: 121666 ns, At safepoint: 14084 ns, Total: 1207792 ns
[2025-06-06T19:24:05.473+0000][1405.120s][debug][safepoint   ] Safepoint synchronization initiated using futex wait barrier. (164 threads)
[2025-06-06T19:24:05.476+0000][1405.122s][info ][safepoint   ] Safepoint "Cleanup", Time since last: 17036620549 ns, Reaching safepoint: 2470167 ns, Cleanup: 89250 ns, At safepoint: 11917 ns, Total: 2571334 ns
[2025-06-06T19:24:08.481+0000][1408.127s][debug][safepoint   ] Safepoint synchronization initiated using futex wait barrier. (164 threads)
[2025-06-06T19:24:08.482+0000][1408.128s][info ][safepoint   ] Safepoint "Cleanup", Time since last: 3004495459 ns, Reaching safepoint: 1347792 ns, Cleanup: 89666 ns, At safepoint: 9917 ns, Total: 1447375 ns
[2025-06-06T19:24:23.511+0000][1423.158s][debug][safepoint   ] Safepoint synchronization initiated using futex wait barrier. (164 threads)
[2025-06-06T19:24:23.512+0000][1423.158s][info ][safepoint   ] Safepoint "Cleanup", Time since last: 15029217424 ns, Reaching safepoint: 451250 ns, Cleanup: 56542 ns, At safepoint: 8125 ns, Total: 515917 ns
[2025-06-06T19:24:43.409+0000][1443.056s][debug][safepoint   ] Safepoint synchronization initiated using futex wait barrier. (164 threads)
[2025-06-06T19:24:43.410+0000][1443.057s][info ][gc,start    ] GC(91) Pause Young (Concurrent Start) (G1 Evacuation Pause)
[2025-06-06T19:24:43.410+0000][1443.057s][info ][gc,task     ] GC(91) Using 2 workers of 2 for evacuation
[2025-06-06T19:24:43.423+0000][1443.070s][info ][gc,phases   ] GC(91)   Pre Evacuate Collection Set: 1.2ms
[2025-06-06T19:24:43.424+0000][1443.070s][info ][gc,phases   ] GC(91)   Merge Heap Roots: 0.2ms
[2025-06-06T19:24:43.424+0000][1443.071s][info ][gc,phases   ] GC(91)   Evacuate Collection Set: 6.5ms
[2025-06-06T19:24:43.424+0000][1443.071s][info ][gc,phases   ] GC(91)   Post Evacuate Collection Set: 2.6ms
[2025-06-06T19:24:43.424+0000][1443.071s][info ][gc,phases   ] GC(91)   Other: 2.7ms
[2025-06-06T19:24:43.424+0000][1443.071s][info ][gc,heap     ] GC(91) Eden regions: 230->0(231)
[2025-06-06T19:24:43.424+0000][1443.071s][info ][gc,heap     ] GC(91) Survivor regions: 1->1(29)
[2025-06-06T19:24:43.424+0000][1443.071s][info ][gc,heap     ] GC(91) Old regions: 134->134
[2025-06-06T19:24:43.425+0000][1443.071s][info ][gc,heap     ] GC(91) Archive regions: 2->2
[2025-06-06T19:24:43.425+0000][1443.071s][info ][gc,heap     ] GC(91) Humongous regions: 0->0
[2025-06-06T19:24:43.425+0000][1443.072s][info ][gc,metaspace] GC(91) Metaspace: 173098K(175360K)->173098K(175360K) NonClass: 151727K(153152K)->151727K(153152K) Class: 21371K(22208K)->21371K(22208K)
[2025-06-06T19:24:43.425+0000][1443.072s][info ][gc          ] GC(91) Pause Young (Concurrent Start) (G1 Evacuation Pause) 365M->135M(414M) 14.767ms
[2025-06-06T19:24:43.425+0000][1443.072s][info ][gc,cpu      ] GC(91) User=0.02s Sys=0.00s Real=0.02s
[2025-06-06T19:24:43.425+0000][1443.072s][info ][gc          ] GC(92) Concurrent Mark Cycle
[2025-06-06T19:24:43.426+0000][1443.072s][info ][gc,marking  ] GC(92) Concurrent Clear Claimed Marks
[2025-06-06T19:24:43.425+0000][1443.072s][info ][safepoint   ] Safepoint "G1CollectForAllocation", Time since last: 19897404383 ns, Reaching safepoint: 1140375 ns, Cleanup: 53500 ns, At safepoint: 15371709 ns, Total: 16565584 ns
[2025-06-06T19:24:43.426+0000][1443.073s][info ][gc,marking  ] GC(92) Concurrent Clear Claimed Marks 0.315ms
[2025-06-06T19:24:43.426+0000][1443.073s][info ][gc,marking  ] GC(92) Concurrent Scan Root Regions
[2025-06-06T19:24:43.430+0000][1443.077s][info ][gc,marking  ] GC(92) Concurrent Scan Root Regions 4.363ms
[2025-06-06T19:24:43.431+0000][1443.077s][info ][gc,marking  ] GC(92) Concurrent Mark
[2025-06-06T19:24:43.431+0000][1443.078s][info ][gc,marking  ] GC(92) Concurrent Mark From Roots
[2025-06-06T19:24:43.431+0000][1443.078s][info ][gc,task     ] GC(92) Using 1 workers of 1 for marking
[2025-06-06T19:24:43.558+0000][1443.205s][info ][gc,marking  ] GC(92) Concurrent Mark From Roots 127.513ms
[2025-06-06T19:24:43.558+0000][1443.205s][info ][gc,marking  ] GC(92) Concurrent Preclean
[2025-06-06T19:24:43.559+0000][1443.206s][info ][gc,marking  ] GC(92) Concurrent Preclean 0.359ms
[2025-06-06T19:24:43.559+0000][1443.206s][debug][safepoint   ] Safepoint synchronization initiated using futex wait barrier. (164 threads)
[2025-06-06T19:24:43.559+0000][1443.206s][info ][gc,start    ] GC(92) Pause Remark
[2025-06-06T19:24:43.577+0000][1443.224s][info ][gc          ] GC(92) Pause Remark 139M->139M(414M) 18.361ms
[2025-06-06T19:24:43.578+0000][1443.224s][info ][gc,cpu      ] GC(92) User=0.04s Sys=0.00s Real=0.02s
[2025-06-06T19:24:43.578+0000][1443.224s][info ][safepoint   ] Safepoint "G1PauseRemark", Time since last: 133669583 ns, Reaching safepoint: 62750 ns, Cleanup: 4667 ns, At safepoint: 18664167 ns, Total: 18731584 ns
[2025-06-06T19:24:43.578+0000][1443.225s][info ][gc,marking  ] GC(92) Concurrent Mark 147.164ms
[2025-06-06T19:24:43.578+0000][1443.225s][info ][gc,marking  ] GC(92) Concurrent Rebuild Remembered Sets
[2025-06-06T19:24:43.662+0000][1443.308s][info ][gc,marking  ] GC(92) Concurrent Rebuild Remembered Sets 83.785ms
[2025-06-06T19:24:43.662+0000][1443.309s][debug][safepoint   ] Safepoint synchronization initiated using futex wait barrier. (164 threads)
[2025-06-06T19:24:43.662+0000][1443.309s][info ][gc,start    ] GC(92) Pause Cleanup
[2025-06-06T19:24:43.662+0000][1443.309s][info ][gc          ] GC(92) Pause Cleanup 139M->139M(414M) 0.202ms
[2025-06-06T19:24:43.662+0000][1443.309s][info ][gc,cpu      ] GC(92) User=0.00s Sys=0.00s Real=0.00s
[2025-06-06T19:24:43.662+0000][1443.309s][info ][safepoint   ] Safepoint "G1PauseCleanup", Time since last: 84227791 ns, Reaching safepoint: 151959 ns, Cleanup: 3583 ns, At safepoint: 379458 ns, Total: 535000 ns
[2025-06-06T19:24:43.663+0000][1443.309s][info ][gc,marking  ] GC(92) Concurrent Cleanup for Next Mark
[2025-06-06T19:24:43.663+0000][1443.310s][info ][gc,marking  ] GC(92) Concurrent Cleanup for Next Mark 0.396ms
[2025-06-06T19:24:43.663+0000][1443.310s][info ][gc          ] GC(92) Concurrent Mark Cycle 237.841ms
[2025-06-06T19:25:08.706+0000][1468.353s][debug][safepoint   ] Safepoint synchronization initiated using futex wait barrier. (164 threads)
[2025-06-06T19:25:08.707+0000][1468.354s][info ][safepoint   ] Safepoint "Cleanup", Time since last: 25043433428 ns, Reaching safepoint: 1412834 ns, Cleanup: 67375 ns, At safepoint: 36458 ns, Total: 1516667 ns
[2025-06-06T19:25:09.709+0000][1469.355s][debug][safepoint   ] Safepoint synchronization initiated using futex wait barrier. (164 threads)
[2025-06-06T19:25:09.709+0000][1469.356s][info ][safepoint   ] Safepoint "Cleanup", Time since last: 1001241500 ns, Reaching safepoint: 235042 ns, Cleanup: 22042 ns, At safepoint: 3333 ns, Total: 260417 ns
[2025-06-06T19:25:24.733+0000][1484.379s][debug][safepoint   ] Safepoint synchronization initiated using futex wait barrier. (164 threads)
[2025-06-06T19:25:24.733+0000][1484.380s][info ][safepoint   ] Safepoint "Cleanup", Time since last: 15023664674 ns, Reaching safepoint: 425292 ns, Cleanup: 77333 ns, At safepoint: 7583 ns, Total: 510208 ns
[2025-06-06T19:26:05.483+0000][1525.130s][debug][safepoint   ] Safepoint synchronization initiated using futex wait barrier. (164 threads)
[2025-06-06T19:26:05.484+0000][1525.131s][info ][safepoint   ] Safepoint "Cleanup", Time since last: 40750282228 ns, Reaching safepoint: 790958 ns, Cleanup: 32958 ns, At safepoint: 20959 ns, Total: 844875 ns
[2025-06-06T19:26:08.488+0000][1528.135s][debug][safepoint   ] Safepoint synchronization initiated using futex wait barrier. (164 threads)
[2025-06-06T19:26:08.489+0000][1528.136s][info ][safepoint   ] Safepoint "Cleanup", Time since last: 3004082708 ns, Reaching safepoint: 443375 ns, Cleanup: 107792 ns, At safepoint: 8500 ns, Total: 559667 ns
[2025-06-06T19:26:17.502+0000][1537.149s][debug][safepoint   ] Safepoint synchronization initiated using futex wait barrier. (164 threads)
[2025-06-06T19:26:17.502+0000][1537.149s][info ][safepoint   ] Safepoint "Cleanup", Time since last: 9013029004 ns, Reaching safepoint: 431417 ns, Cleanup: 27333 ns, At safepoint: 7750 ns, Total: 466500 ns
[2025-06-06T19:26:20.507+0000][1540.154s][debug][safepoint   ] Safepoint synchronization initiated using futex wait barrier. (164 threads)
[2025-06-06T19:26:20.507+0000][1540.154s][info ][safepoint   ] Safepoint "Cleanup", Time since last: 3004707960 ns, Reaching safepoint: 394917 ns, Cleanup: 28083 ns, At safepoint: 6084 ns, Total: 429084 ns
[2025-06-06T19:26:24.513+0000][1544.160s][debug][safepoint   ] Safepoint synchronization initiated using futex wait barrier. (164 threads)
[2025-06-06T19:26:24.513+0000][1544.160s][info ][safepoint   ] Safepoint "Cleanup", Time since last: 4005681793 ns, Reaching safepoint: 432500 ns, Cleanup: 26250 ns, At safepoint: 8417 ns, Total: 467167 ns
[2025-06-06T19:26:25.516+0000][1545.163s][debug][safepoint   ] Safepoint synchronization initiated using futex wait barrier. (164 threads)
[2025-06-06T19:26:25.517+0000][1545.164s][info ][safepoint   ] Safepoint "Cleanup", Time since last: 1002497792 ns, Reaching safepoint: 1444542 ns, Cleanup: 34458 ns, At safepoint: 6542 ns, Total: 1485542 ns
[2025-06-06T19:26:29.529+0000][1549.176s][debug][safepoint   ] Safepoint synchronization initiated using futex wait barrier. (164 threads)
[2025-06-06T19:26:29.530+0000][1549.177s][info ][safepoint   ] Safepoint "Cleanup", Time since last: 4011820168 ns, Reaching safepoint: 451083 ns, Cleanup: 24417 ns, At safepoint: 6583 ns, Total: 482083 ns
[2025-06-06T19:26:56.696+0000][1576.343s][debug][safepoint   ] Safepoint synchronization initiated using futex wait barrier. (164 threads)
[2025-06-06T19:26:56.696+0000][1576.343s][info ][safepoint   ] Safepoint "Cleanup", Time since last: 27166050763 ns, Reaching safepoint: 564958 ns, Cleanup: 29292 ns, At safepoint: 8333 ns, Total: 602583 ns
[2025-06-06T19:27:00.705+0000][1580.353s][debug][safepoint   ] Safepoint synchronization initiated using futex wait barrier. (164 threads)
[2025-06-06T19:27:00.706+0000][1580.353s][info ][safepoint   ] Safepoint "Cleanup", Time since last: 4009144169 ns, Reaching safepoint: 530500 ns, Cleanup: 34792 ns, At safepoint: 8000 ns, Total: 573292 ns
[2025-06-06T19:27:05.712+0000][1585.360s][debug][safepoint   ] Safepoint synchronization initiated using futex wait barrier. (164 threads)
[2025-06-06T19:27:05.714+0000][1585.361s][info ][safepoint   ] Safepoint "Cleanup", Time since last: 5006567210 ns, Reaching safepoint: 1081167 ns, Cleanup: 28250 ns, At safepoint: 9875 ns, Total: 1119292 ns
[2025-06-06T19:27:26.746+0000][1606.394s][debug][safepoint   ] Safepoint synchronization initiated using futex wait barrier. (164 threads)
[2025-06-06T19:27:26.747+0000][1606.395s][info ][safepoint   ] Safepoint "Cleanup", Time since last: 21033017551 ns, Reaching safepoint: 833500 ns, Cleanup: 77834 ns, At safepoint: 10041 ns, Total: 921375 ns
[2025-06-06T19:28:08.762+0000][1648.410s][debug][safepoint   ] Safepoint synchronization initiated using futex wait barrier. (164 threads)
[2025-06-06T19:28:08.763+0000][1648.411s][info ][safepoint   ] Safepoint "Cleanup", Time since last: 42015352519 ns, Reaching safepoint: 992167 ns, Cleanup: 76833 ns, At safepoint: 11334 ns, Total: 1080334 ns
[2025-06-06T19:28:09.208+0000][1648.856s][debug][safepoint   ] Safepoint synchronization initiated using futex wait barrier. (164 threads)
[2025-06-06T19:28:09.210+0000][1648.858s][info ][gc,start    ] GC(93) Pause Young (Prepare Mixed) (G1 Evacuation Pause)
[2025-06-06T19:28:09.211+0000][1648.858s][info ][gc,task     ] GC(93) Using 2 workers of 2 for evacuation
[2025-06-06T19:28:09.222+0000][1648.870s][info ][gc,phases   ] GC(93)   Pre Evacuate Collection Set: 0.6ms
[2025-06-06T19:28:09.223+0000][1648.871s][info ][gc,phases   ] GC(93)   Merge Heap Roots: 0.2ms
[2025-06-06T19:28:09.223+0000][1648.871s][info ][gc,phases   ] GC(93)   Evacuate Collection Set: 8.0ms
[2025-06-06T19:28:09.223+0000][1648.871s][info ][gc,phases   ] GC(93)   Post Evacuate Collection Set: 2.7ms
[2025-06-06T19:28:09.223+0000][1648.871s][info ][gc,phases   ] GC(93)   Other: 0.7ms
[2025-06-06T19:28:09.224+0000][1648.871s][info ][gc,heap     ] GC(93) Eden regions: 231->0(19)
[2025-06-06T19:28:09.224+0000][1648.872s][info ][gc,heap     ] GC(93) Survivor regions: 1->1(29)
[2025-06-06T19:28:09.224+0000][1648.872s][info ][gc,heap     ] GC(93) Old regions: 134->134
[2025-06-06T19:28:09.224+0000][1648.872s][info ][gc,heap     ] GC(93) Archive regions: 2->2
[2025-06-06T19:28:09.224+0000][1648.872s][info ][gc,heap     ] GC(93) Humongous regions: 0->0
[2025-06-06T19:28:09.224+0000][1648.872s][info ][gc,metaspace] GC(93) Metaspace: 173164K(175360K)->173164K(175360K) NonClass: 151795K(153152K)->151795K(153152K) Class: 21368K(22208K)->21368K(22208K)
[2025-06-06T19:28:09.224+0000][1648.872s][info ][gc          ] GC(93) Pause Young (Prepare Mixed) (G1 Evacuation Pause) 366M->135M(414M) 13.729ms
[2025-06-06T19:28:09.224+0000][1648.872s][info ][gc,cpu      ] GC(93) User=0.02s Sys=0.00s Real=0.01s
[2025-06-06T19:28:09.225+0000][1648.872s][info ][safepoint   ] Safepoint "G1CollectForAllocation", Time since last: 444916500 ns, Reaching safepoint: 1974500 ns, Cleanup: 28125 ns, At safepoint: 14323750 ns, Total: 16326375 ns
[2025-06-06T19:28:25.235+0000][1664.883s][debug][safepoint   ] Safepoint synchronization initiated using futex wait barrier. (164 threads)
[2025-06-06T19:28:25.236+0000][1664.884s][info ][gc,start    ] GC(94) Pause Young (Mixed) (G1 Evacuation Pause)
[2025-06-06T19:28:25.236+0000][1664.884s][info ][gc,task     ] GC(94) Using 2 workers of 2 for evacuation
[2025-06-06T19:28:25.263+0000][1664.911s][info ][gc,phases   ] GC(94)   Pre Evacuate Collection Set: 0.6ms
[2025-06-06T19:28:25.263+0000][1664.911s][info ][gc,phases   ] GC(94)   Merge Heap Roots: 0.6ms
[2025-06-06T19:28:25.263+0000][1664.911s][info ][gc,phases   ] GC(94)   Evacuate Collection Set: 23.3ms
[2025-06-06T19:28:25.263+0000][1664.911s][info ][gc,phases   ] GC(94)   Post Evacuate Collection Set: 1.6ms
[2025-06-06T19:28:25.263+0000][1664.911s][info ][gc,phases   ] GC(94)   Other: 0.6ms
[2025-06-06T19:28:25.263+0000][1664.911s][info ][gc,heap     ] GC(94) Eden regions: 19->0(235)
[2025-06-06T19:28:25.264+0000][1664.911s][info ][gc,heap     ] GC(94) Survivor regions: 1->1(3)
[2025-06-06T19:28:25.264+0000][1664.911s][info ][gc,heap     ] GC(94) Old regions: 134->131
[2025-06-06T19:28:25.264+0000][1664.911s][info ][gc,heap     ] GC(94) Archive regions: 2->2
[2025-06-06T19:28:25.264+0000][1664.912s][info ][gc,heap     ] GC(94) Humongous regions: 0->0
[2025-06-06T19:28:25.264+0000][1664.912s][info ][gc,metaspace] GC(94) Metaspace: 173166K(175360K)->173166K(175360K) NonClass: 151797K(153152K)->151797K(153152K) Class: 21368K(22208K)->21368K(22208K)
[2025-06-06T19:28:25.264+0000][1664.912s][info ][gc          ] GC(94) Pause Young (Mixed) (G1 Evacuation Pause) 154M->132M(414M) 27.603ms
[2025-06-06T19:28:25.264+0000][1664.912s][info ][gc,cpu      ] GC(94) User=0.05s Sys=0.00s Real=0.03s
[2025-06-06T19:28:25.265+0000][1664.912s][info ][safepoint   ] Safepoint "G1CollectForAllocation", Time since last: 16010399966 ns, Reaching safepoint: 1158166 ns, Cleanup: 48334 ns, At safepoint: 28416500 ns, Total: 29623000 ns
[2025-06-06T19:28:27.270+0000][1666.918s][debug][safepoint   ] Safepoint synchronization initiated using futex wait barrier. (164 threads)
[2025-06-06T19:28:27.272+0000][1666.919s][info ][safepoint   ] Safepoint "Cleanup", Time since last: 2005872584 ns, Reaching safepoint: 1114125 ns, Cleanup: 76792 ns, At safepoint: 18333 ns, Total: 1209250 ns
[2025-06-06T19:28:28.276+0000][1667.924s][debug][safepoint   ] Safepoint synchronization initiated using futex wait barrier. (164 threads)
[2025-06-06T19:28:28.278+0000][1667.926s][info ][safepoint   ] Safepoint "Cleanup", Time since last: 1004323334 ns, Reaching safepoint: 1690833 ns, Cleanup: 78667 ns, At safepoint: 15333 ns, Total: 1784833 ns
[2025-06-06T19:28:40.293+0000][1679.942s][debug][safepoint   ] Safepoint synchronization initiated using futex wait barrier. (164 threads)
[2025-06-06T19:28:40.294+0000][1679.943s][info ][safepoint   ] Safepoint "Cleanup", Time since last: 12016102589 ns, Reaching safepoint: 1199291 ns, Cleanup: 80875 ns, At safepoint: 15250 ns, Total: 1295416 ns
[2025-06-06T19:28:54.812+0000][1694.461s][debug][safepoint   ] Safepoint synchronization initiated using futex wait barrier. (164 threads)
[2025-06-06T19:28:54.813+0000][1694.462s][info ][safepoint   ] Safepoint "Cleanup", Time since last: 14517618299 ns, Reaching safepoint: 1016875 ns, Cleanup: 77500 ns, At safepoint: 10583 ns, Total: 1104958 ns
[2025-06-06T19:28:56.815+0000][1696.463s][debug][safepoint   ] Safepoint synchronization initiated using futex wait barrier. (164 threads)
[2025-06-06T19:28:56.817+0000][1696.466s][info ][safepoint   ] Safepoint "Cleanup", Time since last: 2001700584 ns, Reaching safepoint: 2462459 ns, Cleanup: 68250 ns, At safepoint: 10416 ns, Total: 2541125 ns
[2025-06-06T19:28:58.823+0000][1698.472s][debug][safepoint   ] Safepoint synchronization initiated using futex wait barrier. (164 threads)
[2025-06-06T19:28:58.826+0000][1698.474s][info ][safepoint   ] Safepoint "Cleanup", Time since last: 2005890751 ns, Reaching safepoint: 2518042 ns, Cleanup: 86667 ns, At safepoint: 18208 ns, Total: 2622917 ns
[2025-06-06T19:29:04.835+0000][1704.483s][debug][safepoint   ] Safepoint synchronization initiated using futex wait barrier. (164 threads)
[2025-06-06T19:29:04.836+0000][1704.484s][info ][safepoint   ] Safepoint "Cleanup", Time since last: 6008991795 ns, Reaching safepoint: 851666 ns, Cleanup: 47250 ns, At safepoint: 11000 ns, Total: 909916 ns
[2025-06-06T19:29:08.842+0000][1708.491s][debug][safepoint   ] Safepoint synchronization initiated using futex wait barrier. (164 threads)
[2025-06-06T19:29:08.843+0000][1708.491s][info ][safepoint   ] Safepoint "Cleanup", Time since last: 4006160085 ns, Reaching safepoint: 598500 ns, Cleanup: 34208 ns, At safepoint: 58958 ns, Total: 691666 ns
[2025-06-06T19:30:05.941+0000][1765.590s][debug][safepoint   ] Safepoint synchronization initiated using futex wait barrier. (165 threads)
[2025-06-06T19:30:05.943+0000][1765.591s][info ][safepoint   ] Safepoint "Cleanup", Time since last: 57098356777 ns, Reaching safepoint: 1736708 ns, Cleanup: 154125 ns, At safepoint: 14292 ns, Total: 1905125 ns
[2025-06-06T19:30:08.949+0000][1768.598s][debug][safepoint   ] Safepoint synchronization initiated using futex wait barrier. (165 threads)
[2025-06-06T19:30:08.950+0000][1768.598s][info ][safepoint   ] Safepoint "Cleanup", Time since last: 3006123709 ns, Reaching safepoint: 521875 ns, Cleanup: 25291 ns, At safepoint: 6000 ns, Total: 553166 ns
[2025-06-06T19:30:15.957+0000][1775.605s][debug][safepoint   ] Safepoint synchronization initiated using futex wait barrier. (165 threads)
[2025-06-06T19:30:15.958+0000][1775.606s][info ][safepoint   ] Safepoint "Cleanup", Time since last: 7007190379 ns, Reaching safepoint: 660541 ns, Cleanup: 25084 ns, At safepoint: 6666 ns, Total: 692291 ns
[2025-06-06T19:30:16.963+0000][1776.612s][debug][safepoint   ] Safepoint synchronization initiated using futex wait barrier. (165 threads)
[2025-06-06T19:30:16.964+0000][1776.613s][info ][safepoint   ] Safepoint "Cleanup", Time since last: 1005626251 ns, Reaching safepoint: 1051291 ns, Cleanup: 76500 ns, At safepoint: 10709 ns, Total: 1138500 ns
[2025-06-06T19:30:18.967+0000][1778.616s][debug][safepoint   ] Safepoint synchronization initiated using futex wait barrier. (165 threads)
[2025-06-06T19:30:18.972+0000][1778.621s][info ][safepoint   ] Safepoint "Cleanup", Time since last: 2002950084 ns, Reaching safepoint: 4720208 ns, Cleanup: 32625 ns, At safepoint: 25042 ns, Total: 4777875 ns
[2025-06-06T19:30:20.977+0000][1780.625s][debug][safepoint   ] Safepoint synchronization initiated using futex wait barrier. (165 threads)
[2025-06-06T19:30:20.978+0000][1780.626s][info ][safepoint   ] Safepoint "Cleanup", Time since last: 2004587709 ns, Reaching safepoint: 1163750 ns, Cleanup: 67000 ns, At safepoint: 14459 ns, Total: 1245209 ns
[2025-06-06T19:30:27.990+0000][1787.638s][debug][safepoint   ] Safepoint synchronization initiated using futex wait barrier. (165 threads)
[2025-06-06T19:30:27.990+0000][1787.639s][info ][safepoint   ] Safepoint "Cleanup", Time since last: 7011710378 ns, Reaching safepoint: 791250 ns, Cleanup: 65042 ns, At safepoint: 11541 ns, Total: 867833 ns
[2025-06-06T19:30:29.994+0000][1789.643s][debug][safepoint   ] Safepoint synchronization initiated using futex wait barrier. (165 threads)
[2025-06-06T19:30:29.995+0000][1789.644s][info ][safepoint   ] Safepoint "Cleanup", Time since last: 2003559418 ns, Reaching safepoint: 1107500 ns, Cleanup: 98708 ns, At safepoint: 11375 ns, Total: 1217583 ns
[2025-06-06T19:30:36.006+0000][1795.654s][debug][safepoint   ] Safepoint synchronization initiated using futex wait barrier. (165 threads)
[2025-06-06T19:30:36.007+0000][1795.655s][info ][safepoint   ] Safepoint "Cleanup", Time since last: 6010681420 ns, Reaching safepoint: 983875 ns, Cleanup: 75208 ns, At safepoint: 10584 ns, Total: 1069667 ns
[2025-06-06T19:31:54.750+0000][1874.399s][debug][safepoint   ] Safepoint synchronization initiated using futex wait barrier. (163 threads)
[2025-06-06T19:31:54.752+0000][1874.401s][info ][gc,start    ] GC(95) Pause Young (Concurrent Start) (G1 Evacuation Pause)
[2025-06-06T19:31:54.752+0000][1874.402s][info ][gc,task     ] GC(95) Using 2 workers of 2 for evacuation
[2025-06-06T19:31:54.758+0000][1874.407s][info ][gc,phases   ] GC(95)   Pre Evacuate Collection Set: 0.4ms
[2025-06-06T19:31:54.758+0000][1874.407s][info ][gc,phases   ] GC(95)   Merge Heap Roots: 0.1ms
[2025-06-06T19:31:54.758+0000][1874.407s][info ][gc,phases   ] GC(95)   Evacuate Collection Set: 3.2ms
[2025-06-06T19:31:54.758+0000][1874.407s][info ][gc,phases   ] GC(95)   Post Evacuate Collection Set: 1.2ms
[2025-06-06T19:31:54.758+0000][1874.407s][info ][gc,phases   ] GC(95)   Other: 1.3ms
[2025-06-06T19:31:54.758+0000][1874.408s][info ][gc,heap     ] GC(95) Eden regions: 235->0(232)
[2025-06-06T19:31:54.758+0000][1874.408s][info ][gc,heap     ] GC(95) Survivor regions: 1->2(30)
[2025-06-06T19:31:54.759+0000][1874.408s][info ][gc,heap     ] GC(95) Old regions: 131->132
[2025-06-06T19:31:54.759+0000][1874.408s][info ][gc,heap     ] GC(95) Archive regions: 2->2
[2025-06-06T19:31:54.759+0000][1874.408s][info ][gc,heap     ] GC(95) Humongous regions: 0->0
[2025-06-06T19:31:54.759+0000][1874.408s][info ][gc,metaspace] GC(95) Metaspace: 173234K(175424K)->173234K(175424K) NonClass: 151864K(153216K)->151864K(153216K) Class: 21369K(22208K)->21369K(22208K)
[2025-06-06T19:31:54.759+0000][1874.408s][info ][gc          ] GC(95) Pause Young (Concurrent Start) (G1 Evacuation Pause) 367M->133M(414M) 6.929ms
[2025-06-06T19:31:54.759+0000][1874.408s][info ][gc,cpu      ] GC(95) User=0.01s Sys=0.00s Real=0.00s
[2025-06-06T19:31:54.759+0000][1874.408s][info ][safepoint   ] Safepoint "G1CollectForAllocation", Time since last: 78743945327 ns, Reaching safepoint: 1445000 ns, Cleanup: 15875 ns, At safepoint: 7181166 ns, Total: 8642041 ns
[2025-06-06T19:31:54.759+0000][1874.408s][info ][gc          ] GC(96) Concurrent Mark Cycle
[2025-06-06T19:31:54.759+0000][1874.408s][info ][gc,marking  ] GC(96) Concurrent Clear Claimed Marks
[2025-06-06T19:31:54.760+0000][1874.409s][info ][gc,marking  ] GC(96) Concurrent Clear Claimed Marks 0.383ms
[2025-06-06T19:31:54.760+0000][1874.409s][info ][gc,marking  ] GC(96) Concurrent Scan Root Regions
[2025-06-06T19:31:54.764+0000][1874.413s][info ][gc,marking  ] GC(96) Concurrent Scan Root Regions 4.005ms
[2025-06-06T19:31:54.764+0000][1874.413s][info ][gc,marking  ] GC(96) Concurrent Mark
[2025-06-06T19:31:54.764+0000][1874.413s][info ][gc,marking  ] GC(96) Concurrent Mark From Roots
[2025-06-06T19:31:54.764+0000][1874.413s][info ][gc,task     ] GC(96) Using 1 workers of 1 for marking
[2025-06-06T19:31:54.886+0000][1874.535s][info ][gc,marking  ] GC(96) Concurrent Mark From Roots 122.172ms
[2025-06-06T19:31:54.886+0000][1874.536s][info ][gc,marking  ] GC(96) Concurrent Preclean
[2025-06-06T19:31:54.887+0000][1874.536s][info ][gc,marking  ] GC(96) Concurrent Preclean 0.312ms
[2025-06-06T19:31:54.887+0000][1874.536s][debug][safepoint   ] Safepoint synchronization initiated using futex wait barrier. (163 threads)
[2025-06-06T19:31:54.887+0000][1874.536s][info ][gc,start    ] GC(96) Pause Remark
[2025-06-06T19:31:54.896+0000][1874.546s][info ][gc          ] GC(96) Pause Remark 138M->138M(414M) 9.464ms
[2025-06-06T19:31:54.897+0000][1874.546s][info ][gc,cpu      ] GC(96) User=0.02s Sys=0.00s Real=0.01s
[2025-06-06T19:31:54.897+0000][1874.546s][info ][safepoint   ] Safepoint "G1PauseRemark", Time since last: 127865667 ns, Reaching safepoint: 81750 ns, Cleanup: 16209 ns, At safepoint: 9809375 ns, Total: 9907334 ns
[2025-06-06T19:31:54.897+0000][1874.546s][info ][gc,marking  ] GC(96) Concurrent Mark 132.900ms
[2025-06-06T19:31:54.897+0000][1874.546s][info ][gc,marking  ] GC(96) Concurrent Rebuild Remembered Sets
[2025-06-06T19:31:54.985+0000][1874.634s][info ][gc,marking  ] GC(96) Concurrent Rebuild Remembered Sets 88.203ms
[2025-06-06T19:31:54.985+0000][1874.635s][debug][safepoint   ] Safepoint synchronization initiated using futex wait barrier. (163 threads)
[2025-06-06T19:31:54.986+0000][1874.635s][info ][gc,start    ] GC(96) Pause Cleanup
[2025-06-06T19:31:54.986+0000][1874.635s][info ][gc          ] GC(96) Pause Cleanup 138M->138M(414M) 0.190ms
[2025-06-06T19:31:54.986+0000][1874.635s][info ][gc,cpu      ] GC(96) User=0.00s Sys=0.00s Real=0.00s
[2025-06-06T19:31:54.986+0000][1874.635s][info ][safepoint   ] Safepoint "G1PauseCleanup", Time since last: 88687875 ns, Reaching safepoint: 76291 ns, Cleanup: 4709 ns, At safepoint: 355625 ns, Total: 436625 ns
[2025-06-06T19:31:54.986+0000][1874.635s][info ][gc,marking  ] GC(96) Concurrent Cleanup for Next Mark
[2025-06-06T19:31:54.987+0000][1874.636s][info ][gc,marking  ] GC(96) Concurrent Cleanup for Next Mark 0.653ms
[2025-06-06T19:31:54.987+0000][1874.636s][info ][gc          ] GC(96) Concurrent Mark Cycle 227.699ms
[2025-06-06T19:31:58.997+0000][1878.646s][debug][safepoint   ] Safepoint synchronization initiated using futex wait barrier. (163 threads)
[2025-06-06T19:31:58.997+0000][1878.646s][info ][safepoint   ] Safepoint "Cleanup", Time since last: 4010926043 ns, Reaching safepoint: 419500 ns, Cleanup: 32500 ns, At safepoint: 6750 ns, Total: 458750 ns
[2025-06-06T19:32:09.016+0000][1888.665s][debug][safepoint   ] Safepoint synchronization initiated using futex wait barrier. (163 threads)
[2025-06-06T19:32:09.018+0000][1888.667s][info ][safepoint   ] Safepoint "Cleanup", Time since last: 10018940671 ns, Reaching safepoint: 1692666 ns, Cleanup: 72167 ns, At safepoint: 24667 ns, Total: 1789500 ns
[2025-06-06T19:33:01.051+0000][1940.700s][debug][safepoint   ] Safepoint synchronization initiated using futex wait barrier. (163 threads)
[2025-06-06T19:33:01.053+0000][1940.703s][info ][safepoint   ] Safepoint "Cleanup", Time since last: 52032893565 ns, Reaching safepoint: 2680709 ns, Cleanup: 31041 ns, At safepoint: 7417 ns, Total: 2719167 ns
[2025-06-06T19:33:33.109+0000][1972.759s][debug][safepoint   ] Safepoint synchronization initiated using futex wait barrier. (163 threads)
[2025-06-06T19:33:33.110+0000][1972.759s][info ][safepoint   ] Safepoint "Cleanup", Time since last: 32055948723 ns, Reaching safepoint: 493958 ns, Cleanup: 68250 ns, At safepoint: 8167 ns, Total: 570375 ns
[2025-06-06T19:34:09.091+0000][2008.741s][debug][safepoint   ] Safepoint synchronization initiated using futex wait barrier. (164 threads)
[2025-06-06T19:34:09.094+0000][2008.744s][info ][safepoint   ] Safepoint "Cleanup", Time since last: 35981873516 ns, Reaching safepoint: 2770125 ns, Cleanup: 78333 ns, At safepoint: 17417 ns, Total: 2865875 ns
[2025-06-06T19:34:34.144+0000][2033.795s][debug][safepoint   ] Safepoint synchronization initiated using futex wait barrier. (164 threads)
[2025-06-06T19:34:34.146+0000][2033.796s][info ][safepoint   ] Safepoint "Cleanup", Time since last: 25050761553 ns, Reaching safepoint: 1512667 ns, Cleanup: 32792 ns, At safepoint: 10125 ns, Total: 1555584 ns
[2025-06-06T19:35:22.841+0000][2082.491s][debug][safepoint   ] Safepoint synchronization initiated using futex wait barrier. (164 threads)
[2025-06-06T19:35:22.842+0000][2082.492s][info ][gc,start    ] GC(97) Pause Young (Prepare Mixed) (G1 Evacuation Pause)
[2025-06-06T19:35:22.843+0000][2082.493s][info ][gc,task     ] GC(97) Using 2 workers of 2 for evacuation
[2025-06-06T19:35:22.852+0000][2082.502s][info ][gc,phases   ] GC(97)   Pre Evacuate Collection Set: 0.7ms
[2025-06-06T19:35:22.852+0000][2082.502s][info ][gc,phases   ] GC(97)   Merge Heap Roots: 0.3ms
[2025-06-06T19:35:22.852+0000][2082.502s][info ][gc,phases   ] GC(97)   Evacuate Collection Set: 5.3ms
[2025-06-06T19:35:22.852+0000][2082.502s][info ][gc,phases   ] GC(97)   Post Evacuate Collection Set: 2.0ms
[2025-06-06T19:35:22.852+0000][2082.502s][info ][gc,phases   ] GC(97)   Other: 1.1ms
[2025-06-06T19:35:22.852+0000][2082.502s][info ][gc,heap     ] GC(97) Eden regions: 232->0(18)
[2025-06-06T19:35:22.852+0000][2082.502s][info ][gc,heap     ] GC(97) Survivor regions: 2->2(30)
[2025-06-06T19:35:22.852+0000][2082.502s][info ][gc,heap     ] GC(97) Old regions: 132->132
[2025-06-06T19:35:22.852+0000][2082.502s][info ][gc,heap     ] GC(97) Archive regions: 2->2
[2025-06-06T19:35:22.852+0000][2082.502s][info ][gc,heap     ] GC(97) Humongous regions: 0->0
[2025-06-06T19:35:22.852+0000][2082.502s][info ][gc,metaspace] GC(97) Metaspace: 173280K(175424K)->173280K(175424K) NonClass: 151911K(153216K)->151911K(153216K) Class: 21369K(22208K)->21369K(22208K)
[2025-06-06T19:35:22.852+0000][2082.502s][info ][gc          ] GC(97) Pause Young (Prepare Mixed) (G1 Evacuation Pause) 365M->133M(414M) 9.995ms
[2025-06-06T19:35:22.852+0000][2082.503s][info ][gc,cpu      ] GC(97) User=0.01s Sys=0.00s Real=0.01s
[2025-06-06T19:35:22.852+0000][2082.503s][info ][safepoint   ] Safepoint "G1CollectForAllocation", Time since last: 48694483439 ns, Reaching safepoint: 1596166 ns, Cleanup: 11417 ns, At safepoint: 10274500 ns, Total: 11882083 ns
[2025-06-06T19:35:34.867+0000][2094.518s][debug][safepoint   ] Safepoint synchronization initiated using futex wait barrier. (164 threads)
[2025-06-06T19:35:34.868+0000][2094.519s][info ][safepoint   ] Safepoint "Cleanup", Time since last: 12014881589 ns, Reaching safepoint: 955958 ns, Cleanup: 32334 ns, At safepoint: 7958 ns, Total: 996250 ns
[2025-06-06T19:35:37.652+0000][2097.302s][debug][safepoint   ] Safepoint synchronization initiated using futex wait barrier. (164 threads)
[2025-06-06T19:35:37.652+0000][2097.303s][info ][gc,start    ] GC(98) Pause Young (Mixed) (G1 Evacuation Pause)
[2025-06-06T19:35:37.653+0000][2097.303s][info ][gc,task     ] GC(98) Using 2 workers of 2 for evacuation
[2025-06-06T19:35:37.679+0000][2097.329s][info ][gc,phases   ] GC(98)   Pre Evacuate Collection Set: 0.2ms
[2025-06-06T19:35:37.679+0000][2097.329s][info ][gc,phases   ] GC(98)   Merge Heap Roots: 0.6ms
[2025-06-06T19:35:37.679+0000][2097.329s][info ][gc,phases   ] GC(98)   Evacuate Collection Set: 23.4ms
[2025-06-06T19:35:37.679+0000][2097.330s][info ][gc,phases   ] GC(98)   Post Evacuate Collection Set: 1.4ms
[2025-06-06T19:35:37.679+0000][2097.330s][info ][gc,phases   ] GC(98)   Other: 0.6ms
[2025-06-06T19:35:37.679+0000][2097.330s][info ][gc,heap     ] GC(98) Eden regions: 18->0(235)
[2025-06-06T19:35:37.679+0000][2097.330s][info ][gc,heap     ] GC(98) Survivor regions: 2->2(3)
[2025-06-06T19:35:37.679+0000][2097.330s][info ][gc,heap     ] GC(98) Old regions: 132->130
[2025-06-06T19:35:37.679+0000][2097.330s][info ][gc,heap     ] GC(98) Archive regions: 2->2
[2025-06-06T19:35:37.679+0000][2097.330s][info ][gc,heap     ] GC(98) Humongous regions: 0->0
[2025-06-06T19:35:37.679+0000][2097.330s][info ][gc,metaspace] GC(98) Metaspace: 173280K(175424K)->173280K(175424K) NonClass: 151911K(153216K)->151911K(153216K) Class: 21369K(22208K)->21369K(22208K)
[2025-06-06T19:35:37.679+0000][2097.330s][info ][gc          ] GC(98) Pause Young (Mixed) (G1 Evacuation Pause) 151M->131M(414M) 26.888ms
[2025-06-06T19:35:37.679+0000][2097.330s][info ][gc,cpu      ] GC(98) User=0.05s Sys=0.00s Real=0.03s
[2025-06-06T19:35:37.680+0000][2097.330s][info ][safepoint   ] Safepoint "G1CollectForAllocation", Time since last: 2783885334 ns, Reaching safepoint: 603500 ns, Cleanup: 8625 ns, At safepoint: 27378459 ns, Total: 27990584 ns
[2025-06-06T19:36:07.348+0000][2126.999s][debug][safepoint   ] Safepoint synchronization initiated using futex wait barrier. (164 threads)
[2025-06-06T19:36:07.349+0000][2126.999s][info ][safepoint   ] Safepoint "Cleanup", Time since last: 29668264555 ns, Reaching safepoint: 477334 ns, Cleanup: 21500 ns, At safepoint: 5708 ns, Total: 504542 ns
[2025-06-06T19:36:27.385+0000][2147.035s][debug][safepoint   ] Safepoint synchronization initiated using futex wait barrier. (164 threads)
[2025-06-06T19:36:27.385+0000][2147.036s][info ][safepoint   ] Safepoint "Cleanup", Time since last: 20035915884 ns, Reaching safepoint: 526625 ns, Cleanup: 24542 ns, At safepoint: 7750 ns, Total: 558917 ns
[2025-06-06T19:37:27.623+0000][2207.274s][debug][safepoint   ] Safepoint synchronization initiated using futex wait barrier. (164 threads)
[2025-06-06T19:37:27.624+0000][2207.275s][info ][safepoint   ] Safepoint "Cleanup", Time since last: 60238171777 ns, Reaching safepoint: 1643292 ns, Cleanup: 29166 ns, At safepoint: 7834 ns, Total: 1680292 ns
[2025-06-06T19:37:30.627+0000][2210.278s][debug][safepoint   ] Safepoint synchronization initiated using futex wait barrier. (164 threads)
[2025-06-06T19:37:30.627+0000][2210.278s][info ][safepoint   ] Safepoint "Cleanup", Time since last: 3002186918 ns, Reaching safepoint: 522917 ns, Cleanup: 21291 ns, At safepoint: 6084 ns, Total: 550292 ns
[2025-06-06T19:37:47.562+0000][2227.214s][debug][safepoint   ] Safepoint synchronization initiated using futex wait barrier. (164 threads)
[2025-06-06T19:37:47.564+0000][2227.216s][info ][safepoint   ] Safepoint "Cleanup", Time since last: 16935543299 ns, Reaching safepoint: 1945708 ns, Cleanup: 55292 ns, At safepoint: 20166 ns, Total: 2021166 ns
[2025-06-06T19:37:57.587+0000][2237.239s][debug][safepoint   ] Safepoint synchronization initiated using futex wait barrier. (164 threads)
[2025-06-06T19:37:57.588+0000][2237.240s][info ][safepoint   ] Safepoint "Cleanup", Time since last: 10023511047 ns, Reaching safepoint: 353875 ns, Cleanup: 22625 ns, At safepoint: 5958 ns, Total: 382458 ns
[2025-06-06T19:37:58.589+0000][2238.241s][debug][safepoint   ] Safepoint synchronization initiated using futex wait barrier. (164 threads)
[2025-06-06T19:37:58.590+0000][2238.241s][info ][safepoint   ] Safepoint "Cleanup", Time since last: 1001181334 ns, Reaching safepoint: 466792 ns, Cleanup: 28666 ns, At safepoint: 6584 ns, Total: 502042 ns
[2025-06-06T19:38:05.600+0000][2245.252s][debug][safepoint   ] Safepoint synchronization initiated using futex wait barrier. (164 threads)
[2025-06-06T19:38:05.601+0000][2245.252s][info ][safepoint   ] Safepoint "Cleanup", Time since last: 7010632586 ns, Reaching safepoint: 368459 ns, Cleanup: 34666 ns, At safepoint: 5167 ns, Total: 408292 ns
[2025-06-06T19:38:07.606+0000][2247.258s][debug][safepoint   ] Safepoint synchronization initiated using futex wait barrier. (164 threads)
[2025-06-06T19:38:07.607+0000][2247.258s][info ][safepoint   ] Safepoint "Cleanup", Time since last: 2005438375 ns, Reaching safepoint: 449625 ns, Cleanup: 23084 ns, At safepoint: 7458 ns, Total: 480167 ns
[2025-06-06T19:38:08.611+0000][2248.262s][debug][safepoint   ] Safepoint synchronization initiated using futex wait barrier. (164 threads)
[2025-06-06T19:38:08.612+0000][2248.263s][info ][safepoint   ] Safepoint "Cleanup", Time since last: 1004165042 ns, Reaching safepoint: 429833 ns, Cleanup: 37792 ns, At safepoint: 8958 ns, Total: 476583 ns
[2025-06-06T19:38:57.587+0000][2297.239s][debug][safepoint   ] Safepoint synchronization initiated using futex wait barrier. (164 threads)
[2025-06-06T19:38:57.587+0000][2297.239s][info ][safepoint   ] Safepoint "Cleanup", Time since last: 48975554523 ns, Reaching safepoint: 520625 ns, Cleanup: 42875 ns, At safepoint: 9250 ns, Total: 572750 ns
[2025-06-06T19:39:07.236+0000][2306.887s][debug][safepoint   ] Safepoint synchronization initiated using futex wait barrier. (164 threads)
[2025-06-06T19:39:07.236+0000][2306.888s][info ][gc,start    ] GC(99) Pause Young (Concurrent Start) (G1 Evacuation Pause)
[2025-06-06T19:39:07.236+0000][2306.888s][info ][gc,task     ] GC(99) Using 2 workers of 2 for evacuation
[2025-06-06T19:39:07.246+0000][2306.898s][info ][gc,phases   ] GC(99)   Pre Evacuate Collection Set: 0.6ms
[2025-06-06T19:39:07.246+0000][2306.898s][info ][gc,phases   ] GC(99)   Merge Heap Roots: 0.1ms
[2025-06-06T19:39:07.246+0000][2306.898s][info ][gc,phases   ] GC(99)   Evacuate Collection Set: 5.9ms
[2025-06-06T19:39:07.247+0000][2306.898s][info ][gc,phases   ] GC(99)   Post Evacuate Collection Set: 2.7ms
[2025-06-06T19:39:07.247+0000][2306.898s][info ][gc,phases   ] GC(99)   Other: 0.5ms
[2025-06-06T19:39:07.247+0000][2306.898s][info ][gc,heap     ] GC(99) Eden regions: 235->0(235)
[2025-06-06T19:39:07.247+0000][2306.899s][info ][gc,heap     ] GC(99) Survivor regions: 2->2(30)
[2025-06-06T19:39:07.247+0000][2306.899s][info ][gc,heap     ] GC(99) Old regions: 130->130
[2025-06-06T19:39:07.247+0000][2306.899s][info ][gc,heap     ] GC(99) Archive regions: 2->2
[2025-06-06T19:39:07.247+0000][2306.899s][info ][gc,heap     ] GC(99) Humongous regions: 0->0
[2025-06-06T19:39:07.247+0000][2306.899s][info ][gc,metaspace] GC(99) Metaspace: 173390K(175424K)->173390K(175424K) NonClass: 152020K(153216K)->152020K(153216K) Class: 21369K(22208K)->21369K(22208K)
[2025-06-06T19:39:07.247+0000][2306.899s][info ][gc          ] GC(99) Pause Young (Concurrent Start) (G1 Evacuation Pause) 366M->131M(414M) 11.275ms
[2025-06-06T19:39:07.248+0000][2306.899s][info ][gc,cpu      ] GC(99) User=0.02s Sys=0.00s Real=0.02s
[2025-06-06T19:39:07.248+0000][2306.900s][info ][gc          ] GC(100) Concurrent Mark Cycle
[2025-06-06T19:39:07.248+0000][2306.900s][info ][gc,marking  ] GC(100) Concurrent Clear Claimed Marks
[2025-06-06T19:39:07.248+0000][2306.900s][info ][safepoint   ] Safepoint "G1CollectForAllocation", Time since last: 9648329213 ns, Reaching safepoint: 379458 ns, Cleanup: 27459 ns, At safepoint: 11915500 ns, Total: 12322417 ns
[2025-06-06T19:39:07.248+0000][2306.900s][info ][gc,marking  ] GC(100) Concurrent Clear Claimed Marks 0.247ms
[2025-06-06T19:39:07.249+0000][2306.900s][info ][gc,marking  ] GC(100) Concurrent Scan Root Regions
[2025-06-06T19:39:07.254+0000][2306.906s][info ][gc,marking  ] GC(100) Concurrent Scan Root Regions 5.584ms
[2025-06-06T19:39:07.254+0000][2306.906s][info ][gc,marking  ] GC(100) Concurrent Mark
[2025-06-06T19:39:07.255+0000][2306.906s][info ][gc,marking  ] GC(100) Concurrent Mark From Roots
[2025-06-06T19:39:07.255+0000][2306.906s][info ][gc,task     ] GC(100) Using 1 workers of 1 for marking
[2025-06-06T19:39:07.390+0000][2307.041s][info ][gc,marking  ] GC(100) Concurrent Mark From Roots 134.689ms
[2025-06-06T19:39:07.390+0000][2307.041s][info ][gc,marking  ] GC(100) Concurrent Preclean
[2025-06-06T19:39:07.390+0000][2307.041s][info ][gc,marking  ] GC(100) Concurrent Preclean 0.273ms
[2025-06-06T19:39:07.390+0000][2307.042s][debug][safepoint   ] Safepoint synchronization initiated using futex wait barrier. (164 threads)
[2025-06-06T19:39:07.390+0000][2307.042s][info ][gc,start    ] GC(100) Pause Remark
[2025-06-06T19:39:07.406+0000][2307.057s][info ][gc          ] GC(100) Pause Remark 136M->136M(414M) 15.294ms
[2025-06-06T19:39:07.406+0000][2307.057s][info ][gc,cpu      ] GC(100) User=0.03s Sys=0.00s Real=0.01s
[2025-06-06T19:39:07.406+0000][2307.057s][info ][safepoint   ] Safepoint "G1PauseRemark", Time since last: 141788833 ns, Reaching safepoint: 63458 ns, Cleanup: 4750 ns, At safepoint: 15601250 ns, Total: 15669458 ns
[2025-06-06T19:39:07.406+0000][2307.057s][info ][gc,marking  ] GC(100) Concurrent Mark 151.360ms
[2025-06-06T19:39:07.406+0000][2307.058s][info ][gc,marking  ] GC(100) Concurrent Rebuild Remembered Sets
[2025-06-06T19:39:07.488+0000][2307.139s][info ][gc,marking  ] GC(100) Concurrent Rebuild Remembered Sets 81.388ms
[2025-06-06T19:39:07.488+0000][2307.139s][debug][safepoint   ] Safepoint synchronization initiated using futex wait barrier. (164 threads)
[2025-06-06T19:39:07.488+0000][2307.139s][info ][gc,start    ] GC(100) Pause Cleanup
[2025-06-06T19:39:07.488+0000][2307.139s][info ][gc          ] GC(100) Pause Cleanup 136M->136M(414M) 0.158ms
[2025-06-06T19:39:07.488+0000][2307.139s][info ][gc,cpu      ] GC(100) User=0.00s Sys=0.00s Real=0.00s
[2025-06-06T19:39:07.488+0000][2307.140s][info ][safepoint   ] Safepoint "G1PauseCleanup", Time since last: 81927250 ns, Reaching safepoint: 73709 ns, Cleanup: 15250 ns, At safepoint: 299208 ns, Total: 388167 ns
[2025-06-06T19:39:07.488+0000][2307.140s][info ][gc,marking  ] GC(100) Concurrent Cleanup for Next Mark
[2025-06-06T19:39:07.489+0000][2307.141s][info ][gc,marking  ] GC(100) Concurrent Cleanup for Next Mark 1.208ms
[2025-06-06T19:39:07.490+0000][2307.141s][info ][gc          ] GC(100) Concurrent Mark Cycle 241.340ms
[2025-06-06T19:39:27.524+0000][2327.175s][debug][safepoint   ] Safepoint synchronization initiated using futex wait barrier. (164 threads)
[2025-06-06T19:39:27.525+0000][2327.176s][info ][safepoint   ] Safepoint "Cleanup", Time since last: 20035397426 ns, Reaching safepoint: 924208 ns, Cleanup: 53750 ns, At safepoint: 16625 ns, Total: 994583 ns
[2025-06-06T19:40:05.659+0000][2365.311s][debug][safepoint   ] Safepoint synchronization initiated using futex wait barrier. (164 threads)
[2025-06-06T19:40:05.661+0000][2365.313s][info ][safepoint   ] Safepoint "Cleanup", Time since last: 38135084268 ns, Reaching safepoint: 2085792 ns, Cleanup: 190792 ns, At safepoint: 9458 ns, Total: 2286042 ns
[2025-06-06T19:40:40.714+0000][2400.367s][debug][safepoint   ] Safepoint synchronization initiated using futex wait barrier. (164 threads)
[2025-06-06T19:40:40.716+0000][2400.369s][info ][safepoint   ] Safepoint "Cleanup", Time since last: 35053262599 ns, Reaching safepoint: 2194750 ns, Cleanup: 131541 ns, At safepoint: 10625 ns, Total: 2336916 ns
[2025-06-06T19:40:47.726+0000][2407.379s][debug][safepoint   ] Safepoint synchronization initiated using futex wait barrier. (164 threads)
[2025-06-06T19:40:47.727+0000][2407.380s][info ][safepoint   ] Safepoint "Cleanup", Time since last: 7010040420 ns, Reaching safepoint: 1326500 ns, Cleanup: 91125 ns, At safepoint: 28834 ns, Total: 1446459 ns
[2025-06-06T19:41:05.757+0000][2425.410s][debug][safepoint   ] Safepoint synchronization initiated using futex wait barrier. (163 threads)
[2025-06-06T19:41:05.758+0000][2425.411s][info ][safepoint   ] Safepoint "Cleanup", Time since last: 18029772425 ns, Reaching safepoint: 1190917 ns, Cleanup: 80041 ns, At safepoint: 12375 ns, Total: 1283333 ns
